warning: /Users/bradyjeong/Documents/Projects/Amp/gta4/gta_game/Cargo.toml: unused manifest key: workspace.features
   Compiling proc-macro2 v1.0.95
   Compiling unicode-ident v1.0.18
   Compiling serde v1.0.219
   Compiling autocfg v1.4.0
   Compiling libc v0.2.172
    Checking cfg-if v1.0.0
   Compiling libm v0.2.15
   Compiling crossbeam-utils v0.8.21
    Checking once_cell v1.21.3
   Compiling zerocopy v0.8.25
   Compiling cfg_aliases v0.2.1
   Compiling parking_lot_core v0.9.11
    Checking foldhash v0.1.5
    Checking equivalent v1.0.2
{"reason":"compiler-artifact","package_id":"registry+https://github.com/rust-lang/crates.io-index#cfg-if@1.0.0","manifest_path":"/Users/bradyjeong/.cargo/registry/src/index.crates.io-1949cf8c6b5b557f/cfg-if-1.0.0/Cargo.toml","target":{"kind":["lib"],"crate_types":["lib"],"name":"cfg_if","src_path":"/Users/bradyjeong/.cargo/registry/src/index.crates.io-1949cf8c6b5b557f/cfg-if-1.0.0/src/lib.rs","edition":"2018","doc":true,"doctest":true,"test":true},"profile":{"opt_level":"0","debuginfo":2,"debug_assertions":true,"overflow_checks":true,"test":false},"features":[],"filenames":["/Users/bradyjeong/Documents/Projects/Amp/gta4/gta_game/target/debug/deps/libcfg_if-3ea039d505aa1160.rmeta"],"executable":null,"fresh":false}
    Checking allocator-api2 v0.2.21
{"reason":"compiler-artifact","package_id":"registry+https://github.com/rust-lang/crates.io-index#cfg_aliases@0.2.1","manifest_path":"/Users/bradyjeong/.cargo/registry/src/index.crates.io-1949cf8c6b5b557f/cfg_aliases-0.2.1/Cargo.toml","target":{"kind":["lib"],"crate_types":["lib"],"name":"cfg_aliases","src_path":"/Users/bradyjeong/.cargo/registry/src/index.crates.io-1949cf8c6b5b557f/cfg_aliases-0.2.1/src/lib.rs","edition":"2018","doc":true,"doctest":true,"test":true},"profile":{"opt_level":"0","debuginfo":0,"debug_assertions":true,"overflow_checks":true,"test":false},"features":[],"filenames":["/Users/bradyjeong/Documents/Projects/Amp/gta4/gta_game/target/debug/deps/libcfg_aliases-65eb1861e9bbf802.rlib","/Users/bradyjeong/Documents/Projects/Amp/gta4/gta_game/target/debug/deps/libcfg_aliases-65eb1861e9bbf802.rmeta"],"executable":null,"fresh":false}
{"reason":"compiler-artifact","package_id":"registry+https://github.com/rust-lang/crates.io-index#equivalent@1.0.2","manifest_path":"/Users/bradyjeong/.cargo/registry/src/index.crates.io-1949cf8c6b5b557f/equivalent-1.0.2/Cargo.toml","target":{"kind":["lib"],"crate_types":["lib"],"name":"equivalent","src_path":"/Users/bradyjeong/.cargo/registry/src/index.crates.io-1949cf8c6b5b557f/equivalent-1.0.2/src/lib.rs","edition":"2015","doc":true,"doctest":true,"test":true},"profile":{"opt_level":"0","debuginfo":2,"debug_assertions":true,"overflow_checks":true,"test":false},"features":[],"filenames":["/Users/bradyjeong/Documents/Projects/Amp/gta4/gta_game/target/debug/deps/libequivalent-0497d13dba3deb75.rmeta"],"executable":null,"fresh":false}
    Checking log v0.4.27
{"reason":"compiler-artifact","package_id":"registry+https://github.com/rust-lang/crates.io-index#foldhash@0.1.5","manifest_path":"/Users/bradyjeong/.cargo/registry/src/index.crates.io-1949cf8c6b5b557f/foldhash-0.1.5/Cargo.toml","target":{"kind":["lib"],"crate_types":["lib"],"name":"foldhash","src_path":"/Users/bradyjeong/.cargo/registry/src/index.crates.io-1949cf8c6b5b557f/foldhash-0.1.5/src/lib.rs","edition":"2021","doc":true,"doctest":true,"test":true},"profile":{"opt_level":"0","debuginfo":2,"debug_assertions":true,"overflow_checks":true,"test":false},"features":["std"],"filenames":["/Users/bradyjeong/Documents/Projects/Amp/gta4/gta_game/target/debug/deps/libfoldhash-d1d664908edc6a2b.rmeta"],"executable":null,"fresh":false}
{"reason":"compiler-artifact","package_id":"registry+https://github.com/rust-lang/crates.io-index#once_cell@1.21.3","manifest_path":"/Users/bradyjeong/.cargo/registry/src/index.crates.io-1949cf8c6b5b557f/once_cell-1.21.3/Cargo.toml","target":{"kind":["lib"],"crate_types":["lib"],"name":"once_cell","src_path":"/Users/bradyjeong/.cargo/registry/src/index.crates.io-1949cf8c6b5b557f/once_cell-1.21.3/src/lib.rs","edition":"2021","doc":true,"doctest":true,"test":true},"profile":{"opt_level":"0","debuginfo":2,"debug_assertions":true,"overflow_checks":true,"test":false},"features":["alloc","default","race","std"],"filenames":["/Users/bradyjeong/Documents/Projects/Amp/gta4/gta_game/target/debug/deps/libonce_cell-3841e49f26db0e12.rmeta"],"executable":null,"fresh":false}
   Compiling getrandom v0.3.3
{"reason":"compiler-artifact","package_id":"registry+https://github.com/rust-lang/crates.io-index#unicode-ident@1.0.18","manifest_path":"/Users/bradyjeong/.cargo/registry/src/index.crates.io-1949cf8c6b5b557f/unicode-ident-1.0.18/Cargo.toml","target":{"kind":["lib"],"crate_types":["lib"],"name":"unicode_ident","src_path":"/Users/bradyjeong/.cargo/registry/src/index.crates.io-1949cf8c6b5b557f/unicode-ident-1.0.18/src/lib.rs","edition":"2018","doc":true,"doctest":true,"test":true},"profile":{"opt_level":"0","debuginfo":0,"debug_assertions":true,"overflow_checks":true,"test":false},"features":[],"filenames":["/Users/bradyjeong/Documents/Projects/Amp/gta4/gta_game/target/debug/deps/libunicode_ident-c4cd5a2669b29311.rlib","/Users/bradyjeong/Documents/Projects/Amp/gta4/gta_game/target/debug/deps/libunicode_ident-c4cd5a2669b29311.rmeta"],"executable":null,"fresh":false}
    Checking pin-project-lite v0.2.16
{"reason":"compiler-artifact","package_id":"registry+https://github.com/rust-lang/crates.io-index#log@0.4.27","manifest_path":"/Users/bradyjeong/.cargo/registry/src/index.crates.io-1949cf8c6b5b557f/log-0.4.27/Cargo.toml","target":{"kind":["lib"],"crate_types":["lib"],"name":"log","src_path":"/Users/bradyjeong/.cargo/registry/src/index.crates.io-1949cf8c6b5b557f/log-0.4.27/src/lib.rs","edition":"2021","doc":true,"doctest":true,"test":true},"profile":{"opt_level":"0","debuginfo":2,"debug_assertions":true,"overflow_checks":true,"test":false},"features":["std"],"filenames":["/Users/bradyjeong/Documents/Projects/Amp/gta4/gta_game/target/debug/deps/liblog-cf0090adb534ba62.rmeta"],"executable":null,"fresh":false}
   Compiling hashbrown v0.15.3
{"reason":"compiler-artifact","package_id":"registry+https://github.com/rust-lang/crates.io-index#cfg-if@1.0.0","manifest_path":"/Users/bradyjeong/.cargo/registry/src/index.crates.io-1949cf8c6b5b557f/cfg-if-1.0.0/Cargo.toml","target":{"kind":["lib"],"crate_types":["lib"],"name":"cfg_if","src_path":"/Users/bradyjeong/.cargo/registry/src/index.crates.io-1949cf8c6b5b557f/cfg-if-1.0.0/src/lib.rs","edition":"2018","doc":true,"doctest":true,"test":true},"profile":{"opt_level":"0","debuginfo":0,"debug_assertions":true,"overflow_checks":true,"test":false},"features":[],"filenames":["/Users/bradyjeong/Documents/Projects/Amp/gta4/gta_game/target/debug/deps/libcfg_if-7a12fbb0d237a647.rlib","/Users/bradyjeong/Documents/Projects/Amp/gta4/gta_game/target/debug/deps/libcfg_if-7a12fbb0d237a647.rmeta"],"executable":null,"fresh":false}
   Compiling smallvec v1.15.0
{"reason":"compiler-artifact","package_id":"registry+https://github.com/rust-lang/crates.io-index#pin-project-lite@0.2.16","manifest_path":"/Users/bradyjeong/.cargo/registry/src/index.crates.io-1949cf8c6b5b557f/pin-project-lite-0.2.16/Cargo.toml","target":{"kind":["lib"],"crate_types":["lib"],"name":"pin_project_lite","src_path":"/Users/bradyjeong/.cargo/registry/src/index.crates.io-1949cf8c6b5b557f/pin-project-lite-0.2.16/src/lib.rs","edition":"2018","doc":true,"doctest":true,"test":true},"profile":{"opt_level":"0","debuginfo":2,"debug_assertions":true,"overflow_checks":true,"test":false},"features":[],"filenames":["/Users/bradyjeong/Documents/Projects/Amp/gta4/gta_game/target/debug/deps/libpin_project_lite-0ad3f8f64efb15a1.rmeta"],"executable":null,"fresh":false}
{"reason":"compiler-artifact","package_id":"registry+https://github.com/rust-lang/crates.io-index#allocator-api2@0.2.21","manifest_path":"/Users/bradyjeong/.cargo/registry/src/index.crates.io-1949cf8c6b5b557f/allocator-api2-0.2.21/Cargo.toml","target":{"kind":["lib"],"crate_types":["lib"],"name":"allocator_api2","src_path":"/Users/bradyjeong/.cargo/registry/src/index.crates.io-1949cf8c6b5b557f/allocator-api2-0.2.21/src/lib.rs","edition":"2018","doc":true,"doctest":true,"test":true},"profile":{"opt_level":"0","debuginfo":2,"debug_assertions":true,"overflow_checks":true,"test":false},"features":["alloc"],"filenames":["/Users/bradyjeong/Documents/Projects/Amp/gta4/gta_game/target/debug/deps/liballocator_api2-64e07048c06407e7.rmeta"],"executable":null,"fresh":false}
   Compiling scopeguard v1.2.0
{"reason":"compiler-artifact","package_id":"registry+https://github.com/rust-lang/crates.io-index#equivalent@1.0.2","manifest_path":"/Users/bradyjeong/.cargo/registry/src/index.crates.io-1949cf8c6b5b557f/equivalent-1.0.2/Cargo.toml","target":{"kind":["lib"],"crate_types":["lib"],"name":"equivalent","src_path":"/Users/bradyjeong/.cargo/registry/src/index.crates.io-1949cf8c6b5b557f/equivalent-1.0.2/src/lib.rs","edition":"2015","doc":true,"doctest":true,"test":true},"profile":{"opt_level":"0","debuginfo":0,"debug_assertions":true,"overflow_checks":true,"test":false},"features":[],"filenames":["/Users/bradyjeong/Documents/Projects/Amp/gta4/gta_game/target/debug/deps/libequivalent-cb826c24d950b291.rlib","/Users/bradyjeong/Documents/Projects/Amp/gta4/gta_game/target/debug/deps/libequivalent-cb826c24d950b291.rmeta"],"executable":null,"fresh":false}
   Compiling winnow v0.7.10
{"reason":"compiler-artifact","package_id":"registry+https://github.com/rust-lang/crates.io-index#autocfg@1.4.0","manifest_path":"/Users/bradyjeong/.cargo/registry/src/index.crates.io-1949cf8c6b5b557f/autocfg-1.4.0/Cargo.toml","target":{"kind":["lib"],"crate_types":["lib"],"name":"autocfg","src_path":"/Users/bradyjeong/.cargo/registry/src/index.crates.io-1949cf8c6b5b557f/autocfg-1.4.0/src/lib.rs","edition":"2015","doc":true,"doctest":true,"test":true},"profile":{"opt_level":"0","debuginfo":0,"debug_assertions":true,"overflow_checks":true,"test":false},"features":[],"filenames":["/Users/bradyjeong/Documents/Projects/Amp/gta4/gta_game/target/debug/deps/libautocfg-0322980e80f4dda5.rlib","/Users/bradyjeong/Documents/Projects/Amp/gta4/gta_game/target/debug/deps/libautocfg-0322980e80f4dda5.rmeta"],"executable":null,"fresh":false}
   Compiling num-traits v0.2.19
{"reason":"compiler-artifact","package_id":"registry+https://github.com/rust-lang/crates.io-index#scopeguard@1.2.0","manifest_path":"/Users/bradyjeong/.cargo/registry/src/index.crates.io-1949cf8c6b5b557f/scopeguard-1.2.0/Cargo.toml","target":{"kind":["lib"],"crate_types":["lib"],"name":"scopeguard","src_path":"/Users/bradyjeong/.cargo/registry/src/index.crates.io-1949cf8c6b5b557f/scopeguard-1.2.0/src/lib.rs","edition":"2015","doc":true,"doctest":true,"test":true},"profile":{"opt_level":"0","debuginfo":0,"debug_assertions":true,"overflow_checks":true,"test":false},"features":[],"filenames":["/Users/bradyjeong/Documents/Projects/Amp/gta4/gta_game/target/debug/deps/libscopeguard-041ed8fa26daa5f7.rlib","/Users/bradyjeong/Documents/Projects/Amp/gta4/gta_game/target/debug/deps/libscopeguard-041ed8fa26daa5f7.rmeta"],"executable":null,"fresh":false}
   Compiling lock_api v0.4.13
{"reason":"compiler-artifact","package_id":"registry+https://github.com/rust-lang/crates.io-index#smallvec@1.15.0","manifest_path":"/Users/bradyjeong/.cargo/registry/src/index.crates.io-1949cf8c6b5b557f/smallvec-1.15.0/Cargo.toml","target":{"kind":["lib"],"crate_types":["lib"],"name":"smallvec","src_path":"/Users/bradyjeong/.cargo/registry/src/index.crates.io-1949cf8c6b5b557f/smallvec-1.15.0/src/lib.rs","edition":"2018","doc":true,"doctest":true,"test":true},"profile":{"opt_level":"0","debuginfo":0,"debug_assertions":true,"overflow_checks":true,"test":false},"features":[],"filenames":["/Users/bradyjeong/Documents/Projects/Amp/gta4/gta_game/target/debug/deps/libsmallvec-5123c7acdaae6053.rlib","/Users/bradyjeong/Documents/Projects/Amp/gta4/gta_game/target/debug/deps/libsmallvec-5123c7acdaae6053.rmeta"],"executable":null,"fresh":false}
   Compiling toml_datetime v0.6.9
{"reason":"compiler-artifact","package_id":"registry+https://github.com/rust-lang/crates.io-index#toml_datetime@0.6.9","manifest_path":"/Users/bradyjeong/.cargo/registry/src/index.crates.io-1949cf8c6b5b557f/toml_datetime-0.6.9/Cargo.toml","target":{"kind":["lib"],"crate_types":["lib"],"name":"toml_datetime","src_path":"/Users/bradyjeong/.cargo/registry/src/index.crates.io-1949cf8c6b5b557f/toml_datetime-0.6.9/src/lib.rs","edition":"2021","doc":true,"doctest":true,"test":true},"profile":{"opt_level":"0","debuginfo":0,"debug_assertions":true,"overflow_checks":true,"test":false},"features":[],"filenames":["/Users/bradyjeong/Documents/Projects/Amp/gta4/gta_game/target/debug/deps/libtoml_datetime-6e270ae667ba9b7c.rlib","/Users/bradyjeong/Documents/Projects/Amp/gta4/gta_game/target/debug/deps/libtoml_datetime-6e270ae667ba9b7c.rmeta"],"executable":null,"fresh":false}
   Compiling thiserror v2.0.12
{"reason":"compiler-artifact","package_id":"registry+https://github.com/rust-lang/crates.io-index#libm@0.2.15","manifest_path":"/Users/bradyjeong/.cargo/registry/src/index.crates.io-1949cf8c6b5b557f/libm-0.2.15/Cargo.toml","target":{"kind":["custom-build"],"crate_types":["bin"],"name":"build-script-build","src_path":"/Users/bradyjeong/.cargo/registry/src/index.crates.io-1949cf8c6b5b557f/libm-0.2.15/build.rs","edition":"2021","doc":false,"doctest":false,"test":false},"profile":{"opt_level":"0","debuginfo":0,"debug_assertions":true,"overflow_checks":true,"test":false},"features":["arch","default"],"filenames":["/Users/bradyjeong/Documents/Projects/Amp/gta4/gta_game/target/debug/build/libm-1d23098ef7202561/build-script-build"],"executable":null,"fresh":false}
{"reason":"compiler-artifact","package_id":"registry+https://github.com/rust-lang/crates.io-index#libc@0.2.172","manifest_path":"/Users/bradyjeong/.cargo/registry/src/index.crates.io-1949cf8c6b5b557f/libc-0.2.172/Cargo.toml","target":{"kind":["custom-build"],"crate_types":["bin"],"name":"build-script-build","src_path":"/Users/bradyjeong/.cargo/registry/src/index.crates.io-1949cf8c6b5b557f/libc-0.2.172/build.rs","edition":"2021","doc":false,"doctest":false,"test":false},"profile":{"opt_level":"0","debuginfo":0,"debug_assertions":true,"overflow_checks":true,"test":false},"features":["default","std"],"filenames":["/Users/bradyjeong/Documents/Projects/Amp/gta4/gta_game/target/debug/build/libc-33ab280744fa361b/build-script-build"],"executable":null,"fresh":false}
{"reason":"compiler-artifact","package_id":"registry+https://github.com/rust-lang/crates.io-index#proc-macro2@1.0.95","manifest_path":"/Users/bradyjeong/.cargo/registry/src/index.crates.io-1949cf8c6b5b557f/proc-macro2-1.0.95/Cargo.toml","target":{"kind":["custom-build"],"crate_types":["bin"],"name":"build-script-build","src_path":"/Users/bradyjeong/.cargo/registry/src/index.crates.io-1949cf8c6b5b557f/proc-macro2-1.0.95/build.rs","edition":"2021","doc":false,"doctest":false,"test":false},"profile":{"opt_level":"0","debuginfo":0,"debug_assertions":true,"overflow_checks":true,"test":false},"features":["default","proc-macro"],"filenames":["/Users/bradyjeong/Documents/Projects/Amp/gta4/gta_game/target/debug/build/proc-macro2-8f1324697c38ee12/build-script-build"],"executable":null,"fresh":false}
{"reason":"compiler-artifact","package_id":"registry+https://github.com/rust-lang/crates.io-index#libc@0.2.172","manifest_path":"/Users/bradyjeong/.cargo/registry/src/index.crates.io-1949cf8c6b5b557f/libc-0.2.172/Cargo.toml","target":{"kind":["custom-build"],"crate_types":["bin"],"name":"build-script-build","src_path":"/Users/bradyjeong/.cargo/registry/src/index.crates.io-1949cf8c6b5b557f/libc-0.2.172/build.rs","edition":"2021","doc":false,"doctest":false,"test":false},"profile":{"opt_level":"0","debuginfo":0,"debug_assertions":true,"overflow_checks":true,"test":false},"features":["default","extra_traits","std"],"filenames":["/Users/bradyjeong/Documents/Projects/Amp/gta4/gta_game/target/debug/build/libc-1d27cf0b4cbd8a8c/build-script-build"],"executable":null,"fresh":false}
{"reason":"compiler-artifact","package_id":"registry+https://github.com/rust-lang/crates.io-index#num-traits@0.2.19","manifest_path":"/Users/bradyjeong/.cargo/registry/src/index.crates.io-1949cf8c6b5b557f/num-traits-0.2.19/Cargo.toml","target":{"kind":["custom-build"],"crate_types":["bin"],"name":"build-script-build","src_path":"/Users/bradyjeong/.cargo/registry/src/index.crates.io-1949cf8c6b5b557f/num-traits-0.2.19/build.rs","edition":"2021","doc":false,"doctest":false,"test":false},"profile":{"opt_level":"0","debuginfo":0,"debug_assertions":true,"overflow_checks":true,"test":false},"features":["default","i128","libm","std"],"filenames":["/Users/bradyjeong/Documents/Projects/Amp/gta4/gta_game/target/debug/build/num-traits-7ef4b1c1dd68c62f/build-script-build"],"executable":null,"fresh":false}
{"reason":"compiler-artifact","package_id":"registry+https://github.com/rust-lang/crates.io-index#zerocopy@0.8.25","manifest_path":"/Users/bradyjeong/.cargo/registry/src/index.crates.io-1949cf8c6b5b557f/zerocopy-0.8.25/Cargo.toml","target":{"kind":["custom-build"],"crate_types":["bin"],"name":"build-script-build","src_path":"/Users/bradyjeong/.cargo/registry/src/index.crates.io-1949cf8c6b5b557f/zerocopy-0.8.25/build.rs","edition":"2021","doc":false,"doctest":false,"test":false},"profile":{"opt_level":"0","debuginfo":0,"debug_assertions":true,"overflow_checks":true,"test":false},"features":["simd"],"filenames":["/Users/bradyjeong/Documents/Projects/Amp/gta4/gta_game/target/debug/build/zerocopy-a37ee2defc2df69f/build-script-build"],"executable":null,"fresh":false}
{"reason":"compiler-artifact","package_id":"registry+https://github.com/rust-lang/crates.io-index#lock_api@0.4.13","manifest_path":"/Users/bradyjeong/.cargo/registry/src/index.crates.io-1949cf8c6b5b557f/lock_api-0.4.13/Cargo.toml","target":{"kind":["custom-build"],"crate_types":["bin"],"name":"build-script-build","src_path":"/Users/bradyjeong/.cargo/registry/src/index.crates.io-1949cf8c6b5b557f/lock_api-0.4.13/build.rs","edition":"2021","doc":false,"doctest":false,"test":false},"profile":{"opt_level":"0","debuginfo":0,"debug_assertions":true,"overflow_checks":true,"test":false},"features":["atomic_usize","default"],"filenames":["/Users/bradyjeong/Documents/Projects/Amp/gta4/gta_game/target/debug/build/lock_api-bca538c11bfa6799/build-script-build"],"executable":null,"fresh":false}
{"reason":"compiler-artifact","package_id":"registry+https://github.com/rust-lang/crates.io-index#serde@1.0.219","manifest_path":"/Users/bradyjeong/.cargo/registry/src/index.crates.io-1949cf8c6b5b557f/serde-1.0.219/Cargo.toml","target":{"kind":["custom-build"],"crate_types":["bin"],"name":"build-script-build","src_path":"/Users/bradyjeong/.cargo/registry/src/index.crates.io-1949cf8c6b5b557f/serde-1.0.219/build.rs","edition":"2018","doc":false,"doctest":false,"test":false},"profile":{"opt_level":"0","debuginfo":0,"debug_assertions":true,"overflow_checks":true,"test":false},"features":["alloc","default","derive","serde_derive","std"],"filenames":["/Users/bradyjeong/Documents/Projects/Amp/gta4/gta_game/target/debug/build/serde-c4e6a553dc242a4a/build-script-build"],"executable":null,"fresh":false}
{"reason":"compiler-artifact","package_id":"registry+https://github.com/rust-lang/crates.io-index#parking_lot_core@0.9.11","manifest_path":"/Users/bradyjeong/.cargo/registry/src/index.crates.io-1949cf8c6b5b557f/parking_lot_core-0.9.11/Cargo.toml","target":{"kind":["custom-build"],"crate_types":["bin"],"name":"build-script-build","src_path":"/Users/bradyjeong/.cargo/registry/src/index.crates.io-1949cf8c6b5b557f/parking_lot_core-0.9.11/build.rs","edition":"2021","doc":false,"doctest":false,"test":false},"profile":{"opt_level":"0","debuginfo":0,"debug_assertions":true,"overflow_checks":true,"test":false},"features":[],"filenames":["/Users/bradyjeong/Documents/Projects/Amp/gta4/gta_game/target/debug/build/parking_lot_core-3428ee9a31f4d7ef/build-script-build"],"executable":null,"fresh":false}
{"reason":"compiler-artifact","package_id":"registry+https://github.com/rust-lang/crates.io-index#crossbeam-utils@0.8.21","manifest_path":"/Users/bradyjeong/.cargo/registry/src/index.crates.io-1949cf8c6b5b557f/crossbeam-utils-0.8.21/Cargo.toml","target":{"kind":["custom-build"],"crate_types":["bin"],"name":"build-script-build","src_path":"/Users/bradyjeong/.cargo/registry/src/index.crates.io-1949cf8c6b5b557f/crossbeam-utils-0.8.21/build.rs","edition":"2021","doc":false,"doctest":false,"test":false},"profile":{"opt_level":"0","debuginfo":0,"debug_assertions":true,"overflow_checks":true,"test":false},"features":["default","std"],"filenames":["/Users/bradyjeong/Documents/Projects/Amp/gta4/gta_game/target/debug/build/crossbeam-utils-ab14ddd4f538c0b3/build-script-build"],"executable":null,"fresh":false}
{"reason":"compiler-artifact","package_id":"registry+https://github.com/rust-lang/crates.io-index#getrandom@0.3.3","manifest_path":"/Users/bradyjeong/.cargo/registry/src/index.crates.io-1949cf8c6b5b557f/getrandom-0.3.3/Cargo.toml","target":{"kind":["custom-build"],"crate_types":["bin"],"name":"build-script-build","src_path":"/Users/bradyjeong/.cargo/registry/src/index.crates.io-1949cf8c6b5b557f/getrandom-0.3.3/build.rs","edition":"2021","doc":false,"doctest":false,"test":false},"profile":{"opt_level":"0","debuginfo":0,"debug_assertions":true,"overflow_checks":true,"test":false},"features":["std"],"filenames":["/Users/bradyjeong/Documents/Projects/Amp/gta4/gta_game/target/debug/build/getrandom-6ead5b19905b1f3f/build-script-build"],"executable":null,"fresh":false}
{"reason":"compiler-artifact","package_id":"registry+https://github.com/rust-lang/crates.io-index#hashbrown@0.15.3","manifest_path":"/Users/bradyjeong/.cargo/registry/src/index.crates.io-1949cf8c6b5b557f/hashbrown-0.15.3/Cargo.toml","target":{"kind":["lib"],"crate_types":["lib"],"name":"hashbrown","src_path":"/Users/bradyjeong/.cargo/registry/src/index.crates.io-1949cf8c6b5b557f/hashbrown-0.15.3/src/lib.rs","edition":"2021","doc":true,"doctest":true,"test":true},"profile":{"opt_level":"0","debuginfo":0,"debug_assertions":true,"overflow_checks":true,"test":false},"features":[],"filenames":["/Users/bradyjeong/Documents/Projects/Amp/gta4/gta_game/target/debug/deps/libhashbrown-51f5605fc6ecebcf.rlib","/Users/bradyjeong/Documents/Projects/Amp/gta4/gta_game/target/debug/deps/libhashbrown-51f5605fc6ecebcf.rmeta"],"executable":null,"fresh":false}
   Compiling indexmap v2.9.0
{"reason":"compiler-artifact","package_id":"registry+https://github.com/rust-lang/crates.io-index#thiserror@2.0.12","manifest_path":"/Users/bradyjeong/.cargo/registry/src/index.crates.io-1949cf8c6b5b557f/thiserror-2.0.12/Cargo.toml","target":{"kind":["custom-build"],"crate_types":["bin"],"name":"build-script-build","src_path":"/Users/bradyjeong/.cargo/registry/src/index.crates.io-1949cf8c6b5b557f/thiserror-2.0.12/build.rs","edition":"2021","doc":false,"doctest":false,"test":false},"profile":{"opt_level":"0","debuginfo":0,"debug_assertions":true,"overflow_checks":true,"test":false},"features":["default","std"],"filenames":["/Users/bradyjeong/Documents/Projects/Amp/gta4/gta_game/target/debug/build/thiserror-e7785d604e683f7f/build-script-build"],"executable":null,"fresh":false}
    Checking fastrand v2.3.0
{"reason":"build-script-executed","package_id":"registry+https://github.com/rust-lang/crates.io-index#libm@0.2.15","linked_libs":[],"linked_paths":[],"cfgs":["arch_enabled"],"env":[["CFG_CARGO_FEATURES","[\"arch\", \"default\"]"],["CFG_OPT_LEVEL","0"],["CFG_TARGET_FEATURES","[\"aes\", \"crc\", \"dit\", \"dotprod\", \"dpb\", \"dpb2\", \"fcma\", \"fhm\", \"flagm\", \"fp16\", \"frintts\", \"jsconv\", \"lor\", \"lse\", \"neon\", \"paca\", \"pacg\", \"pan\", \"pmuv3\", \"ras\", \"rcpc\", \"rcpc2\", \"rdm\", \"sb\", \"sha2\", \"sha3\", \"ssbs\", \"vh\"]"]],"out_dir":"/Users/bradyjeong/Documents/Projects/Amp/gta4/gta_game/target/debug/build/libm-f254b01a9b06c066/out"}
{"reason":"compiler-artifact","package_id":"registry+https://github.com/rust-lang/crates.io-index#fastrand@2.3.0","manifest_path":"/Users/bradyjeong/.cargo/registry/src/index.crates.io-1949cf8c6b5b557f/fastrand-2.3.0/Cargo.toml","target":{"kind":["lib"],"crate_types":["lib"],"name":"fastrand","src_path":"/Users/bradyjeong/.cargo/registry/src/index.crates.io-1949cf8c6b5b557f/fastrand-2.3.0/src/lib.rs","edition":"2018","doc":true,"doctest":true,"test":true},"profile":{"opt_level":"0","debuginfo":2,"debug_assertions":true,"overflow_checks":true,"test":false},"features":["alloc","default","std"],"filenames":["/Users/bradyjeong/Documents/Projects/Amp/gta4/gta_game/target/debug/deps/libfastrand-aa51436b3bc0817a.rmeta"],"executable":null,"fresh":false}
{"reason":"build-script-executed","package_id":"registry+https://github.com/rust-lang/crates.io-index#libc@0.2.172","linked_libs":[],"linked_paths":[],"cfgs":["freebsd11","libc_const_extern_fn"],"env":[],"out_dir":"/Users/bradyjeong/Documents/Projects/Amp/gta4/gta_game/target/debug/build/libc-c612396fe6212589/out"}
{"reason":"compiler-artifact","package_id":"registry+https://github.com/rust-lang/crates.io-index#indexmap@2.9.0","manifest_path":"/Users/bradyjeong/.cargo/registry/src/index.crates.io-1949cf8c6b5b557f/indexmap-2.9.0/Cargo.toml","target":{"kind":["lib"],"crate_types":["lib"],"name":"indexmap","src_path":"/Users/bradyjeong/.cargo/registry/src/index.crates.io-1949cf8c6b5b557f/indexmap-2.9.0/src/lib.rs","edition":"2021","doc":true,"doctest":true,"test":true},"profile":{"opt_level":"0","debuginfo":0,"debug_assertions":true,"overflow_checks":true,"test":false},"features":["default","std"],"filenames":["/Users/bradyjeong/Documents/Projects/Amp/gta4/gta_game/target/debug/deps/libindexmap-910f0f891f945bc4.rlib","/Users/bradyjeong/Documents/Projects/Amp/gta4/gta_game/target/debug/deps/libindexmap-910f0f891f945bc4.rmeta"],"executable":null,"fresh":false}
    Checking parking v2.2.1
{"reason":"compiler-artifact","package_id":"registry+https://github.com/rust-lang/crates.io-index#parking@2.2.1","manifest_path":"/Users/bradyjeong/.cargo/registry/src/index.crates.io-1949cf8c6b5b557f/parking-2.2.1/Cargo.toml","target":{"kind":["lib"],"crate_types":["lib"],"name":"parking","src_path":"/Users/bradyjeong/.cargo/registry/src/index.crates.io-1949cf8c6b5b557f/parking-2.2.1/src/lib.rs","edition":"2018","doc":true,"doctest":true,"test":true},"profile":{"opt_level":"0","debuginfo":2,"debug_assertions":true,"overflow_checks":true,"test":false},"features":[],"filenames":["/Users/bradyjeong/Documents/Projects/Amp/gta4/gta_game/target/debug/deps/libparking-332dafef5319bc7c.rmeta"],"executable":null,"fresh":false}
{"reason":"build-script-executed","package_id":"registry+https://github.com/rust-lang/crates.io-index#proc-macro2@1.0.95","linked_libs":[],"linked_paths":[],"cfgs":["wrap_proc_macro"],"env":[],"out_dir":"/Users/bradyjeong/Documents/Projects/Amp/gta4/gta_game/target/debug/build/proc-macro2-537fc1d0baee93a8/out"}
{"reason":"compiler-artifact","package_id":"registry+https://github.com/rust-lang/crates.io-index#getrandom@0.3.3","manifest_path":"/Users/bradyjeong/.cargo/registry/src/index.crates.io-1949cf8c6b5b557f/getrandom-0.3.3/Cargo.toml","target":{"kind":["custom-build"],"crate_types":["bin"],"name":"build-script-build","src_path":"/Users/bradyjeong/.cargo/registry/src/index.crates.io-1949cf8c6b5b557f/getrandom-0.3.3/build.rs","edition":"2021","doc":false,"doctest":false,"test":false},"profile":{"opt_level":"0","debuginfo":0,"debug_assertions":true,"overflow_checks":true,"test":false},"features":[],"filenames":["/Users/bradyjeong/Documents/Projects/Amp/gta4/gta_game/target/debug/build/getrandom-9438c74db13c4f71/build-script-build"],"executable":null,"fresh":false}
   Compiling toml_edit v0.22.26
{"reason":"compiler-artifact","package_id":"registry+https://github.com/rust-lang/crates.io-index#libc@0.2.172","manifest_path":"/Users/bradyjeong/.cargo/registry/src/index.crates.io-1949cf8c6b5b557f/libc-0.2.172/Cargo.toml","target":{"kind":["lib"],"crate_types":["lib"],"name":"libc","src_path":"/Users/bradyjeong/.cargo/registry/src/index.crates.io-1949cf8c6b5b557f/libc-0.2.172/src/lib.rs","edition":"2021","doc":true,"doctest":true,"test":true},"profile":{"opt_level":"0","debuginfo":0,"debug_assertions":true,"overflow_checks":true,"test":false},"features":["default","std"],"filenames":["/Users/bradyjeong/Documents/Projects/Amp/gta4/gta_game/target/debug/deps/liblibc-29bce3688277111f.rlib","/Users/bradyjeong/Documents/Projects/Amp/gta4/gta_game/target/debug/deps/liblibc-29bce3688277111f.rmeta"],"executable":null,"fresh":false}
    Checking futures-core v0.3.31
{"reason":"build-script-executed","package_id":"registry+https://github.com/rust-lang/crates.io-index#libc@0.2.172","linked_libs":[],"linked_paths":[],"cfgs":["freebsd11","libc_const_extern_fn"],"env":[],"out_dir":"/Users/bradyjeong/Documents/Projects/Amp/gta4/gta_game/target/debug/build/libc-4b17e1268ea96f62/out"}
{"reason":"compiler-artifact","package_id":"registry+https://github.com/rust-lang/crates.io-index#libm@0.2.15","manifest_path":"/Users/bradyjeong/.cargo/registry/src/index.crates.io-1949cf8c6b5b557f/libm-0.2.15/Cargo.toml","target":{"kind":["lib"],"crate_types":["lib"],"name":"libm","src_path":"/Users/bradyjeong/.cargo/registry/src/index.crates.io-1949cf8c6b5b557f/libm-0.2.15/src/lib.rs","edition":"2021","doc":true,"doctest":true,"test":true},"profile":{"opt_level":"0","debuginfo":2,"debug_assertions":true,"overflow_checks":true,"test":false},"features":["arch","default"],"filenames":["/Users/bradyjeong/Documents/Projects/Amp/gta4/gta_game/target/debug/deps/liblibm-810c0772a9696a62.rmeta"],"executable":null,"fresh":false}
{"reason":"compiler-artifact","package_id":"registry+https://github.com/rust-lang/crates.io-index#futures-core@0.3.31","manifest_path":"/Users/bradyjeong/.cargo/registry/src/index.crates.io-1949cf8c6b5b557f/futures-core-0.3.31/Cargo.toml","target":{"kind":["lib"],"crate_types":["lib"],"name":"futures_core","src_path":"/Users/bradyjeong/.cargo/registry/src/index.crates.io-1949cf8c6b5b557f/futures-core-0.3.31/src/lib.rs","edition":"2018","doc":true,"doctest":true,"test":true},"profile":{"opt_level":"0","debuginfo":2,"debug_assertions":true,"overflow_checks":true,"test":false},"features":["alloc","default","std"],"filenames":["/Users/bradyjeong/Documents/Projects/Amp/gta4/gta_game/target/debug/deps/libfutures_core-60091296dafbae20.rmeta"],"executable":null,"fresh":false}
   Compiling slab v0.4.9
{"reason":"compiler-artifact","package_id":"registry+https://github.com/rust-lang/crates.io-index#winnow@0.7.10","manifest_path":"/Users/bradyjeong/.cargo/registry/src/index.crates.io-1949cf8c6b5b557f/winnow-0.7.10/Cargo.toml","target":{"kind":["lib"],"crate_types":["lib"],"name":"winnow","src_path":"/Users/bradyjeong/.cargo/registry/src/index.crates.io-1949cf8c6b5b557f/winnow-0.7.10/src/lib.rs","edition":"2021","doc":true,"doctest":true,"test":true},"profile":{"opt_level":"0","debuginfo":0,"debug_assertions":true,"overflow_checks":true,"test":false},"features":["alloc","default","std"],"filenames":["/Users/bradyjeong/Documents/Projects/Amp/gta4/gta_game/target/debug/deps/libwinnow-9ed90b1b1fff8603.rlib","/Users/bradyjeong/Documents/Projects/Amp/gta4/gta_game/target/debug/deps/libwinnow-9ed90b1b1fff8603.rmeta"],"executable":null,"fresh":false}
   Compiling typeid v1.0.3
{"reason":"build-script-executed","package_id":"registry+https://github.com/rust-lang/crates.io-index#zerocopy@0.8.25","linked_libs":[],"linked_paths":[],"cfgs":["zerocopy_aarch64_simd_1_59_0","zerocopy_core_error_1_81_0","zerocopy_diagnostic_on_unimplemented_1_78_0","zerocopy_generic_bounds_in_const_fn_1_61_0","zerocopy_panic_in_const_and_vec_try_reserve_1_57_0","zerocopy_target_has_atomics_1_60_0"],"env":[],"out_dir":"/Users/bradyjeong/Documents/Projects/Amp/gta4/gta_game/target/debug/build/zerocopy-0a75bdb2130fa80c/out"}
   Compiling quote v1.0.40
{"reason":"compiler-artifact","package_id":"registry+https://github.com/rust-lang/crates.io-index#slab@0.4.9","manifest_path":"/Users/bradyjeong/.cargo/registry/src/index.crates.io-1949cf8c6b5b557f/slab-0.4.9/Cargo.toml","target":{"kind":["custom-build"],"crate_types":["bin"],"name":"build-script-build","src_path":"/Users/bradyjeong/.cargo/registry/src/index.crates.io-1949cf8c6b5b557f/slab-0.4.9/build.rs","edition":"2018","doc":false,"doctest":false,"test":false},"profile":{"opt_level":"0","debuginfo":0,"debug_assertions":true,"overflow_checks":true,"test":false},"features":["default","std"],"filenames":["/Users/bradyjeong/Documents/Projects/Amp/gta4/gta_game/target/debug/build/slab-fbb07541f5e3404a/build-script-build"],"executable":null,"fresh":false}
{"reason":"compiler-artifact","package_id":"registry+https://github.com/rust-lang/crates.io-index#typeid@1.0.3","manifest_path":"/Users/bradyjeong/.cargo/registry/src/index.crates.io-1949cf8c6b5b557f/typeid-1.0.3/Cargo.toml","target":{"kind":["custom-build"],"crate_types":["bin"],"name":"build-script-build","src_path":"/Users/bradyjeong/.cargo/registry/src/index.crates.io-1949cf8c6b5b557f/typeid-1.0.3/build.rs","edition":"2018","doc":false,"doctest":false,"test":false},"profile":{"opt_level":"0","debuginfo":0,"debug_assertions":true,"overflow_checks":true,"test":false},"features":[],"filenames":["/Users/bradyjeong/Documents/Projects/Amp/gta4/gta_game/target/debug/build/typeid-5895c614c8738f40/build-script-build"],"executable":null,"fresh":false}
   Compiling unicode-xid v0.2.6
{"reason":"compiler-artifact","package_id":"registry+https://github.com/rust-lang/crates.io-index#proc-macro2@1.0.95","manifest_path":"/Users/bradyjeong/.cargo/registry/src/index.crates.io-1949cf8c6b5b557f/proc-macro2-1.0.95/Cargo.toml","target":{"kind":["lib"],"crate_types":["lib"],"name":"proc_macro2","src_path":"/Users/bradyjeong/.cargo/registry/src/index.crates.io-1949cf8c6b5b557f/proc-macro2-1.0.95/src/lib.rs","edition":"2021","doc":true,"doctest":true,"test":true},"profile":{"opt_level":"0","debuginfo":0,"debug_assertions":true,"overflow_checks":true,"test":false},"features":["default","proc-macro"],"filenames":["/Users/bradyjeong/Documents/Projects/Amp/gta4/gta_game/target/debug/deps/libproc_macro2-3386915ef7d9fd4a.rlib","/Users/bradyjeong/Documents/Projects/Amp/gta4/gta_game/target/debug/deps/libproc_macro2-3386915ef7d9fd4a.rmeta"],"executable":null,"fresh":false}
   Compiling syn v2.0.101
{"reason":"compiler-artifact","package_id":"registry+https://github.com/rust-lang/crates.io-index#unicode-xid@0.2.6","manifest_path":"/Users/bradyjeong/.cargo/registry/src/index.crates.io-1949cf8c6b5b557f/unicode-xid-0.2.6/Cargo.toml","target":{"kind":["lib"],"crate_types":["lib"],"name":"unicode_xid","src_path":"/Users/bradyjeong/.cargo/registry/src/index.crates.io-1949cf8c6b5b557f/unicode-xid-0.2.6/src/lib.rs","edition":"2015","doc":true,"doctest":true,"test":true},"profile":{"opt_level":"0","debuginfo":0,"debug_assertions":true,"overflow_checks":true,"test":false},"features":["default"],"filenames":["/Users/bradyjeong/Documents/Projects/Amp/gta4/gta_game/target/debug/deps/libunicode_xid-1ccf9e3bcbd01aff.rlib","/Users/bradyjeong/Documents/Projects/Amp/gta4/gta_game/target/debug/deps/libunicode_xid-1ccf9e3bcbd01aff.rmeta"],"executable":null,"fresh":false}
    Checking spin v0.9.8
{"reason":"compiler-artifact","package_id":"registry+https://github.com/rust-lang/crates.io-index#quote@1.0.40","manifest_path":"/Users/bradyjeong/.cargo/registry/src/index.crates.io-1949cf8c6b5b557f/quote-1.0.40/Cargo.toml","target":{"kind":["lib"],"crate_types":["lib"],"name":"quote","src_path":"/Users/bradyjeong/.cargo/registry/src/index.crates.io-1949cf8c6b5b557f/quote-1.0.40/src/lib.rs","edition":"2018","doc":true,"doctest":true,"test":true},"profile":{"opt_level":"0","debuginfo":0,"debug_assertions":true,"overflow_checks":true,"test":false},"features":["default","proc-macro"],"filenames":["/Users/bradyjeong/Documents/Projects/Amp/gta4/gta_game/target/debug/deps/libquote-841a9a4244c6c801.rlib","/Users/bradyjeong/Documents/Projects/Amp/gta4/gta_game/target/debug/deps/libquote-841a9a4244c6c801.rmeta"],"executable":null,"fresh":false}
    Checking futures-io v0.3.31
{"reason":"build-script-executed","package_id":"registry+https://github.com/rust-lang/crates.io-index#lock_api@0.4.13","linked_libs":[],"linked_paths":[],"cfgs":["has_const_fn_trait_bound"],"env":[],"out_dir":"/Users/bradyjeong/Documents/Projects/Amp/gta4/gta_game/target/debug/build/lock_api-da7c60cd2c4b5a40/out"}
{"reason":"compiler-artifact","package_id":"registry+https://github.com/rust-lang/crates.io-index#futures-io@0.3.31","manifest_path":"/Users/bradyjeong/.cargo/registry/src/index.crates.io-1949cf8c6b5b557f/futures-io-0.3.31/Cargo.toml","target":{"kind":["lib"],"crate_types":["lib"],"name":"futures_io","src_path":"/Users/bradyjeong/.cargo/registry/src/index.crates.io-1949cf8c6b5b557f/futures-io-0.3.31/src/lib.rs","edition":"2018","doc":true,"doctest":true,"test":true},"profile":{"opt_level":"0","debuginfo":2,"debug_assertions":true,"overflow_checks":true,"test":false},"features":["default","std"],"filenames":["/Users/bradyjeong/Documents/Projects/Amp/gta4/gta_game/target/debug/deps/libfutures_io-785ca9f25c99494e.rmeta"],"executable":null,"fresh":false}
{"reason":"compiler-artifact","package_id":"registry+https://github.com/rust-lang/crates.io-index#spin@0.9.8","manifest_path":"/Users/bradyjeong/.cargo/registry/src/index.crates.io-1949cf8c6b5b557f/spin-0.9.8/Cargo.toml","target":{"kind":["lib"],"crate_types":["lib"],"name":"spin","src_path":"/Users/bradyjeong/.cargo/registry/src/index.crates.io-1949cf8c6b5b557f/spin-0.9.8/src/lib.rs","edition":"2015","doc":true,"doctest":true,"test":true},"profile":{"opt_level":"0","debuginfo":2,"debug_assertions":true,"overflow_checks":true,"test":false},"features":["barrier","lazy","mutex","once","rwlock","spin_mutex","std"],"filenames":["/Users/bradyjeong/Documents/Projects/Amp/gta4/gta_game/target/debug/deps/libspin-074a7623a25151dc.rmeta"],"executable":null,"fresh":false}
{"reason":"compiler-artifact","package_id":"registry+https://github.com/rust-lang/crates.io-index#libc@0.2.172","manifest_path":"/Users/bradyjeong/.cargo/registry/src/index.crates.io-1949cf8c6b5b557f/libc-0.2.172/Cargo.toml","target":{"kind":["lib"],"crate_types":["lib"],"name":"libc","src_path":"/Users/bradyjeong/.cargo/registry/src/index.crates.io-1949cf8c6b5b557f/libc-0.2.172/src/lib.rs","edition":"2021","doc":true,"doctest":true,"test":true},"profile":{"opt_level":"0","debuginfo":2,"debug_assertions":true,"overflow_checks":true,"test":false},"features":["default","extra_traits","std"],"filenames":["/Users/bradyjeong/Documents/Projects/Amp/gta4/gta_game/target/debug/deps/liblibc-a2c1144c26471c9a.rmeta"],"executable":null,"fresh":false}
    Checking getrandom v0.2.16
{"reason":"compiler-artifact","package_id":"registry+https://github.com/rust-lang/crates.io-index#lock_api@0.4.13","manifest_path":"/Users/bradyjeong/.cargo/registry/src/index.crates.io-1949cf8c6b5b557f/lock_api-0.4.13/Cargo.toml","target":{"kind":["lib"],"crate_types":["lib"],"name":"lock_api","src_path":"/Users/bradyjeong/.cargo/registry/src/index.crates.io-1949cf8c6b5b557f/lock_api-0.4.13/src/lib.rs","edition":"2021","doc":true,"doctest":true,"test":true},"profile":{"opt_level":"0","debuginfo":0,"debug_assertions":true,"overflow_checks":true,"test":false},"features":["atomic_usize","default"],"filenames":["/Users/bradyjeong/Documents/Projects/Amp/gta4/gta_game/target/debug/deps/liblock_api-0edb456b6034a8f6.rlib","/Users/bradyjeong/Documents/Projects/Amp/gta4/gta_game/target/debug/deps/liblock_api-0edb456b6034a8f6.rmeta"],"executable":null,"fresh":false}
    Checking thread_local v1.1.8
{"reason":"compiler-artifact","package_id":"registry+https://github.com/rust-lang/crates.io-index#getrandom@0.2.16","manifest_path":"/Users/bradyjeong/.cargo/registry/src/index.crates.io-1949cf8c6b5b557f/getrandom-0.2.16/Cargo.toml","target":{"kind":["lib"],"crate_types":["lib"],"name":"getrandom","src_path":"/Users/bradyjeong/.cargo/registry/src/index.crates.io-1949cf8c6b5b557f/getrandom-0.2.16/src/lib.rs","edition":"2018","doc":true,"doctest":true,"test":true},"profile":{"opt_level":"0","debuginfo":2,"debug_assertions":true,"overflow_checks":true,"test":false},"features":["std"],"filenames":["/Users/bradyjeong/Documents/Projects/Amp/gta4/gta_game/target/debug/deps/libgetrandom-c121c85446505e02.rmeta"],"executable":null,"fresh":false}
    Checking rand_core v0.6.4
{"reason":"build-script-executed","package_id":"registry+https://github.com/rust-lang/crates.io-index#num-traits@0.2.19","linked_libs":[],"linked_paths":[],"cfgs":["has_total_cmp"],"env":[],"out_dir":"/Users/bradyjeong/Documents/Projects/Amp/gta4/gta_game/target/debug/build/num-traits-9dcf469a828e1992/out"}
{"reason":"compiler-artifact","package_id":"registry+https://github.com/rust-lang/crates.io-index#thread_local@1.1.8","manifest_path":"/Users/bradyjeong/.cargo/registry/src/index.crates.io-1949cf8c6b5b557f/thread_local-1.1.8/Cargo.toml","target":{"kind":["lib"],"crate_types":["lib"],"name":"thread_local","src_path":"/Users/bradyjeong/.cargo/registry/src/index.crates.io-1949cf8c6b5b557f/thread_local-1.1.8/src/lib.rs","edition":"2021","doc":true,"doctest":true,"test":true},"profile":{"opt_level":"0","debuginfo":2,"debug_assertions":true,"overflow_checks":true,"test":false},"features":[],"filenames":["/Users/bradyjeong/Documents/Projects/Amp/gta4/gta_game/target/debug/deps/libthread_local-f02588b287fb286b.rmeta"],"executable":null,"fresh":false}
    Checking either v1.15.0
{"reason":"build-script-executed","package_id":"registry+https://github.com/rust-lang/crates.io-index#crossbeam-utils@0.8.21","linked_libs":[],"linked_paths":[],"cfgs":[],"env":[],"out_dir":"/Users/bradyjeong/Documents/Projects/Amp/gta4/gta_game/target/debug/build/crossbeam-utils-04a0eddab0f7201b/out"}
{"reason":"compiler-artifact","package_id":"registry+https://github.com/rust-lang/crates.io-index#rand_core@0.6.4","manifest_path":"/Users/bradyjeong/.cargo/registry/src/index.crates.io-1949cf8c6b5b557f/rand_core-0.6.4/Cargo.toml","target":{"kind":["lib"],"crate_types":["lib"],"name":"rand_core","src_path":"/Users/bradyjeong/.cargo/registry/src/index.crates.io-1949cf8c6b5b557f/rand_core-0.6.4/src/lib.rs","edition":"2018","doc":true,"doctest":true,"test":true},"profile":{"opt_level":"0","debuginfo":2,"debug_assertions":true,"overflow_checks":true,"test":false},"features":["alloc","getrandom","std"],"filenames":["/Users/bradyjeong/Documents/Projects/Amp/gta4/gta_game/target/debug/deps/librand_core-c6fbb3b80cd9cf96.rmeta"],"executable":null,"fresh":false}
    Checking downcast-rs v2.0.1
{"reason":"compiler-artifact","package_id":"registry+https://github.com/rust-lang/crates.io-index#downcast-rs@2.0.1","manifest_path":"/Users/bradyjeong/.cargo/registry/src/index.crates.io-1949cf8c6b5b557f/downcast-rs-2.0.1/Cargo.toml","target":{"kind":["lib"],"crate_types":["lib"],"name":"downcast_rs","src_path":"/Users/bradyjeong/.cargo/registry/src/index.crates.io-1949cf8c6b5b557f/downcast-rs-2.0.1/src/lib.rs","edition":"2021","doc":true,"doctest":true,"test":true},"profile":{"opt_level":"0","debuginfo":2,"debug_assertions":true,"overflow_checks":true,"test":false},"features":["default","std","sync"],"filenames":["/Users/bradyjeong/Documents/Projects/Amp/gta4/gta_game/target/debug/deps/libdowncast_rs-fb7280a92cb2374f.rmeta"],"executable":null,"fresh":false}
{"reason":"compiler-artifact","package_id":"registry+https://github.com/rust-lang/crates.io-index#either@1.15.0","manifest_path":"/Users/bradyjeong/.cargo/registry/src/index.crates.io-1949cf8c6b5b557f/either-1.15.0/Cargo.toml","target":{"kind":["lib"],"crate_types":["lib"],"name":"either","src_path":"/Users/bradyjeong/.cargo/registry/src/index.crates.io-1949cf8c6b5b557f/either-1.15.0/src/lib.rs","edition":"2021","doc":true,"doctest":true,"test":true},"profile":{"opt_level":"0","debuginfo":2,"debug_assertions":true,"overflow_checks":true,"test":false},"features":["default","std","use_std"],"filenames":["/Users/bradyjeong/Documents/Projects/Amp/gta4/gta_game/target/debug/deps/libeither-e911fd2fd4338602.rmeta"],"executable":null,"fresh":false}
    Checking futures-lite v2.6.0
    Checking async-task v4.7.1
{"reason":"build-script-executed","package_id":"registry+https://github.com/rust-lang/crates.io-index#serde@1.0.219","linked_libs":[],"linked_paths":[],"cfgs":[],"env":[],"out_dir":"/Users/bradyjeong/Documents/Projects/Amp/gta4/gta_game/target/debug/build/serde-85dd2d6a0500bde8/out"}
    Checking atomic-waker v1.1.2
{"reason":"compiler-artifact","package_id":"registry+https://github.com/rust-lang/crates.io-index#async-task@4.7.1","manifest_path":"/Users/bradyjeong/.cargo/registry/src/index.crates.io-1949cf8c6b5b557f/async-task-4.7.1/Cargo.toml","target":{"kind":["lib"],"crate_types":["lib"],"name":"async_task","src_path":"/Users/bradyjeong/.cargo/registry/src/index.crates.io-1949cf8c6b5b557f/async-task-4.7.1/src/lib.rs","edition":"2021","doc":true,"doctest":true,"test":true},"profile":{"opt_level":"0","debuginfo":2,"debug_assertions":true,"overflow_checks":true,"test":false},"features":["default","std"],"filenames":["/Users/bradyjeong/Documents/Projects/Amp/gta4/gta_game/target/debug/deps/libasync_task-74c12f2f69b0554a.rmeta"],"executable":null,"fresh":false}
    Checking disqualified v1.0.0
{"reason":"compiler-artifact","package_id":"registry+https://github.com/rust-lang/crates.io-index#atomic-waker@1.1.2","manifest_path":"/Users/bradyjeong/.cargo/registry/src/index.crates.io-1949cf8c6b5b557f/atomic-waker-1.1.2/Cargo.toml","target":{"kind":["lib"],"crate_types":["lib"],"name":"atomic_waker","src_path":"/Users/bradyjeong/.cargo/registry/src/index.crates.io-1949cf8c6b5b557f/atomic-waker-1.1.2/src/lib.rs","edition":"2018","doc":true,"doctest":true,"test":true},"profile":{"opt_level":"0","debuginfo":2,"debug_assertions":true,"overflow_checks":true,"test":false},"features":[],"filenames":["/Users/bradyjeong/Documents/Projects/Amp/gta4/gta_game/target/debug/deps/libatomic_waker-560e88804dbe1b1a.rmeta"],"executable":null,"fresh":false}
{"reason":"compiler-artifact","package_id":"registry+https://github.com/rust-lang/crates.io-index#crossbeam-utils@0.8.21","manifest_path":"/Users/bradyjeong/.cargo/registry/src/index.crates.io-1949cf8c6b5b557f/crossbeam-utils-0.8.21/Cargo.toml","target":{"kind":["lib"],"crate_types":["lib"],"name":"crossbeam_utils","src_path":"/Users/bradyjeong/.cargo/registry/src/index.crates.io-1949cf8c6b5b557f/crossbeam-utils-0.8.21/src/lib.rs","edition":"2021","doc":true,"doctest":true,"test":true},"profile":{"opt_level":"0","debuginfo":2,"debug_assertions":true,"overflow_checks":true,"test":false},"features":["default","std"],"filenames":["/Users/bradyjeong/Documents/Projects/Amp/gta4/gta_game/target/debug/deps/libcrossbeam_utils-125bde21ecd037bc.rmeta"],"executable":null,"fresh":false}
    Checking bevy_ptr v0.16.1
    Checking concurrent-queue v2.5.0
{"reason":"compiler-artifact","package_id":"registry+https://github.com/rust-lang/crates.io-index#disqualified@1.0.0","manifest_path":"/Users/bradyjeong/.cargo/registry/src/index.crates.io-1949cf8c6b5b557f/disqualified-1.0.0/Cargo.toml","target":{"kind":["lib"],"crate_types":["lib"],"name":"disqualified","src_path":"/Users/bradyjeong/.cargo/registry/src/index.crates.io-1949cf8c6b5b557f/disqualified-1.0.0/src/lib.rs","edition":"2021","doc":true,"doctest":true,"test":true},"profile":{"opt_level":"0","debuginfo":2,"debug_assertions":true,"overflow_checks":true,"test":false},"features":["alloc","default"],"filenames":["/Users/bradyjeong/Documents/Projects/Amp/gta4/gta_game/target/debug/deps/libdisqualified-4562761173b71171.rmeta"],"executable":null,"fresh":false}
    Checking crossbeam-queue v0.3.12
{"reason":"build-script-executed","package_id":"registry+https://github.com/rust-lang/crates.io-index#parking_lot_core@0.9.11","linked_libs":[],"linked_paths":[],"cfgs":[],"env":[],"out_dir":"/Users/bradyjeong/Documents/Projects/Amp/gta4/gta_game/target/debug/build/parking_lot_core-d8872ff124b50352/out"}
{"reason":"compiler-artifact","package_id":"registry+https://github.com/rust-lang/crates.io-index#bevy_ptr@0.16.1","manifest_path":"/Users/bradyjeong/.cargo/registry/src/index.crates.io-1949cf8c6b5b557f/bevy_ptr-0.16.1/Cargo.toml","target":{"kind":["lib"],"crate_types":["lib"],"name":"bevy_ptr","src_path":"/Users/bradyjeong/.cargo/registry/src/index.crates.io-1949cf8c6b5b557f/bevy_ptr-0.16.1/src/lib.rs","edition":"2024","doc":true,"doctest":true,"test":true},"profile":{"opt_level":"0","debuginfo":2,"debug_assertions":true,"overflow_checks":true,"test":false},"features":[],"filenames":["/Users/bradyjeong/Documents/Projects/Amp/gta4/gta_game/target/debug/deps/libbevy_ptr-ea6b26ab10d45919.rmeta"],"executable":null,"fresh":false}
   Compiling nix v0.30.1
{"reason":"compiler-artifact","package_id":"registry+https://github.com/rust-lang/crates.io-index#num-traits@0.2.19","manifest_path":"/Users/bradyjeong/.cargo/registry/src/index.crates.io-1949cf8c6b5b557f/num-traits-0.2.19/Cargo.toml","target":{"kind":["lib"],"crate_types":["lib"],"name":"num_traits","src_path":"/Users/bradyjeong/.cargo/registry/src/index.crates.io-1949cf8c6b5b557f/num-traits-0.2.19/src/lib.rs","edition":"2021","doc":true,"doctest":true,"test":true},"profile":{"opt_level":"0","debuginfo":2,"debug_assertions":true,"overflow_checks":true,"test":false},"features":["default","i128","libm","std"],"filenames":["/Users/bradyjeong/Documents/Projects/Amp/gta4/gta_game/target/debug/deps/libnum_traits-390fae1e71d98ee8.rmeta"],"executable":null,"fresh":false}
    Checking arrayvec v0.7.6
{"reason":"compiler-artifact","package_id":"registry+https://github.com/rust-lang/crates.io-index#zerocopy@0.8.25","manifest_path":"/Users/bradyjeong/.cargo/registry/src/index.crates.io-1949cf8c6b5b557f/zerocopy-0.8.25/Cargo.toml","target":{"kind":["lib"],"crate_types":["lib"],"name":"zerocopy","src_path":"/Users/bradyjeong/.cargo/registry/src/index.crates.io-1949cf8c6b5b557f/zerocopy-0.8.25/src/lib.rs","edition":"2021","doc":true,"doctest":true,"test":true},"profile":{"opt_level":"0","debuginfo":2,"debug_assertions":true,"overflow_checks":true,"test":false},"features":["simd"],"filenames":["/Users/bradyjeong/Documents/Projects/Amp/gta4/gta_game/target/debug/deps/libzerocopy-ac882cd1439793c2.rmeta"],"executable":null,"fresh":false}
    Checking ppv-lite86 v0.2.21
{"reason":"compiler-artifact","package_id":"registry+https://github.com/rust-lang/crates.io-index#concurrent-queue@2.5.0","manifest_path":"/Users/bradyjeong/.cargo/registry/src/index.crates.io-1949cf8c6b5b557f/concurrent-queue-2.5.0/Cargo.toml","target":{"kind":["lib"],"crate_types":["lib"],"name":"concurrent_queue","src_path":"/Users/bradyjeong/.cargo/registry/src/index.crates.io-1949cf8c6b5b557f/concurrent-queue-2.5.0/src/lib.rs","edition":"2021","doc":true,"doctest":true,"test":true},"profile":{"opt_level":"0","debuginfo":2,"debug_assertions":true,"overflow_checks":true,"test":false},"features":["default","std"],"filenames":["/Users/bradyjeong/Documents/Projects/Amp/gta4/gta_game/target/debug/deps/libconcurrent_queue-1c6f1561c141853a.rmeta"],"executable":null,"fresh":false}
    Checking nonmax v0.5.5
{"reason":"compiler-artifact","package_id":"registry+https://github.com/rust-lang/crates.io-index#crossbeam-queue@0.3.12","manifest_path":"/Users/bradyjeong/.cargo/registry/src/index.crates.io-1949cf8c6b5b557f/crossbeam-queue-0.3.12/Cargo.toml","target":{"kind":["lib"],"crate_types":["lib"],"name":"crossbeam_queue","src_path":"/Users/bradyjeong/.cargo/registry/src/index.crates.io-1949cf8c6b5b557f/crossbeam-queue-0.3.12/src/lib.rs","edition":"2021","doc":true,"doctest":true,"test":true},"profile":{"opt_level":"0","debuginfo":2,"debug_assertions":true,"overflow_checks":true,"test":false},"features":["alloc","std"],"filenames":["/Users/bradyjeong/Documents/Projects/Amp/gta4/gta_game/target/debug/deps/libcrossbeam_queue-13741724180512c8.rmeta"],"executable":null,"fresh":false}
    Checking bumpalo v3.17.0
{"reason":"compiler-artifact","package_id":"registry+https://github.com/rust-lang/crates.io-index#arrayvec@0.7.6","manifest_path":"/Users/bradyjeong/.cargo/registry/src/index.crates.io-1949cf8c6b5b557f/arrayvec-0.7.6/Cargo.toml","target":{"kind":["lib"],"crate_types":["lib"],"name":"arrayvec","src_path":"/Users/bradyjeong/.cargo/registry/src/index.crates.io-1949cf8c6b5b557f/arrayvec-0.7.6/src/lib.rs","edition":"2018","doc":true,"doctest":true,"test":true},"profile":{"opt_level":"0","debuginfo":2,"debug_assertions":true,"overflow_checks":true,"test":false},"features":["default","std"],"filenames":["/Users/bradyjeong/Documents/Projects/Amp/gta4/gta_game/target/debug/deps/libarrayvec-b02ffd5563236153.rmeta"],"executable":null,"fresh":false}
    Checking fixedbitset v0.5.7
{"reason":"build-script-executed","package_id":"registry+https://github.com/rust-lang/crates.io-index#getrandom@0.3.3","linked_libs":[],"linked_paths":[],"cfgs":[],"env":[],"out_dir":"/Users/bradyjeong/Documents/Projects/Amp/gta4/gta_game/target/debug/build/getrandom-f8df04d7761ad96f/out"}
{"reason":"compiler-artifact","package_id":"registry+https://github.com/rust-lang/crates.io-index#futures-lite@2.6.0","manifest_path":"/Users/bradyjeong/.cargo/registry/src/index.crates.io-1949cf8c6b5b557f/futures-lite-2.6.0/Cargo.toml","target":{"kind":["lib"],"crate_types":["lib"],"name":"futures_lite","src_path":"/Users/bradyjeong/.cargo/registry/src/index.crates.io-1949cf8c6b5b557f/futures-lite-2.6.0/src/lib.rs","edition":"2021","doc":true,"doctest":true,"test":true},"profile":{"opt_level":"0","debuginfo":2,"debug_assertions":true,"overflow_checks":true,"test":false},"features":["alloc","default","fastrand","futures-io","parking","race","std"],"filenames":["/Users/bradyjeong/Documents/Projects/Amp/gta4/gta_game/target/debug/deps/libfutures_lite-848bc78586e83996.rmeta"],"executable":null,"fresh":false}
{"reason":"compiler-artifact","package_id":"registry+https://github.com/rust-lang/crates.io-index#bumpalo@3.17.0","manifest_path":"/Users/bradyjeong/.cargo/registry/src/index.crates.io-1949cf8c6b5b557f/bumpalo-3.17.0/Cargo.toml","target":{"kind":["lib"],"crate_types":["lib"],"name":"bumpalo","src_path":"/Users/bradyjeong/.cargo/registry/src/index.crates.io-1949cf8c6b5b557f/bumpalo-3.17.0/src/lib.rs","edition":"2021","doc":true,"doctest":true,"test":true},"profile":{"opt_level":"0","debuginfo":2,"debug_assertions":true,"overflow_checks":true,"test":false},"features":["default"],"filenames":["/Users/bradyjeong/Documents/Projects/Amp/gta4/gta_game/target/debug/deps/libbumpalo-f3a0d7818955d9d4.rmeta"],"executable":null,"fresh":false}
{"reason":"compiler-artifact","package_id":"registry+https://github.com/rust-lang/crates.io-index#ppv-lite86@0.2.21","manifest_path":"/Users/bradyjeong/.cargo/registry/src/index.crates.io-1949cf8c6b5b557f/ppv-lite86-0.2.21/Cargo.toml","target":{"kind":["lib"],"crate_types":["lib"],"name":"ppv_lite86","src_path":"/Users/bradyjeong/.cargo/registry/src/index.crates.io-1949cf8c6b5b557f/ppv-lite86-0.2.21/src/lib.rs","edition":"2021","doc":true,"doctest":true,"test":true},"profile":{"opt_level":"0","debuginfo":2,"debug_assertions":true,"overflow_checks":true,"test":false},"features":["simd","std"],"filenames":["/Users/bradyjeong/Documents/Projects/Amp/gta4/gta_game/target/debug/deps/libppv_lite86-3736c9518ecf0a44.rmeta"],"executable":null,"fresh":false}
   Compiling parking_lot v0.12.4
    Checking memchr v2.7.4
    Checking rand_chacha v0.3.1
{"reason":"compiler-artifact","package_id":"registry+https://github.com/rust-lang/crates.io-index#nonmax@0.5.5","manifest_path":"/Users/bradyjeong/.cargo/registry/src/index.crates.io-1949cf8c6b5b557f/nonmax-0.5.5/Cargo.toml","target":{"kind":["lib"],"crate_types":["lib"],"name":"nonmax","src_path":"/Users/bradyjeong/.cargo/registry/src/index.crates.io-1949cf8c6b5b557f/nonmax-0.5.5/src/lib.rs","edition":"2018","doc":true,"doctest":true,"test":true},"profile":{"opt_level":"0","debuginfo":2,"debug_assertions":true,"overflow_checks":true,"test":false},"features":["default","std"],"filenames":["/Users/bradyjeong/Documents/Projects/Amp/gta4/gta_game/target/debug/deps/libnonmax-8e6b485a03053896.rmeta"],"executable":null,"fresh":false}
   Compiling paste v1.0.15
{"reason":"compiler-artifact","package_id":"registry+https://github.com/rust-lang/crates.io-index#parking_lot_core@0.9.11","manifest_path":"/Users/bradyjeong/.cargo/registry/src/index.crates.io-1949cf8c6b5b557f/parking_lot_core-0.9.11/Cargo.toml","target":{"kind":["lib"],"crate_types":["lib"],"name":"parking_lot_core","src_path":"/Users/bradyjeong/.cargo/registry/src/index.crates.io-1949cf8c6b5b557f/parking_lot_core-0.9.11/src/lib.rs","edition":"2021","doc":true,"doctest":true,"test":true},"profile":{"opt_level":"0","debuginfo":0,"debug_assertions":true,"overflow_checks":true,"test":false},"features":[],"filenames":["/Users/bradyjeong/Documents/Projects/Amp/gta4/gta_game/target/debug/deps/libparking_lot_core-391157bad07da88a.rlib","/Users/bradyjeong/Documents/Projects/Amp/gta4/gta_game/target/debug/deps/libparking_lot_core-391157bad07da88a.rmeta"],"executable":null,"fresh":false}
    Checking regex-syntax v0.8.5
{"reason":"compiler-artifact","package_id":"registry+https://github.com/rust-lang/crates.io-index#getrandom@0.3.3","manifest_path":"/Users/bradyjeong/.cargo/registry/src/index.crates.io-1949cf8c6b5b557f/getrandom-0.3.3/Cargo.toml","target":{"kind":["lib"],"crate_types":["lib"],"name":"getrandom","src_path":"/Users/bradyjeong/.cargo/registry/src/index.crates.io-1949cf8c6b5b557f/getrandom-0.3.3/src/lib.rs","edition":"2021","doc":true,"doctest":true,"test":true},"profile":{"opt_level":"0","debuginfo":2,"debug_assertions":true,"overflow_checks":true,"test":false},"features":["std"],"filenames":["/Users/bradyjeong/Documents/Projects/Amp/gta4/gta_game/target/debug/deps/libgetrandom-6d122abc974efbd2.rmeta"],"executable":null,"fresh":false}
{"reason":"compiler-artifact","package_id":"registry+https://github.com/rust-lang/crates.io-index#fixedbitset@0.5.7","manifest_path":"/Users/bradyjeong/.cargo/registry/src/index.crates.io-1949cf8c6b5b557f/fixedbitset-0.5.7/Cargo.toml","target":{"kind":["lib"],"crate_types":["lib"],"name":"fixedbitset","src_path":"/Users/bradyjeong/.cargo/registry/src/index.crates.io-1949cf8c6b5b557f/fixedbitset-0.5.7/src/lib.rs","edition":"2021","doc":true,"doctest":true,"test":true},"profile":{"opt_level":"0","debuginfo":2,"debug_assertions":true,"overflow_checks":true,"test":false},"features":["default","std"],"filenames":["/Users/bradyjeong/Documents/Projects/Amp/gta4/gta_game/target/debug/deps/libfixedbitset-3ad2bef1be7b039f.rmeta"],"executable":null,"fresh":false}
    Checking tracing-core v0.1.33
    Checking core-foundation-sys v0.8.7
{"reason":"compiler-artifact","package_id":"registry+https://github.com/rust-lang/crates.io-index#rand_chacha@0.3.1","manifest_path":"/Users/bradyjeong/.cargo/registry/src/index.crates.io-1949cf8c6b5b557f/rand_chacha-0.3.1/Cargo.toml","target":{"kind":["lib"],"crate_types":["lib"],"name":"rand_chacha","src_path":"/Users/bradyjeong/.cargo/registry/src/index.crates.io-1949cf8c6b5b557f/rand_chacha-0.3.1/src/lib.rs","edition":"2018","doc":true,"doctest":true,"test":true},"profile":{"opt_level":"0","debuginfo":2,"debug_assertions":true,"overflow_checks":true,"test":false},"features":["std"],"filenames":["/Users/bradyjeong/Documents/Projects/Amp/gta4/gta_game/target/debug/deps/librand_chacha-1ff2e73464ea4dd4.rmeta"],"executable":null,"fresh":false}
    Checking rand v0.8.5
{"reason":"compiler-artifact","package_id":"registry+https://github.com/rust-lang/crates.io-index#nix@0.30.1","manifest_path":"/Users/bradyjeong/.cargo/registry/src/index.crates.io-1949cf8c6b5b557f/nix-0.30.1/Cargo.toml","target":{"kind":["custom-build"],"crate_types":["bin"],"name":"build-script-build","src_path":"/Users/bradyjeong/.cargo/registry/src/index.crates.io-1949cf8c6b5b557f/nix-0.30.1/build.rs","edition":"2021","doc":false,"doctest":false,"test":false},"profile":{"opt_level":"0","debuginfo":0,"debug_assertions":true,"overflow_checks":true,"test":false},"features":["fs","process","signal"],"filenames":["/Users/bradyjeong/Documents/Projects/Amp/gta4/gta_game/target/debug/build/nix-12f7859c11aa63bc/build-script-build"],"executable":null,"fresh":false}
{"reason":"compiler-artifact","package_id":"registry+https://github.com/rust-lang/crates.io-index#paste@1.0.15","manifest_path":"/Users/bradyjeong/.cargo/registry/src/index.crates.io-1949cf8c6b5b557f/paste-1.0.15/Cargo.toml","target":{"kind":["custom-build"],"crate_types":["bin"],"name":"build-script-build","src_path":"/Users/bradyjeong/.cargo/registry/src/index.crates.io-1949cf8c6b5b557f/paste-1.0.15/build.rs","edition":"2018","doc":false,"doctest":false,"test":false},"profile":{"opt_level":"0","debuginfo":0,"debug_assertions":true,"overflow_checks":true,"test":false},"features":[],"filenames":["/Users/bradyjeong/Documents/Projects/Amp/gta4/gta_game/target/debug/build/paste-e0771ba8f46536aa/build-script-build"],"executable":null,"fresh":false}
{"reason":"build-script-executed","package_id":"registry+https://github.com/rust-lang/crates.io-index#thiserror@2.0.12","linked_libs":[],"linked_paths":[],"cfgs":[],"env":[],"out_dir":"/Users/bradyjeong/Documents/Projects/Amp/gta4/gta_game/target/debug/build/thiserror-542e73ef08f263e8/out"}
    Checking bitflags v1.3.2
{"reason":"compiler-artifact","package_id":"registry+https://github.com/rust-lang/crates.io-index#core-foundation-sys@0.8.7","manifest_path":"/Users/bradyjeong/.cargo/registry/src/index.crates.io-1949cf8c6b5b557f/core-foundation-sys-0.8.7/Cargo.toml","target":{"kind":["lib"],"crate_types":["lib"],"name":"core_foundation_sys","src_path":"/Users/bradyjeong/.cargo/registry/src/index.crates.io-1949cf8c6b5b557f/core-foundation-sys-0.8.7/src/lib.rs","edition":"2018","doc":true,"doctest":true,"test":true},"profile":{"opt_level":"0","debuginfo":2,"debug_assertions":true,"overflow_checks":true,"test":false},"features":["default","link"],"filenames":["/Users/bradyjeong/Documents/Projects/Amp/gta4/gta_game/target/debug/deps/libcore_foundation_sys-d39f11151a37a4fd.rmeta"],"executable":null,"fresh":false}
    Checking bit-vec v0.8.0
{"reason":"compiler-artifact","package_id":"registry+https://github.com/rust-lang/crates.io-index#memchr@2.7.4","manifest_path":"/Users/bradyjeong/.cargo/registry/src/index.crates.io-1949cf8c6b5b557f/memchr-2.7.4/Cargo.toml","target":{"kind":["lib"],"crate_types":["lib"],"name":"memchr","src_path":"/Users/bradyjeong/.cargo/registry/src/index.crates.io-1949cf8c6b5b557f/memchr-2.7.4/src/lib.rs","edition":"2021","doc":true,"doctest":true,"test":true},"profile":{"opt_level":"0","debuginfo":2,"debug_assertions":true,"overflow_checks":true,"test":false},"features":["alloc","std"],"filenames":["/Users/bradyjeong/Documents/Projects/Amp/gta4/gta_game/target/debug/deps/libmemchr-85a76b7b0ca667e6.rmeta"],"executable":null,"fresh":false}
    Checking lazy_static v1.5.0
{"reason":"compiler-artifact","package_id":"registry+https://github.com/rust-lang/crates.io-index#bitflags@1.3.2","manifest_path":"/Users/bradyjeong/.cargo/registry/src/index.crates.io-1949cf8c6b5b557f/bitflags-1.3.2/Cargo.toml","target":{"kind":["lib"],"crate_types":["lib"],"name":"bitflags","src_path":"/Users/bradyjeong/.cargo/registry/src/index.crates.io-1949cf8c6b5b557f/bitflags-1.3.2/src/lib.rs","edition":"2018","doc":true,"doctest":true,"test":true},"profile":{"opt_level":"0","debuginfo":2,"debug_assertions":true,"overflow_checks":true,"test":false},"features":["default"],"filenames":["/Users/bradyjeong/Documents/Projects/Amp/gta4/gta_game/target/debug/deps/libbitflags-b978c9d150eee173.rmeta"],"executable":null,"fresh":false}
    Checking aho-corasick v1.1.3
{"reason":"compiler-artifact","package_id":"registry+https://github.com/rust-lang/crates.io-index#parking_lot@0.12.4","manifest_path":"/Users/bradyjeong/.cargo/registry/src/index.crates.io-1949cf8c6b5b557f/parking_lot-0.12.4/Cargo.toml","target":{"kind":["lib"],"crate_types":["lib"],"name":"parking_lot","src_path":"/Users/bradyjeong/.cargo/registry/src/index.crates.io-1949cf8c6b5b557f/parking_lot-0.12.4/src/lib.rs","edition":"2021","doc":true,"doctest":true,"test":true},"profile":{"opt_level":"0","debuginfo":0,"debug_assertions":true,"overflow_checks":true,"test":false},"features":["default"],"filenames":["/Users/bradyjeong/Documents/Projects/Amp/gta4/gta_game/target/debug/deps/libparking_lot-e871ed36ac25fc6c.rlib","/Users/bradyjeong/Documents/Projects/Amp/gta4/gta_game/target/debug/deps/libparking_lot-e871ed36ac25fc6c.rmeta"],"executable":null,"fresh":false}
    Checking core-foundation v0.9.4
{"reason":"compiler-artifact","package_id":"registry+https://github.com/rust-lang/crates.io-index#tracing-core@0.1.33","manifest_path":"/Users/bradyjeong/.cargo/registry/src/index.crates.io-1949cf8c6b5b557f/tracing-core-0.1.33/Cargo.toml","target":{"kind":["lib"],"crate_types":["lib"],"name":"tracing_core","src_path":"/Users/bradyjeong/.cargo/registry/src/index.crates.io-1949cf8c6b5b557f/tracing-core-0.1.33/src/lib.rs","edition":"2018","doc":true,"doctest":true,"test":true},"profile":{"opt_level":"0","debuginfo":2,"debug_assertions":true,"overflow_checks":true,"test":false},"features":["default","once_cell","std"],"filenames":["/Users/bradyjeong/Documents/Projects/Amp/gta4/gta_game/target/debug/deps/libtracing_core-9ae9fbe9d9875caa.rmeta"],"executable":null,"fresh":false}
    Checking event-listener v5.4.0
{"reason":"compiler-artifact","package_id":"registry+https://github.com/rust-lang/crates.io-index#lazy_static@1.5.0","manifest_path":"/Users/bradyjeong/.cargo/registry/src/index.crates.io-1949cf8c6b5b557f/lazy_static-1.5.0/Cargo.toml","target":{"kind":["lib"],"crate_types":["lib"],"name":"lazy_static","src_path":"/Users/bradyjeong/.cargo/registry/src/index.crates.io-1949cf8c6b5b557f/lazy_static-1.5.0/src/lib.rs","edition":"2015","doc":true,"doctest":true,"test":true},"profile":{"opt_level":"0","debuginfo":2,"debug_assertions":true,"overflow_checks":true,"test":false},"features":[],"filenames":["/Users/bradyjeong/Documents/Projects/Amp/gta4/gta_game/target/debug/deps/liblazy_static-96a0a5f83a75b9d3.rmeta"],"executable":null,"fresh":false}
    Checking itertools v0.14.0
{"reason":"build-script-executed","package_id":"registry+https://github.com/rust-lang/crates.io-index#getrandom@0.3.3","linked_libs":[],"linked_paths":[],"cfgs":[],"env":[],"out_dir":"/Users/bradyjeong/Documents/Projects/Amp/gta4/gta_game/target/debug/build/getrandom-0db1393bd7c37b8e/out"}
{"reason":"compiler-artifact","package_id":"registry+https://github.com/rust-lang/crates.io-index#bit-vec@0.8.0","manifest_path":"/Users/bradyjeong/.cargo/registry/src/index.crates.io-1949cf8c6b5b557f/bit-vec-0.8.0/Cargo.toml","target":{"kind":["lib"],"crate_types":["lib"],"name":"bit_vec","src_path":"/Users/bradyjeong/.cargo/registry/src/index.crates.io-1949cf8c6b5b557f/bit-vec-0.8.0/src/lib.rs","edition":"2015","doc":true,"doctest":true,"test":true},"profile":{"opt_level":"0","debuginfo":2,"debug_assertions":true,"overflow_checks":true,"test":false},"features":["default","std"],"filenames":["/Users/bradyjeong/Documents/Projects/Amp/gta4/gta_game/target/debug/deps/libbit_vec-aaaccd46ba0e7547.rmeta"],"executable":null,"fresh":false}
    Checking bit-set v0.8.0
{"reason":"compiler-artifact","package_id":"registry+https://github.com/rust-lang/crates.io-index#event-listener@5.4.0","manifest_path":"/Users/bradyjeong/.cargo/registry/src/index.crates.io-1949cf8c6b5b557f/event-listener-5.4.0/Cargo.toml","target":{"kind":["lib"],"crate_types":["lib"],"name":"event_listener","src_path":"/Users/bradyjeong/.cargo/registry/src/index.crates.io-1949cf8c6b5b557f/event-listener-5.4.0/src/lib.rs","edition":"2021","doc":true,"doctest":true,"test":true},"profile":{"opt_level":"0","debuginfo":2,"debug_assertions":true,"overflow_checks":true,"test":false},"features":["default","parking","std"],"filenames":["/Users/bradyjeong/Documents/Projects/Amp/gta4/gta_game/target/debug/deps/libevent_listener-41c6e279cf1a65c8.rmeta"],"executable":null,"fresh":false}
{"reason":"compiler-artifact","package_id":"registry+https://github.com/rust-lang/crates.io-index#core-foundation@0.9.4","manifest_path":"/Users/bradyjeong/.cargo/registry/src/index.crates.io-1949cf8c6b5b557f/core-foundation-0.9.4/Cargo.toml","target":{"kind":["lib"],"crate_types":["lib"],"name":"core_foundation","src_path":"/Users/bradyjeong/.cargo/registry/src/index.crates.io-1949cf8c6b5b557f/core-foundation-0.9.4/src/lib.rs","edition":"2018","doc":true,"doctest":true,"test":true},"profile":{"opt_level":"0","debuginfo":2,"debug_assertions":true,"overflow_checks":true,"test":false},"features":["default","link"],"filenames":["/Users/bradyjeong/Documents/Projects/Amp/gta4/gta_game/target/debug/deps/libcore_foundation-dd01cf36b1ffcdae.rmeta"],"executable":null,"fresh":false}
   Compiling uuid v1.17.0
{"reason":"compiler-artifact","package_id":"registry+https://github.com/rust-lang/crates.io-index#getrandom@0.3.3","manifest_path":"/Users/bradyjeong/.cargo/registry/src/index.crates.io-1949cf8c6b5b557f/getrandom-0.3.3/Cargo.toml","target":{"kind":["lib"],"crate_types":["lib"],"name":"getrandom","src_path":"/Users/bradyjeong/.cargo/registry/src/index.crates.io-1949cf8c6b5b557f/getrandom-0.3.3/src/lib.rs","edition":"2021","doc":true,"doctest":true,"test":true},"profile":{"opt_level":"0","debuginfo":0,"debug_assertions":true,"overflow_checks":true,"test":false},"features":[],"filenames":["/Users/bradyjeong/Documents/Projects/Amp/gta4/gta_game/target/debug/deps/libgetrandom-562bf6fc4149f89e.rlib","/Users/bradyjeong/Documents/Projects/Amp/gta4/gta_game/target/debug/deps/libgetrandom-562bf6fc4149f89e.rmeta"],"executable":null,"fresh":false}
   Compiling rustversion v1.0.21
{"reason":"compiler-artifact","package_id":"registry+https://github.com/rust-lang/crates.io-index#bit-set@0.8.0","manifest_path":"/Users/bradyjeong/.cargo/registry/src/index.crates.io-1949cf8c6b5b557f/bit-set-0.8.0/Cargo.toml","target":{"kind":["lib"],"crate_types":["lib"],"name":"bit_set","src_path":"/Users/bradyjeong/.cargo/registry/src/index.crates.io-1949cf8c6b5b557f/bit-set-0.8.0/src/lib.rs","edition":"2015","doc":true,"doctest":true,"test":true},"profile":{"opt_level":"0","debuginfo":2,"debug_assertions":true,"overflow_checks":true,"test":false},"features":["default","std"],"filenames":["/Users/bradyjeong/Documents/Projects/Amp/gta4/gta_game/target/debug/deps/libbit_set-68b86d0c7373f2d1.rmeta"],"executable":null,"fresh":false}
    Checking foreign-types-shared v0.3.1
{"reason":"compiler-artifact","package_id":"registry+https://github.com/rust-lang/crates.io-index#rand@0.8.5","manifest_path":"/Users/bradyjeong/.cargo/registry/src/index.crates.io-1949cf8c6b5b557f/rand-0.8.5/Cargo.toml","target":{"kind":["lib"],"crate_types":["lib"],"name":"rand","src_path":"/Users/bradyjeong/.cargo/registry/src/index.crates.io-1949cf8c6b5b557f/rand-0.8.5/src/lib.rs","edition":"2018","doc":true,"doctest":true,"test":true},"profile":{"opt_level":"0","debuginfo":2,"debug_assertions":true,"overflow_checks":true,"test":false},"features":["alloc","default","getrandom","libc","rand_chacha","std","std_rng"],"filenames":["/Users/bradyjeong/Documents/Projects/Amp/gta4/gta_game/target/debug/deps/librand-3d64534a6f649ed0.rmeta"],"executable":null,"fresh":false}
    Checking rand_distr v0.4.3
{"reason":"compiler-artifact","package_id":"registry+https://github.com/rust-lang/crates.io-index#toml_edit@0.22.26","manifest_path":"/Users/bradyjeong/.cargo/registry/src/index.crates.io-1949cf8c6b5b557f/toml_edit-0.22.26/Cargo.toml","target":{"kind":["lib"],"crate_types":["lib"],"name":"toml_edit","src_path":"/Users/bradyjeong/.cargo/registry/src/index.crates.io-1949cf8c6b5b557f/toml_edit-0.22.26/src/lib.rs","edition":"2021","doc":true,"doctest":true,"test":true},"profile":{"opt_level":"0","debuginfo":0,"debug_assertions":true,"overflow_checks":true,"test":false},"features":["parse"],"filenames":["/Users/bradyjeong/Documents/Projects/Amp/gta4/gta_game/target/debug/deps/libtoml_edit-3f5418587e090f5d.rlib","/Users/bradyjeong/Documents/Projects/Amp/gta4/gta_game/target/debug/deps/libtoml_edit-3f5418587e090f5d.rmeta"],"executable":null,"fresh":false}
    Checking core-graphics-types v0.1.3
{"reason":"compiler-artifact","package_id":"registry+https://github.com/rust-lang/crates.io-index#foreign-types-shared@0.3.1","manifest_path":"/Users/bradyjeong/.cargo/registry/src/index.crates.io-1949cf8c6b5b557f/foreign-types-shared-0.3.1/Cargo.toml","target":{"kind":["lib"],"crate_types":["lib"],"name":"foreign_types_shared","src_path":"/Users/bradyjeong/.cargo/registry/src/index.crates.io-1949cf8c6b5b557f/foreign-types-shared-0.3.1/src/lib.rs","edition":"2018","doc":true,"doctest":true,"test":true},"profile":{"opt_level":"0","debuginfo":2,"debug_assertions":true,"overflow_checks":true,"test":false},"features":[],"filenames":["/Users/bradyjeong/Documents/Projects/Amp/gta4/gta_game/target/debug/deps/libforeign_types_shared-57d4920d55beb1f5.rmeta"],"executable":null,"fresh":false}
    Checking event-listener-strategy v0.5.4
{"reason":"build-script-executed","package_id":"registry+https://github.com/rust-lang/crates.io-index#typeid@1.0.3","linked_libs":[],"linked_paths":[],"cfgs":[],"env":[],"out_dir":"/Users/bradyjeong/Documents/Projects/Amp/gta4/gta_game/target/debug/build/typeid-e6dbb689897737dc/out"}
{"reason":"compiler-artifact","package_id":"registry+https://github.com/rust-lang/crates.io-index#core-graphics-types@0.1.3","manifest_path":"/Users/bradyjeong/.cargo/registry/src/index.crates.io-1949cf8c6b5b557f/core-graphics-types-0.1.3/Cargo.toml","target":{"kind":["lib"],"crate_types":["lib"],"name":"core_graphics_types","src_path":"/Users/bradyjeong/.cargo/registry/src/index.crates.io-1949cf8c6b5b557f/core-graphics-types-0.1.3/src/lib.rs","edition":"2018","doc":true,"doctest":true,"test":true},"profile":{"opt_level":"0","debuginfo":2,"debug_assertions":true,"overflow_checks":true,"test":false},"features":["default","link"],"filenames":["/Users/bradyjeong/Documents/Projects/Amp/gta4/gta_game/target/debug/deps/libcore_graphics_types-a80f27517ad86533.rmeta"],"executable":null,"fresh":false}
{"reason":"compiler-artifact","package_id":"registry+https://github.com/rust-lang/crates.io-index#typeid@1.0.3","manifest_path":"/Users/bradyjeong/.cargo/registry/src/index.crates.io-1949cf8c6b5b557f/typeid-1.0.3/Cargo.toml","target":{"kind":["lib"],"crate_types":["lib"],"name":"typeid","src_path":"/Users/bradyjeong/.cargo/registry/src/index.crates.io-1949cf8c6b5b557f/typeid-1.0.3/src/lib.rs","edition":"2018","doc":true,"doctest":true,"test":true},"profile":{"opt_level":"0","debuginfo":2,"debug_assertions":true,"overflow_checks":true,"test":false},"features":[],"filenames":["/Users/bradyjeong/Documents/Projects/Amp/gta4/gta_game/target/debug/deps/libtypeid-f9b0c3e61f7d5937.rmeta"],"executable":null,"fresh":false}
    Checking base64 v0.21.7
{"reason":"compiler-artifact","package_id":"registry+https://github.com/rust-lang/crates.io-index#event-listener-strategy@0.5.4","manifest_path":"/Users/bradyjeong/.cargo/registry/src/index.crates.io-1949cf8c6b5b557f/event-listener-strategy-0.5.4/Cargo.toml","target":{"kind":["lib"],"crate_types":["lib"],"name":"event_listener_strategy","src_path":"/Users/bradyjeong/.cargo/registry/src/index.crates.io-1949cf8c6b5b557f/event-listener-strategy-0.5.4/src/lib.rs","edition":"2021","doc":true,"doctest":true,"test":true},"profile":{"opt_level":"0","debuginfo":2,"debug_assertions":true,"overflow_checks":true,"test":false},"features":["default","std"],"filenames":["/Users/bradyjeong/Documents/Projects/Amp/gta4/gta_game/target/debug/deps/libevent_listener_strategy-f9435cd484ac72cb.rmeta"],"executable":null,"fresh":false}
    Checking raw-window-handle v0.6.2
{"reason":"compiler-artifact","package_id":"registry+https://github.com/rust-lang/crates.io-index#lock_api@0.4.13","manifest_path":"/Users/bradyjeong/.cargo/registry/src/index.crates.io-1949cf8c6b5b557f/lock_api-0.4.13/Cargo.toml","target":{"kind":["custom-build"],"crate_types":["bin"],"name":"build-script-build","src_path":"/Users/bradyjeong/.cargo/registry/src/index.crates.io-1949cf8c6b5b557f/lock_api-0.4.13/build.rs","edition":"2021","doc":false,"doctest":false,"test":false},"profile":{"opt_level":"0","debuginfo":0,"debug_assertions":true,"overflow_checks":true,"test":false},"features":["arc_lock","atomic_usize","default"],"filenames":["/Users/bradyjeong/Documents/Projects/Amp/gta4/gta_game/target/debug/build/lock_api-efe9ba9be439b979/build-script-build"],"executable":null,"fresh":false}
{"reason":"compiler-artifact","package_id":"registry+https://github.com/rust-lang/crates.io-index#scopeguard@1.2.0","manifest_path":"/Users/bradyjeong/.cargo/registry/src/index.crates.io-1949cf8c6b5b557f/scopeguard-1.2.0/Cargo.toml","target":{"kind":["lib"],"crate_types":["lib"],"name":"scopeguard","src_path":"/Users/bradyjeong/.cargo/registry/src/index.crates.io-1949cf8c6b5b557f/scopeguard-1.2.0/src/lib.rs","edition":"2015","doc":true,"doctest":true,"test":true},"profile":{"opt_level":"0","debuginfo":2,"debug_assertions":true,"overflow_checks":true,"test":false},"features":[],"filenames":["/Users/bradyjeong/Documents/Projects/Amp/gta4/gta_game/target/debug/deps/libscopeguard-e552f6a39c2e09d6.rmeta"],"executable":null,"fresh":false}
    Checking crossbeam-channel v0.5.15
{"reason":"compiler-artifact","package_id":"registry+https://github.com/rust-lang/crates.io-index#uuid@1.17.0","manifest_path":"/Users/bradyjeong/.cargo/registry/src/index.crates.io-1949cf8c6b5b557f/uuid-1.17.0/Cargo.toml","target":{"kind":["lib"],"crate_types":["lib"],"name":"uuid","src_path":"/Users/bradyjeong/.cargo/registry/src/index.crates.io-1949cf8c6b5b557f/uuid-1.17.0/src/lib.rs","edition":"2018","doc":true,"doctest":true,"test":true},"profile":{"opt_level":"0","debuginfo":0,"debug_assertions":true,"overflow_checks":true,"test":false},"features":["default","rng","std","v4"],"filenames":["/Users/bradyjeong/Documents/Projects/Amp/gta4/gta_game/target/debug/deps/libuuid-faf525fc4d675ec0.rlib","/Users/bradyjeong/Documents/Projects/Amp/gta4/gta_game/target/debug/deps/libuuid-faf525fc4d675ec0.rmeta"],"executable":null,"fresh":false}
    Checking half v2.6.0
{"reason":"compiler-artifact","package_id":"registry+https://github.com/rust-lang/crates.io-index#raw-window-handle@0.6.2","manifest_path":"/Users/bradyjeong/.cargo/registry/src/index.crates.io-1949cf8c6b5b557f/raw-window-handle-0.6.2/Cargo.toml","target":{"kind":["lib"],"crate_types":["lib"],"name":"raw_window_handle","src_path":"/Users/bradyjeong/.cargo/registry/src/index.crates.io-1949cf8c6b5b557f/raw-window-handle-0.6.2/src/lib.rs","edition":"2021","doc":true,"doctest":true,"test":true},"profile":{"opt_level":"0","debuginfo":2,"debug_assertions":true,"overflow_checks":true,"test":false},"features":["alloc","std"],"filenames":["/Users/bradyjeong/Documents/Projects/Amp/gta4/gta_game/target/debug/deps/libraw_window_handle-fb9ead8683688c61.rmeta"],"executable":null,"fresh":false}
   Compiling heck v0.5.0
{"reason":"compiler-artifact","package_id":"registry+https://github.com/rust-lang/crates.io-index#rand_distr@0.4.3","manifest_path":"/Users/bradyjeong/.cargo/registry/src/index.crates.io-1949cf8c6b5b557f/rand_distr-0.4.3/Cargo.toml","target":{"kind":["lib"],"crate_types":["lib"],"name":"rand_distr","src_path":"/Users/bradyjeong/.cargo/registry/src/index.crates.io-1949cf8c6b5b557f/rand_distr-0.4.3/src/lib.rs","edition":"2018","doc":true,"doctest":true,"test":true},"profile":{"opt_level":"0","debuginfo":2,"debug_assertions":true,"overflow_checks":true,"test":false},"features":["alloc","default","std"],"filenames":["/Users/bradyjeong/Documents/Projects/Amp/gta4/gta_game/target/debug/deps/librand_distr-0d05f515ad1f0237.rmeta"],"executable":null,"fresh":false}
    Checking regex-syntax v0.6.29
{"reason":"compiler-artifact","package_id":"registry+https://github.com/rust-lang/crates.io-index#base64@0.21.7","manifest_path":"/Users/bradyjeong/.cargo/registry/src/index.crates.io-1949cf8c6b5b557f/base64-0.21.7/Cargo.toml","target":{"kind":["lib"],"crate_types":["lib"],"name":"base64","src_path":"/Users/bradyjeong/.cargo/registry/src/index.crates.io-1949cf8c6b5b557f/base64-0.21.7/src/lib.rs","edition":"2018","doc":true,"doctest":true,"test":true},"profile":{"opt_level":"0","debuginfo":2,"debug_assertions":true,"overflow_checks":true,"test":false},"features":["alloc","default","std"],"filenames":["/Users/bradyjeong/Documents/Projects/Amp/gta4/gta_game/target/debug/deps/libbase64-4c7bea8bab718514.rmeta"],"executable":null,"fresh":false}
{"reason":"build-script-executed","package_id":"registry+https://github.com/rust-lang/crates.io-index#slab@0.4.9","linked_libs":[],"linked_paths":[],"cfgs":[],"env":[],"out_dir":"/Users/bradyjeong/Documents/Projects/Amp/gta4/gta_game/target/debug/build/slab-ea836004af215ca7/out"}
   Compiling shlex v1.3.0
{"reason":"compiler-artifact","package_id":"registry+https://github.com/rust-lang/crates.io-index#rustversion@1.0.21","manifest_path":"/Users/bradyjeong/.cargo/registry/src/index.crates.io-1949cf8c6b5b557f/rustversion-1.0.21/Cargo.toml","target":{"kind":["custom-build"],"crate_types":["bin"],"name":"build-script-build","src_path":"/Users/bradyjeong/.cargo/registry/src/index.crates.io-1949cf8c6b5b557f/rustversion-1.0.21/build/build.rs","edition":"2018","doc":false,"doctest":false,"test":false},"profile":{"opt_level":"0","debuginfo":0,"debug_assertions":true,"overflow_checks":true,"test":false},"features":[],"filenames":["/Users/bradyjeong/Documents/Projects/Amp/gta4/gta_game/target/debug/build/rustversion-2b5ca5f0e8fc8c9d/build-script-build"],"executable":null,"fresh":false}
{"reason":"compiler-artifact","package_id":"registry+https://github.com/rust-lang/crates.io-index#aho-corasick@1.1.3","manifest_path":"/Users/bradyjeong/.cargo/registry/src/index.crates.io-1949cf8c6b5b557f/aho-corasick-1.1.3/Cargo.toml","target":{"kind":["lib"],"crate_types":["lib"],"name":"aho_corasick","src_path":"/Users/bradyjeong/.cargo/registry/src/index.crates.io-1949cf8c6b5b557f/aho-corasick-1.1.3/src/lib.rs","edition":"2021","doc":true,"doctest":true,"test":true},"profile":{"opt_level":"0","debuginfo":2,"debug_assertions":true,"overflow_checks":true,"test":false},"features":["perf-literal","std"],"filenames":["/Users/bradyjeong/Documents/Projects/Amp/gta4/gta_game/target/debug/deps/libaho_corasick-d217943734404889.rmeta"],"executable":null,"fresh":false}
   Compiling thiserror v1.0.69
{"reason":"compiler-artifact","package_id":"registry+https://github.com/rust-lang/crates.io-index#half@2.6.0","manifest_path":"/Users/bradyjeong/.cargo/registry/src/index.crates.io-1949cf8c6b5b557f/half-2.6.0/Cargo.toml","target":{"kind":["lib"],"crate_types":["lib"],"name":"half","src_path":"/Users/bradyjeong/.cargo/registry/src/index.crates.io-1949cf8c6b5b557f/half-2.6.0/src/lib.rs","edition":"2021","doc":true,"doctest":true,"test":true},"profile":{"opt_level":"0","debuginfo":2,"debug_assertions":true,"overflow_checks":true,"test":false},"features":["alloc","default","std"],"filenames":["/Users/bradyjeong/Documents/Projects/Amp/gta4/gta_game/target/debug/deps/libhalf-7fbb5690ed34f86e.rmeta"],"executable":null,"fresh":false}
   Compiling cc v1.2.25
{"reason":"compiler-artifact","package_id":"registry+https://github.com/rust-lang/crates.io-index#slab@0.4.9","manifest_path":"/Users/bradyjeong/.cargo/registry/src/index.crates.io-1949cf8c6b5b557f/slab-0.4.9/Cargo.toml","target":{"kind":["lib"],"crate_types":["lib"],"name":"slab","src_path":"/Users/bradyjeong/.cargo/registry/src/index.crates.io-1949cf8c6b5b557f/slab-0.4.9/src/lib.rs","edition":"2018","doc":true,"doctest":true,"test":true},"profile":{"opt_level":"0","debuginfo":2,"debug_assertions":true,"overflow_checks":true,"test":false},"features":["default","std"],"filenames":["/Users/bradyjeong/Documents/Projects/Amp/gta4/gta_game/target/debug/deps/libslab-f6b0f24932fa19d0.rmeta"],"executable":null,"fresh":false}
    Checking async-executor v1.13.2
{"reason":"compiler-artifact","package_id":"registry+https://github.com/rust-lang/crates.io-index#shlex@1.3.0","manifest_path":"/Users/bradyjeong/.cargo/registry/src/index.crates.io-1949cf8c6b5b557f/shlex-1.3.0/Cargo.toml","target":{"kind":["lib"],"crate_types":["lib"],"name":"shlex","src_path":"/Users/bradyjeong/.cargo/registry/src/index.crates.io-1949cf8c6b5b557f/shlex-1.3.0/src/lib.rs","edition":"2015","doc":true,"doctest":true,"test":true},"profile":{"opt_level":"0","debuginfo":0,"debug_assertions":true,"overflow_checks":true,"test":false},"features":["default","std"],"filenames":["/Users/bradyjeong/Documents/Projects/Amp/gta4/gta_game/target/debug/deps/libshlex-0dc44f95a1c7286e.rlib","/Users/bradyjeong/Documents/Projects/Amp/gta4/gta_game/target/debug/deps/libshlex-0dc44f95a1c7286e.rmeta"],"executable":null,"fresh":false}
   Compiling naga v24.0.0
{"reason":"compiler-artifact","package_id":"registry+https://github.com/rust-lang/crates.io-index#heck@0.5.0","manifest_path":"/Users/bradyjeong/.cargo/registry/src/index.crates.io-1949cf8c6b5b557f/heck-0.5.0/Cargo.toml","target":{"kind":["lib"],"crate_types":["lib"],"name":"heck","src_path":"/Users/bradyjeong/.cargo/registry/src/index.crates.io-1949cf8c6b5b557f/heck-0.5.0/src/lib.rs","edition":"2021","doc":true,"doctest":true,"test":true},"profile":{"opt_level":"0","debuginfo":0,"debug_assertions":true,"overflow_checks":true,"test":false},"features":[],"filenames":["/Users/bradyjeong/Documents/Projects/Amp/gta4/gta_game/target/debug/deps/libheck-6bb8706c8a3cd1f3.rlib","/Users/bradyjeong/Documents/Projects/Amp/gta4/gta_game/target/debug/deps/libheck-6bb8706c8a3cd1f3.rmeta"],"executable":null,"fresh":false}
    Checking overload v0.1.1
{"reason":"build-script-executed","package_id":"registry+https://github.com/rust-lang/crates.io-index#nix@0.30.1","linked_libs":[],"linked_paths":[],"cfgs":["macos","apple_targets","bsd"],"env":[],"out_dir":"/Users/bradyjeong/Documents/Projects/Amp/gta4/gta_game/target/debug/build/nix-ebfd33f2b5a0dc4c/out"}
{"reason":"compiler-artifact","package_id":"registry+https://github.com/rust-lang/crates.io-index#crossbeam-channel@0.5.15","manifest_path":"/Users/bradyjeong/.cargo/registry/src/index.crates.io-1949cf8c6b5b557f/crossbeam-channel-0.5.15/Cargo.toml","target":{"kind":["lib"],"crate_types":["lib"],"name":"crossbeam_channel","src_path":"/Users/bradyjeong/.cargo/registry/src/index.crates.io-1949cf8c6b5b557f/crossbeam-channel-0.5.15/src/lib.rs","edition":"2021","doc":true,"doctest":true,"test":true},"profile":{"opt_level":"0","debuginfo":2,"debug_assertions":true,"overflow_checks":true,"test":false},"features":["default","std"],"filenames":["/Users/bradyjeong/Documents/Projects/Amp/gta4/gta_game/target/debug/deps/libcrossbeam_channel-09934d26d58f4e90.rmeta"],"executable":null,"fresh":false}
    Checking rustc-hash v1.1.0
{"reason":"compiler-artifact","package_id":"registry+https://github.com/rust-lang/crates.io-index#overload@0.1.1","manifest_path":"/Users/bradyjeong/.cargo/registry/src/index.crates.io-1949cf8c6b5b557f/overload-0.1.1/Cargo.toml","target":{"kind":["lib"],"crate_types":["lib"],"name":"overload","src_path":"/Users/bradyjeong/.cargo/registry/src/index.crates.io-1949cf8c6b5b557f/overload-0.1.1/src/lib.rs","edition":"2018","doc":true,"doctest":true,"test":true},"profile":{"opt_level":"0","debuginfo":2,"debug_assertions":true,"overflow_checks":true,"test":false},"features":[],"filenames":["/Users/bradyjeong/Documents/Projects/Amp/gta4/gta_game/target/debug/deps/liboverload-abc7eedc1992d9d2.rmeta"],"executable":null,"fresh":false}
    Checking termcolor v1.4.1
{"reason":"compiler-artifact","package_id":"registry+https://github.com/rust-lang/crates.io-index#unicode-xid@0.2.6","manifest_path":"/Users/bradyjeong/.cargo/registry/src/index.crates.io-1949cf8c6b5b557f/unicode-xid-0.2.6/Cargo.toml","target":{"kind":["lib"],"crate_types":["lib"],"name":"unicode_xid","src_path":"/Users/bradyjeong/.cargo/registry/src/index.crates.io-1949cf8c6b5b557f/unicode-xid-0.2.6/src/lib.rs","edition":"2015","doc":true,"doctest":true,"test":true},"profile":{"opt_level":"0","debuginfo":2,"debug_assertions":true,"overflow_checks":true,"test":false},"features":["default"],"filenames":["/Users/bradyjeong/Documents/Projects/Amp/gta4/gta_game/target/debug/deps/libunicode_xid-58c63cf1a24eb31b.rmeta"],"executable":null,"fresh":false}
    Checking unicode-width v0.1.14
{"reason":"compiler-artifact","package_id":"registry+https://github.com/rust-lang/crates.io-index#rustc-hash@1.1.0","manifest_path":"/Users/bradyjeong/.cargo/registry/src/index.crates.io-1949cf8c6b5b557f/rustc-hash-1.1.0/Cargo.toml","target":{"kind":["lib"],"crate_types":["lib"],"name":"rustc_hash","src_path":"/Users/bradyjeong/.cargo/registry/src/index.crates.io-1949cf8c6b5b557f/rustc-hash-1.1.0/src/lib.rs","edition":"2015","doc":true,"doctest":true,"test":true},"profile":{"opt_level":"0","debuginfo":2,"debug_assertions":true,"overflow_checks":true,"test":false},"features":["default","std"],"filenames":["/Users/bradyjeong/Documents/Projects/Amp/gta4/gta_game/target/debug/deps/librustc_hash-a327b3d301c93f3f.rmeta"],"executable":null,"fresh":false}
    Checking pp-rs v0.2.1
{"reason":"compiler-artifact","package_id":"registry+https://github.com/rust-lang/crates.io-index#async-executor@1.13.2","manifest_path":"/Users/bradyjeong/.cargo/registry/src/index.crates.io-1949cf8c6b5b557f/async-executor-1.13.2/Cargo.toml","target":{"kind":["lib"],"crate_types":["lib"],"name":"async_executor","src_path":"/Users/bradyjeong/.cargo/registry/src/index.crates.io-1949cf8c6b5b557f/async-executor-1.13.2/src/lib.rs","edition":"2021","doc":true,"doctest":true,"test":true},"profile":{"opt_level":"0","debuginfo":2,"debug_assertions":true,"overflow_checks":true,"test":false},"features":[],"filenames":["/Users/bradyjeong/Documents/Projects/Amp/gta4/gta_game/target/debug/deps/libasync_executor-62c9a50faa4599e9.rmeta"],"executable":null,"fresh":false}
    Checking nu-ansi-term v0.46.0
{"reason":"compiler-artifact","package_id":"registry+https://github.com/rust-lang/crates.io-index#thiserror@1.0.69","manifest_path":"/Users/bradyjeong/.cargo/registry/src/index.crates.io-1949cf8c6b5b557f/thiserror-1.0.69/Cargo.toml","target":{"kind":["custom-build"],"crate_types":["bin"],"name":"build-script-build","src_path":"/Users/bradyjeong/.cargo/registry/src/index.crates.io-1949cf8c6b5b557f/thiserror-1.0.69/build.rs","edition":"2021","doc":false,"doctest":false,"test":false},"profile":{"opt_level":"0","debuginfo":0,"debug_assertions":true,"overflow_checks":true,"test":false},"features":[],"filenames":["/Users/bradyjeong/Documents/Projects/Amp/gta4/gta_game/target/debug/build/thiserror-1b1520b5f9e2ff21/build-script-build"],"executable":null,"fresh":false}
{"reason":"build-script-executed","package_id":"registry+https://github.com/rust-lang/crates.io-index#paste@1.0.15","linked_libs":[],"linked_paths":[],"cfgs":[],"env":[],"out_dir":"/Users/bradyjeong/Documents/Projects/Amp/gta4/gta_game/target/debug/build/paste-8cb134eadf068a44/out"}
{"reason":"compiler-artifact","package_id":"registry+https://github.com/rust-lang/crates.io-index#termcolor@1.4.1","manifest_path":"/Users/bradyjeong/.cargo/registry/src/index.crates.io-1949cf8c6b5b557f/termcolor-1.4.1/Cargo.toml","target":{"kind":["lib"],"crate_types":["lib"],"name":"termcolor","src_path":"/Users/bradyjeong/.cargo/registry/src/index.crates.io-1949cf8c6b5b557f/termcolor-1.4.1/src/lib.rs","edition":"2018","doc":true,"doctest":true,"test":true},"profile":{"opt_level":"0","debuginfo":2,"debug_assertions":true,"overflow_checks":true,"test":false},"features":[],"filenames":["/Users/bradyjeong/Documents/Projects/Amp/gta4/gta_game/target/debug/deps/libtermcolor-4fb8326d50d37657.rmeta"],"executable":null,"fresh":false}
    Checking async-channel v2.3.1
{"reason":"compiler-artifact","package_id":"registry+https://github.com/rust-lang/crates.io-index#unicode-width@0.1.14","manifest_path":"/Users/bradyjeong/.cargo/registry/src/index.crates.io-1949cf8c6b5b557f/unicode-width-0.1.14/Cargo.toml","target":{"kind":["lib"],"crate_types":["lib"],"name":"unicode_width","src_path":"/Users/bradyjeong/.cargo/registry/src/index.crates.io-1949cf8c6b5b557f/unicode-width-0.1.14/src/lib.rs","edition":"2021","doc":true,"doctest":true,"test":true},"profile":{"opt_level":"0","debuginfo":2,"debug_assertions":true,"overflow_checks":true,"test":false},"features":["cjk","default"],"filenames":["/Users/bradyjeong/Documents/Projects/Amp/gta4/gta_game/target/debug/deps/libunicode_width-622a098caa1e84cd.rmeta"],"executable":null,"fresh":false}
    Checking codespan-reporting v0.11.1
{"reason":"compiler-artifact","package_id":"registry+https://github.com/rust-lang/crates.io-index#regex-syntax@0.8.5","manifest_path":"/Users/bradyjeong/.cargo/registry/src/index.crates.io-1949cf8c6b5b557f/regex-syntax-0.8.5/Cargo.toml","target":{"kind":["lib"],"crate_types":["lib"],"name":"regex_syntax","src_path":"/Users/bradyjeong/.cargo/registry/src/index.crates.io-1949cf8c6b5b557f/regex-syntax-0.8.5/src/lib.rs","edition":"2021","doc":true,"doctest":true,"test":true},"profile":{"opt_level":"0","debuginfo":2,"debug_assertions":true,"overflow_checks":true,"test":false},"features":["default","std","unicode","unicode-age","unicode-bool","unicode-case","unicode-gencat","unicode-perl","unicode-script","unicode-segment"],"filenames":["/Users/bradyjeong/Documents/Projects/Amp/gta4/gta_game/target/debug/deps/libregex_syntax-b4eb18c1df9e5072.rmeta"],"executable":null,"fresh":false}
    Checking regex-automata v0.4.9
{"reason":"compiler-artifact","package_id":"registry+https://github.com/rust-lang/crates.io-index#naga@24.0.0","manifest_path":"/Users/bradyjeong/.cargo/registry/src/index.crates.io-1949cf8c6b5b557f/naga-24.0.0/Cargo.toml","target":{"kind":["custom-build"],"crate_types":["bin"],"name":"build-script-build","src_path":"/Users/bradyjeong/.cargo/registry/src/index.crates.io-1949cf8c6b5b557f/naga-24.0.0/build.rs","edition":"2021","doc":false,"doctest":false,"test":false},"profile":{"opt_level":"0","debuginfo":0,"debug_assertions":true,"overflow_checks":true,"test":false},"features":["compact","default","glsl-in","glsl-out","hlsl-out-if-target-windows","msl-out-if-target-apple","wgsl-in","wgsl-out"],"filenames":["/Users/bradyjeong/Documents/Projects/Amp/gta4/gta_game/target/debug/build/naga-20546c63fbd4a472/build-script-build"],"executable":null,"fresh":false}
{"reason":"compiler-artifact","package_id":"registry+https://github.com/rust-lang/crates.io-index#pp-rs@0.2.1","manifest_path":"/Users/bradyjeong/.cargo/registry/src/index.crates.io-1949cf8c6b5b557f/pp-rs-0.2.1/Cargo.toml","target":{"kind":["lib"],"crate_types":["lib"],"name":"pp_rs","src_path":"/Users/bradyjeong/.cargo/registry/src/index.crates.io-1949cf8c6b5b557f/pp-rs-0.2.1/src/lib.rs","edition":"2015","doc":true,"doctest":true,"test":true},"profile":{"opt_level":"0","debuginfo":2,"debug_assertions":true,"overflow_checks":true,"test":false},"features":[],"filenames":["/Users/bradyjeong/Documents/Projects/Amp/gta4/gta_game/target/debug/deps/libpp_rs-17429cca3cd675ea.rmeta"],"executable":null,"fresh":false}
    Checking sharded-slab v0.1.7
{"reason":"compiler-artifact","package_id":"registry+https://github.com/rust-lang/crates.io-index#itertools@0.14.0","manifest_path":"/Users/bradyjeong/.cargo/registry/src/index.crates.io-1949cf8c6b5b557f/itertools-0.14.0/Cargo.toml","target":{"kind":["lib"],"crate_types":["lib"],"name":"itertools","src_path":"/Users/bradyjeong/.cargo/registry/src/index.crates.io-1949cf8c6b5b557f/itertools-0.14.0/src/lib.rs","edition":"2018","doc":true,"doctest":true,"test":false},"profile":{"opt_level":"0","debuginfo":2,"debug_assertions":true,"overflow_checks":true,"test":false},"features":["use_alloc","use_std"],"filenames":["/Users/bradyjeong/Documents/Projects/Amp/gta4/gta_game/target/debug/deps/libitertools-40b51ddff3788b39.rmeta"],"executable":null,"fresh":false}
    Checking tracing-log v0.2.0
{"reason":"compiler-artifact","package_id":"registry+https://github.com/rust-lang/crates.io-index#nu-ansi-term@0.46.0","manifest_path":"/Users/bradyjeong/.cargo/registry/src/index.crates.io-1949cf8c6b5b557f/nu-ansi-term-0.46.0/Cargo.toml","target":{"kind":["lib"],"crate_types":["lib"],"name":"nu_ansi_term","src_path":"/Users/bradyjeong/.cargo/registry/src/index.crates.io-1949cf8c6b5b557f/nu-ansi-term-0.46.0/src/lib.rs","edition":"2018","doc":true,"doctest":true,"test":true},"profile":{"opt_level":"0","debuginfo":2,"debug_assertions":true,"overflow_checks":true,"test":false},"features":[],"filenames":["/Users/bradyjeong/Documents/Projects/Amp/gta4/gta_game/target/debug/deps/libnu_ansi_term-4ffd89ee050a0bc3.rmeta"],"executable":null,"fresh":false}
    Checking piper v0.2.4
{"reason":"compiler-artifact","package_id":"registry+https://github.com/rust-lang/crates.io-index#async-channel@2.3.1","manifest_path":"/Users/bradyjeong/.cargo/registry/src/index.crates.io-1949cf8c6b5b557f/async-channel-2.3.1/Cargo.toml","target":{"kind":["lib"],"crate_types":["lib"],"name":"async_channel","src_path":"/Users/bradyjeong/.cargo/registry/src/index.crates.io-1949cf8c6b5b557f/async-channel-2.3.1/src/lib.rs","edition":"2021","doc":true,"doctest":true,"test":true},"profile":{"opt_level":"0","debuginfo":2,"debug_assertions":true,"overflow_checks":true,"test":false},"features":["default","std"],"filenames":["/Users/bradyjeong/Documents/Projects/Amp/gta4/gta_game/target/debug/deps/libasync_channel-f5926e24e3dc02a9.rmeta"],"executable":null,"fresh":false}
    Checking malloc_buf v0.0.6
{"reason":"compiler-artifact","package_id":"registry+https://github.com/rust-lang/crates.io-index#tracing-log@0.2.0","manifest_path":"/Users/bradyjeong/.cargo/registry/src/index.crates.io-1949cf8c6b5b557f/tracing-log-0.2.0/Cargo.toml","target":{"kind":["lib"],"crate_types":["lib"],"name":"tracing_log","src_path":"/Users/bradyjeong/.cargo/registry/src/index.crates.io-1949cf8c6b5b557f/tracing-log-0.2.0/src/lib.rs","edition":"2018","doc":true,"doctest":true,"test":true},"profile":{"opt_level":"0","debuginfo":2,"debug_assertions":true,"overflow_checks":true,"test":false},"features":["default","log-tracer","std"],"filenames":["/Users/bradyjeong/Documents/Projects/Amp/gta4/gta_game/target/debug/deps/libtracing_log-bf0cad9df6384d8b.rmeta"],"executable":null,"fresh":false}
    Checking hexf-parse v0.2.1
{"reason":"compiler-artifact","package_id":"registry+https://github.com/rust-lang/crates.io-index#piper@0.2.4","manifest_path":"/Users/bradyjeong/.cargo/registry/src/index.crates.io-1949cf8c6b5b557f/piper-0.2.4/Cargo.toml","target":{"kind":["lib"],"crate_types":["lib"],"name":"piper","src_path":"/Users/bradyjeong/.cargo/registry/src/index.crates.io-1949cf8c6b5b557f/piper-0.2.4/src/lib.rs","edition":"2018","doc":true,"doctest":true,"test":true},"profile":{"opt_level":"0","debuginfo":2,"debug_assertions":true,"overflow_checks":true,"test":false},"features":["default","futures-io","std"],"filenames":["/Users/bradyjeong/Documents/Projects/Amp/gta4/gta_game/target/debug/deps/libpiper-c4cd5ed1e752bc63.rmeta"],"executable":null,"fresh":false}
    Checking tinyvec_macros v0.1.1
{"reason":"compiler-artifact","package_id":"registry+https://github.com/rust-lang/crates.io-index#malloc_buf@0.0.6","manifest_path":"/Users/bradyjeong/.cargo/registry/src/index.crates.io-1949cf8c6b5b557f/malloc_buf-0.0.6/Cargo.toml","target":{"kind":["lib"],"crate_types":["lib"],"name":"malloc_buf","src_path":"/Users/bradyjeong/.cargo/registry/src/index.crates.io-1949cf8c6b5b557f/malloc_buf-0.0.6/src/lib.rs","edition":"2015","doc":true,"doctest":true,"test":true},"profile":{"opt_level":"0","debuginfo":2,"debug_assertions":true,"overflow_checks":true,"test":false},"features":[],"filenames":["/Users/bradyjeong/Documents/Projects/Amp/gta4/gta_game/target/debug/deps/libmalloc_buf-fb5ace58fed32b2a.rmeta"],"executable":null,"fresh":false}
    Checking objc v0.2.7
{"reason":"build-script-executed","package_id":"registry+https://github.com/rust-lang/crates.io-index#lock_api@0.4.13","linked_libs":[],"linked_paths":[],"cfgs":["has_const_fn_trait_bound"],"env":[],"out_dir":"/Users/bradyjeong/Documents/Projects/Amp/gta4/gta_game/target/debug/build/lock_api-77770860b46ad40d/out"}
{"reason":"compiler-artifact","package_id":"registry+https://github.com/rust-lang/crates.io-index#tinyvec_macros@0.1.1","manifest_path":"/Users/bradyjeong/.cargo/registry/src/index.crates.io-1949cf8c6b5b557f/tinyvec_macros-0.1.1/Cargo.toml","target":{"kind":["lib"],"crate_types":["lib"],"name":"tinyvec_macros","src_path":"/Users/bradyjeong/.cargo/registry/src/index.crates.io-1949cf8c6b5b557f/tinyvec_macros-0.1.1/src/lib.rs","edition":"2018","doc":true,"doctest":true,"test":true},"profile":{"opt_level":"0","debuginfo":2,"debug_assertions":true,"overflow_checks":true,"test":false},"features":[],"filenames":["/Users/bradyjeong/Documents/Projects/Amp/gta4/gta_game/target/debug/deps/libtinyvec_macros-6423630ee9b3b61f.rmeta"],"executable":null,"fresh":false}
    Checking tinyvec v1.9.0
{"reason":"compiler-artifact","package_id":"registry+https://github.com/rust-lang/crates.io-index#hexf-parse@0.2.1","manifest_path":"/Users/bradyjeong/.cargo/registry/src/index.crates.io-1949cf8c6b5b557f/hexf-parse-0.2.1/Cargo.toml","target":{"kind":["lib"],"crate_types":["lib"],"name":"hexf_parse","src_path":"/Users/bradyjeong/.cargo/registry/src/index.crates.io-1949cf8c6b5b557f/hexf-parse-0.2.1/src/lib.rs","edition":"2018","doc":true,"doctest":true,"test":true},"profile":{"opt_level":"0","debuginfo":2,"debug_assertions":true,"overflow_checks":true,"test":false},"features":[],"filenames":["/Users/bradyjeong/Documents/Projects/Amp/gta4/gta_game/target/debug/deps/libhexf_parse-dd1ad940ca6922da.rmeta"],"executable":null,"fresh":false}
    Checking blocking v1.6.1
{"reason":"compiler-artifact","package_id":"registry+https://github.com/rust-lang/crates.io-index#codespan-reporting@0.11.1","manifest_path":"/Users/bradyjeong/.cargo/registry/src/index.crates.io-1949cf8c6b5b557f/codespan-reporting-0.11.1/Cargo.toml","target":{"kind":["lib"],"crate_types":["lib"],"name":"codespan_reporting","src_path":"/Users/bradyjeong/.cargo/registry/src/index.crates.io-1949cf8c6b5b557f/codespan-reporting-0.11.1/src/lib.rs","edition":"2018","doc":true,"doctest":true,"test":true},"profile":{"opt_level":"0","debuginfo":2,"debug_assertions":true,"overflow_checks":true,"test":false},"features":[],"filenames":["/Users/bradyjeong/Documents/Projects/Amp/gta4/gta_game/target/debug/deps/libcodespan_reporting-603f3e81dcd9fb1d.rmeta"],"executable":null,"fresh":false}
   Compiling bevy_macro_utils v0.16.1
{"reason":"compiler-artifact","package_id":"registry+https://github.com/rust-lang/crates.io-index#objc@0.2.7","manifest_path":"/Users/bradyjeong/.cargo/registry/src/index.crates.io-1949cf8c6b5b557f/objc-0.2.7/Cargo.toml","target":{"kind":["lib"],"crate_types":["lib"],"name":"objc","src_path":"/Users/bradyjeong/.cargo/registry/src/index.crates.io-1949cf8c6b5b557f/objc-0.2.7/src/lib.rs","edition":"2015","doc":true,"doctest":true,"test":true},"profile":{"opt_level":"0","debuginfo":2,"debug_assertions":true,"overflow_checks":true,"test":false},"features":[],"filenames":["/Users/bradyjeong/Documents/Projects/Amp/gta4/gta_game/target/debug/deps/libobjc-1d144ad27c44428f.rmeta"],"executable":null,"fresh":false}
   Compiling encase_derive_impl v0.10.0
{"reason":"build-script-executed","package_id":"registry+https://github.com/rust-lang/crates.io-index#rustversion@1.0.21","linked_libs":[],"linked_paths":[],"cfgs":[],"env":[],"out_dir":"/Users/bradyjeong/Documents/Projects/Amp/gta4/gta_game/target/debug/build/rustversion-3a2a816a5dc6aab2/out"}
{"reason":"compiler-artifact","package_id":"registry+https://github.com/rust-lang/crates.io-index#blocking@1.6.1","manifest_path":"/Users/bradyjeong/.cargo/registry/src/index.crates.io-1949cf8c6b5b557f/blocking-1.6.1/Cargo.toml","target":{"kind":["lib"],"crate_types":["lib"],"name":"blocking","src_path":"/Users/bradyjeong/.cargo/registry/src/index.crates.io-1949cf8c6b5b557f/blocking-1.6.1/src/lib.rs","edition":"2021","doc":true,"doctest":true,"test":true},"profile":{"opt_level":"0","debuginfo":2,"debug_assertions":true,"overflow_checks":true,"test":false},"features":[],"filenames":["/Users/bradyjeong/Documents/Projects/Amp/gta4/gta_game/target/debug/deps/libblocking-6411a1cff9e0d761.rmeta"],"executable":null,"fresh":false}
{"reason":"compiler-artifact","package_id":"registry+https://github.com/rust-lang/crates.io-index#lock_api@0.4.13","manifest_path":"/Users/bradyjeong/.cargo/registry/src/index.crates.io-1949cf8c6b5b557f/lock_api-0.4.13/Cargo.toml","target":{"kind":["lib"],"crate_types":["lib"],"name":"lock_api","src_path":"/Users/bradyjeong/.cargo/registry/src/index.crates.io-1949cf8c6b5b557f/lock_api-0.4.13/src/lib.rs","edition":"2021","doc":true,"doctest":true,"test":true},"profile":{"opt_level":"0","debuginfo":2,"debug_assertions":true,"overflow_checks":true,"test":false},"features":["arc_lock","atomic_usize","default"],"filenames":["/Users/bradyjeong/Documents/Projects/Amp/gta4/gta_game/target/debug/deps/liblock_api-8c98d90279a8a9be.rmeta"],"executable":null,"fresh":false}
    Checking async-lock v3.4.0
   Compiling wgpu-hal v24.0.4
{"reason":"compiler-artifact","package_id":"registry+https://github.com/rust-lang/crates.io-index#sharded-slab@0.1.7","manifest_path":"/Users/bradyjeong/.cargo/registry/src/index.crates.io-1949cf8c6b5b557f/sharded-slab-0.1.7/Cargo.toml","target":{"kind":["lib"],"crate_types":["lib"],"name":"sharded_slab","src_path":"/Users/bradyjeong/.cargo/registry/src/index.crates.io-1949cf8c6b5b557f/sharded-slab-0.1.7/src/lib.rs","edition":"2018","doc":true,"doctest":true,"test":true},"profile":{"opt_level":"0","debuginfo":2,"debug_assertions":true,"overflow_checks":true,"test":false},"features":[],"filenames":["/Users/bradyjeong/Documents/Projects/Amp/gta4/gta_game/target/debug/deps/libsharded_slab-08a0d285037900b7.rmeta"],"executable":null,"fresh":false}
    Checking block v0.1.6
{"reason":"compiler-artifact","package_id":"registry+https://github.com/rust-lang/crates.io-index#paste@1.0.15","manifest_path":"/Users/bradyjeong/.cargo/registry/src/index.crates.io-1949cf8c6b5b557f/paste-1.0.15/Cargo.toml","target":{"kind":["proc-macro"],"crate_types":["proc-macro"],"name":"paste","src_path":"/Users/bradyjeong/.cargo/registry/src/index.crates.io-1949cf8c6b5b557f/paste-1.0.15/src/lib.rs","edition":"2018","doc":true,"doctest":true,"test":true},"profile":{"opt_level":"0","debuginfo":0,"debug_assertions":true,"overflow_checks":true,"test":false},"features":[],"filenames":["/Users/bradyjeong/Documents/Projects/Amp/gta4/gta_game/target/debug/deps/libpaste-0ec1fc8194f763ad.dylib"],"executable":null,"fresh":false}
    Checking arrayref v0.3.9
{"reason":"compiler-artifact","package_id":"registry+https://github.com/rust-lang/crates.io-index#arrayref@0.3.9","manifest_path":"/Users/bradyjeong/.cargo/registry/src/index.crates.io-1949cf8c6b5b557f/arrayref-0.3.9/Cargo.toml","target":{"kind":["lib"],"crate_types":["lib"],"name":"arrayref","src_path":"/Users/bradyjeong/.cargo/registry/src/index.crates.io-1949cf8c6b5b557f/arrayref-0.3.9/src/lib.rs","edition":"2015","doc":true,"doctest":true,"test":true},"profile":{"opt_level":"0","debuginfo":2,"debug_assertions":true,"overflow_checks":true,"test":false},"features":[],"filenames":["/Users/bradyjeong/Documents/Projects/Amp/gta4/gta_game/target/debug/deps/libarrayref-cb545f4df77a2ecb.rmeta"],"executable":null,"fresh":false}
    Checking const_panic v0.2.12
{"reason":"compiler-artifact","package_id":"registry+https://github.com/rust-lang/crates.io-index#block@0.1.6","manifest_path":"/Users/bradyjeong/.cargo/registry/src/index.crates.io-1949cf8c6b5b557f/block-0.1.6/Cargo.toml","target":{"kind":["lib"],"crate_types":["lib"],"name":"block","src_path":"/Users/bradyjeong/.cargo/registry/src/index.crates.io-1949cf8c6b5b557f/block-0.1.6/src/lib.rs","edition":"2015","doc":true,"doctest":true,"test":true},"profile":{"opt_level":"0","debuginfo":2,"debug_assertions":true,"overflow_checks":true,"test":false},"features":[],"filenames":["/Users/bradyjeong/Documents/Projects/Amp/gta4/gta_game/target/debug/deps/libblock-4045695896e5a7ed.rmeta"],"executable":null,"fresh":false}
    Checking constant_time_eq v0.3.1
{"reason":"compiler-artifact","package_id":"registry+https://github.com/rust-lang/crates.io-index#bevy_macro_utils@0.16.1","manifest_path":"/Users/bradyjeong/.cargo/registry/src/index.crates.io-1949cf8c6b5b557f/bevy_macro_utils-0.16.1/Cargo.toml","target":{"kind":["lib"],"crate_types":["lib"],"name":"bevy_macro_utils","src_path":"/Users/bradyjeong/.cargo/registry/src/index.crates.io-1949cf8c6b5b557f/bevy_macro_utils-0.16.1/src/lib.rs","edition":"2024","doc":true,"doctest":true,"test":true},"profile":{"opt_level":"0","debuginfo":0,"debug_assertions":true,"overflow_checks":true,"test":false},"features":[],"filenames":["/Users/bradyjeong/Documents/Projects/Amp/gta4/gta_game/target/debug/deps/libbevy_macro_utils-521b9c8952a7a7a0.rlib","/Users/bradyjeong/Documents/Projects/Amp/gta4/gta_game/target/debug/deps/libbevy_macro_utils-521b9c8952a7a7a0.rmeta"],"executable":null,"fresh":false}
    Checking async-broadcast v0.7.2
{"reason":"build-script-executed","package_id":"registry+https://github.com/rust-lang/crates.io-index#thiserror@1.0.69","linked_libs":[],"linked_paths":[],"cfgs":[],"env":[],"out_dir":"/Users/bradyjeong/Documents/Projects/Amp/gta4/gta_game/target/debug/build/thiserror-1841112df2392c68/out"}
{"reason":"compiler-artifact","package_id":"registry+https://github.com/rust-lang/crates.io-index#constant_time_eq@0.3.1","manifest_path":"/Users/bradyjeong/.cargo/registry/src/index.crates.io-1949cf8c6b5b557f/constant_time_eq-0.3.1/Cargo.toml","target":{"kind":["lib"],"crate_types":["lib"],"name":"constant_time_eq","src_path":"/Users/bradyjeong/.cargo/registry/src/index.crates.io-1949cf8c6b5b557f/constant_time_eq-0.3.1/src/lib.rs","edition":"2021","doc":true,"doctest":true,"test":true},"profile":{"opt_level":"0","debuginfo":2,"debug_assertions":true,"overflow_checks":true,"test":false},"features":[],"filenames":["/Users/bradyjeong/Documents/Projects/Amp/gta4/gta_game/target/debug/deps/libconstant_time_eq-57f14bb51e0619c2.rmeta"],"executable":null,"fresh":false}
    Checking euclid v0.22.11
   Compiling wgpu-core v24.0.5
{"reason":"compiler-artifact","package_id":"registry+https://github.com/rust-lang/crates.io-index#const_panic@0.2.12","manifest_path":"/Users/bradyjeong/.cargo/registry/src/index.crates.io-1949cf8c6b5b557f/const_panic-0.2.12/Cargo.toml","target":{"kind":["lib"],"crate_types":["lib"],"name":"const_panic","src_path":"/Users/bradyjeong/.cargo/registry/src/index.crates.io-1949cf8c6b5b557f/const_panic-0.2.12/src/lib.rs","edition":"2021","doc":true,"doctest":true,"test":true},"profile":{"opt_level":"0","debuginfo":2,"debug_assertions":true,"overflow_checks":true,"test":false},"features":[],"filenames":["/Users/bradyjeong/Documents/Projects/Amp/gta4/gta_game/target/debug/deps/libconst_panic-ed98d44ed52269d4.rmeta"],"executable":null,"fresh":false}
    Checking libloading v0.8.8
{"reason":"compiler-artifact","package_id":"registry+https://github.com/rust-lang/crates.io-index#async-lock@3.4.0","manifest_path":"/Users/bradyjeong/.cargo/registry/src/index.crates.io-1949cf8c6b5b557f/async-lock-3.4.0/Cargo.toml","target":{"kind":["lib"],"crate_types":["lib"],"name":"async_lock","src_path":"/Users/bradyjeong/.cargo/registry/src/index.crates.io-1949cf8c6b5b557f/async-lock-3.4.0/src/lib.rs","edition":"2021","doc":true,"doctest":true,"test":true},"profile":{"opt_level":"0","debuginfo":2,"debug_assertions":true,"overflow_checks":true,"test":false},"features":["default","std"],"filenames":["/Users/bradyjeong/Documents/Projects/Amp/gta4/gta_game/target/debug/deps/libasync_lock-dd99c8c4bbd65511.rmeta"],"executable":null,"fresh":false}
    Checking async-fs v2.1.2
{"reason":"compiler-artifact","package_id":"registry+https://github.com/rust-lang/crates.io-index#encase_derive_impl@0.10.0","manifest_path":"/Users/bradyjeong/.cargo/registry/src/index.crates.io-1949cf8c6b5b557f/encase_derive_impl-0.10.0/Cargo.toml","target":{"kind":["lib"],"crate_types":["lib"],"name":"encase_derive_impl","src_path":"/Users/bradyjeong/.cargo/registry/src/index.crates.io-1949cf8c6b5b557f/encase_derive_impl-0.10.0/src/lib.rs","edition":"2021","doc":true,"doctest":true,"test":true},"profile":{"opt_level":"0","debuginfo":0,"debug_assertions":true,"overflow_checks":true,"test":false},"features":[],"filenames":["/Users/bradyjeong/Documents/Projects/Amp/gta4/gta_game/target/debug/deps/libencase_derive_impl-a4a7de667da2080d.rlib","/Users/bradyjeong/Documents/Projects/Amp/gta4/gta_game/target/debug/deps/libencase_derive_impl-a4a7de667da2080d.rmeta"],"executable":null,"fresh":false}
    Checking svg_fmt v0.4.5
{"reason":"compiler-artifact","package_id":"registry+https://github.com/rust-lang/crates.io-index#wgpu-hal@24.0.4","manifest_path":"/Users/bradyjeong/.cargo/registry/src/index.crates.io-1949cf8c6b5b557f/wgpu-hal-24.0.4/Cargo.toml","target":{"kind":["custom-build"],"crate_types":["bin"],"name":"build-script-build","src_path":"/Users/bradyjeong/.cargo/registry/src/index.crates.io-1949cf8c6b5b557f/wgpu-hal-24.0.4/build.rs","edition":"2021","doc":false,"doctest":false,"test":false},"profile":{"opt_level":"0","debuginfo":0,"debug_assertions":true,"overflow_checks":true,"test":false},"features":["dx12","fragile-send-sync-non-atomic-wasm","metal"],"filenames":["/Users/bradyjeong/Documents/Projects/Amp/gta4/gta_game/target/debug/build/wgpu-hal-6fabdc5558f78a56/build-script-build"],"executable":null,"fresh":false}
{"reason":"build-script-executed","package_id":"registry+https://github.com/rust-lang/crates.io-index#naga@24.0.0","linked_libs":[],"linked_paths":[],"cfgs":["glsl_out","msl_out","wgsl_out"],"env":[],"out_dir":"/Users/bradyjeong/Documents/Projects/Amp/gta4/gta_game/target/debug/build/naga-5b1eb0e12622dac3/out"}
    Checking stackfuture v0.3.0
{"reason":"compiler-artifact","package_id":"registry+https://github.com/rust-lang/crates.io-index#regex-syntax@0.6.29","manifest_path":"/Users/bradyjeong/.cargo/registry/src/index.crates.io-1949cf8c6b5b557f/regex-syntax-0.6.29/Cargo.toml","target":{"kind":["lib"],"crate_types":["lib"],"name":"regex_syntax","src_path":"/Users/bradyjeong/.cargo/registry/src/index.crates.io-1949cf8c6b5b557f/regex-syntax-0.6.29/src/lib.rs","edition":"2018","doc":true,"doctest":true,"test":true},"profile":{"opt_level":"0","debuginfo":2,"debug_assertions":true,"overflow_checks":true,"test":false},"features":["default","unicode","unicode-age","unicode-bool","unicode-case","unicode-gencat","unicode-perl","unicode-script","unicode-segment"],"filenames":["/Users/bradyjeong/Documents/Projects/Amp/gta4/gta_game/target/debug/deps/libregex_syntax-c0356bd3ac0529c1.rmeta"],"executable":null,"fresh":false}
    Checking regex-automata v0.1.10
{"reason":"compiler-artifact","package_id":"registry+https://github.com/rust-lang/crates.io-index#libloading@0.8.8","manifest_path":"/Users/bradyjeong/.cargo/registry/src/index.crates.io-1949cf8c6b5b557f/libloading-0.8.8/Cargo.toml","target":{"kind":["lib"],"crate_types":["lib"],"name":"libloading","src_path":"/Users/bradyjeong/.cargo/registry/src/index.crates.io-1949cf8c6b5b557f/libloading-0.8.8/src/lib.rs","edition":"2015","doc":true,"doctest":true,"test":true},"profile":{"opt_level":"0","debuginfo":2,"debug_assertions":true,"overflow_checks":true,"test":false},"features":[],"filenames":["/Users/bradyjeong/Documents/Projects/Amp/gta4/gta_game/target/debug/deps/liblibloading-e557218f1338ab10.rmeta"],"executable":null,"fresh":false}
    Checking const_soft_float v0.1.4
{"reason":"compiler-artifact","package_id":"registry+https://github.com/rust-lang/crates.io-index#async-broadcast@0.7.2","manifest_path":"/Users/bradyjeong/.cargo/registry/src/index.crates.io-1949cf8c6b5b557f/async-broadcast-0.7.2/Cargo.toml","target":{"kind":["lib"],"crate_types":["lib"],"name":"async_broadcast","src_path":"/Users/bradyjeong/.cargo/registry/src/index.crates.io-1949cf8c6b5b557f/async-broadcast-0.7.2/src/lib.rs","edition":"2021","doc":true,"doctest":true,"test":true},"profile":{"opt_level":"0","debuginfo":2,"debug_assertions":true,"overflow_checks":true,"test":false},"features":[],"filenames":["/Users/bradyjeong/Documents/Projects/Amp/gta4/gta_game/target/debug/deps/libasync_broadcast-5eaa1e793fe5219d.rmeta"],"executable":null,"fresh":false}
    Checking byteorder-lite v0.1.0
{"reason":"compiler-artifact","package_id":"registry+https://github.com/rust-lang/crates.io-index#stackfuture@0.3.0","manifest_path":"/Users/bradyjeong/.cargo/registry/src/index.crates.io-1949cf8c6b5b557f/stackfuture-0.3.0/Cargo.toml","target":{"kind":["lib"],"crate_types":["lib"],"name":"stackfuture","src_path":"/Users/bradyjeong/.cargo/registry/src/index.crates.io-1949cf8c6b5b557f/stackfuture-0.3.0/src/lib.rs","edition":"2021","doc":true,"doctest":true,"test":true},"profile":{"opt_level":"0","debuginfo":2,"debug_assertions":true,"overflow_checks":true,"test":false},"features":["alloc","default"],"filenames":["/Users/bradyjeong/Documents/Projects/Amp/gta4/gta_game/target/debug/deps/libstackfuture-a797a67461d19cf2.rmeta"],"executable":null,"fresh":false}
{"reason":"compiler-artifact","package_id":"registry+https://github.com/rust-lang/crates.io-index#svg_fmt@0.4.5","manifest_path":"/Users/bradyjeong/.cargo/registry/src/index.crates.io-1949cf8c6b5b557f/svg_fmt-0.4.5/Cargo.toml","target":{"kind":["lib"],"crate_types":["lib"],"name":"svg_fmt","src_path":"/Users/bradyjeong/.cargo/registry/src/index.crates.io-1949cf8c6b5b557f/svg_fmt-0.4.5/src/lib.rs","edition":"2018","doc":true,"doctest":true,"test":true},"profile":{"opt_level":"0","debuginfo":2,"debug_assertions":true,"overflow_checks":true,"test":false},"features":[],"filenames":["/Users/bradyjeong/Documents/Projects/Amp/gta4/gta_game/target/debug/deps/libsvg_fmt-f9e3a45e4f454e3a.rmeta"],"executable":null,"fresh":false}
   Compiling litrs v0.4.1
    Checking atomicow v1.1.0
{"reason":"compiler-artifact","package_id":"registry+https://github.com/rust-lang/crates.io-index#async-fs@2.1.2","manifest_path":"/Users/bradyjeong/.cargo/registry/src/index.crates.io-1949cf8c6b5b557f/async-fs-2.1.2/Cargo.toml","target":{"kind":["lib"],"crate_types":["lib"],"name":"async_fs","src_path":"/Users/bradyjeong/.cargo/registry/src/index.crates.io-1949cf8c6b5b557f/async-fs-2.1.2/src/lib.rs","edition":"2018","doc":true,"doctest":true,"test":true},"profile":{"opt_level":"0","debuginfo":2,"debug_assertions":true,"overflow_checks":true,"test":false},"features":[],"filenames":["/Users/bradyjeong/Documents/Projects/Amp/gta4/gta_game/target/debug/deps/libasync_fs-d22586c66c507a47.rmeta"],"executable":null,"fresh":false}
   Compiling wgpu v24.0.5
{"reason":"compiler-artifact","package_id":"registry+https://github.com/rust-lang/crates.io-index#rustversion@1.0.21","manifest_path":"/Users/bradyjeong/.cargo/registry/src/index.crates.io-1949cf8c6b5b557f/rustversion-1.0.21/Cargo.toml","target":{"kind":["proc-macro"],"crate_types":["proc-macro"],"name":"rustversion","src_path":"/Users/bradyjeong/.cargo/registry/src/index.crates.io-1949cf8c6b5b557f/rustversion-1.0.21/src/lib.rs","edition":"2018","doc":true,"doctest":true,"test":true},"profile":{"opt_level":"0","debuginfo":0,"debug_assertions":true,"overflow_checks":true,"test":false},"features":[],"filenames":["/Users/bradyjeong/Documents/Projects/Amp/gta4/gta_game/target/debug/deps/librustversion-72166097f5f0a846.dylib"],"executable":null,"fresh":false}
{"reason":"compiler-artifact","package_id":"registry+https://github.com/rust-lang/crates.io-index#tinyvec@1.9.0","manifest_path":"/Users/bradyjeong/.cargo/registry/src/index.crates.io-1949cf8c6b5b557f/tinyvec-1.9.0/Cargo.toml","target":{"kind":["lib"],"crate_types":["lib"],"name":"tinyvec","src_path":"/Users/bradyjeong/.cargo/registry/src/index.crates.io-1949cf8c6b5b557f/tinyvec-1.9.0/src/lib.rs","edition":"2018","doc":true,"doctest":true,"test":true},"profile":{"opt_level":"0","debuginfo":2,"debug_assertions":true,"overflow_checks":true,"test":false},"features":["alloc","default","std","tinyvec_macros"],"filenames":["/Users/bradyjeong/Documents/Projects/Amp/gta4/gta_game/target/debug/deps/libtinyvec-f0768eed4bb7172d.rmeta"],"executable":null,"fresh":false}
    Checking bit-vec v0.6.3
    Checking rectangle-pack v0.4.2
{"reason":"compiler-artifact","package_id":"registry+https://github.com/rust-lang/crates.io-index#byteorder-lite@0.1.0","manifest_path":"/Users/bradyjeong/.cargo/registry/src/index.crates.io-1949cf8c6b5b557f/byteorder-lite-0.1.0/Cargo.toml","target":{"kind":["lib"],"crate_types":["lib"],"name":"byteorder_lite","src_path":"/Users/bradyjeong/.cargo/registry/src/index.crates.io-1949cf8c6b5b557f/byteorder-lite-0.1.0/src/lib.rs","edition":"2021","doc":true,"doctest":true,"test":true},"profile":{"opt_level":"0","debuginfo":2,"debug_assertions":true,"overflow_checks":true,"test":false},"features":["default","std"],"filenames":["/Users/bradyjeong/Documents/Projects/Amp/gta4/gta_game/target/debug/deps/libbyteorder_lite-9af5657fe95468da.rmeta"],"executable":null,"fresh":false}
    Checking static_assertions v1.1.0
{"reason":"compiler-artifact","package_id":"registry+https://github.com/rust-lang/crates.io-index#atomicow@1.1.0","manifest_path":"/Users/bradyjeong/.cargo/registry/src/index.crates.io-1949cf8c6b5b557f/atomicow-1.1.0/Cargo.toml","target":{"kind":["lib"],"crate_types":["lib"],"name":"atomicow","src_path":"/Users/bradyjeong/.cargo/registry/src/index.crates.io-1949cf8c6b5b557f/atomicow-1.1.0/src/lib.rs","edition":"2021","doc":true,"doctest":true,"test":true},"profile":{"opt_level":"0","debuginfo":2,"debug_assertions":true,"overflow_checks":true,"test":false},"features":["default","std"],"filenames":["/Users/bradyjeong/Documents/Projects/Amp/gta4/gta_game/target/debug/deps/libatomicow-2271718f1a8249d5.rmeta"],"executable":null,"fresh":false}
    Checking const-fnv1a-hash v1.1.0
{"reason":"compiler-artifact","package_id":"registry+https://github.com/rust-lang/crates.io-index#const_soft_float@0.1.4","manifest_path":"/Users/bradyjeong/.cargo/registry/src/index.crates.io-1949cf8c6b5b557f/const_soft_float-0.1.4/Cargo.toml","target":{"kind":["lib"],"crate_types":["lib"],"name":"const_soft_float","src_path":"/Users/bradyjeong/.cargo/registry/src/index.crates.io-1949cf8c6b5b557f/const_soft_float-0.1.4/src/lib.rs","edition":"2021","doc":true,"doctest":true,"test":true},"profile":{"opt_level":"0","debuginfo":2,"debug_assertions":true,"overflow_checks":true,"test":false},"features":["no_std"],"filenames":["/Users/bradyjeong/Documents/Projects/Amp/gta4/gta_game/target/debug/deps/libconst_soft_float-1cbc707567af5643.rmeta"],"executable":null,"fresh":false}
    Checking constgebra v0.1.4
{"reason":"build-script-executed","package_id":"registry+https://github.com/rust-lang/crates.io-index#wgpu-hal@24.0.4","linked_libs":[],"linked_paths":[],"cfgs":["native","send_sync","metal"],"env":[],"out_dir":"/Users/bradyjeong/Documents/Projects/Amp/gta4/gta_game/target/debug/build/wgpu-hal-5df5ae50fdc18506/out"}
    Checking data-encoding v2.9.0
{"reason":"compiler-artifact","package_id":"registry+https://github.com/rust-lang/crates.io-index#wgpu-core@24.0.5","manifest_path":"/Users/bradyjeong/.cargo/registry/src/index.crates.io-1949cf8c6b5b557f/wgpu-core-24.0.5/Cargo.toml","target":{"kind":["custom-build"],"crate_types":["bin"],"name":"build-script-build","src_path":"/Users/bradyjeong/.cargo/registry/src/index.crates.io-1949cf8c6b5b557f/wgpu-core-24.0.5/build.rs","edition":"2021","doc":false,"doctest":false,"test":false},"profile":{"opt_level":"0","debuginfo":0,"debug_assertions":true,"overflow_checks":true,"test":false},"features":["dx12","fragile-send-sync-non-atomic-wasm","indirect-validation","metal","raw-window-handle","wgsl"],"filenames":["/Users/bradyjeong/Documents/Projects/Amp/gta4/gta_game/target/debug/build/wgpu-core-2e4de3cc6e0f9a4a/build-script-build"],"executable":null,"fresh":false}
{"reason":"compiler-artifact","package_id":"registry+https://github.com/rust-lang/crates.io-index#cc@1.2.25","manifest_path":"/Users/bradyjeong/.cargo/registry/src/index.crates.io-1949cf8c6b5b557f/cc-1.2.25/Cargo.toml","target":{"kind":["lib"],"crate_types":["lib"],"name":"cc","src_path":"/Users/bradyjeong/.cargo/registry/src/index.crates.io-1949cf8c6b5b557f/cc-1.2.25/src/lib.rs","edition":"2018","doc":true,"doctest":true,"test":true},"profile":{"opt_level":"0","debuginfo":0,"debug_assertions":true,"overflow_checks":true,"test":false},"features":[],"filenames":["/Users/bradyjeong/Documents/Projects/Amp/gta4/gta_game/target/debug/deps/libcc-c0c41d247f70afbd.rlib","/Users/bradyjeong/Documents/Projects/Amp/gta4/gta_game/target/debug/deps/libcc-c0c41d247f70afbd.rmeta"],"executable":null,"fresh":false}
   Compiling blake3 v1.8.2
{"reason":"compiler-artifact","package_id":"registry+https://github.com/rust-lang/crates.io-index#rectangle-pack@0.4.2","manifest_path":"/Users/bradyjeong/.cargo/registry/src/index.crates.io-1949cf8c6b5b557f/rectangle-pack-0.4.2/Cargo.toml","target":{"kind":["lib"],"crate_types":["lib"],"name":"rectangle_pack","src_path":"/Users/bradyjeong/.cargo/registry/src/index.crates.io-1949cf8c6b5b557f/rectangle-pack-0.4.2/src/lib.rs","edition":"2018","doc":true,"doctest":true,"test":true},"profile":{"opt_level":"0","debuginfo":2,"debug_assertions":true,"overflow_checks":true,"test":false},"features":["default","std"],"filenames":["/Users/bradyjeong/Documents/Projects/Amp/gta4/gta_game/target/debug/deps/librectangle_pack-bd68d697012ffe25.rmeta"],"executable":null,"fresh":false}
{"reason":"compiler-artifact","package_id":"registry+https://github.com/rust-lang/crates.io-index#static_assertions@1.1.0","manifest_path":"/Users/bradyjeong/.cargo/registry/src/index.crates.io-1949cf8c6b5b557f/static_assertions-1.1.0/Cargo.toml","target":{"kind":["lib"],"crate_types":["lib"],"name":"static_assertions","src_path":"/Users/bradyjeong/.cargo/registry/src/index.crates.io-1949cf8c6b5b557f/static_assertions-1.1.0/src/lib.rs","edition":"2015","doc":true,"doctest":true,"test":true},"profile":{"opt_level":"0","debuginfo":2,"debug_assertions":true,"overflow_checks":true,"test":false},"features":[],"filenames":["/Users/bradyjeong/Documents/Projects/Amp/gta4/gta_game/target/debug/deps/libstatic_assertions-e85f911552c2480a.rmeta"],"executable":null,"fresh":false}
   Compiling objc-sys v0.3.5
{"reason":"compiler-artifact","package_id":"registry+https://github.com/rust-lang/crates.io-index#bit-vec@0.6.3","manifest_path":"/Users/bradyjeong/.cargo/registry/src/index.crates.io-1949cf8c6b5b557f/bit-vec-0.6.3/Cargo.toml","target":{"kind":["lib"],"crate_types":["lib"],"name":"bit_vec","src_path":"/Users/bradyjeong/.cargo/registry/src/index.crates.io-1949cf8c6b5b557f/bit-vec-0.6.3/src/lib.rs","edition":"2015","doc":true,"doctest":true,"test":true},"profile":{"opt_level":"0","debuginfo":2,"debug_assertions":true,"overflow_checks":true,"test":false},"features":["std"],"filenames":["/Users/bradyjeong/Documents/Projects/Amp/gta4/gta_game/target/debug/deps/libbit_vec-85d979c1b11fdfba.rmeta"],"executable":null,"fresh":false}
    Checking bit-set v0.5.3
{"reason":"compiler-artifact","package_id":"registry+https://github.com/rust-lang/crates.io-index#const-fnv1a-hash@1.1.0","manifest_path":"/Users/bradyjeong/.cargo/registry/src/index.crates.io-1949cf8c6b5b557f/const-fnv1a-hash-1.1.0/Cargo.toml","target":{"kind":["lib"],"crate_types":["lib"],"name":"const_fnv1a_hash","src_path":"/Users/bradyjeong/.cargo/registry/src/index.crates.io-1949cf8c6b5b557f/const-fnv1a-hash-1.1.0/src/lib.rs","edition":"2018","doc":true,"doctest":true,"test":true},"profile":{"opt_level":"0","debuginfo":2,"debug_assertions":true,"overflow_checks":true,"test":false},"features":[],"filenames":["/Users/bradyjeong/Documents/Projects/Amp/gta4/gta_game/target/debug/deps/libconst_fnv1a_hash-18f8934272793173.rmeta"],"executable":null,"fresh":false}
    Checking offset-allocator v0.2.0
{"reason":"compiler-artifact","package_id":"registry+https://github.com/rust-lang/crates.io-index#constgebra@0.1.4","manifest_path":"/Users/bradyjeong/.cargo/registry/src/index.crates.io-1949cf8c6b5b557f/constgebra-0.1.4/Cargo.toml","target":{"kind":["lib"],"crate_types":["lib"],"name":"constgebra","src_path":"/Users/bradyjeong/.cargo/registry/src/index.crates.io-1949cf8c6b5b557f/constgebra-0.1.4/src/lib.rs","edition":"2021","doc":true,"doctest":true,"test":true},"profile":{"opt_level":"0","debuginfo":2,"debug_assertions":true,"overflow_checks":true,"test":false},"features":[],"filenames":["/Users/bradyjeong/Documents/Projects/Amp/gta4/gta_game/target/debug/deps/libconstgebra-19a0199c036525eb.rmeta"],"executable":null,"fresh":false}
    Checking approx v0.5.1
{"reason":"compiler-artifact","package_id":"registry+https://github.com/rust-lang/crates.io-index#unicode-ident@1.0.18","manifest_path":"/Users/bradyjeong/.cargo/registry/src/index.crates.io-1949cf8c6b5b557f/unicode-ident-1.0.18/Cargo.toml","target":{"kind":["lib"],"crate_types":["lib"],"name":"unicode_ident","src_path":"/Users/bradyjeong/.cargo/registry/src/index.crates.io-1949cf8c6b5b557f/unicode-ident-1.0.18/src/lib.rs","edition":"2018","doc":true,"doctest":true,"test":true},"profile":{"opt_level":"0","debuginfo":2,"debug_assertions":true,"overflow_checks":true,"test":false},"features":[],"filenames":["/Users/bradyjeong/Documents/Projects/Amp/gta4/gta_game/target/debug/deps/libunicode_ident-fd0dc5197678d0ce.rmeta"],"executable":null,"fresh":false}
    Checking crossbeam-epoch v0.9.18
{"reason":"compiler-artifact","package_id":"registry+https://github.com/rust-lang/crates.io-index#euclid@0.22.11","manifest_path":"/Users/bradyjeong/.cargo/registry/src/index.crates.io-1949cf8c6b5b557f/euclid-0.22.11/Cargo.toml","target":{"kind":["lib"],"crate_types":["lib"],"name":"euclid","src_path":"/Users/bradyjeong/.cargo/registry/src/index.crates.io-1949cf8c6b5b557f/euclid-0.22.11/src/lib.rs","edition":"2021","doc":true,"doctest":true,"test":true},"profile":{"opt_level":"0","debuginfo":2,"debug_assertions":true,"overflow_checks":true,"test":false},"features":["default","std"],"filenames":["/Users/bradyjeong/Documents/Projects/Amp/gta4/gta_game/target/debug/deps/libeuclid-ed973db87f9587b9.rmeta"],"executable":null,"fresh":false}
    Checking guillotiere v0.6.2
{"reason":"compiler-artifact","package_id":"registry+https://github.com/rust-lang/crates.io-index#offset-allocator@0.2.0","manifest_path":"/Users/bradyjeong/.cargo/registry/src/index.crates.io-1949cf8c6b5b557f/offset-allocator-0.2.0/Cargo.toml","target":{"kind":["lib"],"crate_types":["lib"],"name":"offset_allocator","src_path":"/Users/bradyjeong/.cargo/registry/src/index.crates.io-1949cf8c6b5b557f/offset-allocator-0.2.0/src/lib.rs","edition":"2021","doc":true,"doctest":true,"test":true},"profile":{"opt_level":"0","debuginfo":2,"debug_assertions":true,"overflow_checks":true,"test":false},"features":[],"filenames":["/Users/bradyjeong/Documents/Projects/Amp/gta4/gta_game/target/debug/deps/liboffset_allocator-6c093a79d2950dc7.rmeta"],"executable":null,"fresh":false}
    Checking objc2-encode v4.1.0
{"reason":"compiler-artifact","package_id":"registry+https://github.com/rust-lang/crates.io-index#data-encoding@2.9.0","manifest_path":"/Users/bradyjeong/.cargo/registry/src/index.crates.io-1949cf8c6b5b557f/data-encoding-2.9.0/Cargo.toml","target":{"kind":["lib"],"crate_types":["lib"],"name":"data_encoding","src_path":"/Users/bradyjeong/.cargo/registry/src/index.crates.io-1949cf8c6b5b557f/data-encoding-2.9.0/src/lib.rs","edition":"2018","doc":true,"doctest":true,"test":true},"profile":{"opt_level":"0","debuginfo":2,"debug_assertions":true,"overflow_checks":true,"test":false},"features":["alloc","default","std"],"filenames":["/Users/bradyjeong/Documents/Projects/Amp/gta4/gta_game/target/debug/deps/libdata_encoding-524e217b457e4280.rmeta"],"executable":null,"fresh":false}
{"reason":"compiler-artifact","package_id":"registry+https://github.com/rust-lang/crates.io-index#bit-set@0.5.3","manifest_path":"/Users/bradyjeong/.cargo/registry/src/index.crates.io-1949cf8c6b5b557f/bit-set-0.5.3/Cargo.toml","target":{"kind":["lib"],"crate_types":["lib"],"name":"bit_set","src_path":"/Users/bradyjeong/.cargo/registry/src/index.crates.io-1949cf8c6b5b557f/bit-set-0.5.3/src/lib.rs","edition":"2015","doc":true,"doctest":true,"test":true},"profile":{"opt_level":"0","debuginfo":2,"debug_assertions":true,"overflow_checks":true,"test":false},"features":["default","std"],"filenames":["/Users/bradyjeong/Documents/Projects/Amp/gta4/gta_game/target/debug/deps/libbit_set-e78d5af52097d0dd.rmeta"],"executable":null,"fresh":false}
   Compiling version_check v0.9.5
{"reason":"compiler-artifact","package_id":"registry+https://github.com/rust-lang/crates.io-index#approx@0.5.1","manifest_path":"/Users/bradyjeong/.cargo/registry/src/index.crates.io-1949cf8c6b5b557f/approx-0.5.1/Cargo.toml","target":{"kind":["lib"],"crate_types":["lib"],"name":"approx","src_path":"/Users/bradyjeong/.cargo/registry/src/index.crates.io-1949cf8c6b5b557f/approx-0.5.1/src/lib.rs","edition":"2015","doc":true,"doctest":true,"test":true},"profile":{"opt_level":"0","debuginfo":2,"debug_assertions":true,"overflow_checks":true,"test":false},"features":["default","std"],"filenames":["/Users/bradyjeong/Documents/Projects/Amp/gta4/gta_game/target/debug/deps/libapprox-ea292a0e35d747fb.rmeta"],"executable":null,"fresh":false}
{"reason":"compiler-artifact","package_id":"registry+https://github.com/rust-lang/crates.io-index#regex-automata@0.1.10","manifest_path":"/Users/bradyjeong/.cargo/registry/src/index.crates.io-1949cf8c6b5b557f/regex-automata-0.1.10/Cargo.toml","target":{"kind":["lib"],"crate_types":["lib"],"name":"regex_automata","src_path":"/Users/bradyjeong/.cargo/registry/src/index.crates.io-1949cf8c6b5b557f/regex-automata-0.1.10/src/lib.rs","edition":"2015","doc":true,"doctest":true,"test":true},"profile":{"opt_level":"0","debuginfo":2,"debug_assertions":true,"overflow_checks":true,"test":false},"features":["default","regex-syntax","std"],"filenames":["/Users/bradyjeong/Documents/Projects/Amp/gta4/gta_game/target/debug/deps/libregex_automata-03551354b2d72ece.rmeta"],"executable":null,"fresh":false}
   Compiling matrixmultiply v0.3.10
    Checking dispatch v0.2.0
    Checking matchers v0.1.0
{"reason":"build-script-executed","package_id":"registry+https://github.com/rust-lang/crates.io-index#wgpu-core@24.0.5","linked_libs":[],"linked_paths":[],"cfgs":["send_sync","metal"],"env":[],"out_dir":"/Users/bradyjeong/Documents/Projects/Amp/gta4/gta_game/target/debug/build/wgpu-core-7f821bcef3fa10f2/out"}
    Checking radsort v0.1.1
{"reason":"compiler-artifact","package_id":"registry+https://github.com/rust-lang/crates.io-index#litrs@0.4.1","manifest_path":"/Users/bradyjeong/.cargo/registry/src/index.crates.io-1949cf8c6b5b557f/litrs-0.4.1/Cargo.toml","target":{"kind":["lib"],"crate_types":["lib"],"name":"litrs","src_path":"/Users/bradyjeong/.cargo/registry/src/index.crates.io-1949cf8c6b5b557f/litrs-0.4.1/src/lib.rs","edition":"2018","doc":true,"doctest":true,"test":true},"profile":{"opt_level":"0","debuginfo":0,"debug_assertions":true,"overflow_checks":true,"test":false},"features":[],"filenames":["/Users/bradyjeong/Documents/Projects/Amp/gta4/gta_game/target/debug/deps/liblitrs-427c59893411fe4c.rlib","/Users/bradyjeong/Documents/Projects/Amp/gta4/gta_game/target/debug/deps/liblitrs-427c59893411fe4c.rmeta"],"executable":null,"fresh":false}
   Compiling document-features v0.2.11
{"reason":"compiler-artifact","package_id":"registry+https://github.com/rust-lang/crates.io-index#wgpu@24.0.5","manifest_path":"/Users/bradyjeong/.cargo/registry/src/index.crates.io-1949cf8c6b5b557f/wgpu-24.0.5/Cargo.toml","target":{"kind":["custom-build"],"crate_types":["bin"],"name":"build-script-build","src_path":"/Users/bradyjeong/.cargo/registry/src/index.crates.io-1949cf8c6b5b557f/wgpu-24.0.5/build.rs","edition":"2021","doc":false,"doctest":false,"test":false},"profile":{"opt_level":"0","debuginfo":0,"debug_assertions":true,"overflow_checks":true,"test":false},"features":["dx12","fragile-send-sync-non-atomic-wasm","metal","naga-ir","wgc","wgsl"],"filenames":["/Users/bradyjeong/Documents/Projects/Amp/gta4/gta_game/target/debug/build/wgpu-aae87091d8608775/build-script-build"],"executable":null,"fresh":false}
{"reason":"compiler-artifact","package_id":"registry+https://github.com/rust-lang/crates.io-index#objc-sys@0.3.5","manifest_path":"/Users/bradyjeong/.cargo/registry/src/index.crates.io-1949cf8c6b5b557f/objc-sys-0.3.5/Cargo.toml","target":{"kind":["custom-build"],"crate_types":["bin"],"name":"build-script-build","src_path":"/Users/bradyjeong/.cargo/registry/src/index.crates.io-1949cf8c6b5b557f/objc-sys-0.3.5/build.rs","edition":"2021","doc":false,"doctest":false,"test":false},"profile":{"opt_level":"0","debuginfo":0,"debug_assertions":true,"overflow_checks":true,"test":false},"features":["alloc","std"],"filenames":["/Users/bradyjeong/Documents/Projects/Amp/gta4/gta_game/target/debug/build/objc-sys-05c62d98db954434/build-script-build"],"executable":null,"fresh":false}
{"reason":"compiler-artifact","package_id":"registry+https://github.com/rust-lang/crates.io-index#dispatch@0.2.0","manifest_path":"/Users/bradyjeong/.cargo/registry/src/index.crates.io-1949cf8c6b5b557f/dispatch-0.2.0/Cargo.toml","target":{"kind":["lib"],"crate_types":["lib"],"name":"dispatch","src_path":"/Users/bradyjeong/.cargo/registry/src/index.crates.io-1949cf8c6b5b557f/dispatch-0.2.0/src/lib.rs","edition":"2018","doc":true,"doctest":true,"test":true},"profile":{"opt_level":"0","debuginfo":2,"debug_assertions":true,"overflow_checks":true,"test":false},"features":[],"filenames":["/Users/bradyjeong/Documents/Projects/Amp/gta4/gta_game/target/debug/deps/libdispatch-8f58679dea79450c.rmeta"],"executable":null,"fresh":false}
{"reason":"compiler-artifact","package_id":"registry+https://github.com/rust-lang/crates.io-index#crossbeam-epoch@0.9.18","manifest_path":"/Users/bradyjeong/.cargo/registry/src/index.crates.io-1949cf8c6b5b557f/crossbeam-epoch-0.9.18/Cargo.toml","target":{"kind":["lib"],"crate_types":["lib"],"name":"crossbeam_epoch","src_path":"/Users/bradyjeong/.cargo/registry/src/index.crates.io-1949cf8c6b5b557f/crossbeam-epoch-0.9.18/src/lib.rs","edition":"2021","doc":true,"doctest":true,"test":true},"profile":{"opt_level":"0","debuginfo":2,"debug_assertions":true,"overflow_checks":true,"test":false},"features":["alloc","std"],"filenames":["/Users/bradyjeong/Documents/Projects/Amp/gta4/gta_game/target/debug/deps/libcrossbeam_epoch-7b755c3f1ef812c9.rmeta"],"executable":null,"fresh":false}
   Compiling typenum v1.18.0
{"reason":"compiler-artifact","package_id":"registry+https://github.com/rust-lang/crates.io-index#guillotiere@0.6.2","manifest_path":"/Users/bradyjeong/.cargo/registry/src/index.crates.io-1949cf8c6b5b557f/guillotiere-0.6.2/Cargo.toml","target":{"kind":["lib"],"crate_types":["lib"],"name":"guillotiere","src_path":"/Users/bradyjeong/.cargo/registry/src/index.crates.io-1949cf8c6b5b557f/guillotiere-0.6.2/src/lib.rs","edition":"2018","doc":true,"doctest":true,"test":true},"profile":{"opt_level":"0","debuginfo":2,"debug_assertions":true,"overflow_checks":true,"test":false},"features":[],"filenames":["/Users/bradyjeong/Documents/Projects/Amp/gta4/gta_game/target/debug/deps/libguillotiere-19868a3e6959e2a9.rmeta"],"executable":null,"fresh":false}
    Checking crossbeam-deque v0.8.6
    Checking num-complex v0.4.6
{"reason":"compiler-artifact","package_id":"registry+https://github.com/rust-lang/crates.io-index#blake3@1.8.2","manifest_path":"/Users/bradyjeong/.cargo/registry/src/index.crates.io-1949cf8c6b5b557f/blake3-1.8.2/Cargo.toml","target":{"kind":["custom-build"],"crate_types":["bin"],"name":"build-script-build","src_path":"/Users/bradyjeong/.cargo/registry/src/index.crates.io-1949cf8c6b5b557f/blake3-1.8.2/build.rs","edition":"2021","doc":false,"doctest":false,"test":false},"profile":{"opt_level":"0","debuginfo":0,"debug_assertions":true,"overflow_checks":true,"test":false},"features":["default","std"],"filenames":["/Users/bradyjeong/Documents/Projects/Amp/gta4/gta_game/target/debug/build/blake3-e00d124dddd79d92/build-script-build"],"executable":null,"fresh":false}
{"reason":"compiler-artifact","package_id":"registry+https://github.com/rust-lang/crates.io-index#matchers@0.1.0","manifest_path":"/Users/bradyjeong/.cargo/registry/src/index.crates.io-1949cf8c6b5b557f/matchers-0.1.0/Cargo.toml","target":{"kind":["lib"],"crate_types":["lib"],"name":"matchers","src_path":"/Users/bradyjeong/.cargo/registry/src/index.crates.io-1949cf8c6b5b557f/matchers-0.1.0/src/lib.rs","edition":"2018","doc":true,"doctest":true,"test":true},"profile":{"opt_level":"0","debuginfo":2,"debug_assertions":true,"overflow_checks":true,"test":false},"features":[],"filenames":["/Users/bradyjeong/Documents/Projects/Amp/gta4/gta_game/target/debug/deps/libmatchers-c17f8de0407acb9e.rmeta"],"executable":null,"fresh":false}
    Checking num-integer v0.1.46
{"reason":"compiler-artifact","package_id":"registry+https://github.com/rust-lang/crates.io-index#regex-automata@0.4.9","manifest_path":"/Users/bradyjeong/.cargo/registry/src/index.crates.io-1949cf8c6b5b557f/regex-automata-0.4.9/Cargo.toml","target":{"kind":["lib"],"crate_types":["lib"],"name":"regex_automata","src_path":"/Users/bradyjeong/.cargo/registry/src/index.crates.io-1949cf8c6b5b557f/regex-automata-0.4.9/src/lib.rs","edition":"2021","doc":true,"doctest":true,"test":true},"profile":{"opt_level":"0","debuginfo":2,"debug_assertions":true,"overflow_checks":true,"test":false},"features":["alloc","dfa-onepass","hybrid","meta","nfa-backtrack","nfa-pikevm","nfa-thompson","perf-inline","perf-literal","perf-literal-multisubstring","perf-literal-substring","std","syntax","unicode","unicode-age","unicode-bool","unicode-case","unicode-gencat","unicode-perl","unicode-script","unicode-segment","unicode-word-boundary"],"filenames":["/Users/bradyjeong/Documents/Projects/Amp/gta4/gta_game/target/debug/deps/libregex_automata-5ffe5e8cc69cf127.rmeta"],"executable":null,"fresh":false}
    Checking regex v1.11.1
{"reason":"compiler-artifact","package_id":"registry+https://github.com/rust-lang/crates.io-index#objc2-encode@4.1.0","manifest_path":"/Users/bradyjeong/.cargo/registry/src/index.crates.io-1949cf8c6b5b557f/objc2-encode-4.1.0/Cargo.toml","target":{"kind":["lib"],"crate_types":["lib"],"name":"objc2_encode","src_path":"/Users/bradyjeong/.cargo/registry/src/index.crates.io-1949cf8c6b5b557f/objc2-encode-4.1.0/src/lib.rs","edition":"2021","doc":true,"doctest":true,"test":true},"profile":{"opt_level":"0","debuginfo":2,"debug_assertions":true,"overflow_checks":true,"test":false},"features":["alloc","std"],"filenames":["/Users/bradyjeong/Documents/Projects/Amp/gta4/gta_game/target/debug/deps/libobjc2_encode-8fda1f050be3e799.rmeta"],"executable":null,"fresh":false}
    Checking rawpointer v0.2.1
{"reason":"compiler-artifact","package_id":"registry+https://github.com/rust-lang/crates.io-index#radsort@0.1.1","manifest_path":"/Users/bradyjeong/.cargo/registry/src/index.crates.io-1949cf8c6b5b557f/radsort-0.1.1/Cargo.toml","target":{"kind":["lib"],"crate_types":["lib"],"name":"radsort","src_path":"/Users/bradyjeong/.cargo/registry/src/index.crates.io-1949cf8c6b5b557f/radsort-0.1.1/src/lib.rs","edition":"2021","doc":true,"doctest":true,"test":true},"profile":{"opt_level":"0","debuginfo":2,"debug_assertions":true,"overflow_checks":true,"test":false},"features":[],"filenames":["/Users/bradyjeong/Documents/Projects/Amp/gta4/gta_game/target/debug/deps/libradsort-a9122615cad39d42.rmeta"],"executable":null,"fresh":false}
    Checking immutable-chunkmap v2.0.6
{"reason":"compiler-artifact","package_id":"registry+https://github.com/rust-lang/crates.io-index#matrixmultiply@0.3.10","manifest_path":"/Users/bradyjeong/.cargo/registry/src/index.crates.io-1949cf8c6b5b557f/matrixmultiply-0.3.10/Cargo.toml","target":{"kind":["custom-build"],"crate_types":["bin"],"name":"build-script-build","src_path":"/Users/bradyjeong/.cargo/registry/src/index.crates.io-1949cf8c6b5b557f/matrixmultiply-0.3.10/build.rs","edition":"2018","doc":false,"doctest":false,"test":false},"profile":{"opt_level":"0","debuginfo":0,"debug_assertions":true,"overflow_checks":true,"test":false},"features":["default","std"],"filenames":["/Users/bradyjeong/Documents/Projects/Amp/gta4/gta_game/target/debug/build/matrixmultiply-d99cbf670ed27754/build-script-build"],"executable":null,"fresh":false}
{"reason":"compiler-artifact","package_id":"registry+https://github.com/rust-lang/crates.io-index#crossbeam-deque@0.8.6","manifest_path":"/Users/bradyjeong/.cargo/registry/src/index.crates.io-1949cf8c6b5b557f/crossbeam-deque-0.8.6/Cargo.toml","target":{"kind":["lib"],"crate_types":["lib"],"name":"crossbeam_deque","src_path":"/Users/bradyjeong/.cargo/registry/src/index.crates.io-1949cf8c6b5b557f/crossbeam-deque-0.8.6/src/lib.rs","edition":"2021","doc":true,"doctest":true,"test":true},"profile":{"opt_level":"0","debuginfo":2,"debug_assertions":true,"overflow_checks":true,"test":false},"features":["default","std"],"filenames":["/Users/bradyjeong/Documents/Projects/Amp/gta4/gta_game/target/debug/deps/libcrossbeam_deque-3c0644e414e5ba3d.rmeta"],"executable":null,"fresh":false}
    Checking memmap2 v0.9.5
{"reason":"compiler-artifact","package_id":"registry+https://github.com/rust-lang/crates.io-index#rawpointer@0.2.1","manifest_path":"/Users/bradyjeong/.cargo/registry/src/index.crates.io-1949cf8c6b5b557f/rawpointer-0.2.1/Cargo.toml","target":{"kind":["lib"],"crate_types":["lib"],"name":"rawpointer","src_path":"/Users/bradyjeong/.cargo/registry/src/index.crates.io-1949cf8c6b5b557f/rawpointer-0.2.1/src/lib.rs","edition":"2015","doc":true,"doctest":true,"test":true},"profile":{"opt_level":"0","debuginfo":2,"debug_assertions":true,"overflow_checks":true,"test":false},"features":[],"filenames":["/Users/bradyjeong/Documents/Projects/Amp/gta4/gta_game/target/debug/deps/librawpointer-09d2aef200d53d6a.rmeta"],"executable":null,"fresh":false}
   Compiling winit v0.30.11
{"reason":"compiler-artifact","package_id":"registry+https://github.com/rust-lang/crates.io-index#version_check@0.9.5","manifest_path":"/Users/bradyjeong/.cargo/registry/src/index.crates.io-1949cf8c6b5b557f/version_check-0.9.5/Cargo.toml","target":{"kind":["lib"],"crate_types":["lib"],"name":"version_check","src_path":"/Users/bradyjeong/.cargo/registry/src/index.crates.io-1949cf8c6b5b557f/version_check-0.9.5/src/lib.rs","edition":"2015","doc":true,"doctest":true,"test":true},"profile":{"opt_level":"0","debuginfo":0,"debug_assertions":true,"overflow_checks":true,"test":false},"features":[],"filenames":["/Users/bradyjeong/Documents/Projects/Amp/gta4/gta_game/target/debug/deps/libversion_check-8c067b92ae3aff85.rlib","/Users/bradyjeong/Documents/Projects/Amp/gta4/gta_game/target/debug/deps/libversion_check-8c067b92ae3aff85.rmeta"],"executable":null,"fresh":false}
   Compiling slotmap v1.0.7
{"reason":"build-script-executed","package_id":"registry+https://github.com/rust-lang/crates.io-index#wgpu@24.0.5","linked_libs":[],"linked_paths":[],"cfgs":["native","wgpu_core","send_sync","metal","naga"],"env":[],"out_dir":"/Users/bradyjeong/Documents/Projects/Amp/gta4/gta_game/target/debug/build/wgpu-c8a14a19ebee8603/out"}
    Checking zeno v0.3.3
{"reason":"compiler-artifact","package_id":"registry+https://github.com/rust-lang/crates.io-index#num-integer@0.1.46","manifest_path":"/Users/bradyjeong/.cargo/registry/src/index.crates.io-1949cf8c6b5b557f/num-integer-0.1.46/Cargo.toml","target":{"kind":["lib"],"crate_types":["lib"],"name":"num_integer","src_path":"/Users/bradyjeong/.cargo/registry/src/index.crates.io-1949cf8c6b5b557f/num-integer-0.1.46/src/lib.rs","edition":"2018","doc":true,"doctest":true,"test":true},"profile":{"opt_level":"0","debuginfo":2,"debug_assertions":true,"overflow_checks":true,"test":false},"features":["i128","std"],"filenames":["/Users/bradyjeong/Documents/Projects/Amp/gta4/gta_game/target/debug/deps/libnum_integer-3ff187fec206e3a8.rmeta"],"executable":null,"fresh":false}
    Checking num-rational v0.4.2
{"reason":"compiler-artifact","package_id":"registry+https://github.com/rust-lang/crates.io-index#memmap2@0.9.5","manifest_path":"/Users/bradyjeong/.cargo/registry/src/index.crates.io-1949cf8c6b5b557f/memmap2-0.9.5/Cargo.toml","target":{"kind":["lib"],"crate_types":["lib"],"name":"memmap2","src_path":"/Users/bradyjeong/.cargo/registry/src/index.crates.io-1949cf8c6b5b557f/memmap2-0.9.5/src/lib.rs","edition":"2018","doc":true,"doctest":true,"test":true},"profile":{"opt_level":"0","debuginfo":2,"debug_assertions":true,"overflow_checks":true,"test":false},"features":[],"filenames":["/Users/bradyjeong/Documents/Projects/Amp/gta4/gta_game/target/debug/deps/libmemmap2-869d18adc4a4fc2a.rmeta"],"executable":null,"fresh":false}
    Checking yazi v0.2.1
{"reason":"compiler-artifact","package_id":"registry+https://github.com/rust-lang/crates.io-index#typenum@1.18.0","manifest_path":"/Users/bradyjeong/.cargo/registry/src/index.crates.io-1949cf8c6b5b557f/typenum-1.18.0/Cargo.toml","target":{"kind":["custom-build"],"crate_types":["bin"],"name":"build-script-build","src_path":"/Users/bradyjeong/.cargo/registry/src/index.crates.io-1949cf8c6b5b557f/typenum-1.18.0/build.rs","edition":"2018","doc":false,"doctest":false,"test":false},"profile":{"opt_level":"0","debuginfo":0,"debug_assertions":true,"overflow_checks":true,"test":false},"features":[],"filenames":["/Users/bradyjeong/Documents/Projects/Amp/gta4/gta_game/target/debug/build/typenum-8aa4ed9de6d3c41f/build-script-build"],"executable":null,"fresh":false}
{"reason":"compiler-artifact","package_id":"registry+https://github.com/rust-lang/crates.io-index#regex@1.11.1","manifest_path":"/Users/bradyjeong/.cargo/registry/src/index.crates.io-1949cf8c6b5b557f/regex-1.11.1/Cargo.toml","target":{"kind":["lib"],"crate_types":["lib"],"name":"regex","src_path":"/Users/bradyjeong/.cargo/registry/src/index.crates.io-1949cf8c6b5b557f/regex-1.11.1/src/lib.rs","edition":"2021","doc":true,"doctest":true,"test":true},"profile":{"opt_level":"0","debuginfo":2,"debug_assertions":true,"overflow_checks":true,"test":false},"features":["default","perf","perf-backtrack","perf-cache","perf-dfa","perf-inline","perf-literal","perf-onepass","std","unicode","unicode-age","unicode-bool","unicode-case","unicode-gencat","unicode-perl","unicode-script","unicode-segment"],"filenames":["/Users/bradyjeong/Documents/Projects/Amp/gta4/gta_game/target/debug/deps/libregex-629255951c23e964.rmeta"],"executable":null,"fresh":false}
    Checking ttf-parser v0.21.1
{"reason":"compiler-artifact","package_id":"registry+https://github.com/rust-lang/crates.io-index#num-complex@0.4.6","manifest_path":"/Users/bradyjeong/.cargo/registry/src/index.crates.io-1949cf8c6b5b557f/num-complex-0.4.6/Cargo.toml","target":{"kind":["lib"],"crate_types":["lib"],"name":"num_complex","src_path":"/Users/bradyjeong/.cargo/registry/src/index.crates.io-1949cf8c6b5b557f/num-complex-0.4.6/src/lib.rs","edition":"2021","doc":true,"doctest":true,"test":true},"profile":{"opt_level":"0","debuginfo":2,"debug_assertions":true,"overflow_checks":true,"test":false},"features":["std"],"filenames":["/Users/bradyjeong/Documents/Projects/Amp/gta4/gta_game/target/debug/deps/libnum_complex-73ab6efe9fe43a2d.rmeta"],"executable":null,"fresh":false}
    Checking unicode-properties v0.1.3
{"reason":"compiler-artifact","package_id":"registry+https://github.com/rust-lang/crates.io-index#slotmap@1.0.7","manifest_path":"/Users/bradyjeong/.cargo/registry/src/index.crates.io-1949cf8c6b5b557f/slotmap-1.0.7/Cargo.toml","target":{"kind":["custom-build"],"crate_types":["bin"],"name":"build-script-build","src_path":"/Users/bradyjeong/.cargo/registry/src/index.crates.io-1949cf8c6b5b557f/slotmap-1.0.7/build.rs","edition":"2018","doc":false,"doctest":false,"test":false},"profile":{"opt_level":"0","debuginfo":0,"debug_assertions":true,"overflow_checks":true,"test":false},"features":["std"],"filenames":["/Users/bradyjeong/Documents/Projects/Amp/gta4/gta_game/target/debug/build/slotmap-fe11637ff383b7eb/build-script-build"],"executable":null,"fresh":false}
{"reason":"compiler-artifact","package_id":"registry+https://github.com/rust-lang/crates.io-index#immutable-chunkmap@2.0.6","manifest_path":"/Users/bradyjeong/.cargo/registry/src/index.crates.io-1949cf8c6b5b557f/immutable-chunkmap-2.0.6/Cargo.toml","target":{"kind":["lib"],"crate_types":["lib"],"name":"immutable_chunkmap","src_path":"/Users/bradyjeong/.cargo/registry/src/index.crates.io-1949cf8c6b5b557f/immutable-chunkmap-2.0.6/src/lib.rs","edition":"2018","doc":true,"doctest":true,"test":true},"profile":{"opt_level":"0","debuginfo":2,"debug_assertions":true,"overflow_checks":true,"test":false},"features":["default"],"filenames":["/Users/bradyjeong/Documents/Projects/Amp/gta4/gta_game/target/debug/deps/libimmutable_chunkmap-d5bfbe469ebccd24.rmeta"],"executable":null,"fresh":false}
    Checking unicode-ccc v0.2.0
{"reason":"build-script-executed","package_id":"registry+https://github.com/rust-lang/crates.io-index#objc-sys@0.3.5","linked_libs":["dylib=objc"],"linked_paths":[],"cfgs":[],"env":[],"out_dir":"/Users/bradyjeong/Documents/Projects/Amp/gta4/gta_game/target/debug/build/objc-sys-60cd04404206703f/out"}
{"reason":"compiler-artifact","package_id":"registry+https://github.com/rust-lang/crates.io-index#unicode-properties@0.1.3","manifest_path":"/Users/bradyjeong/.cargo/registry/src/index.crates.io-1949cf8c6b5b557f/unicode-properties-0.1.3/Cargo.toml","target":{"kind":["lib"],"crate_types":["lib"],"name":"unicode_properties","src_path":"/Users/bradyjeong/.cargo/registry/src/index.crates.io-1949cf8c6b5b557f/unicode-properties-0.1.3/src/lib.rs","edition":"2021","doc":true,"doctest":true,"test":true},"profile":{"opt_level":"0","debuginfo":2,"debug_assertions":true,"overflow_checks":true,"test":false},"features":["general-category"],"filenames":["/Users/bradyjeong/Documents/Projects/Amp/gta4/gta_game/target/debug/deps/libunicode_properties-923c664e75612b07.rmeta"],"executable":null,"fresh":false}
    Checking ttf-parser v0.20.0
{"reason":"compiler-artifact","package_id":"registry+https://github.com/rust-lang/crates.io-index#winit@0.30.11","manifest_path":"/Users/bradyjeong/.cargo/registry/src/index.crates.io-1949cf8c6b5b557f/winit-0.30.11/Cargo.toml","target":{"kind":["custom-build"],"crate_types":["bin"],"name":"build-script-build","src_path":"/Users/bradyjeong/.cargo/registry/src/index.crates.io-1949cf8c6b5b557f/winit-0.30.11/build.rs","edition":"2021","doc":false,"doctest":false,"test":false},"profile":{"opt_level":"0","debuginfo":0,"debug_assertions":true,"overflow_checks":true,"test":false},"features":["bytemuck","percent-encoding","rwh_06","x11","x11-dl","x11rb"],"filenames":["/Users/bradyjeong/Documents/Projects/Amp/gta4/gta_game/target/debug/build/winit-c1edf6fd6fa0337d/build-script-build"],"executable":null,"fresh":false}
{"reason":"compiler-artifact","package_id":"registry+https://github.com/rust-lang/crates.io-index#num-rational@0.4.2","manifest_path":"/Users/bradyjeong/.cargo/registry/src/index.crates.io-1949cf8c6b5b557f/num-rational-0.4.2/Cargo.toml","target":{"kind":["lib"],"crate_types":["lib"],"name":"num_rational","src_path":"/Users/bradyjeong/.cargo/registry/src/index.crates.io-1949cf8c6b5b557f/num-rational-0.4.2/src/lib.rs","edition":"2021","doc":true,"doctest":true,"test":true},"profile":{"opt_level":"0","debuginfo":2,"debug_assertions":true,"overflow_checks":true,"test":false},"features":["std"],"filenames":["/Users/bradyjeong/Documents/Projects/Amp/gta4/gta_game/target/debug/deps/libnum_rational-2dc0c2c13590a872.rmeta"],"executable":null,"fresh":false}
    Checking unicode-bidi-mirroring v0.2.0
    Checking byteorder v1.5.0
{"reason":"compiler-artifact","package_id":"registry+https://github.com/rust-lang/crates.io-index#unicode-ccc@0.2.0","manifest_path":"/Users/bradyjeong/.cargo/registry/src/index.crates.io-1949cf8c6b5b557f/unicode-ccc-0.2.0/Cargo.toml","target":{"kind":["lib"],"crate_types":["lib"],"name":"unicode_ccc","src_path":"/Users/bradyjeong/.cargo/registry/src/index.crates.io-1949cf8c6b5b557f/unicode-ccc-0.2.0/src/lib.rs","edition":"2018","doc":true,"doctest":true,"test":true},"profile":{"opt_level":"0","debuginfo":2,"debug_assertions":true,"overflow_checks":true,"test":false},"features":[],"filenames":["/Users/bradyjeong/Documents/Projects/Amp/gta4/gta_game/target/debug/deps/libunicode_ccc-345800266ce86aac.rmeta"],"executable":null,"fresh":false}
    Checking unicode-script v0.5.7
{"reason":"compiler-artifact","package_id":"registry+https://github.com/rust-lang/crates.io-index#yazi@0.2.1","manifest_path":"/Users/bradyjeong/.cargo/registry/src/index.crates.io-1949cf8c6b5b557f/yazi-0.2.1/Cargo.toml","target":{"kind":["lib"],"crate_types":["lib"],"name":"yazi","src_path":"/Users/bradyjeong/.cargo/registry/src/index.crates.io-1949cf8c6b5b557f/yazi-0.2.1/src/lib.rs","edition":"2021","doc":true,"doctest":true,"test":true},"profile":{"opt_level":"0","debuginfo":2,"debug_assertions":true,"overflow_checks":true,"test":false},"features":["std"],"filenames":["/Users/bradyjeong/Documents/Projects/Amp/gta4/gta_game/target/debug/deps/libyazi-2d70114d6560796e.rmeta"],"executable":null,"fresh":false}
{"reason":"compiler-artifact","package_id":"registry+https://github.com/rust-lang/crates.io-index#document-features@0.2.11","manifest_path":"/Users/bradyjeong/.cargo/registry/src/index.crates.io-1949cf8c6b5b557f/document-features-0.2.11/Cargo.toml","target":{"kind":["proc-macro"],"crate_types":["proc-macro"],"name":"document_features","src_path":"/Users/bradyjeong/.cargo/registry/src/index.crates.io-1949cf8c6b5b557f/document-features-0.2.11/lib.rs","edition":"2018","doc":true,"doctest":true,"test":true},"profile":{"opt_level":"0","debuginfo":0,"debug_assertions":true,"overflow_checks":true,"test":false},"features":["default"],"filenames":["/Users/bradyjeong/Documents/Projects/Amp/gta4/gta_game/target/debug/deps/libdocument_features-6de4e45e7db2dd9e.dylib"],"executable":null,"fresh":false}
    Checking unicode-linebreak v0.1.5
{"reason":"compiler-artifact","package_id":"registry+https://github.com/rust-lang/crates.io-index#unicode-bidi-mirroring@0.2.0","manifest_path":"/Users/bradyjeong/.cargo/registry/src/index.crates.io-1949cf8c6b5b557f/unicode-bidi-mirroring-0.2.0/Cargo.toml","target":{"kind":["lib"],"crate_types":["lib"],"name":"unicode_bidi_mirroring","src_path":"/Users/bradyjeong/.cargo/registry/src/index.crates.io-1949cf8c6b5b557f/unicode-bidi-mirroring-0.2.0/src/lib.rs","edition":"2018","doc":true,"doctest":true,"test":true},"profile":{"opt_level":"0","debuginfo":2,"debug_assertions":true,"overflow_checks":true,"test":false},"features":[],"filenames":["/Users/bradyjeong/Documents/Projects/Amp/gta4/gta_game/target/debug/deps/libunicode_bidi_mirroring-3f3198a272f2467d.rmeta"],"executable":null,"fresh":false}
    Checking sys-locale v0.3.2
{"reason":"compiler-artifact","package_id":"registry+https://github.com/rust-lang/crates.io-index#objc-sys@0.3.5","manifest_path":"/Users/bradyjeong/.cargo/registry/src/index.crates.io-1949cf8c6b5b557f/objc-sys-0.3.5/Cargo.toml","target":{"kind":["lib"],"crate_types":["lib"],"name":"objc_sys","src_path":"/Users/bradyjeong/.cargo/registry/src/index.crates.io-1949cf8c6b5b557f/objc-sys-0.3.5/src/lib.rs","edition":"2021","doc":true,"doctest":true,"test":true},"profile":{"opt_level":"0","debuginfo":2,"debug_assertions":true,"overflow_checks":true,"test":false},"features":["alloc","std"],"filenames":["/Users/bradyjeong/Documents/Projects/Amp/gta4/gta_game/target/debug/deps/libobjc_sys-8d3be0216404b3a7.rmeta"],"executable":null,"fresh":false}
    Checking objc2 v0.5.2
{"reason":"compiler-artifact","package_id":"registry+https://github.com/rust-lang/crates.io-index#syn@2.0.101","manifest_path":"/Users/bradyjeong/.cargo/registry/src/index.crates.io-1949cf8c6b5b557f/syn-2.0.101/Cargo.toml","target":{"kind":["lib"],"crate_types":["lib"],"name":"syn","src_path":"/Users/bradyjeong/.cargo/registry/src/index.crates.io-1949cf8c6b5b557f/syn-2.0.101/src/lib.rs","edition":"2021","doc":true,"doctest":true,"test":true},"profile":{"opt_level":"0","debuginfo":0,"debug_assertions":true,"overflow_checks":true,"test":false},"features":["clone-impls","default","derive","extra-traits","full","parsing","printing","proc-macro","visit","visit-mut"],"filenames":["/Users/bradyjeong/Documents/Projects/Amp/gta4/gta_game/target/debug/deps/libsyn-74315155a406047c.rlib","/Users/bradyjeong/Documents/Projects/Amp/gta4/gta_game/target/debug/deps/libsyn-74315155a406047c.rmeta"],"executable":null,"fresh":false}
   Compiling serde_derive v1.0.219
{"reason":"compiler-artifact","package_id":"registry+https://github.com/rust-lang/crates.io-index#zeno@0.3.3","manifest_path":"/Users/bradyjeong/.cargo/registry/src/index.crates.io-1949cf8c6b5b557f/zeno-0.3.3/Cargo.toml","target":{"kind":["lib"],"crate_types":["lib"],"name":"zeno","src_path":"/Users/bradyjeong/.cargo/registry/src/index.crates.io-1949cf8c6b5b557f/zeno-0.3.3/src/lib.rs","edition":"2021","doc":true,"doctest":true,"test":true},"profile":{"opt_level":"0","debuginfo":2,"debug_assertions":true,"overflow_checks":true,"test":false},"features":["eval","std"],"filenames":["/Users/bradyjeong/Documents/Projects/Amp/gta4/gta_game/target/debug/deps/libzeno-47f423a1c4284ec2.rmeta"],"executable":null,"fresh":false}
   Compiling bytemuck_derive v1.9.3
{"reason":"compiler-artifact","package_id":"registry+https://github.com/rust-lang/crates.io-index#sys-locale@0.3.2","manifest_path":"/Users/bradyjeong/.cargo/registry/src/index.crates.io-1949cf8c6b5b557f/sys-locale-0.3.2/Cargo.toml","target":{"kind":["lib"],"crate_types":["lib"],"name":"sys_locale","src_path":"/Users/bradyjeong/.cargo/registry/src/index.crates.io-1949cf8c6b5b557f/sys-locale-0.3.2/src/lib.rs","edition":"2018","doc":true,"doctest":true,"test":true},"profile":{"opt_level":"0","debuginfo":2,"debug_assertions":true,"overflow_checks":true,"test":false},"features":[],"filenames":["/Users/bradyjeong/Documents/Projects/Amp/gta4/gta_game/target/debug/deps/libsys_locale-b2b3a04324afac5e.rmeta"],"executable":null,"fresh":false}
   Compiling thiserror-impl v2.0.12
{"reason":"compiler-artifact","package_id":"registry+https://github.com/rust-lang/crates.io-index#byteorder@1.5.0","manifest_path":"/Users/bradyjeong/.cargo/registry/src/index.crates.io-1949cf8c6b5b557f/byteorder-1.5.0/Cargo.toml","target":{"kind":["lib"],"crate_types":["lib"],"name":"byteorder","src_path":"/Users/bradyjeong/.cargo/registry/src/index.crates.io-1949cf8c6b5b557f/byteorder-1.5.0/src/lib.rs","edition":"2021","doc":true,"doctest":true,"test":true},"profile":{"opt_level":"0","debuginfo":2,"debug_assertions":true,"overflow_checks":true,"test":false},"features":["default","std"],"filenames":["/Users/bradyjeong/Documents/Projects/Amp/gta4/gta_game/target/debug/deps/libbyteorder-eb2a4e1612aadfaf.rmeta"],"executable":null,"fresh":false}
   Compiling derive_more-impl v1.0.0
{"reason":"compiler-artifact","package_id":"registry+https://github.com/rust-lang/crates.io-index#unicode-linebreak@0.1.5","manifest_path":"/Users/bradyjeong/.cargo/registry/src/index.crates.io-1949cf8c6b5b557f/unicode-linebreak-0.1.5/Cargo.toml","target":{"kind":["lib"],"crate_types":["lib"],"name":"unicode_linebreak","src_path":"/Users/bradyjeong/.cargo/registry/src/index.crates.io-1949cf8c6b5b557f/unicode-linebreak-0.1.5/src/lib.rs","edition":"2021","doc":true,"doctest":true,"test":true},"profile":{"opt_level":"0","debuginfo":2,"debug_assertions":true,"overflow_checks":true,"test":false},"features":[],"filenames":["/Users/bradyjeong/Documents/Projects/Amp/gta4/gta_game/target/debug/deps/libunicode_linebreak-ef463f34ff4f3624.rmeta"],"executable":null,"fresh":false}
   Compiling assert_type_match v0.1.1
{"reason":"compiler-artifact","package_id":"registry+https://github.com/rust-lang/crates.io-index#unicode-script@0.5.7","manifest_path":"/Users/bradyjeong/.cargo/registry/src/index.crates.io-1949cf8c6b5b557f/unicode-script-0.5.7/Cargo.toml","target":{"kind":["lib"],"crate_types":["lib"],"name":"unicode_script","src_path":"/Users/bradyjeong/.cargo/registry/src/index.crates.io-1949cf8c6b5b557f/unicode-script-0.5.7/src/lib.rs","edition":"2018","doc":true,"doctest":true,"test":true},"profile":{"opt_level":"0","debuginfo":2,"debug_assertions":true,"overflow_checks":true,"test":false},"features":[],"filenames":["/Users/bradyjeong/Documents/Projects/Amp/gta4/gta_game/target/debug/deps/libunicode_script-f172c6c7353893bf.rmeta"],"executable":null,"fresh":false}
   Compiling variadics_please v1.1.0
{"reason":"build-script-executed","package_id":"registry+https://github.com/rust-lang/crates.io-index#matrixmultiply@0.3.10","linked_libs":[],"linked_paths":[],"cfgs":["has_aarch64_simd"],"env":[],"out_dir":"/Users/bradyjeong/Documents/Projects/Amp/gta4/gta_game/target/debug/build/matrixmultiply-ad8cce9180becc68/out"}
   Compiling bevy_reflect_derive v0.16.1
{"reason":"build-script-executed","package_id":"registry+https://github.com/rust-lang/crates.io-index#typenum@1.18.0","linked_libs":[],"linked_paths":[],"cfgs":[],"env":[],"out_dir":"/Users/bradyjeong/Documents/Projects/Amp/gta4/gta_game/target/debug/build/typenum-b6ace1f022cb5bd9/out"}
   Compiling bevy_ecs_macros v0.16.1
{"reason":"compiler-artifact","package_id":"registry+https://github.com/rust-lang/crates.io-index#variadics_please@1.1.0","manifest_path":"/Users/bradyjeong/.cargo/registry/src/index.crates.io-1949cf8c6b5b557f/variadics_please-1.1.0/Cargo.toml","target":{"kind":["proc-macro"],"crate_types":["proc-macro"],"name":"variadics_please","src_path":"/Users/bradyjeong/.cargo/registry/src/index.crates.io-1949cf8c6b5b557f/variadics_please-1.1.0/src/lib.rs","edition":"2021","doc":true,"doctest":true,"test":true},"profile":{"opt_level":"0","debuginfo":0,"debug_assertions":true,"overflow_checks":true,"test":false},"features":["alloc","default"],"filenames":["/Users/bradyjeong/Documents/Projects/Amp/gta4/gta_game/target/debug/deps/libvariadics_please-34302cfc444a3071.dylib"],"executable":null,"fresh":false}
   Compiling bevy_derive v0.16.1
{"reason":"compiler-artifact","package_id":"registry+https://github.com/rust-lang/crates.io-index#objc2@0.5.2","manifest_path":"/Users/bradyjeong/.cargo/registry/src/index.crates.io-1949cf8c6b5b557f/objc2-0.5.2/Cargo.toml","target":{"kind":["lib"],"crate_types":["lib"],"name":"objc2","src_path":"/Users/bradyjeong/.cargo/registry/src/index.crates.io-1949cf8c6b5b557f/objc2-0.5.2/src/lib.rs","edition":"2021","doc":true,"doctest":true,"test":true},"profile":{"opt_level":"0","debuginfo":2,"debug_assertions":true,"overflow_checks":true,"test":false},"features":["alloc","default","std"],"filenames":["/Users/bradyjeong/Documents/Projects/Amp/gta4/gta_game/target/debug/deps/libobjc2-c029ab00ef44e670.rmeta"],"executable":null,"fresh":false}
   Compiling tracing-attributes v0.1.28
{"reason":"build-script-executed","package_id":"registry+https://github.com/rust-lang/crates.io-index#slotmap@1.0.7","linked_libs":[],"linked_paths":[],"cfgs":["has_min_const_generics"],"env":[],"out_dir":"/Users/bradyjeong/Documents/Projects/Amp/gta4/gta_game/target/debug/build/slotmap-be16ad5e941b4cb1/out"}
   Compiling foreign-types-macros v0.2.3
{"reason":"build-script-executed","package_id":"registry+https://github.com/rust-lang/crates.io-index#winit@0.30.11","linked_libs":[],"linked_paths":[],"cfgs":["macos_platform","apple"],"env":[],"out_dir":"/Users/bradyjeong/Documents/Projects/Amp/gta4/gta_game/target/debug/build/winit-e11d3236a2e6f6ad/out"}
   Compiling strum_macros v0.26.4
{"reason":"compiler-artifact","package_id":"registry+https://github.com/rust-lang/crates.io-index#assert_type_match@0.1.1","manifest_path":"/Users/bradyjeong/.cargo/registry/src/index.crates.io-1949cf8c6b5b557f/assert_type_match-0.1.1/Cargo.toml","target":{"kind":["proc-macro"],"crate_types":["proc-macro"],"name":"assert_type_match","src_path":"/Users/bradyjeong/.cargo/registry/src/index.crates.io-1949cf8c6b5b557f/assert_type_match-0.1.1/src/lib.rs","edition":"2021","doc":true,"doctest":true,"test":true},"profile":{"opt_level":"0","debuginfo":0,"debug_assertions":true,"overflow_checks":true,"test":false},"features":[],"filenames":["/Users/bradyjeong/Documents/Projects/Amp/gta4/gta_game/target/debug/deps/libassert_type_match-aaacfc98a15b0084.dylib"],"executable":null,"fresh":false}
   Compiling thiserror-impl v1.0.69
{"reason":"compiler-artifact","package_id":"registry+https://github.com/rust-lang/crates.io-index#bevy_derive@0.16.1","manifest_path":"/Users/bradyjeong/.cargo/registry/src/index.crates.io-1949cf8c6b5b557f/bevy_derive-0.16.1/Cargo.toml","target":{"kind":["proc-macro"],"crate_types":["proc-macro"],"name":"bevy_derive","src_path":"/Users/bradyjeong/.cargo/registry/src/index.crates.io-1949cf8c6b5b557f/bevy_derive-0.16.1/src/lib.rs","edition":"2024","doc":true,"doctest":true,"test":true},"profile":{"opt_level":"0","debuginfo":0,"debug_assertions":true,"overflow_checks":true,"test":false},"features":[],"filenames":["/Users/bradyjeong/Documents/Projects/Amp/gta4/gta_game/target/debug/deps/libbevy_derive-18ee18da2f09249f.dylib"],"executable":null,"fresh":false}
   Compiling profiling-procmacros v1.0.17
{"reason":"compiler-artifact","package_id":"registry+https://github.com/rust-lang/crates.io-index#ttf-parser@0.21.1","manifest_path":"/Users/bradyjeong/.cargo/registry/src/index.crates.io-1949cf8c6b5b557f/ttf-parser-0.21.1/Cargo.toml","target":{"kind":["lib"],"crate_types":["lib"],"name":"ttf_parser","src_path":"/Users/bradyjeong/.cargo/registry/src/index.crates.io-1949cf8c6b5b557f/ttf-parser-0.21.1/src/lib.rs","edition":"2018","doc":true,"doctest":true,"test":true},"profile":{"opt_level":"0","debuginfo":2,"debug_assertions":true,"overflow_checks":true,"test":false},"features":["apple-layout","glyph-names","opentype-layout","std","variable-fonts"],"filenames":["/Users/bradyjeong/Documents/Projects/Amp/gta4/gta_game/target/debug/deps/libttf_parser-57c540636c60be8c.rmeta"],"executable":null,"fresh":false}
   Compiling encase_derive v0.10.0
{"reason":"compiler-artifact","package_id":"registry+https://github.com/rust-lang/crates.io-index#ttf-parser@0.20.0","manifest_path":"/Users/bradyjeong/.cargo/registry/src/index.crates.io-1949cf8c6b5b557f/ttf-parser-0.20.0/Cargo.toml","target":{"kind":["lib"],"crate_types":["lib"],"name":"ttf_parser","src_path":"/Users/bradyjeong/.cargo/registry/src/index.crates.io-1949cf8c6b5b557f/ttf-parser-0.20.0/src/lib.rs","edition":"2018","doc":true,"doctest":true,"test":true},"profile":{"opt_level":"0","debuginfo":2,"debug_assertions":true,"overflow_checks":true,"test":false},"features":["apple-layout","glyph-names","opentype-layout","std","variable-fonts"],"filenames":["/Users/bradyjeong/Documents/Projects/Amp/gta4/gta_game/target/debug/deps/libttf_parser-cf3e13e05e6fa6d1.rmeta"],"executable":null,"fresh":false}
   Compiling bevy_asset_macros v0.16.1
{"reason":"compiler-artifact","package_id":"registry+https://github.com/rust-lang/crates.io-index#bytemuck_derive@1.9.3","manifest_path":"/Users/bradyjeong/.cargo/registry/src/index.crates.io-1949cf8c6b5b557f/bytemuck_derive-1.9.3/Cargo.toml","target":{"kind":["proc-macro"],"crate_types":["proc-macro"],"name":"bytemuck_derive","src_path":"/Users/bradyjeong/.cargo/registry/src/index.crates.io-1949cf8c6b5b557f/bytemuck_derive-1.9.3/src/lib.rs","edition":"2018","doc":true,"doctest":true,"test":true},"profile":{"opt_level":"0","debuginfo":0,"debug_assertions":true,"overflow_checks":true,"test":false},"features":[],"filenames":["/Users/bradyjeong/Documents/Projects/Amp/gta4/gta_game/target/debug/deps/libbytemuck_derive-75d9bfbf85e4a3d4.dylib"],"executable":null,"fresh":false}
    Checking bytemuck v1.23.0
{"reason":"compiler-artifact","package_id":"registry+https://github.com/rust-lang/crates.io-index#foreign-types-macros@0.2.3","manifest_path":"/Users/bradyjeong/.cargo/registry/src/index.crates.io-1949cf8c6b5b557f/foreign-types-macros-0.2.3/Cargo.toml","target":{"kind":["proc-macro"],"crate_types":["proc-macro"],"name":"foreign_types_macros","src_path":"/Users/bradyjeong/.cargo/registry/src/index.crates.io-1949cf8c6b5b557f/foreign-types-macros-0.2.3/src/lib.rs","edition":"2018","doc":true,"doctest":true,"test":true},"profile":{"opt_level":"0","debuginfo":0,"debug_assertions":true,"overflow_checks":true,"test":false},"features":["std"],"filenames":["/Users/bradyjeong/Documents/Projects/Amp/gta4/gta_game/target/debug/deps/libforeign_types_macros-5a11ada55aee78b0.dylib"],"executable":null,"fresh":false}
    Checking foreign-types v0.5.0
{"reason":"compiler-artifact","package_id":"registry+https://github.com/rust-lang/crates.io-index#thiserror-impl@2.0.12","manifest_path":"/Users/bradyjeong/.cargo/registry/src/index.crates.io-1949cf8c6b5b557f/thiserror-impl-2.0.12/Cargo.toml","target":{"kind":["proc-macro"],"crate_types":["proc-macro"],"name":"thiserror_impl","src_path":"/Users/bradyjeong/.cargo/registry/src/index.crates.io-1949cf8c6b5b557f/thiserror-impl-2.0.12/src/lib.rs","edition":"2021","doc":true,"doctest":true,"test":true},"profile":{"opt_level":"0","debuginfo":0,"debug_assertions":true,"overflow_checks":true,"test":false},"features":[],"filenames":["/Users/bradyjeong/Documents/Projects/Amp/gta4/gta_game/target/debug/deps/libthiserror_impl-c64d4358ccc0b6bd.dylib"],"executable":null,"fresh":false}
{"reason":"compiler-artifact","package_id":"registry+https://github.com/rust-lang/crates.io-index#profiling-procmacros@1.0.17","manifest_path":"/Users/bradyjeong/.cargo/registry/src/index.crates.io-1949cf8c6b5b557f/profiling-procmacros-1.0.17/Cargo.toml","target":{"kind":["proc-macro"],"crate_types":["proc-macro"],"name":"profiling_procmacros","src_path":"/Users/bradyjeong/.cargo/registry/src/index.crates.io-1949cf8c6b5b557f/profiling-procmacros-1.0.17/src/lib.rs","edition":"2018","doc":true,"doctest":true,"test":true},"profile":{"opt_level":"0","debuginfo":0,"debug_assertions":true,"overflow_checks":true,"test":false},"features":[],"filenames":["/Users/bradyjeong/Documents/Projects/Amp/gta4/gta_game/target/debug/deps/libprofiling_procmacros-4f22c525a128d0a0.dylib"],"executable":null,"fresh":false}
    Checking profiling v1.0.16
{"reason":"compiler-artifact","package_id":"registry+https://github.com/rust-lang/crates.io-index#encase_derive@0.10.0","manifest_path":"/Users/bradyjeong/.cargo/registry/src/index.crates.io-1949cf8c6b5b557f/encase_derive-0.10.0/Cargo.toml","target":{"kind":["proc-macro"],"crate_types":["proc-macro"],"name":"encase_derive","src_path":"/Users/bradyjeong/.cargo/registry/src/index.crates.io-1949cf8c6b5b557f/encase_derive-0.10.0/src/lib.rs","edition":"2021","doc":true,"doctest":true,"test":true},"profile":{"opt_level":"0","debuginfo":0,"debug_assertions":true,"overflow_checks":true,"test":false},"features":[],"filenames":["/Users/bradyjeong/Documents/Projects/Amp/gta4/gta_game/target/debug/deps/libencase_derive-5f8f99138c844ac7.dylib"],"executable":null,"fresh":false}
   Compiling bevy_render_macros v0.16.1
{"reason":"compiler-artifact","package_id":"registry+https://github.com/rust-lang/crates.io-index#bevy_asset_macros@0.16.1","manifest_path":"/Users/bradyjeong/.cargo/registry/src/index.crates.io-1949cf8c6b5b557f/bevy_asset_macros-0.16.1/Cargo.toml","target":{"kind":["proc-macro"],"crate_types":["proc-macro"],"name":"bevy_asset_macros","src_path":"/Users/bradyjeong/.cargo/registry/src/index.crates.io-1949cf8c6b5b557f/bevy_asset_macros-0.16.1/src/lib.rs","edition":"2024","doc":true,"doctest":true,"test":true},"profile":{"opt_level":"0","debuginfo":0,"debug_assertions":true,"overflow_checks":true,"test":false},"features":[],"filenames":["/Users/bradyjeong/Documents/Projects/Amp/gta4/gta_game/target/debug/deps/libbevy_asset_macros-682d749dd5b0f9f0.dylib"],"executable":null,"fresh":false}
   Compiling bevy_encase_derive v0.16.1
{"reason":"compiler-artifact","package_id":"registry+https://github.com/rust-lang/crates.io-index#bytemuck@1.23.0","manifest_path":"/Users/bradyjeong/.cargo/registry/src/index.crates.io-1949cf8c6b5b557f/bytemuck-1.23.0/Cargo.toml","target":{"kind":["lib"],"crate_types":["lib"],"name":"bytemuck","src_path":"/Users/bradyjeong/.cargo/registry/src/index.crates.io-1949cf8c6b5b557f/bytemuck-1.23.0/src/lib.rs","edition":"2018","doc":true,"doctest":true,"test":true},"profile":{"opt_level":"0","debuginfo":2,"debug_assertions":true,"overflow_checks":true,"test":false},"features":["bytemuck_derive","derive","extern_crate_alloc","min_const_generics","must_cast"],"filenames":["/Users/bradyjeong/Documents/Projects/Amp/gta4/gta_game/target/debug/deps/libbytemuck-7b81fbaed13c2669.rmeta"],"executable":null,"fresh":false}
    Checking image v0.25.6
{"reason":"build-script-executed","package_id":"registry+https://github.com/rust-lang/crates.io-index#blake3@1.8.2","linked_libs":["static=blake3_neon"],"linked_paths":["native=/Users/bradyjeong/Documents/Projects/Amp/gta4/gta_game/target/debug/build/blake3-7e1a4c3a3efee37e/out"],"cfgs":["blake3_neon"],"env":[],"out_dir":"/Users/bradyjeong/Documents/Projects/Amp/gta4/gta_game/target/debug/build/blake3-7e1a4c3a3efee37e/out"}
{"reason":"compiler-artifact","package_id":"registry+https://github.com/rust-lang/crates.io-index#foreign-types@0.5.0","manifest_path":"/Users/bradyjeong/.cargo/registry/src/index.crates.io-1949cf8c6b5b557f/foreign-types-0.5.0/Cargo.toml","target":{"kind":["lib"],"crate_types":["lib"],"name":"foreign_types","src_path":"/Users/bradyjeong/.cargo/registry/src/index.crates.io-1949cf8c6b5b557f/foreign-types-0.5.0/src/lib.rs","edition":"2018","doc":true,"doctest":true,"test":true},"profile":{"opt_level":"0","debuginfo":2,"debug_assertions":true,"overflow_checks":true,"test":false},"features":["default","std"],"filenames":["/Users/bradyjeong/Documents/Projects/Amp/gta4/gta_game/target/debug/deps/libforeign_types-72c258284d3ee65b.rmeta"],"executable":null,"fresh":false}
   Compiling enumn v0.1.14
{"reason":"compiler-artifact","package_id":"registry+https://github.com/rust-lang/crates.io-index#bevy_encase_derive@0.16.1","manifest_path":"/Users/bradyjeong/.cargo/registry/src/index.crates.io-1949cf8c6b5b557f/bevy_encase_derive-0.16.1/Cargo.toml","target":{"kind":["proc-macro"],"crate_types":["proc-macro"],"name":"bevy_encase_derive","src_path":"/Users/bradyjeong/.cargo/registry/src/index.crates.io-1949cf8c6b5b557f/bevy_encase_derive-0.16.1/src/lib.rs","edition":"2024","doc":true,"doctest":true,"test":true},"profile":{"opt_level":"0","debuginfo":0,"debug_assertions":true,"overflow_checks":true,"test":false},"features":[],"filenames":["/Users/bradyjeong/Documents/Projects/Amp/gta4/gta_game/target/debug/deps/libbevy_encase_derive-5cb09ca5cf50d008.dylib"],"executable":null,"fresh":false}
    Checking safe_arch v0.7.4
{"reason":"compiler-artifact","package_id":"registry+https://github.com/rust-lang/crates.io-index#tracing-attributes@0.1.28","manifest_path":"/Users/bradyjeong/.cargo/registry/src/index.crates.io-1949cf8c6b5b557f/tracing-attributes-0.1.28/Cargo.toml","target":{"kind":["proc-macro"],"crate_types":["proc-macro"],"name":"tracing_attributes","src_path":"/Users/bradyjeong/.cargo/registry/src/index.crates.io-1949cf8c6b5b557f/tracing-attributes-0.1.28/src/lib.rs","edition":"2018","doc":true,"doctest":true,"test":true},"profile":{"opt_level":"0","debuginfo":0,"debug_assertions":true,"overflow_checks":true,"test":false},"features":[],"filenames":["/Users/bradyjeong/Documents/Projects/Amp/gta4/gta_game/target/debug/deps/libtracing_attributes-185e055f271f2f55.dylib"],"executable":null,"fresh":false}
    Checking tracing v0.1.41
{"reason":"compiler-artifact","package_id":"registry+https://github.com/rust-lang/crates.io-index#safe_arch@0.7.4","manifest_path":"/Users/bradyjeong/.cargo/registry/src/index.crates.io-1949cf8c6b5b557f/safe_arch-0.7.4/Cargo.toml","target":{"kind":["lib"],"crate_types":["lib"],"name":"safe_arch","src_path":"/Users/bradyjeong/.cargo/registry/src/index.crates.io-1949cf8c6b5b557f/safe_arch-0.7.4/src/lib.rs","edition":"2018","doc":true,"doctest":true,"test":true},"profile":{"opt_level":"0","debuginfo":2,"debug_assertions":true,"overflow_checks":true,"test":false},"features":["bytemuck","default"],"filenames":["/Users/bradyjeong/Documents/Projects/Amp/gta4/gta_game/target/debug/deps/libsafe_arch-49ecc6db7fa3d0c9.rmeta"],"executable":null,"fresh":false}
    Checking font-types v0.9.0
{"reason":"compiler-artifact","package_id":"registry+https://github.com/rust-lang/crates.io-index#bevy_ecs_macros@0.16.1","manifest_path":"/Users/bradyjeong/.cargo/registry/src/index.crates.io-1949cf8c6b5b557f/bevy_ecs_macros-0.16.1/Cargo.toml","target":{"kind":["proc-macro"],"crate_types":["proc-macro"],"name":"bevy_ecs_macros","src_path":"/Users/bradyjeong/.cargo/registry/src/index.crates.io-1949cf8c6b5b557f/bevy_ecs_macros-0.16.1/src/lib.rs","edition":"2024","doc":true,"doctest":true,"test":true},"profile":{"opt_level":"0","debuginfo":0,"debug_assertions":true,"overflow_checks":true,"test":false},"features":[],"filenames":["/Users/bradyjeong/Documents/Projects/Amp/gta4/gta_game/target/debug/deps/libbevy_ecs_macros-b7e83dc5dd210f61.dylib"],"executable":null,"fresh":false}
    Checking block2 v0.5.1
{"reason":"compiler-artifact","package_id":"registry+https://github.com/rust-lang/crates.io-index#thiserror@2.0.12","manifest_path":"/Users/bradyjeong/.cargo/registry/src/index.crates.io-1949cf8c6b5b557f/thiserror-2.0.12/Cargo.toml","target":{"kind":["lib"],"crate_types":["lib"],"name":"thiserror","src_path":"/Users/bradyjeong/.cargo/registry/src/index.crates.io-1949cf8c6b5b557f/thiserror-2.0.12/src/lib.rs","edition":"2021","doc":true,"doctest":true,"test":true},"profile":{"opt_level":"0","debuginfo":2,"debug_assertions":true,"overflow_checks":true,"test":false},"features":["default","std"],"filenames":["/Users/bradyjeong/Documents/Projects/Amp/gta4/gta_game/target/debug/deps/libthiserror-4bb9cd3239619cc2.rmeta"],"executable":null,"fresh":false}
    Checking wide v0.7.32
{"reason":"compiler-artifact","package_id":"registry+https://github.com/rust-lang/crates.io-index#blake3@1.8.2","manifest_path":"/Users/bradyjeong/.cargo/registry/src/index.crates.io-1949cf8c6b5b557f/blake3-1.8.2/Cargo.toml","target":{"kind":["lib"],"crate_types":["lib"],"name":"blake3","src_path":"/Users/bradyjeong/.cargo/registry/src/index.crates.io-1949cf8c6b5b557f/blake3-1.8.2/src/lib.rs","edition":"2021","doc":true,"doctest":true,"test":true},"profile":{"opt_level":"0","debuginfo":2,"debug_assertions":true,"overflow_checks":true,"test":false},"features":["default","std"],"filenames":["/Users/bradyjeong/Documents/Projects/Amp/gta4/gta_game/target/debug/deps/libblake3-b189a02e4a6d1036.rmeta"],"executable":null,"fresh":false}
{"reason":"compiler-artifact","package_id":"registry+https://github.com/rust-lang/crates.io-index#enumn@0.1.14","manifest_path":"/Users/bradyjeong/.cargo/registry/src/index.crates.io-1949cf8c6b5b557f/enumn-0.1.14/Cargo.toml","target":{"kind":["proc-macro"],"crate_types":["proc-macro"],"name":"enumn","src_path":"/Users/bradyjeong/.cargo/registry/src/index.crates.io-1949cf8c6b5b557f/enumn-0.1.14/src/lib.rs","edition":"2021","doc":true,"doctest":true,"test":true},"profile":{"opt_level":"0","debuginfo":0,"debug_assertions":true,"overflow_checks":true,"test":false},"features":[],"filenames":["/Users/bradyjeong/Documents/Projects/Amp/gta4/gta_game/target/debug/deps/libenumn-c233b24fea96d03a.dylib"],"executable":null,"fresh":false}
{"reason":"compiler-artifact","package_id":"registry+https://github.com/rust-lang/crates.io-index#block2@0.5.1","manifest_path":"/Users/bradyjeong/.cargo/registry/src/index.crates.io-1949cf8c6b5b557f/block2-0.5.1/Cargo.toml","target":{"kind":["lib"],"crate_types":["lib"],"name":"block2","src_path":"/Users/bradyjeong/.cargo/registry/src/index.crates.io-1949cf8c6b5b557f/block2-0.5.1/src/lib.rs","edition":"2021","doc":true,"doctest":true,"test":true},"profile":{"opt_level":"0","debuginfo":2,"debug_assertions":true,"overflow_checks":true,"test":false},"features":["alloc","default","std"],"filenames":["/Users/bradyjeong/Documents/Projects/Amp/gta4/gta_game/target/debug/deps/libblock2-9a6426f42a1453f8.rmeta"],"executable":null,"fresh":false}
{"reason":"compiler-artifact","package_id":"registry+https://github.com/rust-lang/crates.io-index#font-types@0.9.0","manifest_path":"/Users/bradyjeong/.cargo/registry/src/index.crates.io-1949cf8c6b5b557f/font-types-0.9.0/Cargo.toml","target":{"kind":["lib"],"crate_types":["lib"],"name":"font_types","src_path":"/Users/bradyjeong/.cargo/registry/src/index.crates.io-1949cf8c6b5b557f/font-types-0.9.0/src/lib.rs","edition":"2021","doc":true,"doctest":true,"test":true},"profile":{"opt_level":"0","debuginfo":2,"debug_assertions":true,"overflow_checks":true,"test":false},"features":["bytemuck","std"],"filenames":["/Users/bradyjeong/Documents/Projects/Amp/gta4/gta_game/target/debug/deps/libfont_types-31ce6e6234c8f485.rmeta"],"executable":null,"fresh":false}
    Checking read-fonts v0.29.3
{"reason":"compiler-artifact","package_id":"registry+https://github.com/rust-lang/crates.io-index#thiserror-impl@1.0.69","manifest_path":"/Users/bradyjeong/.cargo/registry/src/index.crates.io-1949cf8c6b5b557f/thiserror-impl-1.0.69/Cargo.toml","target":{"kind":["proc-macro"],"crate_types":["proc-macro"],"name":"thiserror_impl","src_path":"/Users/bradyjeong/.cargo/registry/src/index.crates.io-1949cf8c6b5b557f/thiserror-impl-1.0.69/src/lib.rs","edition":"2021","doc":true,"doctest":true,"test":true},"profile":{"opt_level":"0","debuginfo":0,"debug_assertions":true,"overflow_checks":true,"test":false},"features":[],"filenames":["/Users/bradyjeong/Documents/Projects/Amp/gta4/gta_game/target/debug/deps/libthiserror_impl-1b025fa6f918eb2f.dylib"],"executable":null,"fresh":false}
{"reason":"compiler-artifact","package_id":"registry+https://github.com/rust-lang/crates.io-index#profiling@1.0.16","manifest_path":"/Users/bradyjeong/.cargo/registry/src/index.crates.io-1949cf8c6b5b557f/profiling-1.0.16/Cargo.toml","target":{"kind":["lib"],"crate_types":["lib"],"name":"profiling","src_path":"/Users/bradyjeong/.cargo/registry/src/index.crates.io-1949cf8c6b5b557f/profiling-1.0.16/src/lib.rs","edition":"2018","doc":true,"doctest":true,"test":true},"profile":{"opt_level":"0","debuginfo":2,"debug_assertions":true,"overflow_checks":true,"test":false},"features":["default","procmacros","profiling-procmacros"],"filenames":["/Users/bradyjeong/Documents/Projects/Amp/gta4/gta_game/target/debug/deps/libprofiling-26c9b0c3013c4850.rmeta"],"executable":null,"fresh":false}
   Compiling nalgebra-macros v0.2.2
{"reason":"compiler-artifact","package_id":"registry+https://github.com/rust-lang/crates.io-index#matrixmultiply@0.3.10","manifest_path":"/Users/bradyjeong/.cargo/registry/src/index.crates.io-1949cf8c6b5b557f/matrixmultiply-0.3.10/Cargo.toml","target":{"kind":["lib"],"crate_types":["lib"],"name":"matrixmultiply","src_path":"/Users/bradyjeong/.cargo/registry/src/index.crates.io-1949cf8c6b5b557f/matrixmultiply-0.3.10/src/lib.rs","edition":"2018","doc":true,"doctest":true,"test":true},"profile":{"opt_level":"0","debuginfo":2,"debug_assertions":true,"overflow_checks":true,"test":false},"features":["default","std"],"filenames":["/Users/bradyjeong/Documents/Projects/Amp/gta4/gta_game/target/debug/deps/libmatrixmultiply-edb6ba94dd36025d.rmeta"],"executable":null,"fresh":false}
    Checking core-graphics v0.23.2
{"reason":"compiler-artifact","package_id":"registry+https://github.com/rust-lang/crates.io-index#slotmap@1.0.7","manifest_path":"/Users/bradyjeong/.cargo/registry/src/index.crates.io-1949cf8c6b5b557f/slotmap-1.0.7/Cargo.toml","target":{"kind":["lib"],"crate_types":["lib"],"name":"slotmap","src_path":"/Users/bradyjeong/.cargo/registry/src/index.crates.io-1949cf8c6b5b557f/slotmap-1.0.7/src/lib.rs","edition":"2018","doc":true,"doctest":true,"test":true},"profile":{"opt_level":"0","debuginfo":2,"debug_assertions":true,"overflow_checks":true,"test":false},"features":["std"],"filenames":["/Users/bradyjeong/Documents/Projects/Amp/gta4/gta_game/target/debug/deps/libslotmap-d2d47e23e3ee0ec5.rmeta"],"executable":null,"fresh":false}
    Checking fontdb v0.16.2
{"reason":"compiler-artifact","package_id":"registry+https://github.com/rust-lang/crates.io-index#image@0.25.6","manifest_path":"/Users/bradyjeong/.cargo/registry/src/index.crates.io-1949cf8c6b5b557f/image-0.25.6/Cargo.toml","target":{"kind":["lib"],"crate_types":["lib"],"name":"image","src_path":"/Users/bradyjeong/.cargo/registry/src/index.crates.io-1949cf8c6b5b557f/image-0.25.6/src/lib.rs","edition":"2021","doc":true,"doctest":true,"test":true},"profile":{"opt_level":"0","debuginfo":2,"debug_assertions":true,"overflow_checks":true,"test":false},"features":[],"filenames":["/Users/bradyjeong/Documents/Projects/Amp/gta4/gta_game/target/debug/deps/libimage-12a132bbfe6d8e29.rmeta"],"executable":null,"fresh":false}
    Checking rangemap v1.5.1
{"reason":"compiler-artifact","package_id":"registry+https://github.com/rust-lang/crates.io-index#bevy_render_macros@0.16.1","manifest_path":"/Users/bradyjeong/.cargo/registry/src/index.crates.io-1949cf8c6b5b557f/bevy_render_macros-0.16.1/Cargo.toml","target":{"kind":["proc-macro"],"crate_types":["proc-macro"],"name":"bevy_render_macros","src_path":"/Users/bradyjeong/.cargo/registry/src/index.crates.io-1949cf8c6b5b557f/bevy_render_macros-0.16.1/src/lib.rs","edition":"2024","doc":true,"doctest":true,"test":true},"profile":{"opt_level":"0","debuginfo":0,"debug_assertions":true,"overflow_checks":true,"test":false},"features":[],"filenames":["/Users/bradyjeong/Documents/Projects/Amp/gta4/gta_game/target/debug/deps/libbevy_render_macros-85f679bd16cea4f4.dylib"],"executable":null,"fresh":false}
    Checking dpi v0.1.2
{"reason":"compiler-artifact","package_id":"registry+https://github.com/rust-lang/crates.io-index#tracing@0.1.41","manifest_path":"/Users/bradyjeong/.cargo/registry/src/index.crates.io-1949cf8c6b5b557f/tracing-0.1.41/Cargo.toml","target":{"kind":["lib"],"crate_types":["lib"],"name":"tracing","src_path":"/Users/bradyjeong/.cargo/registry/src/index.crates.io-1949cf8c6b5b557f/tracing-0.1.41/src/lib.rs","edition":"2018","doc":true,"doctest":true,"test":true},"profile":{"opt_level":"0","debuginfo":2,"debug_assertions":true,"overflow_checks":true,"test":false},"features":["attributes","default","std","tracing-attributes"],"filenames":["/Users/bradyjeong/Documents/Projects/Amp/gta4/gta_game/target/debug/deps/libtracing-8099c60d5cd55229.rmeta"],"executable":null,"fresh":false}
   Compiling heapless v0.8.0
{"reason":"compiler-artifact","package_id":"registry+https://github.com/rust-lang/crates.io-index#typenum@1.18.0","manifest_path":"/Users/bradyjeong/.cargo/registry/src/index.crates.io-1949cf8c6b5b557f/typenum-1.18.0/Cargo.toml","target":{"kind":["lib"],"crate_types":["lib"],"name":"typenum","src_path":"/Users/bradyjeong/.cargo/registry/src/index.crates.io-1949cf8c6b5b557f/typenum-1.18.0/src/lib.rs","edition":"2018","doc":true,"doctest":true,"test":true},"profile":{"opt_level":"0","debuginfo":2,"debug_assertions":true,"overflow_checks":true,"test":false},"features":[],"filenames":["/Users/bradyjeong/Documents/Projects/Amp/gta4/gta_game/target/debug/deps/libtypenum-1fe6a8967e0ce0f1.rmeta"],"executable":null,"fresh":false}
    Checking cursor-icon v1.2.0
{"reason":"compiler-artifact","package_id":"registry+https://github.com/rust-lang/crates.io-index#dpi@0.1.2","manifest_path":"/Users/bradyjeong/.cargo/registry/src/index.crates.io-1949cf8c6b5b557f/dpi-0.1.2/Cargo.toml","target":{"kind":["lib"],"crate_types":["lib"],"name":"dpi","src_path":"/Users/bradyjeong/.cargo/registry/src/index.crates.io-1949cf8c6b5b557f/dpi-0.1.2/src/lib.rs","edition":"2021","doc":true,"doctest":true,"test":true},"profile":{"opt_level":"0","debuginfo":2,"debug_assertions":true,"overflow_checks":true,"test":false},"features":["default","std"],"filenames":["/Users/bradyjeong/Documents/Projects/Amp/gta4/gta_game/target/debug/deps/libdpi-25efd944cbc44600.rmeta"],"executable":null,"fresh":false}
    Checking unicode-bidi v0.3.18
{"reason":"compiler-artifact","package_id":"registry+https://github.com/rust-lang/crates.io-index#fontdb@0.16.2","manifest_path":"/Users/bradyjeong/.cargo/registry/src/index.crates.io-1949cf8c6b5b557f/fontdb-0.16.2/Cargo.toml","target":{"kind":["lib"],"crate_types":["lib"],"name":"fontdb","src_path":"/Users/bradyjeong/.cargo/registry/src/index.crates.io-1949cf8c6b5b557f/fontdb-0.16.2/src/lib.rs","edition":"2018","doc":true,"doctest":true,"test":true},"profile":{"opt_level":"0","debuginfo":2,"debug_assertions":true,"overflow_checks":true,"test":false},"features":["fontconfig","fontconfig-parser","fs","memmap","memmap2","std"],"filenames":["/Users/bradyjeong/Documents/Projects/Amp/gta4/gta_game/target/debug/deps/libfontdb-68fd692717721579.rmeta"],"executable":null,"fresh":false}
    Checking unicode-segmentation v1.12.0
{"reason":"compiler-artifact","package_id":"registry+https://github.com/rust-lang/crates.io-index#core-graphics@0.23.2","manifest_path":"/Users/bradyjeong/.cargo/registry/src/index.crates.io-1949cf8c6b5b557f/core-graphics-0.23.2/Cargo.toml","target":{"kind":["lib"],"crate_types":["lib"],"name":"core_graphics","src_path":"/Users/bradyjeong/.cargo/registry/src/index.crates.io-1949cf8c6b5b557f/core-graphics-0.23.2/src/lib.rs","edition":"2018","doc":true,"doctest":true,"test":true},"profile":{"opt_level":"0","debuginfo":2,"debug_assertions":true,"overflow_checks":true,"test":false},"features":["default","link"],"filenames":["/Users/bradyjeong/Documents/Projects/Amp/gta4/gta_game/target/debug/deps/libcore_graphics-e0b0cb7c31a4b37a.rmeta"],"executable":null,"fresh":false}
{"reason":"compiler-artifact","package_id":"registry+https://github.com/rust-lang/crates.io-index#rangemap@1.5.1","manifest_path":"/Users/bradyjeong/.cargo/registry/src/index.crates.io-1949cf8c6b5b557f/rangemap-1.5.1/Cargo.toml","target":{"kind":["lib"],"crate_types":["lib"],"name":"rangemap","src_path":"/Users/bradyjeong/.cargo/registry/src/index.crates.io-1949cf8c6b5b557f/rangemap-1.5.1/src/lib.rs","edition":"2018","doc":true,"doctest":true,"test":true},"profile":{"opt_level":"0","debuginfo":2,"debug_assertions":true,"overflow_checks":true,"test":false},"features":[],"filenames":["/Users/bradyjeong/Documents/Projects/Amp/gta4/gta_game/target/debug/deps/librangemap-2e6aee6b5d79dde6.rmeta"],"executable":null,"fresh":false}
    Checking self_cell v1.2.0
    Checking hash32 v0.3.1
{"reason":"compiler-artifact","package_id":"registry+https://github.com/rust-lang/crates.io-index#cursor-icon@1.2.0","manifest_path":"/Users/bradyjeong/.cargo/registry/src/index.crates.io-1949cf8c6b5b557f/cursor-icon-1.2.0/Cargo.toml","target":{"kind":["lib"],"crate_types":["lib"],"name":"cursor_icon","src_path":"/Users/bradyjeong/.cargo/registry/src/index.crates.io-1949cf8c6b5b557f/cursor-icon-1.2.0/src/lib.rs","edition":"2021","doc":true,"doctest":true,"test":true},"profile":{"opt_level":"0","debuginfo":2,"debug_assertions":true,"overflow_checks":true,"test":false},"features":["alloc","default","std"],"filenames":["/Users/bradyjeong/Documents/Projects/Amp/gta4/gta_game/target/debug/deps/libcursor_icon-9cb6ea1f59ce826f.rmeta"],"executable":null,"fresh":false}
    Checking stable_deref_trait v1.2.0
{"reason":"compiler-artifact","package_id":"registry+https://github.com/rust-lang/crates.io-index#thiserror@1.0.69","manifest_path":"/Users/bradyjeong/.cargo/registry/src/index.crates.io-1949cf8c6b5b557f/thiserror-1.0.69/Cargo.toml","target":{"kind":["lib"],"crate_types":["lib"],"name":"thiserror","src_path":"/Users/bradyjeong/.cargo/registry/src/index.crates.io-1949cf8c6b5b557f/thiserror-1.0.69/src/lib.rs","edition":"2021","doc":true,"doctest":true,"test":true},"profile":{"opt_level":"0","debuginfo":2,"debug_assertions":true,"overflow_checks":true,"test":false},"features":[],"filenames":["/Users/bradyjeong/Documents/Projects/Amp/gta4/gta_game/target/debug/deps/libthiserror-819e6ace4fcc7e5f.rmeta"],"executable":null,"fresh":false}
    Checking grid v0.15.0
{"reason":"compiler-artifact","package_id":"registry+https://github.com/rust-lang/crates.io-index#nalgebra-macros@0.2.2","manifest_path":"/Users/bradyjeong/.cargo/registry/src/index.crates.io-1949cf8c6b5b557f/nalgebra-macros-0.2.2/Cargo.toml","target":{"kind":["proc-macro"],"crate_types":["proc-macro"],"name":"nalgebra_macros","src_path":"/Users/bradyjeong/.cargo/registry/src/index.crates.io-1949cf8c6b5b557f/nalgebra-macros-0.2.2/src/lib.rs","edition":"2018","doc":true,"doctest":true,"test":true},"profile":{"opt_level":"0","debuginfo":0,"debug_assertions":true,"overflow_checks":true,"test":false},"features":[],"filenames":["/Users/bradyjeong/Documents/Projects/Amp/gta4/gta_game/target/debug/deps/libnalgebra_macros-f29c7b2a96cf5248.dylib"],"executable":null,"fresh":false}
   Compiling bevy_state_macros v0.16.1
{"reason":"compiler-artifact","package_id":"registry+https://github.com/rust-lang/crates.io-index#stable_deref_trait@1.2.0","manifest_path":"/Users/bradyjeong/.cargo/registry/src/index.crates.io-1949cf8c6b5b557f/stable_deref_trait-1.2.0/Cargo.toml","target":{"kind":["lib"],"crate_types":["lib"],"name":"stable_deref_trait","src_path":"/Users/bradyjeong/.cargo/registry/src/index.crates.io-1949cf8c6b5b557f/stable_deref_trait-1.2.0/src/lib.rs","edition":"2015","doc":true,"doctest":true,"test":true},"profile":{"opt_level":"0","debuginfo":2,"debug_assertions":true,"overflow_checks":true,"test":false},"features":[],"filenames":["/Users/bradyjeong/Documents/Projects/Amp/gta4/gta_game/target/debug/deps/libstable_deref_trait-8f81d02db08162d1.rmeta"],"executable":null,"fresh":false}
{"reason":"compiler-artifact","package_id":"registry+https://github.com/rust-lang/crates.io-index#self_cell@1.2.0","manifest_path":"/Users/bradyjeong/.cargo/registry/src/index.crates.io-1949cf8c6b5b557f/self_cell-1.2.0/Cargo.toml","target":{"kind":["lib"],"crate_types":["lib"],"name":"self_cell","src_path":"/Users/bradyjeong/.cargo/registry/src/index.crates.io-1949cf8c6b5b557f/self_cell-1.2.0/src/lib.rs","edition":"2018","doc":true,"doctest":true,"test":true},"profile":{"opt_level":"0","debuginfo":2,"debug_assertions":true,"overflow_checks":true,"test":false},"features":[],"filenames":["/Users/bradyjeong/Documents/Projects/Amp/gta4/gta_game/target/debug/deps/libself_cell-5cf1f190a522b49c.rmeta"],"executable":null,"fresh":false}
   Compiling bevy_gizmos_macros v0.16.1
    Checking robust v1.2.0
{"reason":"compiler-artifact","package_id":"registry+https://github.com/rust-lang/crates.io-index#hash32@0.3.1","manifest_path":"/Users/bradyjeong/.cargo/registry/src/index.crates.io-1949cf8c6b5b557f/hash32-0.3.1/Cargo.toml","target":{"kind":["lib"],"crate_types":["lib"],"name":"hash32","src_path":"/Users/bradyjeong/.cargo/registry/src/index.crates.io-1949cf8c6b5b557f/hash32-0.3.1/src/lib.rs","edition":"2015","doc":true,"doctest":true,"test":true},"profile":{"opt_level":"0","debuginfo":2,"debug_assertions":true,"overflow_checks":true,"test":false},"features":[],"filenames":["/Users/bradyjeong/Documents/Projects/Amp/gta4/gta_game/target/debug/deps/libhash32-edb72132282b37d0.rmeta"],"executable":null,"fresh":false}
   Compiling num-derive v0.4.2
{"reason":"compiler-artifact","package_id":"registry+https://github.com/rust-lang/crates.io-index#grid@0.15.0","manifest_path":"/Users/bradyjeong/.cargo/registry/src/index.crates.io-1949cf8c6b5b557f/grid-0.15.0/Cargo.toml","target":{"kind":["lib"],"crate_types":["lib"],"name":"grid","src_path":"/Users/bradyjeong/.cargo/registry/src/index.crates.io-1949cf8c6b5b557f/grid-0.15.0/src/lib.rs","edition":"2018","doc":true,"doctest":true,"test":true},"profile":{"opt_level":"0","debuginfo":2,"debug_assertions":true,"overflow_checks":true,"test":false},"features":["std"],"filenames":["/Users/bradyjeong/Documents/Projects/Amp/gta4/gta_game/target/debug/deps/libgrid-125f1c47d312b9cb.rmeta"],"executable":null,"fresh":false}
    Checking taffy v0.7.7
{"reason":"compiler-artifact","package_id":"registry+https://github.com/rust-lang/crates.io-index#bevy_reflect_derive@0.16.1","manifest_path":"/Users/bradyjeong/.cargo/registry/src/index.crates.io-1949cf8c6b5b557f/bevy_reflect_derive-0.16.1/Cargo.toml","target":{"kind":["proc-macro"],"crate_types":["proc-macro"],"name":"bevy_reflect_derive","src_path":"/Users/bradyjeong/.cargo/registry/src/index.crates.io-1949cf8c6b5b557f/bevy_reflect_derive-0.16.1/src/lib.rs","edition":"2024","doc":true,"doctest":true,"test":true},"profile":{"opt_level":"0","debuginfo":0,"debug_assertions":true,"overflow_checks":true,"test":false},"features":["default"],"filenames":["/Users/bradyjeong/Documents/Projects/Amp/gta4/gta_game/target/debug/deps/libbevy_reflect_derive-f28740d16b6597e0.dylib"],"executable":null,"fresh":false}
    Checking ordered-float v5.0.0
{"reason":"compiler-artifact","package_id":"registry+https://github.com/rust-lang/crates.io-index#heapless@0.8.0","manifest_path":"/Users/bradyjeong/.cargo/registry/src/index.crates.io-1949cf8c6b5b557f/heapless-0.8.0/Cargo.toml","target":{"kind":["custom-build"],"crate_types":["bin"],"name":"build-script-build","src_path":"/Users/bradyjeong/.cargo/registry/src/index.crates.io-1949cf8c6b5b557f/heapless-0.8.0/build.rs","edition":"2021","doc":false,"doctest":false,"test":false},"profile":{"opt_level":"0","debuginfo":0,"debug_assertions":true,"overflow_checks":true,"test":false},"features":[],"filenames":["/Users/bradyjeong/Documents/Projects/Amp/gta4/gta_game/target/debug/build/heapless-4d65e358483934dd/build-script-build"],"executable":null,"fresh":false}
{"reason":"compiler-artifact","package_id":"registry+https://github.com/rust-lang/crates.io-index#unicode-segmentation@1.12.0","manifest_path":"/Users/bradyjeong/.cargo/registry/src/index.crates.io-1949cf8c6b5b557f/unicode-segmentation-1.12.0/Cargo.toml","target":{"kind":["lib"],"crate_types":["lib"],"name":"unicode_segmentation","src_path":"/Users/bradyjeong/.cargo/registry/src/index.crates.io-1949cf8c6b5b557f/unicode-segmentation-1.12.0/src/lib.rs","edition":"2018","doc":true,"doctest":true,"test":true},"profile":{"opt_level":"0","debuginfo":2,"debug_assertions":true,"overflow_checks":true,"test":false},"features":[],"filenames":["/Users/bradyjeong/Documents/Projects/Amp/gta4/gta_game/target/debug/deps/libunicode_segmentation-324576cd2a00f7c9.rmeta"],"executable":null,"fresh":false}
    Checking ena v0.14.3
{"reason":"compiler-artifact","package_id":"registry+https://github.com/rust-lang/crates.io-index#unicode-bidi@0.3.18","manifest_path":"/Users/bradyjeong/.cargo/registry/src/index.crates.io-1949cf8c6b5b557f/unicode-bidi-0.3.18/Cargo.toml","target":{"kind":["lib"],"crate_types":["lib"],"name":"unicode_bidi","src_path":"/Users/bradyjeong/.cargo/registry/src/index.crates.io-1949cf8c6b5b557f/unicode-bidi-0.3.18/src/lib.rs","edition":"2018","doc":true,"doctest":true,"test":true},"profile":{"opt_level":"0","debuginfo":2,"debug_assertions":true,"overflow_checks":true,"test":false},"features":["default","hardcoded-data","std"],"filenames":["/Users/bradyjeong/Documents/Projects/Amp/gta4/gta_game/target/debug/deps/libunicode_bidi-bf86136f17c1774f.rmeta"],"executable":null,"fresh":false}
    Checking crossbeam v0.8.4
{"reason":"compiler-artifact","package_id":"registry+https://github.com/rust-lang/crates.io-index#robust@1.2.0","manifest_path":"/Users/bradyjeong/.cargo/registry/src/index.crates.io-1949cf8c6b5b557f/robust-1.2.0/Cargo.toml","target":{"kind":["lib"],"crate_types":["lib"],"name":"robust","src_path":"/Users/bradyjeong/.cargo/registry/src/index.crates.io-1949cf8c6b5b557f/robust-1.2.0/src/lib.rs","edition":"2021","doc":true,"doctest":true,"test":true},"profile":{"opt_level":"0","debuginfo":2,"debug_assertions":true,"overflow_checks":true,"test":false},"features":[],"filenames":["/Users/bradyjeong/Documents/Projects/Amp/gta4/gta_game/target/debug/deps/librobust-7a6c2eca1e671124.rmeta"],"executable":null,"fresh":false}
    Checking rustc-hash v2.1.1
{"reason":"compiler-artifact","package_id":"registry+https://github.com/rust-lang/crates.io-index#serde_derive@1.0.219","manifest_path":"/Users/bradyjeong/.cargo/registry/src/index.crates.io-1949cf8c6b5b557f/serde_derive-1.0.219/Cargo.toml","target":{"kind":["proc-macro"],"crate_types":["proc-macro"],"name":"serde_derive","src_path":"/Users/bradyjeong/.cargo/registry/src/index.crates.io-1949cf8c6b5b557f/serde_derive-1.0.219/src/lib.rs","edition":"2015","doc":true,"doctest":true,"test":true},"profile":{"opt_level":"0","debuginfo":0,"debug_assertions":true,"overflow_checks":true,"test":false},"features":["default"],"filenames":["/Users/bradyjeong/Documents/Projects/Amp/gta4/gta_game/target/debug/deps/libserde_derive-fdd17be37a9e479e.dylib"],"executable":null,"fresh":false}
{"reason":"compiler-artifact","package_id":"registry+https://github.com/rust-lang/crates.io-index#strum_macros@0.26.4","manifest_path":"/Users/bradyjeong/.cargo/registry/src/index.crates.io-1949cf8c6b5b557f/strum_macros-0.26.4/Cargo.toml","target":{"kind":["proc-macro"],"crate_types":["proc-macro"],"name":"strum_macros","src_path":"/Users/bradyjeong/.cargo/registry/src/index.crates.io-1949cf8c6b5b557f/strum_macros-0.26.4/src/lib.rs","edition":"2018","doc":true,"doctest":true,"test":true},"profile":{"opt_level":"0","debuginfo":0,"debug_assertions":true,"overflow_checks":true,"test":false},"features":[],"filenames":["/Users/bradyjeong/Documents/Projects/Amp/gta4/gta_game/target/debug/deps/libstrum_macros-b8f3a02a668f0af7.dylib"],"executable":null,"fresh":false}
    Checking strum v0.26.3
{"reason":"compiler-artifact","package_id":"registry+https://github.com/rust-lang/crates.io-index#derive_more-impl@1.0.0","manifest_path":"/Users/bradyjeong/.cargo/registry/src/index.crates.io-1949cf8c6b5b557f/derive_more-impl-1.0.0/Cargo.toml","target":{"kind":["proc-macro"],"crate_types":["proc-macro"],"name":"derive_more_impl","src_path":"/Users/bradyjeong/.cargo/registry/src/index.crates.io-1949cf8c6b5b557f/derive_more-impl-1.0.0/src/lib.rs","edition":"2021","doc":true,"doctest":true,"test":true},"profile":{"opt_level":"0","debuginfo":0,"debug_assertions":true,"overflow_checks":true,"test":false},"features":["as_ref","default","deref","deref_mut","display","from","into"],"filenames":["/Users/bradyjeong/Documents/Projects/Amp/gta4/gta_game/target/debug/deps/libderive_more_impl-83c4158081270f7e.dylib"],"executable":null,"fresh":false}
    Checking derive_more v1.0.0
{"reason":"compiler-artifact","package_id":"registry+https://github.com/rust-lang/crates.io-index#crossbeam@0.8.4","manifest_path":"/Users/bradyjeong/.cargo/registry/src/index.crates.io-1949cf8c6b5b557f/crossbeam-0.8.4/Cargo.toml","target":{"kind":["lib"],"crate_types":["lib"],"name":"crossbeam","src_path":"/Users/bradyjeong/.cargo/registry/src/index.crates.io-1949cf8c6b5b557f/crossbeam-0.8.4/src/lib.rs","edition":"2021","doc":true,"doctest":true,"test":true},"profile":{"opt_level":"0","debuginfo":2,"debug_assertions":true,"overflow_checks":true,"test":false},"features":["alloc","crossbeam-channel","crossbeam-deque","crossbeam-epoch","crossbeam-queue","default","std"],"filenames":["/Users/bradyjeong/Documents/Projects/Amp/gta4/gta_game/target/debug/deps/libcrossbeam-7346d9971a258781.rmeta"],"executable":null,"fresh":false}
    Checking iana-time-zone v0.1.63
{"reason":"compiler-artifact","package_id":"registry+https://github.com/rust-lang/crates.io-index#rustc-hash@2.1.1","manifest_path":"/Users/bradyjeong/.cargo/registry/src/index.crates.io-1949cf8c6b5b557f/rustc-hash-2.1.1/Cargo.toml","target":{"kind":["lib"],"crate_types":["lib"],"name":"rustc_hash","src_path":"/Users/bradyjeong/.cargo/registry/src/index.crates.io-1949cf8c6b5b557f/rustc-hash-2.1.1/src/lib.rs","edition":"2021","doc":true,"doctest":true,"test":true},"profile":{"opt_level":"0","debuginfo":2,"debug_assertions":true,"overflow_checks":true,"test":false},"features":["default","std"],"filenames":["/Users/bradyjeong/Documents/Projects/Amp/gta4/gta_game/target/debug/deps/librustc_hash-c8a1d763b7633faf.rmeta"],"executable":null,"fresh":false}
   Compiling rayon-core v1.12.1
{"reason":"compiler-artifact","package_id":"registry+https://github.com/rust-lang/crates.io-index#wide@0.7.32","manifest_path":"/Users/bradyjeong/.cargo/registry/src/index.crates.io-1949cf8c6b5b557f/wide-0.7.32/Cargo.toml","target":{"kind":["lib"],"crate_types":["lib"],"name":"wide","src_path":"/Users/bradyjeong/.cargo/registry/src/index.crates.io-1949cf8c6b5b557f/wide-0.7.32/src/lib.rs","edition":"2018","doc":true,"doctest":true,"test":true},"profile":{"opt_level":"0","debuginfo":2,"debug_assertions":true,"overflow_checks":true,"test":false},"features":["std"],"filenames":["/Users/bradyjeong/Documents/Projects/Amp/gta4/gta_game/target/debug/deps/libwide-bd39ab7b2174a3e5.rmeta"],"executable":null,"fresh":false}
    Checking simba v0.9.0
{"reason":"compiler-artifact","package_id":"registry+https://github.com/rust-lang/crates.io-index#bevy_state_macros@0.16.1","manifest_path":"/Users/bradyjeong/.cargo/registry/src/index.crates.io-1949cf8c6b5b557f/bevy_state_macros-0.16.1/Cargo.toml","target":{"kind":["proc-macro"],"crate_types":["proc-macro"],"name":"bevy_state_macros","src_path":"/Users/bradyjeong/.cargo/registry/src/index.crates.io-1949cf8c6b5b557f/bevy_state_macros-0.16.1/src/lib.rs","edition":"2024","doc":true,"doctest":true,"test":true},"profile":{"opt_level":"0","debuginfo":0,"debug_assertions":true,"overflow_checks":true,"test":false},"features":[],"filenames":["/Users/bradyjeong/Documents/Projects/Amp/gta4/gta_game/target/debug/deps/libbevy_state_macros-b18aee7f66b4e367.dylib"],"executable":null,"fresh":false}
   Compiling rustix v1.0.7
{"reason":"compiler-artifact","package_id":"registry+https://github.com/rust-lang/crates.io-index#bevy_gizmos_macros@0.16.1","manifest_path":"/Users/bradyjeong/.cargo/registry/src/index.crates.io-1949cf8c6b5b557f/bevy_gizmos_macros-0.16.1/Cargo.toml","target":{"kind":["proc-macro"],"crate_types":["proc-macro"],"name":"bevy_gizmos_macros","src_path":"/Users/bradyjeong/.cargo/registry/src/index.crates.io-1949cf8c6b5b557f/bevy_gizmos_macros-0.16.1/src/lib.rs","edition":"2024","doc":true,"doctest":true,"test":true},"profile":{"opt_level":"0","debuginfo":0,"debug_assertions":true,"overflow_checks":true,"test":false},"features":[],"filenames":["/Users/bradyjeong/Documents/Projects/Amp/gta4/gta_game/target/debug/deps/libbevy_gizmos_macros-3856cf836702f3ca.dylib"],"executable":null,"fresh":false}
    Checking rand_core v0.9.3
{"reason":"compiler-artifact","package_id":"registry+https://github.com/rust-lang/crates.io-index#iana-time-zone@0.1.63","manifest_path":"/Users/bradyjeong/.cargo/registry/src/index.crates.io-1949cf8c6b5b557f/iana-time-zone-0.1.63/Cargo.toml","target":{"kind":["lib"],"crate_types":["lib"],"name":"iana_time_zone","src_path":"/Users/bradyjeong/.cargo/registry/src/index.crates.io-1949cf8c6b5b557f/iana-time-zone-0.1.63/src/lib.rs","edition":"2021","doc":true,"doctest":true,"test":true},"profile":{"opt_level":"0","debuginfo":2,"debug_assertions":true,"overflow_checks":true,"test":false},"features":["fallback"],"filenames":["/Users/bradyjeong/Documents/Projects/Amp/gta4/gta_game/target/debug/deps/libiana_time_zone-a840b9f7f5b0c4f0.rmeta"],"executable":null,"fresh":false}
    Checking errno v0.3.12
{"reason":"compiler-artifact","package_id":"registry+https://github.com/rust-lang/crates.io-index#ena@0.14.3","manifest_path":"/Users/bradyjeong/.cargo/registry/src/index.crates.io-1949cf8c6b5b557f/ena-0.14.3/Cargo.toml","target":{"kind":["lib"],"crate_types":["lib"],"name":"ena","src_path":"/Users/bradyjeong/.cargo/registry/src/index.crates.io-1949cf8c6b5b557f/ena-0.14.3/src/lib.rs","edition":"2015","doc":true,"doctest":true,"test":true},"profile":{"opt_level":"0","debuginfo":2,"debug_assertions":true,"overflow_checks":true,"test":false},"features":[],"filenames":["/Users/bradyjeong/Documents/Projects/Amp/gta4/gta_game/target/debug/deps/libena-054d658abe0fb4df.rmeta"],"executable":null,"fresh":false}
    Checking itoa v1.0.15
{"reason":"build-script-executed","package_id":"registry+https://github.com/rust-lang/crates.io-index#heapless@0.8.0","linked_libs":[],"linked_paths":[],"cfgs":[],"env":[],"out_dir":"/Users/bradyjeong/Documents/Projects/Amp/gta4/gta_game/target/debug/build/heapless-0d72bc78e922aa0c/out"}
{"reason":"compiler-artifact","package_id":"registry+https://github.com/rust-lang/crates.io-index#errno@0.3.12","manifest_path":"/Users/bradyjeong/.cargo/registry/src/index.crates.io-1949cf8c6b5b557f/errno-0.3.12/Cargo.toml","target":{"kind":["lib"],"crate_types":["lib"],"name":"errno","src_path":"/Users/bradyjeong/.cargo/registry/src/index.crates.io-1949cf8c6b5b557f/errno-0.3.12/src/lib.rs","edition":"2018","doc":true,"doctest":true,"test":true},"profile":{"opt_level":"0","debuginfo":2,"debug_assertions":true,"overflow_checks":true,"test":false},"features":["std"],"filenames":["/Users/bradyjeong/Documents/Projects/Amp/gta4/gta_game/target/debug/deps/liberrno-5e40ab4f28350c38.rmeta"],"executable":null,"fresh":false}
    Checking ryu v1.0.20
{"reason":"compiler-artifact","package_id":"registry+https://github.com/rust-lang/crates.io-index#ordered-float@5.0.0","manifest_path":"/Users/bradyjeong/.cargo/registry/src/index.crates.io-1949cf8c6b5b557f/ordered-float-5.0.0/Cargo.toml","target":{"kind":["lib"],"crate_types":["lib"],"name":"ordered_float","src_path":"/Users/bradyjeong/.cargo/registry/src/index.crates.io-1949cf8c6b5b557f/ordered-float-5.0.0/src/lib.rs","edition":"2021","doc":true,"doctest":true,"test":true},"profile":{"opt_level":"0","debuginfo":2,"debug_assertions":true,"overflow_checks":true,"test":false},"features":["default","std"],"filenames":["/Users/bradyjeong/Documents/Projects/Amp/gta4/gta_game/target/debug/deps/libordered_float-80075b14593884a4.rmeta"],"executable":null,"fresh":false}
    Checking simd-adler32 v0.3.7
{"reason":"compiler-artifact","package_id":"registry+https://github.com/rust-lang/crates.io-index#rayon-core@1.12.1","manifest_path":"/Users/bradyjeong/.cargo/registry/src/index.crates.io-1949cf8c6b5b557f/rayon-core-1.12.1/Cargo.toml","target":{"kind":["custom-build"],"crate_types":["bin"],"name":"build-script-build","src_path":"/Users/bradyjeong/.cargo/registry/src/index.crates.io-1949cf8c6b5b557f/rayon-core-1.12.1/build.rs","edition":"2021","doc":false,"doctest":false,"test":false},"profile":{"opt_level":"0","debuginfo":0,"debug_assertions":true,"overflow_checks":true,"test":false},"features":[],"filenames":["/Users/bradyjeong/Documents/Projects/Amp/gta4/gta_game/target/debug/build/rayon-core-16af5a03700a55ce/build-script-build"],"executable":null,"fresh":false}
{"reason":"compiler-artifact","package_id":"registry+https://github.com/rust-lang/crates.io-index#rand_core@0.9.3","manifest_path":"/Users/bradyjeong/.cargo/registry/src/index.crates.io-1949cf8c6b5b557f/rand_core-0.9.3/Cargo.toml","target":{"kind":["lib"],"crate_types":["lib"],"name":"rand_core","src_path":"/Users/bradyjeong/.cargo/registry/src/index.crates.io-1949cf8c6b5b557f/rand_core-0.9.3/src/lib.rs","edition":"2021","doc":true,"doctest":true,"test":true},"profile":{"opt_level":"0","debuginfo":2,"debug_assertions":true,"overflow_checks":true,"test":false},"features":["os_rng","std"],"filenames":["/Users/bradyjeong/Documents/Projects/Amp/gta4/gta_game/target/debug/deps/librand_core-ae42074645dcc928.rmeta"],"executable":null,"fresh":false}
    Checking wait-timeout v0.2.1
{"reason":"compiler-artifact","package_id":"registry+https://github.com/rust-lang/crates.io-index#itoa@1.0.15","manifest_path":"/Users/bradyjeong/.cargo/registry/src/index.crates.io-1949cf8c6b5b557f/itoa-1.0.15/Cargo.toml","target":{"kind":["lib"],"crate_types":["lib"],"name":"itoa","src_path":"/Users/bradyjeong/.cargo/registry/src/index.crates.io-1949cf8c6b5b557f/itoa-1.0.15/src/lib.rs","edition":"2018","doc":true,"doctest":true,"test":true},"profile":{"opt_level":"0","debuginfo":2,"debug_assertions":true,"overflow_checks":true,"test":false},"features":[],"filenames":["/Users/bradyjeong/Documents/Projects/Amp/gta4/gta_game/target/debug/deps/libitoa-b141a2c1bfb8942a.rmeta"],"executable":null,"fresh":false}
    Checking adler2 v2.0.0
{"reason":"compiler-artifact","package_id":"registry+https://github.com/rust-lang/crates.io-index#ryu@1.0.20","manifest_path":"/Users/bradyjeong/.cargo/registry/src/index.crates.io-1949cf8c6b5b557f/ryu-1.0.20/Cargo.toml","target":{"kind":["lib"],"crate_types":["lib"],"name":"ryu","src_path":"/Users/bradyjeong/.cargo/registry/src/index.crates.io-1949cf8c6b5b557f/ryu-1.0.20/src/lib.rs","edition":"2018","doc":true,"doctest":true,"test":true},"profile":{"opt_level":"0","debuginfo":2,"debug_assertions":true,"overflow_checks":true,"test":false},"features":[],"filenames":["/Users/bradyjeong/Documents/Projects/Amp/gta4/gta_game/target/debug/deps/libryu-1dd09d7a7fb89c2a.rmeta"],"executable":null,"fresh":false}
    Checking quick-error v1.2.3
{"reason":"compiler-artifact","package_id":"registry+https://github.com/rust-lang/crates.io-index#adler2@2.0.0","manifest_path":"/Users/bradyjeong/.cargo/registry/src/index.crates.io-1949cf8c6b5b557f/adler2-2.0.0/Cargo.toml","target":{"kind":["lib"],"crate_types":["lib"],"name":"adler2","src_path":"/Users/bradyjeong/.cargo/registry/src/index.crates.io-1949cf8c6b5b557f/adler2-2.0.0/src/lib.rs","edition":"2021","doc":true,"doctest":true,"test":true},"profile":{"opt_level":"0","debuginfo":2,"debug_assertions":true,"overflow_checks":true,"test":false},"features":[],"filenames":["/Users/bradyjeong/Documents/Projects/Amp/gta4/gta_game/target/debug/deps/libadler2-ee6ec1cb944bf08c.rmeta"],"executable":null,"fresh":false}
    Checking fnv v1.0.7
{"reason":"compiler-artifact","package_id":"registry+https://github.com/rust-lang/crates.io-index#simd-adler32@0.3.7","manifest_path":"/Users/bradyjeong/.cargo/registry/src/index.crates.io-1949cf8c6b5b557f/simd-adler32-0.3.7/Cargo.toml","target":{"kind":["lib"],"crate_types":["lib"],"name":"simd_adler32","src_path":"/Users/bradyjeong/.cargo/registry/src/index.crates.io-1949cf8c6b5b557f/simd-adler32-0.3.7/src/lib.rs","edition":"2018","doc":true,"doctest":true,"test":true},"profile":{"opt_level":"0","debuginfo":2,"debug_assertions":true,"overflow_checks":true,"test":false},"features":["const-generics","default","std"],"filenames":["/Users/bradyjeong/Documents/Projects/Amp/gta4/gta_game/target/debug/deps/libsimd_adler32-a4e7558fb207e3e9.rmeta"],"executable":null,"fresh":false}
    Checking miniz_oxide v0.8.8
{"reason":"compiler-artifact","package_id":"registry+https://github.com/rust-lang/crates.io-index#wait-timeout@0.2.1","manifest_path":"/Users/bradyjeong/.cargo/registry/src/index.crates.io-1949cf8c6b5b557f/wait-timeout-0.2.1/Cargo.toml","target":{"kind":["lib"],"crate_types":["lib"],"name":"wait_timeout","src_path":"/Users/bradyjeong/.cargo/registry/src/index.crates.io-1949cf8c6b5b557f/wait-timeout-0.2.1/src/lib.rs","edition":"2015","doc":true,"doctest":true,"test":true},"profile":{"opt_level":"0","debuginfo":2,"debug_assertions":true,"overflow_checks":true,"test":false},"features":[],"filenames":["/Users/bradyjeong/Documents/Projects/Amp/gta4/gta_game/target/debug/deps/libwait_timeout-df8fb895734d638a.rmeta"],"executable":null,"fresh":false}
    Checking rand_chacha v0.9.0
{"reason":"compiler-artifact","package_id":"registry+https://github.com/rust-lang/crates.io-index#rustix@1.0.7","manifest_path":"/Users/bradyjeong/.cargo/registry/src/index.crates.io-1949cf8c6b5b557f/rustix-1.0.7/Cargo.toml","target":{"kind":["custom-build"],"crate_types":["bin"],"name":"build-script-build","src_path":"/Users/bradyjeong/.cargo/registry/src/index.crates.io-1949cf8c6b5b557f/rustix-1.0.7/build.rs","edition":"2021","doc":false,"doctest":false,"test":false},"profile":{"opt_level":"0","debuginfo":0,"debug_assertions":true,"overflow_checks":true,"test":false},"features":["alloc","default","fs","std"],"filenames":["/Users/bradyjeong/Documents/Projects/Amp/gta4/gta_game/target/debug/build/rustix-a3bf03d6235b223f/build-script-build"],"executable":null,"fresh":false}
{"reason":"compiler-artifact","package_id":"registry+https://github.com/rust-lang/crates.io-index#fnv@1.0.7","manifest_path":"/Users/bradyjeong/.cargo/registry/src/index.crates.io-1949cf8c6b5b557f/fnv-1.0.7/Cargo.toml","target":{"kind":["lib"],"crate_types":["lib"],"name":"fnv","src_path":"/Users/bradyjeong/.cargo/registry/src/index.crates.io-1949cf8c6b5b557f/fnv-1.0.7/lib.rs","edition":"2015","doc":true,"doctest":true,"test":true},"profile":{"opt_level":"0","debuginfo":2,"debug_assertions":true,"overflow_checks":true,"test":false},"features":["default","std"],"filenames":["/Users/bradyjeong/Documents/Projects/Amp/gta4/gta_game/target/debug/deps/libfnv-ab6a868ad09099e8.rmeta"],"executable":null,"fresh":false}
    Checking rand_xorshift v0.4.0
{"reason":"compiler-artifact","package_id":"registry+https://github.com/rust-lang/crates.io-index#quick-error@1.2.3","manifest_path":"/Users/bradyjeong/.cargo/registry/src/index.crates.io-1949cf8c6b5b557f/quick-error-1.2.3/Cargo.toml","target":{"kind":["lib"],"crate_types":["lib"],"name":"quick_error","src_path":"/Users/bradyjeong/.cargo/registry/src/index.crates.io-1949cf8c6b5b557f/quick-error-1.2.3/src/lib.rs","edition":"2015","doc":true,"doctest":true,"test":true},"profile":{"opt_level":"0","debuginfo":2,"debug_assertions":true,"overflow_checks":true,"test":false},"features":[],"filenames":["/Users/bradyjeong/Documents/Projects/Amp/gta4/gta_game/target/debug/deps/libquick_error-55100b8d7388ede8.rmeta"],"executable":null,"fresh":false}
    Checking rand v0.9.1
{"reason":"compiler-artifact","package_id":"registry+https://github.com/rust-lang/crates.io-index#strum@0.26.3","manifest_path":"/Users/bradyjeong/.cargo/registry/src/index.crates.io-1949cf8c6b5b557f/strum-0.26.3/Cargo.toml","target":{"kind":["lib"],"crate_types":["lib"],"name":"strum","src_path":"/Users/bradyjeong/.cargo/registry/src/index.crates.io-1949cf8c6b5b557f/strum-0.26.3/src/lib.rs","edition":"2018","doc":true,"doctest":true,"test":true},"profile":{"opt_level":"0","debuginfo":2,"debug_assertions":true,"overflow_checks":true,"test":false},"features":["default","derive","std","strum_macros"],"filenames":["/Users/bradyjeong/Documents/Projects/Amp/gta4/gta_game/target/debug/deps/libstrum-37e5c2f9a9d4e0ae.rmeta"],"executable":null,"fresh":false}
    Checking unarray v0.1.4
{"reason":"compiler-artifact","package_id":"registry+https://github.com/rust-lang/crates.io-index#rand_chacha@0.9.0","manifest_path":"/Users/bradyjeong/.cargo/registry/src/index.crates.io-1949cf8c6b5b557f/rand_chacha-0.9.0/Cargo.toml","target":{"kind":["lib"],"crate_types":["lib"],"name":"rand_chacha","src_path":"/Users/bradyjeong/.cargo/registry/src/index.crates.io-1949cf8c6b5b557f/rand_chacha-0.9.0/src/lib.rs","edition":"2021","doc":true,"doctest":true,"test":true},"profile":{"opt_level":"0","debuginfo":2,"debug_assertions":true,"overflow_checks":true,"test":false},"features":[],"filenames":["/Users/bradyjeong/Documents/Projects/Amp/gta4/gta_game/target/debug/deps/librand_chacha-b7d3551b7ce4384a.rmeta"],"executable":null,"fresh":false}
    Checking crc32fast v1.4.2
{"reason":"compiler-artifact","package_id":"registry+https://github.com/rust-lang/crates.io-index#rand_xorshift@0.4.0","manifest_path":"/Users/bradyjeong/.cargo/registry/src/index.crates.io-1949cf8c6b5b557f/rand_xorshift-0.4.0/Cargo.toml","target":{"kind":["lib"],"crate_types":["lib"],"name":"rand_xorshift","src_path":"/Users/bradyjeong/.cargo/registry/src/index.crates.io-1949cf8c6b5b557f/rand_xorshift-0.4.0/src/lib.rs","edition":"2021","doc":true,"doctest":true,"test":true},"profile":{"opt_level":"0","debuginfo":2,"debug_assertions":true,"overflow_checks":true,"test":false},"features":[],"filenames":["/Users/bradyjeong/Documents/Projects/Amp/gta4/gta_game/target/debug/deps/librand_xorshift-b72b8aa9fc95b3c4.rmeta"],"executable":null,"fresh":false}
    Checking weezl v0.1.10
{"reason":"compiler-artifact","package_id":"registry+https://github.com/rust-lang/crates.io-index#unarray@0.1.4","manifest_path":"/Users/bradyjeong/.cargo/registry/src/index.crates.io-1949cf8c6b5b557f/unarray-0.1.4/Cargo.toml","target":{"kind":["lib"],"crate_types":["lib"],"name":"unarray","src_path":"/Users/bradyjeong/.cargo/registry/src/index.crates.io-1949cf8c6b5b557f/unarray-0.1.4/src/lib.rs","edition":"2018","doc":true,"doctest":true,"test":true},"profile":{"opt_level":"0","debuginfo":2,"debug_assertions":true,"overflow_checks":true,"test":false},"features":[],"filenames":["/Users/bradyjeong/Documents/Projects/Amp/gta4/gta_game/target/debug/deps/libunarray-fb0123f69c23870d.rmeta"],"executable":null,"fresh":false}
    Checking zune-inflate v0.2.54
{"reason":"compiler-artifact","package_id":"registry+https://github.com/rust-lang/crates.io-index#heapless@0.8.0","manifest_path":"/Users/bradyjeong/.cargo/registry/src/index.crates.io-1949cf8c6b5b557f/heapless-0.8.0/Cargo.toml","target":{"kind":["lib"],"crate_types":["lib"],"name":"heapless","src_path":"/Users/bradyjeong/.cargo/registry/src/index.crates.io-1949cf8c6b5b557f/heapless-0.8.0/src/lib.rs","edition":"2021","doc":true,"doctest":true,"test":true},"profile":{"opt_level":"0","debuginfo":2,"debug_assertions":true,"overflow_checks":true,"test":false},"features":[],"filenames":["/Users/bradyjeong/Documents/Projects/Amp/gta4/gta_game/target/debug/deps/libheapless-6a19b4d44b633796.rmeta"],"executable":null,"fresh":false}
    Checking fdeflate v0.3.7
{"reason":"compiler-artifact","package_id":"registry+https://github.com/rust-lang/crates.io-index#crc32fast@1.4.2","manifest_path":"/Users/bradyjeong/.cargo/registry/src/index.crates.io-1949cf8c6b5b557f/crc32fast-1.4.2/Cargo.toml","target":{"kind":["lib"],"crate_types":["lib"],"name":"crc32fast","src_path":"/Users/bradyjeong/.cargo/registry/src/index.crates.io-1949cf8c6b5b557f/crc32fast-1.4.2/src/lib.rs","edition":"2015","doc":true,"doctest":true,"test":true},"profile":{"opt_level":"0","debuginfo":2,"debug_assertions":true,"overflow_checks":true,"test":false},"features":["default","std"],"filenames":["/Users/bradyjeong/Documents/Projects/Amp/gta4/gta_game/target/debug/deps/libcrc32fast-08d794c6afbdfb8e.rmeta"],"executable":null,"fresh":false}
    Checking csv-core v0.1.12
{"reason":"compiler-artifact","package_id":"registry+https://github.com/rust-lang/crates.io-index#num-derive@0.4.2","manifest_path":"/Users/bradyjeong/.cargo/registry/src/index.crates.io-1949cf8c6b5b557f/num-derive-0.4.2/Cargo.toml","target":{"kind":["proc-macro"],"crate_types":["proc-macro"],"name":"num_derive","src_path":"/Users/bradyjeong/.cargo/registry/src/index.crates.io-1949cf8c6b5b557f/num-derive-0.4.2/src/lib.rs","edition":"2021","doc":true,"doctest":true,"test":false},"profile":{"opt_level":"0","debuginfo":0,"debug_assertions":true,"overflow_checks":true,"test":false},"features":[],"filenames":["/Users/bradyjeong/Documents/Projects/Amp/gta4/gta_game/target/debug/deps/libnum_derive-cbad700bae214f14.dylib"],"executable":null,"fresh":false}
    Checking bit_field v0.10.2
{"reason":"compiler-artifact","package_id":"registry+https://github.com/rust-lang/crates.io-index#weezl@0.1.10","manifest_path":"/Users/bradyjeong/.cargo/registry/src/index.crates.io-1949cf8c6b5b557f/weezl-0.1.10/Cargo.toml","target":{"kind":["lib"],"crate_types":["lib"],"name":"weezl","src_path":"/Users/bradyjeong/.cargo/registry/src/index.crates.io-1949cf8c6b5b557f/weezl-0.1.10/src/lib.rs","edition":"2018","doc":true,"doctest":true,"test":true},"profile":{"opt_level":"0","debuginfo":2,"debug_assertions":true,"overflow_checks":true,"test":false},"features":["alloc","default","std"],"filenames":["/Users/bradyjeong/Documents/Projects/Amp/gta4/gta_game/target/debug/deps/libweezl-d2fa7c30b9f41245.rmeta"],"executable":null,"fresh":false}
    Checking color_quant v1.1.0
{"reason":"compiler-artifact","package_id":"registry+https://github.com/rust-lang/crates.io-index#miniz_oxide@0.8.8","manifest_path":"/Users/bradyjeong/.cargo/registry/src/index.crates.io-1949cf8c6b5b557f/miniz_oxide-0.8.8/Cargo.toml","target":{"kind":["lib"],"crate_types":["lib"],"name":"miniz_oxide","src_path":"/Users/bradyjeong/.cargo/registry/src/index.crates.io-1949cf8c6b5b557f/miniz_oxide-0.8.8/src/lib.rs","edition":"2021","doc":true,"doctest":true,"test":true},"profile":{"opt_level":"0","debuginfo":2,"debug_assertions":true,"overflow_checks":true,"test":false},"features":["default","simd","simd-adler32","with-alloc"],"filenames":["/Users/bradyjeong/Documents/Projects/Amp/gta4/gta_game/target/debug/deps/libminiz_oxide-233d25619b90336a.rmeta"],"executable":null,"fresh":false}
    Checking flate2 v1.1.1
{"reason":"compiler-artifact","package_id":"registry+https://github.com/rust-lang/crates.io-index#zune-inflate@0.2.54","manifest_path":"/Users/bradyjeong/.cargo/registry/src/index.crates.io-1949cf8c6b5b557f/zune-inflate-0.2.54/Cargo.toml","target":{"kind":["lib"],"crate_types":["lib"],"name":"zune_inflate","src_path":"/Users/bradyjeong/.cargo/registry/src/index.crates.io-1949cf8c6b5b557f/zune-inflate-0.2.54/src/lib.rs","edition":"2021","doc":true,"doctest":true,"test":true},"profile":{"opt_level":"0","debuginfo":2,"debug_assertions":true,"overflow_checks":true,"test":false},"features":["simd-adler32","zlib"],"filenames":["/Users/bradyjeong/Documents/Projects/Amp/gta4/gta_game/target/debug/deps/libzune_inflate-3c6852c542b12c44.rmeta"],"executable":null,"fresh":false}
    Checking lebe v0.5.2
{"reason":"compiler-artifact","package_id":"registry+https://github.com/rust-lang/crates.io-index#taffy@0.7.7","manifest_path":"/Users/bradyjeong/.cargo/registry/src/index.crates.io-1949cf8c6b5b557f/taffy-0.7.7/Cargo.toml","target":{"kind":["lib"],"crate_types":["lib"],"name":"taffy","src_path":"/Users/bradyjeong/.cargo/registry/src/index.crates.io-1949cf8c6b5b557f/taffy-0.7.7/src/lib.rs","edition":"2021","doc":true,"doctest":true,"test":true},"profile":{"opt_level":"0","debuginfo":2,"debug_assertions":true,"overflow_checks":true,"test":false},"features":["alloc","block_layout","content_size","default","detailed_layout_info","flexbox","grid","std","taffy_tree"],"filenames":["/Users/bradyjeong/Documents/Projects/Amp/gta4/gta_game/target/debug/deps/libtaffy-7709e4b13f2d90a9.rmeta"],"executable":null,"fresh":false}
    Checking qoi v0.4.1
{"reason":"compiler-artifact","package_id":"registry+https://github.com/rust-lang/crates.io-index#derive_more@1.0.0","manifest_path":"/Users/bradyjeong/.cargo/registry/src/index.crates.io-1949cf8c6b5b557f/derive_more-1.0.0/Cargo.toml","target":{"kind":["lib"],"crate_types":["lib"],"name":"derive_more","src_path":"/Users/bradyjeong/.cargo/registry/src/index.crates.io-1949cf8c6b5b557f/derive_more-1.0.0/src/lib.rs","edition":"2021","doc":true,"doctest":true,"test":true},"profile":{"opt_level":"0","debuginfo":2,"debug_assertions":true,"overflow_checks":true,"test":false},"features":["as_ref","deref","deref_mut","display","from","into","std"],"filenames":["/Users/bradyjeong/Documents/Projects/Amp/gta4/gta_game/target/debug/deps/libderive_more-78903a7105b900c8.rmeta"],"executable":null,"fresh":false}
   Compiling serde_json v1.0.140
{"reason":"compiler-artifact","package_id":"registry+https://github.com/rust-lang/crates.io-index#bit_field@0.10.2","manifest_path":"/Users/bradyjeong/.cargo/registry/src/index.crates.io-1949cf8c6b5b557f/bit_field-0.10.2/Cargo.toml","target":{"kind":["lib"],"crate_types":["lib"],"name":"bit_field","src_path":"/Users/bradyjeong/.cargo/registry/src/index.crates.io-1949cf8c6b5b557f/bit_field-0.10.2/src/lib.rs","edition":"2015","doc":true,"doctest":true,"test":true},"profile":{"opt_level":"0","debuginfo":2,"debug_assertions":true,"overflow_checks":true,"test":false},"features":[],"filenames":["/Users/bradyjeong/Documents/Projects/Amp/gta4/gta_game/target/debug/deps/libbit_field-3900fb7bd1e046c4.rmeta"],"executable":null,"fresh":false}
    Checking ciborium-io v0.2.2
{"reason":"compiler-artifact","package_id":"registry+https://github.com/rust-lang/crates.io-index#csv-core@0.1.12","manifest_path":"/Users/bradyjeong/.cargo/registry/src/index.crates.io-1949cf8c6b5b557f/csv-core-0.1.12/Cargo.toml","target":{"kind":["lib"],"crate_types":["lib"],"name":"csv_core","src_path":"/Users/bradyjeong/.cargo/registry/src/index.crates.io-1949cf8c6b5b557f/csv-core-0.1.12/src/lib.rs","edition":"2018","doc":true,"doctest":true,"test":true},"profile":{"opt_level":"0","debuginfo":2,"debug_assertions":true,"overflow_checks":true,"test":false},"features":["default"],"filenames":["/Users/bradyjeong/Documents/Projects/Amp/gta4/gta_game/target/debug/deps/libcsv_core-ca68be9d5d4cfedd.rmeta"],"executable":null,"fresh":false}
    Checking plotters-backend v0.3.7
{"reason":"compiler-artifact","package_id":"registry+https://github.com/rust-lang/crates.io-index#color_quant@1.1.0","manifest_path":"/Users/bradyjeong/.cargo/registry/src/index.crates.io-1949cf8c6b5b557f/color_quant-1.1.0/Cargo.toml","target":{"kind":["lib"],"crate_types":["lib"],"name":"color_quant","src_path":"/Users/bradyjeong/.cargo/registry/src/index.crates.io-1949cf8c6b5b557f/color_quant-1.1.0/src/lib.rs","edition":"2015","doc":true,"doctest":true,"test":true},"profile":{"opt_level":"0","debuginfo":2,"debug_assertions":true,"overflow_checks":true,"test":false},"features":[],"filenames":["/Users/bradyjeong/Documents/Projects/Amp/gta4/gta_game/target/debug/deps/libcolor_quant-516e1ba71aac3413.rmeta"],"executable":null,"fresh":false}
    Checking gif v0.13.3
{"reason":"compiler-artifact","package_id":"registry+https://github.com/rust-lang/crates.io-index#ciborium-io@0.2.2","manifest_path":"/Users/bradyjeong/.cargo/registry/src/index.crates.io-1949cf8c6b5b557f/ciborium-io-0.2.2/Cargo.toml","target":{"kind":["lib"],"crate_types":["lib"],"name":"ciborium_io","src_path":"/Users/bradyjeong/.cargo/registry/src/index.crates.io-1949cf8c6b5b557f/ciborium-io-0.2.2/src/lib.rs","edition":"2021","doc":true,"doctest":true,"test":true},"profile":{"opt_level":"0","debuginfo":2,"debug_assertions":true,"overflow_checks":true,"test":false},"features":["alloc","std"],"filenames":["/Users/bradyjeong/Documents/Projects/Amp/gta4/gta_game/target/debug/deps/libciborium_io-4e77b76d198b7c0f.rmeta"],"executable":null,"fresh":false}
{"reason":"compiler-artifact","package_id":"registry+https://github.com/rust-lang/crates.io-index#fdeflate@0.3.7","manifest_path":"/Users/bradyjeong/.cargo/registry/src/index.crates.io-1949cf8c6b5b557f/fdeflate-0.3.7/Cargo.toml","target":{"kind":["lib"],"crate_types":["lib"],"name":"fdeflate","src_path":"/Users/bradyjeong/.cargo/registry/src/index.crates.io-1949cf8c6b5b557f/fdeflate-0.3.7/src/lib.rs","edition":"2021","doc":true,"doctest":true,"test":true},"profile":{"opt_level":"0","debuginfo":2,"debug_assertions":true,"overflow_checks":true,"test":false},"features":[],"filenames":["/Users/bradyjeong/Documents/Projects/Amp/gta4/gta_game/target/debug/deps/libfdeflate-f6e748caa6ed94d2.rmeta"],"executable":null,"fresh":false}
    Checking anstyle v1.0.11
    Checking clap_lex v0.7.5
{"reason":"compiler-artifact","package_id":"registry+https://github.com/rust-lang/crates.io-index#rand@0.9.1","manifest_path":"/Users/bradyjeong/.cargo/registry/src/index.crates.io-1949cf8c6b5b557f/rand-0.9.1/Cargo.toml","target":{"kind":["lib"],"crate_types":["lib"],"name":"rand","src_path":"/Users/bradyjeong/.cargo/registry/src/index.crates.io-1949cf8c6b5b557f/rand-0.9.1/src/lib.rs","edition":"2021","doc":true,"doctest":true,"test":true},"profile":{"opt_level":"0","debuginfo":2,"debug_assertions":true,"overflow_checks":true,"test":false},"features":["alloc","os_rng","std"],"filenames":["/Users/bradyjeong/Documents/Projects/Amp/gta4/gta_game/target/debug/deps/librand-90581330834a77c4.rmeta"],"executable":null,"fresh":false}
    Checking ciborium-ll v0.2.2
{"reason":"compiler-artifact","package_id":"registry+https://github.com/rust-lang/crates.io-index#lebe@0.5.2","manifest_path":"/Users/bradyjeong/.cargo/registry/src/index.crates.io-1949cf8c6b5b557f/lebe-0.5.2/Cargo.toml","target":{"kind":["lib"],"crate_types":["lib"],"name":"lebe","src_path":"/Users/bradyjeong/.cargo/registry/src/index.crates.io-1949cf8c6b5b557f/lebe-0.5.2/src/lib.rs","edition":"2018","doc":true,"doctest":true,"test":true},"profile":{"opt_level":"0","debuginfo":2,"debug_assertions":true,"overflow_checks":true,"test":false},"features":[],"filenames":["/Users/bradyjeong/Documents/Projects/Amp/gta4/gta_game/target/debug/deps/liblebe-8b8a6748a812ff2f.rmeta"],"executable":null,"fresh":false}
    Checking itertools v0.10.5
{"reason":"compiler-artifact","package_id":"registry+https://github.com/rust-lang/crates.io-index#qoi@0.4.1","manifest_path":"/Users/bradyjeong/.cargo/registry/src/index.crates.io-1949cf8c6b5b557f/qoi-0.4.1/Cargo.toml","target":{"kind":["lib"],"crate_types":["lib"],"name":"qoi","src_path":"/Users/bradyjeong/.cargo/registry/src/index.crates.io-1949cf8c6b5b557f/qoi-0.4.1/src/lib.rs","edition":"2021","doc":true,"doctest":false,"test":true},"profile":{"opt_level":"0","debuginfo":2,"debug_assertions":true,"overflow_checks":true,"test":false},"features":["default","std"],"filenames":["/Users/bradyjeong/Documents/Projects/Amp/gta4/gta_game/target/debug/deps/libqoi-9fc2df6210162bee.rmeta"],"executable":null,"fresh":false}
    Checking cast v0.3.0
{"reason":"compiler-artifact","package_id":"registry+https://github.com/rust-lang/crates.io-index#clap_lex@0.7.5","manifest_path":"/Users/bradyjeong/.cargo/registry/src/index.crates.io-1949cf8c6b5b557f/clap_lex-0.7.5/Cargo.toml","target":{"kind":["lib"],"crate_types":["lib"],"name":"clap_lex","src_path":"/Users/bradyjeong/.cargo/registry/src/index.crates.io-1949cf8c6b5b557f/clap_lex-0.7.5/src/lib.rs","edition":"2021","doc":true,"doctest":true,"test":true},"profile":{"opt_level":"0","debuginfo":2,"debug_assertions":true,"overflow_checks":true,"test":false},"features":[],"filenames":["/Users/bradyjeong/Documents/Projects/Amp/gta4/gta_game/target/debug/deps/libclap_lex-dd4c0d7a02b1a451.rmeta"],"executable":null,"fresh":false}
    Checking same-file v1.0.6
{"reason":"compiler-artifact","package_id":"registry+https://github.com/rust-lang/crates.io-index#plotters-backend@0.3.7","manifest_path":"/Users/bradyjeong/.cargo/registry/src/index.crates.io-1949cf8c6b5b557f/plotters-backend-0.3.7/Cargo.toml","target":{"kind":["lib"],"crate_types":["lib"],"name":"plotters_backend","src_path":"/Users/bradyjeong/.cargo/registry/src/index.crates.io-1949cf8c6b5b557f/plotters-backend-0.3.7/src/lib.rs","edition":"2018","doc":true,"doctest":true,"test":true},"profile":{"opt_level":"0","debuginfo":2,"debug_assertions":true,"overflow_checks":true,"test":false},"features":[],"filenames":["/Users/bradyjeong/Documents/Projects/Amp/gta4/gta_game/target/debug/deps/libplotters_backend-24ee5265f6a8c92b.rmeta"],"executable":null,"fresh":false}
    Checking plotters-svg v0.3.7
{"reason":"compiler-artifact","package_id":"registry+https://github.com/rust-lang/crates.io-index#serde_json@1.0.140","manifest_path":"/Users/bradyjeong/.cargo/registry/src/index.crates.io-1949cf8c6b5b557f/serde_json-1.0.140/Cargo.toml","target":{"kind":["custom-build"],"crate_types":["bin"],"name":"build-script-build","src_path":"/Users/bradyjeong/.cargo/registry/src/index.crates.io-1949cf8c6b5b557f/serde_json-1.0.140/build.rs","edition":"2021","doc":false,"doctest":false,"test":false},"profile":{"opt_level":"0","debuginfo":0,"debug_assertions":true,"overflow_checks":true,"test":false},"features":["default","std"],"filenames":["/Users/bradyjeong/Documents/Projects/Amp/gta4/gta_game/target/debug/build/serde_json-9ae25996604b0bfa/build-script-build"],"executable":null,"fresh":false}
{"reason":"compiler-artifact","package_id":"registry+https://github.com/rust-lang/crates.io-index#anstyle@1.0.11","manifest_path":"/Users/bradyjeong/.cargo/registry/src/index.crates.io-1949cf8c6b5b557f/anstyle-1.0.11/Cargo.toml","target":{"kind":["lib"],"crate_types":["lib"],"name":"anstyle","src_path":"/Users/bradyjeong/.cargo/registry/src/index.crates.io-1949cf8c6b5b557f/anstyle-1.0.11/src/lib.rs","edition":"2021","doc":true,"doctest":true,"test":true},"profile":{"opt_level":"0","debuginfo":2,"debug_assertions":true,"overflow_checks":true,"test":false},"features":["default","std"],"filenames":["/Users/bradyjeong/Documents/Projects/Amp/gta4/gta_game/target/debug/deps/libanstyle-0956d13c4128419f.rmeta"],"executable":null,"fresh":false}
    Checking clap_builder v4.5.40
{"reason":"compiler-artifact","package_id":"registry+https://github.com/rust-lang/crates.io-index#ciborium-ll@0.2.2","manifest_path":"/Users/bradyjeong/.cargo/registry/src/index.crates.io-1949cf8c6b5b557f/ciborium-ll-0.2.2/Cargo.toml","target":{"kind":["lib"],"crate_types":["lib"],"name":"ciborium_ll","src_path":"/Users/bradyjeong/.cargo/registry/src/index.crates.io-1949cf8c6b5b557f/ciborium-ll-0.2.2/src/lib.rs","edition":"2021","doc":true,"doctest":true,"test":true},"profile":{"opt_level":"0","debuginfo":2,"debug_assertions":true,"overflow_checks":true,"test":false},"features":[],"filenames":["/Users/bradyjeong/Documents/Projects/Amp/gta4/gta_game/target/debug/deps/libciborium_ll-74d19678f6903dcc.rmeta"],"executable":null,"fresh":false}
    Checking is-terminal v0.4.16
{"reason":"compiler-artifact","package_id":"registry+https://github.com/rust-lang/crates.io-index#same-file@1.0.6","manifest_path":"/Users/bradyjeong/.cargo/registry/src/index.crates.io-1949cf8c6b5b557f/same-file-1.0.6/Cargo.toml","target":{"kind":["lib"],"crate_types":["lib"],"name":"same_file","src_path":"/Users/bradyjeong/.cargo/registry/src/index.crates.io-1949cf8c6b5b557f/same-file-1.0.6/src/lib.rs","edition":"2018","doc":true,"doctest":true,"test":true},"profile":{"opt_level":"0","debuginfo":2,"debug_assertions":true,"overflow_checks":true,"test":false},"features":[],"filenames":["/Users/bradyjeong/Documents/Projects/Amp/gta4/gta_game/target/debug/deps/libsame_file-e3332ef40c63ae11.rmeta"],"executable":null,"fresh":false}
    Checking walkdir v2.5.0
{"reason":"compiler-artifact","package_id":"registry+https://github.com/rust-lang/crates.io-index#flate2@1.1.1","manifest_path":"/Users/bradyjeong/.cargo/registry/src/index.crates.io-1949cf8c6b5b557f/flate2-1.1.1/Cargo.toml","target":{"kind":["lib"],"crate_types":["lib"],"name":"flate2","src_path":"/Users/bradyjeong/.cargo/registry/src/index.crates.io-1949cf8c6b5b557f/flate2-1.1.1/src/lib.rs","edition":"2018","doc":true,"doctest":true,"test":true},"profile":{"opt_level":"0","debuginfo":2,"debug_assertions":true,"overflow_checks":true,"test":false},"features":["any_impl","default","miniz_oxide","rust_backend"],"filenames":["/Users/bradyjeong/Documents/Projects/Amp/gta4/gta_game/target/debug/deps/libflate2-3457ef733783d3ef.rmeta"],"executable":null,"fresh":false}
    Checking png v0.17.16
{"reason":"compiler-artifact","package_id":"registry+https://github.com/rust-lang/crates.io-index#plotters-svg@0.3.7","manifest_path":"/Users/bradyjeong/.cargo/registry/src/index.crates.io-1949cf8c6b5b557f/plotters-svg-0.3.7/Cargo.toml","target":{"kind":["lib"],"crate_types":["lib"],"name":"plotters_svg","src_path":"/Users/bradyjeong/.cargo/registry/src/index.crates.io-1949cf8c6b5b557f/plotters-svg-0.3.7/src/lib.rs","edition":"2018","doc":true,"doctest":true,"test":true},"profile":{"opt_level":"0","debuginfo":2,"debug_assertions":true,"overflow_checks":true,"test":false},"features":[],"filenames":["/Users/bradyjeong/Documents/Projects/Amp/gta4/gta_game/target/debug/deps/libplotters_svg-ae088fcbd28e7f53.rmeta"],"executable":null,"fresh":false}
    Checking plotters v0.3.7
{"reason":"compiler-artifact","package_id":"registry+https://github.com/rust-lang/crates.io-index#cast@0.3.0","manifest_path":"/Users/bradyjeong/.cargo/registry/src/index.crates.io-1949cf8c6b5b557f/cast-0.3.0/Cargo.toml","target":{"kind":["lib"],"crate_types":["lib"],"name":"cast","src_path":"/Users/bradyjeong/.cargo/registry/src/index.crates.io-1949cf8c6b5b557f/cast-0.3.0/src/lib.rs","edition":"2018","doc":true,"doctest":true,"test":true},"profile":{"opt_level":"0","debuginfo":2,"debug_assertions":true,"overflow_checks":true,"test":false},"features":[],"filenames":["/Users/bradyjeong/Documents/Projects/Amp/gta4/gta_game/target/debug/deps/libcast-13a5bb79ba00a115.rmeta"],"executable":null,"fresh":false}
{"reason":"compiler-artifact","package_id":"registry+https://github.com/rust-lang/crates.io-index#is-terminal@0.4.16","manifest_path":"/Users/bradyjeong/.cargo/registry/src/index.crates.io-1949cf8c6b5b557f/is-terminal-0.4.16/Cargo.toml","target":{"kind":["lib"],"crate_types":["lib"],"name":"is_terminal","src_path":"/Users/bradyjeong/.cargo/registry/src/index.crates.io-1949cf8c6b5b557f/is-terminal-0.4.16/src/lib.rs","edition":"2018","doc":true,"doctest":true,"test":true},"profile":{"opt_level":"0","debuginfo":2,"debug_assertions":true,"overflow_checks":true,"test":false},"features":[],"filenames":["/Users/bradyjeong/Documents/Projects/Amp/gta4/gta_game/target/debug/deps/libis_terminal-f22c1b7326043e50.rmeta"],"executable":null,"fresh":false}
    Checking anes v0.1.6
    Checking oorandom v11.1.5
{"reason":"compiler-artifact","package_id":"registry+https://github.com/rust-lang/crates.io-index#gif@0.13.3","manifest_path":"/Users/bradyjeong/.cargo/registry/src/index.crates.io-1949cf8c6b5b557f/gif-0.13.3/Cargo.toml","target":{"kind":["lib"],"crate_types":["lib"],"name":"gif","src_path":"/Users/bradyjeong/.cargo/registry/src/index.crates.io-1949cf8c6b5b557f/gif-0.13.3/src/lib.rs","edition":"2021","doc":true,"doctest":true,"test":true},"profile":{"opt_level":"0","debuginfo":2,"debug_assertions":true,"overflow_checks":true,"test":false},"features":["color_quant","default","raii_no_panic","std"],"filenames":["/Users/bradyjeong/Documents/Projects/Amp/gta4/gta_game/target/debug/deps/libgif-6ffb6b0255c3422a.rmeta"],"executable":null,"fresh":false}
    Checking simple_test v0.1.0 (/Users/bradyjeong/Documents/Projects/Amp/gta4/gta_game/tests)
{"reason":"compiler-artifact","package_id":"registry+https://github.com/rust-lang/crates.io-index#oorandom@11.1.5","manifest_path":"/Users/bradyjeong/.cargo/registry/src/index.crates.io-1949cf8c6b5b557f/oorandom-11.1.5/Cargo.toml","target":{"kind":["lib"],"crate_types":["lib"],"name":"oorandom","src_path":"/Users/bradyjeong/.cargo/registry/src/index.crates.io-1949cf8c6b5b557f/oorandom-11.1.5/src/lib.rs","edition":"2018","doc":true,"doctest":true,"test":true},"profile":{"opt_level":"0","debuginfo":2,"debug_assertions":true,"overflow_checks":true,"test":false},"features":[],"filenames":["/Users/bradyjeong/Documents/Projects/Amp/gta4/gta_game/target/debug/deps/liboorandom-c7658fc06c0f2d02.rmeta"],"executable":null,"fresh":false}
{"reason":"compiler-artifact","package_id":"registry+https://github.com/rust-lang/crates.io-index#walkdir@2.5.0","manifest_path":"/Users/bradyjeong/.cargo/registry/src/index.crates.io-1949cf8c6b5b557f/walkdir-2.5.0/Cargo.toml","target":{"kind":["lib"],"crate_types":["lib"],"name":"walkdir","src_path":"/Users/bradyjeong/.cargo/registry/src/index.crates.io-1949cf8c6b5b557f/walkdir-2.5.0/src/lib.rs","edition":"2018","doc":true,"doctest":true,"test":true},"profile":{"opt_level":"0","debuginfo":2,"debug_assertions":true,"overflow_checks":true,"test":false},"features":[],"filenames":["/Users/bradyjeong/Documents/Projects/Amp/gta4/gta_game/target/debug/deps/libwalkdir-9b6e036ac67fa529.rmeta"],"executable":null,"fresh":false}
{"reason":"compiler-artifact","package_id":"path+file:///Users/bradyjeong/Documents/Projects/Amp/gta4/gta_game/tests#simple_test@0.1.0","manifest_path":"/Users/bradyjeong/Documents/Projects/Amp/gta4/gta_game/tests/Cargo.toml","target":{"kind":["lib"],"crate_types":["lib"],"name":"simple_test","src_path":"/Users/bradyjeong/Documents/Projects/Amp/gta4/gta_game/tests/src/lib.rs","edition":"2021","doc":true,"doctest":true,"test":true},"profile":{"opt_level":"0","debuginfo":2,"debug_assertions":true,"overflow_checks":true,"test":false},"features":[],"filenames":["/Users/bradyjeong/Documents/Projects/Amp/gta4/gta_game/target/debug/deps/libsimple_test-5f3997f2fd710129.rmeta"],"executable":null,"fresh":false}
{"reason":"compiler-artifact","package_id":"path+file:///Users/bradyjeong/Documents/Projects/Amp/gta4/gta_game/tests#simple_test@0.1.0","manifest_path":"/Users/bradyjeong/Documents/Projects/Amp/gta4/gta_game/tests/Cargo.toml","target":{"kind":["lib"],"crate_types":["lib"],"name":"simple_test","src_path":"/Users/bradyjeong/Documents/Projects/Amp/gta4/gta_game/tests/src/lib.rs","edition":"2021","doc":true,"doctest":true,"test":true},"profile":{"opt_level":"0","debuginfo":2,"debug_assertions":true,"overflow_checks":true,"test":true},"features":[],"filenames":["/Users/bradyjeong/Documents/Projects/Amp/gta4/gta_game/target/debug/deps/libsimple_test-74338421edeb24a7.rmeta"],"executable":null,"fresh":false}
{"reason":"compiler-artifact","package_id":"registry+https://github.com/rust-lang/crates.io-index#anes@0.1.6","manifest_path":"/Users/bradyjeong/.cargo/registry/src/index.crates.io-1949cf8c6b5b557f/anes-0.1.6/Cargo.toml","target":{"kind":["lib"],"crate_types":["lib"],"name":"anes","src_path":"/Users/bradyjeong/.cargo/registry/src/index.crates.io-1949cf8c6b5b557f/anes-0.1.6/src/lib.rs","edition":"2018","doc":true,"doctest":true,"test":true},"profile":{"opt_level":"0","debuginfo":2,"debug_assertions":true,"overflow_checks":true,"test":false},"features":["default"],"filenames":["/Users/bradyjeong/Documents/Projects/Amp/gta4/gta_game/target/debug/deps/libanes-25bcd22287345e33.rmeta"],"executable":null,"fresh":false}
{"reason":"build-script-executed","package_id":"registry+https://github.com/rust-lang/crates.io-index#rayon-core@1.12.1","linked_libs":[],"linked_paths":[],"cfgs":[],"env":[],"out_dir":"/Users/bradyjeong/Documents/Projects/Amp/gta4/gta_game/target/debug/build/rayon-core-eed30920747273d6/out"}
{"reason":"compiler-artifact","package_id":"registry+https://github.com/rust-lang/crates.io-index#png@0.17.16","manifest_path":"/Users/bradyjeong/.cargo/registry/src/index.crates.io-1949cf8c6b5b557f/png-0.17.16/Cargo.toml","target":{"kind":["lib"],"crate_types":["lib"],"name":"png","src_path":"/Users/bradyjeong/.cargo/registry/src/index.crates.io-1949cf8c6b5b557f/png-0.17.16/src/lib.rs","edition":"2018","doc":true,"doctest":true,"test":true},"profile":{"opt_level":"0","debuginfo":2,"debug_assertions":true,"overflow_checks":true,"test":false},"features":[],"filenames":["/Users/bradyjeong/Documents/Projects/Amp/gta4/gta_game/target/debug/deps/libpng-571cc6cd64c5e8aa.rmeta"],"executable":null,"fresh":false}
{"reason":"compiler-artifact","package_id":"registry+https://github.com/rust-lang/crates.io-index#itertools@0.10.5","manifest_path":"/Users/bradyjeong/.cargo/registry/src/index.crates.io-1949cf8c6b5b557f/itertools-0.10.5/Cargo.toml","target":{"kind":["lib"],"crate_types":["lib"],"name":"itertools","src_path":"/Users/bradyjeong/.cargo/registry/src/index.crates.io-1949cf8c6b5b557f/itertools-0.10.5/src/lib.rs","edition":"2018","doc":true,"doctest":true,"test":false},"profile":{"opt_level":"0","debuginfo":2,"debug_assertions":true,"overflow_checks":true,"test":false},"features":["default","use_alloc","use_std"],"filenames":["/Users/bradyjeong/Documents/Projects/Amp/gta4/gta_game/target/debug/deps/libitertools-828be5fdc715c2f7.rmeta"],"executable":null,"fresh":false}
    Checking criterion-plot v0.5.0
{"reason":"compiler-artifact","package_id":"registry+https://github.com/rust-lang/crates.io-index#rayon-core@1.12.1","manifest_path":"/Users/bradyjeong/.cargo/registry/src/index.crates.io-1949cf8c6b5b557f/rayon-core-1.12.1/Cargo.toml","target":{"kind":["lib"],"crate_types":["lib"],"name":"rayon_core","src_path":"/Users/bradyjeong/.cargo/registry/src/index.crates.io-1949cf8c6b5b557f/rayon-core-1.12.1/src/lib.rs","edition":"2021","doc":true,"doctest":true,"test":true},"profile":{"opt_level":"0","debuginfo":2,"debug_assertions":true,"overflow_checks":true,"test":false},"features":[],"filenames":["/Users/bradyjeong/Documents/Projects/Amp/gta4/gta_game/target/debug/deps/librayon_core-935de161ed32fb7c.rmeta"],"executable":null,"fresh":false}
    Checking rayon v1.10.0
{"reason":"build-script-executed","package_id":"registry+https://github.com/rust-lang/crates.io-index#rustix@1.0.7","linked_libs":[],"linked_paths":[],"cfgs":["static_assertions","libc","apple","bsd"],"env":[],"out_dir":"/Users/bradyjeong/Documents/Projects/Amp/gta4/gta_game/target/debug/build/rustix-59d3c31119c57713/out"}
{"reason":"compiler-artifact","package_id":"registry+https://github.com/rust-lang/crates.io-index#plotters@0.3.7","manifest_path":"/Users/bradyjeong/.cargo/registry/src/index.crates.io-1949cf8c6b5b557f/plotters-0.3.7/Cargo.toml","target":{"kind":["lib"],"crate_types":["lib"],"name":"plotters","src_path":"/Users/bradyjeong/.cargo/registry/src/index.crates.io-1949cf8c6b5b557f/plotters-0.3.7/src/lib.rs","edition":"2018","doc":true,"doctest":true,"test":true},"profile":{"opt_level":"0","debuginfo":2,"debug_assertions":true,"overflow_checks":true,"test":false},"features":["area_series","line_series","plotters-svg","svg_backend"],"filenames":["/Users/bradyjeong/Documents/Projects/Amp/gta4/gta_game/target/debug/deps/libplotters-3eba0c61db1b600e.rmeta"],"executable":null,"fresh":false}
{"reason":"compiler-artifact","package_id":"registry+https://github.com/rust-lang/crates.io-index#criterion-plot@0.5.0","manifest_path":"/Users/bradyjeong/.cargo/registry/src/index.crates.io-1949cf8c6b5b557f/criterion-plot-0.5.0/Cargo.toml","target":{"kind":["lib"],"crate_types":["lib"],"name":"criterion_plot","src_path":"/Users/bradyjeong/.cargo/registry/src/index.crates.io-1949cf8c6b5b557f/criterion-plot-0.5.0/src/lib.rs","edition":"2018","doc":true,"doctest":true,"test":true},"profile":{"opt_level":"0","debuginfo":2,"debug_assertions":true,"overflow_checks":true,"test":false},"features":[],"filenames":["/Users/bradyjeong/Documents/Projects/Amp/gta4/gta_game/target/debug/deps/libcriterion_plot-1ba92dea114f09c2.rmeta"],"executable":null,"fresh":false}
{"reason":"build-script-executed","package_id":"registry+https://github.com/rust-lang/crates.io-index#serde_json@1.0.140","linked_libs":[],"linked_paths":[],"cfgs":["fast_arithmetic=\"64\""],"env":[],"out_dir":"/Users/bradyjeong/Documents/Projects/Amp/gta4/gta_game/target/debug/build/serde_json-3caf7847cd8276f6/out"}
{"reason":"compiler-artifact","package_id":"registry+https://github.com/rust-lang/crates.io-index#clap_builder@4.5.40","manifest_path":"/Users/bradyjeong/.cargo/registry/src/index.crates.io-1949cf8c6b5b557f/clap_builder-4.5.40/Cargo.toml","target":{"kind":["lib"],"crate_types":["lib"],"name":"clap_builder","src_path":"/Users/bradyjeong/.cargo/registry/src/index.crates.io-1949cf8c6b5b557f/clap_builder-4.5.40/src/lib.rs","edition":"2021","doc":true,"doctest":true,"test":true},"profile":{"opt_level":"0","debuginfo":2,"debug_assertions":true,"overflow_checks":true,"test":false},"features":["std"],"filenames":["/Users/bradyjeong/Documents/Projects/Amp/gta4/gta_game/target/debug/deps/libclap_builder-5efd65f551d8dbcf.rmeta"],"executable":null,"fresh":false}
    Checking clap v4.5.40
{"reason":"compiler-artifact","package_id":"registry+https://github.com/rust-lang/crates.io-index#clap@4.5.40","manifest_path":"/Users/bradyjeong/.cargo/registry/src/index.crates.io-1949cf8c6b5b557f/clap-4.5.40/Cargo.toml","target":{"kind":["lib"],"crate_types":["lib"],"name":"clap","src_path":"/Users/bradyjeong/.cargo/registry/src/index.crates.io-1949cf8c6b5b557f/clap-4.5.40/src/lib.rs","edition":"2021","doc":true,"doctest":true,"test":true},"profile":{"opt_level":"0","debuginfo":2,"debug_assertions":true,"overflow_checks":true,"test":false},"features":["std"],"filenames":["/Users/bradyjeong/Documents/Projects/Amp/gta4/gta_game/target/debug/deps/libclap-3fbfcf71568ae082.rmeta"],"executable":null,"fresh":false}
{"reason":"compiler-artifact","package_id":"registry+https://github.com/rust-lang/crates.io-index#serde@1.0.219","manifest_path":"/Users/bradyjeong/.cargo/registry/src/index.crates.io-1949cf8c6b5b557f/serde-1.0.219/Cargo.toml","target":{"kind":["lib"],"crate_types":["lib"],"name":"serde","src_path":"/Users/bradyjeong/.cargo/registry/src/index.crates.io-1949cf8c6b5b557f/serde-1.0.219/src/lib.rs","edition":"2018","doc":true,"doctest":true,"test":true},"profile":{"opt_level":"0","debuginfo":2,"debug_assertions":true,"overflow_checks":true,"test":false},"features":["alloc","default","derive","serde_derive","std"],"filenames":["/Users/bradyjeong/Documents/Projects/Amp/gta4/gta_game/target/debug/deps/libserde-82025d33fcdc96bf.rmeta"],"executable":null,"fresh":false}
    Checking bitflags v2.9.1
    Checking glam v0.29.3
    Checking smol_str v0.2.2
    Checking erased-serde v0.4.6
    Checking accesskit v0.18.0
    Checking chrono v0.4.41
    Checking csv v1.3.1
{"reason":"compiler-artifact","package_id":"registry+https://github.com/rust-lang/crates.io-index#bitflags@2.9.1","manifest_path":"/Users/bradyjeong/.cargo/registry/src/index.crates.io-1949cf8c6b5b557f/bitflags-2.9.1/Cargo.toml","target":{"kind":["lib"],"crate_types":["lib"],"name":"bitflags","src_path":"/Users/bradyjeong/.cargo/registry/src/index.crates.io-1949cf8c6b5b557f/bitflags-2.9.1/src/lib.rs","edition":"2021","doc":true,"doctest":true,"test":true},"profile":{"opt_level":"0","debuginfo":2,"debug_assertions":true,"overflow_checks":true,"test":false},"features":["serde","std"],"filenames":["/Users/bradyjeong/Documents/Projects/Amp/gta4/gta_game/target/debug/deps/libbitflags-e6121c179ba6f806.rmeta"],"executable":null,"fresh":false}
{"reason":"compiler-artifact","package_id":"registry+https://github.com/rust-lang/crates.io-index#smol_str@0.2.2","manifest_path":"/Users/bradyjeong/.cargo/registry/src/index.crates.io-1949cf8c6b5b557f/smol_str-0.2.2/Cargo.toml","target":{"kind":["lib"],"crate_types":["lib"],"name":"smol_str","src_path":"/Users/bradyjeong/.cargo/registry/src/index.crates.io-1949cf8c6b5b557f/smol_str-0.2.2/src/lib.rs","edition":"2018","doc":true,"doctest":true,"test":true},"profile":{"opt_level":"0","debuginfo":2,"debug_assertions":true,"overflow_checks":true,"test":false},"features":["default","serde","std"],"filenames":["/Users/bradyjeong/Documents/Projects/Amp/gta4/gta_game/target/debug/deps/libsmol_str-d4dba114279d8279.rmeta"],"executable":null,"fresh":false}
    Checking ron v0.8.1
{"reason":"compiler-artifact","package_id":"registry+https://github.com/rust-lang/crates.io-index#smallvec@1.15.0","manifest_path":"/Users/bradyjeong/.cargo/registry/src/index.crates.io-1949cf8c6b5b557f/smallvec-1.15.0/Cargo.toml","target":{"kind":["lib"],"crate_types":["lib"],"name":"smallvec","src_path":"/Users/bradyjeong/.cargo/registry/src/index.crates.io-1949cf8c6b5b557f/smallvec-1.15.0/src/lib.rs","edition":"2018","doc":true,"doctest":true,"test":true},"profile":{"opt_level":"0","debuginfo":2,"debug_assertions":true,"overflow_checks":true,"test":false},"features":["const_generics","const_new","serde","union"],"filenames":["/Users/bradyjeong/Documents/Projects/Amp/gta4/gta_game/target/debug/deps/libsmallvec-45364e02423dd1d1.rmeta"],"executable":null,"fresh":false}
{"reason":"compiler-artifact","package_id":"registry+https://github.com/rust-lang/crates.io-index#read-fonts@0.29.3","manifest_path":"/Users/bradyjeong/.cargo/registry/src/index.crates.io-1949cf8c6b5b557f/read-fonts-0.29.3/Cargo.toml","target":{"kind":["lib"],"crate_types":["lib"],"name":"read_fonts","src_path":"/Users/bradyjeong/.cargo/registry/src/index.crates.io-1949cf8c6b5b557f/read-fonts-0.29.3/src/lib.rs","edition":"2021","doc":true,"doctest":true,"test":true},"profile":{"opt_level":"0","debuginfo":2,"debug_assertions":true,"overflow_checks":true,"test":false},"features":["std"],"filenames":["/Users/bradyjeong/Documents/Projects/Amp/gta4/gta_game/target/debug/deps/libread_fonts-98a7ea359c00226a.rmeta"],"executable":null,"fresh":false}
    Checking wgpu-types v24.0.0
{"reason":"compiler-artifact","package_id":"registry+https://github.com/rust-lang/crates.io-index#uuid@1.17.0","manifest_path":"/Users/bradyjeong/.cargo/registry/src/index.crates.io-1949cf8c6b5b557f/uuid-1.17.0/Cargo.toml","target":{"kind":["lib"],"crate_types":["lib"],"name":"uuid","src_path":"/Users/bradyjeong/.cargo/registry/src/index.crates.io-1949cf8c6b5b557f/uuid-1.17.0/src/lib.rs","edition":"2018","doc":true,"doctest":true,"test":true},"profile":{"opt_level":"0","debuginfo":2,"debug_assertions":true,"overflow_checks":true,"test":false},"features":["default","rng","serde","std","v4"],"filenames":["/Users/bradyjeong/Documents/Projects/Amp/gta4/gta_game/target/debug/deps/libuuid-58e2f55f6bcd66ff.rmeta"],"executable":null,"fresh":false}
    Checking tracing-subscriber v0.3.19
{"reason":"compiler-artifact","package_id":"registry+https://github.com/rust-lang/crates.io-index#parking_lot_core@0.9.11","manifest_path":"/Users/bradyjeong/.cargo/registry/src/index.crates.io-1949cf8c6b5b557f/parking_lot_core-0.9.11/Cargo.toml","target":{"kind":["lib"],"crate_types":["lib"],"name":"parking_lot_core","src_path":"/Users/bradyjeong/.cargo/registry/src/index.crates.io-1949cf8c6b5b557f/parking_lot_core-0.9.11/src/lib.rs","edition":"2021","doc":true,"doctest":true,"test":true},"profile":{"opt_level":"0","debuginfo":2,"debug_assertions":true,"overflow_checks":true,"test":false},"features":[],"filenames":["/Users/bradyjeong/Documents/Projects/Amp/gta4/gta_game/target/debug/deps/libparking_lot_core-0f78b14f16a50f88.rmeta"],"executable":null,"fresh":false}
{"reason":"compiler-artifact","package_id":"registry+https://github.com/rust-lang/crates.io-index#csv@1.3.1","manifest_path":"/Users/bradyjeong/.cargo/registry/src/index.crates.io-1949cf8c6b5b557f/csv-1.3.1/Cargo.toml","target":{"kind":["lib"],"crate_types":["lib"],"name":"csv","src_path":"/Users/bradyjeong/.cargo/registry/src/index.crates.io-1949cf8c6b5b557f/csv-1.3.1/src/lib.rs","edition":"2021","doc":true,"doctest":true,"test":true},"profile":{"opt_level":"0","debuginfo":2,"debug_assertions":true,"overflow_checks":true,"test":false},"features":[],"filenames":["/Users/bradyjeong/Documents/Projects/Amp/gta4/gta_game/target/debug/deps/libcsv-42d32180e3a60174.rmeta"],"executable":null,"fresh":false}
    Checking metal v0.31.0
{"reason":"compiler-artifact","package_id":"registry+https://github.com/rust-lang/crates.io-index#erased-serde@0.4.6","manifest_path":"/Users/bradyjeong/.cargo/registry/src/index.crates.io-1949cf8c6b5b557f/erased-serde-0.4.6/Cargo.toml","target":{"kind":["lib"],"crate_types":["lib"],"name":"erased_serde","src_path":"/Users/bradyjeong/.cargo/registry/src/index.crates.io-1949cf8c6b5b557f/erased-serde-0.4.6/src/lib.rs","edition":"2021","doc":true,"doctest":true,"test":true},"profile":{"opt_level":"0","debuginfo":2,"debug_assertions":true,"overflow_checks":true,"test":false},"features":["alloc","std"],"filenames":["/Users/bradyjeong/Documents/Projects/Amp/gta4/gta_game/target/debug/deps/liberased_serde-7d21308844edaf7e.rmeta"],"executable":null,"fresh":false}
    Checking objc2-foundation v0.2.2
{"reason":"compiler-artifact","package_id":"registry+https://github.com/rust-lang/crates.io-index#hashbrown@0.15.3","manifest_path":"/Users/bradyjeong/.cargo/registry/src/index.crates.io-1949cf8c6b5b557f/hashbrown-0.15.3/Cargo.toml","target":{"kind":["lib"],"crate_types":["lib"],"name":"hashbrown","src_path":"/Users/bradyjeong/.cargo/registry/src/index.crates.io-1949cf8c6b5b557f/hashbrown-0.15.3/src/lib.rs","edition":"2021","doc":true,"doctest":true,"test":true},"profile":{"opt_level":"0","debuginfo":2,"debug_assertions":true,"overflow_checks":true,"test":false},"features":["allocator-api2","default","default-hasher","equivalent","inline-more","raw-entry","serde"],"filenames":["/Users/bradyjeong/Documents/Projects/Amp/gta4/gta_game/target/debug/deps/libhashbrown-ced7eb186a6bb8e4.rmeta"],"executable":null,"fresh":false}
    Checking bevy_platform v0.16.1
{"reason":"compiler-artifact","package_id":"registry+https://github.com/rust-lang/crates.io-index#parking_lot@0.12.4","manifest_path":"/Users/bradyjeong/.cargo/registry/src/index.crates.io-1949cf8c6b5b557f/parking_lot-0.12.4/Cargo.toml","target":{"kind":["lib"],"crate_types":["lib"],"name":"parking_lot","src_path":"/Users/bradyjeong/.cargo/registry/src/index.crates.io-1949cf8c6b5b557f/parking_lot-0.12.4/src/lib.rs","edition":"2021","doc":true,"doctest":true,"test":true},"profile":{"opt_level":"0","debuginfo":2,"debug_assertions":true,"overflow_checks":true,"test":false},"features":["arc_lock","default","send_guard"],"filenames":["/Users/bradyjeong/Documents/Projects/Amp/gta4/gta_game/target/debug/deps/libparking_lot-49c19b92d4ab779c.rmeta"],"executable":null,"fresh":false}
{"reason":"compiler-artifact","package_id":"registry+https://github.com/rust-lang/crates.io-index#rayon@1.10.0","manifest_path":"/Users/bradyjeong/.cargo/registry/src/index.crates.io-1949cf8c6b5b557f/rayon-1.10.0/Cargo.toml","target":{"kind":["lib"],"crate_types":["lib"],"name":"rayon","src_path":"/Users/bradyjeong/.cargo/registry/src/index.crates.io-1949cf8c6b5b557f/rayon-1.10.0/src/lib.rs","edition":"2021","doc":true,"doctest":true,"test":true},"profile":{"opt_level":"0","debuginfo":2,"debug_assertions":true,"overflow_checks":true,"test":false},"features":[],"filenames":["/Users/bradyjeong/Documents/Projects/Amp/gta4/gta_game/target/debug/deps/librayon-17ecd908141ccbcd.rmeta"],"executable":null,"fresh":false}
    Checking skrifa v0.31.3
{"reason":"compiler-artifact","package_id":"registry+https://github.com/rust-lang/crates.io-index#ron@0.8.1","manifest_path":"/Users/bradyjeong/.cargo/registry/src/index.crates.io-1949cf8c6b5b557f/ron-0.8.1/Cargo.toml","target":{"kind":["lib"],"crate_types":["lib"],"name":"ron","src_path":"/Users/bradyjeong/.cargo/registry/src/index.crates.io-1949cf8c6b5b557f/ron-0.8.1/src/lib.rs","edition":"2021","doc":true,"doctest":true,"test":true},"profile":{"opt_level":"0","debuginfo":2,"debug_assertions":true,"overflow_checks":true,"test":false},"features":["default"],"filenames":["/Users/bradyjeong/Documents/Projects/Amp/gta4/gta_game/target/debug/deps/libron-40766073977a0c4d.rmeta"],"executable":null,"fresh":false}
    Checking rustybuzz v0.14.1
{"reason":"compiler-artifact","package_id":"registry+https://github.com/rust-lang/crates.io-index#bevy_platform@0.16.1","manifest_path":"/Users/bradyjeong/.cargo/registry/src/index.crates.io-1949cf8c6b5b557f/bevy_platform-0.16.1/Cargo.toml","target":{"kind":["lib"],"crate_types":["lib"],"name":"bevy_platform","src_path":"/Users/bradyjeong/.cargo/registry/src/index.crates.io-1949cf8c6b5b557f/bevy_platform-0.16.1/src/lib.rs","edition":"2024","doc":true,"doctest":true,"test":true},"profile":{"opt_level":"0","debuginfo":2,"debug_assertions":true,"overflow_checks":true,"test":false},"features":["alloc","serialize","std"],"filenames":["/Users/bradyjeong/Documents/Projects/Amp/gta4/gta_game/target/debug/deps/libbevy_platform-0011049fa9793aed.rmeta"],"executable":null,"fresh":false}
    Checking bevy_utils v0.16.1
{"reason":"compiler-artifact","package_id":"registry+https://github.com/rust-lang/crates.io-index#bevy_utils@0.16.1","manifest_path":"/Users/bradyjeong/.cargo/registry/src/index.crates.io-1949cf8c6b5b557f/bevy_utils-0.16.1/Cargo.toml","target":{"kind":["lib"],"crate_types":["lib"],"name":"bevy_utils","src_path":"/Users/bradyjeong/.cargo/registry/src/index.crates.io-1949cf8c6b5b557f/bevy_utils-0.16.1/src/lib.rs","edition":"2024","doc":true,"doctest":true,"test":true},"profile":{"opt_level":"0","debuginfo":2,"debug_assertions":true,"overflow_checks":true,"test":false},"features":["alloc","default","serde","std"],"filenames":["/Users/bradyjeong/Documents/Projects/Amp/gta4/gta_game/target/debug/deps/libbevy_utils-3b16a98f32d60d98.rmeta"],"executable":null,"fresh":false}
    Checking bevy_tasks v0.16.1
{"reason":"compiler-artifact","package_id":"registry+https://github.com/rust-lang/crates.io-index#bevy_tasks@0.16.1","manifest_path":"/Users/bradyjeong/.cargo/registry/src/index.crates.io-1949cf8c6b5b557f/bevy_tasks-0.16.1/Cargo.toml","target":{"kind":["lib"],"crate_types":["lib"],"name":"bevy_tasks","src_path":"/Users/bradyjeong/.cargo/registry/src/index.crates.io-1949cf8c6b5b557f/bevy_tasks-0.16.1/src/lib.rs","edition":"2024","doc":true,"doctest":true,"test":true},"profile":{"opt_level":"0","debuginfo":2,"debug_assertions":true,"overflow_checks":true,"test":false},"features":["async_executor","default","std"],"filenames":["/Users/bradyjeong/Documents/Projects/Amp/gta4/gta_game/target/debug/deps/libbevy_tasks-aa92c93424990515.rmeta"],"executable":null,"fresh":false}
    Checking spade v2.13.1
{"reason":"compiler-artifact","package_id":"registry+https://github.com/rust-lang/crates.io-index#chrono@0.4.41","manifest_path":"/Users/bradyjeong/.cargo/registry/src/index.crates.io-1949cf8c6b5b557f/chrono-0.4.41/Cargo.toml","target":{"kind":["lib"],"crate_types":["lib"],"name":"chrono","src_path":"/Users/bradyjeong/.cargo/registry/src/index.crates.io-1949cf8c6b5b557f/chrono-0.4.41/src/lib.rs","edition":"2021","doc":true,"doctest":true,"test":true},"profile":{"opt_level":"0","debuginfo":2,"debug_assertions":true,"overflow_checks":true,"test":false},"features":["alloc","android-tzdata","clock","default","iana-time-zone","js-sys","now","oldtime","serde","std","wasm-bindgen","wasmbind","winapi","windows-link"],"filenames":["/Users/bradyjeong/Documents/Projects/Amp/gta4/gta_game/target/debug/deps/libchrono-2f5a7061a7ffe5ba.rmeta"],"executable":null,"fresh":false}
    Checking rstar v0.12.2
{"reason":"compiler-artifact","package_id":"registry+https://github.com/rust-lang/crates.io-index#indexmap@2.9.0","manifest_path":"/Users/bradyjeong/.cargo/registry/src/index.crates.io-1949cf8c6b5b557f/indexmap-2.9.0/Cargo.toml","target":{"kind":["lib"],"crate_types":["lib"],"name":"indexmap","src_path":"/Users/bradyjeong/.cargo/registry/src/index.crates.io-1949cf8c6b5b557f/indexmap-2.9.0/src/lib.rs","edition":"2021","doc":true,"doctest":true,"test":true},"profile":{"opt_level":"0","debuginfo":2,"debug_assertions":true,"overflow_checks":true,"test":false},"features":["default","serde","std"],"filenames":["/Users/bradyjeong/Documents/Projects/Amp/gta4/gta_game/target/debug/deps/libindexmap-928d3af4438a5450.rmeta"],"executable":null,"fresh":false}
{"reason":"compiler-artifact","package_id":"registry+https://github.com/rust-lang/crates.io-index#nix@0.30.1","manifest_path":"/Users/bradyjeong/.cargo/registry/src/index.crates.io-1949cf8c6b5b557f/nix-0.30.1/Cargo.toml","target":{"kind":["lib"],"crate_types":["lib"],"name":"nix","src_path":"/Users/bradyjeong/.cargo/registry/src/index.crates.io-1949cf8c6b5b557f/nix-0.30.1/src/lib.rs","edition":"2021","doc":true,"doctest":true,"test":true},"profile":{"opt_level":"0","debuginfo":2,"debug_assertions":true,"overflow_checks":true,"test":false},"features":["fs","process","signal"],"filenames":["/Users/bradyjeong/Documents/Projects/Amp/gta4/gta_game/target/debug/deps/libnix-a08d60a07229de12.rmeta"],"executable":null,"fresh":false}
    Checking ctrlc v3.4.7
{"reason":"compiler-artifact","package_id":"registry+https://github.com/rust-lang/crates.io-index#accesskit@0.18.0","manifest_path":"/Users/bradyjeong/.cargo/registry/src/index.crates.io-1949cf8c6b5b557f/accesskit-0.18.0/Cargo.toml","target":{"kind":["lib"],"crate_types":["lib"],"name":"accesskit","src_path":"/Users/bradyjeong/.cargo/registry/src/index.crates.io-1949cf8c6b5b557f/accesskit-0.18.0/src/lib.rs","edition":"2021","doc":true,"doctest":true,"test":true},"profile":{"opt_level":"0","debuginfo":2,"debug_assertions":true,"overflow_checks":true,"test":false},"features":["enumn","serde"],"filenames":["/Users/bradyjeong/Documents/Projects/Amp/gta4/gta_game/target/debug/deps/libaccesskit-814ac9a2fee81fc9.rmeta"],"executable":null,"fresh":false}
{"reason":"compiler-artifact","package_id":"registry+https://github.com/rust-lang/crates.io-index#serde_json@1.0.140","manifest_path":"/Users/bradyjeong/.cargo/registry/src/index.crates.io-1949cf8c6b5b557f/serde_json-1.0.140/Cargo.toml","target":{"kind":["lib"],"crate_types":["lib"],"name":"serde_json","src_path":"/Users/bradyjeong/.cargo/registry/src/index.crates.io-1949cf8c6b5b557f/serde_json-1.0.140/src/lib.rs","edition":"2021","doc":true,"doctest":true,"test":true},"profile":{"opt_level":"0","debuginfo":2,"debug_assertions":true,"overflow_checks":true,"test":false},"features":["default","std"],"filenames":["/Users/bradyjeong/Documents/Projects/Amp/gta4/gta_game/target/debug/deps/libserde_json-66234bb5c033b424.rmeta"],"executable":null,"fresh":false}
    Checking accesskit_consumer v0.27.0
    Checking engine_core v0.1.0 (/Users/bradyjeong/Documents/Projects/Amp/gta4/gta_game/engine_core)
{"reason":"compiler-artifact","package_id":"registry+https://github.com/rust-lang/crates.io-index#ctrlc@3.4.7","manifest_path":"/Users/bradyjeong/.cargo/registry/src/index.crates.io-1949cf8c6b5b557f/ctrlc-3.4.7/Cargo.toml","target":{"kind":["lib"],"crate_types":["lib"],"name":"ctrlc","src_path":"/Users/bradyjeong/.cargo/registry/src/index.crates.io-1949cf8c6b5b557f/ctrlc-3.4.7/src/lib.rs","edition":"2021","doc":true,"doctest":true,"test":true},"profile":{"opt_level":"0","debuginfo":2,"debug_assertions":true,"overflow_checks":true,"test":false},"features":[],"filenames":["/Users/bradyjeong/Documents/Projects/Amp/gta4/gta_game/target/debug/deps/libctrlc-a8f03f85b25b3057.rmeta"],"executable":null,"fresh":false}
{"reason":"compiler-artifact","package_id":"registry+https://github.com/rust-lang/crates.io-index#tracing-subscriber@0.3.19","manifest_path":"/Users/bradyjeong/.cargo/registry/src/index.crates.io-1949cf8c6b5b557f/tracing-subscriber-0.3.19/Cargo.toml","target":{"kind":["lib"],"crate_types":["lib"],"name":"tracing_subscriber","src_path":"/Users/bradyjeong/.cargo/registry/src/index.crates.io-1949cf8c6b5b557f/tracing-subscriber-0.3.19/src/lib.rs","edition":"2018","doc":true,"doctest":true,"test":true},"profile":{"opt_level":"0","debuginfo":2,"debug_assertions":true,"overflow_checks":true,"test":false},"features":["alloc","ansi","default","env-filter","fmt","matchers","nu-ansi-term","once_cell","regex","registry","sharded-slab","smallvec","std","thread_local","tracing","tracing-log"],"filenames":["/Users/bradyjeong/Documents/Projects/Amp/gta4/gta_game/target/debug/deps/libtracing_subscriber-14be94d68c49a593.rmeta"],"executable":null,"fresh":false}
    Checking jpeg-decoder v0.3.2
{"reason":"compiler-artifact","package_id":"registry+https://github.com/rust-lang/crates.io-index#wgpu-types@24.0.0","manifest_path":"/Users/bradyjeong/.cargo/registry/src/index.crates.io-1949cf8c6b5b557f/wgpu-types-24.0.0/Cargo.toml","target":{"kind":["lib"],"crate_types":["lib"],"name":"wgpu_types","src_path":"/Users/bradyjeong/.cargo/registry/src/index.crates.io-1949cf8c6b5b557f/wgpu-types-24.0.0/src/lib.rs","edition":"2021","doc":true,"doctest":true,"test":true},"profile":{"opt_level":"0","debuginfo":2,"debug_assertions":true,"overflow_checks":true,"test":false},"features":["default","fragile-send-sync-non-atomic-wasm","std"],"filenames":["/Users/bradyjeong/Documents/Projects/Amp/gta4/gta_game/target/debug/deps/libwgpu_types-6767ef9d427cdbe8.rmeta"],"executable":null,"fresh":false}
    Checking exr v1.73.0
{"reason":"compiler-artifact","package_id":"path+file:///Users/bradyjeong/Documents/Projects/Amp/gta4/gta_game/engine_core#0.1.0","manifest_path":"/Users/bradyjeong/Documents/Projects/Amp/gta4/gta_game/engine_core/Cargo.toml","target":{"kind":["lib"],"crate_types":["lib"],"name":"engine_core","src_path":"/Users/bradyjeong/Documents/Projects/Amp/gta4/gta_game/engine_core/src/lib.rs","edition":"2021","doc":true,"doctest":true,"test":true},"profile":{"opt_level":"0","debuginfo":2,"debug_assertions":true,"overflow_checks":true,"test":false},"features":[],"filenames":["/Users/bradyjeong/Documents/Projects/Amp/gta4/gta_game/target/debug/deps/libengine_core-da1db1932bf1247b.rmeta"],"executable":null,"fresh":false}
    Checking tinytemplate v1.2.1
{"reason":"compiler-artifact","package_id":"registry+https://github.com/rust-lang/crates.io-index#rstar@0.12.2","manifest_path":"/Users/bradyjeong/.cargo/registry/src/index.crates.io-1949cf8c6b5b557f/rstar-0.12.2/Cargo.toml","target":{"kind":["lib"],"crate_types":["lib"],"name":"rstar","src_path":"/Users/bradyjeong/.cargo/registry/src/index.crates.io-1949cf8c6b5b557f/rstar-0.12.2/src/lib.rs","edition":"2018","doc":true,"doctest":true,"test":true},"profile":{"opt_level":"0","debuginfo":2,"debug_assertions":true,"overflow_checks":true,"test":false},"features":["default"],"filenames":["/Users/bradyjeong/Documents/Projects/Amp/gta4/gta_game/target/debug/deps/librstar-72ea5f49ae10faba.rmeta"],"executable":null,"fresh":false}
    Checking ciborium v0.2.2
{"reason":"compiler-artifact","package_id":"registry+https://github.com/rust-lang/crates.io-index#accesskit_consumer@0.27.0","manifest_path":"/Users/bradyjeong/.cargo/registry/src/index.crates.io-1949cf8c6b5b557f/accesskit_consumer-0.27.0/Cargo.toml","target":{"kind":["lib"],"crate_types":["lib"],"name":"accesskit_consumer","src_path":"/Users/bradyjeong/.cargo/registry/src/index.crates.io-1949cf8c6b5b557f/accesskit_consumer-0.27.0/src/lib.rs","edition":"2021","doc":true,"doctest":true,"test":true},"profile":{"opt_level":"0","debuginfo":2,"debug_assertions":true,"overflow_checks":true,"test":false},"features":[],"filenames":["/Users/bradyjeong/Documents/Projects/Amp/gta4/gta_game/target/debug/deps/libaccesskit_consumer-64e52d22daae183e.rmeta"],"executable":null,"fresh":false}
{"reason":"compiler-artifact","package_id":"registry+https://github.com/rust-lang/crates.io-index#tinytemplate@1.2.1","manifest_path":"/Users/bradyjeong/.cargo/registry/src/index.crates.io-1949cf8c6b5b557f/tinytemplate-1.2.1/Cargo.toml","target":{"kind":["lib"],"crate_types":["lib"],"name":"tinytemplate","src_path":"/Users/bradyjeong/.cargo/registry/src/index.crates.io-1949cf8c6b5b557f/tinytemplate-1.2.1/src/lib.rs","edition":"2015","doc":true,"doctest":true,"test":true},"profile":{"opt_level":"0","debuginfo":2,"debug_assertions":true,"overflow_checks":true,"test":false},"features":[],"filenames":["/Users/bradyjeong/Documents/Projects/Amp/gta4/gta_game/target/debug/deps/libtinytemplate-c5fafee623b1286c.rmeta"],"executable":null,"fresh":false}
{"reason":"compiler-artifact","package_id":"registry+https://github.com/rust-lang/crates.io-index#jpeg-decoder@0.3.2","manifest_path":"/Users/bradyjeong/.cargo/registry/src/index.crates.io-1949cf8c6b5b557f/jpeg-decoder-0.3.2/Cargo.toml","target":{"kind":["lib"],"crate_types":["lib"],"name":"jpeg_decoder","src_path":"/Users/bradyjeong/.cargo/registry/src/index.crates.io-1949cf8c6b5b557f/jpeg-decoder-0.3.2/src/lib.rs","edition":"2021","doc":true,"doctest":true,"test":true},"profile":{"opt_level":"0","debuginfo":2,"debug_assertions":true,"overflow_checks":true,"test":false},"features":["rayon"],"filenames":["/Users/bradyjeong/Documents/Projects/Amp/gta4/gta_game/target/debug/deps/libjpeg_decoder-1ffb47248c6f53c0.rmeta"],"executable":null,"fresh":false}
    Checking tiff v0.9.1
{"reason":"compiler-artifact","package_id":"registry+https://github.com/rust-lang/crates.io-index#ciborium@0.2.2","manifest_path":"/Users/bradyjeong/.cargo/registry/src/index.crates.io-1949cf8c6b5b557f/ciborium-0.2.2/Cargo.toml","target":{"kind":["lib"],"crate_types":["lib"],"name":"ciborium","src_path":"/Users/bradyjeong/.cargo/registry/src/index.crates.io-1949cf8c6b5b557f/ciborium-0.2.2/src/lib.rs","edition":"2021","doc":true,"doctest":true,"test":true},"profile":{"opt_level":"0","debuginfo":2,"debug_assertions":true,"overflow_checks":true,"test":false},"features":["default","std"],"filenames":["/Users/bradyjeong/Documents/Projects/Amp/gta4/gta_game/target/debug/deps/libciborium-60a4281515e24689.rmeta"],"executable":null,"fresh":false}
    Checking criterion v0.5.1
{"reason":"compiler-artifact","package_id":"registry+https://github.com/rust-lang/crates.io-index#spade@2.13.1","manifest_path":"/Users/bradyjeong/.cargo/registry/src/index.crates.io-1949cf8c6b5b557f/spade-2.13.1/Cargo.toml","target":{"kind":["lib"],"crate_types":["lib"],"name":"spade","src_path":"/Users/bradyjeong/.cargo/registry/src/index.crates.io-1949cf8c6b5b557f/spade-2.13.1/src/lib.rs","edition":"2021","doc":true,"doctest":true,"test":true},"profile":{"opt_level":"0","debuginfo":2,"debug_assertions":true,"overflow_checks":true,"test":false},"features":["std"],"filenames":["/Users/bradyjeong/Documents/Projects/Amp/gta4/gta_game/target/debug/deps/libspade-6da1a503d91db8d2.rmeta"],"executable":null,"fresh":false}
{"reason":"compiler-artifact","package_id":"registry+https://github.com/rust-lang/crates.io-index#rustix@1.0.7","manifest_path":"/Users/bradyjeong/.cargo/registry/src/index.crates.io-1949cf8c6b5b557f/rustix-1.0.7/Cargo.toml","target":{"kind":["lib"],"crate_types":["lib"],"name":"rustix","src_path":"/Users/bradyjeong/.cargo/registry/src/index.crates.io-1949cf8c6b5b557f/rustix-1.0.7/src/lib.rs","edition":"2021","doc":true,"doctest":true,"test":true},"profile":{"opt_level":"0","debuginfo":2,"debug_assertions":true,"overflow_checks":true,"test":false},"features":["alloc","default","fs","std"],"filenames":["/Users/bradyjeong/Documents/Projects/Amp/gta4/gta_game/target/debug/deps/librustix-09da188f5d2f829a.rmeta"],"executable":null,"fresh":false}
    Checking tempfile v3.20.0
{"reason":"compiler-artifact","package_id":"registry+https://github.com/rust-lang/crates.io-index#rustybuzz@0.14.1","manifest_path":"/Users/bradyjeong/.cargo/registry/src/index.crates.io-1949cf8c6b5b557f/rustybuzz-0.14.1/Cargo.toml","target":{"kind":["lib"],"crate_types":["lib"],"name":"rustybuzz","src_path":"/Users/bradyjeong/.cargo/registry/src/index.crates.io-1949cf8c6b5b557f/rustybuzz-0.14.1/src/lib.rs","edition":"2021","doc":true,"doctest":true,"test":true},"profile":{"opt_level":"0","debuginfo":2,"debug_assertions":true,"overflow_checks":true,"test":false},"features":["libm","std"],"filenames":["/Users/bradyjeong/Documents/Projects/Amp/gta4/gta_game/target/debug/deps/librustybuzz-0b355e3e7fe7054e.rmeta"],"executable":null,"fresh":false}
{"reason":"compiler-artifact","package_id":"registry+https://github.com/rust-lang/crates.io-index#tiff@0.9.1","manifest_path":"/Users/bradyjeong/.cargo/registry/src/index.crates.io-1949cf8c6b5b557f/tiff-0.9.1/Cargo.toml","target":{"kind":["lib"],"crate_types":["lib"],"name":"tiff","src_path":"/Users/bradyjeong/.cargo/registry/src/index.crates.io-1949cf8c6b5b557f/tiff-0.9.1/src/lib.rs","edition":"2021","doc":true,"doctest":true,"test":true},"profile":{"opt_level":"0","debuginfo":2,"debug_assertions":true,"overflow_checks":true,"test":false},"features":[],"filenames":["/Users/bradyjeong/Documents/Projects/Amp/gta4/gta_game/target/debug/deps/libtiff-980c711f7e61cc46.rmeta"],"executable":null,"fresh":false}
{"reason":"compiler-artifact","package_id":"registry+https://github.com/rust-lang/crates.io-index#simba@0.9.0","manifest_path":"/Users/bradyjeong/.cargo/registry/src/index.crates.io-1949cf8c6b5b557f/simba-0.9.0/Cargo.toml","target":{"kind":["lib"],"crate_types":["lib"],"name":"simba","src_path":"/Users/bradyjeong/.cargo/registry/src/index.crates.io-1949cf8c6b5b557f/simba-0.9.0/src/lib.rs","edition":"2018","doc":true,"doctest":true,"test":true},"profile":{"opt_level":"0","debuginfo":2,"debug_assertions":true,"overflow_checks":true,"test":false},"features":["default","libm","std","wide"],"filenames":["/Users/bradyjeong/Documents/Projects/Amp/gta4/gta_game/target/debug/deps/libsimba-076754142bf2dbfb.rmeta"],"executable":null,"fresh":false}
{"reason":"compiler-artifact","package_id":"registry+https://github.com/rust-lang/crates.io-index#skrifa@0.31.3","manifest_path":"/Users/bradyjeong/.cargo/registry/src/index.crates.io-1949cf8c6b5b557f/skrifa-0.31.3/Cargo.toml","target":{"kind":["lib"],"crate_types":["lib"],"name":"skrifa","src_path":"/Users/bradyjeong/.cargo/registry/src/index.crates.io-1949cf8c6b5b557f/skrifa-0.31.3/src/lib.rs","edition":"2021","doc":true,"doctest":true,"test":true},"profile":{"opt_level":"0","debuginfo":2,"debug_assertions":true,"overflow_checks":true,"test":false},"features":["std"],"filenames":["/Users/bradyjeong/Documents/Projects/Amp/gta4/gta_game/target/debug/deps/libskrifa-f4116f7fcad91e73.rmeta"],"executable":null,"fresh":false}
    Checking swash v0.2.5
{"reason":"compiler-artifact","package_id":"registry+https://github.com/rust-lang/crates.io-index#tempfile@3.20.0","manifest_path":"/Users/bradyjeong/.cargo/registry/src/index.crates.io-1949cf8c6b5b557f/tempfile-3.20.0/Cargo.toml","target":{"kind":["lib"],"crate_types":["lib"],"name":"tempfile","src_path":"/Users/bradyjeong/.cargo/registry/src/index.crates.io-1949cf8c6b5b557f/tempfile-3.20.0/src/lib.rs","edition":"2021","doc":true,"doctest":true,"test":true},"profile":{"opt_level":"0","debuginfo":2,"debug_assertions":true,"overflow_checks":true,"test":false},"features":["default","getrandom"],"filenames":["/Users/bradyjeong/Documents/Projects/Amp/gta4/gta_game/target/debug/deps/libtempfile-77a06a4ca4a83f24.rmeta"],"executable":null,"fresh":false}
    Checking rusty-fork v0.3.0
{"reason":"compiler-artifact","package_id":"registry+https://github.com/rust-lang/crates.io-index#rusty-fork@0.3.0","manifest_path":"/Users/bradyjeong/.cargo/registry/src/index.crates.io-1949cf8c6b5b557f/rusty-fork-0.3.0/Cargo.toml","target":{"kind":["lib"],"crate_types":["lib"],"name":"rusty_fork","src_path":"/Users/bradyjeong/.cargo/registry/src/index.crates.io-1949cf8c6b5b557f/rusty-fork-0.3.0/src/lib.rs","edition":"2018","doc":true,"doctest":true,"test":true},"profile":{"opt_level":"0","debuginfo":2,"debug_assertions":true,"overflow_checks":true,"test":false},"features":["timeout","wait-timeout"],"filenames":["/Users/bradyjeong/Documents/Projects/Amp/gta4/gta_game/target/debug/deps/librusty_fork-423970852837c54e.rmeta"],"executable":null,"fresh":false}
    Checking proptest v1.7.0
{"reason":"compiler-artifact","package_id":"registry+https://github.com/rust-lang/crates.io-index#objc2-foundation@0.2.2","manifest_path":"/Users/bradyjeong/.cargo/registry/src/index.crates.io-1949cf8c6b5b557f/objc2-foundation-0.2.2/Cargo.toml","target":{"kind":["lib"],"crate_types":["lib"],"name":"objc2_foundation","src_path":"/Users/bradyjeong/.cargo/registry/src/index.crates.io-1949cf8c6b5b557f/objc2-foundation-0.2.2/src/lib.rs","edition":"2021","doc":true,"doctest":true,"test":true},"profile":{"opt_level":"0","debuginfo":2,"debug_assertions":true,"overflow_checks":true,"test":false},"features":["NSArray","NSAttributedString","NSBundle","NSCoder","NSData","NSDate","NSDictionary","NSDistributedNotificationCenter","NSEnumerator","NSError","NSException","NSFileWrapper","NSFormatter","NSGeometry","NSItemProvider","NSKeyValueObserving","NSLocale","NSNotification","NSObjCRuntime","NSObject","NSPathUtilities","NSProcessInfo","NSRange","NSRunLoop","NSScriptCommand","NSScriptStandardSuiteCommands","NSSet","NSString","NSThread","NSURL","NSUndoManager","NSUserActivity","NSValue","NSZone","alloc","bitflags","block2","default","dispatch","std"],"filenames":["/Users/bradyjeong/Documents/Projects/Amp/gta4/gta_game/target/debug/deps/libobjc2_foundation-4a1ae68f188a43e6.rmeta"],"executable":null,"fresh":false}
    Checking objc2-app-kit v0.2.2
{"reason":"compiler-artifact","package_id":"registry+https://github.com/rust-lang/crates.io-index#metal@0.31.0","manifest_path":"/Users/bradyjeong/.cargo/registry/src/index.crates.io-1949cf8c6b5b557f/metal-0.31.0/Cargo.toml","target":{"kind":["lib"],"crate_types":["lib"],"name":"metal","src_path":"/Users/bradyjeong/.cargo/registry/src/index.crates.io-1949cf8c6b5b557f/metal-0.31.0/src/lib.rs","edition":"2021","doc":true,"doctest":true,"test":true},"profile":{"opt_level":"0","debuginfo":2,"debug_assertions":true,"overflow_checks":true,"test":false},"features":["default","link"],"filenames":["/Users/bradyjeong/Documents/Projects/Amp/gta4/gta_game/target/debug/deps/libmetal-6abc6d1c74b4b29a.rmeta"],"executable":null,"fresh":false}
{"reason":"compiler-artifact","package_id":"registry+https://github.com/rust-lang/crates.io-index#criterion@0.5.1","manifest_path":"/Users/bradyjeong/.cargo/registry/src/index.crates.io-1949cf8c6b5b557f/criterion-0.5.1/Cargo.toml","target":{"kind":["lib"],"crate_types":["lib"],"name":"criterion","src_path":"/Users/bradyjeong/.cargo/registry/src/index.crates.io-1949cf8c6b5b557f/criterion-0.5.1/src/lib.rs","edition":"2018","doc":true,"doctest":true,"test":true},"profile":{"opt_level":"0","debuginfo":2,"debug_assertions":true,"overflow_checks":true,"test":false},"features":["cargo_bench_support","default","plotters","rayon"],"filenames":["/Users/bradyjeong/Documents/Projects/Amp/gta4/gta_game/target/debug/deps/libcriterion-1e9d4b88242f96ed.rmeta"],"executable":null,"fresh":false}
{"reason":"compiler-artifact","package_id":"registry+https://github.com/rust-lang/crates.io-index#exr@1.73.0","manifest_path":"/Users/bradyjeong/.cargo/registry/src/index.crates.io-1949cf8c6b5b557f/exr-1.73.0/Cargo.toml","target":{"kind":["lib"],"crate_types":["lib"],"name":"exr","src_path":"/Users/bradyjeong/.cargo/registry/src/index.crates.io-1949cf8c6b5b557f/exr-1.73.0/src/lib.rs","edition":"2018","doc":true,"doctest":true,"test":true},"profile":{"opt_level":"0","debuginfo":2,"debug_assertions":true,"overflow_checks":true,"test":false},"features":[],"filenames":["/Users/bradyjeong/Documents/Projects/Amp/gta4/gta_game/target/debug/deps/libexr-af0b1f81cb0e7839.rmeta"],"executable":null,"fresh":false}
    Checking image v0.24.9
{"reason":"compiler-artifact","package_id":"registry+https://github.com/rust-lang/crates.io-index#glam@0.29.3","manifest_path":"/Users/bradyjeong/.cargo/registry/src/index.crates.io-1949cf8c6b5b557f/glam-0.29.3/Cargo.toml","target":{"kind":["lib"],"crate_types":["lib"],"name":"glam","src_path":"/Users/bradyjeong/.cargo/registry/src/index.crates.io-1949cf8c6b5b557f/glam-0.29.3/src/lib.rs","edition":"2021","doc":true,"doctest":true,"test":true},"profile":{"opt_level":"0","debuginfo":2,"debug_assertions":true,"overflow_checks":true,"test":false},"features":["bytemuck","default","nostd-libm","rand","serde","std"],"filenames":["/Users/bradyjeong/Documents/Projects/Amp/gta4/gta_game/target/debug/deps/libglam-918c07c9f65e6c68.rmeta"],"executable":null,"fresh":false}
    Checking bevy_reflect v0.16.1
    Checking encase v0.10.0
    Checking bevy_mikktspace v0.16.1
    Checking hexasphere v15.1.0
    Checking nalgebra v0.33.2
{"reason":"compiler-artifact","package_id":"registry+https://github.com/rust-lang/crates.io-index#bevy_mikktspace@0.16.1","manifest_path":"/Users/bradyjeong/.cargo/registry/src/index.crates.io-1949cf8c6b5b557f/bevy_mikktspace-0.16.1/Cargo.toml","target":{"kind":["lib"],"crate_types":["lib"],"name":"bevy_mikktspace","src_path":"/Users/bradyjeong/.cargo/registry/src/index.crates.io-1949cf8c6b5b557f/bevy_mikktspace-0.16.1/src/lib.rs","edition":"2024","doc":true,"doctest":true,"test":true},"profile":{"opt_level":"0","debuginfo":2,"debug_assertions":true,"overflow_checks":true,"test":false},"features":["default","std"],"filenames":["/Users/bradyjeong/Documents/Projects/Amp/gta4/gta_game/target/debug/deps/libbevy_mikktspace-3fc0aba21a9550fe.rmeta"],"executable":null,"fresh":false}
{"reason":"compiler-artifact","package_id":"registry+https://github.com/rust-lang/crates.io-index#hexasphere@15.1.0","manifest_path":"/Users/bradyjeong/.cargo/registry/src/index.crates.io-1949cf8c6b5b557f/hexasphere-15.1.0/Cargo.toml","target":{"kind":["lib"],"crate_types":["lib"],"name":"hexasphere","src_path":"/Users/bradyjeong/.cargo/registry/src/index.crates.io-1949cf8c6b5b557f/hexasphere-15.1.0/src/lib.rs","edition":"2021","doc":true,"doctest":true,"test":true},"profile":{"opt_level":"0","debuginfo":2,"debug_assertions":true,"overflow_checks":true,"test":false},"features":["default","std","tinyvec"],"filenames":["/Users/bradyjeong/Documents/Projects/Amp/gta4/gta_game/target/debug/deps/libhexasphere-d2b24a970eb50d89.rmeta"],"executable":null,"fresh":false}
{"reason":"compiler-artifact","package_id":"registry+https://github.com/rust-lang/crates.io-index#encase@0.10.0","manifest_path":"/Users/bradyjeong/.cargo/registry/src/index.crates.io-1949cf8c6b5b557f/encase-0.10.0/Cargo.toml","target":{"kind":["lib"],"crate_types":["lib"],"name":"encase","src_path":"/Users/bradyjeong/.cargo/registry/src/index.crates.io-1949cf8c6b5b557f/encase-0.10.0/src/lib.rs","edition":"2021","doc":true,"doctest":true,"test":true},"profile":{"opt_level":"0","debuginfo":2,"debug_assertions":true,"overflow_checks":true,"test":false},"features":["glam"],"filenames":["/Users/bradyjeong/Documents/Projects/Amp/gta4/gta_game/target/debug/deps/libencase-6c2859cf20156208.rmeta"],"executable":null,"fresh":false}
{"reason":"compiler-artifact","package_id":"registry+https://github.com/rust-lang/crates.io-index#proptest@1.7.0","manifest_path":"/Users/bradyjeong/.cargo/registry/src/index.crates.io-1949cf8c6b5b557f/proptest-1.7.0/Cargo.toml","target":{"kind":["lib"],"crate_types":["lib"],"name":"proptest","src_path":"/Users/bradyjeong/.cargo/registry/src/index.crates.io-1949cf8c6b5b557f/proptest-1.7.0/src/lib.rs","edition":"2021","doc":true,"doctest":true,"test":true},"profile":{"opt_level":"0","debuginfo":2,"debug_assertions":true,"overflow_checks":true,"test":false},"features":["bit-set","default","fork","lazy_static","regex-syntax","rusty-fork","std","tempfile","timeout"],"filenames":["/Users/bradyjeong/Documents/Projects/Amp/gta4/gta_game/target/debug/deps/libproptest-d08f1c0a77812938.rmeta"],"executable":null,"fresh":false}
{"reason":"compiler-artifact","package_id":"registry+https://github.com/rust-lang/crates.io-index#swash@0.2.5","manifest_path":"/Users/bradyjeong/.cargo/registry/src/index.crates.io-1949cf8c6b5b557f/swash-0.2.5/Cargo.toml","target":{"kind":["lib"],"crate_types":["lib"],"name":"swash","src_path":"/Users/bradyjeong/.cargo/registry/src/index.crates.io-1949cf8c6b5b557f/swash-0.2.5/src/lib.rs","edition":"2021","doc":true,"doctest":true,"test":true},"profile":{"opt_level":"0","debuginfo":2,"debug_assertions":true,"overflow_checks":true,"test":false},"features":["render","scale","std"],"filenames":["/Users/bradyjeong/Documents/Projects/Amp/gta4/gta_game/target/debug/deps/libswash-388d69c5753f8443.rmeta"],"executable":null,"fresh":false}
    Checking cosmic-text v0.13.2
{"reason":"compiler-artifact","package_id":"registry+https://github.com/rust-lang/crates.io-index#cosmic-text@0.13.2","manifest_path":"/Users/bradyjeong/.cargo/registry/src/index.crates.io-1949cf8c6b5b557f/cosmic-text-0.13.2/Cargo.toml","target":{"kind":["lib"],"crate_types":["lib"],"name":"cosmic_text","src_path":"/Users/bradyjeong/.cargo/registry/src/index.crates.io-1949cf8c6b5b557f/cosmic-text-0.13.2/src/lib.rs","edition":"2021","doc":true,"doctest":true,"test":true},"profile":{"opt_level":"0","debuginfo":2,"debug_assertions":true,"overflow_checks":true,"test":false},"features":["default","fontconfig","shape-run-cache","std","swash","sys-locale"],"filenames":["/Users/bradyjeong/Documents/Projects/Amp/gta4/gta_game/target/debug/deps/libcosmic_text-a487014f37f451ca.rmeta"],"executable":null,"fresh":false}
{"reason":"compiler-artifact","package_id":"registry+https://github.com/rust-lang/crates.io-index#image@0.24.9","manifest_path":"/Users/bradyjeong/.cargo/registry/src/index.crates.io-1949cf8c6b5b557f/image-0.24.9/Cargo.toml","target":{"kind":["lib"],"crate_types":["lib"],"name":"image","src_path":"/Users/bradyjeong/.cargo/registry/src/index.crates.io-1949cf8c6b5b557f/image-0.24.9/src/lib.rs","edition":"2021","doc":true,"doctest":true,"test":true},"profile":{"opt_level":"0","debuginfo":2,"debug_assertions":true,"overflow_checks":true,"test":false},"features":["bmp","dds","default","dxt","exr","farbfeld","gif","hdr","ico","jpeg","jpeg_rayon","openexr","png","pnm","qoi","tga","tiff","webp"],"filenames":["/Users/bradyjeong/Documents/Projects/Amp/gta4/gta_game/target/debug/deps/libimage-c468a66a7d5f5281.rmeta"],"executable":null,"fresh":false}
{"reason":"compiler-artifact","package_id":"registry+https://github.com/rust-lang/crates.io-index#objc2-app-kit@0.2.2","manifest_path":"/Users/bradyjeong/.cargo/registry/src/index.crates.io-1949cf8c6b5b557f/objc2-app-kit-0.2.2/Cargo.toml","target":{"kind":["lib"],"crate_types":["lib"],"name":"objc2_app_kit","src_path":"/Users/bradyjeong/.cargo/registry/src/index.crates.io-1949cf8c6b5b557f/objc2-app-kit-0.2.2/src/lib.rs","edition":"2021","doc":true,"doctest":true,"test":true},"profile":{"opt_level":"0","debuginfo":2,"debug_assertions":true,"overflow_checks":true,"test":false},"features":["NSAccessibility","NSAccessibilityConstants","NSAccessibilityElement","NSAccessibilityProtocols","NSAppearance","NSApplication","NSBitmapImageRep","NSButton","NSColor","NSControl","NSCursor","NSDragging","NSEvent","NSGraphics","NSGraphicsContext","NSImage","NSImageRep","NSMenu","NSMenuItem","NSOpenGLView","NSPasteboard","NSResponder","NSRunningApplication","NSScreen","NSTextInputClient","NSTextInputContext","NSView","NSWindow","NSWindowScripting","NSWindowTabGroup","alloc","bitflags","default","std"],"filenames":["/Users/bradyjeong/Documents/Projects/Amp/gta4/gta_game/target/debug/deps/libobjc2_app_kit-74cc79ea583ca67b.rmeta"],"executable":null,"fresh":false}
    Checking accesskit_macos v0.19.0
{"reason":"compiler-artifact","package_id":"registry+https://github.com/rust-lang/crates.io-index#accesskit_macos@0.19.0","manifest_path":"/Users/bradyjeong/.cargo/registry/src/index.crates.io-1949cf8c6b5b557f/accesskit_macos-0.19.0/Cargo.toml","target":{"kind":["lib"],"crate_types":["lib"],"name":"accesskit_macos","src_path":"/Users/bradyjeong/.cargo/registry/src/index.crates.io-1949cf8c6b5b557f/accesskit_macos-0.19.0/src/lib.rs","edition":"2021","doc":true,"doctest":true,"test":true},"profile":{"opt_level":"0","debuginfo":2,"debug_assertions":true,"overflow_checks":true,"test":false},"features":[],"filenames":["/Users/bradyjeong/Documents/Projects/Amp/gta4/gta_game/target/debug/deps/libaccesskit_macos-feaf819b61ce98dd.rmeta"],"executable":null,"fresh":false}
{"reason":"compiler-artifact","package_id":"registry+https://github.com/rust-lang/crates.io-index#naga@24.0.0","manifest_path":"/Users/bradyjeong/.cargo/registry/src/index.crates.io-1949cf8c6b5b557f/naga-24.0.0/Cargo.toml","target":{"kind":["lib"],"crate_types":["lib"],"name":"naga","src_path":"/Users/bradyjeong/.cargo/registry/src/index.crates.io-1949cf8c6b5b557f/naga-24.0.0/src/lib.rs","edition":"2021","doc":true,"doctest":true,"test":true},"profile":{"opt_level":"0","debuginfo":2,"debug_assertions":true,"overflow_checks":true,"test":false},"features":["compact","default","glsl-in","glsl-out","hlsl-out-if-target-windows","msl-out-if-target-apple","wgsl-in","wgsl-out"],"filenames":["/Users/bradyjeong/Documents/Projects/Amp/gta4/gta_game/target/debug/deps/libnaga-7e2bda6715cd33dd.rmeta"],"executable":null,"fresh":false}
    Checking naga_oil v0.17.1
{"reason":"compiler-artifact","package_id":"registry+https://github.com/rust-lang/crates.io-index#winit@0.30.11","manifest_path":"/Users/bradyjeong/.cargo/registry/src/index.crates.io-1949cf8c6b5b557f/winit-0.30.11/Cargo.toml","target":{"kind":["lib"],"crate_types":["lib"],"name":"winit","src_path":"/Users/bradyjeong/.cargo/registry/src/index.crates.io-1949cf8c6b5b557f/winit-0.30.11/src/lib.rs","edition":"2021","doc":true,"doctest":true,"test":true},"profile":{"opt_level":"0","debuginfo":2,"debug_assertions":true,"overflow_checks":true,"test":false},"features":["bytemuck","percent-encoding","rwh_06","x11","x11-dl","x11rb"],"filenames":["/Users/bradyjeong/Documents/Projects/Amp/gta4/gta_game/target/debug/deps/libwinit-96f38f0365b40274.rmeta"],"executable":null,"fresh":false}
    Checking accesskit_winit v0.25.0
{"reason":"compiler-artifact","package_id":"registry+https://github.com/rust-lang/crates.io-index#accesskit_winit@0.25.0","manifest_path":"/Users/bradyjeong/.cargo/registry/src/index.crates.io-1949cf8c6b5b557f/accesskit_winit-0.25.0/Cargo.toml","target":{"kind":["lib"],"crate_types":["lib"],"name":"accesskit_winit","src_path":"/Users/bradyjeong/.cargo/registry/src/index.crates.io-1949cf8c6b5b557f/accesskit_winit-0.25.0/src/lib.rs","edition":"2021","doc":true,"doctest":true,"test":true},"profile":{"opt_level":"0","debuginfo":2,"debug_assertions":true,"overflow_checks":true,"test":false},"features":["rwh_06"],"filenames":["/Users/bradyjeong/Documents/Projects/Amp/gta4/gta_game/target/debug/deps/libaccesskit_winit-33914d42524fbe37.rmeta"],"executable":null,"fresh":false}
{"reason":"compiler-artifact","package_id":"registry+https://github.com/rust-lang/crates.io-index#naga_oil@0.17.1","manifest_path":"/Users/bradyjeong/.cargo/registry/src/index.crates.io-1949cf8c6b5b557f/naga_oil-0.17.1/Cargo.toml","target":{"kind":["lib"],"crate_types":["lib"],"name":"naga_oil","src_path":"/Users/bradyjeong/.cargo/registry/src/index.crates.io-1949cf8c6b5b557f/naga_oil-0.17.1/src/lib.rs","edition":"2021","doc":true,"doctest":true,"test":true},"profile":{"opt_level":"0","debuginfo":2,"debug_assertions":true,"overflow_checks":true,"test":false},"features":["glsl","test_shader"],"filenames":["/Users/bradyjeong/Documents/Projects/Amp/gta4/gta_game/target/debug/deps/libnaga_oil-7ab5166713f7d73b.rmeta"],"executable":null,"fresh":false}
{"reason":"compiler-artifact","package_id":"registry+https://github.com/rust-lang/crates.io-index#wgpu-hal@24.0.4","manifest_path":"/Users/bradyjeong/.cargo/registry/src/index.crates.io-1949cf8c6b5b557f/wgpu-hal-24.0.4/Cargo.toml","target":{"kind":["lib"],"crate_types":["lib"],"name":"wgpu_hal","src_path":"/Users/bradyjeong/.cargo/registry/src/index.crates.io-1949cf8c6b5b557f/wgpu-hal-24.0.4/src/lib.rs","edition":"2021","doc":true,"doctest":true,"test":true},"profile":{"opt_level":"0","debuginfo":2,"debug_assertions":true,"overflow_checks":true,"test":false},"features":["dx12","fragile-send-sync-non-atomic-wasm","metal"],"filenames":["/Users/bradyjeong/Documents/Projects/Amp/gta4/gta_game/target/debug/deps/libwgpu_hal-5d51be21fb99965b.rmeta"],"executable":null,"fresh":false}
{"reason":"compiler-artifact","package_id":"registry+https://github.com/rust-lang/crates.io-index#bevy_reflect@0.16.1","manifest_path":"/Users/bradyjeong/.cargo/registry/src/index.crates.io-1949cf8c6b5b557f/bevy_reflect-0.16.1/Cargo.toml","target":{"kind":["lib"],"crate_types":["lib"],"name":"bevy_reflect","src_path":"/Users/bradyjeong/.cargo/registry/src/index.crates.io-1949cf8c6b5b557f/bevy_reflect-0.16.1/src/lib.rs","edition":"2024","doc":true,"doctest":true,"test":true},"profile":{"opt_level":"0","debuginfo":2,"debug_assertions":true,"overflow_checks":true,"test":false},"features":["debug","debug_stack","default","glam","smallvec","smol_str","std","uuid"],"filenames":["/Users/bradyjeong/Documents/Projects/Amp/gta4/gta_game/target/debug/deps/libbevy_reflect-0b17ce64aab12167.rmeta"],"executable":null,"fresh":false}
    Checking bevy_ecs v0.16.1
    Checking bevy_math v0.16.1
{"reason":"compiler-artifact","package_id":"registry+https://github.com/rust-lang/crates.io-index#nalgebra@0.33.2","manifest_path":"/Users/bradyjeong/.cargo/registry/src/index.crates.io-1949cf8c6b5b557f/nalgebra-0.33.2/Cargo.toml","target":{"kind":["lib"],"crate_types":["lib"],"name":"nalgebra","src_path":"/Users/bradyjeong/.cargo/registry/src/index.crates.io-1949cf8c6b5b557f/nalgebra-0.33.2/src/lib.rs","edition":"2018","doc":true,"doctest":true,"test":true},"profile":{"opt_level":"0","debuginfo":2,"debug_assertions":true,"overflow_checks":true,"test":false},"features":["alloc","convert-glam029","default","glam029","libm","macros","matrixmultiply","nalgebra-macros","std"],"filenames":["/Users/bradyjeong/Documents/Projects/Amp/gta4/gta_game/target/debug/deps/libnalgebra-c8bc361dc970ac0e.rmeta"],"executable":null,"fresh":false}
    Checking parry3d v0.20.2
{"reason":"compiler-message","package_id":"path+file:///Users/bradyjeong/Documents/Projects/Amp/gta4/gta_game/engine_core#0.1.0","manifest_path":"/Users/bradyjeong/Documents/Projects/Amp/gta4/gta_game/engine_core/Cargo.toml","target":{"kind":["test"],"crate_types":["bin"],"name":"math_property_tests","src_path":"/Users/bradyjeong/Documents/Projects/Amp/gta4/gta_game/engine_core/tests/math_property_tests.rs","edition":"2021","doc":false,"doctest":false,"test":true},"message":{"rendered":"warning: unnecessary parentheses around function argument\n  --> engine_core/tests/math_property_tests.rs:76:27\n   |\n76 |     prop::array::uniform3((-1000.0f32..1000.0f32))\n   |                           ^                     ^\n   |\n   = note: `#[warn(unused_parens)]` on by default\nhelp: remove these parentheses\n   |\n76 -     prop::array::uniform3((-1000.0f32..1000.0f32))\n76 +     prop::array::uniform3(-1000.0f32..1000.0f32)\n   |\n\n","$message_type":"diagnostic","children":[{"children":[],"code":null,"level":"note","message":"`#[warn(unused_parens)]` on by default","rendered":null,"spans":[]},{"children":[],"code":null,"level":"help","message":"remove these parentheses","rendered":null,"spans":[{"byte_end":2112,"byte_start":2111,"column_end":28,"column_start":27,"expansion":null,"file_name":"engine_core/tests/math_property_tests.rs","is_primary":true,"label":null,"line_end":76,"line_start":76,"suggested_replacement":"","suggestion_applicability":"MachineApplicable","text":[{"highlight_end":28,"highlight_start":27,"text":"    prop::array::uniform3((-1000.0f32..1000.0f32))"}]},{"byte_end":2134,"byte_start":2133,"column_end":50,"column_start":49,"expansion":null,"file_name":"engine_core/tests/math_property_tests.rs","is_primary":true,"label":null,"line_end":76,"line_start":76,"suggested_replacement":"","suggestion_applicability":"MachineApplicable","text":[{"highlight_end":50,"highlight_start":49,"text":"    prop::array::uniform3((-1000.0f32..1000.0f32))"}]}]}],"code":{"code":"unused_parens","explanation":null},"level":"warning","message":"unnecessary parentheses around function argument","spans":[{"byte_end":2112,"byte_start":2111,"column_end":28,"column_start":27,"expansion":null,"file_name":"engine_core/tests/math_property_tests.rs","is_primary":true,"label":null,"line_end":76,"line_start":76,"suggested_replacement":null,"suggestion_applicability":null,"text":[{"highlight_end":28,"highlight_start":27,"text":"    prop::array::uniform3((-1000.0f32..1000.0f32))"}]},{"byte_end":2134,"byte_start":2133,"column_end":50,"column_start":49,"expansion":null,"file_name":"engine_core/tests/math_property_tests.rs","is_primary":true,"label":null,"line_end":76,"line_start":76,"suggested_replacement":null,"suggestion_applicability":null,"text":[{"highlight_end":50,"highlight_start":49,"text":"    prop::array::uniform3((-1000.0f32..1000.0f32))"}]}]}}
{"reason":"compiler-message","package_id":"path+file:///Users/bradyjeong/Documents/Projects/Amp/gta4/gta_game/engine_core#0.1.0","manifest_path":"/Users/bradyjeong/Documents/Projects/Amp/gta4/gta_game/engine_core/Cargo.toml","target":{"kind":["test"],"crate_types":["bin"],"name":"math_property_tests","src_path":"/Users/bradyjeong/Documents/Projects/Amp/gta4/gta_game/engine_core/tests/math_property_tests.rs","edition":"2021","doc":false,"doctest":false,"test":true},"message":{"rendered":"warning: unnecessary parentheses around block return value\n  --> engine_core/tests/math_property_tests.rs:84:5\n   |\n84 |     (-1000.0f32..1000.0f32)\n   |     ^                     ^\n   |\nhelp: remove these parentheses\n   |\n84 -     (-1000.0f32..1000.0f32)\n84 +     -1000.0f32..1000.0f32\n   |\n\n","$message_type":"diagnostic","children":[{"children":[],"code":null,"level":"help","message":"remove these parentheses","rendered":null,"spans":[{"byte_end":2342,"byte_start":2341,"column_end":6,"column_start":5,"expansion":null,"file_name":"engine_core/tests/math_property_tests.rs","is_primary":true,"label":null,"line_end":84,"line_start":84,"suggested_replacement":"","suggestion_applicability":"MachineApplicable","text":[{"highlight_end":6,"highlight_start":5,"text":"    (-1000.0f32..1000.0f32)"}]},{"byte_end":2364,"byte_start":2363,"column_end":28,"column_start":27,"expansion":null,"file_name":"engine_core/tests/math_property_tests.rs","is_primary":true,"label":null,"line_end":84,"line_start":84,"suggested_replacement":"","suggestion_applicability":"MachineApplicable","text":[{"highlight_end":28,"highlight_start":27,"text":"    (-1000.0f32..1000.0f32)"}]}]}],"code":{"code":"unused_parens","explanation":null},"level":"warning","message":"unnecessary parentheses around block return value","spans":[{"byte_end":2342,"byte_start":2341,"column_end":6,"column_start":5,"expansion":null,"file_name":"engine_core/tests/math_property_tests.rs","is_primary":true,"label":null,"line_end":84,"line_start":84,"suggested_replacement":null,"suggestion_applicability":null,"text":[{"highlight_end":6,"highlight_start":5,"text":"    (-1000.0f32..1000.0f32)"}]},{"byte_end":2364,"byte_start":2363,"column_end":28,"column_start":27,"expansion":null,"file_name":"engine_core/tests/math_property_tests.rs","is_primary":true,"label":null,"line_end":84,"line_start":84,"suggested_replacement":null,"suggestion_applicability":null,"text":[{"highlight_end":28,"highlight_start":27,"text":"    (-1000.0f32..1000.0f32)"}]}]}}
{"reason":"compiler-message","package_id":"path+file:///Users/bradyjeong/Documents/Projects/Amp/gta4/gta_game/engine_core#0.1.0","manifest_path":"/Users/bradyjeong/Documents/Projects/Amp/gta4/gta_game/engine_core/Cargo.toml","target":{"kind":["test"],"crate_types":["bin"],"name":"math_property_tests","src_path":"/Users/bradyjeong/Documents/Projects/Amp/gta4/gta_game/engine_core/tests/math_property_tests.rs","edition":"2021","doc":false,"doctest":false,"test":true},"message":{"rendered":"warning: unnecessary parentheses around function argument\n  --> engine_core/tests/math_property_tests.rs:89:9\n   |\n89 |         (-100.0f32..100.0f32)\n   |         ^                   ^\n   |\nhelp: remove these parentheses\n   |\n89 -         (-100.0f32..100.0f32)\n89 +         -100.0f32..100.0f32\n   |\n\n","$message_type":"diagnostic","children":[{"children":[],"code":null,"level":"help","message":"remove these parentheses","rendered":null,"spans":[{"byte_end":2489,"byte_start":2488,"column_end":10,"column_start":9,"expansion":null,"file_name":"engine_core/tests/math_property_tests.rs","is_primary":true,"label":null,"line_end":89,"line_start":89,"suggested_replacement":"","suggestion_applicability":"MachineApplicable","text":[{"highlight_end":10,"highlight_start":9,"text":"        (-100.0f32..100.0f32)"}]},{"byte_end":2509,"byte_start":2508,"column_end":30,"column_start":29,"expansion":null,"file_name":"engine_core/tests/math_property_tests.rs","is_primary":true,"label":null,"line_end":89,"line_start":89,"suggested_replacement":"","suggestion_applicability":"MachineApplicable","text":[{"highlight_end":30,"highlight_start":29,"text":"        (-100.0f32..100.0f32)"}]}]}],"code":{"code":"unused_parens","explanation":null},"level":"warning","message":"unnecessary parentheses around function argument","spans":[{"byte_end":2489,"byte_start":2488,"column_end":10,"column_start":9,"expansion":null,"file_name":"engine_core/tests/math_property_tests.rs","is_primary":true,"label":null,"line_end":89,"line_start":89,"suggested_replacement":null,"suggestion_applicability":null,"text":[{"highlight_end":10,"highlight_start":9,"text":"        (-100.0f32..100.0f32)"}]},{"byte_end":2509,"byte_start":2508,"column_end":30,"column_start":29,"expansion":null,"file_name":"engine_core/tests/math_property_tests.rs","is_primary":true,"label":null,"line_end":89,"line_start":89,"suggested_replacement":null,"suggestion_applicability":null,"text":[{"highlight_end":30,"highlight_start":29,"text":"        (-100.0f32..100.0f32)"}]}]}}
{"reason":"compiler-artifact","package_id":"path+file:///Users/bradyjeong/Documents/Projects/Amp/gta4/gta_game/engine_core#0.1.0","manifest_path":"/Users/bradyjeong/Documents/Projects/Amp/gta4/gta_game/engine_core/Cargo.toml","target":{"kind":["lib"],"crate_types":["lib"],"name":"engine_core","src_path":"/Users/bradyjeong/Documents/Projects/Amp/gta4/gta_game/engine_core/src/lib.rs","edition":"2021","doc":true,"doctest":true,"test":true},"profile":{"opt_level":"0","debuginfo":2,"debug_assertions":true,"overflow_checks":true,"test":true},"features":[],"filenames":["/Users/bradyjeong/Documents/Projects/Amp/gta4/gta_game/target/debug/deps/libengine_core-3441aa05b9f4729d.rmeta"],"executable":null,"fresh":false}
{"reason":"compiler-message","package_id":"path+file:///Users/bradyjeong/Documents/Projects/Amp/gta4/gta_game/engine_core#0.1.0","manifest_path":"/Users/bradyjeong/Documents/Projects/Amp/gta4/gta_game/engine_core/Cargo.toml","target":{"kind":["test"],"crate_types":["bin"],"name":"timing_property_tests","src_path":"/Users/bradyjeong/Documents/Projects/Amp/gta4/gta_game/engine_core/tests/timing_property_tests.rs","edition":"2021","doc":false,"doctest":false,"test":true},"message":{"rendered":"warning: value assigned to `time_before_zeros` is never read\n   --> engine_core/tests/timing_property_tests.rs:258:17\n    |\n258 |         let mut time_before_zeros = 0.0;\n    |                 ^^^^^^^^^^^^^^^^^\n    |\n    = help: maybe it is overwritten before being read?\n    = note: `#[warn(unused_assignments)]` on by default\n\n","$message_type":"diagnostic","children":[{"children":[],"code":null,"level":"help","message":"maybe it is overwritten before being read?","rendered":null,"spans":[]},{"children":[],"code":null,"level":"note","message":"`#[warn(unused_assignments)]` on by default","rendered":null,"spans":[]}],"code":{"code":"unused_assignments","explanation":null},"level":"warning","message":"value assigned to `time_before_zeros` is never read","spans":[{"byte_end":9677,"byte_start":9660,"column_end":34,"column_start":17,"expansion":null,"file_name":"engine_core/tests/timing_property_tests.rs","is_primary":true,"label":null,"line_end":258,"line_start":258,"suggested_replacement":null,"suggestion_applicability":null,"text":[{"highlight_end":34,"highlight_start":17,"text":"        let mut time_before_zeros = 0.0;"}]}]}}
{"reason":"compiler-artifact","package_id":"path+file:///Users/bradyjeong/Documents/Projects/Amp/gta4/gta_game/engine_core#0.1.0","manifest_path":"/Users/bradyjeong/Documents/Projects/Amp/gta4/gta_game/engine_core/Cargo.toml","target":{"kind":["test"],"crate_types":["bin"],"name":"timing_property_tests","src_path":"/Users/bradyjeong/Documents/Projects/Amp/gta4/gta_game/engine_core/tests/timing_property_tests.rs","edition":"2021","doc":false,"doctest":false,"test":true},"profile":{"opt_level":"0","debuginfo":2,"debug_assertions":true,"overflow_checks":true,"test":true},"features":[],"filenames":["/Users/bradyjeong/Documents/Projects/Amp/gta4/gta_game/target/debug/deps/libtiming_property_tests-57bc7424bb6cdd5e.rmeta"],"executable":null,"fresh":false}
{"reason":"compiler-artifact","package_id":"path+file:///Users/bradyjeong/Documents/Projects/Amp/gta4/gta_game/engine_core#0.1.0","manifest_path":"/Users/bradyjeong/Documents/Projects/Amp/gta4/gta_game/engine_core/Cargo.toml","target":{"kind":["test"],"crate_types":["bin"],"name":"math_property_tests","src_path":"/Users/bradyjeong/Documents/Projects/Amp/gta4/gta_game/engine_core/tests/math_property_tests.rs","edition":"2021","doc":false,"doctest":false,"test":true},"profile":{"opt_level":"0","debuginfo":2,"debug_assertions":true,"overflow_checks":true,"test":true},"features":[],"filenames":["/Users/bradyjeong/Documents/Projects/Amp/gta4/gta_game/target/debug/deps/libmath_property_tests-8f57c60e9e97fcbf.rmeta"],"executable":null,"fresh":false}
{"reason":"compiler-artifact","package_id":"registry+https://github.com/rust-lang/crates.io-index#wgpu-core@24.0.5","manifest_path":"/Users/bradyjeong/.cargo/registry/src/index.crates.io-1949cf8c6b5b557f/wgpu-core-24.0.5/Cargo.toml","target":{"kind":["lib"],"crate_types":["lib"],"name":"wgpu_core","src_path":"/Users/bradyjeong/.cargo/registry/src/index.crates.io-1949cf8c6b5b557f/wgpu-core-24.0.5/src/lib.rs","edition":"2021","doc":true,"doctest":true,"test":true},"profile":{"opt_level":"0","debuginfo":2,"debug_assertions":true,"overflow_checks":true,"test":false},"features":["dx12","fragile-send-sync-non-atomic-wasm","indirect-validation","metal","raw-window-handle","wgsl"],"filenames":["/Users/bradyjeong/Documents/Projects/Amp/gta4/gta_game/target/debug/deps/libwgpu_core-3e2d8a0f3514d741.rmeta"],"executable":null,"fresh":false}
{"reason":"compiler-artifact","package_id":"registry+https://github.com/rust-lang/crates.io-index#parry3d@0.20.2","manifest_path":"/Users/bradyjeong/.cargo/registry/src/index.crates.io-1949cf8c6b5b557f/parry3d-0.20.2/Cargo.toml","target":{"kind":["lib"],"crate_types":["lib"],"name":"parry3d","src_path":"/Users/bradyjeong/.cargo/registry/src/index.crates.io-1949cf8c6b5b557f/parry3d-0.20.2/src/lib.rs","edition":"2021","doc":true,"doctest":true,"test":true},"profile":{"opt_level":"0","debuginfo":2,"debug_assertions":true,"overflow_checks":true,"test":false},"features":["alloc","default","dim3","ena","f32","hashbrown","required-features","slab","spade","std"],"filenames":["/Users/bradyjeong/Documents/Projects/Amp/gta4/gta_game/target/debug/deps/libparry3d-5df71f5e550f12bf.rmeta"],"executable":null,"fresh":false}
    Checking rapier3d v0.25.1
{"reason":"compiler-artifact","package_id":"registry+https://github.com/rust-lang/crates.io-index#wgpu@24.0.5","manifest_path":"/Users/bradyjeong/.cargo/registry/src/index.crates.io-1949cf8c6b5b557f/wgpu-24.0.5/Cargo.toml","target":{"kind":["lib"],"crate_types":["lib"],"name":"wgpu","src_path":"/Users/bradyjeong/.cargo/registry/src/index.crates.io-1949cf8c6b5b557f/wgpu-24.0.5/src/lib.rs","edition":"2021","doc":true,"doctest":true,"test":true},"profile":{"opt_level":"0","debuginfo":2,"debug_assertions":true,"overflow_checks":true,"test":false},"features":["dx12","fragile-send-sync-non-atomic-wasm","metal","naga-ir","wgc","wgsl"],"filenames":["/Users/bradyjeong/Documents/Projects/Amp/gta4/gta_game/target/debug/deps/libwgpu-45f66e57c95dfb88.rmeta"],"executable":null,"fresh":false}
{"reason":"compiler-artifact","package_id":"registry+https://github.com/rust-lang/crates.io-index#bevy_math@0.16.1","manifest_path":"/Users/bradyjeong/.cargo/registry/src/index.crates.io-1949cf8c6b5b557f/bevy_math-0.16.1/Cargo.toml","target":{"kind":["lib"],"crate_types":["lib"],"name":"bevy_math","src_path":"/Users/bradyjeong/.cargo/registry/src/index.crates.io-1949cf8c6b5b557f/bevy_math-0.16.1/src/lib.rs","edition":"2024","doc":true,"doctest":true,"test":true},"profile":{"opt_level":"0","debuginfo":2,"debug_assertions":true,"overflow_checks":true,"test":false},"features":["alloc","bevy_reflect","curve","default","nostd-libm","rand","serialize","std"],"filenames":["/Users/bradyjeong/Documents/Projects/Amp/gta4/gta_game/target/debug/deps/libbevy_math-d726ec26b02bc8ab.rmeta"],"executable":null,"fresh":false}
    Checking bevy_color v0.16.2
{"reason":"compiler-artifact","package_id":"registry+https://github.com/rust-lang/crates.io-index#bevy_color@0.16.2","manifest_path":"/Users/bradyjeong/.cargo/registry/src/index.crates.io-1949cf8c6b5b557f/bevy_color-0.16.2/Cargo.toml","target":{"kind":["lib"],"crate_types":["lib"],"name":"bevy_color","src_path":"/Users/bradyjeong/.cargo/registry/src/index.crates.io-1949cf8c6b5b557f/bevy_color-0.16.2/src/lib.rs","edition":"2024","doc":true,"doctest":true,"test":true},"profile":{"opt_level":"0","debuginfo":2,"debug_assertions":true,"overflow_checks":true,"test":false},"features":["alloc","bevy_reflect","default","encase","serde","serialize","std","wgpu-types"],"filenames":["/Users/bradyjeong/Documents/Projects/Amp/gta4/gta_game/target/debug/deps/libbevy_color-67ff7800774a643f.rmeta"],"executable":null,"fresh":false}
{"reason":"compiler-artifact","package_id":"registry+https://github.com/rust-lang/crates.io-index#rapier3d@0.25.1","manifest_path":"/Users/bradyjeong/.cargo/registry/src/index.crates.io-1949cf8c6b5b557f/rapier3d-0.25.1/Cargo.toml","target":{"kind":["lib"],"crate_types":["lib"],"name":"rapier3d","src_path":"/Users/bradyjeong/.cargo/registry/src/index.crates.io-1949cf8c6b5b557f/rapier3d-0.25.1/src/lib.rs","edition":"2021","doc":true,"doctest":true,"test":true},"profile":{"opt_level":"0","debuginfo":2,"debug_assertions":true,"overflow_checks":true,"test":false},"features":["debug-render","default","dim3","f32"],"filenames":["/Users/bradyjeong/Documents/Projects/Amp/gta4/gta_game/target/debug/deps/librapier3d-a10a39f80117445c.rmeta"],"executable":null,"fresh":false}
{"reason":"compiler-artifact","package_id":"registry+https://github.com/rust-lang/crates.io-index#bevy_ecs@0.16.1","manifest_path":"/Users/bradyjeong/.cargo/registry/src/index.crates.io-1949cf8c6b5b557f/bevy_ecs-0.16.1/Cargo.toml","target":{"kind":["lib"],"crate_types":["lib"],"name":"bevy_ecs","src_path":"/Users/bradyjeong/.cargo/registry/src/index.crates.io-1949cf8c6b5b557f/bevy_ecs-0.16.1/src/lib.rs","edition":"2024","doc":true,"doctest":true,"test":true},"profile":{"opt_level":"0","debuginfo":2,"debug_assertions":true,"overflow_checks":true,"test":false},"features":["async_executor","backtrace","bevy_reflect","default","serialize","std"],"filenames":["/Users/bradyjeong/Documents/Projects/Amp/gta4/gta_game/target/debug/deps/libbevy_ecs-e8572904574ee3ae.rmeta"],"executable":null,"fresh":false}
    Checking bevy_app v0.16.1
{"reason":"compiler-artifact","package_id":"registry+https://github.com/rust-lang/crates.io-index#bevy_app@0.16.1","manifest_path":"/Users/bradyjeong/.cargo/registry/src/index.crates.io-1949cf8c6b5b557f/bevy_app-0.16.1/Cargo.toml","target":{"kind":["lib"],"crate_types":["lib"],"name":"bevy_app","src_path":"/Users/bradyjeong/.cargo/registry/src/index.crates.io-1949cf8c6b5b557f/bevy_app-0.16.1/src/lib.rs","edition":"2024","doc":true,"doctest":true,"test":true},"profile":{"opt_level":"0","debuginfo":2,"debug_assertions":true,"overflow_checks":true,"test":false},"features":["bevy_reflect","default","error_panic_hook","std"],"filenames":["/Users/bradyjeong/Documents/Projects/Amp/gta4/gta_game/target/debug/deps/libbevy_app-ca2b29c4aaa5e336.rmeta"],"executable":null,"fresh":false}
    Checking bevy_log v0.16.1
    Checking bevy_input v0.16.1
    Checking bevy_asset v0.16.1
    Checking bevy_time v0.16.1
    Checking bevy_a11y v0.16.1
    Checking bevy_state v0.16.1
{"reason":"compiler-artifact","package_id":"registry+https://github.com/rust-lang/crates.io-index#bevy_log@0.16.1","manifest_path":"/Users/bradyjeong/.cargo/registry/src/index.crates.io-1949cf8c6b5b557f/bevy_log-0.16.1/Cargo.toml","target":{"kind":["lib"],"crate_types":["lib"],"name":"bevy_log","src_path":"/Users/bradyjeong/.cargo/registry/src/index.crates.io-1949cf8c6b5b557f/bevy_log-0.16.1/src/lib.rs","edition":"2024","doc":true,"doctest":true,"test":true},"profile":{"opt_level":"0","debuginfo":2,"debug_assertions":true,"overflow_checks":true,"test":false},"features":[],"filenames":["/Users/bradyjeong/Documents/Projects/Amp/gta4/gta_game/target/debug/deps/libbevy_log-f04832b12c65184a.rmeta"],"executable":null,"fresh":false}
    Checking bevy_transform v0.16.1
{"reason":"compiler-artifact","package_id":"registry+https://github.com/rust-lang/crates.io-index#bevy_a11y@0.16.1","manifest_path":"/Users/bradyjeong/.cargo/registry/src/index.crates.io-1949cf8c6b5b557f/bevy_a11y-0.16.1/Cargo.toml","target":{"kind":["lib"],"crate_types":["lib"],"name":"bevy_a11y","src_path":"/Users/bradyjeong/.cargo/registry/src/index.crates.io-1949cf8c6b5b557f/bevy_a11y-0.16.1/src/lib.rs","edition":"2024","doc":true,"doctest":true,"test":true},"profile":{"opt_level":"0","debuginfo":2,"debug_assertions":true,"overflow_checks":true,"test":false},"features":["bevy_reflect","default","serialize","std"],"filenames":["/Users/bradyjeong/Documents/Projects/Amp/gta4/gta_game/target/debug/deps/libbevy_a11y-c5afef6043b042d3.rmeta"],"executable":null,"fresh":false}
{"reason":"compiler-artifact","package_id":"registry+https://github.com/rust-lang/crates.io-index#bevy_time@0.16.1","manifest_path":"/Users/bradyjeong/.cargo/registry/src/index.crates.io-1949cf8c6b5b557f/bevy_time-0.16.1/Cargo.toml","target":{"kind":["lib"],"crate_types":["lib"],"name":"bevy_time","src_path":"/Users/bradyjeong/.cargo/registry/src/index.crates.io-1949cf8c6b5b557f/bevy_time-0.16.1/src/lib.rs","edition":"2024","doc":true,"doctest":true,"test":true},"profile":{"opt_level":"0","debuginfo":2,"debug_assertions":true,"overflow_checks":true,"test":false},"features":["bevy_reflect","default","serialize","std"],"filenames":["/Users/bradyjeong/Documents/Projects/Amp/gta4/gta_game/target/debug/deps/libbevy_time-13b4476dab5e37f4.rmeta"],"executable":null,"fresh":false}
    Checking bevy_diagnostic v0.16.1
{"reason":"compiler-artifact","package_id":"registry+https://github.com/rust-lang/crates.io-index#bevy_transform@0.16.1","manifest_path":"/Users/bradyjeong/.cargo/registry/src/index.crates.io-1949cf8c6b5b557f/bevy_transform-0.16.1/Cargo.toml","target":{"kind":["lib"],"crate_types":["lib"],"name":"bevy_transform","src_path":"/Users/bradyjeong/.cargo/registry/src/index.crates.io-1949cf8c6b5b557f/bevy_transform-0.16.1/src/lib.rs","edition":"2024","doc":true,"doctest":true,"test":true},"profile":{"opt_level":"0","debuginfo":2,"debug_assertions":true,"overflow_checks":true,"test":false},"features":["alloc","async_executor","bevy-support","bevy_log","bevy_reflect","bevy_utils","default","serialize","std"],"filenames":["/Users/bradyjeong/Documents/Projects/Amp/gta4/gta_game/target/debug/deps/libbevy_transform-0c64af5e8112dfce.rmeta"],"executable":null,"fresh":false}
{"reason":"compiler-artifact","package_id":"registry+https://github.com/rust-lang/crates.io-index#bevy_diagnostic@0.16.1","manifest_path":"/Users/bradyjeong/.cargo/registry/src/index.crates.io-1949cf8c6b5b557f/bevy_diagnostic-0.16.1/Cargo.toml","target":{"kind":["lib"],"crate_types":["lib"],"name":"bevy_diagnostic","src_path":"/Users/bradyjeong/.cargo/registry/src/index.crates.io-1949cf8c6b5b557f/bevy_diagnostic-0.16.1/src/lib.rs","edition":"2024","doc":true,"doctest":true,"test":true},"profile":{"opt_level":"0","debuginfo":2,"debug_assertions":true,"overflow_checks":true,"test":false},"features":["default","std"],"filenames":["/Users/bradyjeong/Documents/Projects/Amp/gta4/gta_game/target/debug/deps/libbevy_diagnostic-0a832d46f4ef5c6b.rmeta"],"executable":null,"fresh":false}
{"reason":"compiler-artifact","package_id":"registry+https://github.com/rust-lang/crates.io-index#bevy_input@0.16.1","manifest_path":"/Users/bradyjeong/.cargo/registry/src/index.crates.io-1949cf8c6b5b557f/bevy_input-0.16.1/Cargo.toml","target":{"kind":["lib"],"crate_types":["lib"],"name":"bevy_input","src_path":"/Users/bradyjeong/.cargo/registry/src/index.crates.io-1949cf8c6b5b557f/bevy_input-0.16.1/src/lib.rs","edition":"2024","doc":true,"doctest":true,"test":true},"profile":{"opt_level":"0","debuginfo":2,"debug_assertions":true,"overflow_checks":true,"test":false},"features":["bevy_reflect","default","serde","serialize","smol_str","std"],"filenames":["/Users/bradyjeong/Documents/Projects/Amp/gta4/gta_game/target/debug/deps/libbevy_input-376fb12917a994ca.rmeta"],"executable":null,"fresh":false}
    Checking bevy_window v0.16.1
{"reason":"compiler-artifact","package_id":"registry+https://github.com/rust-lang/crates.io-index#bevy_asset@0.16.1","manifest_path":"/Users/bradyjeong/.cargo/registry/src/index.crates.io-1949cf8c6b5b557f/bevy_asset-0.16.1/Cargo.toml","target":{"kind":["lib"],"crate_types":["lib"],"name":"bevy_asset","src_path":"/Users/bradyjeong/.cargo/registry/src/index.crates.io-1949cf8c6b5b557f/bevy_asset-0.16.1/src/lib.rs","edition":"2024","doc":true,"doctest":true,"test":true},"profile":{"opt_level":"0","debuginfo":2,"debug_assertions":true,"overflow_checks":true,"test":false},"features":[],"filenames":["/Users/bradyjeong/Documents/Projects/Amp/gta4/gta_game/target/debug/deps/libbevy_asset-f52316b4b032cfbb.rmeta"],"executable":null,"fresh":false}
    Checking bevy_image v0.16.1
{"reason":"compiler-artifact","package_id":"registry+https://github.com/rust-lang/crates.io-index#bevy_image@0.16.1","manifest_path":"/Users/bradyjeong/.cargo/registry/src/index.crates.io-1949cf8c6b5b557f/bevy_image-0.16.1/Cargo.toml","target":{"kind":["lib"],"crate_types":["lib"],"name":"bevy_image","src_path":"/Users/bradyjeong/.cargo/registry/src/index.crates.io-1949cf8c6b5b557f/bevy_image-0.16.1/src/lib.rs","edition":"2024","doc":true,"doctest":true,"test":true},"profile":{"opt_level":"0","debuginfo":2,"debug_assertions":true,"overflow_checks":true,"test":false},"features":["bevy_reflect","default","serialize"],"filenames":["/Users/bradyjeong/Documents/Projects/Amp/gta4/gta_game/target/debug/deps/libbevy_image-7f95aed55580942c.rmeta"],"executable":null,"fresh":false}
    Checking bevy_mesh v0.16.1
{"reason":"compiler-artifact","package_id":"registry+https://github.com/rust-lang/crates.io-index#bevy_window@0.16.1","manifest_path":"/Users/bradyjeong/.cargo/registry/src/index.crates.io-1949cf8c6b5b557f/bevy_window-0.16.1/Cargo.toml","target":{"kind":["lib"],"crate_types":["lib"],"name":"bevy_window","src_path":"/Users/bradyjeong/.cargo/registry/src/index.crates.io-1949cf8c6b5b557f/bevy_window-0.16.1/src/lib.rs","edition":"2024","doc":true,"doctest":true,"test":true},"profile":{"opt_level":"0","debuginfo":2,"debug_assertions":true,"overflow_checks":true,"test":false},"features":["bevy_reflect","default","serde","serialize","std"],"filenames":["/Users/bradyjeong/Documents/Projects/Amp/gta4/gta_game/target/debug/deps/libbevy_window-bfa383ea206d5ce5.rmeta"],"executable":null,"fresh":false}
    Checking bevy_input_focus v0.16.1
{"reason":"compiler-artifact","package_id":"registry+https://github.com/rust-lang/crates.io-index#bevy_input_focus@0.16.1","manifest_path":"/Users/bradyjeong/.cargo/registry/src/index.crates.io-1949cf8c6b5b557f/bevy_input_focus-0.16.1/Cargo.toml","target":{"kind":["lib"],"crate_types":["lib"],"name":"bevy_input_focus","src_path":"/Users/bradyjeong/.cargo/registry/src/index.crates.io-1949cf8c6b5b557f/bevy_input_focus-0.16.1/src/lib.rs","edition":"2024","doc":true,"doctest":true,"test":true},"profile":{"opt_level":"0","debuginfo":2,"debug_assertions":true,"overflow_checks":true,"test":false},"features":["bevy_reflect","default","std"],"filenames":["/Users/bradyjeong/Documents/Projects/Amp/gta4/gta_game/target/debug/deps/libbevy_input_focus-007d2e6431411eeb.rmeta"],"executable":null,"fresh":false}
    Checking bevy_winit v0.16.1
{"reason":"compiler-artifact","package_id":"registry+https://github.com/rust-lang/crates.io-index#bevy_mesh@0.16.1","manifest_path":"/Users/bradyjeong/.cargo/registry/src/index.crates.io-1949cf8c6b5b557f/bevy_mesh-0.16.1/Cargo.toml","target":{"kind":["lib"],"crate_types":["lib"],"name":"bevy_mesh","src_path":"/Users/bradyjeong/.cargo/registry/src/index.crates.io-1949cf8c6b5b557f/bevy_mesh-0.16.1/src/lib.rs","edition":"2024","doc":true,"doctest":true,"test":true},"profile":{"opt_level":"0","debuginfo":2,"debug_assertions":true,"overflow_checks":true,"test":false},"features":[],"filenames":["/Users/bradyjeong/Documents/Projects/Amp/gta4/gta_game/target/debug/deps/libbevy_mesh-847dfe48c114757c.rmeta"],"executable":null,"fresh":false}
    Checking bevy_render v0.16.1
{"reason":"compiler-artifact","package_id":"registry+https://github.com/rust-lang/crates.io-index#bevy_winit@0.16.1","manifest_path":"/Users/bradyjeong/.cargo/registry/src/index.crates.io-1949cf8c6b5b557f/bevy_winit-0.16.1/Cargo.toml","target":{"kind":["lib"],"crate_types":["lib"],"name":"bevy_winit","src_path":"/Users/bradyjeong/.cargo/registry/src/index.crates.io-1949cf8c6b5b557f/bevy_winit-0.16.1/src/lib.rs","edition":"2024","doc":true,"doctest":true,"test":true},"profile":{"opt_level":"0","debuginfo":2,"debug_assertions":true,"overflow_checks":true,"test":false},"features":["serde","serialize","x11"],"filenames":["/Users/bradyjeong/Documents/Projects/Amp/gta4/gta_game/target/debug/deps/libbevy_winit-9bee87132ce11455.rmeta"],"executable":null,"fresh":false}
{"reason":"compiler-artifact","package_id":"registry+https://github.com/rust-lang/crates.io-index#bevy_state@0.16.1","manifest_path":"/Users/bradyjeong/.cargo/registry/src/index.crates.io-1949cf8c6b5b557f/bevy_state-0.16.1/Cargo.toml","target":{"kind":["lib"],"crate_types":["lib"],"name":"bevy_state","src_path":"/Users/bradyjeong/.cargo/registry/src/index.crates.io-1949cf8c6b5b557f/bevy_state-0.16.1/src/lib.rs","edition":"2024","doc":true,"doctest":true,"test":true},"profile":{"opt_level":"0","debuginfo":2,"debug_assertions":true,"overflow_checks":true,"test":false},"features":["bevy_app","bevy_reflect","std"],"filenames":["/Users/bradyjeong/Documents/Projects/Amp/gta4/gta_game/target/debug/deps/libbevy_state-e37054938db4c9a8.rmeta"],"executable":null,"fresh":false}
{"reason":"compiler-artifact","package_id":"registry+https://github.com/rust-lang/crates.io-index#bevy_render@0.16.1","manifest_path":"/Users/bradyjeong/.cargo/registry/src/index.crates.io-1949cf8c6b5b557f/bevy_render-0.16.1/Cargo.toml","target":{"kind":["lib"],"crate_types":["lib"],"name":"bevy_render","src_path":"/Users/bradyjeong/.cargo/registry/src/index.crates.io-1949cf8c6b5b557f/bevy_render-0.16.1/src/lib.rs","edition":"2024","doc":true,"doctest":true,"test":true},"profile":{"opt_level":"0","debuginfo":2,"debug_assertions":true,"overflow_checks":true,"test":false},"features":["shader_format_glsl"],"filenames":["/Users/bradyjeong/Documents/Projects/Amp/gta4/gta_game/target/debug/deps/libbevy_render-0f79728aac03533c.rmeta"],"executable":null,"fresh":false}
    Checking bevy_core_pipeline v0.16.1
    Checking bevy_scene v0.16.1
    Checking bevy_picking v0.16.1
{"reason":"compiler-artifact","package_id":"registry+https://github.com/rust-lang/crates.io-index#bevy_scene@0.16.1","manifest_path":"/Users/bradyjeong/.cargo/registry/src/index.crates.io-1949cf8c6b5b557f/bevy_scene-0.16.1/Cargo.toml","target":{"kind":["lib"],"crate_types":["lib"],"name":"bevy_scene","src_path":"/Users/bradyjeong/.cargo/registry/src/index.crates.io-1949cf8c6b5b557f/bevy_scene-0.16.1/src/lib.rs","edition":"2024","doc":true,"doctest":true,"test":true},"profile":{"opt_level":"0","debuginfo":2,"debug_assertions":true,"overflow_checks":true,"test":false},"features":["bevy_render","default","serialize"],"filenames":["/Users/bradyjeong/Documents/Projects/Amp/gta4/gta_game/target/debug/deps/libbevy_scene-e87e14324cb7b918.rmeta"],"executable":null,"fresh":false}
{"reason":"compiler-artifact","package_id":"registry+https://github.com/rust-lang/crates.io-index#bevy_picking@0.16.1","manifest_path":"/Users/bradyjeong/.cargo/registry/src/index.crates.io-1949cf8c6b5b557f/bevy_picking-0.16.1/Cargo.toml","target":{"kind":["lib"],"crate_types":["lib"],"name":"bevy_picking","src_path":"/Users/bradyjeong/.cargo/registry/src/index.crates.io-1949cf8c6b5b557f/bevy_picking-0.16.1/src/lib.rs","edition":"2024","doc":true,"doctest":true,"test":true},"profile":{"opt_level":"0","debuginfo":2,"debug_assertions":true,"overflow_checks":true,"test":false},"features":[],"filenames":["/Users/bradyjeong/Documents/Projects/Amp/gta4/gta_game/target/debug/deps/libbevy_picking-1231a1a2977f899f.rmeta"],"executable":null,"fresh":false}
{"reason":"compiler-artifact","package_id":"registry+https://github.com/rust-lang/crates.io-index#bevy_core_pipeline@0.16.1","manifest_path":"/Users/bradyjeong/.cargo/registry/src/index.crates.io-1949cf8c6b5b557f/bevy_core_pipeline-0.16.1/Cargo.toml","target":{"kind":["lib"],"crate_types":["lib"],"name":"bevy_core_pipeline","src_path":"/Users/bradyjeong/.cargo/registry/src/index.crates.io-1949cf8c6b5b557f/bevy_core_pipeline-0.16.1/src/lib.rs","edition":"2024","doc":true,"doctest":true,"test":true},"profile":{"opt_level":"0","debuginfo":2,"debug_assertions":true,"overflow_checks":true,"test":false},"features":[],"filenames":["/Users/bradyjeong/Documents/Projects/Amp/gta4/gta_game/target/debug/deps/libbevy_core_pipeline-95808a064cfe37e4.rmeta"],"executable":null,"fresh":false}
    Checking bevy_sprite v0.16.1
    Checking bevy_pbr v0.16.1
{"reason":"compiler-artifact","package_id":"registry+https://github.com/rust-lang/crates.io-index#bevy_sprite@0.16.1","manifest_path":"/Users/bradyjeong/.cargo/registry/src/index.crates.io-1949cf8c6b5b557f/bevy_sprite-0.16.1/Cargo.toml","target":{"kind":["lib"],"crate_types":["lib"],"name":"bevy_sprite","src_path":"/Users/bradyjeong/.cargo/registry/src/index.crates.io-1949cf8c6b5b557f/bevy_sprite-0.16.1/src/lib.rs","edition":"2024","doc":true,"doctest":true,"test":true},"profile":{"opt_level":"0","debuginfo":2,"debug_assertions":true,"overflow_checks":true,"test":false},"features":[],"filenames":["/Users/bradyjeong/Documents/Projects/Amp/gta4/gta_game/target/debug/deps/libbevy_sprite-6981c94403f33268.rmeta"],"executable":null,"fresh":false}
    Checking bevy_text v0.16.1
{"reason":"compiler-artifact","package_id":"registry+https://github.com/rust-lang/crates.io-index#bevy_text@0.16.1","manifest_path":"/Users/bradyjeong/.cargo/registry/src/index.crates.io-1949cf8c6b5b557f/bevy_text-0.16.1/Cargo.toml","target":{"kind":["lib"],"crate_types":["lib"],"name":"bevy_text","src_path":"/Users/bradyjeong/.cargo/registry/src/index.crates.io-1949cf8c6b5b557f/bevy_text-0.16.1/src/lib.rs","edition":"2024","doc":true,"doctest":true,"test":true},"profile":{"opt_level":"0","debuginfo":2,"debug_assertions":true,"overflow_checks":true,"test":false},"features":[],"filenames":["/Users/bradyjeong/Documents/Projects/Amp/gta4/gta_game/target/debug/deps/libbevy_text-663e9a0ae588ac38.rmeta"],"executable":null,"fresh":false}
    Checking bevy_ui v0.16.1
{"reason":"compiler-artifact","package_id":"registry+https://github.com/rust-lang/crates.io-index#bevy_ui@0.16.1","manifest_path":"/Users/bradyjeong/.cargo/registry/src/index.crates.io-1949cf8c6b5b557f/bevy_ui-0.16.1/Cargo.toml","target":{"kind":["lib"],"crate_types":["lib"],"name":"bevy_ui","src_path":"/Users/bradyjeong/.cargo/registry/src/index.crates.io-1949cf8c6b5b557f/bevy_ui-0.16.1/src/lib.rs","edition":"2024","doc":true,"doctest":true,"test":true},"profile":{"opt_level":"0","debuginfo":2,"debug_assertions":true,"overflow_checks":true,"test":false},"features":["default","serde","serialize"],"filenames":["/Users/bradyjeong/Documents/Projects/Amp/gta4/gta_game/target/debug/deps/libbevy_ui-e4e52ac6eec09597.rmeta"],"executable":null,"fresh":false}
{"reason":"compiler-artifact","package_id":"registry+https://github.com/rust-lang/crates.io-index#bevy_pbr@0.16.1","manifest_path":"/Users/bradyjeong/.cargo/registry/src/index.crates.io-1949cf8c6b5b557f/bevy_pbr-0.16.1/Cargo.toml","target":{"kind":["lib"],"crate_types":["lib"],"name":"bevy_pbr","src_path":"/Users/bradyjeong/.cargo/registry/src/index.crates.io-1949cf8c6b5b557f/bevy_pbr-0.16.1/src/lib.rs","edition":"2024","doc":true,"doctest":true,"test":true},"profile":{"opt_level":"0","debuginfo":2,"debug_assertions":true,"overflow_checks":true,"test":false},"features":["shader_format_glsl"],"filenames":["/Users/bradyjeong/Documents/Projects/Amp/gta4/gta_game/target/debug/deps/libbevy_pbr-62a5eac7d853ab06.rmeta"],"executable":null,"fresh":false}
    Checking bevy_gizmos v0.16.1
{"reason":"compiler-artifact","package_id":"registry+https://github.com/rust-lang/crates.io-index#bevy_gizmos@0.16.1","manifest_path":"/Users/bradyjeong/.cargo/registry/src/index.crates.io-1949cf8c6b5b557f/bevy_gizmos-0.16.1/Cargo.toml","target":{"kind":["lib"],"crate_types":["lib"],"name":"bevy_gizmos","src_path":"/Users/bradyjeong/.cargo/registry/src/index.crates.io-1949cf8c6b5b557f/bevy_gizmos-0.16.1/src/lib.rs","edition":"2024","doc":true,"doctest":true,"test":true},"profile":{"opt_level":"0","debuginfo":2,"debug_assertions":true,"overflow_checks":true,"test":false},"features":["bevy_core_pipeline","bevy_pbr","bevy_render","bevy_sprite"],"filenames":["/Users/bradyjeong/Documents/Projects/Amp/gta4/gta_game/target/debug/deps/libbevy_gizmos-9c37b1987c7743fe.rmeta"],"executable":null,"fresh":false}
    Checking bevy_internal v0.16.1
{"reason":"compiler-artifact","package_id":"registry+https://github.com/rust-lang/crates.io-index#bevy_internal@0.16.1","manifest_path":"/Users/bradyjeong/.cargo/registry/src/index.crates.io-1949cf8c6b5b557f/bevy_internal-0.16.1/Cargo.toml","target":{"kind":["lib"],"crate_types":["lib"],"name":"bevy_internal","src_path":"/Users/bradyjeong/.cargo/registry/src/index.crates.io-1949cf8c6b5b557f/bevy_internal-0.16.1/src/lib.rs","edition":"2024","doc":true,"doctest":true,"test":true},"profile":{"opt_level":"0","debuginfo":2,"debug_assertions":true,"overflow_checks":true,"test":false},"features":["bevy_asset","bevy_color","bevy_core_pipeline","bevy_gizmos","bevy_image","bevy_pbr","bevy_picking","bevy_render","bevy_scene","bevy_sprite","bevy_state","bevy_text","bevy_ui","bevy_window","bevy_winit","serialize","shader_format_glsl","std","x11"],"filenames":["/Users/bradyjeong/Documents/Projects/Amp/gta4/gta_game/target/debug/deps/libbevy_internal-04cbca072e9cebb1.rmeta"],"executable":null,"fresh":false}
    Checking bevy v0.16.1
{"reason":"compiler-artifact","package_id":"registry+https://github.com/rust-lang/crates.io-index#bevy@0.16.1","manifest_path":"/Users/bradyjeong/.cargo/registry/src/index.crates.io-1949cf8c6b5b557f/bevy-0.16.1/Cargo.toml","target":{"kind":["lib"],"crate_types":["lib"],"name":"bevy","src_path":"/Users/bradyjeong/.cargo/registry/src/index.crates.io-1949cf8c6b5b557f/bevy-0.16.1/src/lib.rs","edition":"2024","doc":true,"doctest":true,"test":true},"profile":{"opt_level":"0","debuginfo":2,"debug_assertions":true,"overflow_checks":true,"test":false},"features":["bevy_asset","bevy_color","bevy_core_pipeline","bevy_gizmos","bevy_image","bevy_pbr","bevy_picking","bevy_render","bevy_scene","bevy_sprite","bevy_state","bevy_text","bevy_ui","bevy_window","bevy_winit","serialize","shader_format_glsl","std","x11"],"filenames":["/Users/bradyjeong/Documents/Projects/Amp/gta4/gta_game/target/debug/deps/libbevy-e22377f1da16b55a.rmeta"],"executable":null,"fresh":false}
    Checking bevy_rapier3d v0.30.0
{"reason":"compiler-artifact","package_id":"registry+https://github.com/rust-lang/crates.io-index#bevy_rapier3d@0.30.0","manifest_path":"/Users/bradyjeong/.cargo/registry/src/index.crates.io-1949cf8c6b5b557f/bevy_rapier3d-0.30.0/Cargo.toml","target":{"kind":["lib"],"crate_types":["lib"],"name":"bevy_rapier3d","src_path":"/Users/bradyjeong/.cargo/registry/src/index.crates.io-1949cf8c6b5b557f/bevy_rapier3d-0.30.0/src/lib.rs","edition":"2021","doc":true,"doctest":true,"test":true},"profile":{"opt_level":"0","debuginfo":2,"debug_assertions":true,"overflow_checks":true,"test":false},"features":["async-collider","debug-render-3d","default","dim3","picking-backend","to-bevy-mesh"],"filenames":["/Users/bradyjeong/Documents/Projects/Amp/gta4/gta_game/target/debug/deps/libbevy_rapier3d-0ff078515560c7d7.rmeta"],"executable":null,"fresh":false}
    Checking engine_bevy v0.1.0 (/Users/bradyjeong/Documents/Projects/Amp/gta4/gta_game/engine_bevy)
    Checking test_utils v0.1.0 (/Users/bradyjeong/Documents/Projects/Amp/gta4/gta_game/test_utils)
{"reason":"compiler-message","package_id":"path+file:///Users/bradyjeong/Documents/Projects/Amp/gta4/gta_game/engine_bevy#0.1.0","manifest_path":"/Users/bradyjeong/Documents/Projects/Amp/gta4/gta_game/engine_bevy/Cargo.toml","target":{"kind":["lib"],"crate_types":["lib"],"name":"engine_bevy","src_path":"/Users/bradyjeong/Documents/Projects/Amp/gta4/gta_game/engine_bevy/src/lib.rs","edition":"2021","doc":true,"doctest":true,"test":true},"message":{"rendered":"warning: unused import: `bevy::prelude::*`\n --> engine_bevy/src/lib.rs:5:5\n  |\n5 | use bevy::prelude::*;\n  |     ^^^^^^^^^^^^^^^^\n  |\n  = note: `#[warn(unused_imports)]` on by default\n\n","$message_type":"diagnostic","children":[{"children":[],"code":null,"level":"note","message":"`#[warn(unused_imports)]` on by default","rendered":null,"spans":[]},{"children":[],"code":null,"level":"help","message":"remove the whole `use` item","rendered":null,"spans":[{"byte_end":129,"byte_start":107,"column_end":1,"column_start":1,"expansion":null,"file_name":"engine_bevy/src/lib.rs","is_primary":true,"label":null,"line_end":6,"line_start":5,"suggested_replacement":"","suggestion_applicability":"MachineApplicable","text":[{"highlight_end":22,"highlight_start":1,"text":"use bevy::prelude::*;"},{"highlight_end":1,"highlight_start":1,"text":"pub use engine_core;"}]}]}],"code":{"code":"unused_imports","explanation":null},"level":"warning","message":"unused import: `bevy::prelude::*`","spans":[{"byte_end":127,"byte_start":111,"column_end":21,"column_start":5,"expansion":null,"file_name":"engine_bevy/src/lib.rs","is_primary":true,"label":null,"line_end":5,"line_start":5,"suggested_replacement":null,"suggestion_applicability":null,"text":[{"highlight_end":21,"highlight_start":5,"text":"use bevy::prelude::*;"}]}]}}
{"reason":"compiler-message","package_id":"path+file:///Users/bradyjeong/Documents/Projects/Amp/gta4/gta_game/engine_bevy#0.1.0","manifest_path":"/Users/bradyjeong/Documents/Projects/Amp/gta4/gta_game/engine_bevy/Cargo.toml","target":{"kind":["lib"],"crate_types":["lib"],"name":"engine_bevy","src_path":"/Users/bradyjeong/Documents/Projects/Amp/gta4/gta_game/engine_bevy/src/lib.rs","edition":"2021","doc":true,"doctest":true,"test":true},"message":{"rendered":"warning: unused import: `bevy::prelude::*`\n --> engine_bevy/src/lib.rs:5:5\n  |\n5 | use bevy::prelude::*;\n  |     ^^^^^^^^^^^^^^^^\n  |\n  = note: `#[warn(unused_imports)]` on by default\n\n","$message_type":"diagnostic","children":[{"children":[],"code":null,"level":"note","message":"`#[warn(unused_imports)]` on by default","rendered":null,"spans":[]},{"children":[],"code":null,"level":"help","message":"remove the whole `use` item","rendered":null,"spans":[{"byte_end":129,"byte_start":107,"column_end":1,"column_start":1,"expansion":null,"file_name":"engine_bevy/src/lib.rs","is_primary":true,"label":null,"line_end":6,"line_start":5,"suggested_replacement":"","suggestion_applicability":"MachineApplicable","text":[{"highlight_end":22,"highlight_start":1,"text":"use bevy::prelude::*;"},{"highlight_end":1,"highlight_start":1,"text":"pub use engine_core;"}]}]}],"code":{"code":"unused_imports","explanation":null},"level":"warning","message":"unused import: `bevy::prelude::*`","spans":[{"byte_end":127,"byte_start":111,"column_end":21,"column_start":5,"expansion":null,"file_name":"engine_bevy/src/lib.rs","is_primary":true,"label":null,"line_end":5,"line_start":5,"suggested_replacement":null,"suggestion_applicability":null,"text":[{"highlight_end":21,"highlight_start":5,"text":"use bevy::prelude::*;"}]}]}}
{"reason":"compiler-message","package_id":"path+file:///Users/bradyjeong/Documents/Projects/Amp/gta4/gta_game/test_utils#0.1.0","manifest_path":"/Users/bradyjeong/Documents/Projects/Amp/gta4/gta_game/test_utils/Cargo.toml","target":{"kind":["lib"],"crate_types":["lib"],"name":"test_utils","src_path":"/Users/bradyjeong/Documents/Projects/Amp/gta4/gta_game/test_utils/src/lib.rs","edition":"2021","doc":true,"doctest":true,"test":true},"message":{"rendered":"warning: unused import: `bevy::render::mesh::*`\n --> test_utils/src/golden_frame.rs:2:5\n  |\n2 | use bevy::render::mesh::*;\n  |     ^^^^^^^^^^^^^^^^^^^^^\n  |\n  = note: `#[warn(unused_imports)]` on by default\n\n","$message_type":"diagnostic","children":[{"children":[],"code":null,"level":"note","message":"`#[warn(unused_imports)]` on by default","rendered":null,"spans":[]},{"children":[],"code":null,"level":"help","message":"remove the whole `use` item","rendered":null,"spans":[{"byte_end":49,"byte_start":22,"column_end":1,"column_start":1,"expansion":null,"file_name":"test_utils/src/golden_frame.rs","is_primary":true,"label":null,"line_end":3,"line_start":2,"suggested_replacement":"","suggestion_applicability":"MachineApplicable","text":[{"highlight_end":27,"highlight_start":1,"text":"use bevy::render::mesh::*;"},{"highlight_end":1,"highlight_start":1,"text":"use image::{ImageBuffer, Rgba, GenericImageView};"}]}]}],"code":{"code":"unused_imports","explanation":null},"level":"warning","message":"unused import: `bevy::render::mesh::*`","spans":[{"byte_end":47,"byte_start":26,"column_end":26,"column_start":5,"expansion":null,"file_name":"test_utils/src/golden_frame.rs","is_primary":true,"label":null,"line_end":2,"line_start":2,"suggested_replacement":null,"suggestion_applicability":null,"text":[{"highlight_end":26,"highlight_start":5,"text":"use bevy::render::mesh::*;"}]}]}}
{"reason":"compiler-message","package_id":"path+file:///Users/bradyjeong/Documents/Projects/Amp/gta4/gta_game/test_utils#0.1.0","manifest_path":"/Users/bradyjeong/Documents/Projects/Amp/gta4/gta_game/test_utils/Cargo.toml","target":{"kind":["lib"],"crate_types":["lib"],"name":"test_utils","src_path":"/Users/bradyjeong/Documents/Projects/Amp/gta4/gta_game/test_utils/src/lib.rs","edition":"2021","doc":true,"doctest":true,"test":true},"message":{"rendered":"warning: unused import: `bevy::render::mesh::*`\n --> test_utils/src/golden_frame.rs:2:5\n  |\n2 | use bevy::render::mesh::*;\n  |     ^^^^^^^^^^^^^^^^^^^^^\n  |\n  = note: `#[warn(unused_imports)]` on by default\n\n","$message_type":"diagnostic","children":[{"children":[],"code":null,"level":"note","message":"`#[warn(unused_imports)]` on by default","rendered":null,"spans":[]},{"children":[],"code":null,"level":"help","message":"remove the whole `use` item","rendered":null,"spans":[{"byte_end":49,"byte_start":22,"column_end":1,"column_start":1,"expansion":null,"file_name":"test_utils/src/golden_frame.rs","is_primary":true,"label":null,"line_end":3,"line_start":2,"suggested_replacement":"","suggestion_applicability":"MachineApplicable","text":[{"highlight_end":27,"highlight_start":1,"text":"use bevy::render::mesh::*;"},{"highlight_end":1,"highlight_start":1,"text":"use image::{ImageBuffer, Rgba, GenericImageView};"}]}]}],"code":{"code":"unused_imports","explanation":null},"level":"warning","message":"unused import: `bevy::render::mesh::*`","spans":[{"byte_end":47,"byte_start":26,"column_end":26,"column_start":5,"expansion":null,"file_name":"test_utils/src/golden_frame.rs","is_primary":true,"label":null,"line_end":2,"line_start":2,"suggested_replacement":null,"suggestion_applicability":null,"text":[{"highlight_end":26,"highlight_start":5,"text":"use bevy::render::mesh::*;"}]}]}}
{"reason":"compiler-message","package_id":"path+file:///Users/bradyjeong/Documents/Projects/Amp/gta4/gta_game/engine_bevy#0.1.0","manifest_path":"/Users/bradyjeong/Documents/Projects/Amp/gta4/gta_game/engine_bevy/Cargo.toml","target":{"kind":["lib"],"crate_types":["lib"],"name":"engine_bevy","src_path":"/Users/bradyjeong/Documents/Projects/Amp/gta4/gta_game/engine_bevy/src/lib.rs","edition":"2021","doc":true,"doctest":true,"test":true},"message":{"rendered":"warning: trait `AudioSink` is never used\n  --> engine_bevy/src/adapters.rs:14:11\n   |\n14 | pub trait AudioSink {\n   |           ^^^^^^^^^\n   |\n   = note: `#[warn(dead_code)]` on by default\n\n","$message_type":"diagnostic","children":[{"children":[],"code":null,"level":"note","message":"`#[warn(dead_code)]` on by default","rendered":null,"spans":[]}],"code":{"code":"dead_code","explanation":null},"level":"warning","message":"trait `AudioSink` is never used","spans":[{"byte_end":392,"byte_start":383,"column_end":20,"column_start":11,"expansion":null,"file_name":"engine_bevy/src/adapters.rs","is_primary":true,"label":null,"line_end":14,"line_start":14,"suggested_replacement":null,"suggestion_applicability":null,"text":[{"highlight_end":20,"highlight_start":11,"text":"pub trait AudioSink {"}]}]}}
{"reason":"compiler-message","package_id":"path+file:///Users/bradyjeong/Documents/Projects/Amp/gta4/gta_game/engine_bevy#0.1.0","manifest_path":"/Users/bradyjeong/Documents/Projects/Amp/gta4/gta_game/engine_bevy/Cargo.toml","target":{"kind":["lib"],"crate_types":["lib"],"name":"engine_bevy","src_path":"/Users/bradyjeong/Documents/Projects/Amp/gta4/gta_game/engine_bevy/src/lib.rs","edition":"2021","doc":true,"doctest":true,"test":true},"message":{"rendered":"warning: trait `AudioSink` is never used\n  --> engine_bevy/src/adapters.rs:14:11\n   |\n14 | pub trait AudioSink {\n   |           ^^^^^^^^^\n   |\n   = note: `#[warn(dead_code)]` on by default\n\n","$message_type":"diagnostic","children":[{"children":[],"code":null,"level":"note","message":"`#[warn(dead_code)]` on by default","rendered":null,"spans":[]}],"code":{"code":"dead_code","explanation":null},"level":"warning","message":"trait `AudioSink` is never used","spans":[{"byte_end":392,"byte_start":383,"column_end":20,"column_start":11,"expansion":null,"file_name":"engine_bevy/src/adapters.rs","is_primary":true,"label":null,"line_end":14,"line_start":14,"suggested_replacement":null,"suggestion_applicability":null,"text":[{"highlight_end":20,"highlight_start":11,"text":"pub trait AudioSink {"}]}]}}
{"reason":"compiler-artifact","package_id":"path+file:///Users/bradyjeong/Documents/Projects/Amp/gta4/gta_game/engine_bevy#0.1.0","manifest_path":"/Users/bradyjeong/Documents/Projects/Amp/gta4/gta_game/engine_bevy/Cargo.toml","target":{"kind":["lib"],"crate_types":["lib"],"name":"engine_bevy","src_path":"/Users/bradyjeong/Documents/Projects/Amp/gta4/gta_game/engine_bevy/src/lib.rs","edition":"2021","doc":true,"doctest":true,"test":true},"profile":{"opt_level":"0","debuginfo":2,"debug_assertions":true,"overflow_checks":true,"test":true},"features":[],"filenames":["/Users/bradyjeong/Documents/Projects/Amp/gta4/gta_game/target/debug/deps/libengine_bevy-f542fea8bb43b45e.rmeta"],"executable":null,"fresh":false}
{"reason":"compiler-artifact","package_id":"path+file:///Users/bradyjeong/Documents/Projects/Amp/gta4/gta_game/engine_bevy#0.1.0","manifest_path":"/Users/bradyjeong/Documents/Projects/Amp/gta4/gta_game/engine_bevy/Cargo.toml","target":{"kind":["lib"],"crate_types":["lib"],"name":"engine_bevy","src_path":"/Users/bradyjeong/Documents/Projects/Amp/gta4/gta_game/engine_bevy/src/lib.rs","edition":"2021","doc":true,"doctest":true,"test":true},"profile":{"opt_level":"0","debuginfo":2,"debug_assertions":true,"overflow_checks":true,"test":false},"features":[],"filenames":["/Users/bradyjeong/Documents/Projects/Amp/gta4/gta_game/target/debug/deps/libengine_bevy-81c16cbda6c62a08.rmeta"],"executable":null,"fresh":false}
    Checking game_core v0.1.0 (/Users/bradyjeong/Documents/Projects/Amp/gta4/gta_game/game_core)
{"reason":"compiler-artifact","package_id":"path+file:///Users/bradyjeong/Documents/Projects/Amp/gta4/gta_game/test_utils#0.1.0","manifest_path":"/Users/bradyjeong/Documents/Projects/Amp/gta4/gta_game/test_utils/Cargo.toml","target":{"kind":["lib"],"crate_types":["lib"],"name":"test_utils","src_path":"/Users/bradyjeong/Documents/Projects/Amp/gta4/gta_game/test_utils/src/lib.rs","edition":"2021","doc":true,"doctest":true,"test":true},"profile":{"opt_level":"0","debuginfo":2,"debug_assertions":true,"overflow_checks":true,"test":false},"features":["default"],"filenames":["/Users/bradyjeong/Documents/Projects/Amp/gta4/gta_game/target/debug/deps/libtest_utils-22485753f63b4e9d.rmeta"],"executable":null,"fresh":false}
{"reason":"compiler-artifact","package_id":"path+file:///Users/bradyjeong/Documents/Projects/Amp/gta4/gta_game/test_utils#0.1.0","manifest_path":"/Users/bradyjeong/Documents/Projects/Amp/gta4/gta_game/test_utils/Cargo.toml","target":{"kind":["lib"],"crate_types":["lib"],"name":"test_utils","src_path":"/Users/bradyjeong/Documents/Projects/Amp/gta4/gta_game/test_utils/src/lib.rs","edition":"2021","doc":true,"doctest":true,"test":true},"profile":{"opt_level":"0","debuginfo":2,"debug_assertions":true,"overflow_checks":true,"test":true},"features":["default"],"filenames":["/Users/bradyjeong/Documents/Projects/Amp/gta4/gta_game/target/debug/deps/libtest_utils-76c3d3650f4f6dd9.rmeta"],"executable":null,"fresh":false}
{"reason":"compiler-message","package_id":"path+file:///Users/bradyjeong/Documents/Projects/Amp/gta4/gta_game/game_core#0.1.0","manifest_path":"/Users/bradyjeong/Documents/Projects/Amp/gta4/gta_game/game_core/Cargo.toml","target":{"kind":["lib"],"crate_types":["lib"],"name":"game_core","src_path":"/Users/bradyjeong/Documents/Projects/Amp/gta4/gta_game/game_core/src/lib.rs","edition":"2021","doc":true,"doctest":true,"test":true},"message":{"rendered":"warning: unused import: `bevy::prelude::*`\n --> game_core/src/lib.rs:5:5\n  |\n5 | use bevy::prelude::*;\n  |     ^^^^^^^^^^^^^^^^\n  |\n  = note: `#[warn(unused_imports)]` on by default\n\n","$message_type":"diagnostic","children":[{"children":[],"code":null,"level":"note","message":"`#[warn(unused_imports)]` on by default","rendered":null,"spans":[]},{"children":[],"code":null,"level":"help","message":"remove the whole `use` item","rendered":null,"spans":[{"byte_end":137,"byte_start":115,"column_end":1,"column_start":1,"expansion":null,"file_name":"game_core/src/lib.rs","is_primary":true,"label":null,"line_end":6,"line_start":5,"suggested_replacement":"","suggestion_applicability":"MachineApplicable","text":[{"highlight_end":22,"highlight_start":1,"text":"use bevy::prelude::*;"},{"highlight_end":1,"highlight_start":1,"text":"pub use engine_core;"}]}]}],"code":{"code":"unused_imports","explanation":null},"level":"warning","message":"unused import: `bevy::prelude::*`","spans":[{"byte_end":135,"byte_start":119,"column_end":21,"column_start":5,"expansion":null,"file_name":"game_core/src/lib.rs","is_primary":true,"label":null,"line_end":5,"line_start":5,"suggested_replacement":null,"suggestion_applicability":null,"text":[{"highlight_end":21,"highlight_start":5,"text":"use bevy::prelude::*;"}]}]}}
{"reason":"compiler-message","package_id":"path+file:///Users/bradyjeong/Documents/Projects/Amp/gta4/gta_game/game_core#0.1.0","manifest_path":"/Users/bradyjeong/Documents/Projects/Amp/gta4/gta_game/game_core/Cargo.toml","target":{"kind":["lib"],"crate_types":["lib"],"name":"game_core","src_path":"/Users/bradyjeong/Documents/Projects/Amp/gta4/gta_game/game_core/src/lib.rs","edition":"2021","doc":true,"doctest":true,"test":true},"message":{"rendered":"warning: unused import: `bevy::prelude::*`\n --> game_core/src/lib.rs:5:5\n  |\n5 | use bevy::prelude::*;\n  |     ^^^^^^^^^^^^^^^^\n  |\n  = note: `#[warn(unused_imports)]` on by default\n\n","$message_type":"diagnostic","children":[{"children":[],"code":null,"level":"note","message":"`#[warn(unused_imports)]` on by default","rendered":null,"spans":[]},{"children":[],"code":null,"level":"help","message":"remove the whole `use` item","rendered":null,"spans":[{"byte_end":137,"byte_start":115,"column_end":1,"column_start":1,"expansion":null,"file_name":"game_core/src/lib.rs","is_primary":true,"label":null,"line_end":6,"line_start":5,"suggested_replacement":"","suggestion_applicability":"MachineApplicable","text":[{"highlight_end":22,"highlight_start":1,"text":"use bevy::prelude::*;"},{"highlight_end":1,"highlight_start":1,"text":"pub use engine_core;"}]}]}],"code":{"code":"unused_imports","explanation":null},"level":"warning","message":"unused import: `bevy::prelude::*`","spans":[{"byte_end":135,"byte_start":119,"column_end":21,"column_start":5,"expansion":null,"file_name":"game_core/src/lib.rs","is_primary":true,"label":null,"line_end":5,"line_start":5,"suggested_replacement":null,"suggestion_applicability":null,"text":[{"highlight_end":21,"highlight_start":5,"text":"use bevy::prelude::*;"}]}]}}
{"reason":"compiler-message","package_id":"path+file:///Users/bradyjeong/Documents/Projects/Amp/gta4/gta_game/game_core#0.1.0","manifest_path":"/Users/bradyjeong/Documents/Projects/Amp/gta4/gta_game/game_core/Cargo.toml","target":{"kind":["lib"],"crate_types":["lib"],"name":"game_core","src_path":"/Users/bradyjeong/Documents/Projects/Amp/gta4/gta_game/game_core/src/lib.rs","edition":"2021","doc":true,"doctest":true,"test":true},"message":{"rendered":"warning: unused import: `crate::components::*`\n --> game_core/src/persistence/save_system.rs:5:5\n  |\n5 | use crate::components::*;\n  |     ^^^^^^^^^^^^^^^^^^^^\n\n","$message_type":"diagnostic","children":[{"children":[],"code":null,"level":"help","message":"remove the whole `use` item","rendered":null,"spans":[{"byte_end":115,"byte_start":89,"column_end":1,"column_start":1,"expansion":null,"file_name":"game_core/src/persistence/save_system.rs","is_primary":true,"label":null,"line_end":6,"line_start":5,"suggested_replacement":"","suggestion_applicability":"MachineApplicable","text":[{"highlight_end":26,"highlight_start":1,"text":"use crate::components::*;"},{"highlight_end":1,"highlight_start":1,"text":"use crate::game_state::GameState;"}]}]}],"code":{"code":"unused_imports","explanation":null},"level":"warning","message":"unused import: `crate::components::*`","spans":[{"byte_end":113,"byte_start":93,"column_end":25,"column_start":5,"expansion":null,"file_name":"game_core/src/persistence/save_system.rs","is_primary":true,"label":null,"line_end":5,"line_start":5,"suggested_replacement":null,"suggestion_applicability":null,"text":[{"highlight_end":25,"highlight_start":5,"text":"use crate::components::*;"}]}]}}
{"reason":"compiler-message","package_id":"path+file:///Users/bradyjeong/Documents/Projects/Amp/gta4/gta_game/game_core#0.1.0","manifest_path":"/Users/bradyjeong/Documents/Projects/Amp/gta4/gta_game/game_core/Cargo.toml","target":{"kind":["lib"],"crate_types":["lib"],"name":"game_core","src_path":"/Users/bradyjeong/Documents/Projects/Amp/gta4/gta_game/game_core/src/lib.rs","edition":"2021","doc":true,"doctest":true,"test":true},"message":{"rendered":"warning: unused import: `crate::game_state::GameState`\n --> game_core/src/persistence/load_system.rs:4:5\n  |\n4 | use crate::game_state::GameState;\n  |     ^^^^^^^^^^^^^^^^^^^^^^^^^^^^\n\n","$message_type":"diagnostic","children":[{"children":[],"code":null,"level":"help","message":"remove the whole `use` item","rendered":null,"spans":[{"byte_end":88,"byte_start":54,"column_end":1,"column_start":1,"expansion":null,"file_name":"game_core/src/persistence/load_system.rs","is_primary":true,"label":null,"line_end":5,"line_start":4,"suggested_replacement":"","suggestion_applicability":"MachineApplicable","text":[{"highlight_end":34,"highlight_start":1,"text":"use crate::game_state::GameState;"},{"highlight_end":1,"highlight_start":1,"text":"use super::save_system::*;"}]}]}],"code":{"code":"unused_imports","explanation":null},"level":"warning","message":"unused import: `crate::game_state::GameState`","spans":[{"byte_end":86,"byte_start":58,"column_end":33,"column_start":5,"expansion":null,"file_name":"game_core/src/persistence/load_system.rs","is_primary":true,"label":null,"line_end":4,"line_start":4,"suggested_replacement":null,"suggestion_applicability":null,"text":[{"highlight_end":33,"highlight_start":5,"text":"use crate::game_state::GameState;"}]}]}}
{"reason":"compiler-message","package_id":"path+file:///Users/bradyjeong/Documents/Projects/Amp/gta4/gta_game/game_core#0.1.0","manifest_path":"/Users/bradyjeong/Documents/Projects/Amp/gta4/gta_game/game_core/Cargo.toml","target":{"kind":["lib"],"crate_types":["lib"],"name":"game_core","src_path":"/Users/bradyjeong/Documents/Projects/Amp/gta4/gta_game/game_core/src/lib.rs","edition":"2021","doc":true,"doctest":true,"test":true},"message":{"rendered":"warning: unused import: `compat::*`\n  --> game_core/src/lib.rs:35:9\n   |\n35 | pub use compat::*;\n   |         ^^^^^^^^^\n\n","$message_type":"diagnostic","children":[{"children":[],"code":null,"level":"help","message":"remove the whole `use` item","rendered":null,"spans":[{"byte_end":793,"byte_start":774,"column_end":1,"column_start":1,"expansion":null,"file_name":"game_core/src/lib.rs","is_primary":true,"label":null,"line_end":36,"line_start":35,"suggested_replacement":"","suggestion_applicability":"MachineApplicable","text":[{"highlight_end":19,"highlight_start":1,"text":"pub use compat::*;"},{"highlight_end":1,"highlight_start":1,"text":""}]}]}],"code":{"code":"unused_imports","explanation":null},"level":"warning","message":"unused import: `compat::*`","spans":[{"byte_end":791,"byte_start":782,"column_end":18,"column_start":9,"expansion":null,"file_name":"game_core/src/lib.rs","is_primary":true,"label":null,"line_end":35,"line_start":35,"suggested_replacement":null,"suggestion_applicability":null,"text":[{"highlight_end":18,"highlight_start":9,"text":"pub use compat::*;"}]}]}}
{"reason":"compiler-message","package_id":"path+file:///Users/bradyjeong/Documents/Projects/Amp/gta4/gta_game/game_core#0.1.0","manifest_path":"/Users/bradyjeong/Documents/Projects/Amp/gta4/gta_game/game_core/Cargo.toml","target":{"kind":["lib"],"crate_types":["lib"],"name":"game_core","src_path":"/Users/bradyjeong/Documents/Projects/Amp/gta4/gta_game/game_core/src/lib.rs","edition":"2021","doc":true,"doctest":true,"test":true},"message":{"rendered":"warning: unused import: `crate::components::*`\n --> game_core/src/persistence/save_system.rs:5:5\n  |\n5 | use crate::components::*;\n  |     ^^^^^^^^^^^^^^^^^^^^\n\n","$message_type":"diagnostic","children":[{"children":[],"code":null,"level":"help","message":"remove the whole `use` item","rendered":null,"spans":[{"byte_end":115,"byte_start":89,"column_end":1,"column_start":1,"expansion":null,"file_name":"game_core/src/persistence/save_system.rs","is_primary":true,"label":null,"line_end":6,"line_start":5,"suggested_replacement":"","suggestion_applicability":"MachineApplicable","text":[{"highlight_end":26,"highlight_start":1,"text":"use crate::components::*;"},{"highlight_end":1,"highlight_start":1,"text":"use crate::game_state::GameState;"}]}]}],"code":{"code":"unused_imports","explanation":null},"level":"warning","message":"unused import: `crate::components::*`","spans":[{"byte_end":113,"byte_start":93,"column_end":25,"column_start":5,"expansion":null,"file_name":"game_core/src/persistence/save_system.rs","is_primary":true,"label":null,"line_end":5,"line_start":5,"suggested_replacement":null,"suggestion_applicability":null,"text":[{"highlight_end":25,"highlight_start":5,"text":"use crate::components::*;"}]}]}}
{"reason":"compiler-message","package_id":"path+file:///Users/bradyjeong/Documents/Projects/Amp/gta4/gta_game/game_core#0.1.0","manifest_path":"/Users/bradyjeong/Documents/Projects/Amp/gta4/gta_game/game_core/Cargo.toml","target":{"kind":["lib"],"crate_types":["lib"],"name":"game_core","src_path":"/Users/bradyjeong/Documents/Projects/Amp/gta4/gta_game/game_core/src/lib.rs","edition":"2021","doc":true,"doctest":true,"test":true},"message":{"rendered":"warning: unused import: `crate::game_state::GameState`\n --> game_core/src/persistence/load_system.rs:4:5\n  |\n4 | use crate::game_state::GameState;\n  |     ^^^^^^^^^^^^^^^^^^^^^^^^^^^^\n\n","$message_type":"diagnostic","children":[{"children":[],"code":null,"level":"help","message":"remove the whole `use` item","rendered":null,"spans":[{"byte_end":88,"byte_start":54,"column_end":1,"column_start":1,"expansion":null,"file_name":"game_core/src/persistence/load_system.rs","is_primary":true,"label":null,"line_end":5,"line_start":4,"suggested_replacement":"","suggestion_applicability":"MachineApplicable","text":[{"highlight_end":34,"highlight_start":1,"text":"use crate::game_state::GameState;"},{"highlight_end":1,"highlight_start":1,"text":"use super::save_system::*;"}]}]}],"code":{"code":"unused_imports","explanation":null},"level":"warning","message":"unused import: `crate::game_state::GameState`","spans":[{"byte_end":86,"byte_start":58,"column_end":33,"column_start":5,"expansion":null,"file_name":"game_core/src/persistence/load_system.rs","is_primary":true,"label":null,"line_end":4,"line_start":4,"suggested_replacement":null,"suggestion_applicability":null,"text":[{"highlight_end":33,"highlight_start":5,"text":"use crate::game_state::GameState;"}]}]}}
{"reason":"compiler-message","package_id":"path+file:///Users/bradyjeong/Documents/Projects/Amp/gta4/gta_game/game_core#0.1.0","manifest_path":"/Users/bradyjeong/Documents/Projects/Amp/gta4/gta_game/game_core/Cargo.toml","target":{"kind":["lib"],"crate_types":["lib"],"name":"game_core","src_path":"/Users/bradyjeong/Documents/Projects/Amp/gta4/gta_game/game_core/src/lib.rs","edition":"2021","doc":true,"doctest":true,"test":true},"message":{"rendered":"warning: unused import: `compat::*`\n  --> game_core/src/lib.rs:35:9\n   |\n35 | pub use compat::*;\n   |         ^^^^^^^^^\n\n","$message_type":"diagnostic","children":[{"children":[],"code":null,"level":"help","message":"remove the whole `use` item","rendered":null,"spans":[{"byte_end":793,"byte_start":774,"column_end":1,"column_start":1,"expansion":null,"file_name":"game_core/src/lib.rs","is_primary":true,"label":null,"line_end":36,"line_start":35,"suggested_replacement":"","suggestion_applicability":"MachineApplicable","text":[{"highlight_end":19,"highlight_start":1,"text":"pub use compat::*;"},{"highlight_end":1,"highlight_start":1,"text":""}]}]}],"code":{"code":"unused_imports","explanation":null},"level":"warning","message":"unused import: `compat::*`","spans":[{"byte_end":791,"byte_start":782,"column_end":18,"column_start":9,"expansion":null,"file_name":"game_core/src/lib.rs","is_primary":true,"label":null,"line_end":35,"line_start":35,"suggested_replacement":null,"suggestion_applicability":null,"text":[{"highlight_end":18,"highlight_start":9,"text":"pub use compat::*;"}]}]}}
{"reason":"compiler-artifact","package_id":"path+file:///Users/bradyjeong/Documents/Projects/Amp/gta4/gta_game/game_core#0.1.0","manifest_path":"/Users/bradyjeong/Documents/Projects/Amp/gta4/gta_game/game_core/Cargo.toml","target":{"kind":["lib"],"crate_types":["lib"],"name":"game_core","src_path":"/Users/bradyjeong/Documents/Projects/Amp/gta4/gta_game/game_core/src/lib.rs","edition":"2021","doc":true,"doctest":true,"test":true},"profile":{"opt_level":"0","debuginfo":2,"debug_assertions":true,"overflow_checks":true,"test":true},"features":["default"],"filenames":["/Users/bradyjeong/Documents/Projects/Amp/gta4/gta_game/target/debug/deps/libgame_core-7fa981735661b3f7.rmeta"],"executable":null,"fresh":false}
{"reason":"compiler-artifact","package_id":"path+file:///Users/bradyjeong/Documents/Projects/Amp/gta4/gta_game/game_core#0.1.0","manifest_path":"/Users/bradyjeong/Documents/Projects/Amp/gta4/gta_game/game_core/Cargo.toml","target":{"kind":["lib"],"crate_types":["lib"],"name":"game_core","src_path":"/Users/bradyjeong/Documents/Projects/Amp/gta4/gta_game/game_core/src/lib.rs","edition":"2021","doc":true,"doctest":true,"test":true},"profile":{"opt_level":"0","debuginfo":2,"debug_assertions":true,"overflow_checks":true,"test":false},"features":["default"],"filenames":["/Users/bradyjeong/Documents/Projects/Amp/gta4/gta_game/target/debug/deps/libgame_core-54e79ce799a837fa.rmeta"],"executable":null,"fresh":false}
    Checking gameplay_sim v0.1.0 (/Users/bradyjeong/Documents/Projects/Amp/gta4/gta_game/gameplay_sim)
{"reason":"compiler-message","package_id":"path+file:///Users/bradyjeong/Documents/Projects/Amp/gta4/gta_game/gameplay_sim#0.1.0","manifest_path":"/Users/bradyjeong/Documents/Projects/Amp/gta4/gta_game/gameplay_sim/Cargo.toml","target":{"kind":["lib"],"crate_types":["lib"],"name":"gameplay_sim","src_path":"/Users/bradyjeong/Documents/Projects/Amp/gta4/gta_game/gameplay_sim/src/lib.rs","edition":"2021","doc":true,"doctest":true,"test":true},"message":{"rendered":"warning: unused import: `bevy_rapier3d::prelude::*`\n  --> gameplay_sim/src/lib.rs:11:16\n   |\n11 | pub(crate) use bevy_rapier3d::prelude::*;\n   |                ^^^^^^^^^^^^^^^^^^^^^^^^^\n   |\n   = note: `#[warn(unused_imports)]` on by default\n\n","$message_type":"diagnostic","children":[{"children":[],"code":null,"level":"note","message":"`#[warn(unused_imports)]` on by default","rendered":null,"spans":[]},{"children":[],"code":null,"level":"help","message":"remove the whole `use` item","rendered":null,"spans":[{"byte_end":301,"byte_start":259,"column_end":1,"column_start":1,"expansion":null,"file_name":"gameplay_sim/src/lib.rs","is_primary":true,"label":null,"line_end":12,"line_start":11,"suggested_replacement":"","suggestion_applicability":"MachineApplicable","text":[{"highlight_end":42,"highlight_start":1,"text":"pub(crate) use bevy_rapier3d::prelude::*;"},{"highlight_end":1,"highlight_start":1,"text":"pub(crate) use game_core::prelude::*;"}]}]}],"code":{"code":"unused_imports","explanation":null},"level":"warning","message":"unused import: `bevy_rapier3d::prelude::*`","spans":[{"byte_end":299,"byte_start":274,"column_end":41,"column_start":16,"expansion":null,"file_name":"gameplay_sim/src/lib.rs","is_primary":true,"label":null,"line_end":11,"line_start":11,"suggested_replacement":null,"suggestion_applicability":null,"text":[{"highlight_end":41,"highlight_start":16,"text":"pub(crate) use bevy_rapier3d::prelude::*;"}]}]}}
{"reason":"compiler-message","package_id":"path+file:///Users/bradyjeong/Documents/Projects/Amp/gta4/gta_game/gameplay_sim#0.1.0","manifest_path":"/Users/bradyjeong/Documents/Projects/Amp/gta4/gta_game/gameplay_sim/Cargo.toml","target":{"kind":["lib"],"crate_types":["lib"],"name":"gameplay_sim","src_path":"/Users/bradyjeong/Documents/Projects/Amp/gta4/gta_game/gameplay_sim/src/lib.rs","edition":"2021","doc":true,"doctest":true,"test":true},"message":{"rendered":"warning: unused imports: `ConfigService`, `EnhancedTimingService`, `PhysicsService`, `initialize_simple_services`, and `update_timing_service_system`\n --> gameplay_sim/src/services/mod.rs:4:27\n  |\n4 | pub use simple_services::{ConfigService, PhysicsService, EnhancedTimingService, initialize_simple_services, update_timing_service_system};\n  |                           ^^^^^^^^^^^^^  ^^^^^^^^^^^^^^  ^^^^^^^^^^^^^^^^^^^^^  ^^^^^^^^^^^^^^^^^^^^^^^^^^  ^^^^^^^^^^^^^^^^^^^^^^^^^^^^\n\n","$message_type":"diagnostic","children":[{"children":[],"code":null,"level":"help","message":"remove the whole `use` item","rendered":null,"spans":[{"byte_end":191,"byte_start":52,"column_end":1,"column_start":1,"expansion":null,"file_name":"gameplay_sim/src/services/mod.rs","is_primary":true,"label":null,"line_end":5,"line_start":4,"suggested_replacement":"","suggestion_applicability":"MachineApplicable","text":[{"highlight_end":139,"highlight_start":1,"text":"pub use simple_services::{ConfigService, PhysicsService, EnhancedTimingService, initialize_simple_services, update_timing_service_system};"},{"highlight_end":1,"highlight_start":1,"text":"pub use ground_detection::{GroundDetectionService, GroundDetectionPlugin};"}]}]}],"code":{"code":"unused_imports","explanation":null},"level":"warning","message":"unused imports: `ConfigService`, `EnhancedTimingService`, `PhysicsService`, `initialize_simple_services`, and `update_timing_service_system`","spans":[{"byte_end":91,"byte_start":78,"column_end":40,"column_start":27,"expansion":null,"file_name":"gameplay_sim/src/services/mod.rs","is_primary":true,"label":null,"line_end":4,"line_start":4,"suggested_replacement":null,"suggestion_applicability":null,"text":[{"highlight_end":40,"highlight_start":27,"text":"pub use simple_services::{ConfigService, PhysicsService, EnhancedTimingService, initialize_simple_services, update_timing_service_system};"}]},{"byte_end":107,"byte_start":93,"column_end":56,"column_start":42,"expansion":null,"file_name":"gameplay_sim/src/services/mod.rs","is_primary":true,"label":null,"line_end":4,"line_start":4,"suggested_replacement":null,"suggestion_applicability":null,"text":[{"highlight_end":56,"highlight_start":42,"text":"pub use simple_services::{ConfigService, PhysicsService, EnhancedTimingService, initialize_simple_services, update_timing_service_system};"}]},{"byte_end":130,"byte_start":109,"column_end":79,"column_start":58,"expansion":null,"file_name":"gameplay_sim/src/services/mod.rs","is_primary":true,"label":null,"line_end":4,"line_start":4,"suggested_replacement":null,"suggestion_applicability":null,"text":[{"highlight_end":79,"highlight_start":58,"text":"pub use simple_services::{ConfigService, PhysicsService, EnhancedTimingService, initialize_simple_services, update_timing_service_system};"}]},{"byte_end":158,"byte_start":132,"column_end":107,"column_start":81,"expansion":null,"file_name":"gameplay_sim/src/services/mod.rs","is_primary":true,"label":null,"line_end":4,"line_start":4,"suggested_replacement":null,"suggestion_applicability":null,"text":[{"highlight_end":107,"highlight_start":81,"text":"pub use simple_services::{ConfigService, PhysicsService, EnhancedTimingService, initialize_simple_services, update_timing_service_system};"}]},{"byte_end":188,"byte_start":160,"column_end":137,"column_start":109,"expansion":null,"file_name":"gameplay_sim/src/services/mod.rs","is_primary":true,"label":null,"line_end":4,"line_start":4,"suggested_replacement":null,"suggestion_applicability":null,"text":[{"highlight_end":137,"highlight_start":109,"text":"pub use simple_services::{ConfigService, PhysicsService, EnhancedTimingService, initialize_simple_services, update_timing_service_system};"}]}]}}
{"reason":"compiler-message","package_id":"path+file:///Users/bradyjeong/Documents/Projects/Amp/gta4/gta_game/gameplay_sim#0.1.0","manifest_path":"/Users/bradyjeong/Documents/Projects/Amp/gta4/gta_game/gameplay_sim/Cargo.toml","target":{"kind":["lib"],"crate_types":["lib"],"name":"gameplay_sim","src_path":"/Users/bradyjeong/Documents/Projects/Amp/gta4/gta_game/gameplay_sim/src/lib.rs","edition":"2021","doc":true,"doctest":true,"test":true},"message":{"rendered":"warning: unused imports: `GroundDetectionPlugin` and `GroundDetectionService`\n --> gameplay_sim/src/services/mod.rs:5:28\n  |\n5 | pub use ground_detection::{GroundDetectionService, GroundDetectionPlugin};\n  |                            ^^^^^^^^^^^^^^^^^^^^^^  ^^^^^^^^^^^^^^^^^^^^^\n\n","$message_type":"diagnostic","children":[{"children":[],"code":null,"level":"help","message":"remove the whole `use` item","rendered":null,"spans":[{"byte_end":266,"byte_start":191,"column_end":76,"column_start":1,"expansion":null,"file_name":"gameplay_sim/src/services/mod.rs","is_primary":true,"label":null,"line_end":5,"line_start":5,"suggested_replacement":"","suggestion_applicability":"MachineApplicable","text":[{"highlight_end":76,"highlight_start":1,"text":"pub use ground_detection::{GroundDetectionService, GroundDetectionPlugin};"}]}]}],"code":{"code":"unused_imports","explanation":null},"level":"warning","message":"unused imports: `GroundDetectionPlugin` and `GroundDetectionService`","spans":[{"byte_end":240,"byte_start":218,"column_end":50,"column_start":28,"expansion":null,"file_name":"gameplay_sim/src/services/mod.rs","is_primary":true,"label":null,"line_end":5,"line_start":5,"suggested_replacement":null,"suggestion_applicability":null,"text":[{"highlight_end":50,"highlight_start":28,"text":"pub use ground_detection::{GroundDetectionService, GroundDetectionPlugin};"}]},{"byte_end":263,"byte_start":242,"column_end":73,"column_start":52,"expansion":null,"file_name":"gameplay_sim/src/services/mod.rs","is_primary":true,"label":null,"line_end":5,"line_start":5,"suggested_replacement":null,"suggestion_applicability":null,"text":[{"highlight_end":73,"highlight_start":52,"text":"pub use ground_detection::{GroundDetectionService, GroundDetectionPlugin};"}]}]}}
{"reason":"compiler-message","package_id":"path+file:///Users/bradyjeong/Documents/Projects/Amp/gta4/gta_game/gameplay_sim#0.1.0","manifest_path":"/Users/bradyjeong/Documents/Projects/Amp/gta4/gta_game/gameplay_sim/Cargo.toml","target":{"kind":["lib"],"crate_types":["lib"],"name":"gameplay_sim","src_path":"/Users/bradyjeong/Documents/Projects/Amp/gta4/gta_game/gameplay_sim/src/lib.rs","edition":"2021","doc":true,"doctest":true,"test":true},"message":{"rendered":"warning: unused imports: `debug`, `error`, and `info`\n --> gameplay_sim/src/physics/utilities.rs:6:15\n  |\n6 | use tracing::{info, warn, error, debug};\n  |               ^^^^        ^^^^^  ^^^^^\n\n","$message_type":"diagnostic","children":[{"children":[],"code":null,"level":"help","message":"remove the unused imports","rendered":null,"spans":[{"byte_end":234,"byte_start":228,"column_end":21,"column_start":15,"expansion":null,"file_name":"gameplay_sim/src/physics/utilities.rs","is_primary":true,"label":null,"line_end":6,"line_start":6,"suggested_replacement":"","suggestion_applicability":"MachineApplicable","text":[{"highlight_end":21,"highlight_start":15,"text":"use tracing::{info, warn, error, debug};"}]},{"byte_end":252,"byte_start":238,"column_end":39,"column_start":25,"expansion":null,"file_name":"gameplay_sim/src/physics/utilities.rs","is_primary":true,"label":null,"line_end":6,"line_start":6,"suggested_replacement":"","suggestion_applicability":"MachineApplicable","text":[{"highlight_end":39,"highlight_start":25,"text":"use tracing::{info, warn, error, debug};"}]},{"byte_end":228,"byte_start":227,"column_end":15,"column_start":14,"expansion":null,"file_name":"gameplay_sim/src/physics/utilities.rs","is_primary":true,"label":null,"line_end":6,"line_start":6,"suggested_replacement":"","suggestion_applicability":"MachineApplicable","text":[{"highlight_end":15,"highlight_start":14,"text":"use tracing::{info, warn, error, debug};"}]},{"byte_end":253,"byte_start":252,"column_end":40,"column_start":39,"expansion":null,"file_name":"gameplay_sim/src/physics/utilities.rs","is_primary":true,"label":null,"line_end":6,"line_start":6,"suggested_replacement":"","suggestion_applicability":"MachineApplicable","text":[{"highlight_end":40,"highlight_start":39,"text":"use tracing::{info, warn, error, debug};"}]}]}],"code":{"code":"unused_imports","explanation":null},"level":"warning","message":"unused imports: `debug`, `error`, and `info`","spans":[{"byte_end":232,"byte_start":228,"column_end":19,"column_start":15,"expansion":null,"file_name":"gameplay_sim/src/physics/utilities.rs","is_primary":true,"label":null,"line_end":6,"line_start":6,"suggested_replacement":null,"suggestion_applicability":null,"text":[{"highlight_end":19,"highlight_start":15,"text":"use tracing::{info, warn, error, debug};"}]},{"byte_end":245,"byte_start":240,"column_end":32,"column_start":27,"expansion":null,"file_name":"gameplay_sim/src/physics/utilities.rs","is_primary":true,"label":null,"line_end":6,"line_start":6,"suggested_replacement":null,"suggestion_applicability":null,"text":[{"highlight_end":32,"highlight_start":27,"text":"use tracing::{info, warn, error, debug};"}]},{"byte_end":252,"byte_start":247,"column_end":39,"column_start":34,"expansion":null,"file_name":"gameplay_sim/src/physics/utilities.rs","is_primary":true,"label":null,"line_end":6,"line_start":6,"suggested_replacement":null,"suggestion_applicability":null,"text":[{"highlight_end":39,"highlight_start":34,"text":"use tracing::{info, warn, error, debug};"}]}]}}
{"reason":"compiler-message","package_id":"path+file:///Users/bradyjeong/Documents/Projects/Amp/gta4/gta_game/gameplay_sim#0.1.0","manifest_path":"/Users/bradyjeong/Documents/Projects/Amp/gta4/gta_game/gameplay_sim/Cargo.toml","target":{"kind":["lib"],"crate_types":["lib"],"name":"gameplay_sim","src_path":"/Users/bradyjeong/Documents/Projects/Amp/gta4/gta_game/gameplay_sim/src/lib.rs","edition":"2021","doc":true,"doctest":true,"test":true},"message":{"rendered":"warning: unused import: `bevy::prelude::*`\n --> gameplay_sim/src/physics/safeguards.rs:4:5\n  |\n4 | use bevy::prelude::*;\n  |     ^^^^^^^^^^^^^^^^\n\n","$message_type":"diagnostic","children":[{"children":[],"code":null,"level":"help","message":"remove the whole `use` item","rendered":null,"spans":[{"byte_end":182,"byte_start":160,"column_end":23,"column_start":1,"expansion":null,"file_name":"gameplay_sim/src/physics/safeguards.rs","is_primary":true,"label":null,"line_end":4,"line_start":4,"suggested_replacement":"","suggestion_applicability":"MachineApplicable","text":[{"highlight_end":23,"highlight_start":1,"text":"use bevy::prelude::*;"}]}]}],"code":{"code":"unused_imports","explanation":null},"level":"warning","message":"unused import: `bevy::prelude::*`","spans":[{"byte_end":180,"byte_start":164,"column_end":21,"column_start":5,"expansion":null,"file_name":"gameplay_sim/src/physics/safeguards.rs","is_primary":true,"label":null,"line_end":4,"line_start":4,"suggested_replacement":null,"suggestion_applicability":null,"text":[{"highlight_end":21,"highlight_start":5,"text":"use bevy::prelude::*;"}]}]}}
{"reason":"compiler-message","package_id":"path+file:///Users/bradyjeong/Documents/Projects/Amp/gta4/gta_game/gameplay_sim#0.1.0","manifest_path":"/Users/bradyjeong/Documents/Projects/Amp/gta4/gta_game/gameplay_sim/Cargo.toml","target":{"kind":["lib"],"crate_types":["lib"],"name":"gameplay_sim","src_path":"/Users/bradyjeong/Documents/Projects/Amp/gta4/gta_game/gameplay_sim/src/lib.rs","edition":"2021","doc":true,"doctest":true,"test":true},"message":{"rendered":"warning: unused import: `player::*`\n  --> gameplay_sim/src/movement/mod.rs:23:9\n   |\n23 | pub use player::*;\n   |         ^^^^^^^^^\n\n","$message_type":"diagnostic","children":[{"children":[],"code":null,"level":"help","message":"remove the whole `use` item","rendered":null,"spans":[{"byte_end":819,"byte_start":800,"column_end":1,"column_start":1,"expansion":null,"file_name":"gameplay_sim/src/movement/mod.rs","is_primary":true,"label":null,"line_end":24,"line_start":23,"suggested_replacement":"","suggestion_applicability":"MachineApplicable","text":[{"highlight_end":19,"highlight_start":1,"text":"pub use player::*;"},{"highlight_end":1,"highlight_start":1,"text":"pub use vehicles::*;"}]}]}],"code":{"code":"unused_imports","explanation":null},"level":"warning","message":"unused import: `player::*`","spans":[{"byte_end":817,"byte_start":808,"column_end":18,"column_start":9,"expansion":null,"file_name":"gameplay_sim/src/movement/mod.rs","is_primary":true,"label":null,"line_end":23,"line_start":23,"suggested_replacement":null,"suggestion_applicability":null,"text":[{"highlight_end":18,"highlight_start":9,"text":"pub use player::*;"}]}]}}
{"reason":"compiler-message","package_id":"path+file:///Users/bradyjeong/Documents/Projects/Amp/gta4/gta_game/gameplay_sim#0.1.0","manifest_path":"/Users/bradyjeong/Documents/Projects/Amp/gta4/gta_game/gameplay_sim/Cargo.toml","target":{"kind":["lib"],"crate_types":["lib"],"name":"gameplay_sim","src_path":"/Users/bradyjeong/Documents/Projects/Amp/gta4/gta_game/gameplay_sim/src/lib.rs","edition":"2021","doc":true,"doctest":true,"test":true},"message":{"rendered":"warning: unused import: `vehicles::*`\n  --> gameplay_sim/src/movement/mod.rs:24:9\n   |\n24 | pub use vehicles::*;\n   |         ^^^^^^^^^^^\n\n","$message_type":"diagnostic","children":[{"children":[],"code":null,"level":"help","message":"remove the whole `use` item","rendered":null,"spans":[{"byte_end":840,"byte_start":819,"column_end":1,"column_start":1,"expansion":null,"file_name":"gameplay_sim/src/movement/mod.rs","is_primary":true,"label":null,"line_end":25,"line_start":24,"suggested_replacement":"","suggestion_applicability":"MachineApplicable","text":[{"highlight_end":21,"highlight_start":1,"text":"pub use vehicles::*;"},{"highlight_end":1,"highlight_start":1,"text":"pub use aircraft::*;"}]}]}],"code":{"code":"unused_imports","explanation":null},"level":"warning","message":"unused import: `vehicles::*`","spans":[{"byte_end":838,"byte_start":827,"column_end":20,"column_start":9,"expansion":null,"file_name":"gameplay_sim/src/movement/mod.rs","is_primary":true,"label":null,"line_end":24,"line_start":24,"suggested_replacement":null,"suggestion_applicability":null,"text":[{"highlight_end":20,"highlight_start":9,"text":"pub use vehicles::*;"}]}]}}
{"reason":"compiler-message","package_id":"path+file:///Users/bradyjeong/Documents/Projects/Amp/gta4/gta_game/gameplay_sim#0.1.0","manifest_path":"/Users/bradyjeong/Documents/Projects/Amp/gta4/gta_game/gameplay_sim/Cargo.toml","target":{"kind":["lib"],"crate_types":["lib"],"name":"gameplay_sim","src_path":"/Users/bradyjeong/Documents/Projects/Amp/gta4/gta_game/gameplay_sim/src/lib.rs","edition":"2021","doc":true,"doctest":true,"test":true},"message":{"rendered":"warning: unused import: `aircraft::*`\n  --> gameplay_sim/src/movement/mod.rs:25:9\n   |\n25 | pub use aircraft::*;\n   |         ^^^^^^^^^^^\n\n","$message_type":"diagnostic","children":[{"children":[],"code":null,"level":"help","message":"remove the whole `use` item","rendered":null,"spans":[{"byte_end":861,"byte_start":840,"column_end":1,"column_start":1,"expansion":null,"file_name":"gameplay_sim/src/movement/mod.rs","is_primary":true,"label":null,"line_end":26,"line_start":25,"suggested_replacement":"","suggestion_applicability":"MachineApplicable","text":[{"highlight_end":21,"highlight_start":1,"text":"pub use aircraft::*;"},{"highlight_end":1,"highlight_start":1,"text":"pub use realistic_vehicle_physics::*;"}]}]}],"code":{"code":"unused_imports","explanation":null},"level":"warning","message":"unused import: `aircraft::*`","spans":[{"byte_end":859,"byte_start":848,"column_end":20,"column_start":9,"expansion":null,"file_name":"gameplay_sim/src/movement/mod.rs","is_primary":true,"label":null,"line_end":25,"line_start":25,"suggested_replacement":null,"suggestion_applicability":null,"text":[{"highlight_end":20,"highlight_start":9,"text":"pub use aircraft::*;"}]}]}}
{"reason":"compiler-message","package_id":"path+file:///Users/bradyjeong/Documents/Projects/Amp/gta4/gta_game/gameplay_sim#0.1.0","manifest_path":"/Users/bradyjeong/Documents/Projects/Amp/gta4/gta_game/gameplay_sim/Cargo.toml","target":{"kind":["lib"],"crate_types":["lib"],"name":"gameplay_sim","src_path":"/Users/bradyjeong/Documents/Projects/Amp/gta4/gta_game/gameplay_sim/src/lib.rs","edition":"2021","doc":true,"doctest":true,"test":true},"message":{"rendered":"warning: unused import: `realistic_vehicle_physics::*`\n  --> gameplay_sim/src/movement/mod.rs:26:9\n   |\n26 | pub use realistic_vehicle_physics::*;\n   |         ^^^^^^^^^^^^^^^^^^^^^^^^^^^^\n\n","$message_type":"diagnostic","children":[{"children":[],"code":null,"level":"help","message":"remove the whole `use` item","rendered":null,"spans":[{"byte_end":899,"byte_start":861,"column_end":1,"column_start":1,"expansion":null,"file_name":"gameplay_sim/src/movement/mod.rs","is_primary":true,"label":null,"line_end":27,"line_start":26,"suggested_replacement":"","suggestion_applicability":"MachineApplicable","text":[{"highlight_end":38,"highlight_start":1,"text":"pub use realistic_vehicle_physics::*;"},{"highlight_end":1,"highlight_start":1,"text":"pub use realistic_vehicle_input::*;"}]}]}],"code":{"code":"unused_imports","explanation":null},"level":"warning","message":"unused import: `realistic_vehicle_physics::*`","spans":[{"byte_end":897,"byte_start":869,"column_end":37,"column_start":9,"expansion":null,"file_name":"gameplay_sim/src/movement/mod.rs","is_primary":true,"label":null,"line_end":26,"line_start":26,"suggested_replacement":null,"suggestion_applicability":null,"text":[{"highlight_end":37,"highlight_start":9,"text":"pub use realistic_vehicle_physics::*;"}]}]}}
{"reason":"compiler-message","package_id":"path+file:///Users/bradyjeong/Documents/Projects/Amp/gta4/gta_game/gameplay_sim#0.1.0","manifest_path":"/Users/bradyjeong/Documents/Projects/Amp/gta4/gta_game/gameplay_sim/Cargo.toml","target":{"kind":["lib"],"crate_types":["lib"],"name":"gameplay_sim","src_path":"/Users/bradyjeong/Documents/Projects/Amp/gta4/gta_game/gameplay_sim/src/lib.rs","edition":"2021","doc":true,"doctest":true,"test":true},"message":{"rendered":"warning: unused import: `realistic_vehicle_input::*`\n  --> gameplay_sim/src/movement/mod.rs:27:9\n   |\n27 | pub use realistic_vehicle_input::*;\n   |         ^^^^^^^^^^^^^^^^^^^^^^^^^^\n\n","$message_type":"diagnostic","children":[{"children":[],"code":null,"level":"help","message":"remove the whole `use` item","rendered":null,"spans":[{"byte_end":935,"byte_start":899,"column_end":1,"column_start":1,"expansion":null,"file_name":"gameplay_sim/src/movement/mod.rs","is_primary":true,"label":null,"line_end":28,"line_start":27,"suggested_replacement":"","suggestion_applicability":"MachineApplicable","text":[{"highlight_end":36,"highlight_start":1,"text":"pub use realistic_vehicle_input::*;"},{"highlight_end":1,"highlight_start":1,"text":"pub use realistic_vehicle_physics_core::*;"}]}]}],"code":{"code":"unused_imports","explanation":null},"level":"warning","message":"unused import: `realistic_vehicle_input::*`","spans":[{"byte_end":933,"byte_start":907,"column_end":35,"column_start":9,"expansion":null,"file_name":"gameplay_sim/src/movement/mod.rs","is_primary":true,"label":null,"line_end":27,"line_start":27,"suggested_replacement":null,"suggestion_applicability":null,"text":[{"highlight_end":35,"highlight_start":9,"text":"pub use realistic_vehicle_input::*;"}]}]}}
{"reason":"compiler-message","package_id":"path+file:///Users/bradyjeong/Documents/Projects/Amp/gta4/gta_game/gameplay_sim#0.1.0","manifest_path":"/Users/bradyjeong/Documents/Projects/Amp/gta4/gta_game/gameplay_sim/Cargo.toml","target":{"kind":["lib"],"crate_types":["lib"],"name":"gameplay_sim","src_path":"/Users/bradyjeong/Documents/Projects/Amp/gta4/gta_game/gameplay_sim/src/lib.rs","edition":"2021","doc":true,"doctest":true,"test":true},"message":{"rendered":"warning: unused import: `realistic_vehicle_physics_core::*`\n  --> gameplay_sim/src/movement/mod.rs:28:9\n   |\n28 | pub use realistic_vehicle_physics_core::*;\n   |         ^^^^^^^^^^^^^^^^^^^^^^^^^^^^^^^^^\n\n","$message_type":"diagnostic","children":[{"children":[],"code":null,"level":"help","message":"remove the whole `use` item","rendered":null,"spans":[{"byte_end":978,"byte_start":935,"column_end":1,"column_start":1,"expansion":null,"file_name":"gameplay_sim/src/movement/mod.rs","is_primary":true,"label":null,"line_end":29,"line_start":28,"suggested_replacement":"","suggestion_applicability":"MachineApplicable","text":[{"highlight_end":43,"highlight_start":1,"text":"pub use realistic_vehicle_physics_core::*;"},{"highlight_end":1,"highlight_start":1,"text":"pub use supercar_input::*;"}]}]}],"code":{"code":"unused_imports","explanation":null},"level":"warning","message":"unused import: `realistic_vehicle_physics_core::*`","spans":[{"byte_end":976,"byte_start":943,"column_end":42,"column_start":9,"expansion":null,"file_name":"gameplay_sim/src/movement/mod.rs","is_primary":true,"label":null,"line_end":28,"line_start":28,"suggested_replacement":null,"suggestion_applicability":null,"text":[{"highlight_end":42,"highlight_start":9,"text":"pub use realistic_vehicle_physics_core::*;"}]}]}}
{"reason":"compiler-message","package_id":"path+file:///Users/bradyjeong/Documents/Projects/Amp/gta4/gta_game/gameplay_sim#0.1.0","manifest_path":"/Users/bradyjeong/Documents/Projects/Amp/gta4/gta_game/gameplay_sim/Cargo.toml","target":{"kind":["lib"],"crate_types":["lib"],"name":"gameplay_sim","src_path":"/Users/bradyjeong/Documents/Projects/Amp/gta4/gta_game/gameplay_sim/src/lib.rs","edition":"2021","doc":true,"doctest":true,"test":true},"message":{"rendered":"warning: unused import: `supercar_input::*`\n  --> gameplay_sim/src/movement/mod.rs:29:9\n   |\n29 | pub use supercar_input::*;\n   |         ^^^^^^^^^^^^^^^^^\n\n","$message_type":"diagnostic","children":[{"children":[],"code":null,"level":"help","message":"remove the whole `use` item","rendered":null,"spans":[{"byte_end":1005,"byte_start":978,"column_end":1,"column_start":1,"expansion":null,"file_name":"gameplay_sim/src/movement/mod.rs","is_primary":true,"label":null,"line_end":30,"line_start":29,"suggested_replacement":"","suggestion_applicability":"MachineApplicable","text":[{"highlight_end":27,"highlight_start":1,"text":"pub use supercar_input::*;"},{"highlight_end":1,"highlight_start":1,"text":"pub use supercar_physics::*;"}]}]}],"code":{"code":"unused_imports","explanation":null},"level":"warning","message":"unused import: `supercar_input::*`","spans":[{"byte_end":1003,"byte_start":986,"column_end":26,"column_start":9,"expansion":null,"file_name":"gameplay_sim/src/movement/mod.rs","is_primary":true,"label":null,"line_end":29,"line_start":29,"suggested_replacement":null,"suggestion_applicability":null,"text":[{"highlight_end":26,"highlight_start":9,"text":"pub use supercar_input::*;"}]}]}}
{"reason":"compiler-message","package_id":"path+file:///Users/bradyjeong/Documents/Projects/Amp/gta4/gta_game/gameplay_sim#0.1.0","manifest_path":"/Users/bradyjeong/Documents/Projects/Amp/gta4/gta_game/gameplay_sim/Cargo.toml","target":{"kind":["lib"],"crate_types":["lib"],"name":"gameplay_sim","src_path":"/Users/bradyjeong/Documents/Projects/Amp/gta4/gta_game/gameplay_sim/src/lib.rs","edition":"2021","doc":true,"doctest":true,"test":true},"message":{"rendered":"warning: unused import: `supercar_physics::*`\n  --> gameplay_sim/src/movement/mod.rs:30:9\n   |\n30 | pub use supercar_physics::*;\n   |         ^^^^^^^^^^^^^^^^^^^\n\n","$message_type":"diagnostic","children":[{"children":[],"code":null,"level":"help","message":"remove the whole `use` item","rendered":null,"spans":[{"byte_end":1034,"byte_start":1005,"column_end":1,"column_start":1,"expansion":null,"file_name":"gameplay_sim/src/movement/mod.rs","is_primary":true,"label":null,"line_end":31,"line_start":30,"suggested_replacement":"","suggestion_applicability":"MachineApplicable","text":[{"highlight_end":29,"highlight_start":1,"text":"pub use supercar_physics::*;"},{"highlight_end":1,"highlight_start":1,"text":"pub use supercar_effects::*;"}]}]}],"code":{"code":"unused_imports","explanation":null},"level":"warning","message":"unused import: `supercar_physics::*`","spans":[{"byte_end":1032,"byte_start":1013,"column_end":28,"column_start":9,"expansion":null,"file_name":"gameplay_sim/src/movement/mod.rs","is_primary":true,"label":null,"line_end":30,"line_start":30,"suggested_replacement":null,"suggestion_applicability":null,"text":[{"highlight_end":28,"highlight_start":9,"text":"pub use supercar_physics::*;"}]}]}}
{"reason":"compiler-message","package_id":"path+file:///Users/bradyjeong/Documents/Projects/Amp/gta4/gta_game/gameplay_sim#0.1.0","manifest_path":"/Users/bradyjeong/Documents/Projects/Amp/gta4/gta_game/gameplay_sim/Cargo.toml","target":{"kind":["lib"],"crate_types":["lib"],"name":"gameplay_sim","src_path":"/Users/bradyjeong/Documents/Projects/Amp/gta4/gta_game/gameplay_sim/src/lib.rs","edition":"2021","doc":true,"doctest":true,"test":true},"message":{"rendered":"warning: unused import: `supercar_effects::*`\n  --> gameplay_sim/src/movement/mod.rs:31:9\n   |\n31 | pub use supercar_effects::*;\n   |         ^^^^^^^^^^^^^^^^^^^\n\n","$message_type":"diagnostic","children":[{"children":[],"code":null,"level":"help","message":"remove the whole `use` item","rendered":null,"spans":[{"byte_end":1063,"byte_start":1034,"column_end":1,"column_start":1,"expansion":null,"file_name":"gameplay_sim/src/movement/mod.rs","is_primary":true,"label":null,"line_end":32,"line_start":31,"suggested_replacement":"","suggestion_applicability":"MachineApplicable","text":[{"highlight_end":29,"highlight_start":1,"text":"pub use supercar_effects::*;"},{"highlight_end":1,"highlight_start":1,"text":"pub use vehicle_sets::*;"}]}]}],"code":{"code":"unused_imports","explanation":null},"level":"warning","message":"unused import: `supercar_effects::*`","spans":[{"byte_end":1061,"byte_start":1042,"column_end":28,"column_start":9,"expansion":null,"file_name":"gameplay_sim/src/movement/mod.rs","is_primary":true,"label":null,"line_end":31,"line_start":31,"suggested_replacement":null,"suggestion_applicability":null,"text":[{"highlight_end":28,"highlight_start":9,"text":"pub use supercar_effects::*;"}]}]}}
{"reason":"compiler-message","package_id":"path+file:///Users/bradyjeong/Documents/Projects/Amp/gta4/gta_game/gameplay_sim#0.1.0","manifest_path":"/Users/bradyjeong/Documents/Projects/Amp/gta4/gta_game/gameplay_sim/Cargo.toml","target":{"kind":["lib"],"crate_types":["lib"],"name":"gameplay_sim","src_path":"/Users/bradyjeong/Documents/Projects/Amp/gta4/gta_game/gameplay_sim/src/lib.rs","edition":"2021","doc":true,"doctest":true,"test":true},"message":{"rendered":"warning: unused import: `vehicle_sets::*`\n  --> gameplay_sim/src/movement/mod.rs:32:9\n   |\n32 | pub use vehicle_sets::*;\n   |         ^^^^^^^^^^^^^^^\n\n","$message_type":"diagnostic","children":[{"children":[],"code":null,"level":"help","message":"remove the whole `use` item","rendered":null,"spans":[{"byte_end":1088,"byte_start":1063,"column_end":26,"column_start":1,"expansion":null,"file_name":"gameplay_sim/src/movement/mod.rs","is_primary":true,"label":null,"line_end":32,"line_start":32,"suggested_replacement":"","suggestion_applicability":"MachineApplicable","text":[{"highlight_end":26,"highlight_start":1,"text":"pub use vehicle_sets::*;"}]}]}],"code":{"code":"unused_imports","explanation":null},"level":"warning","message":"unused import: `vehicle_sets::*`","spans":[{"byte_end":1086,"byte_start":1071,"column_end":24,"column_start":9,"expansion":null,"file_name":"gameplay_sim/src/movement/mod.rs","is_primary":true,"label":null,"line_end":32,"line_start":32,"suggested_replacement":null,"suggestion_applicability":null,"text":[{"highlight_end":24,"highlight_start":9,"text":"pub use vehicle_sets::*;"}]}]}}
{"reason":"compiler-message","package_id":"path+file:///Users/bradyjeong/Documents/Projects/Amp/gta4/gta_game/gameplay_sim#0.1.0","manifest_path":"/Users/bradyjeong/Documents/Projects/Amp/gta4/gta_game/gameplay_sim/Cargo.toml","target":{"kind":["lib"],"crate_types":["lib"],"name":"gameplay_sim","src_path":"/Users/bradyjeong/Documents/Projects/Amp/gta4/gta_game/gameplay_sim/src/lib.rs","edition":"2021","doc":true,"doctest":true,"test":true},"message":{"rendered":"warning: unused import: `game_core::prelude::*`\n  --> gameplay_sim/src/world/road_network.rs:11:5\n   |\n11 | use game_core::prelude::*;\n   |     ^^^^^^^^^^^^^^^^^^^^^\n\n","$message_type":"diagnostic","children":[{"children":[],"code":null,"level":"help","message":"remove the whole `use` item","rendered":null,"spans":[{"byte_end":568,"byte_start":541,"column_end":1,"column_start":1,"expansion":null,"file_name":"gameplay_sim/src/world/road_network.rs","is_primary":true,"label":null,"line_end":12,"line_start":11,"suggested_replacement":"","suggestion_applicability":"MachineApplicable","text":[{"highlight_end":27,"highlight_start":1,"text":"use game_core::prelude::*;"},{"highlight_end":1,"highlight_start":1,"text":"use std::collections::HashMap;"}]}]}],"code":{"code":"unused_imports","explanation":null},"level":"warning","message":"unused import: `game_core::prelude::*`","spans":[{"byte_end":566,"byte_start":545,"column_end":26,"column_start":5,"expansion":null,"file_name":"gameplay_sim/src/world/road_network.rs","is_primary":true,"label":null,"line_end":11,"line_start":11,"suggested_replacement":null,"suggestion_applicability":null,"text":[{"highlight_end":26,"highlight_start":5,"text":"use game_core::prelude::*;"}]}]}}
{"reason":"compiler-message","package_id":"path+file:///Users/bradyjeong/Documents/Projects/Amp/gta4/gta_game/gameplay_sim#0.1.0","manifest_path":"/Users/bradyjeong/Documents/Projects/Amp/gta4/gta_game/gameplay_sim/Cargo.toml","target":{"kind":["lib"],"crate_types":["lib"],"name":"gameplay_sim","src_path":"/Users/bradyjeong/Documents/Projects/Amp/gta4/gta_game/gameplay_sim/src/lib.rs","edition":"2021","doc":true,"doctest":true,"test":true},"message":{"rendered":"warning: unused import: `std::collections::HashMap`\n  --> gameplay_sim/src/world/road_network.rs:12:5\n   |\n12 | use std::collections::HashMap;\n   |     ^^^^^^^^^^^^^^^^^^^^^^^^^\n\n","$message_type":"diagnostic","children":[{"children":[],"code":null,"level":"help","message":"remove the whole `use` item","rendered":null,"spans":[{"byte_end":599,"byte_start":568,"column_end":1,"column_start":1,"expansion":null,"file_name":"gameplay_sim/src/world/road_network.rs","is_primary":true,"label":null,"line_end":13,"line_start":12,"suggested_replacement":"","suggestion_applicability":"MachineApplicable","text":[{"highlight_end":31,"highlight_start":1,"text":"use std::collections::HashMap;"},{"highlight_end":1,"highlight_start":1,"text":""}]}]}],"code":{"code":"unused_imports","explanation":null},"level":"warning","message":"unused import: `std::collections::HashMap`","spans":[{"byte_end":597,"byte_start":572,"column_end":30,"column_start":5,"expansion":null,"file_name":"gameplay_sim/src/world/road_network.rs","is_primary":true,"label":null,"line_end":12,"line_start":12,"suggested_replacement":null,"suggestion_applicability":null,"text":[{"highlight_end":30,"highlight_start":5,"text":"use std::collections::HashMap;"}]}]}}
{"reason":"compiler-message","package_id":"path+file:///Users/bradyjeong/Documents/Projects/Amp/gta4/gta_game/gameplay_sim#0.1.0","manifest_path":"/Users/bradyjeong/Documents/Projects/Amp/gta4/gta_game/gameplay_sim/Cargo.toml","target":{"kind":["lib"],"crate_types":["lib"],"name":"gameplay_sim","src_path":"/Users/bradyjeong/Documents/Projects/Amp/gta4/gta_game/gameplay_sim/src/lib.rs","edition":"2021","doc":true,"doctest":true,"test":true},"message":{"rendered":"warning: unexpected `cfg` condition value: `debug-movement`\n  --> gameplay_sim/src/world/debug.rs:23:11\n   |\n23 |     #[cfg(feature = \"debug-movement\")]\n   |           ^^^^^^^^^^^^^^^^^^^^^^^^^^ help: remove the condition\n   |\n   = note: no expected values for `feature`\n   = help: consider adding `debug-movement` as a feature in `Cargo.toml`\n   = note: see <https://doc.rust-lang.org/nightly/rustc/check-cfg/cargo-specifics.html> for more information about checking conditional configuration\n   = note: `#[warn(unexpected_cfgs)]` on by default\n\n","$message_type":"diagnostic","children":[{"children":[],"code":null,"level":"note","message":"no expected values for `feature`","rendered":null,"spans":[]},{"children":[],"code":null,"level":"help","message":"consider adding `debug-movement` as a feature in `Cargo.toml`","rendered":null,"spans":[]},{"children":[],"code":null,"level":"note","message":"see <https://doc.rust-lang.org/nightly/rustc/check-cfg/cargo-specifics.html> for more information about checking conditional configuration","rendered":null,"spans":[]},{"children":[],"code":null,"level":"note","message":"`#[warn(unexpected_cfgs)]` on by default","rendered":null,"spans":[]},{"children":[],"code":null,"level":"help","message":"remove the condition","rendered":null,"spans":[{"byte_end":1093,"byte_start":1067,"column_end":37,"column_start":11,"expansion":null,"file_name":"gameplay_sim/src/world/debug.rs","is_primary":true,"label":null,"line_end":23,"line_start":23,"suggested_replacement":"","suggestion_applicability":"MaybeIncorrect","text":[{"highlight_end":37,"highlight_start":11,"text":"    #[cfg(feature = \"debug-movement\")]"}]}]}],"code":{"code":"unexpected_cfgs","explanation":null},"level":"warning","message":"unexpected `cfg` condition value: `debug-movement`","spans":[{"byte_end":1093,"byte_start":1067,"column_end":37,"column_start":11,"expansion":null,"file_name":"gameplay_sim/src/world/debug.rs","is_primary":true,"label":null,"line_end":23,"line_start":23,"suggested_replacement":null,"suggestion_applicability":null,"text":[{"highlight_end":37,"highlight_start":11,"text":"    #[cfg(feature = \"debug-movement\")]"}]}]}}
{"reason":"compiler-message","package_id":"path+file:///Users/bradyjeong/Documents/Projects/Amp/gta4/gta_game/gameplay_sim#0.1.0","manifest_path":"/Users/bradyjeong/Documents/Projects/Amp/gta4/gta_game/gameplay_sim/Cargo.toml","target":{"kind":["lib"],"crate_types":["lib"],"name":"gameplay_sim","src_path":"/Users/bradyjeong/Documents/Projects/Amp/gta4/gta_game/gameplay_sim/src/lib.rs","edition":"2021","doc":true,"doctest":true,"test":true},"message":{"rendered":"warning: unused imports: `CHARACTER_GROUP` and `VEHICLE_GROUP`\n  --> gameplay_sim/src/world/map_system.rs:17:42\n   |\n17 | use game_core::constants::{STATIC_GROUP, VEHICLE_GROUP, CHARACTER_GROUP};\n   |                                          ^^^^^^^^^^^^^  ^^^^^^^^^^^^^^^\n\n","$message_type":"diagnostic","children":[{"children":[],"code":null,"level":"help","message":"remove the unused imports","rendered":null,"spans":[{"byte_end":868,"byte_start":836,"column_end":72,"column_start":40,"expansion":null,"file_name":"gameplay_sim/src/world/map_system.rs","is_primary":true,"label":null,"line_end":17,"line_start":17,"suggested_replacement":"","suggestion_applicability":"MachineApplicable","text":[{"highlight_end":72,"highlight_start":40,"text":"use game_core::constants::{STATIC_GROUP, VEHICLE_GROUP, CHARACTER_GROUP};"}]},{"byte_end":824,"byte_start":823,"column_end":28,"column_start":27,"expansion":null,"file_name":"gameplay_sim/src/world/map_system.rs","is_primary":true,"label":null,"line_end":17,"line_start":17,"suggested_replacement":"","suggestion_applicability":"MachineApplicable","text":[{"highlight_end":28,"highlight_start":27,"text":"use game_core::constants::{STATIC_GROUP, VEHICLE_GROUP, CHARACTER_GROUP};"}]},{"byte_end":869,"byte_start":868,"column_end":73,"column_start":72,"expansion":null,"file_name":"gameplay_sim/src/world/map_system.rs","is_primary":true,"label":null,"line_end":17,"line_start":17,"suggested_replacement":"","suggestion_applicability":"MachineApplicable","text":[{"highlight_end":73,"highlight_start":72,"text":"use game_core::constants::{STATIC_GROUP, VEHICLE_GROUP, CHARACTER_GROUP};"}]}]}],"code":{"code":"unused_imports","explanation":null},"level":"warning","message":"unused imports: `CHARACTER_GROUP` and `VEHICLE_GROUP`","spans":[{"byte_end":851,"byte_start":838,"column_end":55,"column_start":42,"expansion":null,"file_name":"gameplay_sim/src/world/map_system.rs","is_primary":true,"label":null,"line_end":17,"line_start":17,"suggested_replacement":null,"suggestion_applicability":null,"text":[{"highlight_end":55,"highlight_start":42,"text":"use game_core::constants::{STATIC_GROUP, VEHICLE_GROUP, CHARACTER_GROUP};"}]},{"byte_end":868,"byte_start":853,"column_end":72,"column_start":57,"expansion":null,"file_name":"gameplay_sim/src/world/map_system.rs","is_primary":true,"label":null,"line_end":17,"line_start":17,"suggested_replacement":null,"suggestion_applicability":null,"text":[{"highlight_end":72,"highlight_start":57,"text":"use game_core::constants::{STATIC_GROUP, VEHICLE_GROUP, CHARACTER_GROUP};"}]}]}}
{"reason":"compiler-message","package_id":"path+file:///Users/bradyjeong/Documents/Projects/Amp/gta4/gta_game/gameplay_sim#0.1.0","manifest_path":"/Users/bradyjeong/Documents/Projects/Amp/gta4/gta_game/gameplay_sim/Cargo.toml","target":{"kind":["lib"],"crate_types":["lib"],"name":"gameplay_sim","src_path":"/Users/bradyjeong/Documents/Projects/Amp/gta4/gta_game/gameplay_sim/src/lib.rs","edition":"2021","doc":true,"doctest":true,"test":true},"message":{"rendered":"warning: unused import: `crate::config::GameConfig`\n   --> gameplay_sim/src/world/map_system.rs:257:9\n    |\n257 |     use crate::config::GameConfig;\n    |         ^^^^^^^^^^^^^^^^^^^^^^^^^\n\n","$message_type":"diagnostic","children":[{"children":[],"code":null,"level":"help","message":"remove the whole `use` item","rendered":null,"spans":[{"byte_end":8123,"byte_start":8093,"column_end":35,"column_start":5,"expansion":null,"file_name":"gameplay_sim/src/world/map_system.rs","is_primary":true,"label":null,"line_end":257,"line_start":257,"suggested_replacement":"","suggestion_applicability":"MachineApplicable","text":[{"highlight_end":35,"highlight_start":5,"text":"    use crate::config::GameConfig;"}]}]}],"code":{"code":"unused_imports","explanation":null},"level":"warning","message":"unused import: `crate::config::GameConfig`","spans":[{"byte_end":8122,"byte_start":8097,"column_end":34,"column_start":9,"expansion":null,"file_name":"gameplay_sim/src/world/map_system.rs","is_primary":true,"label":null,"line_end":257,"line_start":257,"suggested_replacement":null,"suggestion_applicability":null,"text":[{"highlight_end":34,"highlight_start":9,"text":"    use crate::config::GameConfig;"}]}]}}
{"reason":"compiler-message","package_id":"path+file:///Users/bradyjeong/Documents/Projects/Amp/gta4/gta_game/gameplay_sim#0.1.0","manifest_path":"/Users/bradyjeong/Documents/Projects/Amp/gta4/gta_game/gameplay_sim/Cargo.toml","target":{"kind":["lib"],"crate_types":["lib"],"name":"gameplay_sim","src_path":"/Users/bradyjeong/Documents/Projects/Amp/gta4/gta_game/gameplay_sim/src/lib.rs","edition":"2021","doc":true,"doctest":true,"test":true},"message":{"rendered":"warning: unused import: `crate::config::GameConfig`\n   --> gameplay_sim/src/world/layered_generation.rs:513:9\n    |\n513 |     use crate::config::GameConfig;\n    |         ^^^^^^^^^^^^^^^^^^^^^^^^^\n\n","$message_type":"diagnostic","children":[{"children":[],"code":null,"level":"help","message":"remove the whole `use` item","rendered":null,"spans":[{"byte_end":19350,"byte_start":19320,"column_end":35,"column_start":5,"expansion":null,"file_name":"gameplay_sim/src/world/layered_generation.rs","is_primary":true,"label":null,"line_end":513,"line_start":513,"suggested_replacement":"","suggestion_applicability":"MachineApplicable","text":[{"highlight_end":35,"highlight_start":5,"text":"    use crate::config::GameConfig;"}]}]}],"code":{"code":"unused_imports","explanation":null},"level":"warning","message":"unused import: `crate::config::GameConfig`","spans":[{"byte_end":19349,"byte_start":19324,"column_end":34,"column_start":9,"expansion":null,"file_name":"gameplay_sim/src/world/layered_generation.rs","is_primary":true,"label":null,"line_end":513,"line_start":513,"suggested_replacement":null,"suggestion_applicability":null,"text":[{"highlight_end":34,"highlight_start":9,"text":"    use crate::config::GameConfig;"}]}]}}
{"reason":"compiler-message","package_id":"path+file:///Users/bradyjeong/Documents/Projects/Amp/gta4/gta_game/gameplay_sim#0.1.0","manifest_path":"/Users/bradyjeong/Documents/Projects/Amp/gta4/gta_game/gameplay_sim/Cargo.toml","target":{"kind":["lib"],"crate_types":["lib"],"name":"gameplay_sim","src_path":"/Users/bradyjeong/Documents/Projects/Amp/gta4/gta_game/gameplay_sim/src/lib.rs","edition":"2021","doc":true,"doctest":true,"test":true},"message":{"rendered":"warning: unused import: `crate::config::GameConfig`\n   --> gameplay_sim/src/world/layered_generation.rs:628:9\n    |\n628 |     use crate::config::GameConfig;\n    |         ^^^^^^^^^^^^^^^^^^^^^^^^^\n\n","$message_type":"diagnostic","children":[{"children":[],"code":null,"level":"help","message":"remove the whole `use` item","rendered":null,"spans":[{"byte_end":23465,"byte_start":23435,"column_end":35,"column_start":5,"expansion":null,"file_name":"gameplay_sim/src/world/layered_generation.rs","is_primary":true,"label":null,"line_end":628,"line_start":628,"suggested_replacement":"","suggestion_applicability":"MachineApplicable","text":[{"highlight_end":35,"highlight_start":5,"text":"    use crate::config::GameConfig;"}]}]}],"code":{"code":"unused_imports","explanation":null},"level":"warning","message":"unused import: `crate::config::GameConfig`","spans":[{"byte_end":23464,"byte_start":23439,"column_end":34,"column_start":9,"expansion":null,"file_name":"gameplay_sim/src/world/layered_generation.rs","is_primary":true,"label":null,"line_end":628,"line_start":628,"suggested_replacement":null,"suggestion_applicability":null,"text":[{"highlight_end":34,"highlight_start":9,"text":"    use crate::config::GameConfig;"}]}]}}
{"reason":"compiler-message","package_id":"path+file:///Users/bradyjeong/Documents/Projects/Amp/gta4/gta_game/gameplay_sim#0.1.0","manifest_path":"/Users/bradyjeong/Documents/Projects/Amp/gta4/gta_game/gameplay_sim/Cargo.toml","target":{"kind":["lib"],"crate_types":["lib"],"name":"gameplay_sim","src_path":"/Users/bradyjeong/Documents/Projects/Amp/gta4/gta_game/gameplay_sim/src/lib.rs","edition":"2021","doc":true,"doctest":true,"test":true},"message":{"rendered":"warning: unused import: `crate::config::GameConfig`\n   --> gameplay_sim/src/world/layered_generation.rs:743:9\n    |\n743 |     use crate::config::GameConfig;\n    |         ^^^^^^^^^^^^^^^^^^^^^^^^^\n\n","$message_type":"diagnostic","children":[{"children":[],"code":null,"level":"help","message":"remove the whole `use` item","rendered":null,"spans":[{"byte_end":27508,"byte_start":27478,"column_end":35,"column_start":5,"expansion":null,"file_name":"gameplay_sim/src/world/layered_generation.rs","is_primary":true,"label":null,"line_end":743,"line_start":743,"suggested_replacement":"","suggestion_applicability":"MachineApplicable","text":[{"highlight_end":35,"highlight_start":5,"text":"    use crate::config::GameConfig;"}]}]}],"code":{"code":"unused_imports","explanation":null},"level":"warning","message":"unused import: `crate::config::GameConfig`","spans":[{"byte_end":27507,"byte_start":27482,"column_end":34,"column_start":9,"expansion":null,"file_name":"gameplay_sim/src/world/layered_generation.rs","is_primary":true,"label":null,"line_end":743,"line_start":743,"suggested_replacement":null,"suggestion_applicability":null,"text":[{"highlight_end":34,"highlight_start":9,"text":"    use crate::config::GameConfig;"}]}]}}
{"reason":"compiler-message","package_id":"path+file:///Users/bradyjeong/Documents/Projects/Amp/gta4/gta_game/gameplay_sim#0.1.0","manifest_path":"/Users/bradyjeong/Documents/Projects/Amp/gta4/gta_game/gameplay_sim/Cargo.toml","target":{"kind":["lib"],"crate_types":["lib"],"name":"gameplay_sim","src_path":"/Users/bradyjeong/Documents/Projects/Amp/gta4/gta_game/gameplay_sim/src/lib.rs","edition":"2021","doc":true,"doctest":true,"test":true},"message":{"rendered":"warning: unexpected `cfg` condition value: `debug-ui`\n   --> gameplay_sim/src/world/vegetation_lod.rs:189:13\n    |\n189 |     if cfg!(feature = \"debug-ui\") {\n    |             ^^^^^^^^^^^^^^^^^^^^ help: remove the condition\n    |\n    = note: no expected values for `feature`\n    = help: consider adding `debug-ui` as a feature in `Cargo.toml`\n    = note: see <https://doc.rust-lang.org/nightly/rustc/check-cfg/cargo-specifics.html> for more information about checking conditional configuration\n\n","$message_type":"diagnostic","children":[{"children":[],"code":null,"level":"note","message":"no expected values for `feature`","rendered":null,"spans":[]},{"children":[],"code":null,"level":"help","message":"consider adding `debug-ui` as a feature in `Cargo.toml`","rendered":null,"spans":[]},{"children":[],"code":null,"level":"note","message":"see <https://doc.rust-lang.org/nightly/rustc/check-cfg/cargo-specifics.html> for more information about checking conditional configuration","rendered":null,"spans":[]},{"children":[],"code":null,"level":"help","message":"remove the condition","rendered":null,"spans":[{"byte_end":7137,"byte_start":7117,"column_end":33,"column_start":13,"expansion":null,"file_name":"gameplay_sim/src/world/vegetation_lod.rs","is_primary":true,"label":null,"line_end":189,"line_start":189,"suggested_replacement":"","suggestion_applicability":"MaybeIncorrect","text":[{"highlight_end":33,"highlight_start":13,"text":"    if cfg!(feature = \"debug-ui\") {"}]}]}],"code":{"code":"unexpected_cfgs","explanation":null},"level":"warning","message":"unexpected `cfg` condition value: `debug-ui`","spans":[{"byte_end":7137,"byte_start":7117,"column_end":33,"column_start":13,"expansion":null,"file_name":"gameplay_sim/src/world/vegetation_lod.rs","is_primary":true,"label":null,"line_end":189,"line_start":189,"suggested_replacement":null,"suggestion_applicability":null,"text":[{"highlight_end":33,"highlight_start":13,"text":"    if cfg!(feature = \"debug-ui\") {"}]}]}}
{"reason":"compiler-message","package_id":"path+file:///Users/bradyjeong/Documents/Projects/Amp/gta4/gta_game/gameplay_sim#0.1.0","manifest_path":"/Users/bradyjeong/Documents/Projects/Amp/gta4/gta_game/gameplay_sim/Cargo.toml","target":{"kind":["lib"],"crate_types":["lib"],"name":"gameplay_sim","src_path":"/Users/bradyjeong/Documents/Projects/Amp/gta4/gta_game/gameplay_sim/src/lib.rs","edition":"2021","doc":true,"doctest":true,"test":true},"message":{"rendered":"warning: ambiguous glob re-exports\n  --> gameplay_sim/src/world/mod.rs:37:9\n   |\n37 | pub use road_network::*;\n   |         ^^^^^^^^^^^^^^^ the name `generate_road_mesh` in the value namespace is first re-exported here\n38 | pub use road_mesh::*;\n   |         ------------ but the name `generate_road_mesh` in the value namespace is also re-exported here\n   |\n   = note: `#[warn(ambiguous_glob_reexports)]` on by default\n\n","$message_type":"diagnostic","children":[{"children":[],"code":null,"level":"note","message":"`#[warn(ambiguous_glob_reexports)]` on by default","rendered":null,"spans":[]}],"code":{"code":"ambiguous_glob_reexports","explanation":null},"level":"warning","message":"ambiguous glob re-exports","spans":[{"byte_end":1145,"byte_start":1130,"column_end":24,"column_start":9,"expansion":null,"file_name":"gameplay_sim/src/world/mod.rs","is_primary":true,"label":"the name `generate_road_mesh` in the value namespace is first re-exported here","line_end":37,"line_start":37,"suggested_replacement":null,"suggestion_applicability":null,"text":[{"highlight_end":24,"highlight_start":9,"text":"pub use road_network::*;"}]},{"byte_end":1167,"byte_start":1155,"column_end":21,"column_start":9,"expansion":null,"file_name":"gameplay_sim/src/world/mod.rs","is_primary":false,"label":"but the name `generate_road_mesh` in the value namespace is also re-exported here","line_end":38,"line_start":38,"suggested_replacement":null,"suggestion_applicability":null,"text":[{"highlight_end":21,"highlight_start":9,"text":"pub use road_mesh::*;"}]}]}}
{"reason":"compiler-message","package_id":"path+file:///Users/bradyjeong/Documents/Projects/Amp/gta4/gta_game/gameplay_sim#0.1.0","manifest_path":"/Users/bradyjeong/Documents/Projects/Amp/gta4/gta_game/gameplay_sim/Cargo.toml","target":{"kind":["lib"],"crate_types":["lib"],"name":"gameplay_sim","src_path":"/Users/bradyjeong/Documents/Projects/Amp/gta4/gta_game/gameplay_sim/src/lib.rs","edition":"2021","doc":true,"doctest":true,"test":true},"message":{"rendered":"warning: unused import: `bevy::prelude::*`\n  --> gameplay_sim/src/input/control_manager_ext.rs:12:5\n   |\n12 | use bevy::prelude::*;\n   |     ^^^^^^^^^^^^^^^^\n\n","$message_type":"diagnostic","children":[{"children":[],"code":null,"level":"help","message":"remove the whole `use` item","rendered":null,"spans":[{"byte_end":571,"byte_start":549,"column_end":1,"column_start":1,"expansion":null,"file_name":"gameplay_sim/src/input/control_manager_ext.rs","is_primary":true,"label":null,"line_end":13,"line_start":12,"suggested_replacement":"","suggestion_applicability":"MachineApplicable","text":[{"highlight_end":22,"highlight_start":1,"text":"use bevy::prelude::*;"},{"highlight_end":1,"highlight_start":1,"text":"use crate::input::ControlManager;"}]}]}],"code":{"code":"unused_imports","explanation":null},"level":"warning","message":"unused import: `bevy::prelude::*`","spans":[{"byte_end":569,"byte_start":553,"column_end":21,"column_start":5,"expansion":null,"file_name":"gameplay_sim/src/input/control_manager_ext.rs","is_primary":true,"label":null,"line_end":12,"line_start":12,"suggested_replacement":null,"suggestion_applicability":null,"text":[{"highlight_end":21,"highlight_start":5,"text":"use bevy::prelude::*;"}]}]}}
{"reason":"compiler-message","package_id":"path+file:///Users/bradyjeong/Documents/Projects/Amp/gta4/gta_game/gameplay_sim#0.1.0","manifest_path":"/Users/bradyjeong/Documents/Projects/Amp/gta4/gta_game/gameplay_sim/Cargo.toml","target":{"kind":["lib"],"crate_types":["lib"],"name":"gameplay_sim","src_path":"/Users/bradyjeong/Documents/Projects/Amp/gta4/gta_game/gameplay_sim/src/lib.rs","edition":"2021","doc":true,"doctest":true,"test":true},"message":{"rendered":"warning: unused import: `bevy_rapier3d::prelude::*`\n  --> gameplay_sim/src/lib.rs:11:16\n   |\n11 | pub(crate) use bevy_rapier3d::prelude::*;\n   |                ^^^^^^^^^^^^^^^^^^^^^^^^^\n   |\n   = note: `#[warn(unused_imports)]` on by default\n\n","$message_type":"diagnostic","children":[{"children":[],"code":null,"level":"note","message":"`#[warn(unused_imports)]` on by default","rendered":null,"spans":[]},{"children":[],"code":null,"level":"help","message":"remove the whole `use` item","rendered":null,"spans":[{"byte_end":301,"byte_start":259,"column_end":1,"column_start":1,"expansion":null,"file_name":"gameplay_sim/src/lib.rs","is_primary":true,"label":null,"line_end":12,"line_start":11,"suggested_replacement":"","suggestion_applicability":"MachineApplicable","text":[{"highlight_end":42,"highlight_start":1,"text":"pub(crate) use bevy_rapier3d::prelude::*;"},{"highlight_end":1,"highlight_start":1,"text":"pub(crate) use game_core::prelude::*;"}]}]}],"code":{"code":"unused_imports","explanation":null},"level":"warning","message":"unused import: `bevy_rapier3d::prelude::*`","spans":[{"byte_end":299,"byte_start":274,"column_end":41,"column_start":16,"expansion":null,"file_name":"gameplay_sim/src/lib.rs","is_primary":true,"label":null,"line_end":11,"line_start":11,"suggested_replacement":null,"suggestion_applicability":null,"text":[{"highlight_end":41,"highlight_start":16,"text":"pub(crate) use bevy_rapier3d::prelude::*;"}]}]}}
{"reason":"compiler-message","package_id":"path+file:///Users/bradyjeong/Documents/Projects/Amp/gta4/gta_game/gameplay_sim#0.1.0","manifest_path":"/Users/bradyjeong/Documents/Projects/Amp/gta4/gta_game/gameplay_sim/Cargo.toml","target":{"kind":["lib"],"crate_types":["lib"],"name":"gameplay_sim","src_path":"/Users/bradyjeong/Documents/Projects/Amp/gta4/gta_game/gameplay_sim/src/lib.rs","edition":"2021","doc":true,"doctest":true,"test":true},"message":{"rendered":"warning: unused import: `input_config::*`\n  --> gameplay_sim/src/input/mod.rs:18:9\n   |\n18 | pub use input_config::*;\n   |         ^^^^^^^^^^^^^^^\n\n","$message_type":"diagnostic","children":[{"children":[],"code":null,"level":"help","message":"remove the whole `use` item","rendered":null,"spans":[{"byte_end":692,"byte_start":667,"column_end":1,"column_start":1,"expansion":null,"file_name":"gameplay_sim/src/input/mod.rs","is_primary":true,"label":null,"line_end":19,"line_start":18,"suggested_replacement":"","suggestion_applicability":"MachineApplicable","text":[{"highlight_end":25,"highlight_start":1,"text":"pub use input_config::*;"},{"highlight_end":1,"highlight_start":1,"text":"pub use input_manager::*;"}]}]}],"code":{"code":"unused_imports","explanation":null},"level":"warning","message":"unused import: `input_config::*`","spans":[{"byte_end":690,"byte_start":675,"column_end":24,"column_start":9,"expansion":null,"file_name":"gameplay_sim/src/input/mod.rs","is_primary":true,"label":null,"line_end":18,"line_start":18,"suggested_replacement":null,"suggestion_applicability":null,"text":[{"highlight_end":24,"highlight_start":9,"text":"pub use input_config::*;"}]}]}}
{"reason":"compiler-message","package_id":"path+file:///Users/bradyjeong/Documents/Projects/Amp/gta4/gta_game/gameplay_sim#0.1.0","manifest_path":"/Users/bradyjeong/Documents/Projects/Amp/gta4/gta_game/gameplay_sim/Cargo.toml","target":{"kind":["lib"],"crate_types":["lib"],"name":"gameplay_sim","src_path":"/Users/bradyjeong/Documents/Projects/Amp/gta4/gta_game/gameplay_sim/src/lib.rs","edition":"2021","doc":true,"doctest":true,"test":true},"message":{"rendered":"warning: unused import: `input_manager::*`\n  --> gameplay_sim/src/input/mod.rs:19:9\n   |\n19 | pub use input_manager::*;\n   |         ^^^^^^^^^^^^^^^^\n\n","$message_type":"diagnostic","children":[{"children":[],"code":null,"level":"help","message":"remove the whole `use` item","rendered":null,"spans":[{"byte_end":718,"byte_start":692,"column_end":1,"column_start":1,"expansion":null,"file_name":"gameplay_sim/src/input/mod.rs","is_primary":true,"label":null,"line_end":20,"line_start":19,"suggested_replacement":"","suggestion_applicability":"MachineApplicable","text":[{"highlight_end":26,"highlight_start":1,"text":"pub use input_manager::*;"},{"highlight_end":1,"highlight_start":1,"text":"pub use vehicle_control_config::*;"}]}]}],"code":{"code":"unused_imports","explanation":null},"level":"warning","message":"unused import: `input_manager::*`","spans":[{"byte_end":716,"byte_start":700,"column_end":25,"column_start":9,"expansion":null,"file_name":"gameplay_sim/src/input/mod.rs","is_primary":true,"label":null,"line_end":19,"line_start":19,"suggested_replacement":null,"suggestion_applicability":null,"text":[{"highlight_end":25,"highlight_start":9,"text":"pub use input_manager::*;"}]}]}}
{"reason":"compiler-message","package_id":"path+file:///Users/bradyjeong/Documents/Projects/Amp/gta4/gta_game/gameplay_sim#0.1.0","manifest_path":"/Users/bradyjeong/Documents/Projects/Amp/gta4/gta_game/gameplay_sim/Cargo.toml","target":{"kind":["lib"],"crate_types":["lib"],"name":"gameplay_sim","src_path":"/Users/bradyjeong/Documents/Projects/Amp/gta4/gta_game/gameplay_sim/src/lib.rs","edition":"2021","doc":true,"doctest":true,"test":true},"message":{"rendered":"warning: unused import: `control_manager_ext::*`\n  --> gameplay_sim/src/input/mod.rs:22:9\n   |\n22 | pub use control_manager_ext::*;\n   |         ^^^^^^^^^^^^^^^^^^^^^^\n\n","$message_type":"diagnostic","children":[{"children":[],"code":null,"level":"help","message":"remove the whole `use` item","rendered":null,"spans":[{"byte_end":813,"byte_start":781,"column_end":33,"column_start":1,"expansion":null,"file_name":"gameplay_sim/src/input/mod.rs","is_primary":true,"label":null,"line_end":22,"line_start":22,"suggested_replacement":"","suggestion_applicability":"MachineApplicable","text":[{"highlight_end":33,"highlight_start":1,"text":"pub use control_manager_ext::*;"}]}]}],"code":{"code":"unused_imports","explanation":null},"level":"warning","message":"unused import: `control_manager_ext::*`","spans":[{"byte_end":811,"byte_start":789,"column_end":31,"column_start":9,"expansion":null,"file_name":"gameplay_sim/src/input/mod.rs","is_primary":true,"label":null,"line_end":22,"line_start":22,"suggested_replacement":null,"suggestion_applicability":null,"text":[{"highlight_end":31,"highlight_start":9,"text":"pub use control_manager_ext::*;"}]}]}}
{"reason":"compiler-message","package_id":"path+file:///Users/bradyjeong/Documents/Projects/Amp/gta4/gta_game/gameplay_sim#0.1.0","manifest_path":"/Users/bradyjeong/Documents/Projects/Amp/gta4/gta_game/gameplay_sim/Cargo.toml","target":{"kind":["lib"],"crate_types":["lib"],"name":"gameplay_sim","src_path":"/Users/bradyjeong/Documents/Projects/Amp/gta4/gta_game/gameplay_sim/src/lib.rs","edition":"2021","doc":true,"doctest":true,"test":true},"message":{"rendered":"warning: unused import: `modern_lod_system::*`\n  --> gameplay_sim/src/lod/mod.rs:14:9\n   |\n14 | pub use modern_lod_system::*;\n   |         ^^^^^^^^^^^^^^^^^^^^\n\n","$message_type":"diagnostic","children":[{"children":[],"code":null,"level":"help","message":"remove the whole `use` item","rendered":null,"spans":[{"byte_end":594,"byte_start":564,"column_end":31,"column_start":1,"expansion":null,"file_name":"gameplay_sim/src/lod/mod.rs","is_primary":true,"label":null,"line_end":14,"line_start":14,"suggested_replacement":"","suggestion_applicability":"MachineApplicable","text":[{"highlight_end":31,"highlight_start":1,"text":"pub use modern_lod_system::*;"}]}]}],"code":{"code":"unused_imports","explanation":null},"level":"warning","message":"unused import: `modern_lod_system::*`","spans":[{"byte_end":592,"byte_start":572,"column_end":29,"column_start":9,"expansion":null,"file_name":"gameplay_sim/src/lod/mod.rs","is_primary":true,"label":null,"line_end":14,"line_start":14,"suggested_replacement":null,"suggestion_applicability":null,"text":[{"highlight_end":29,"highlight_start":9,"text":"pub use modern_lod_system::*;"}]}]}}
{"reason":"compiler-message","package_id":"path+file:///Users/bradyjeong/Documents/Projects/Amp/gta4/gta_game/gameplay_sim#0.1.0","manifest_path":"/Users/bradyjeong/Documents/Projects/Amp/gta4/gta_game/gameplay_sim/Cargo.toml","target":{"kind":["lib"],"crate_types":["lib"],"name":"gameplay_sim","src_path":"/Users/bradyjeong/Documents/Projects/Amp/gta4/gta_game/gameplay_sim/src/lib.rs","edition":"2021","doc":true,"doctest":true,"test":true},"message":{"rendered":"warning: unused imports: `ConfigService`, `EnhancedTimingService`, `PhysicsService`, `initialize_simple_services`, and `update_timing_service_system`\n --> gameplay_sim/src/services/mod.rs:4:27\n  |\n4 | pub use simple_services::{ConfigService, PhysicsService, EnhancedTimingService, initialize_simple_services, update_timing_service_system};\n  |                           ^^^^^^^^^^^^^  ^^^^^^^^^^^^^^  ^^^^^^^^^^^^^^^^^^^^^  ^^^^^^^^^^^^^^^^^^^^^^^^^^  ^^^^^^^^^^^^^^^^^^^^^^^^^^^^\n\n","$message_type":"diagnostic","children":[{"children":[],"code":null,"level":"help","message":"remove the whole `use` item","rendered":null,"spans":[{"byte_end":191,"byte_start":52,"column_end":1,"column_start":1,"expansion":null,"file_name":"gameplay_sim/src/services/mod.rs","is_primary":true,"label":null,"line_end":5,"line_start":4,"suggested_replacement":"","suggestion_applicability":"MachineApplicable","text":[{"highlight_end":139,"highlight_start":1,"text":"pub use simple_services::{ConfigService, PhysicsService, EnhancedTimingService, initialize_simple_services, update_timing_service_system};"},{"highlight_end":1,"highlight_start":1,"text":"pub use ground_detection::{GroundDetectionService, GroundDetectionPlugin};"}]}]}],"code":{"code":"unused_imports","explanation":null},"level":"warning","message":"unused imports: `ConfigService`, `EnhancedTimingService`, `PhysicsService`, `initialize_simple_services`, and `update_timing_service_system`","spans":[{"byte_end":91,"byte_start":78,"column_end":40,"column_start":27,"expansion":null,"file_name":"gameplay_sim/src/services/mod.rs","is_primary":true,"label":null,"line_end":4,"line_start":4,"suggested_replacement":null,"suggestion_applicability":null,"text":[{"highlight_end":40,"highlight_start":27,"text":"pub use simple_services::{ConfigService, PhysicsService, EnhancedTimingService, initialize_simple_services, update_timing_service_system};"}]},{"byte_end":107,"byte_start":93,"column_end":56,"column_start":42,"expansion":null,"file_name":"gameplay_sim/src/services/mod.rs","is_primary":true,"label":null,"line_end":4,"line_start":4,"suggested_replacement":null,"suggestion_applicability":null,"text":[{"highlight_end":56,"highlight_start":42,"text":"pub use simple_services::{ConfigService, PhysicsService, EnhancedTimingService, initialize_simple_services, update_timing_service_system};"}]},{"byte_end":130,"byte_start":109,"column_end":79,"column_start":58,"expansion":null,"file_name":"gameplay_sim/src/services/mod.rs","is_primary":true,"label":null,"line_end":4,"line_start":4,"suggested_replacement":null,"suggestion_applicability":null,"text":[{"highlight_end":79,"highlight_start":58,"text":"pub use simple_services::{ConfigService, PhysicsService, EnhancedTimingService, initialize_simple_services, update_timing_service_system};"}]},{"byte_end":158,"byte_start":132,"column_end":107,"column_start":81,"expansion":null,"file_name":"gameplay_sim/src/services/mod.rs","is_primary":true,"label":null,"line_end":4,"line_start":4,"suggested_replacement":null,"suggestion_applicability":null,"text":[{"highlight_end":107,"highlight_start":81,"text":"pub use simple_services::{ConfigService, PhysicsService, EnhancedTimingService, initialize_simple_services, update_timing_service_system};"}]},{"byte_end":188,"byte_start":160,"column_end":137,"column_start":109,"expansion":null,"file_name":"gameplay_sim/src/services/mod.rs","is_primary":true,"label":null,"line_end":4,"line_start":4,"suggested_replacement":null,"suggestion_applicability":null,"text":[{"highlight_end":137,"highlight_start":109,"text":"pub use simple_services::{ConfigService, PhysicsService, EnhancedTimingService, initialize_simple_services, update_timing_service_system};"}]}]}}
{"reason":"compiler-message","package_id":"path+file:///Users/bradyjeong/Documents/Projects/Amp/gta4/gta_game/gameplay_sim#0.1.0","manifest_path":"/Users/bradyjeong/Documents/Projects/Amp/gta4/gta_game/gameplay_sim/Cargo.toml","target":{"kind":["lib"],"crate_types":["lib"],"name":"gameplay_sim","src_path":"/Users/bradyjeong/Documents/Projects/Amp/gta4/gta_game/gameplay_sim/src/lib.rs","edition":"2021","doc":true,"doctest":true,"test":true},"message":{"rendered":"warning: unused imports: `GroundDetectionPlugin` and `GroundDetectionService`\n --> gameplay_sim/src/services/mod.rs:5:28\n  |\n5 | pub use ground_detection::{GroundDetectionService, GroundDetectionPlugin};\n  |                            ^^^^^^^^^^^^^^^^^^^^^^  ^^^^^^^^^^^^^^^^^^^^^\n\n","$message_type":"diagnostic","children":[{"children":[],"code":null,"level":"help","message":"remove the whole `use` item","rendered":null,"spans":[{"byte_end":266,"byte_start":191,"column_end":76,"column_start":1,"expansion":null,"file_name":"gameplay_sim/src/services/mod.rs","is_primary":true,"label":null,"line_end":5,"line_start":5,"suggested_replacement":"","suggestion_applicability":"MachineApplicable","text":[{"highlight_end":76,"highlight_start":1,"text":"pub use ground_detection::{GroundDetectionService, GroundDetectionPlugin};"}]}]}],"code":{"code":"unused_imports","explanation":null},"level":"warning","message":"unused imports: `GroundDetectionPlugin` and `GroundDetectionService`","spans":[{"byte_end":240,"byte_start":218,"column_end":50,"column_start":28,"expansion":null,"file_name":"gameplay_sim/src/services/mod.rs","is_primary":true,"label":null,"line_end":5,"line_start":5,"suggested_replacement":null,"suggestion_applicability":null,"text":[{"highlight_end":50,"highlight_start":28,"text":"pub use ground_detection::{GroundDetectionService, GroundDetectionPlugin};"}]},{"byte_end":263,"byte_start":242,"column_end":73,"column_start":52,"expansion":null,"file_name":"gameplay_sim/src/services/mod.rs","is_primary":true,"label":null,"line_end":5,"line_start":5,"suggested_replacement":null,"suggestion_applicability":null,"text":[{"highlight_end":73,"highlight_start":52,"text":"pub use ground_detection::{GroundDetectionService, GroundDetectionPlugin};"}]}]}}
{"reason":"compiler-message","package_id":"path+file:///Users/bradyjeong/Documents/Projects/Amp/gta4/gta_game/gameplay_sim#0.1.0","manifest_path":"/Users/bradyjeong/Documents/Projects/Amp/gta4/gta_game/gameplay_sim/Cargo.toml","target":{"kind":["lib"],"crate_types":["lib"],"name":"gameplay_sim","src_path":"/Users/bradyjeong/Documents/Projects/Amp/gta4/gta_game/gameplay_sim/src/lib.rs","edition":"2021","doc":true,"doctest":true,"test":true},"message":{"rendered":"warning: unused imports: `debug`, `error`, and `info`\n --> gameplay_sim/src/physics/utilities.rs:6:15\n  |\n6 | use tracing::{info, warn, error, debug};\n  |               ^^^^        ^^^^^  ^^^^^\n\n","$message_type":"diagnostic","children":[{"children":[],"code":null,"level":"help","message":"remove the unused imports","rendered":null,"spans":[{"byte_end":234,"byte_start":228,"column_end":21,"column_start":15,"expansion":null,"file_name":"gameplay_sim/src/physics/utilities.rs","is_primary":true,"label":null,"line_end":6,"line_start":6,"suggested_replacement":"","suggestion_applicability":"MachineApplicable","text":[{"highlight_end":21,"highlight_start":15,"text":"use tracing::{info, warn, error, debug};"}]},{"byte_end":252,"byte_start":238,"column_end":39,"column_start":25,"expansion":null,"file_name":"gameplay_sim/src/physics/utilities.rs","is_primary":true,"label":null,"line_end":6,"line_start":6,"suggested_replacement":"","suggestion_applicability":"MachineApplicable","text":[{"highlight_end":39,"highlight_start":25,"text":"use tracing::{info, warn, error, debug};"}]},{"byte_end":228,"byte_start":227,"column_end":15,"column_start":14,"expansion":null,"file_name":"gameplay_sim/src/physics/utilities.rs","is_primary":true,"label":null,"line_end":6,"line_start":6,"suggested_replacement":"","suggestion_applicability":"MachineApplicable","text":[{"highlight_end":15,"highlight_start":14,"text":"use tracing::{info, warn, error, debug};"}]},{"byte_end":253,"byte_start":252,"column_end":40,"column_start":39,"expansion":null,"file_name":"gameplay_sim/src/physics/utilities.rs","is_primary":true,"label":null,"line_end":6,"line_start":6,"suggested_replacement":"","suggestion_applicability":"MachineApplicable","text":[{"highlight_end":40,"highlight_start":39,"text":"use tracing::{info, warn, error, debug};"}]}]}],"code":{"code":"unused_imports","explanation":null},"level":"warning","message":"unused imports: `debug`, `error`, and `info`","spans":[{"byte_end":232,"byte_start":228,"column_end":19,"column_start":15,"expansion":null,"file_name":"gameplay_sim/src/physics/utilities.rs","is_primary":true,"label":null,"line_end":6,"line_start":6,"suggested_replacement":null,"suggestion_applicability":null,"text":[{"highlight_end":19,"highlight_start":15,"text":"use tracing::{info, warn, error, debug};"}]},{"byte_end":245,"byte_start":240,"column_end":32,"column_start":27,"expansion":null,"file_name":"gameplay_sim/src/physics/utilities.rs","is_primary":true,"label":null,"line_end":6,"line_start":6,"suggested_replacement":null,"suggestion_applicability":null,"text":[{"highlight_end":32,"highlight_start":27,"text":"use tracing::{info, warn, error, debug};"}]},{"byte_end":252,"byte_start":247,"column_end":39,"column_start":34,"expansion":null,"file_name":"gameplay_sim/src/physics/utilities.rs","is_primary":true,"label":null,"line_end":6,"line_start":6,"suggested_replacement":null,"suggestion_applicability":null,"text":[{"highlight_end":39,"highlight_start":34,"text":"use tracing::{info, warn, error, debug};"}]}]}}
{"reason":"compiler-message","package_id":"path+file:///Users/bradyjeong/Documents/Projects/Amp/gta4/gta_game/gameplay_sim#0.1.0","manifest_path":"/Users/bradyjeong/Documents/Projects/Amp/gta4/gta_game/gameplay_sim/Cargo.toml","target":{"kind":["lib"],"crate_types":["lib"],"name":"gameplay_sim","src_path":"/Users/bradyjeong/Documents/Projects/Amp/gta4/gta_game/gameplay_sim/src/lib.rs","edition":"2021","doc":true,"doctest":true,"test":true},"message":{"rendered":"warning: unused import: `bevy::prelude::*`\n --> gameplay_sim/src/physics/safeguards.rs:4:5\n  |\n4 | use bevy::prelude::*;\n  |     ^^^^^^^^^^^^^^^^\n\n","$message_type":"diagnostic","children":[{"children":[],"code":null,"level":"help","message":"remove the whole `use` item","rendered":null,"spans":[{"byte_end":182,"byte_start":160,"column_end":23,"column_start":1,"expansion":null,"file_name":"gameplay_sim/src/physics/safeguards.rs","is_primary":true,"label":null,"line_end":4,"line_start":4,"suggested_replacement":"","suggestion_applicability":"MachineApplicable","text":[{"highlight_end":23,"highlight_start":1,"text":"use bevy::prelude::*;"}]}]}],"code":{"code":"unused_imports","explanation":null},"level":"warning","message":"unused import: `bevy::prelude::*`","spans":[{"byte_end":180,"byte_start":164,"column_end":21,"column_start":5,"expansion":null,"file_name":"gameplay_sim/src/physics/safeguards.rs","is_primary":true,"label":null,"line_end":4,"line_start":4,"suggested_replacement":null,"suggestion_applicability":null,"text":[{"highlight_end":21,"highlight_start":5,"text":"use bevy::prelude::*;"}]}]}}
{"reason":"compiler-message","package_id":"path+file:///Users/bradyjeong/Documents/Projects/Amp/gta4/gta_game/gameplay_sim#0.1.0","manifest_path":"/Users/bradyjeong/Documents/Projects/Amp/gta4/gta_game/gameplay_sim/Cargo.toml","target":{"kind":["lib"],"crate_types":["lib"],"name":"gameplay_sim","src_path":"/Users/bradyjeong/Documents/Projects/Amp/gta4/gta_game/gameplay_sim/src/lib.rs","edition":"2021","doc":true,"doctest":true,"test":true},"message":{"rendered":"warning: unused import: `world::*`\n --> gameplay_sim/src/setup/mod.rs:9:9\n  |\n9 | pub use world::*;\n  |         ^^^^^^^^\n\n","$message_type":"diagnostic","children":[{"children":[],"code":null,"level":"help","message":"remove the whole `use` item","rendered":null,"spans":[{"byte_end":148,"byte_start":130,"column_end":1,"column_start":1,"expansion":null,"file_name":"gameplay_sim/src/setup/mod.rs","is_primary":true,"label":null,"line_end":10,"line_start":9,"suggested_replacement":"","suggestion_applicability":"MachineApplicable","text":[{"highlight_end":18,"highlight_start":1,"text":"pub use world::*;"},{"highlight_end":1,"highlight_start":1,"text":"pub use vehicles::*;"}]}]}],"code":{"code":"unused_imports","explanation":null},"level":"warning","message":"unused import: `world::*`","spans":[{"byte_end":146,"byte_start":138,"column_end":17,"column_start":9,"expansion":null,"file_name":"gameplay_sim/src/setup/mod.rs","is_primary":true,"label":null,"line_end":9,"line_start":9,"suggested_replacement":null,"suggestion_applicability":null,"text":[{"highlight_end":17,"highlight_start":9,"text":"pub use world::*;"}]}]}}
{"reason":"compiler-message","package_id":"path+file:///Users/bradyjeong/Documents/Projects/Amp/gta4/gta_game/gameplay_sim#0.1.0","manifest_path":"/Users/bradyjeong/Documents/Projects/Amp/gta4/gta_game/gameplay_sim/Cargo.toml","target":{"kind":["lib"],"crate_types":["lib"],"name":"gameplay_sim","src_path":"/Users/bradyjeong/Documents/Projects/Amp/gta4/gta_game/gameplay_sim/src/lib.rs","edition":"2021","doc":true,"doctest":true,"test":true},"message":{"rendered":"warning: unused import: `vehicles::*`\n  --> gameplay_sim/src/setup/mod.rs:10:9\n   |\n10 | pub use vehicles::*;\n   |         ^^^^^^^^^^^\n\n","$message_type":"diagnostic","children":[{"children":[],"code":null,"level":"help","message":"remove the whole `use` item","rendered":null,"spans":[{"byte_end":169,"byte_start":148,"column_end":1,"column_start":1,"expansion":null,"file_name":"gameplay_sim/src/setup/mod.rs","is_primary":true,"label":null,"line_end":11,"line_start":10,"suggested_replacement":"","suggestion_applicability":"MachineApplicable","text":[{"highlight_end":21,"highlight_start":1,"text":"pub use vehicles::*;"},{"highlight_end":1,"highlight_start":1,"text":"pub use environment::*;"}]}]}],"code":{"code":"unused_imports","explanation":null},"level":"warning","message":"unused import: `vehicles::*`","spans":[{"byte_end":167,"byte_start":156,"column_end":20,"column_start":9,"expansion":null,"file_name":"gameplay_sim/src/setup/mod.rs","is_primary":true,"label":null,"line_end":10,"line_start":10,"suggested_replacement":null,"suggestion_applicability":null,"text":[{"highlight_end":20,"highlight_start":9,"text":"pub use vehicles::*;"}]}]}}
{"reason":"compiler-message","package_id":"path+file:///Users/bradyjeong/Documents/Projects/Amp/gta4/gta_game/gameplay_sim#0.1.0","manifest_path":"/Users/bradyjeong/Documents/Projects/Amp/gta4/gta_game/gameplay_sim/Cargo.toml","target":{"kind":["lib"],"crate_types":["lib"],"name":"gameplay_sim","src_path":"/Users/bradyjeong/Documents/Projects/Amp/gta4/gta_game/gameplay_sim/src/lib.rs","edition":"2021","doc":true,"doctest":true,"test":true},"message":{"rendered":"warning: unused import: `environment::*`\n  --> gameplay_sim/src/setup/mod.rs:11:9\n   |\n11 | pub use environment::*;\n   |         ^^^^^^^^^^^^^^\n\n","$message_type":"diagnostic","children":[{"children":[],"code":null,"level":"help","message":"remove the whole `use` item","rendered":null,"spans":[{"byte_end":193,"byte_start":169,"column_end":1,"column_start":1,"expansion":null,"file_name":"gameplay_sim/src/setup/mod.rs","is_primary":true,"label":null,"line_end":12,"line_start":11,"suggested_replacement":"","suggestion_applicability":"MachineApplicable","text":[{"highlight_end":24,"highlight_start":1,"text":"pub use environment::*;"},{"highlight_end":1,"highlight_start":1,"text":"pub use unified_vehicles::*;"}]}]}],"code":{"code":"unused_imports","explanation":null},"level":"warning","message":"unused import: `environment::*`","spans":[{"byte_end":191,"byte_start":177,"column_end":23,"column_start":9,"expansion":null,"file_name":"gameplay_sim/src/setup/mod.rs","is_primary":true,"label":null,"line_end":11,"line_start":11,"suggested_replacement":null,"suggestion_applicability":null,"text":[{"highlight_end":23,"highlight_start":9,"text":"pub use environment::*;"}]}]}}
{"reason":"compiler-message","package_id":"path+file:///Users/bradyjeong/Documents/Projects/Amp/gta4/gta_game/gameplay_sim#0.1.0","manifest_path":"/Users/bradyjeong/Documents/Projects/Amp/gta4/gta_game/gameplay_sim/Cargo.toml","target":{"kind":["lib"],"crate_types":["lib"],"name":"gameplay_sim","src_path":"/Users/bradyjeong/Documents/Projects/Amp/gta4/gta_game/gameplay_sim/src/lib.rs","edition":"2021","doc":true,"doctest":true,"test":true},"message":{"rendered":"warning: unused import: `unified_vehicles::*`\n  --> gameplay_sim/src/setup/mod.rs:12:9\n   |\n12 | pub use unified_vehicles::*;\n   |         ^^^^^^^^^^^^^^^^^^^\n\n","$message_type":"diagnostic","children":[{"children":[],"code":null,"level":"help","message":"remove the whole `use` item","rendered":null,"spans":[{"byte_end":222,"byte_start":193,"column_end":1,"column_start":1,"expansion":null,"file_name":"gameplay_sim/src/setup/mod.rs","is_primary":true,"label":null,"line_end":13,"line_start":12,"suggested_replacement":"","suggestion_applicability":"MachineApplicable","text":[{"highlight_end":29,"highlight_start":1,"text":"pub use unified_vehicles::*;"},{"highlight_end":1,"highlight_start":1,"text":"pub use unified_npcs::*;"}]}]}],"code":{"code":"unused_imports","explanation":null},"level":"warning","message":"unused import: `unified_vehicles::*`","spans":[{"byte_end":220,"byte_start":201,"column_end":28,"column_start":9,"expansion":null,"file_name":"gameplay_sim/src/setup/mod.rs","is_primary":true,"label":null,"line_end":12,"line_start":12,"suggested_replacement":null,"suggestion_applicability":null,"text":[{"highlight_end":28,"highlight_start":9,"text":"pub use unified_vehicles::*;"}]}]}}
{"reason":"compiler-message","package_id":"path+file:///Users/bradyjeong/Documents/Projects/Amp/gta4/gta_game/gameplay_sim#0.1.0","manifest_path":"/Users/bradyjeong/Documents/Projects/Amp/gta4/gta_game/gameplay_sim/Cargo.toml","target":{"kind":["lib"],"crate_types":["lib"],"name":"gameplay_sim","src_path":"/Users/bradyjeong/Documents/Projects/Amp/gta4/gta_game/gameplay_sim/src/lib.rs","edition":"2021","doc":true,"doctest":true,"test":true},"message":{"rendered":"warning: unused import: `unified_npcs::*`\n  --> gameplay_sim/src/setup/mod.rs:13:9\n   |\n13 | pub use unified_npcs::*;\n   |         ^^^^^^^^^^^^^^^\n\n","$message_type":"diagnostic","children":[{"children":[],"code":null,"level":"help","message":"remove the whole `use` item","rendered":null,"spans":[{"byte_end":247,"byte_start":222,"column_end":1,"column_start":1,"expansion":null,"file_name":"gameplay_sim/src/setup/mod.rs","is_primary":true,"label":null,"line_end":14,"line_start":13,"suggested_replacement":"","suggestion_applicability":"MachineApplicable","text":[{"highlight_end":25,"highlight_start":1,"text":"pub use unified_npcs::*;"},{"highlight_end":1,"highlight_start":1,"text":"pub use unified_aircraft::*;"}]}]}],"code":{"code":"unused_imports","explanation":null},"level":"warning","message":"unused import: `unified_npcs::*`","spans":[{"byte_end":245,"byte_start":230,"column_end":24,"column_start":9,"expansion":null,"file_name":"gameplay_sim/src/setup/mod.rs","is_primary":true,"label":null,"line_end":13,"line_start":13,"suggested_replacement":null,"suggestion_applicability":null,"text":[{"highlight_end":24,"highlight_start":9,"text":"pub use unified_npcs::*;"}]}]}}
{"reason":"compiler-message","package_id":"path+file:///Users/bradyjeong/Documents/Projects/Amp/gta4/gta_game/gameplay_sim#0.1.0","manifest_path":"/Users/bradyjeong/Documents/Projects/Amp/gta4/gta_game/gameplay_sim/Cargo.toml","target":{"kind":["lib"],"crate_types":["lib"],"name":"gameplay_sim","src_path":"/Users/bradyjeong/Documents/Projects/Amp/gta4/gta_game/gameplay_sim/src/lib.rs","edition":"2021","doc":true,"doctest":true,"test":true},"message":{"rendered":"warning: unused import: `unified_aircraft::*`\n  --> gameplay_sim/src/setup/mod.rs:14:9\n   |\n14 | pub use unified_aircraft::*;\n   |         ^^^^^^^^^^^^^^^^^^^\n\n","$message_type":"diagnostic","children":[{"children":[],"code":null,"level":"help","message":"remove the whole `use` item","rendered":null,"spans":[{"byte_end":276,"byte_start":247,"column_end":30,"column_start":1,"expansion":null,"file_name":"gameplay_sim/src/setup/mod.rs","is_primary":true,"label":null,"line_end":14,"line_start":14,"suggested_replacement":"","suggestion_applicability":"MachineApplicable","text":[{"highlight_end":30,"highlight_start":1,"text":"pub use unified_aircraft::*;"}]}]}],"code":{"code":"unused_imports","explanation":null},"level":"warning","message":"unused import: `unified_aircraft::*`","spans":[{"byte_end":274,"byte_start":255,"column_end":28,"column_start":9,"expansion":null,"file_name":"gameplay_sim/src/setup/mod.rs","is_primary":true,"label":null,"line_end":14,"line_start":14,"suggested_replacement":null,"suggestion_applicability":null,"text":[{"highlight_end":28,"highlight_start":9,"text":"pub use unified_aircraft::*;"}]}]}}
{"reason":"compiler-message","package_id":"path+file:///Users/bradyjeong/Documents/Projects/Amp/gta4/gta_game/gameplay_sim#0.1.0","manifest_path":"/Users/bradyjeong/Documents/Projects/Amp/gta4/gta_game/gameplay_sim/Cargo.toml","target":{"kind":["lib"],"crate_types":["lib"],"name":"gameplay_sim","src_path":"/Users/bradyjeong/Documents/Projects/Amp/gta4/gta_game/gameplay_sim/src/lib.rs","edition":"2021","doc":true,"doctest":true,"test":true},"message":{"rendered":"warning: unused import: `player::*`\n  --> gameplay_sim/src/movement/mod.rs:23:9\n   |\n23 | pub use player::*;\n   |         ^^^^^^^^^\n\n","$message_type":"diagnostic","children":[{"children":[],"code":null,"level":"help","message":"remove the whole `use` item","rendered":null,"spans":[{"byte_end":819,"byte_start":800,"column_end":1,"column_start":1,"expansion":null,"file_name":"gameplay_sim/src/movement/mod.rs","is_primary":true,"label":null,"line_end":24,"line_start":23,"suggested_replacement":"","suggestion_applicability":"MachineApplicable","text":[{"highlight_end":19,"highlight_start":1,"text":"pub use player::*;"},{"highlight_end":1,"highlight_start":1,"text":"pub use vehicles::*;"}]}]}],"code":{"code":"unused_imports","explanation":null},"level":"warning","message":"unused import: `player::*`","spans":[{"byte_end":817,"byte_start":808,"column_end":18,"column_start":9,"expansion":null,"file_name":"gameplay_sim/src/movement/mod.rs","is_primary":true,"label":null,"line_end":23,"line_start":23,"suggested_replacement":null,"suggestion_applicability":null,"text":[{"highlight_end":18,"highlight_start":9,"text":"pub use player::*;"}]}]}}
{"reason":"compiler-message","package_id":"path+file:///Users/bradyjeong/Documents/Projects/Amp/gta4/gta_game/gameplay_sim#0.1.0","manifest_path":"/Users/bradyjeong/Documents/Projects/Amp/gta4/gta_game/gameplay_sim/Cargo.toml","target":{"kind":["lib"],"crate_types":["lib"],"name":"gameplay_sim","src_path":"/Users/bradyjeong/Documents/Projects/Amp/gta4/gta_game/gameplay_sim/src/lib.rs","edition":"2021","doc":true,"doctest":true,"test":true},"message":{"rendered":"warning: unused import: `vehicles::*`\n  --> gameplay_sim/src/movement/mod.rs:24:9\n   |\n24 | pub use vehicles::*;\n   |         ^^^^^^^^^^^\n\n","$message_type":"diagnostic","children":[{"children":[],"code":null,"level":"help","message":"remove the whole `use` item","rendered":null,"spans":[{"byte_end":840,"byte_start":819,"column_end":1,"column_start":1,"expansion":null,"file_name":"gameplay_sim/src/movement/mod.rs","is_primary":true,"label":null,"line_end":25,"line_start":24,"suggested_replacement":"","suggestion_applicability":"MachineApplicable","text":[{"highlight_end":21,"highlight_start":1,"text":"pub use vehicles::*;"},{"highlight_end":1,"highlight_start":1,"text":"pub use aircraft::*;"}]}]}],"code":{"code":"unused_imports","explanation":null},"level":"warning","message":"unused import: `vehicles::*`","spans":[{"byte_end":838,"byte_start":827,"column_end":20,"column_start":9,"expansion":null,"file_name":"gameplay_sim/src/movement/mod.rs","is_primary":true,"label":null,"line_end":24,"line_start":24,"suggested_replacement":null,"suggestion_applicability":null,"text":[{"highlight_end":20,"highlight_start":9,"text":"pub use vehicles::*;"}]}]}}
{"reason":"compiler-message","package_id":"path+file:///Users/bradyjeong/Documents/Projects/Amp/gta4/gta_game/gameplay_sim#0.1.0","manifest_path":"/Users/bradyjeong/Documents/Projects/Amp/gta4/gta_game/gameplay_sim/Cargo.toml","target":{"kind":["lib"],"crate_types":["lib"],"name":"gameplay_sim","src_path":"/Users/bradyjeong/Documents/Projects/Amp/gta4/gta_game/gameplay_sim/src/lib.rs","edition":"2021","doc":true,"doctest":true,"test":true},"message":{"rendered":"warning: unused import: `aircraft::*`\n  --> gameplay_sim/src/movement/mod.rs:25:9\n   |\n25 | pub use aircraft::*;\n   |         ^^^^^^^^^^^\n\n","$message_type":"diagnostic","children":[{"children":[],"code":null,"level":"help","message":"remove the whole `use` item","rendered":null,"spans":[{"byte_end":861,"byte_start":840,"column_end":1,"column_start":1,"expansion":null,"file_name":"gameplay_sim/src/movement/mod.rs","is_primary":true,"label":null,"line_end":26,"line_start":25,"suggested_replacement":"","suggestion_applicability":"MachineApplicable","text":[{"highlight_end":21,"highlight_start":1,"text":"pub use aircraft::*;"},{"highlight_end":1,"highlight_start":1,"text":"pub use realistic_vehicle_physics::*;"}]}]}],"code":{"code":"unused_imports","explanation":null},"level":"warning","message":"unused import: `aircraft::*`","spans":[{"byte_end":859,"byte_start":848,"column_end":20,"column_start":9,"expansion":null,"file_name":"gameplay_sim/src/movement/mod.rs","is_primary":true,"label":null,"line_end":25,"line_start":25,"suggested_replacement":null,"suggestion_applicability":null,"text":[{"highlight_end":20,"highlight_start":9,"text":"pub use aircraft::*;"}]}]}}
{"reason":"compiler-message","package_id":"path+file:///Users/bradyjeong/Documents/Projects/Amp/gta4/gta_game/gameplay_sim#0.1.0","manifest_path":"/Users/bradyjeong/Documents/Projects/Amp/gta4/gta_game/gameplay_sim/Cargo.toml","target":{"kind":["lib"],"crate_types":["lib"],"name":"gameplay_sim","src_path":"/Users/bradyjeong/Documents/Projects/Amp/gta4/gta_game/gameplay_sim/src/lib.rs","edition":"2021","doc":true,"doctest":true,"test":true},"message":{"rendered":"warning: unused import: `realistic_vehicle_physics::*`\n  --> gameplay_sim/src/movement/mod.rs:26:9\n   |\n26 | pub use realistic_vehicle_physics::*;\n   |         ^^^^^^^^^^^^^^^^^^^^^^^^^^^^\n\n","$message_type":"diagnostic","children":[{"children":[],"code":null,"level":"help","message":"remove the whole `use` item","rendered":null,"spans":[{"byte_end":899,"byte_start":861,"column_end":1,"column_start":1,"expansion":null,"file_name":"gameplay_sim/src/movement/mod.rs","is_primary":true,"label":null,"line_end":27,"line_start":26,"suggested_replacement":"","suggestion_applicability":"MachineApplicable","text":[{"highlight_end":38,"highlight_start":1,"text":"pub use realistic_vehicle_physics::*;"},{"highlight_end":1,"highlight_start":1,"text":"pub use realistic_vehicle_input::*;"}]}]}],"code":{"code":"unused_imports","explanation":null},"level":"warning","message":"unused import: `realistic_vehicle_physics::*`","spans":[{"byte_end":897,"byte_start":869,"column_end":37,"column_start":9,"expansion":null,"file_name":"gameplay_sim/src/movement/mod.rs","is_primary":true,"label":null,"line_end":26,"line_start":26,"suggested_replacement":null,"suggestion_applicability":null,"text":[{"highlight_end":37,"highlight_start":9,"text":"pub use realistic_vehicle_physics::*;"}]}]}}
{"reason":"compiler-message","package_id":"path+file:///Users/bradyjeong/Documents/Projects/Amp/gta4/gta_game/gameplay_sim#0.1.0","manifest_path":"/Users/bradyjeong/Documents/Projects/Amp/gta4/gta_game/gameplay_sim/Cargo.toml","target":{"kind":["lib"],"crate_types":["lib"],"name":"gameplay_sim","src_path":"/Users/bradyjeong/Documents/Projects/Amp/gta4/gta_game/gameplay_sim/src/lib.rs","edition":"2021","doc":true,"doctest":true,"test":true},"message":{"rendered":"warning: unused import: `realistic_vehicle_input::*`\n  --> gameplay_sim/src/movement/mod.rs:27:9\n   |\n27 | pub use realistic_vehicle_input::*;\n   |         ^^^^^^^^^^^^^^^^^^^^^^^^^^\n\n","$message_type":"diagnostic","children":[{"children":[],"code":null,"level":"help","message":"remove the whole `use` item","rendered":null,"spans":[{"byte_end":935,"byte_start":899,"column_end":1,"column_start":1,"expansion":null,"file_name":"gameplay_sim/src/movement/mod.rs","is_primary":true,"label":null,"line_end":28,"line_start":27,"suggested_replacement":"","suggestion_applicability":"MachineApplicable","text":[{"highlight_end":36,"highlight_start":1,"text":"pub use realistic_vehicle_input::*;"},{"highlight_end":1,"highlight_start":1,"text":"pub use realistic_vehicle_physics_core::*;"}]}]}],"code":{"code":"unused_imports","explanation":null},"level":"warning","message":"unused import: `realistic_vehicle_input::*`","spans":[{"byte_end":933,"byte_start":907,"column_end":35,"column_start":9,"expansion":null,"file_name":"gameplay_sim/src/movement/mod.rs","is_primary":true,"label":null,"line_end":27,"line_start":27,"suggested_replacement":null,"suggestion_applicability":null,"text":[{"highlight_end":35,"highlight_start":9,"text":"pub use realistic_vehicle_input::*;"}]}]}}
{"reason":"compiler-message","package_id":"path+file:///Users/bradyjeong/Documents/Projects/Amp/gta4/gta_game/gameplay_sim#0.1.0","manifest_path":"/Users/bradyjeong/Documents/Projects/Amp/gta4/gta_game/gameplay_sim/Cargo.toml","target":{"kind":["lib"],"crate_types":["lib"],"name":"gameplay_sim","src_path":"/Users/bradyjeong/Documents/Projects/Amp/gta4/gta_game/gameplay_sim/src/lib.rs","edition":"2021","doc":true,"doctest":true,"test":true},"message":{"rendered":"warning: unused import: `realistic_vehicle_physics_core::*`\n  --> gameplay_sim/src/movement/mod.rs:28:9\n   |\n28 | pub use realistic_vehicle_physics_core::*;\n   |         ^^^^^^^^^^^^^^^^^^^^^^^^^^^^^^^^^\n\n","$message_type":"diagnostic","children":[{"children":[],"code":null,"level":"help","message":"remove the whole `use` item","rendered":null,"spans":[{"byte_end":978,"byte_start":935,"column_end":1,"column_start":1,"expansion":null,"file_name":"gameplay_sim/src/movement/mod.rs","is_primary":true,"label":null,"line_end":29,"line_start":28,"suggested_replacement":"","suggestion_applicability":"MachineApplicable","text":[{"highlight_end":43,"highlight_start":1,"text":"pub use realistic_vehicle_physics_core::*;"},{"highlight_end":1,"highlight_start":1,"text":"pub use supercar_input::*;"}]}]}],"code":{"code":"unused_imports","explanation":null},"level":"warning","message":"unused import: `realistic_vehicle_physics_core::*`","spans":[{"byte_end":976,"byte_start":943,"column_end":42,"column_start":9,"expansion":null,"file_name":"gameplay_sim/src/movement/mod.rs","is_primary":true,"label":null,"line_end":28,"line_start":28,"suggested_replacement":null,"suggestion_applicability":null,"text":[{"highlight_end":42,"highlight_start":9,"text":"pub use realistic_vehicle_physics_core::*;"}]}]}}
{"reason":"compiler-message","package_id":"path+file:///Users/bradyjeong/Documents/Projects/Amp/gta4/gta_game/gameplay_sim#0.1.0","manifest_path":"/Users/bradyjeong/Documents/Projects/Amp/gta4/gta_game/gameplay_sim/Cargo.toml","target":{"kind":["lib"],"crate_types":["lib"],"name":"gameplay_sim","src_path":"/Users/bradyjeong/Documents/Projects/Amp/gta4/gta_game/gameplay_sim/src/lib.rs","edition":"2021","doc":true,"doctest":true,"test":true},"message":{"rendered":"warning: unused imports: `MaterialFactory`, `RenderingBundleType`, and `StandardRenderingPattern`\n --> gameplay_sim/src/water.rs:4:24\n  |\n4 | use crate::factories::{MaterialFactory, RenderingFactory, StandardRenderingPattern, RenderingBundleType};\n  |                        ^^^^^^^^^^^^^^^                    ^^^^^^^^^^^^^^^^^^^^^^^^  ^^^^^^^^^^^^^^^^^^^\n\n","$message_type":"diagnostic","children":[{"children":[],"code":null,"level":"help","message":"remove the unused imports","rendered":null,"spans":[{"byte_end":120,"byte_start":103,"column_end":41,"column_start":24,"expansion":null,"file_name":"gameplay_sim/src/water.rs","is_primary":true,"label":null,"line_end":4,"line_start":4,"suggested_replacement":"","suggestion_applicability":"MachineApplicable","text":[{"highlight_end":41,"highlight_start":24,"text":"use crate::factories::{MaterialFactory, RenderingFactory, StandardRenderingPattern, RenderingBundleType};"}]},{"byte_end":183,"byte_start":136,"column_end":104,"column_start":57,"expansion":null,"file_name":"gameplay_sim/src/water.rs","is_primary":true,"label":null,"line_end":4,"line_start":4,"suggested_replacement":"","suggestion_applicability":"MachineApplicable","text":[{"highlight_end":104,"highlight_start":57,"text":"use crate::factories::{MaterialFactory, RenderingFactory, StandardRenderingPattern, RenderingBundleType};"}]},{"byte_end":103,"byte_start":102,"column_end":24,"column_start":23,"expansion":null,"file_name":"gameplay_sim/src/water.rs","is_primary":true,"label":null,"line_end":4,"line_start":4,"suggested_replacement":"","suggestion_applicability":"MachineApplicable","text":[{"highlight_end":24,"highlight_start":23,"text":"use crate::factories::{MaterialFactory, RenderingFactory, StandardRenderingPattern, RenderingBundleType};"}]},{"byte_end":184,"byte_start":183,"column_end":105,"column_start":104,"expansion":null,"file_name":"gameplay_sim/src/water.rs","is_primary":true,"label":null,"line_end":4,"line_start":4,"suggested_replacement":"","suggestion_applicability":"MachineApplicable","text":[{"highlight_end":105,"highlight_start":104,"text":"use crate::factories::{MaterialFactory, RenderingFactory, StandardRenderingPattern, RenderingBundleType};"}]}]}],"code":{"code":"unused_imports","explanation":null},"level":"warning","message":"unused imports: `MaterialFactory`, `RenderingBundleType`, and `StandardRenderingPattern`","spans":[{"byte_end":118,"byte_start":103,"column_end":39,"column_start":24,"expansion":null,"file_name":"gameplay_sim/src/water.rs","is_primary":true,"label":null,"line_end":4,"line_start":4,"suggested_replacement":null,"suggestion_applicability":null,"text":[{"highlight_end":39,"highlight_start":24,"text":"use crate::factories::{MaterialFactory, RenderingFactory, StandardRenderingPattern, RenderingBundleType};"}]},{"byte_end":162,"byte_start":138,"column_end":83,"column_start":59,"expansion":null,"file_name":"gameplay_sim/src/water.rs","is_primary":true,"label":null,"line_end":4,"line_start":4,"suggested_replacement":null,"suggestion_applicability":null,"text":[{"highlight_end":83,"highlight_start":59,"text":"use crate::factories::{MaterialFactory, RenderingFactory, StandardRenderingPattern, RenderingBundleType};"}]},{"byte_end":183,"byte_start":164,"column_end":104,"column_start":85,"expansion":null,"file_name":"gameplay_sim/src/water.rs","is_primary":true,"label":null,"line_end":4,"line_start":4,"suggested_replacement":null,"suggestion_applicability":null,"text":[{"highlight_end":104,"highlight_start":85,"text":"use crate::factories::{MaterialFactory, RenderingFactory, StandardRenderingPattern, RenderingBundleType};"}]}]}}
{"reason":"compiler-message","package_id":"path+file:///Users/bradyjeong/Documents/Projects/Amp/gta4/gta_game/gameplay_sim#0.1.0","manifest_path":"/Users/bradyjeong/Documents/Projects/Amp/gta4/gta_game/gameplay_sim/Cargo.toml","target":{"kind":["lib"],"crate_types":["lib"],"name":"gameplay_sim","src_path":"/Users/bradyjeong/Documents/Projects/Amp/gta4/gta_game/gameplay_sim/src/lib.rs","edition":"2021","doc":true,"doctest":true,"test":true},"message":{"rendered":"warning: unused import: `supercar_input::*`\n  --> gameplay_sim/src/movement/mod.rs:29:9\n   |\n29 | pub use supercar_input::*;\n   |         ^^^^^^^^^^^^^^^^^\n\n","$message_type":"diagnostic","children":[{"children":[],"code":null,"level":"help","message":"remove the whole `use` item","rendered":null,"spans":[{"byte_end":1005,"byte_start":978,"column_end":1,"column_start":1,"expansion":null,"file_name":"gameplay_sim/src/movement/mod.rs","is_primary":true,"label":null,"line_end":30,"line_start":29,"suggested_replacement":"","suggestion_applicability":"MachineApplicable","text":[{"highlight_end":27,"highlight_start":1,"text":"pub use supercar_input::*;"},{"highlight_end":1,"highlight_start":1,"text":"pub use supercar_physics::*;"}]}]}],"code":{"code":"unused_imports","explanation":null},"level":"warning","message":"unused import: `supercar_input::*`","spans":[{"byte_end":1003,"byte_start":986,"column_end":26,"column_start":9,"expansion":null,"file_name":"gameplay_sim/src/movement/mod.rs","is_primary":true,"label":null,"line_end":29,"line_start":29,"suggested_replacement":null,"suggestion_applicability":null,"text":[{"highlight_end":26,"highlight_start":9,"text":"pub use supercar_input::*;"}]}]}}
{"reason":"compiler-message","package_id":"path+file:///Users/bradyjeong/Documents/Projects/Amp/gta4/gta_game/gameplay_sim#0.1.0","manifest_path":"/Users/bradyjeong/Documents/Projects/Amp/gta4/gta_game/gameplay_sim/Cargo.toml","target":{"kind":["lib"],"crate_types":["lib"],"name":"gameplay_sim","src_path":"/Users/bradyjeong/Documents/Projects/Amp/gta4/gta_game/gameplay_sim/src/lib.rs","edition":"2021","doc":true,"doctest":true,"test":true},"message":{"rendered":"warning: unused import: `bevy::asset::Assets`\n --> gameplay_sim/src/bevy16_compat.rs:4:5\n  |\n4 | use bevy::asset::Assets;\n  |     ^^^^^^^^^^^^^^^^^^^\n\n","$message_type":"diagnostic","children":[{"children":[],"code":null,"level":"help","message":"remove the whole `use` item","rendered":null,"spans":[{"byte_end":107,"byte_start":82,"column_end":1,"column_start":1,"expansion":null,"file_name":"gameplay_sim/src/bevy16_compat.rs","is_primary":true,"label":null,"line_end":5,"line_start":4,"suggested_replacement":"","suggestion_applicability":"MachineApplicable","text":[{"highlight_end":25,"highlight_start":1,"text":"use bevy::asset::Assets;"},{"highlight_end":1,"highlight_start":1,"text":"use bevy::render::mesh::{Mesh, PrimitiveTopology};"}]}]}],"code":{"code":"unused_imports","explanation":null},"level":"warning","message":"unused import: `bevy::asset::Assets`","spans":[{"byte_end":105,"byte_start":86,"column_end":24,"column_start":5,"expansion":null,"file_name":"gameplay_sim/src/bevy16_compat.rs","is_primary":true,"label":null,"line_end":4,"line_start":4,"suggested_replacement":null,"suggestion_applicability":null,"text":[{"highlight_end":24,"highlight_start":5,"text":"use bevy::asset::Assets;"}]}]}}
{"reason":"compiler-message","package_id":"path+file:///Users/bradyjeong/Documents/Projects/Amp/gta4/gta_game/gameplay_sim#0.1.0","manifest_path":"/Users/bradyjeong/Documents/Projects/Amp/gta4/gta_game/gameplay_sim/Cargo.toml","target":{"kind":["lib"],"crate_types":["lib"],"name":"gameplay_sim","src_path":"/Users/bradyjeong/Documents/Projects/Amp/gta4/gta_game/gameplay_sim/src/lib.rs","edition":"2021","doc":true,"doctest":true,"test":true},"message":{"rendered":"warning: unused import: `supercar_physics::*`\n  --> gameplay_sim/src/movement/mod.rs:30:9\n   |\n30 | pub use supercar_physics::*;\n   |         ^^^^^^^^^^^^^^^^^^^\n\n","$message_type":"diagnostic","children":[{"children":[],"code":null,"level":"help","message":"remove the whole `use` item","rendered":null,"spans":[{"byte_end":1034,"byte_start":1005,"column_end":1,"column_start":1,"expansion":null,"file_name":"gameplay_sim/src/movement/mod.rs","is_primary":true,"label":null,"line_end":31,"line_start":30,"suggested_replacement":"","suggestion_applicability":"MachineApplicable","text":[{"highlight_end":29,"highlight_start":1,"text":"pub use supercar_physics::*;"},{"highlight_end":1,"highlight_start":1,"text":"pub use supercar_effects::*;"}]}]}],"code":{"code":"unused_imports","explanation":null},"level":"warning","message":"unused import: `supercar_physics::*`","spans":[{"byte_end":1032,"byte_start":1013,"column_end":28,"column_start":9,"expansion":null,"file_name":"gameplay_sim/src/movement/mod.rs","is_primary":true,"label":null,"line_end":30,"line_start":30,"suggested_replacement":null,"suggestion_applicability":null,"text":[{"highlight_end":28,"highlight_start":9,"text":"pub use supercar_physics::*;"}]}]}}
{"reason":"compiler-message","package_id":"path+file:///Users/bradyjeong/Documents/Projects/Amp/gta4/gta_game/gameplay_sim#0.1.0","manifest_path":"/Users/bradyjeong/Documents/Projects/Amp/gta4/gta_game/gameplay_sim/Cargo.toml","target":{"kind":["lib"],"crate_types":["lib"],"name":"gameplay_sim","src_path":"/Users/bradyjeong/Documents/Projects/Amp/gta4/gta_game/gameplay_sim/src/lib.rs","edition":"2021","doc":true,"doctest":true,"test":true},"message":{"rendered":"warning: unused import: `supercar_effects::*`\n  --> gameplay_sim/src/movement/mod.rs:31:9\n   |\n31 | pub use supercar_effects::*;\n   |         ^^^^^^^^^^^^^^^^^^^\n\n","$message_type":"diagnostic","children":[{"children":[],"code":null,"level":"help","message":"remove the whole `use` item","rendered":null,"spans":[{"byte_end":1063,"byte_start":1034,"column_end":1,"column_start":1,"expansion":null,"file_name":"gameplay_sim/src/movement/mod.rs","is_primary":true,"label":null,"line_end":32,"line_start":31,"suggested_replacement":"","suggestion_applicability":"MachineApplicable","text":[{"highlight_end":29,"highlight_start":1,"text":"pub use supercar_effects::*;"},{"highlight_end":1,"highlight_start":1,"text":"pub use vehicle_sets::*;"}]}]}],"code":{"code":"unused_imports","explanation":null},"level":"warning","message":"unused import: `supercar_effects::*`","spans":[{"byte_end":1061,"byte_start":1042,"column_end":28,"column_start":9,"expansion":null,"file_name":"gameplay_sim/src/movement/mod.rs","is_primary":true,"label":null,"line_end":31,"line_start":31,"suggested_replacement":null,"suggestion_applicability":null,"text":[{"highlight_end":28,"highlight_start":9,"text":"pub use supercar_effects::*;"}]}]}}
{"reason":"compiler-message","package_id":"path+file:///Users/bradyjeong/Documents/Projects/Amp/gta4/gta_game/gameplay_sim#0.1.0","manifest_path":"/Users/bradyjeong/Documents/Projects/Amp/gta4/gta_game/gameplay_sim/Cargo.toml","target":{"kind":["lib"],"crate_types":["lib"],"name":"gameplay_sim","src_path":"/Users/bradyjeong/Documents/Projects/Amp/gta4/gta_game/gameplay_sim/src/lib.rs","edition":"2021","doc":true,"doctest":true,"test":true},"message":{"rendered":"warning: unused import: `vehicle_sets::*`\n  --> gameplay_sim/src/movement/mod.rs:32:9\n   |\n32 | pub use vehicle_sets::*;\n   |         ^^^^^^^^^^^^^^^\n\n","$message_type":"diagnostic","children":[{"children":[],"code":null,"level":"help","message":"remove the whole `use` item","rendered":null,"spans":[{"byte_end":1088,"byte_start":1063,"column_end":26,"column_start":1,"expansion":null,"file_name":"gameplay_sim/src/movement/mod.rs","is_primary":true,"label":null,"line_end":32,"line_start":32,"suggested_replacement":"","suggestion_applicability":"MachineApplicable","text":[{"highlight_end":26,"highlight_start":1,"text":"pub use vehicle_sets::*;"}]}]}],"code":{"code":"unused_imports","explanation":null},"level":"warning","message":"unused import: `vehicle_sets::*`","spans":[{"byte_end":1086,"byte_start":1071,"column_end":24,"column_start":9,"expansion":null,"file_name":"gameplay_sim/src/movement/mod.rs","is_primary":true,"label":null,"line_end":32,"line_start":32,"suggested_replacement":null,"suggestion_applicability":null,"text":[{"highlight_end":24,"highlight_start":9,"text":"pub use vehicle_sets::*;"}]}]}}
{"reason":"compiler-message","package_id":"path+file:///Users/bradyjeong/Documents/Projects/Amp/gta4/gta_game/gameplay_sim#0.1.0","manifest_path":"/Users/bradyjeong/Documents/Projects/Amp/gta4/gta_game/gameplay_sim/Cargo.toml","target":{"kind":["lib"],"crate_types":["lib"],"name":"gameplay_sim","src_path":"/Users/bradyjeong/Documents/Projects/Amp/gta4/gta_game/gameplay_sim/src/lib.rs","edition":"2021","doc":true,"doctest":true,"test":true},"message":{"rendered":"warning: unused import: `game_core::prelude::*`\n  --> gameplay_sim/src/world/road_network.rs:11:5\n   |\n11 | use game_core::prelude::*;\n   |     ^^^^^^^^^^^^^^^^^^^^^\n\n","$message_type":"diagnostic","children":[{"children":[],"code":null,"level":"help","message":"remove the whole `use` item","rendered":null,"spans":[{"byte_end":568,"byte_start":541,"column_end":1,"column_start":1,"expansion":null,"file_name":"gameplay_sim/src/world/road_network.rs","is_primary":true,"label":null,"line_end":12,"line_start":11,"suggested_replacement":"","suggestion_applicability":"MachineApplicable","text":[{"highlight_end":27,"highlight_start":1,"text":"use game_core::prelude::*;"},{"highlight_end":1,"highlight_start":1,"text":"use std::collections::HashMap;"}]}]}],"code":{"code":"unused_imports","explanation":null},"level":"warning","message":"unused import: `game_core::prelude::*`","spans":[{"byte_end":566,"byte_start":545,"column_end":26,"column_start":5,"expansion":null,"file_name":"gameplay_sim/src/world/road_network.rs","is_primary":true,"label":null,"line_end":11,"line_start":11,"suggested_replacement":null,"suggestion_applicability":null,"text":[{"highlight_end":26,"highlight_start":5,"text":"use game_core::prelude::*;"}]}]}}
{"reason":"compiler-message","package_id":"path+file:///Users/bradyjeong/Documents/Projects/Amp/gta4/gta_game/gameplay_sim#0.1.0","manifest_path":"/Users/bradyjeong/Documents/Projects/Amp/gta4/gta_game/gameplay_sim/Cargo.toml","target":{"kind":["lib"],"crate_types":["lib"],"name":"gameplay_sim","src_path":"/Users/bradyjeong/Documents/Projects/Amp/gta4/gta_game/gameplay_sim/src/lib.rs","edition":"2021","doc":true,"doctest":true,"test":true},"message":{"rendered":"warning: unused import: `std::collections::HashMap`\n  --> gameplay_sim/src/world/road_network.rs:12:5\n   |\n12 | use std::collections::HashMap;\n   |     ^^^^^^^^^^^^^^^^^^^^^^^^^\n\n","$message_type":"diagnostic","children":[{"children":[],"code":null,"level":"help","message":"remove the whole `use` item","rendered":null,"spans":[{"byte_end":599,"byte_start":568,"column_end":1,"column_start":1,"expansion":null,"file_name":"gameplay_sim/src/world/road_network.rs","is_primary":true,"label":null,"line_end":13,"line_start":12,"suggested_replacement":"","suggestion_applicability":"MachineApplicable","text":[{"highlight_end":31,"highlight_start":1,"text":"use std::collections::HashMap;"},{"highlight_end":1,"highlight_start":1,"text":""}]}]}],"code":{"code":"unused_imports","explanation":null},"level":"warning","message":"unused import: `std::collections::HashMap`","spans":[{"byte_end":597,"byte_start":572,"column_end":30,"column_start":5,"expansion":null,"file_name":"gameplay_sim/src/world/road_network.rs","is_primary":true,"label":null,"line_end":12,"line_start":12,"suggested_replacement":null,"suggestion_applicability":null,"text":[{"highlight_end":30,"highlight_start":5,"text":"use std::collections::HashMap;"}]}]}}
{"reason":"compiler-message","package_id":"path+file:///Users/bradyjeong/Documents/Projects/Amp/gta4/gta_game/gameplay_sim#0.1.0","manifest_path":"/Users/bradyjeong/Documents/Projects/Amp/gta4/gta_game/gameplay_sim/Cargo.toml","target":{"kind":["lib"],"crate_types":["lib"],"name":"gameplay_sim","src_path":"/Users/bradyjeong/Documents/Projects/Amp/gta4/gta_game/gameplay_sim/src/lib.rs","edition":"2021","doc":true,"doctest":true,"test":true},"message":{"rendered":"warning: unused import: `crate::input::VehicleType as ConfigVehicleType`\n  --> gameplay_sim/src/systems/input/control_manager.rs:23:5\n   |\n23 | use crate::input::VehicleType as ConfigVehicleType;\n   |     ^^^^^^^^^^^^^^^^^^^^^^^^^^^^^^^^^^^^^^^^^^^^^^\n\n","$message_type":"diagnostic","children":[{"children":[],"code":null,"level":"help","message":"remove the whole `use` item","rendered":null,"spans":[{"byte_end":1000,"byte_start":948,"column_end":1,"column_start":1,"expansion":null,"file_name":"gameplay_sim/src/systems/input/control_manager.rs","is_primary":true,"label":null,"line_end":24,"line_start":23,"suggested_replacement":"","suggestion_applicability":"MachineApplicable","text":[{"highlight_end":52,"highlight_start":1,"text":"use crate::input::VehicleType as ConfigVehicleType;"},{"highlight_end":1,"highlight_start":1,"text":""}]}]}],"code":{"code":"unused_imports","explanation":null},"level":"warning","message":"unused import: `crate::input::VehicleType as ConfigVehicleType`","spans":[{"byte_end":998,"byte_start":952,"column_end":51,"column_start":5,"expansion":null,"file_name":"gameplay_sim/src/systems/input/control_manager.rs","is_primary":true,"label":null,"line_end":23,"line_start":23,"suggested_replacement":null,"suggestion_applicability":null,"text":[{"highlight_end":51,"highlight_start":5,"text":"use crate::input::VehicleType as ConfigVehicleType;"}]}]}}
{"reason":"compiler-message","package_id":"path+file:///Users/bradyjeong/Documents/Projects/Amp/gta4/gta_game/gameplay_sim#0.1.0","manifest_path":"/Users/bradyjeong/Documents/Projects/Amp/gta4/gta_game/gameplay_sim/Cargo.toml","target":{"kind":["lib"],"crate_types":["lib"],"name":"gameplay_sim","src_path":"/Users/bradyjeong/Documents/Projects/Amp/gta4/gta_game/gameplay_sim/src/lib.rs","edition":"2021","doc":true,"doctest":true,"test":true},"message":{"rendered":"warning: unexpected `cfg` condition value: `debug-movement`\n  --> gameplay_sim/src/world/debug.rs:23:11\n   |\n23 |     #[cfg(feature = \"debug-movement\")]\n   |           ^^^^^^^^^^^^^^^^^^^^^^^^^^ help: remove the condition\n   |\n   = note: no expected values for `feature`\n   = help: consider adding `debug-movement` as a feature in `Cargo.toml`\n   = note: see <https://doc.rust-lang.org/nightly/rustc/check-cfg/cargo-specifics.html> for more information about checking conditional configuration\n   = note: `#[warn(unexpected_cfgs)]` on by default\n\n","$message_type":"diagnostic","children":[{"children":[],"code":null,"level":"note","message":"no expected values for `feature`","rendered":null,"spans":[]},{"children":[],"code":null,"level":"help","message":"consider adding `debug-movement` as a feature in `Cargo.toml`","rendered":null,"spans":[]},{"children":[],"code":null,"level":"note","message":"see <https://doc.rust-lang.org/nightly/rustc/check-cfg/cargo-specifics.html> for more information about checking conditional configuration","rendered":null,"spans":[]},{"children":[],"code":null,"level":"note","message":"`#[warn(unexpected_cfgs)]` on by default","rendered":null,"spans":[]},{"children":[],"code":null,"level":"help","message":"remove the condition","rendered":null,"spans":[{"byte_end":1093,"byte_start":1067,"column_end":37,"column_start":11,"expansion":null,"file_name":"gameplay_sim/src/world/debug.rs","is_primary":true,"label":null,"line_end":23,"line_start":23,"suggested_replacement":"","suggestion_applicability":"MaybeIncorrect","text":[{"highlight_end":37,"highlight_start":11,"text":"    #[cfg(feature = \"debug-movement\")]"}]}]}],"code":{"code":"unexpected_cfgs","explanation":null},"level":"warning","message":"unexpected `cfg` condition value: `debug-movement`","spans":[{"byte_end":1093,"byte_start":1067,"column_end":37,"column_start":11,"expansion":null,"file_name":"gameplay_sim/src/world/debug.rs","is_primary":true,"label":null,"line_end":23,"line_start":23,"suggested_replacement":null,"suggestion_applicability":null,"text":[{"highlight_end":37,"highlight_start":11,"text":"    #[cfg(feature = \"debug-movement\")]"}]}]}}
{"reason":"compiler-message","package_id":"path+file:///Users/bradyjeong/Documents/Projects/Amp/gta4/gta_game/gameplay_sim#0.1.0","manifest_path":"/Users/bradyjeong/Documents/Projects/Amp/gta4/gta_game/gameplay_sim/Cargo.toml","target":{"kind":["lib"],"crate_types":["lib"],"name":"gameplay_sim","src_path":"/Users/bradyjeong/Documents/Projects/Amp/gta4/gta_game/gameplay_sim/src/lib.rs","edition":"2021","doc":true,"doctest":true,"test":true},"message":{"rendered":"warning: unused import: `bevy_rapier3d::prelude::*`\n --> gameplay_sim/src/systems/interaction.rs:2:5\n  |\n2 | use bevy_rapier3d::prelude::*;\n  |     ^^^^^^^^^^^^^^^^^^^^^^^^^\n\n","$message_type":"diagnostic","children":[{"children":[],"code":null,"level":"help","message":"remove the whole `use` item","rendered":null,"spans":[{"byte_end":53,"byte_start":22,"column_end":1,"column_start":1,"expansion":null,"file_name":"gameplay_sim/src/systems/interaction.rs","is_primary":true,"label":null,"line_end":3,"line_start":2,"suggested_replacement":"","suggestion_applicability":"MachineApplicable","text":[{"highlight_end":31,"highlight_start":1,"text":"use bevy_rapier3d::prelude::*;"},{"highlight_end":1,"highlight_start":1,"text":"use game_core::prelude::*;"}]}]}],"code":{"code":"unused_imports","explanation":null},"level":"warning","message":"unused import: `bevy_rapier3d::prelude::*`","spans":[{"byte_end":51,"byte_start":26,"column_end":30,"column_start":5,"expansion":null,"file_name":"gameplay_sim/src/systems/interaction.rs","is_primary":true,"label":null,"line_end":2,"line_start":2,"suggested_replacement":null,"suggestion_applicability":null,"text":[{"highlight_end":30,"highlight_start":5,"text":"use bevy_rapier3d::prelude::*;"}]}]}}
{"reason":"compiler-message","package_id":"path+file:///Users/bradyjeong/Documents/Projects/Amp/gta4/gta_game/gameplay_sim#0.1.0","manifest_path":"/Users/bradyjeong/Documents/Projects/Amp/gta4/gta_game/gameplay_sim/Cargo.toml","target":{"kind":["lib"],"crate_types":["lib"],"name":"gameplay_sim","src_path":"/Users/bradyjeong/Documents/Projects/Amp/gta4/gta_game/gameplay_sim/src/lib.rs","edition":"2021","doc":true,"doctest":true,"test":true},"message":{"rendered":"warning: unused imports: `CHARACTER_GROUP` and `VEHICLE_GROUP`\n  --> gameplay_sim/src/world/map_system.rs:17:42\n   |\n17 | use game_core::constants::{STATIC_GROUP, VEHICLE_GROUP, CHARACTER_GROUP};\n   |                                          ^^^^^^^^^^^^^  ^^^^^^^^^^^^^^^\n\n","$message_type":"diagnostic","children":[{"children":[],"code":null,"level":"help","message":"remove the unused imports","rendered":null,"spans":[{"byte_end":868,"byte_start":836,"column_end":72,"column_start":40,"expansion":null,"file_name":"gameplay_sim/src/world/map_system.rs","is_primary":true,"label":null,"line_end":17,"line_start":17,"suggested_replacement":"","suggestion_applicability":"MachineApplicable","text":[{"highlight_end":72,"highlight_start":40,"text":"use game_core::constants::{STATIC_GROUP, VEHICLE_GROUP, CHARACTER_GROUP};"}]},{"byte_end":824,"byte_start":823,"column_end":28,"column_start":27,"expansion":null,"file_name":"gameplay_sim/src/world/map_system.rs","is_primary":true,"label":null,"line_end":17,"line_start":17,"suggested_replacement":"","suggestion_applicability":"MachineApplicable","text":[{"highlight_end":28,"highlight_start":27,"text":"use game_core::constants::{STATIC_GROUP, VEHICLE_GROUP, CHARACTER_GROUP};"}]},{"byte_end":869,"byte_start":868,"column_end":73,"column_start":72,"expansion":null,"file_name":"gameplay_sim/src/world/map_system.rs","is_primary":true,"label":null,"line_end":17,"line_start":17,"suggested_replacement":"","suggestion_applicability":"MachineApplicable","text":[{"highlight_end":73,"highlight_start":72,"text":"use game_core::constants::{STATIC_GROUP, VEHICLE_GROUP, CHARACTER_GROUP};"}]}]}],"code":{"code":"unused_imports","explanation":null},"level":"warning","message":"unused imports: `CHARACTER_GROUP` and `VEHICLE_GROUP`","spans":[{"byte_end":851,"byte_start":838,"column_end":55,"column_start":42,"expansion":null,"file_name":"gameplay_sim/src/world/map_system.rs","is_primary":true,"label":null,"line_end":17,"line_start":17,"suggested_replacement":null,"suggestion_applicability":null,"text":[{"highlight_end":55,"highlight_start":42,"text":"use game_core::constants::{STATIC_GROUP, VEHICLE_GROUP, CHARACTER_GROUP};"}]},{"byte_end":868,"byte_start":853,"column_end":72,"column_start":57,"expansion":null,"file_name":"gameplay_sim/src/world/map_system.rs","is_primary":true,"label":null,"line_end":17,"line_start":17,"suggested_replacement":null,"suggestion_applicability":null,"text":[{"highlight_end":72,"highlight_start":57,"text":"use game_core::constants::{STATIC_GROUP, VEHICLE_GROUP, CHARACTER_GROUP};"}]}]}}
{"reason":"compiler-message","package_id":"path+file:///Users/bradyjeong/Documents/Projects/Amp/gta4/gta_game/gameplay_sim#0.1.0","manifest_path":"/Users/bradyjeong/Documents/Projects/Amp/gta4/gta_game/gameplay_sim/Cargo.toml","target":{"kind":["lib"],"crate_types":["lib"],"name":"gameplay_sim","src_path":"/Users/bradyjeong/Documents/Projects/Amp/gta4/gta_game/gameplay_sim/src/lib.rs","edition":"2021","doc":true,"doctest":true,"test":true},"message":{"rendered":"warning: unused import: `crate::config::GameConfig`\n   --> gameplay_sim/src/world/map_system.rs:257:9\n    |\n257 |     use crate::config::GameConfig;\n    |         ^^^^^^^^^^^^^^^^^^^^^^^^^\n\n","$message_type":"diagnostic","children":[{"children":[],"code":null,"level":"help","message":"remove the whole `use` item","rendered":null,"spans":[{"byte_end":8123,"byte_start":8093,"column_end":35,"column_start":5,"expansion":null,"file_name":"gameplay_sim/src/world/map_system.rs","is_primary":true,"label":null,"line_end":257,"line_start":257,"suggested_replacement":"","suggestion_applicability":"MachineApplicable","text":[{"highlight_end":35,"highlight_start":5,"text":"    use crate::config::GameConfig;"}]}]}],"code":{"code":"unused_imports","explanation":null},"level":"warning","message":"unused import: `crate::config::GameConfig`","spans":[{"byte_end":8122,"byte_start":8097,"column_end":34,"column_start":9,"expansion":null,"file_name":"gameplay_sim/src/world/map_system.rs","is_primary":true,"label":null,"line_end":257,"line_start":257,"suggested_replacement":null,"suggestion_applicability":null,"text":[{"highlight_end":34,"highlight_start":9,"text":"    use crate::config::GameConfig;"}]}]}}
{"reason":"compiler-message","package_id":"path+file:///Users/bradyjeong/Documents/Projects/Amp/gta4/gta_game/gameplay_sim#0.1.0","manifest_path":"/Users/bradyjeong/Documents/Projects/Amp/gta4/gta_game/gameplay_sim/Cargo.toml","target":{"kind":["lib"],"crate_types":["lib"],"name":"gameplay_sim","src_path":"/Users/bradyjeong/Documents/Projects/Amp/gta4/gta_game/gameplay_sim/src/lib.rs","edition":"2021","doc":true,"doctest":true,"test":true},"message":{"rendered":"warning: unused import: `crate::config::GameConfig`\n   --> gameplay_sim/src/world/layered_generation.rs:513:9\n    |\n513 |     use crate::config::GameConfig;\n    |         ^^^^^^^^^^^^^^^^^^^^^^^^^\n\n","$message_type":"diagnostic","children":[{"children":[],"code":null,"level":"help","message":"remove the whole `use` item","rendered":null,"spans":[{"byte_end":19350,"byte_start":19320,"column_end":35,"column_start":5,"expansion":null,"file_name":"gameplay_sim/src/world/layered_generation.rs","is_primary":true,"label":null,"line_end":513,"line_start":513,"suggested_replacement":"","suggestion_applicability":"MachineApplicable","text":[{"highlight_end":35,"highlight_start":5,"text":"    use crate::config::GameConfig;"}]}]}],"code":{"code":"unused_imports","explanation":null},"level":"warning","message":"unused import: `crate::config::GameConfig`","spans":[{"byte_end":19349,"byte_start":19324,"column_end":34,"column_start":9,"expansion":null,"file_name":"gameplay_sim/src/world/layered_generation.rs","is_primary":true,"label":null,"line_end":513,"line_start":513,"suggested_replacement":null,"suggestion_applicability":null,"text":[{"highlight_end":34,"highlight_start":9,"text":"    use crate::config::GameConfig;"}]}]}}
{"reason":"compiler-message","package_id":"path+file:///Users/bradyjeong/Documents/Projects/Amp/gta4/gta_game/gameplay_sim#0.1.0","manifest_path":"/Users/bradyjeong/Documents/Projects/Amp/gta4/gta_game/gameplay_sim/Cargo.toml","target":{"kind":["lib"],"crate_types":["lib"],"name":"gameplay_sim","src_path":"/Users/bradyjeong/Documents/Projects/Amp/gta4/gta_game/gameplay_sim/src/lib.rs","edition":"2021","doc":true,"doctest":true,"test":true},"message":{"rendered":"warning: unused import: `crate::config::GameConfig`\n   --> gameplay_sim/src/world/layered_generation.rs:628:9\n    |\n628 |     use crate::config::GameConfig;\n    |         ^^^^^^^^^^^^^^^^^^^^^^^^^\n\n","$message_type":"diagnostic","children":[{"children":[],"code":null,"level":"help","message":"remove the whole `use` item","rendered":null,"spans":[{"byte_end":23465,"byte_start":23435,"column_end":35,"column_start":5,"expansion":null,"file_name":"gameplay_sim/src/world/layered_generation.rs","is_primary":true,"label":null,"line_end":628,"line_start":628,"suggested_replacement":"","suggestion_applicability":"MachineApplicable","text":[{"highlight_end":35,"highlight_start":5,"text":"    use crate::config::GameConfig;"}]}]}],"code":{"code":"unused_imports","explanation":null},"level":"warning","message":"unused import: `crate::config::GameConfig`","spans":[{"byte_end":23464,"byte_start":23439,"column_end":34,"column_start":9,"expansion":null,"file_name":"gameplay_sim/src/world/layered_generation.rs","is_primary":true,"label":null,"line_end":628,"line_start":628,"suggested_replacement":null,"suggestion_applicability":null,"text":[{"highlight_end":34,"highlight_start":9,"text":"    use crate::config::GameConfig;"}]}]}}
{"reason":"compiler-message","package_id":"path+file:///Users/bradyjeong/Documents/Projects/Amp/gta4/gta_game/gameplay_sim#0.1.0","manifest_path":"/Users/bradyjeong/Documents/Projects/Amp/gta4/gta_game/gameplay_sim/Cargo.toml","target":{"kind":["lib"],"crate_types":["lib"],"name":"gameplay_sim","src_path":"/Users/bradyjeong/Documents/Projects/Amp/gta4/gta_game/gameplay_sim/src/lib.rs","edition":"2021","doc":true,"doctest":true,"test":true},"message":{"rendered":"warning: unused import: `crate::config::GameConfig`\n   --> gameplay_sim/src/world/layered_generation.rs:743:9\n    |\n743 |     use crate::config::GameConfig;\n    |         ^^^^^^^^^^^^^^^^^^^^^^^^^\n\n","$message_type":"diagnostic","children":[{"children":[],"code":null,"level":"help","message":"remove the whole `use` item","rendered":null,"spans":[{"byte_end":27508,"byte_start":27478,"column_end":35,"column_start":5,"expansion":null,"file_name":"gameplay_sim/src/world/layered_generation.rs","is_primary":true,"label":null,"line_end":743,"line_start":743,"suggested_replacement":"","suggestion_applicability":"MachineApplicable","text":[{"highlight_end":35,"highlight_start":5,"text":"    use crate::config::GameConfig;"}]}]}],"code":{"code":"unused_imports","explanation":null},"level":"warning","message":"unused import: `crate::config::GameConfig`","spans":[{"byte_end":27507,"byte_start":27482,"column_end":34,"column_start":9,"expansion":null,"file_name":"gameplay_sim/src/world/layered_generation.rs","is_primary":true,"label":null,"line_end":743,"line_start":743,"suggested_replacement":null,"suggestion_applicability":null,"text":[{"highlight_end":34,"highlight_start":9,"text":"    use crate::config::GameConfig;"}]}]}}
{"reason":"compiler-message","package_id":"path+file:///Users/bradyjeong/Documents/Projects/Amp/gta4/gta_game/gameplay_sim#0.1.0","manifest_path":"/Users/bradyjeong/Documents/Projects/Amp/gta4/gta_game/gameplay_sim/Cargo.toml","target":{"kind":["lib"],"crate_types":["lib"],"name":"gameplay_sim","src_path":"/Users/bradyjeong/Documents/Projects/Amp/gta4/gta_game/gameplay_sim/src/lib.rs","edition":"2021","doc":true,"doctest":true,"test":true},"message":{"rendered":"warning: unused import: `bevy::prelude::*`\n --> gameplay_sim/src/systems/realistic_physics_safeguards.rs:4:5\n  |\n4 | use bevy::prelude::*;\n  |     ^^^^^^^^^^^^^^^^\n\n","$message_type":"diagnostic","children":[{"children":[],"code":null,"level":"help","message":"remove the whole `use` item","rendered":null,"spans":[{"byte_end":182,"byte_start":160,"column_end":23,"column_start":1,"expansion":null,"file_name":"gameplay_sim/src/systems/realistic_physics_safeguards.rs","is_primary":true,"label":null,"line_end":4,"line_start":4,"suggested_replacement":"","suggestion_applicability":"MachineApplicable","text":[{"highlight_end":23,"highlight_start":1,"text":"use bevy::prelude::*;"}]}]}],"code":{"code":"unused_imports","explanation":null},"level":"warning","message":"unused import: `bevy::prelude::*`","spans":[{"byte_end":180,"byte_start":164,"column_end":21,"column_start":5,"expansion":null,"file_name":"gameplay_sim/src/systems/realistic_physics_safeguards.rs","is_primary":true,"label":null,"line_end":4,"line_start":4,"suggested_replacement":null,"suggestion_applicability":null,"text":[{"highlight_end":21,"highlight_start":5,"text":"use bevy::prelude::*;"}]}]}}
{"reason":"compiler-message","package_id":"path+file:///Users/bradyjeong/Documents/Projects/Amp/gta4/gta_game/gameplay_sim#0.1.0","manifest_path":"/Users/bradyjeong/Documents/Projects/Amp/gta4/gta_game/gameplay_sim/Cargo.toml","target":{"kind":["lib"],"crate_types":["lib"],"name":"gameplay_sim","src_path":"/Users/bradyjeong/Documents/Projects/Amp/gta4/gta_game/gameplay_sim/src/lib.rs","edition":"2021","doc":true,"doctest":true,"test":true},"message":{"rendered":"warning: unexpected `cfg` condition value: `debug-ui`\n   --> gameplay_sim/src/world/vegetation_lod.rs:189:13\n    |\n189 |     if cfg!(feature = \"debug-ui\") {\n    |             ^^^^^^^^^^^^^^^^^^^^ help: remove the condition\n    |\n    = note: no expected values for `feature`\n    = help: consider adding `debug-ui` as a feature in `Cargo.toml`\n    = note: see <https://doc.rust-lang.org/nightly/rustc/check-cfg/cargo-specifics.html> for more information about checking conditional configuration\n\n","$message_type":"diagnostic","children":[{"children":[],"code":null,"level":"note","message":"no expected values for `feature`","rendered":null,"spans":[]},{"children":[],"code":null,"level":"help","message":"consider adding `debug-ui` as a feature in `Cargo.toml`","rendered":null,"spans":[]},{"children":[],"code":null,"level":"note","message":"see <https://doc.rust-lang.org/nightly/rustc/check-cfg/cargo-specifics.html> for more information about checking conditional configuration","rendered":null,"spans":[]},{"children":[],"code":null,"level":"help","message":"remove the condition","rendered":null,"spans":[{"byte_end":7137,"byte_start":7117,"column_end":33,"column_start":13,"expansion":null,"file_name":"gameplay_sim/src/world/vegetation_lod.rs","is_primary":true,"label":null,"line_end":189,"line_start":189,"suggested_replacement":"","suggestion_applicability":"MaybeIncorrect","text":[{"highlight_end":33,"highlight_start":13,"text":"    if cfg!(feature = \"debug-ui\") {"}]}]}],"code":{"code":"unexpected_cfgs","explanation":null},"level":"warning","message":"unexpected `cfg` condition value: `debug-ui`","spans":[{"byte_end":7137,"byte_start":7117,"column_end":33,"column_start":13,"expansion":null,"file_name":"gameplay_sim/src/world/vegetation_lod.rs","is_primary":true,"label":null,"line_end":189,"line_start":189,"suggested_replacement":null,"suggestion_applicability":null,"text":[{"highlight_end":33,"highlight_start":13,"text":"    if cfg!(feature = \"debug-ui\") {"}]}]}}
{"reason":"compiler-message","package_id":"path+file:///Users/bradyjeong/Documents/Projects/Amp/gta4/gta_game/gameplay_sim#0.1.0","manifest_path":"/Users/bradyjeong/Documents/Projects/Amp/gta4/gta_game/gameplay_sim/Cargo.toml","target":{"kind":["lib"],"crate_types":["lib"],"name":"gameplay_sim","src_path":"/Users/bradyjeong/Documents/Projects/Amp/gta4/gta_game/gameplay_sim/src/lib.rs","edition":"2021","doc":true,"doctest":true,"test":true},"message":{"rendered":"warning: ambiguous glob re-exports\n  --> gameplay_sim/src/world/mod.rs:37:9\n   |\n37 | pub use road_network::*;\n   |         ^^^^^^^^^^^^^^^ the name `generate_road_mesh` in the value namespace is first re-exported here\n38 | pub use road_mesh::*;\n   |         ------------ but the name `generate_road_mesh` in the value namespace is also re-exported here\n   |\n   = note: `#[warn(ambiguous_glob_reexports)]` on by default\n\n","$message_type":"diagnostic","children":[{"children":[],"code":null,"level":"note","message":"`#[warn(ambiguous_glob_reexports)]` on by default","rendered":null,"spans":[]}],"code":{"code":"ambiguous_glob_reexports","explanation":null},"level":"warning","message":"ambiguous glob re-exports","spans":[{"byte_end":1145,"byte_start":1130,"column_end":24,"column_start":9,"expansion":null,"file_name":"gameplay_sim/src/world/mod.rs","is_primary":true,"label":"the name `generate_road_mesh` in the value namespace is first re-exported here","line_end":37,"line_start":37,"suggested_replacement":null,"suggestion_applicability":null,"text":[{"highlight_end":24,"highlight_start":9,"text":"pub use road_network::*;"}]},{"byte_end":1167,"byte_start":1155,"column_end":21,"column_start":9,"expansion":null,"file_name":"gameplay_sim/src/world/mod.rs","is_primary":false,"label":"but the name `generate_road_mesh` in the value namespace is also re-exported here","line_end":38,"line_start":38,"suggested_replacement":null,"suggestion_applicability":null,"text":[{"highlight_end":21,"highlight_start":9,"text":"pub use road_mesh::*;"}]}]}}
{"reason":"compiler-message","package_id":"path+file:///Users/bradyjeong/Documents/Projects/Amp/gta4/gta_game/gameplay_sim#0.1.0","manifest_path":"/Users/bradyjeong/Documents/Projects/Amp/gta4/gta_game/gameplay_sim/Cargo.toml","target":{"kind":["lib"],"crate_types":["lib"],"name":"gameplay_sim","src_path":"/Users/bradyjeong/Documents/Projects/Amp/gta4/gta_game/gameplay_sim/src/lib.rs","edition":"2021","doc":true,"doctest":true,"test":true},"message":{"rendered":"warning: unused import: `std::collections::HashMap`\n  --> gameplay_sim/src/systems/world/road_network.rs:11:5\n   |\n11 | use std::collections::HashMap;\n   |     ^^^^^^^^^^^^^^^^^^^^^^^^^\n\n","$message_type":"diagnostic","children":[{"children":[],"code":null,"level":"help","message":"remove the whole `use` item","rendered":null,"spans":[{"byte_end":564,"byte_start":533,"column_end":1,"column_start":1,"expansion":null,"file_name":"gameplay_sim/src/systems/world/road_network.rs","is_primary":true,"label":null,"line_end":12,"line_start":11,"suggested_replacement":"","suggestion_applicability":"MachineApplicable","text":[{"highlight_end":31,"highlight_start":1,"text":"use std::collections::HashMap;"},{"highlight_end":1,"highlight_start":1,"text":"use game_core::prelude::*;"}]}]}],"code":{"code":"unused_imports","explanation":null},"level":"warning","message":"unused import: `std::collections::HashMap`","spans":[{"byte_end":562,"byte_start":537,"column_end":30,"column_start":5,"expansion":null,"file_name":"gameplay_sim/src/systems/world/road_network.rs","is_primary":true,"label":null,"line_end":11,"line_start":11,"suggested_replacement":null,"suggestion_applicability":null,"text":[{"highlight_end":30,"highlight_start":5,"text":"use std::collections::HashMap;"}]}]}}
{"reason":"compiler-message","package_id":"path+file:///Users/bradyjeong/Documents/Projects/Amp/gta4/gta_game/gameplay_sim#0.1.0","manifest_path":"/Users/bradyjeong/Documents/Projects/Amp/gta4/gta_game/gameplay_sim/Cargo.toml","target":{"kind":["lib"],"crate_types":["lib"],"name":"gameplay_sim","src_path":"/Users/bradyjeong/Documents/Projects/Amp/gta4/gta_game/gameplay_sim/src/lib.rs","edition":"2021","doc":true,"doctest":true,"test":true},"message":{"rendered":"warning: unused import: `game_core::prelude::*`\n  --> gameplay_sim/src/systems/world/road_network.rs:12:5\n   |\n12 | use game_core::prelude::*;\n   |     ^^^^^^^^^^^^^^^^^^^^^\n\n","$message_type":"diagnostic","children":[{"children":[],"code":null,"level":"help","message":"remove the whole `use` item","rendered":null,"spans":[{"byte_end":591,"byte_start":564,"column_end":1,"column_start":1,"expansion":null,"file_name":"gameplay_sim/src/systems/world/road_network.rs","is_primary":true,"label":null,"line_end":13,"line_start":12,"suggested_replacement":"","suggestion_applicability":"MachineApplicable","text":[{"highlight_end":27,"highlight_start":1,"text":"use game_core::prelude::*;"},{"highlight_end":1,"highlight_start":1,"text":""}]}]}],"code":{"code":"unused_imports","explanation":null},"level":"warning","message":"unused import: `game_core::prelude::*`","spans":[{"byte_end":589,"byte_start":568,"column_end":26,"column_start":5,"expansion":null,"file_name":"gameplay_sim/src/systems/world/road_network.rs","is_primary":true,"label":null,"line_end":12,"line_start":12,"suggested_replacement":null,"suggestion_applicability":null,"text":[{"highlight_end":26,"highlight_start":5,"text":"use game_core::prelude::*;"}]}]}}
{"reason":"compiler-message","package_id":"path+file:///Users/bradyjeong/Documents/Projects/Amp/gta4/gta_game/gameplay_sim#0.1.0","manifest_path":"/Users/bradyjeong/Documents/Projects/Amp/gta4/gta_game/gameplay_sim/Cargo.toml","target":{"kind":["lib"],"crate_types":["lib"],"name":"gameplay_sim","src_path":"/Users/bradyjeong/Documents/Projects/Amp/gta4/gta_game/gameplay_sim/src/lib.rs","edition":"2021","doc":true,"doctest":true,"test":true},"message":{"rendered":"warning: unused import: `game_core::prelude::*`\n  --> gameplay_sim/src/systems/world/road_mesh.rs:14:5\n   |\n14 | use game_core::prelude::*;\n   |     ^^^^^^^^^^^^^^^^^^^^^\n\n","$message_type":"diagnostic","children":[{"children":[],"code":null,"level":"help","message":"remove the whole `use` item","rendered":null,"spans":[{"byte_end":691,"byte_start":664,"column_end":1,"column_start":1,"expansion":null,"file_name":"gameplay_sim/src/systems/world/road_mesh.rs","is_primary":true,"label":null,"line_end":15,"line_start":14,"suggested_replacement":"","suggestion_applicability":"MachineApplicable","text":[{"highlight_end":27,"highlight_start":1,"text":"use game_core::prelude::*;"},{"highlight_end":1,"highlight_start":1,"text":""}]}]}],"code":{"code":"unused_imports","explanation":null},"level":"warning","message":"unused import: `game_core::prelude::*`","spans":[{"byte_end":689,"byte_start":668,"column_end":26,"column_start":5,"expansion":null,"file_name":"gameplay_sim/src/systems/world/road_mesh.rs","is_primary":true,"label":null,"line_end":14,"line_start":14,"suggested_replacement":null,"suggestion_applicability":null,"text":[{"highlight_end":26,"highlight_start":5,"text":"use game_core::prelude::*;"}]}]}}
{"reason":"compiler-message","package_id":"path+file:///Users/bradyjeong/Documents/Projects/Amp/gta4/gta_game/gameplay_sim#0.1.0","manifest_path":"/Users/bradyjeong/Documents/Projects/Amp/gta4/gta_game/gameplay_sim/Cargo.toml","target":{"kind":["lib"],"crate_types":["lib"],"name":"gameplay_sim","src_path":"/Users/bradyjeong/Documents/Projects/Amp/gta4/gta_game/gameplay_sim/src/lib.rs","edition":"2021","doc":true,"doctest":true,"test":true},"message":{"rendered":"warning: unused import: `bevy::prelude::*`\n --> gameplay_sim/src/systems/world/debug.rs:1:5\n  |\n1 | use bevy::prelude::*;\n  |     ^^^^^^^^^^^^^^^^\n\n","$message_type":"diagnostic","children":[{"children":[],"code":null,"level":"help","message":"remove the whole `use` item","rendered":null,"spans":[{"byte_end":22,"byte_start":0,"column_end":1,"column_start":1,"expansion":null,"file_name":"gameplay_sim/src/systems/world/debug.rs","is_primary":true,"label":null,"line_end":2,"line_start":1,"suggested_replacement":"","suggestion_applicability":"MachineApplicable","text":[{"highlight_end":22,"highlight_start":1,"text":"use bevy::prelude::*;"},{"highlight_end":1,"highlight_start":1,"text":""}]}]}],"code":{"code":"unused_imports","explanation":null},"level":"warning","message":"unused import: `bevy::prelude::*`","spans":[{"byte_end":20,"byte_start":4,"column_end":21,"column_start":5,"expansion":null,"file_name":"gameplay_sim/src/systems/world/debug.rs","is_primary":true,"label":null,"line_end":1,"line_start":1,"suggested_replacement":null,"suggestion_applicability":null,"text":[{"highlight_end":21,"highlight_start":5,"text":"use bevy::prelude::*;"}]}]}}
{"reason":"compiler-message","package_id":"path+file:///Users/bradyjeong/Documents/Projects/Amp/gta4/gta_game/gameplay_sim#0.1.0","manifest_path":"/Users/bradyjeong/Documents/Projects/Amp/gta4/gta_game/gameplay_sim/Cargo.toml","target":{"kind":["lib"],"crate_types":["lib"],"name":"gameplay_sim","src_path":"/Users/bradyjeong/Documents/Projects/Amp/gta4/gta_game/gameplay_sim/src/lib.rs","edition":"2021","doc":true,"doctest":true,"test":true},"message":{"rendered":"warning: unnecessary parentheses around assigned value\n   --> gameplay_sim/src/systems/world/map_system.rs:185:28\n    |\n185 |             let distance = ((chunk_key.0 - current_chunk.0).abs() + (chunk_key.1 - current_chunk.1).abs());\n    |                            ^                                                                             ^\n    |\n    = note: `#[warn(unused_parens)]` on by default\nhelp: remove these parentheses\n    |\n185 -             let distance = ((chunk_key.0 - current_chunk.0).abs() + (chunk_key.1 - current_chunk.1).abs());\n185 +             let distance = (chunk_key.0 - current_chunk.0).abs() + (chunk_key.1 - current_chunk.1).abs();\n    |\n\n","$message_type":"diagnostic","children":[{"children":[],"code":null,"level":"note","message":"`#[warn(unused_parens)]` on by default","rendered":null,"spans":[]},{"children":[],"code":null,"level":"help","message":"remove these parentheses","rendered":null,"spans":[{"byte_end":5643,"byte_start":5642,"column_end":29,"column_start":28,"expansion":null,"file_name":"gameplay_sim/src/systems/world/map_system.rs","is_primary":true,"label":null,"line_end":185,"line_start":185,"suggested_replacement":"","suggestion_applicability":"MachineApplicable","text":[{"highlight_end":29,"highlight_start":28,"text":"            let distance = ((chunk_key.0 - current_chunk.0).abs() + (chunk_key.1 - current_chunk.1).abs());"}]},{"byte_end":5721,"byte_start":5720,"column_end":107,"column_start":106,"expansion":null,"file_name":"gameplay_sim/src/systems/world/map_system.rs","is_primary":true,"label":null,"line_end":185,"line_start":185,"suggested_replacement":"","suggestion_applicability":"MachineApplicable","text":[{"highlight_end":107,"highlight_start":106,"text":"            let distance = ((chunk_key.0 - current_chunk.0).abs() + (chunk_key.1 - current_chunk.1).abs());"}]}]}],"code":{"code":"unused_parens","explanation":null},"level":"warning","message":"unnecessary parentheses around assigned value","spans":[{"byte_end":5643,"byte_start":5642,"column_end":29,"column_start":28,"expansion":null,"file_name":"gameplay_sim/src/systems/world/map_system.rs","is_primary":true,"label":null,"line_end":185,"line_start":185,"suggested_replacement":null,"suggestion_applicability":null,"text":[{"highlight_end":29,"highlight_start":28,"text":"            let distance = ((chunk_key.0 - current_chunk.0).abs() + (chunk_key.1 - current_chunk.1).abs());"}]},{"byte_end":5721,"byte_start":5720,"column_end":107,"column_start":106,"expansion":null,"file_name":"gameplay_sim/src/systems/world/map_system.rs","is_primary":true,"label":null,"line_end":185,"line_start":185,"suggested_replacement":null,"suggestion_applicability":null,"text":[{"highlight_end":107,"highlight_start":106,"text":"            let distance = ((chunk_key.0 - current_chunk.0).abs() + (chunk_key.1 - current_chunk.1).abs());"}]}]}}
{"reason":"compiler-message","package_id":"path+file:///Users/bradyjeong/Documents/Projects/Amp/gta4/gta_game/gameplay_sim#0.1.0","manifest_path":"/Users/bradyjeong/Documents/Projects/Amp/gta4/gta_game/gameplay_sim/Cargo.toml","target":{"kind":["lib"],"crate_types":["lib"],"name":"gameplay_sim","src_path":"/Users/bradyjeong/Documents/Projects/Amp/gta4/gta_game/gameplay_sim/src/lib.rs","edition":"2021","doc":true,"doctest":true,"test":true},"message":{"rendered":"warning: unused import: `crate::systems::world::road_generation::RoadNetworkExtensions`\n  --> gameplay_sim/src/systems/world/unified_world.rs:15:5\n   |\n15 | use crate::systems::world::road_generation::RoadNetworkExtensions;\n   |     ^^^^^^^^^^^^^^^^^^^^^^^^^^^^^^^^^^^^^^^^^^^^^^^^^^^^^^^^^^^^^\n\n","$message_type":"diagnostic","children":[{"children":[],"code":null,"level":"help","message":"remove the whole `use` item","rendered":null,"spans":[{"byte_end":773,"byte_start":706,"column_end":1,"column_start":1,"expansion":null,"file_name":"gameplay_sim/src/systems/world/unified_world.rs","is_primary":true,"label":null,"line_end":16,"line_start":15,"suggested_replacement":"","suggestion_applicability":"MachineApplicable","text":[{"highlight_end":67,"highlight_start":1,"text":"use crate::systems::world::road_generation::RoadNetworkExtensions;"},{"highlight_end":1,"highlight_start":1,"text":""}]}]}],"code":{"code":"unused_imports","explanation":null},"level":"warning","message":"unused import: `crate::systems::world::road_generation::RoadNetworkExtensions`","spans":[{"byte_end":771,"byte_start":710,"column_end":66,"column_start":5,"expansion":null,"file_name":"gameplay_sim/src/systems/world/unified_world.rs","is_primary":true,"label":null,"line_end":15,"line_start":15,"suggested_replacement":null,"suggestion_applicability":null,"text":[{"highlight_end":66,"highlight_start":5,"text":"use crate::systems::world::road_generation::RoadNetworkExtensions;"}]}]}}
{"reason":"compiler-message","package_id":"path+file:///Users/bradyjeong/Documents/Projects/Amp/gta4/gta_game/gameplay_sim#0.1.0","manifest_path":"/Users/bradyjeong/Documents/Projects/Amp/gta4/gta_game/gameplay_sim/Cargo.toml","target":{"kind":["lib"],"crate_types":["lib"],"name":"gameplay_sim","src_path":"/Users/bradyjeong/Documents/Projects/Amp/gta4/gta_game/gameplay_sim/src/lib.rs","edition":"2021","doc":true,"doctest":true,"test":true},"message":{"rendered":"warning: unused import: `bevy::prelude::*`\n  --> gameplay_sim/src/input/control_manager_ext.rs:12:5\n   |\n12 | use bevy::prelude::*;\n   |     ^^^^^^^^^^^^^^^^\n\n","$message_type":"diagnostic","children":[{"children":[],"code":null,"level":"help","message":"remove the whole `use` item","rendered":null,"spans":[{"byte_end":571,"byte_start":549,"column_end":1,"column_start":1,"expansion":null,"file_name":"gameplay_sim/src/input/control_manager_ext.rs","is_primary":true,"label":null,"line_end":13,"line_start":12,"suggested_replacement":"","suggestion_applicability":"MachineApplicable","text":[{"highlight_end":22,"highlight_start":1,"text":"use bevy::prelude::*;"},{"highlight_end":1,"highlight_start":1,"text":"use crate::input::ControlManager;"}]}]}],"code":{"code":"unused_imports","explanation":null},"level":"warning","message":"unused import: `bevy::prelude::*`","spans":[{"byte_end":569,"byte_start":553,"column_end":21,"column_start":5,"expansion":null,"file_name":"gameplay_sim/src/input/control_manager_ext.rs","is_primary":true,"label":null,"line_end":12,"line_start":12,"suggested_replacement":null,"suggestion_applicability":null,"text":[{"highlight_end":21,"highlight_start":5,"text":"use bevy::prelude::*;"}]}]}}
{"reason":"compiler-message","package_id":"path+file:///Users/bradyjeong/Documents/Projects/Amp/gta4/gta_game/gameplay_sim#0.1.0","manifest_path":"/Users/bradyjeong/Documents/Projects/Amp/gta4/gta_game/gameplay_sim/Cargo.toml","target":{"kind":["lib"],"crate_types":["lib"],"name":"gameplay_sim","src_path":"/Users/bradyjeong/Documents/Projects/Amp/gta4/gta_game/gameplay_sim/src/lib.rs","edition":"2021","doc":true,"doctest":true,"test":true},"message":{"rendered":"warning: unused import: `input_config::*`\n  --> gameplay_sim/src/input/mod.rs:18:9\n   |\n18 | pub use input_config::*;\n   |         ^^^^^^^^^^^^^^^\n\n","$message_type":"diagnostic","children":[{"children":[],"code":null,"level":"help","message":"remove the whole `use` item","rendered":null,"spans":[{"byte_end":692,"byte_start":667,"column_end":1,"column_start":1,"expansion":null,"file_name":"gameplay_sim/src/input/mod.rs","is_primary":true,"label":null,"line_end":19,"line_start":18,"suggested_replacement":"","suggestion_applicability":"MachineApplicable","text":[{"highlight_end":25,"highlight_start":1,"text":"pub use input_config::*;"},{"highlight_end":1,"highlight_start":1,"text":"pub use input_manager::*;"}]}]}],"code":{"code":"unused_imports","explanation":null},"level":"warning","message":"unused import: `input_config::*`","spans":[{"byte_end":690,"byte_start":675,"column_end":24,"column_start":9,"expansion":null,"file_name":"gameplay_sim/src/input/mod.rs","is_primary":true,"label":null,"line_end":18,"line_start":18,"suggested_replacement":null,"suggestion_applicability":null,"text":[{"highlight_end":24,"highlight_start":9,"text":"pub use input_config::*;"}]}]}}
{"reason":"compiler-message","package_id":"path+file:///Users/bradyjeong/Documents/Projects/Amp/gta4/gta_game/gameplay_sim#0.1.0","manifest_path":"/Users/bradyjeong/Documents/Projects/Amp/gta4/gta_game/gameplay_sim/Cargo.toml","target":{"kind":["lib"],"crate_types":["lib"],"name":"gameplay_sim","src_path":"/Users/bradyjeong/Documents/Projects/Amp/gta4/gta_game/gameplay_sim/src/lib.rs","edition":"2021","doc":true,"doctest":true,"test":true},"message":{"rendered":"warning: unused import: `input_manager::*`\n  --> gameplay_sim/src/input/mod.rs:19:9\n   |\n19 | pub use input_manager::*;\n   |         ^^^^^^^^^^^^^^^^\n\n","$message_type":"diagnostic","children":[{"children":[],"code":null,"level":"help","message":"remove the whole `use` item","rendered":null,"spans":[{"byte_end":718,"byte_start":692,"column_end":1,"column_start":1,"expansion":null,"file_name":"gameplay_sim/src/input/mod.rs","is_primary":true,"label":null,"line_end":20,"line_start":19,"suggested_replacement":"","suggestion_applicability":"MachineApplicable","text":[{"highlight_end":26,"highlight_start":1,"text":"pub use input_manager::*;"},{"highlight_end":1,"highlight_start":1,"text":"pub use vehicle_control_config::*;"}]}]}],"code":{"code":"unused_imports","explanation":null},"level":"warning","message":"unused import: `input_manager::*`","spans":[{"byte_end":716,"byte_start":700,"column_end":25,"column_start":9,"expansion":null,"file_name":"gameplay_sim/src/input/mod.rs","is_primary":true,"label":null,"line_end":19,"line_start":19,"suggested_replacement":null,"suggestion_applicability":null,"text":[{"highlight_end":25,"highlight_start":9,"text":"pub use input_manager::*;"}]}]}}
{"reason":"compiler-message","package_id":"path+file:///Users/bradyjeong/Documents/Projects/Amp/gta4/gta_game/gameplay_sim#0.1.0","manifest_path":"/Users/bradyjeong/Documents/Projects/Amp/gta4/gta_game/gameplay_sim/Cargo.toml","target":{"kind":["lib"],"crate_types":["lib"],"name":"gameplay_sim","src_path":"/Users/bradyjeong/Documents/Projects/Amp/gta4/gta_game/gameplay_sim/src/lib.rs","edition":"2021","doc":true,"doctest":true,"test":true},"message":{"rendered":"warning: unused import: `std::collections::HashMap`\n  --> gameplay_sim/src/systems/world/unified_distance_culling.rs:11:5\n   |\n11 | use std::collections::HashMap;\n   |     ^^^^^^^^^^^^^^^^^^^^^^^^^\n\n","$message_type":"diagnostic","children":[{"children":[],"code":null,"level":"help","message":"remove the whole `use` item","rendered":null,"spans":[{"byte_end":596,"byte_start":565,"column_end":1,"column_start":1,"expansion":null,"file_name":"gameplay_sim/src/systems/world/unified_distance_culling.rs","is_primary":true,"label":null,"line_end":12,"line_start":11,"suggested_replacement":"","suggestion_applicability":"MachineApplicable","text":[{"highlight_end":31,"highlight_start":1,"text":"use std::collections::HashMap;"},{"highlight_end":1,"highlight_start":1,"text":"use game_core::prelude::*;"}]}]}],"code":{"code":"unused_imports","explanation":null},"level":"warning","message":"unused import: `std::collections::HashMap`","spans":[{"byte_end":594,"byte_start":569,"column_end":30,"column_start":5,"expansion":null,"file_name":"gameplay_sim/src/systems/world/unified_distance_culling.rs","is_primary":true,"label":null,"line_end":11,"line_start":11,"suggested_replacement":null,"suggestion_applicability":null,"text":[{"highlight_end":30,"highlight_start":5,"text":"use std::collections::HashMap;"}]}]}}
{"reason":"compiler-message","package_id":"path+file:///Users/bradyjeong/Documents/Projects/Amp/gta4/gta_game/gameplay_sim#0.1.0","manifest_path":"/Users/bradyjeong/Documents/Projects/Amp/gta4/gta_game/gameplay_sim/Cargo.toml","target":{"kind":["lib"],"crate_types":["lib"],"name":"gameplay_sim","src_path":"/Users/bradyjeong/Documents/Projects/Amp/gta4/gta_game/gameplay_sim/src/lib.rs","edition":"2021","doc":true,"doctest":true,"test":true},"message":{"rendered":"warning: unused import: `control_manager_ext::*`\n  --> gameplay_sim/src/input/mod.rs:22:9\n   |\n22 | pub use control_manager_ext::*;\n   |         ^^^^^^^^^^^^^^^^^^^^^^\n\n","$message_type":"diagnostic","children":[{"children":[],"code":null,"level":"help","message":"remove the whole `use` item","rendered":null,"spans":[{"byte_end":813,"byte_start":781,"column_end":33,"column_start":1,"expansion":null,"file_name":"gameplay_sim/src/input/mod.rs","is_primary":true,"label":null,"line_end":22,"line_start":22,"suggested_replacement":"","suggestion_applicability":"MachineApplicable","text":[{"highlight_end":33,"highlight_start":1,"text":"pub use control_manager_ext::*;"}]}]}],"code":{"code":"unused_imports","explanation":null},"level":"warning","message":"unused import: `control_manager_ext::*`","spans":[{"byte_end":811,"byte_start":789,"column_end":31,"column_start":9,"expansion":null,"file_name":"gameplay_sim/src/input/mod.rs","is_primary":true,"label":null,"line_end":22,"line_start":22,"suggested_replacement":null,"suggestion_applicability":null,"text":[{"highlight_end":31,"highlight_start":9,"text":"pub use control_manager_ext::*;"}]}]}}
{"reason":"compiler-message","package_id":"path+file:///Users/bradyjeong/Documents/Projects/Amp/gta4/gta_game/gameplay_sim#0.1.0","manifest_path":"/Users/bradyjeong/Documents/Projects/Amp/gta4/gta_game/gameplay_sim/Cargo.toml","target":{"kind":["lib"],"crate_types":["lib"],"name":"gameplay_sim","src_path":"/Users/bradyjeong/Documents/Projects/Amp/gta4/gta_game/gameplay_sim/src/lib.rs","edition":"2021","doc":true,"doctest":true,"test":true},"message":{"rendered":"warning: unused import: `modern_lod_system::*`\n  --> gameplay_sim/src/lod/mod.rs:14:9\n   |\n14 | pub use modern_lod_system::*;\n   |         ^^^^^^^^^^^^^^^^^^^^\n\n","$message_type":"diagnostic","children":[{"children":[],"code":null,"level":"help","message":"remove the whole `use` item","rendered":null,"spans":[{"byte_end":594,"byte_start":564,"column_end":31,"column_start":1,"expansion":null,"file_name":"gameplay_sim/src/lod/mod.rs","is_primary":true,"label":null,"line_end":14,"line_start":14,"suggested_replacement":"","suggestion_applicability":"MachineApplicable","text":[{"highlight_end":31,"highlight_start":1,"text":"pub use modern_lod_system::*;"}]}]}],"code":{"code":"unused_imports","explanation":null},"level":"warning","message":"unused import: `modern_lod_system::*`","spans":[{"byte_end":592,"byte_start":572,"column_end":29,"column_start":9,"expansion":null,"file_name":"gameplay_sim/src/lod/mod.rs","is_primary":true,"label":null,"line_end":14,"line_start":14,"suggested_replacement":null,"suggestion_applicability":null,"text":[{"highlight_end":29,"highlight_start":9,"text":"pub use modern_lod_system::*;"}]}]}}
{"reason":"compiler-message","package_id":"path+file:///Users/bradyjeong/Documents/Projects/Amp/gta4/gta_game/gameplay_sim#0.1.0","manifest_path":"/Users/bradyjeong/Documents/Projects/Amp/gta4/gta_game/gameplay_sim/Cargo.toml","target":{"kind":["lib"],"crate_types":["lib"],"name":"gameplay_sim","src_path":"/Users/bradyjeong/Documents/Projects/Amp/gta4/gta_game/gameplay_sim/src/lib.rs","edition":"2021","doc":true,"doctest":true,"test":true},"message":{"rendered":"warning: unused import: `game_core::prelude::*`\n  --> gameplay_sim/src/systems/timing_service.rs:12:5\n   |\n12 | use game_core::prelude::*;\n   |     ^^^^^^^^^^^^^^^^^^^^^\n\n","$message_type":"diagnostic","children":[{"children":[],"code":null,"level":"help","message":"remove the whole `use` item","rendered":null,"spans":[{"byte_end":564,"byte_start":537,"column_end":1,"column_start":1,"expansion":null,"file_name":"gameplay_sim/src/systems/timing_service.rs","is_primary":true,"label":null,"line_end":13,"line_start":12,"suggested_replacement":"","suggestion_applicability":"MachineApplicable","text":[{"highlight_end":27,"highlight_start":1,"text":"use game_core::prelude::*;"},{"highlight_end":1,"highlight_start":1,"text":""}]}]}],"code":{"code":"unused_imports","explanation":null},"level":"warning","message":"unused import: `game_core::prelude::*`","spans":[{"byte_end":562,"byte_start":541,"column_end":26,"column_start":5,"expansion":null,"file_name":"gameplay_sim/src/systems/timing_service.rs","is_primary":true,"label":null,"line_end":12,"line_start":12,"suggested_replacement":null,"suggestion_applicability":null,"text":[{"highlight_end":26,"highlight_start":5,"text":"use game_core::prelude::*;"}]}]}}
{"reason":"compiler-message","package_id":"path+file:///Users/bradyjeong/Documents/Projects/Amp/gta4/gta_game/gameplay_sim#0.1.0","manifest_path":"/Users/bradyjeong/Documents/Projects/Amp/gta4/gta_game/gameplay_sim/Cargo.toml","target":{"kind":["lib"],"crate_types":["lib"],"name":"gameplay_sim","src_path":"/Users/bradyjeong/Documents/Projects/Amp/gta4/gta_game/gameplay_sim/src/lib.rs","edition":"2021","doc":true,"doctest":true,"test":true},"message":{"rendered":"warning: unused import: `bevy::prelude::*`\n --> gameplay_sim/src/systems/performance_monitor.rs:4:5\n  |\n4 | use bevy::prelude::*;\n  |     ^^^^^^^^^^^^^^^^\n\n","$message_type":"diagnostic","children":[{"children":[],"code":null,"level":"help","message":"remove the whole `use` item","rendered":null,"spans":[{"byte_end":118,"byte_start":96,"column_end":1,"column_start":1,"expansion":null,"file_name":"gameplay_sim/src/systems/performance_monitor.rs","is_primary":true,"label":null,"line_end":5,"line_start":4,"suggested_replacement":"","suggestion_applicability":"MachineApplicable","text":[{"highlight_end":22,"highlight_start":1,"text":"use bevy::prelude::*;"},{"highlight_end":1,"highlight_start":1,"text":""}]}]}],"code":{"code":"unused_imports","explanation":null},"level":"warning","message":"unused import: `bevy::prelude::*`","spans":[{"byte_end":116,"byte_start":100,"column_end":21,"column_start":5,"expansion":null,"file_name":"gameplay_sim/src/systems/performance_monitor.rs","is_primary":true,"label":null,"line_end":4,"line_start":4,"suggested_replacement":null,"suggestion_applicability":null,"text":[{"highlight_end":21,"highlight_start":5,"text":"use bevy::prelude::*;"}]}]}}
{"reason":"compiler-message","package_id":"path+file:///Users/bradyjeong/Documents/Projects/Amp/gta4/gta_game/gameplay_sim#0.1.0","manifest_path":"/Users/bradyjeong/Documents/Projects/Amp/gta4/gta_game/gameplay_sim/Cargo.toml","target":{"kind":["lib"],"crate_types":["lib"],"name":"gameplay_sim","src_path":"/Users/bradyjeong/Documents/Projects/Amp/gta4/gta_game/gameplay_sim/src/lib.rs","edition":"2021","doc":true,"doctest":true,"test":true},"message":{"rendered":"warning: unused import: `game_core::prelude::*`\n --> gameplay_sim/src/systems/persistence.rs:5:5\n  |\n5 | use game_core::prelude::*;\n  |     ^^^^^^^^^^^^^^^^^^^^^\n\n","$message_type":"diagnostic","children":[{"children":[],"code":null,"level":"help","message":"remove the whole `use` item","rendered":null,"spans":[{"byte_end":123,"byte_start":96,"column_end":1,"column_start":1,"expansion":null,"file_name":"gameplay_sim/src/systems/persistence.rs","is_primary":true,"label":null,"line_end":6,"line_start":5,"suggested_replacement":"","suggestion_applicability":"MachineApplicable","text":[{"highlight_end":27,"highlight_start":1,"text":"use game_core::prelude::*;"},{"highlight_end":1,"highlight_start":1,"text":""}]}]}],"code":{"code":"unused_imports","explanation":null},"level":"warning","message":"unused import: `game_core::prelude::*`","spans":[{"byte_end":121,"byte_start":100,"column_end":26,"column_start":5,"expansion":null,"file_name":"gameplay_sim/src/systems/persistence.rs","is_primary":true,"label":null,"line_end":5,"line_start":5,"suggested_replacement":null,"suggestion_applicability":null,"text":[{"highlight_end":26,"highlight_start":5,"text":"use game_core::prelude::*;"}]}]}}
{"reason":"compiler-message","package_id":"path+file:///Users/bradyjeong/Documents/Projects/Amp/gta4/gta_game/gameplay_sim#0.1.0","manifest_path":"/Users/bradyjeong/Documents/Projects/Amp/gta4/gta_game/gameplay_sim/Cargo.toml","target":{"kind":["lib"],"crate_types":["lib"],"name":"gameplay_sim","src_path":"/Users/bradyjeong/Documents/Projects/Amp/gta4/gta_game/gameplay_sim/src/lib.rs","edition":"2021","doc":true,"doctest":true,"test":true},"message":{"rendered":"warning: unused import: `bevy::prelude::*`\n --> gameplay_sim/src/systems/camera.rs:4:5\n  |\n4 | use bevy::prelude::*;\n  |     ^^^^^^^^^^^^^^^^\n\n","$message_type":"diagnostic","children":[{"children":[],"code":null,"level":"help","message":"remove the whole `use` item","rendered":null,"spans":[{"byte_end":86,"byte_start":64,"column_end":1,"column_start":1,"expansion":null,"file_name":"gameplay_sim/src/systems/camera.rs","is_primary":true,"label":null,"line_end":5,"line_start":4,"suggested_replacement":"","suggestion_applicability":"MachineApplicable","text":[{"highlight_end":22,"highlight_start":1,"text":"use bevy::prelude::*;"},{"highlight_end":1,"highlight_start":1,"text":""}]}]}],"code":{"code":"unused_imports","explanation":null},"level":"warning","message":"unused import: `bevy::prelude::*`","spans":[{"byte_end":84,"byte_start":68,"column_end":21,"column_start":5,"expansion":null,"file_name":"gameplay_sim/src/systems/camera.rs","is_primary":true,"label":null,"line_end":4,"line_start":4,"suggested_replacement":null,"suggestion_applicability":null,"text":[{"highlight_end":21,"highlight_start":5,"text":"use bevy::prelude::*;"}]}]}}
{"reason":"compiler-message","package_id":"path+file:///Users/bradyjeong/Documents/Projects/Amp/gta4/gta_game/gameplay_sim#0.1.0","manifest_path":"/Users/bradyjeong/Documents/Projects/Amp/gta4/gta_game/gameplay_sim/Cargo.toml","target":{"kind":["lib"],"crate_types":["lib"],"name":"gameplay_sim","src_path":"/Users/bradyjeong/Documents/Projects/Amp/gta4/gta_game/gameplay_sim/src/lib.rs","edition":"2021","doc":true,"doctest":true,"test":true},"message":{"rendered":"warning: unused import: `game_core::prelude::*`\n --> gameplay_sim/src/systems/water.rs:3:5\n  |\n3 | use game_core::prelude::*;\n  |     ^^^^^^^^^^^^^^^^^^^^^\n\n","$message_type":"diagnostic","children":[{"children":[],"code":null,"level":"help","message":"remove the whole `use` item","rendered":null,"spans":[{"byte_end":80,"byte_start":53,"column_end":1,"column_start":1,"expansion":null,"file_name":"gameplay_sim/src/systems/water.rs","is_primary":true,"label":null,"line_end":4,"line_start":3,"suggested_replacement":"","suggestion_applicability":"MachineApplicable","text":[{"highlight_end":27,"highlight_start":1,"text":"use game_core::prelude::*;"},{"highlight_end":1,"highlight_start":1,"text":""}]}]}],"code":{"code":"unused_imports","explanation":null},"level":"warning","message":"unused import: `game_core::prelude::*`","spans":[{"byte_end":78,"byte_start":57,"column_end":26,"column_start":5,"expansion":null,"file_name":"gameplay_sim/src/systems/water.rs","is_primary":true,"label":null,"line_end":3,"line_start":3,"suggested_replacement":null,"suggestion_applicability":null,"text":[{"highlight_end":26,"highlight_start":5,"text":"use game_core::prelude::*;"}]}]}}
{"reason":"compiler-message","package_id":"path+file:///Users/bradyjeong/Documents/Projects/Amp/gta4/gta_game/gameplay_sim#0.1.0","manifest_path":"/Users/bradyjeong/Documents/Projects/Amp/gta4/gta_game/gameplay_sim/Cargo.toml","target":{"kind":["lib"],"crate_types":["lib"],"name":"gameplay_sim","src_path":"/Users/bradyjeong/Documents/Projects/Amp/gta4/gta_game/gameplay_sim/src/lib.rs","edition":"2021","doc":true,"doctest":true,"test":true},"message":{"rendered":"warning: unused import: `bevy::prelude::*`\n --> gameplay_sim/src/systems/effects.rs:1:5\n  |\n1 | use bevy::prelude::*;\n  |     ^^^^^^^^^^^^^^^^\n\n","$message_type":"diagnostic","children":[{"children":[],"code":null,"level":"help","message":"remove the whole `use` item","rendered":null,"spans":[{"byte_end":22,"byte_start":0,"column_end":1,"column_start":1,"expansion":null,"file_name":"gameplay_sim/src/systems/effects.rs","is_primary":true,"label":null,"line_end":2,"line_start":1,"suggested_replacement":"","suggestion_applicability":"MachineApplicable","text":[{"highlight_end":22,"highlight_start":1,"text":"use bevy::prelude::*;"},{"highlight_end":1,"highlight_start":1,"text":""}]}]}],"code":{"code":"unused_imports","explanation":null},"level":"warning","message":"unused import: `bevy::prelude::*`","spans":[{"byte_end":20,"byte_start":4,"column_end":21,"column_start":5,"expansion":null,"file_name":"gameplay_sim/src/systems/effects.rs","is_primary":true,"label":null,"line_end":1,"line_start":1,"suggested_replacement":null,"suggestion_applicability":null,"text":[{"highlight_end":21,"highlight_start":5,"text":"use bevy::prelude::*;"}]}]}}
{"reason":"compiler-message","package_id":"path+file:///Users/bradyjeong/Documents/Projects/Amp/gta4/gta_game/gameplay_sim#0.1.0","manifest_path":"/Users/bradyjeong/Documents/Projects/Amp/gta4/gta_game/gameplay_sim/Cargo.toml","target":{"kind":["lib"],"crate_types":["lib"],"name":"gameplay_sim","src_path":"/Users/bradyjeong/Documents/Projects/Amp/gta4/gta_game/gameplay_sim/src/lib.rs","edition":"2021","doc":true,"doctest":true,"test":true},"message":{"rendered":"warning: unused import: `game_core::prelude::*`\n --> gameplay_sim/src/factories/entity_builder_unified.rs:3:5\n  |\n3 | use game_core::prelude::*;\n  |     ^^^^^^^^^^^^^^^^^^^^^\n\n","$message_type":"diagnostic","children":[{"children":[],"code":null,"level":"help","message":"remove the whole `use` item","rendered":null,"spans":[{"byte_end":110,"byte_start":83,"column_end":1,"column_start":1,"expansion":null,"file_name":"gameplay_sim/src/factories/entity_builder_unified.rs","is_primary":true,"label":null,"line_end":4,"line_start":3,"suggested_replacement":"","suggestion_applicability":"MachineApplicable","text":[{"highlight_end":27,"highlight_start":1,"text":"use game_core::prelude::*;"},{"highlight_end":1,"highlight_start":1,"text":""}]}]}],"code":{"code":"unused_imports","explanation":null},"level":"warning","message":"unused import: `game_core::prelude::*`","spans":[{"byte_end":108,"byte_start":87,"column_end":26,"column_start":5,"expansion":null,"file_name":"gameplay_sim/src/factories/entity_builder_unified.rs","is_primary":true,"label":null,"line_end":3,"line_start":3,"suggested_replacement":null,"suggestion_applicability":null,"text":[{"highlight_end":26,"highlight_start":5,"text":"use game_core::prelude::*;"}]}]}}
{"reason":"compiler-message","package_id":"path+file:///Users/bradyjeong/Documents/Projects/Amp/gta4/gta_game/gameplay_sim#0.1.0","manifest_path":"/Users/bradyjeong/Documents/Projects/Amp/gta4/gta_game/gameplay_sim/Cargo.toml","target":{"kind":["lib"],"crate_types":["lib"],"name":"gameplay_sim","src_path":"/Users/bradyjeong/Documents/Projects/Amp/gta4/gta_game/gameplay_sim/src/lib.rs","edition":"2021","doc":true,"doctest":true,"test":true},"message":{"rendered":"warning: unused import: `game_core::prelude::*`\n --> gameplay_sim/src/factories/rendering_factory.rs:2:5\n  |\n2 | use game_core::prelude::*;\n  |     ^^^^^^^^^^^^^^^^^^^^^\n\n","$message_type":"diagnostic","children":[{"children":[],"code":null,"level":"help","message":"remove the whole `use` item","rendered":null,"spans":[{"byte_end":49,"byte_start":22,"column_end":1,"column_start":1,"expansion":null,"file_name":"gameplay_sim/src/factories/rendering_factory.rs","is_primary":true,"label":null,"line_end":3,"line_start":2,"suggested_replacement":"","suggestion_applicability":"MachineApplicable","text":[{"highlight_end":27,"highlight_start":1,"text":"use game_core::prelude::*;"},{"highlight_end":1,"highlight_start":1,"text":"use crate::factories::StandardRenderingPattern;"}]}]}],"code":{"code":"unused_imports","explanation":null},"level":"warning","message":"unused import: `game_core::prelude::*`","spans":[{"byte_end":47,"byte_start":26,"column_end":26,"column_start":5,"expansion":null,"file_name":"gameplay_sim/src/factories/rendering_factory.rs","is_primary":true,"label":null,"line_end":2,"line_start":2,"suggested_replacement":null,"suggestion_applicability":null,"text":[{"highlight_end":26,"highlight_start":5,"text":"use game_core::prelude::*;"}]}]}}
{"reason":"compiler-message","package_id":"path+file:///Users/bradyjeong/Documents/Projects/Amp/gta4/gta_game/gameplay_sim#0.1.0","manifest_path":"/Users/bradyjeong/Documents/Projects/Amp/gta4/gta_game/gameplay_sim/Cargo.toml","target":{"kind":["lib"],"crate_types":["lib"],"name":"gameplay_sim","src_path":"/Users/bradyjeong/Documents/Projects/Amp/gta4/gta_game/gameplay_sim/src/lib.rs","edition":"2021","doc":true,"doctest":true,"test":true},"message":{"rendered":"warning: unused import: `world::*`\n --> gameplay_sim/src/setup/mod.rs:9:9\n  |\n9 | pub use world::*;\n  |         ^^^^^^^^\n\n","$message_type":"diagnostic","children":[{"children":[],"code":null,"level":"help","message":"remove the whole `use` item","rendered":null,"spans":[{"byte_end":148,"byte_start":130,"column_end":1,"column_start":1,"expansion":null,"file_name":"gameplay_sim/src/setup/mod.rs","is_primary":true,"label":null,"line_end":10,"line_start":9,"suggested_replacement":"","suggestion_applicability":"MachineApplicable","text":[{"highlight_end":18,"highlight_start":1,"text":"pub use world::*;"},{"highlight_end":1,"highlight_start":1,"text":"pub use vehicles::*;"}]}]}],"code":{"code":"unused_imports","explanation":null},"level":"warning","message":"unused import: `world::*`","spans":[{"byte_end":146,"byte_start":138,"column_end":17,"column_start":9,"expansion":null,"file_name":"gameplay_sim/src/setup/mod.rs","is_primary":true,"label":null,"line_end":9,"line_start":9,"suggested_replacement":null,"suggestion_applicability":null,"text":[{"highlight_end":17,"highlight_start":9,"text":"pub use world::*;"}]}]}}
{"reason":"compiler-message","package_id":"path+file:///Users/bradyjeong/Documents/Projects/Amp/gta4/gta_game/gameplay_sim#0.1.0","manifest_path":"/Users/bradyjeong/Documents/Projects/Amp/gta4/gta_game/gameplay_sim/Cargo.toml","target":{"kind":["lib"],"crate_types":["lib"],"name":"gameplay_sim","src_path":"/Users/bradyjeong/Documents/Projects/Amp/gta4/gta_game/gameplay_sim/src/lib.rs","edition":"2021","doc":true,"doctest":true,"test":true},"message":{"rendered":"warning: unused import: `entity_factory::*`\n  --> gameplay_sim/src/factories/mod.rs:13:9\n   |\n13 | pub use entity_factory::*;\n   |         ^^^^^^^^^^^^^^^^^\n\n","$message_type":"diagnostic","children":[{"children":[],"code":null,"level":"help","message":"remove the whole `use` item","rendered":null,"spans":[{"byte_end":367,"byte_start":340,"column_end":1,"column_start":1,"expansion":null,"file_name":"gameplay_sim/src/factories/mod.rs","is_primary":true,"label":null,"line_end":14,"line_start":13,"suggested_replacement":"","suggestion_applicability":"MachineApplicable","text":[{"highlight_end":27,"highlight_start":1,"text":"pub use entity_factory::*;"},{"highlight_end":1,"highlight_start":1,"text":"pub use entity_factory_unified::*;"}]}]}],"code":{"code":"unused_imports","explanation":null},"level":"warning","message":"unused import: `entity_factory::*`","spans":[{"byte_end":365,"byte_start":348,"column_end":26,"column_start":9,"expansion":null,"file_name":"gameplay_sim/src/factories/mod.rs","is_primary":true,"label":null,"line_end":13,"line_start":13,"suggested_replacement":null,"suggestion_applicability":null,"text":[{"highlight_end":26,"highlight_start":9,"text":"pub use entity_factory::*;"}]}]}}
{"reason":"compiler-message","package_id":"path+file:///Users/bradyjeong/Documents/Projects/Amp/gta4/gta_game/gameplay_sim#0.1.0","manifest_path":"/Users/bradyjeong/Documents/Projects/Amp/gta4/gta_game/gameplay_sim/Cargo.toml","target":{"kind":["lib"],"crate_types":["lib"],"name":"gameplay_sim","src_path":"/Users/bradyjeong/Documents/Projects/Amp/gta4/gta_game/gameplay_sim/src/lib.rs","edition":"2021","doc":true,"doctest":true,"test":true},"message":{"rendered":"warning: unused import: `entity_factory_unified::*`\n  --> gameplay_sim/src/factories/mod.rs:14:9\n   |\n14 | pub use entity_factory_unified::*;\n   |         ^^^^^^^^^^^^^^^^^^^^^^^^^\n\n","$message_type":"diagnostic","children":[{"children":[],"code":null,"level":"help","message":"remove the whole `use` item","rendered":null,"spans":[{"byte_end":402,"byte_start":367,"column_end":1,"column_start":1,"expansion":null,"file_name":"gameplay_sim/src/factories/mod.rs","is_primary":true,"label":null,"line_end":15,"line_start":14,"suggested_replacement":"","suggestion_applicability":"MachineApplicable","text":[{"highlight_end":35,"highlight_start":1,"text":"pub use entity_factory_unified::*;"},{"highlight_end":1,"highlight_start":1,"text":"pub use entity_builder_unified::*;"}]}]}],"code":{"code":"unused_imports","explanation":null},"level":"warning","message":"unused import: `entity_factory_unified::*`","spans":[{"byte_end":400,"byte_start":375,"column_end":34,"column_start":9,"expansion":null,"file_name":"gameplay_sim/src/factories/mod.rs","is_primary":true,"label":null,"line_end":14,"line_start":14,"suggested_replacement":null,"suggestion_applicability":null,"text":[{"highlight_end":34,"highlight_start":9,"text":"pub use entity_factory_unified::*;"}]}]}}
{"reason":"compiler-message","package_id":"path+file:///Users/bradyjeong/Documents/Projects/Amp/gta4/gta_game/gameplay_sim#0.1.0","manifest_path":"/Users/bradyjeong/Documents/Projects/Amp/gta4/gta_game/gameplay_sim/Cargo.toml","target":{"kind":["lib"],"crate_types":["lib"],"name":"gameplay_sim","src_path":"/Users/bradyjeong/Documents/Projects/Amp/gta4/gta_game/gameplay_sim/src/lib.rs","edition":"2021","doc":true,"doctest":true,"test":true},"message":{"rendered":"warning: unused import: `entity_builder_unified::*`\n  --> gameplay_sim/src/factories/mod.rs:15:9\n   |\n15 | pub use entity_builder_unified::*;\n   |         ^^^^^^^^^^^^^^^^^^^^^^^^^\n\n","$message_type":"diagnostic","children":[{"children":[],"code":null,"level":"help","message":"remove the whole `use` item","rendered":null,"spans":[{"byte_end":437,"byte_start":402,"column_end":1,"column_start":1,"expansion":null,"file_name":"gameplay_sim/src/factories/mod.rs","is_primary":true,"label":null,"line_end":16,"line_start":15,"suggested_replacement":"","suggestion_applicability":"MachineApplicable","text":[{"highlight_end":35,"highlight_start":1,"text":"pub use entity_builder_unified::*;"},{"highlight_end":1,"highlight_start":1,"text":"// Specialized factory exports"}]}]}],"code":{"code":"unused_imports","explanation":null},"level":"warning","message":"unused import: `entity_builder_unified::*`","spans":[{"byte_end":435,"byte_start":410,"column_end":34,"column_start":9,"expansion":null,"file_name":"gameplay_sim/src/factories/mod.rs","is_primary":true,"label":null,"line_end":15,"line_start":15,"suggested_replacement":null,"suggestion_applicability":null,"text":[{"highlight_end":34,"highlight_start":9,"text":"pub use entity_builder_unified::*;"}]}]}}
{"reason":"compiler-message","package_id":"path+file:///Users/bradyjeong/Documents/Projects/Amp/gta4/gta_game/gameplay_sim#0.1.0","manifest_path":"/Users/bradyjeong/Documents/Projects/Amp/gta4/gta_game/gameplay_sim/Cargo.toml","target":{"kind":["lib"],"crate_types":["lib"],"name":"gameplay_sim","src_path":"/Users/bradyjeong/Documents/Projects/Amp/gta4/gta_game/gameplay_sim/src/lib.rs","edition":"2021","doc":true,"doctest":true,"test":true},"message":{"rendered":"warning: unused import: `vehicles::*`\n  --> gameplay_sim/src/setup/mod.rs:10:9\n   |\n10 | pub use vehicles::*;\n   |         ^^^^^^^^^^^\n\n","$message_type":"diagnostic","children":[{"children":[],"code":null,"level":"help","message":"remove the whole `use` item","rendered":null,"spans":[{"byte_end":169,"byte_start":148,"column_end":1,"column_start":1,"expansion":null,"file_name":"gameplay_sim/src/setup/mod.rs","is_primary":true,"label":null,"line_end":11,"line_start":10,"suggested_replacement":"","suggestion_applicability":"MachineApplicable","text":[{"highlight_end":21,"highlight_start":1,"text":"pub use vehicles::*;"},{"highlight_end":1,"highlight_start":1,"text":"pub use environment::*;"}]}]}],"code":{"code":"unused_imports","explanation":null},"level":"warning","message":"unused import: `vehicles::*`","spans":[{"byte_end":167,"byte_start":156,"column_end":20,"column_start":9,"expansion":null,"file_name":"gameplay_sim/src/setup/mod.rs","is_primary":true,"label":null,"line_end":10,"line_start":10,"suggested_replacement":null,"suggestion_applicability":null,"text":[{"highlight_end":20,"highlight_start":9,"text":"pub use vehicles::*;"}]}]}}
{"reason":"compiler-message","package_id":"path+file:///Users/bradyjeong/Documents/Projects/Amp/gta4/gta_game/gameplay_sim#0.1.0","manifest_path":"/Users/bradyjeong/Documents/Projects/Amp/gta4/gta_game/gameplay_sim/Cargo.toml","target":{"kind":["lib"],"crate_types":["lib"],"name":"gameplay_sim","src_path":"/Users/bradyjeong/Documents/Projects/Amp/gta4/gta_game/gameplay_sim/src/lib.rs","edition":"2021","doc":true,"doctest":true,"test":true},"message":{"rendered":"warning: unused import: `generic_bundle::*`\n  --> gameplay_sim/src/factories/mod.rs:20:9\n   |\n20 | pub use generic_bundle::*;\n   |         ^^^^^^^^^^^^^^^^^\n\n","$message_type":"diagnostic","children":[{"children":[],"code":null,"level":"help","message":"remove the whole `use` item","rendered":null,"spans":[{"byte_end":579,"byte_start":552,"column_end":1,"column_start":1,"expansion":null,"file_name":"gameplay_sim/src/factories/mod.rs","is_primary":true,"label":null,"line_end":21,"line_start":20,"suggested_replacement":"","suggestion_applicability":"MachineApplicable","text":[{"highlight_end":27,"highlight_start":1,"text":"pub use generic_bundle::*;"},{"highlight_end":1,"highlight_start":1,"text":"pub use rendering_factory::*;"}]}]}],"code":{"code":"unused_imports","explanation":null},"level":"warning","message":"unused import: `generic_bundle::*`","spans":[{"byte_end":577,"byte_start":560,"column_end":26,"column_start":9,"expansion":null,"file_name":"gameplay_sim/src/factories/mod.rs","is_primary":true,"label":null,"line_end":20,"line_start":20,"suggested_replacement":null,"suggestion_applicability":null,"text":[{"highlight_end":26,"highlight_start":9,"text":"pub use generic_bundle::*;"}]}]}}
{"reason":"compiler-message","package_id":"path+file:///Users/bradyjeong/Documents/Projects/Amp/gta4/gta_game/gameplay_sim#0.1.0","manifest_path":"/Users/bradyjeong/Documents/Projects/Amp/gta4/gta_game/gameplay_sim/Cargo.toml","target":{"kind":["lib"],"crate_types":["lib"],"name":"gameplay_sim","src_path":"/Users/bradyjeong/Documents/Projects/Amp/gta4/gta_game/gameplay_sim/src/lib.rs","edition":"2021","doc":true,"doctest":true,"test":true},"message":{"rendered":"warning: unused import: `environment::*`\n  --> gameplay_sim/src/setup/mod.rs:11:9\n   |\n11 | pub use environment::*;\n   |         ^^^^^^^^^^^^^^\n\n","$message_type":"diagnostic","children":[{"children":[],"code":null,"level":"help","message":"remove the whole `use` item","rendered":null,"spans":[{"byte_end":193,"byte_start":169,"column_end":1,"column_start":1,"expansion":null,"file_name":"gameplay_sim/src/setup/mod.rs","is_primary":true,"label":null,"line_end":12,"line_start":11,"suggested_replacement":"","suggestion_applicability":"MachineApplicable","text":[{"highlight_end":24,"highlight_start":1,"text":"pub use environment::*;"},{"highlight_end":1,"highlight_start":1,"text":"pub use unified_vehicles::*;"}]}]}],"code":{"code":"unused_imports","explanation":null},"level":"warning","message":"unused import: `environment::*`","spans":[{"byte_end":191,"byte_start":177,"column_end":23,"column_start":9,"expansion":null,"file_name":"gameplay_sim/src/setup/mod.rs","is_primary":true,"label":null,"line_end":11,"line_start":11,"suggested_replacement":null,"suggestion_applicability":null,"text":[{"highlight_end":23,"highlight_start":9,"text":"pub use environment::*;"}]}]}}
{"reason":"compiler-message","package_id":"path+file:///Users/bradyjeong/Documents/Projects/Amp/gta4/gta_game/gameplay_sim#0.1.0","manifest_path":"/Users/bradyjeong/Documents/Projects/Amp/gta4/gta_game/gameplay_sim/Cargo.toml","target":{"kind":["lib"],"crate_types":["lib"],"name":"gameplay_sim","src_path":"/Users/bradyjeong/Documents/Projects/Amp/gta4/gta_game/gameplay_sim/src/lib.rs","edition":"2021","doc":true,"doctest":true,"test":true},"message":{"rendered":"warning: unused import: `unified_vehicles::*`\n  --> gameplay_sim/src/setup/mod.rs:12:9\n   |\n12 | pub use unified_vehicles::*;\n   |         ^^^^^^^^^^^^^^^^^^^\n\n","$message_type":"diagnostic","children":[{"children":[],"code":null,"level":"help","message":"remove the whole `use` item","rendered":null,"spans":[{"byte_end":222,"byte_start":193,"column_end":1,"column_start":1,"expansion":null,"file_name":"gameplay_sim/src/setup/mod.rs","is_primary":true,"label":null,"line_end":13,"line_start":12,"suggested_replacement":"","suggestion_applicability":"MachineApplicable","text":[{"highlight_end":29,"highlight_start":1,"text":"pub use unified_vehicles::*;"},{"highlight_end":1,"highlight_start":1,"text":"pub use unified_npcs::*;"}]}]}],"code":{"code":"unused_imports","explanation":null},"level":"warning","message":"unused import: `unified_vehicles::*`","spans":[{"byte_end":220,"byte_start":201,"column_end":28,"column_start":9,"expansion":null,"file_name":"gameplay_sim/src/setup/mod.rs","is_primary":true,"label":null,"line_end":12,"line_start":12,"suggested_replacement":null,"suggestion_applicability":null,"text":[{"highlight_end":28,"highlight_start":9,"text":"pub use unified_vehicles::*;"}]}]}}
{"reason":"compiler-message","package_id":"path+file:///Users/bradyjeong/Documents/Projects/Amp/gta4/gta_game/gameplay_sim#0.1.0","manifest_path":"/Users/bradyjeong/Documents/Projects/Amp/gta4/gta_game/gameplay_sim/Cargo.toml","target":{"kind":["lib"],"crate_types":["lib"],"name":"gameplay_sim","src_path":"/Users/bradyjeong/Documents/Projects/Amp/gta4/gta_game/gameplay_sim/src/lib.rs","edition":"2021","doc":true,"doctest":true,"test":true},"message":{"rendered":"warning: unused import: `unified_npcs::*`\n  --> gameplay_sim/src/setup/mod.rs:13:9\n   |\n13 | pub use unified_npcs::*;\n   |         ^^^^^^^^^^^^^^^\n\n","$message_type":"diagnostic","children":[{"children":[],"code":null,"level":"help","message":"remove the whole `use` item","rendered":null,"spans":[{"byte_end":247,"byte_start":222,"column_end":1,"column_start":1,"expansion":null,"file_name":"gameplay_sim/src/setup/mod.rs","is_primary":true,"label":null,"line_end":14,"line_start":13,"suggested_replacement":"","suggestion_applicability":"MachineApplicable","text":[{"highlight_end":25,"highlight_start":1,"text":"pub use unified_npcs::*;"},{"highlight_end":1,"highlight_start":1,"text":"pub use unified_aircraft::*;"}]}]}],"code":{"code":"unused_imports","explanation":null},"level":"warning","message":"unused import: `unified_npcs::*`","spans":[{"byte_end":245,"byte_start":230,"column_end":24,"column_start":9,"expansion":null,"file_name":"gameplay_sim/src/setup/mod.rs","is_primary":true,"label":null,"line_end":13,"line_start":13,"suggested_replacement":null,"suggestion_applicability":null,"text":[{"highlight_end":24,"highlight_start":9,"text":"pub use unified_npcs::*;"}]}]}}
{"reason":"compiler-message","package_id":"path+file:///Users/bradyjeong/Documents/Projects/Amp/gta4/gta_game/gameplay_sim#0.1.0","manifest_path":"/Users/bradyjeong/Documents/Projects/Amp/gta4/gta_game/gameplay_sim/Cargo.toml","target":{"kind":["lib"],"crate_types":["lib"],"name":"gameplay_sim","src_path":"/Users/bradyjeong/Documents/Projects/Amp/gta4/gta_game/gameplay_sim/src/lib.rs","edition":"2021","doc":true,"doctest":true,"test":true},"message":{"rendered":"warning: unused imports: `Assets`, `Commands`, `Component`, `Entity`, `Handle`, `Mesh`, `Query`, and `StandardMaterial`\n  --> gameplay_sim/src/compat.rs:8:5\n   |\n8  |     Query,\n   |     ^^^^^\n9  |     // Other common types\n10 |     StandardMaterial, Mesh, Handle, Assets, Commands, Entity, Component, Resource, Bundle,\n   |     ^^^^^^^^^^^^^^^^  ^^^^  ^^^^^^  ^^^^^^  ^^^^^^^^  ^^^^^^  ^^^^^^^^^\n\n","$message_type":"diagnostic","children":[{"children":[],"code":null,"level":"help","message":"remove the unused imports","rendered":null,"spans":[{"byte_end":387,"byte_start":258,"column_end":72,"column_start":80,"expansion":null,"file_name":"gameplay_sim/src/compat.rs","is_primary":true,"label":null,"line_end":10,"line_start":6,"suggested_replacement":"","suggestion_applicability":"MachineApplicable","text":[{"highlight_end":81,"highlight_start":80,"text":"    Transform, Visibility, InheritedVisibility, ViewVisibility, GlobalTransform,"},{"highlight_end":19,"highlight_start":1,"text":"    // Query types"},{"highlight_end":11,"highlight_start":1,"text":"    Query,"},{"highlight_end":26,"highlight_start":1,"text":"    // Other common types"},{"highlight_end":72,"highlight_start":1,"text":"    StandardMaterial, Mesh, Handle, Assets, Commands, Entity, Component, Resource, Bundle,"}]}]}],"code":{"code":"unused_imports","explanation":null},"level":"warning","message":"unused imports: `Assets`, `Commands`, `Component`, `Entity`, `Handle`, `Mesh`, `Query`, and `StandardMaterial`","spans":[{"byte_end":288,"byte_start":283,"column_end":10,"column_start":5,"expansion":null,"file_name":"gameplay_sim/src/compat.rs","is_primary":true,"label":null,"line_end":8,"line_start":8,"suggested_replacement":null,"suggestion_applicability":null,"text":[{"highlight_end":10,"highlight_start":5,"text":"    Query,"}]},{"byte_end":336,"byte_start":320,"column_end":21,"column_start":5,"expansion":null,"file_name":"gameplay_sim/src/compat.rs","is_primary":true,"label":null,"line_end":10,"line_start":10,"suggested_replacement":null,"suggestion_applicability":null,"text":[{"highlight_end":21,"highlight_start":5,"text":"    StandardMaterial, Mesh, Handle, Assets, Commands, Entity, Component, Resource, Bundle,"}]},{"byte_end":342,"byte_start":338,"column_end":27,"column_start":23,"expansion":null,"file_name":"gameplay_sim/src/compat.rs","is_primary":true,"label":null,"line_end":10,"line_start":10,"suggested_replacement":null,"suggestion_applicability":null,"text":[{"highlight_end":27,"highlight_start":23,"text":"    StandardMaterial, Mesh, Handle, Assets, Commands, Entity, Component, Resource, Bundle,"}]},{"byte_end":350,"byte_start":344,"column_end":35,"column_start":29,"expansion":null,"file_name":"gameplay_sim/src/compat.rs","is_primary":true,"label":null,"line_end":10,"line_start":10,"suggested_replacement":null,"suggestion_applicability":null,"text":[{"highlight_end":35,"highlight_start":29,"text":"    StandardMaterial, Mesh, Handle, Assets, Commands, Entity, Component, Resource, Bundle,"}]},{"byte_end":358,"byte_start":352,"column_end":43,"column_start":37,"expansion":null,"file_name":"gameplay_sim/src/compat.rs","is_primary":true,"label":null,"line_end":10,"line_start":10,"suggested_replacement":null,"suggestion_applicability":null,"text":[{"highlight_end":43,"highlight_start":37,"text":"    StandardMaterial, Mesh, Handle, Assets, Commands, Entity, Component, Resource, Bundle,"}]},{"byte_end":368,"byte_start":360,"column_end":53,"column_start":45,"expansion":null,"file_name":"gameplay_sim/src/compat.rs","is_primary":true,"label":null,"line_end":10,"line_start":10,"suggested_replacement":null,"suggestion_applicability":null,"text":[{"highlight_end":53,"highlight_start":45,"text":"    StandardMaterial, Mesh, Handle, Assets, Commands, Entity, Component, Resource, Bundle,"}]},{"byte_end":376,"byte_start":370,"column_end":61,"column_start":55,"expansion":null,"file_name":"gameplay_sim/src/compat.rs","is_primary":true,"label":null,"line_end":10,"line_start":10,"suggested_replacement":null,"suggestion_applicability":null,"text":[{"highlight_end":61,"highlight_start":55,"text":"    StandardMaterial, Mesh, Handle, Assets, Commands, Entity, Component, Resource, Bundle,"}]},{"byte_end":387,"byte_start":378,"column_end":72,"column_start":63,"expansion":null,"file_name":"gameplay_sim/src/compat.rs","is_primary":true,"label":null,"line_end":10,"line_start":10,"suggested_replacement":null,"suggestion_applicability":null,"text":[{"highlight_end":72,"highlight_start":63,"text":"    StandardMaterial, Mesh, Handle, Assets, Commands, Entity, Component, Resource, Bundle,"}]}]}}
{"reason":"compiler-message","package_id":"path+file:///Users/bradyjeong/Documents/Projects/Amp/gta4/gta_game/gameplay_sim#0.1.0","manifest_path":"/Users/bradyjeong/Documents/Projects/Amp/gta4/gta_game/gameplay_sim/Cargo.toml","target":{"kind":["lib"],"crate_types":["lib"],"name":"gameplay_sim","src_path":"/Users/bradyjeong/Documents/Projects/Amp/gta4/gta_game/gameplay_sim/src/lib.rs","edition":"2021","doc":true,"doctest":true,"test":true},"message":{"rendered":"warning: unused import: `unified_aircraft::*`\n  --> gameplay_sim/src/setup/mod.rs:14:9\n   |\n14 | pub use unified_aircraft::*;\n   |         ^^^^^^^^^^^^^^^^^^^\n\n","$message_type":"diagnostic","children":[{"children":[],"code":null,"level":"help","message":"remove the whole `use` item","rendered":null,"spans":[{"byte_end":276,"byte_start":247,"column_end":30,"column_start":1,"expansion":null,"file_name":"gameplay_sim/src/setup/mod.rs","is_primary":true,"label":null,"line_end":14,"line_start":14,"suggested_replacement":"","suggestion_applicability":"MachineApplicable","text":[{"highlight_end":30,"highlight_start":1,"text":"pub use unified_aircraft::*;"}]}]}],"code":{"code":"unused_imports","explanation":null},"level":"warning","message":"unused import: `unified_aircraft::*`","spans":[{"byte_end":274,"byte_start":255,"column_end":28,"column_start":9,"expansion":null,"file_name":"gameplay_sim/src/setup/mod.rs","is_primary":true,"label":null,"line_end":14,"line_start":14,"suggested_replacement":null,"suggestion_applicability":null,"text":[{"highlight_end":28,"highlight_start":9,"text":"pub use unified_aircraft::*;"}]}]}}
{"reason":"compiler-message","package_id":"path+file:///Users/bradyjeong/Documents/Projects/Amp/gta4/gta_game/gameplay_sim#0.1.0","manifest_path":"/Users/bradyjeong/Documents/Projects/Amp/gta4/gta_game/gameplay_sim/Cargo.toml","target":{"kind":["lib"],"crate_types":["lib"],"name":"gameplay_sim","src_path":"/Users/bradyjeong/Documents/Projects/Amp/gta4/gta_game/gameplay_sim/src/lib.rs","edition":"2021","doc":true,"doctest":true,"test":true},"message":{"rendered":"warning: unused imports: `CHARACTER_GROUP as GAME_CORE_CHARACTER_GROUP`, `STATIC_GROUP as GAME_CORE_STATIC_GROUP`, and `VEHICLE_GROUP as GAME_CORE_VEHICLE_GROUP`\n  --> gameplay_sim/src/compat.rs:57:5\n   |\n57 |     STATIC_GROUP as GAME_CORE_STATIC_GROUP,\n   |     ^^^^^^^^^^^^^^^^^^^^^^^^^^^^^^^^^^^^^^\n58 |     VEHICLE_GROUP as GAME_CORE_VEHICLE_GROUP,\n   |     ^^^^^^^^^^^^^^^^^^^^^^^^^^^^^^^^^^^^^^^^\n59 |     CHARACTER_GROUP as GAME_CORE_CHARACTER_GROUP,\n   |     ^^^^^^^^^^^^^^^^^^^^^^^^^^^^^^^^^^^^^^^^^^^^\n\n","$message_type":"diagnostic","children":[{"children":[],"code":null,"level":"help","message":"remove the whole `use` item","rendered":null,"spans":[{"byte_end":1991,"byte_start":1816,"column_end":1,"column_start":1,"expansion":null,"file_name":"gameplay_sim/src/compat.rs","is_primary":true,"label":null,"line_end":61,"line_start":56,"suggested_replacement":"","suggestion_applicability":"MachineApplicable","text":[{"highlight_end":32,"highlight_start":1,"text":"pub use game_core::constants::{"},{"highlight_end":44,"highlight_start":1,"text":"    STATIC_GROUP as GAME_CORE_STATIC_GROUP,"},{"highlight_end":46,"highlight_start":1,"text":"    VEHICLE_GROUP as GAME_CORE_VEHICLE_GROUP,"},{"highlight_end":50,"highlight_start":1,"text":"    CHARACTER_GROUP as GAME_CORE_CHARACTER_GROUP,"},{"highlight_end":3,"highlight_start":1,"text":"};"},{"highlight_end":1,"highlight_start":1,"text":""}]}]}],"code":{"code":"unused_imports","explanation":null},"level":"warning","message":"unused imports: `CHARACTER_GROUP as GAME_CORE_CHARACTER_GROUP`, `STATIC_GROUP as GAME_CORE_STATIC_GROUP`, and `VEHICLE_GROUP as GAME_CORE_VEHICLE_GROUP`","spans":[{"byte_end":1890,"byte_start":1852,"column_end":43,"column_start":5,"expansion":null,"file_name":"gameplay_sim/src/compat.rs","is_primary":true,"label":null,"line_end":57,"line_start":57,"suggested_replacement":null,"suggestion_applicability":null,"text":[{"highlight_end":43,"highlight_start":5,"text":"    STATIC_GROUP as GAME_CORE_STATIC_GROUP,"}]},{"byte_end":1936,"byte_start":1896,"column_end":45,"column_start":5,"expansion":null,"file_name":"gameplay_sim/src/compat.rs","is_primary":true,"label":null,"line_end":58,"line_start":58,"suggested_replacement":null,"suggestion_applicability":null,"text":[{"highlight_end":45,"highlight_start":5,"text":"    VEHICLE_GROUP as GAME_CORE_VEHICLE_GROUP,"}]},{"byte_end":1986,"byte_start":1942,"column_end":49,"column_start":5,"expansion":null,"file_name":"gameplay_sim/src/compat.rs","is_primary":true,"label":null,"line_end":59,"line_start":59,"suggested_replacement":null,"suggestion_applicability":null,"text":[{"highlight_end":49,"highlight_start":5,"text":"    CHARACTER_GROUP as GAME_CORE_CHARACTER_GROUP,"}]}]}}
{"reason":"compiler-message","package_id":"path+file:///Users/bradyjeong/Documents/Projects/Amp/gta4/gta_game/gameplay_sim#0.1.0","manifest_path":"/Users/bradyjeong/Documents/Projects/Amp/gta4/gta_game/gameplay_sim/Cargo.toml","target":{"kind":["lib"],"crate_types":["lib"],"name":"gameplay_sim","src_path":"/Users/bradyjeong/Documents/Projects/Amp/gta4/gta_game/gameplay_sim/src/lib.rs","edition":"2021","doc":true,"doctest":true,"test":true},"message":{"rendered":"warning: unused import: `game_core::world::RoadNetwork`\n   --> gameplay_sim/src/compat.rs:177:9\n    |\n177 | pub use game_core::world::RoadNetwork;\n    |         ^^^^^^^^^^^^^^^^^^^^^^^^^^^^^\n\n","$message_type":"diagnostic","children":[{"children":[],"code":null,"level":"help","message":"remove the whole `use` item","rendered":null,"spans":[{"byte_end":4666,"byte_start":4627,"column_end":1,"column_start":1,"expansion":null,"file_name":"gameplay_sim/src/compat.rs","is_primary":true,"label":null,"line_end":178,"line_start":177,"suggested_replacement":"","suggestion_applicability":"MachineApplicable","text":[{"highlight_end":39,"highlight_start":1,"text":"pub use game_core::world::RoadNetwork;"},{"highlight_end":1,"highlight_start":1,"text":""}]}]}],"code":{"code":"unused_imports","explanation":null},"level":"warning","message":"unused import: `game_core::world::RoadNetwork`","spans":[{"byte_end":4664,"byte_start":4635,"column_end":38,"column_start":9,"expansion":null,"file_name":"gameplay_sim/src/compat.rs","is_primary":true,"label":null,"line_end":177,"line_start":177,"suggested_replacement":null,"suggestion_applicability":null,"text":[{"highlight_end":38,"highlight_start":9,"text":"pub use game_core::world::RoadNetwork;"}]}]}}
{"reason":"compiler-message","package_id":"path+file:///Users/bradyjeong/Documents/Projects/Amp/gta4/gta_game/gameplay_sim#0.1.0","manifest_path":"/Users/bradyjeong/Documents/Projects/Amp/gta4/gta_game/gameplay_sim/Cargo.toml","target":{"kind":["lib"],"crate_types":["lib"],"name":"gameplay_sim","src_path":"/Users/bradyjeong/Documents/Projects/Amp/gta4/gta_game/gameplay_sim/src/lib.rs","edition":"2021","doc":true,"doctest":true,"test":true},"message":{"rendered":"warning: unused imports: `MaterialFactory`, `RenderingBundleType`, and `StandardRenderingPattern`\n --> gameplay_sim/src/water.rs:4:24\n  |\n4 | use crate::factories::{MaterialFactory, RenderingFactory, StandardRenderingPattern, RenderingBundleType};\n  |                        ^^^^^^^^^^^^^^^                    ^^^^^^^^^^^^^^^^^^^^^^^^  ^^^^^^^^^^^^^^^^^^^\n\n","$message_type":"diagnostic","children":[{"children":[],"code":null,"level":"help","message":"remove the unused imports","rendered":null,"spans":[{"byte_end":120,"byte_start":103,"column_end":41,"column_start":24,"expansion":null,"file_name":"gameplay_sim/src/water.rs","is_primary":true,"label":null,"line_end":4,"line_start":4,"suggested_replacement":"","suggestion_applicability":"MachineApplicable","text":[{"highlight_end":41,"highlight_start":24,"text":"use crate::factories::{MaterialFactory, RenderingFactory, StandardRenderingPattern, RenderingBundleType};"}]},{"byte_end":183,"byte_start":136,"column_end":104,"column_start":57,"expansion":null,"file_name":"gameplay_sim/src/water.rs","is_primary":true,"label":null,"line_end":4,"line_start":4,"suggested_replacement":"","suggestion_applicability":"MachineApplicable","text":[{"highlight_end":104,"highlight_start":57,"text":"use crate::factories::{MaterialFactory, RenderingFactory, StandardRenderingPattern, RenderingBundleType};"}]},{"byte_end":103,"byte_start":102,"column_end":24,"column_start":23,"expansion":null,"file_name":"gameplay_sim/src/water.rs","is_primary":true,"label":null,"line_end":4,"line_start":4,"suggested_replacement":"","suggestion_applicability":"MachineApplicable","text":[{"highlight_end":24,"highlight_start":23,"text":"use crate::factories::{MaterialFactory, RenderingFactory, StandardRenderingPattern, RenderingBundleType};"}]},{"byte_end":184,"byte_start":183,"column_end":105,"column_start":104,"expansion":null,"file_name":"gameplay_sim/src/water.rs","is_primary":true,"label":null,"line_end":4,"line_start":4,"suggested_replacement":"","suggestion_applicability":"MachineApplicable","text":[{"highlight_end":105,"highlight_start":104,"text":"use crate::factories::{MaterialFactory, RenderingFactory, StandardRenderingPattern, RenderingBundleType};"}]}]}],"code":{"code":"unused_imports","explanation":null},"level":"warning","message":"unused imports: `MaterialFactory`, `RenderingBundleType`, and `StandardRenderingPattern`","spans":[{"byte_end":118,"byte_start":103,"column_end":39,"column_start":24,"expansion":null,"file_name":"gameplay_sim/src/water.rs","is_primary":true,"label":null,"line_end":4,"line_start":4,"suggested_replacement":null,"suggestion_applicability":null,"text":[{"highlight_end":39,"highlight_start":24,"text":"use crate::factories::{MaterialFactory, RenderingFactory, StandardRenderingPattern, RenderingBundleType};"}]},{"byte_end":162,"byte_start":138,"column_end":83,"column_start":59,"expansion":null,"file_name":"gameplay_sim/src/water.rs","is_primary":true,"label":null,"line_end":4,"line_start":4,"suggested_replacement":null,"suggestion_applicability":null,"text":[{"highlight_end":83,"highlight_start":59,"text":"use crate::factories::{MaterialFactory, RenderingFactory, StandardRenderingPattern, RenderingBundleType};"}]},{"byte_end":183,"byte_start":164,"column_end":104,"column_start":85,"expansion":null,"file_name":"gameplay_sim/src/water.rs","is_primary":true,"label":null,"line_end":4,"line_start":4,"suggested_replacement":null,"suggestion_applicability":null,"text":[{"highlight_end":104,"highlight_start":85,"text":"use crate::factories::{MaterialFactory, RenderingFactory, StandardRenderingPattern, RenderingBundleType};"}]}]}}
{"reason":"compiler-message","package_id":"path+file:///Users/bradyjeong/Documents/Projects/Amp/gta4/gta_game/gameplay_sim#0.1.0","manifest_path":"/Users/bradyjeong/Documents/Projects/Amp/gta4/gta_game/gameplay_sim/Cargo.toml","target":{"kind":["lib"],"crate_types":["lib"],"name":"gameplay_sim","src_path":"/Users/bradyjeong/Documents/Projects/Amp/gta4/gta_game/gameplay_sim/src/lib.rs","edition":"2021","doc":true,"doctest":true,"test":true},"message":{"rendered":"warning: unused import: `bevy::asset::Assets`\n --> gameplay_sim/src/bevy16_compat.rs:4:5\n  |\n4 | use bevy::asset::Assets;\n  |     ^^^^^^^^^^^^^^^^^^^\n\n","$message_type":"diagnostic","children":[{"children":[],"code":null,"level":"help","message":"remove the whole `use` item","rendered":null,"spans":[{"byte_end":107,"byte_start":82,"column_end":1,"column_start":1,"expansion":null,"file_name":"gameplay_sim/src/bevy16_compat.rs","is_primary":true,"label":null,"line_end":5,"line_start":4,"suggested_replacement":"","suggestion_applicability":"MachineApplicable","text":[{"highlight_end":25,"highlight_start":1,"text":"use bevy::asset::Assets;"},{"highlight_end":1,"highlight_start":1,"text":"use bevy::render::mesh::{Mesh, PrimitiveTopology};"}]}]}],"code":{"code":"unused_imports","explanation":null},"level":"warning","message":"unused import: `bevy::asset::Assets`","spans":[{"byte_end":105,"byte_start":86,"column_end":24,"column_start":5,"expansion":null,"file_name":"gameplay_sim/src/bevy16_compat.rs","is_primary":true,"label":null,"line_end":4,"line_start":4,"suggested_replacement":null,"suggestion_applicability":null,"text":[{"highlight_end":24,"highlight_start":5,"text":"use bevy::asset::Assets;"}]}]}}
{"reason":"compiler-message","package_id":"path+file:///Users/bradyjeong/Documents/Projects/Amp/gta4/gta_game/gameplay_sim#0.1.0","manifest_path":"/Users/bradyjeong/Documents/Projects/Amp/gta4/gta_game/gameplay_sim/Cargo.toml","target":{"kind":["lib"],"crate_types":["lib"],"name":"gameplay_sim","src_path":"/Users/bradyjeong/Documents/Projects/Amp/gta4/gta_game/gameplay_sim/src/lib.rs","edition":"2021","doc":true,"doctest":true,"test":true},"message":{"rendered":"warning: unused import: `crate::input::VehicleType as ConfigVehicleType`\n  --> gameplay_sim/src/systems/input/control_manager.rs:23:5\n   |\n23 | use crate::input::VehicleType as ConfigVehicleType;\n   |     ^^^^^^^^^^^^^^^^^^^^^^^^^^^^^^^^^^^^^^^^^^^^^^\n\n","$message_type":"diagnostic","children":[{"children":[],"code":null,"level":"help","message":"remove the whole `use` item","rendered":null,"spans":[{"byte_end":1000,"byte_start":948,"column_end":1,"column_start":1,"expansion":null,"file_name":"gameplay_sim/src/systems/input/control_manager.rs","is_primary":true,"label":null,"line_end":24,"line_start":23,"suggested_replacement":"","suggestion_applicability":"MachineApplicable","text":[{"highlight_end":52,"highlight_start":1,"text":"use crate::input::VehicleType as ConfigVehicleType;"},{"highlight_end":1,"highlight_start":1,"text":""}]}]}],"code":{"code":"unused_imports","explanation":null},"level":"warning","message":"unused import: `crate::input::VehicleType as ConfigVehicleType`","spans":[{"byte_end":998,"byte_start":952,"column_end":51,"column_start":5,"expansion":null,"file_name":"gameplay_sim/src/systems/input/control_manager.rs","is_primary":true,"label":null,"line_end":23,"line_start":23,"suggested_replacement":null,"suggestion_applicability":null,"text":[{"highlight_end":51,"highlight_start":5,"text":"use crate::input::VehicleType as ConfigVehicleType;"}]}]}}
{"reason":"compiler-message","package_id":"path+file:///Users/bradyjeong/Documents/Projects/Amp/gta4/gta_game/gameplay_sim#0.1.0","manifest_path":"/Users/bradyjeong/Documents/Projects/Amp/gta4/gta_game/gameplay_sim/Cargo.toml","target":{"kind":["lib"],"crate_types":["lib"],"name":"gameplay_sim","src_path":"/Users/bradyjeong/Documents/Projects/Amp/gta4/gta_game/gameplay_sim/src/lib.rs","edition":"2021","doc":true,"doctest":true,"test":true},"message":{"rendered":"warning: unused import: `bevy_rapier3d::prelude::*`\n --> gameplay_sim/src/systems/interaction.rs:2:5\n  |\n2 | use bevy_rapier3d::prelude::*;\n  |     ^^^^^^^^^^^^^^^^^^^^^^^^^\n\n","$message_type":"diagnostic","children":[{"children":[],"code":null,"level":"help","message":"remove the whole `use` item","rendered":null,"spans":[{"byte_end":53,"byte_start":22,"column_end":1,"column_start":1,"expansion":null,"file_name":"gameplay_sim/src/systems/interaction.rs","is_primary":true,"label":null,"line_end":3,"line_start":2,"suggested_replacement":"","suggestion_applicability":"MachineApplicable","text":[{"highlight_end":31,"highlight_start":1,"text":"use bevy_rapier3d::prelude::*;"},{"highlight_end":1,"highlight_start":1,"text":"use game_core::prelude::*;"}]}]}],"code":{"code":"unused_imports","explanation":null},"level":"warning","message":"unused import: `bevy_rapier3d::prelude::*`","spans":[{"byte_end":51,"byte_start":26,"column_end":30,"column_start":5,"expansion":null,"file_name":"gameplay_sim/src/systems/interaction.rs","is_primary":true,"label":null,"line_end":2,"line_start":2,"suggested_replacement":null,"suggestion_applicability":null,"text":[{"highlight_end":30,"highlight_start":5,"text":"use bevy_rapier3d::prelude::*;"}]}]}}
{"reason":"compiler-message","package_id":"path+file:///Users/bradyjeong/Documents/Projects/Amp/gta4/gta_game/gameplay_sim#0.1.0","manifest_path":"/Users/bradyjeong/Documents/Projects/Amp/gta4/gta_game/gameplay_sim/Cargo.toml","target":{"kind":["lib"],"crate_types":["lib"],"name":"gameplay_sim","src_path":"/Users/bradyjeong/Documents/Projects/Amp/gta4/gta_game/gameplay_sim/src/lib.rs","edition":"2021","doc":true,"doctest":true,"test":true},"message":{"rendered":"warning: unused import: `bevy::prelude::*`\n --> gameplay_sim/src/systems/realistic_physics_safeguards.rs:4:5\n  |\n4 | use bevy::prelude::*;\n  |     ^^^^^^^^^^^^^^^^\n\n","$message_type":"diagnostic","children":[{"children":[],"code":null,"level":"help","message":"remove the whole `use` item","rendered":null,"spans":[{"byte_end":182,"byte_start":160,"column_end":23,"column_start":1,"expansion":null,"file_name":"gameplay_sim/src/systems/realistic_physics_safeguards.rs","is_primary":true,"label":null,"line_end":4,"line_start":4,"suggested_replacement":"","suggestion_applicability":"MachineApplicable","text":[{"highlight_end":23,"highlight_start":1,"text":"use bevy::prelude::*;"}]}]}],"code":{"code":"unused_imports","explanation":null},"level":"warning","message":"unused import: `bevy::prelude::*`","spans":[{"byte_end":180,"byte_start":164,"column_end":21,"column_start":5,"expansion":null,"file_name":"gameplay_sim/src/systems/realistic_physics_safeguards.rs","is_primary":true,"label":null,"line_end":4,"line_start":4,"suggested_replacement":null,"suggestion_applicability":null,"text":[{"highlight_end":21,"highlight_start":5,"text":"use bevy::prelude::*;"}]}]}}
{"reason":"compiler-message","package_id":"path+file:///Users/bradyjeong/Documents/Projects/Amp/gta4/gta_game/gameplay_sim#0.1.0","manifest_path":"/Users/bradyjeong/Documents/Projects/Amp/gta4/gta_game/gameplay_sim/Cargo.toml","target":{"kind":["lib"],"crate_types":["lib"],"name":"gameplay_sim","src_path":"/Users/bradyjeong/Documents/Projects/Amp/gta4/gta_game/gameplay_sim/src/lib.rs","edition":"2021","doc":true,"doctest":true,"test":true},"message":{"rendered":"warning: unused import: `std::collections::HashMap`\n  --> gameplay_sim/src/systems/world/road_network.rs:11:5\n   |\n11 | use std::collections::HashMap;\n   |     ^^^^^^^^^^^^^^^^^^^^^^^^^\n\n","$message_type":"diagnostic","children":[{"children":[],"code":null,"level":"help","message":"remove the whole `use` item","rendered":null,"spans":[{"byte_end":564,"byte_start":533,"column_end":1,"column_start":1,"expansion":null,"file_name":"gameplay_sim/src/systems/world/road_network.rs","is_primary":true,"label":null,"line_end":12,"line_start":11,"suggested_replacement":"","suggestion_applicability":"MachineApplicable","text":[{"highlight_end":31,"highlight_start":1,"text":"use std::collections::HashMap;"},{"highlight_end":1,"highlight_start":1,"text":"use game_core::prelude::*;"}]}]}],"code":{"code":"unused_imports","explanation":null},"level":"warning","message":"unused import: `std::collections::HashMap`","spans":[{"byte_end":562,"byte_start":537,"column_end":30,"column_start":5,"expansion":null,"file_name":"gameplay_sim/src/systems/world/road_network.rs","is_primary":true,"label":null,"line_end":11,"line_start":11,"suggested_replacement":null,"suggestion_applicability":null,"text":[{"highlight_end":30,"highlight_start":5,"text":"use std::collections::HashMap;"}]}]}}
{"reason":"compiler-message","package_id":"path+file:///Users/bradyjeong/Documents/Projects/Amp/gta4/gta_game/gameplay_sim#0.1.0","manifest_path":"/Users/bradyjeong/Documents/Projects/Amp/gta4/gta_game/gameplay_sim/Cargo.toml","target":{"kind":["lib"],"crate_types":["lib"],"name":"gameplay_sim","src_path":"/Users/bradyjeong/Documents/Projects/Amp/gta4/gta_game/gameplay_sim/src/lib.rs","edition":"2021","doc":true,"doctest":true,"test":true},"message":{"rendered":"warning: unused import: `game_core::prelude::*`\n  --> gameplay_sim/src/systems/world/road_network.rs:12:5\n   |\n12 | use game_core::prelude::*;\n   |     ^^^^^^^^^^^^^^^^^^^^^\n\n","$message_type":"diagnostic","children":[{"children":[],"code":null,"level":"help","message":"remove the whole `use` item","rendered":null,"spans":[{"byte_end":591,"byte_start":564,"column_end":1,"column_start":1,"expansion":null,"file_name":"gameplay_sim/src/systems/world/road_network.rs","is_primary":true,"label":null,"line_end":13,"line_start":12,"suggested_replacement":"","suggestion_applicability":"MachineApplicable","text":[{"highlight_end":27,"highlight_start":1,"text":"use game_core::prelude::*;"},{"highlight_end":1,"highlight_start":1,"text":""}]}]}],"code":{"code":"unused_imports","explanation":null},"level":"warning","message":"unused import: `game_core::prelude::*`","spans":[{"byte_end":589,"byte_start":568,"column_end":26,"column_start":5,"expansion":null,"file_name":"gameplay_sim/src/systems/world/road_network.rs","is_primary":true,"label":null,"line_end":12,"line_start":12,"suggested_replacement":null,"suggestion_applicability":null,"text":[{"highlight_end":26,"highlight_start":5,"text":"use game_core::prelude::*;"}]}]}}
{"reason":"compiler-message","package_id":"path+file:///Users/bradyjeong/Documents/Projects/Amp/gta4/gta_game/gameplay_sim#0.1.0","manifest_path":"/Users/bradyjeong/Documents/Projects/Amp/gta4/gta_game/gameplay_sim/Cargo.toml","target":{"kind":["lib"],"crate_types":["lib"],"name":"gameplay_sim","src_path":"/Users/bradyjeong/Documents/Projects/Amp/gta4/gta_game/gameplay_sim/src/lib.rs","edition":"2021","doc":true,"doctest":true,"test":true},"message":{"rendered":"warning: unused import: `game_core::prelude::*`\n  --> gameplay_sim/src/systems/world/road_mesh.rs:14:5\n   |\n14 | use game_core::prelude::*;\n   |     ^^^^^^^^^^^^^^^^^^^^^\n\n","$message_type":"diagnostic","children":[{"children":[],"code":null,"level":"help","message":"remove the whole `use` item","rendered":null,"spans":[{"byte_end":691,"byte_start":664,"column_end":1,"column_start":1,"expansion":null,"file_name":"gameplay_sim/src/systems/world/road_mesh.rs","is_primary":true,"label":null,"line_end":15,"line_start":14,"suggested_replacement":"","suggestion_applicability":"MachineApplicable","text":[{"highlight_end":27,"highlight_start":1,"text":"use game_core::prelude::*;"},{"highlight_end":1,"highlight_start":1,"text":""}]}]}],"code":{"code":"unused_imports","explanation":null},"level":"warning","message":"unused import: `game_core::prelude::*`","spans":[{"byte_end":689,"byte_start":668,"column_end":26,"column_start":5,"expansion":null,"file_name":"gameplay_sim/src/systems/world/road_mesh.rs","is_primary":true,"label":null,"line_end":14,"line_start":14,"suggested_replacement":null,"suggestion_applicability":null,"text":[{"highlight_end":26,"highlight_start":5,"text":"use game_core::prelude::*;"}]}]}}
{"reason":"compiler-message","package_id":"path+file:///Users/bradyjeong/Documents/Projects/Amp/gta4/gta_game/gameplay_sim#0.1.0","manifest_path":"/Users/bradyjeong/Documents/Projects/Amp/gta4/gta_game/gameplay_sim/Cargo.toml","target":{"kind":["lib"],"crate_types":["lib"],"name":"gameplay_sim","src_path":"/Users/bradyjeong/Documents/Projects/Amp/gta4/gta_game/gameplay_sim/src/lib.rs","edition":"2021","doc":true,"doctest":true,"test":true},"message":{"rendered":"warning: unused import: `bevy::prelude::*`\n --> gameplay_sim/src/systems/world/debug.rs:1:5\n  |\n1 | use bevy::prelude::*;\n  |     ^^^^^^^^^^^^^^^^\n\n","$message_type":"diagnostic","children":[{"children":[],"code":null,"level":"help","message":"remove the whole `use` item","rendered":null,"spans":[{"byte_end":22,"byte_start":0,"column_end":1,"column_start":1,"expansion":null,"file_name":"gameplay_sim/src/systems/world/debug.rs","is_primary":true,"label":null,"line_end":2,"line_start":1,"suggested_replacement":"","suggestion_applicability":"MachineApplicable","text":[{"highlight_end":22,"highlight_start":1,"text":"use bevy::prelude::*;"},{"highlight_end":1,"highlight_start":1,"text":""}]}]}],"code":{"code":"unused_imports","explanation":null},"level":"warning","message":"unused import: `bevy::prelude::*`","spans":[{"byte_end":20,"byte_start":4,"column_end":21,"column_start":5,"expansion":null,"file_name":"gameplay_sim/src/systems/world/debug.rs","is_primary":true,"label":null,"line_end":1,"line_start":1,"suggested_replacement":null,"suggestion_applicability":null,"text":[{"highlight_end":21,"highlight_start":5,"text":"use bevy::prelude::*;"}]}]}}
{"reason":"compiler-message","package_id":"path+file:///Users/bradyjeong/Documents/Projects/Amp/gta4/gta_game/gameplay_sim#0.1.0","manifest_path":"/Users/bradyjeong/Documents/Projects/Amp/gta4/gta_game/gameplay_sim/Cargo.toml","target":{"kind":["lib"],"crate_types":["lib"],"name":"gameplay_sim","src_path":"/Users/bradyjeong/Documents/Projects/Amp/gta4/gta_game/gameplay_sim/src/lib.rs","edition":"2021","doc":true,"doctest":true,"test":true},"message":{"rendered":"warning: unnecessary parentheses around assigned value\n   --> gameplay_sim/src/systems/world/map_system.rs:185:28\n    |\n185 |             let distance = ((chunk_key.0 - current_chunk.0).abs() + (chunk_key.1 - current_chunk.1).abs());\n    |                            ^                                                                             ^\n    |\n    = note: `#[warn(unused_parens)]` on by default\nhelp: remove these parentheses\n    |\n185 -             let distance = ((chunk_key.0 - current_chunk.0).abs() + (chunk_key.1 - current_chunk.1).abs());\n185 +             let distance = (chunk_key.0 - current_chunk.0).abs() + (chunk_key.1 - current_chunk.1).abs();\n    |\n\n","$message_type":"diagnostic","children":[{"children":[],"code":null,"level":"note","message":"`#[warn(unused_parens)]` on by default","rendered":null,"spans":[]},{"children":[],"code":null,"level":"help","message":"remove these parentheses","rendered":null,"spans":[{"byte_end":5643,"byte_start":5642,"column_end":29,"column_start":28,"expansion":null,"file_name":"gameplay_sim/src/systems/world/map_system.rs","is_primary":true,"label":null,"line_end":185,"line_start":185,"suggested_replacement":"","suggestion_applicability":"MachineApplicable","text":[{"highlight_end":29,"highlight_start":28,"text":"            let distance = ((chunk_key.0 - current_chunk.0).abs() + (chunk_key.1 - current_chunk.1).abs());"}]},{"byte_end":5721,"byte_start":5720,"column_end":107,"column_start":106,"expansion":null,"file_name":"gameplay_sim/src/systems/world/map_system.rs","is_primary":true,"label":null,"line_end":185,"line_start":185,"suggested_replacement":"","suggestion_applicability":"MachineApplicable","text":[{"highlight_end":107,"highlight_start":106,"text":"            let distance = ((chunk_key.0 - current_chunk.0).abs() + (chunk_key.1 - current_chunk.1).abs());"}]}]}],"code":{"code":"unused_parens","explanation":null},"level":"warning","message":"unnecessary parentheses around assigned value","spans":[{"byte_end":5643,"byte_start":5642,"column_end":29,"column_start":28,"expansion":null,"file_name":"gameplay_sim/src/systems/world/map_system.rs","is_primary":true,"label":null,"line_end":185,"line_start":185,"suggested_replacement":null,"suggestion_applicability":null,"text":[{"highlight_end":29,"highlight_start":28,"text":"            let distance = ((chunk_key.0 - current_chunk.0).abs() + (chunk_key.1 - current_chunk.1).abs());"}]},{"byte_end":5721,"byte_start":5720,"column_end":107,"column_start":106,"expansion":null,"file_name":"gameplay_sim/src/systems/world/map_system.rs","is_primary":true,"label":null,"line_end":185,"line_start":185,"suggested_replacement":null,"suggestion_applicability":null,"text":[{"highlight_end":107,"highlight_start":106,"text":"            let distance = ((chunk_key.0 - current_chunk.0).abs() + (chunk_key.1 - current_chunk.1).abs());"}]}]}}
{"reason":"compiler-message","package_id":"path+file:///Users/bradyjeong/Documents/Projects/Amp/gta4/gta_game/gameplay_sim#0.1.0","manifest_path":"/Users/bradyjeong/Documents/Projects/Amp/gta4/gta_game/gameplay_sim/Cargo.toml","target":{"kind":["lib"],"crate_types":["lib"],"name":"gameplay_sim","src_path":"/Users/bradyjeong/Documents/Projects/Amp/gta4/gta_game/gameplay_sim/src/lib.rs","edition":"2021","doc":true,"doctest":true,"test":true},"message":{"rendered":"warning: unused import: `crate::systems::world::road_generation::RoadNetworkExtensions`\n  --> gameplay_sim/src/systems/world/unified_world.rs:15:5\n   |\n15 | use crate::systems::world::road_generation::RoadNetworkExtensions;\n   |     ^^^^^^^^^^^^^^^^^^^^^^^^^^^^^^^^^^^^^^^^^^^^^^^^^^^^^^^^^^^^^\n\n","$message_type":"diagnostic","children":[{"children":[],"code":null,"level":"help","message":"remove the whole `use` item","rendered":null,"spans":[{"byte_end":773,"byte_start":706,"column_end":1,"column_start":1,"expansion":null,"file_name":"gameplay_sim/src/systems/world/unified_world.rs","is_primary":true,"label":null,"line_end":16,"line_start":15,"suggested_replacement":"","suggestion_applicability":"MachineApplicable","text":[{"highlight_end":67,"highlight_start":1,"text":"use crate::systems::world::road_generation::RoadNetworkExtensions;"},{"highlight_end":1,"highlight_start":1,"text":""}]}]}],"code":{"code":"unused_imports","explanation":null},"level":"warning","message":"unused import: `crate::systems::world::road_generation::RoadNetworkExtensions`","spans":[{"byte_end":771,"byte_start":710,"column_end":66,"column_start":5,"expansion":null,"file_name":"gameplay_sim/src/systems/world/unified_world.rs","is_primary":true,"label":null,"line_end":15,"line_start":15,"suggested_replacement":null,"suggestion_applicability":null,"text":[{"highlight_end":66,"highlight_start":5,"text":"use crate::systems::world::road_generation::RoadNetworkExtensions;"}]}]}}
{"reason":"compiler-message","package_id":"path+file:///Users/bradyjeong/Documents/Projects/Amp/gta4/gta_game/gameplay_sim#0.1.0","manifest_path":"/Users/bradyjeong/Documents/Projects/Amp/gta4/gta_game/gameplay_sim/Cargo.toml","target":{"kind":["lib"],"crate_types":["lib"],"name":"gameplay_sim","src_path":"/Users/bradyjeong/Documents/Projects/Amp/gta4/gta_game/gameplay_sim/src/lib.rs","edition":"2021","doc":true,"doctest":true,"test":true},"message":{"rendered":"warning: unused import: `std::collections::HashMap`\n  --> gameplay_sim/src/systems/world/unified_distance_culling.rs:11:5\n   |\n11 | use std::collections::HashMap;\n   |     ^^^^^^^^^^^^^^^^^^^^^^^^^\n\n","$message_type":"diagnostic","children":[{"children":[],"code":null,"level":"help","message":"remove the whole `use` item","rendered":null,"spans":[{"byte_end":596,"byte_start":565,"column_end":1,"column_start":1,"expansion":null,"file_name":"gameplay_sim/src/systems/world/unified_distance_culling.rs","is_primary":true,"label":null,"line_end":12,"line_start":11,"suggested_replacement":"","suggestion_applicability":"MachineApplicable","text":[{"highlight_end":31,"highlight_start":1,"text":"use std::collections::HashMap;"},{"highlight_end":1,"highlight_start":1,"text":"use game_core::prelude::*;"}]}]}],"code":{"code":"unused_imports","explanation":null},"level":"warning","message":"unused import: `std::collections::HashMap`","spans":[{"byte_end":594,"byte_start":569,"column_end":30,"column_start":5,"expansion":null,"file_name":"gameplay_sim/src/systems/world/unified_distance_culling.rs","is_primary":true,"label":null,"line_end":11,"line_start":11,"suggested_replacement":null,"suggestion_applicability":null,"text":[{"highlight_end":30,"highlight_start":5,"text":"use std::collections::HashMap;"}]}]}}
{"reason":"compiler-message","package_id":"path+file:///Users/bradyjeong/Documents/Projects/Amp/gta4/gta_game/gameplay_sim#0.1.0","manifest_path":"/Users/bradyjeong/Documents/Projects/Amp/gta4/gta_game/gameplay_sim/Cargo.toml","target":{"kind":["lib"],"crate_types":["lib"],"name":"gameplay_sim","src_path":"/Users/bradyjeong/Documents/Projects/Amp/gta4/gta_game/gameplay_sim/src/lib.rs","edition":"2021","doc":true,"doctest":true,"test":true},"message":{"rendered":"warning: unused import: `game_core::prelude::*`\n  --> gameplay_sim/src/systems/timing_service.rs:12:5\n   |\n12 | use game_core::prelude::*;\n   |     ^^^^^^^^^^^^^^^^^^^^^\n\n","$message_type":"diagnostic","children":[{"children":[],"code":null,"level":"help","message":"remove the whole `use` item","rendered":null,"spans":[{"byte_end":564,"byte_start":537,"column_end":1,"column_start":1,"expansion":null,"file_name":"gameplay_sim/src/systems/timing_service.rs","is_primary":true,"label":null,"line_end":13,"line_start":12,"suggested_replacement":"","suggestion_applicability":"MachineApplicable","text":[{"highlight_end":27,"highlight_start":1,"text":"use game_core::prelude::*;"},{"highlight_end":1,"highlight_start":1,"text":""}]}]}],"code":{"code":"unused_imports","explanation":null},"level":"warning","message":"unused import: `game_core::prelude::*`","spans":[{"byte_end":562,"byte_start":541,"column_end":26,"column_start":5,"expansion":null,"file_name":"gameplay_sim/src/systems/timing_service.rs","is_primary":true,"label":null,"line_end":12,"line_start":12,"suggested_replacement":null,"suggestion_applicability":null,"text":[{"highlight_end":26,"highlight_start":5,"text":"use game_core::prelude::*;"}]}]}}
{"reason":"compiler-message","package_id":"path+file:///Users/bradyjeong/Documents/Projects/Amp/gta4/gta_game/gameplay_sim#0.1.0","manifest_path":"/Users/bradyjeong/Documents/Projects/Amp/gta4/gta_game/gameplay_sim/Cargo.toml","target":{"kind":["lib"],"crate_types":["lib"],"name":"gameplay_sim","src_path":"/Users/bradyjeong/Documents/Projects/Amp/gta4/gta_game/gameplay_sim/src/lib.rs","edition":"2021","doc":true,"doctest":true,"test":true},"message":{"rendered":"warning: unused import: `bevy::prelude::*`\n --> gameplay_sim/src/systems/performance_monitor.rs:4:5\n  |\n4 | use bevy::prelude::*;\n  |     ^^^^^^^^^^^^^^^^\n\n","$message_type":"diagnostic","children":[{"children":[],"code":null,"level":"help","message":"remove the whole `use` item","rendered":null,"spans":[{"byte_end":118,"byte_start":96,"column_end":1,"column_start":1,"expansion":null,"file_name":"gameplay_sim/src/systems/performance_monitor.rs","is_primary":true,"label":null,"line_end":5,"line_start":4,"suggested_replacement":"","suggestion_applicability":"MachineApplicable","text":[{"highlight_end":22,"highlight_start":1,"text":"use bevy::prelude::*;"},{"highlight_end":1,"highlight_start":1,"text":""}]}]}],"code":{"code":"unused_imports","explanation":null},"level":"warning","message":"unused import: `bevy::prelude::*`","spans":[{"byte_end":116,"byte_start":100,"column_end":21,"column_start":5,"expansion":null,"file_name":"gameplay_sim/src/systems/performance_monitor.rs","is_primary":true,"label":null,"line_end":4,"line_start":4,"suggested_replacement":null,"suggestion_applicability":null,"text":[{"highlight_end":21,"highlight_start":5,"text":"use bevy::prelude::*;"}]}]}}
{"reason":"compiler-message","package_id":"path+file:///Users/bradyjeong/Documents/Projects/Amp/gta4/gta_game/gameplay_sim#0.1.0","manifest_path":"/Users/bradyjeong/Documents/Projects/Amp/gta4/gta_game/gameplay_sim/Cargo.toml","target":{"kind":["lib"],"crate_types":["lib"],"name":"gameplay_sim","src_path":"/Users/bradyjeong/Documents/Projects/Amp/gta4/gta_game/gameplay_sim/src/lib.rs","edition":"2021","doc":true,"doctest":true,"test":true},"message":{"rendered":"warning: unused import: `game_core::prelude::*`\n --> gameplay_sim/src/systems/persistence.rs:5:5\n  |\n5 | use game_core::prelude::*;\n  |     ^^^^^^^^^^^^^^^^^^^^^\n\n","$message_type":"diagnostic","children":[{"children":[],"code":null,"level":"help","message":"remove the whole `use` item","rendered":null,"spans":[{"byte_end":123,"byte_start":96,"column_end":1,"column_start":1,"expansion":null,"file_name":"gameplay_sim/src/systems/persistence.rs","is_primary":true,"label":null,"line_end":6,"line_start":5,"suggested_replacement":"","suggestion_applicability":"MachineApplicable","text":[{"highlight_end":27,"highlight_start":1,"text":"use game_core::prelude::*;"},{"highlight_end":1,"highlight_start":1,"text":""}]}]}],"code":{"code":"unused_imports","explanation":null},"level":"warning","message":"unused import: `game_core::prelude::*`","spans":[{"byte_end":121,"byte_start":100,"column_end":26,"column_start":5,"expansion":null,"file_name":"gameplay_sim/src/systems/persistence.rs","is_primary":true,"label":null,"line_end":5,"line_start":5,"suggested_replacement":null,"suggestion_applicability":null,"text":[{"highlight_end":26,"highlight_start":5,"text":"use game_core::prelude::*;"}]}]}}
{"reason":"compiler-message","package_id":"path+file:///Users/bradyjeong/Documents/Projects/Amp/gta4/gta_game/gameplay_sim#0.1.0","manifest_path":"/Users/bradyjeong/Documents/Projects/Amp/gta4/gta_game/gameplay_sim/Cargo.toml","target":{"kind":["lib"],"crate_types":["lib"],"name":"gameplay_sim","src_path":"/Users/bradyjeong/Documents/Projects/Amp/gta4/gta_game/gameplay_sim/src/lib.rs","edition":"2021","doc":true,"doctest":true,"test":true},"message":{"rendered":"warning: unused import: `bevy::prelude::*`\n --> gameplay_sim/src/systems/camera.rs:4:5\n  |\n4 | use bevy::prelude::*;\n  |     ^^^^^^^^^^^^^^^^\n\n","$message_type":"diagnostic","children":[{"children":[],"code":null,"level":"help","message":"remove the whole `use` item","rendered":null,"spans":[{"byte_end":86,"byte_start":64,"column_end":1,"column_start":1,"expansion":null,"file_name":"gameplay_sim/src/systems/camera.rs","is_primary":true,"label":null,"line_end":5,"line_start":4,"suggested_replacement":"","suggestion_applicability":"MachineApplicable","text":[{"highlight_end":22,"highlight_start":1,"text":"use bevy::prelude::*;"},{"highlight_end":1,"highlight_start":1,"text":""}]}]}],"code":{"code":"unused_imports","explanation":null},"level":"warning","message":"unused import: `bevy::prelude::*`","spans":[{"byte_end":84,"byte_start":68,"column_end":21,"column_start":5,"expansion":null,"file_name":"gameplay_sim/src/systems/camera.rs","is_primary":true,"label":null,"line_end":4,"line_start":4,"suggested_replacement":null,"suggestion_applicability":null,"text":[{"highlight_end":21,"highlight_start":5,"text":"use bevy::prelude::*;"}]}]}}
{"reason":"compiler-message","package_id":"path+file:///Users/bradyjeong/Documents/Projects/Amp/gta4/gta_game/gameplay_sim#0.1.0","manifest_path":"/Users/bradyjeong/Documents/Projects/Amp/gta4/gta_game/gameplay_sim/Cargo.toml","target":{"kind":["lib"],"crate_types":["lib"],"name":"gameplay_sim","src_path":"/Users/bradyjeong/Documents/Projects/Amp/gta4/gta_game/gameplay_sim/src/lib.rs","edition":"2021","doc":true,"doctest":true,"test":true},"message":{"rendered":"warning: unused import: `game_core::prelude::*`\n --> gameplay_sim/src/systems/water.rs:3:5\n  |\n3 | use game_core::prelude::*;\n  |     ^^^^^^^^^^^^^^^^^^^^^\n\n","$message_type":"diagnostic","children":[{"children":[],"code":null,"level":"help","message":"remove the whole `use` item","rendered":null,"spans":[{"byte_end":80,"byte_start":53,"column_end":1,"column_start":1,"expansion":null,"file_name":"gameplay_sim/src/systems/water.rs","is_primary":true,"label":null,"line_end":4,"line_start":3,"suggested_replacement":"","suggestion_applicability":"MachineApplicable","text":[{"highlight_end":27,"highlight_start":1,"text":"use game_core::prelude::*;"},{"highlight_end":1,"highlight_start":1,"text":""}]}]}],"code":{"code":"unused_imports","explanation":null},"level":"warning","message":"unused import: `game_core::prelude::*`","spans":[{"byte_end":78,"byte_start":57,"column_end":26,"column_start":5,"expansion":null,"file_name":"gameplay_sim/src/systems/water.rs","is_primary":true,"label":null,"line_end":3,"line_start":3,"suggested_replacement":null,"suggestion_applicability":null,"text":[{"highlight_end":26,"highlight_start":5,"text":"use game_core::prelude::*;"}]}]}}
{"reason":"compiler-message","package_id":"path+file:///Users/bradyjeong/Documents/Projects/Amp/gta4/gta_game/gameplay_sim#0.1.0","manifest_path":"/Users/bradyjeong/Documents/Projects/Amp/gta4/gta_game/gameplay_sim/Cargo.toml","target":{"kind":["lib"],"crate_types":["lib"],"name":"gameplay_sim","src_path":"/Users/bradyjeong/Documents/Projects/Amp/gta4/gta_game/gameplay_sim/src/lib.rs","edition":"2021","doc":true,"doctest":true,"test":true},"message":{"rendered":"warning: unused import: `bevy::prelude::*`\n --> gameplay_sim/src/systems/effects.rs:1:5\n  |\n1 | use bevy::prelude::*;\n  |     ^^^^^^^^^^^^^^^^\n\n","$message_type":"diagnostic","children":[{"children":[],"code":null,"level":"help","message":"remove the whole `use` item","rendered":null,"spans":[{"byte_end":22,"byte_start":0,"column_end":1,"column_start":1,"expansion":null,"file_name":"gameplay_sim/src/systems/effects.rs","is_primary":true,"label":null,"line_end":2,"line_start":1,"suggested_replacement":"","suggestion_applicability":"MachineApplicable","text":[{"highlight_end":22,"highlight_start":1,"text":"use bevy::prelude::*;"},{"highlight_end":1,"highlight_start":1,"text":""}]}]}],"code":{"code":"unused_imports","explanation":null},"level":"warning","message":"unused import: `bevy::prelude::*`","spans":[{"byte_end":20,"byte_start":4,"column_end":21,"column_start":5,"expansion":null,"file_name":"gameplay_sim/src/systems/effects.rs","is_primary":true,"label":null,"line_end":1,"line_start":1,"suggested_replacement":null,"suggestion_applicability":null,"text":[{"highlight_end":21,"highlight_start":5,"text":"use bevy::prelude::*;"}]}]}}
{"reason":"compiler-message","package_id":"path+file:///Users/bradyjeong/Documents/Projects/Amp/gta4/gta_game/gameplay_sim#0.1.0","manifest_path":"/Users/bradyjeong/Documents/Projects/Amp/gta4/gta_game/gameplay_sim/Cargo.toml","target":{"kind":["lib"],"crate_types":["lib"],"name":"gameplay_sim","src_path":"/Users/bradyjeong/Documents/Projects/Amp/gta4/gta_game/gameplay_sim/src/lib.rs","edition":"2021","doc":true,"doctest":true,"test":true},"message":{"rendered":"warning: unused import: `game_core::prelude::*`\n --> gameplay_sim/src/factories/entity_builder_unified.rs:3:5\n  |\n3 | use game_core::prelude::*;\n  |     ^^^^^^^^^^^^^^^^^^^^^\n\n","$message_type":"diagnostic","children":[{"children":[],"code":null,"level":"help","message":"remove the whole `use` item","rendered":null,"spans":[{"byte_end":110,"byte_start":83,"column_end":1,"column_start":1,"expansion":null,"file_name":"gameplay_sim/src/factories/entity_builder_unified.rs","is_primary":true,"label":null,"line_end":4,"line_start":3,"suggested_replacement":"","suggestion_applicability":"MachineApplicable","text":[{"highlight_end":27,"highlight_start":1,"text":"use game_core::prelude::*;"},{"highlight_end":1,"highlight_start":1,"text":""}]}]}],"code":{"code":"unused_imports","explanation":null},"level":"warning","message":"unused import: `game_core::prelude::*`","spans":[{"byte_end":108,"byte_start":87,"column_end":26,"column_start":5,"expansion":null,"file_name":"gameplay_sim/src/factories/entity_builder_unified.rs","is_primary":true,"label":null,"line_end":3,"line_start":3,"suggested_replacement":null,"suggestion_applicability":null,"text":[{"highlight_end":26,"highlight_start":5,"text":"use game_core::prelude::*;"}]}]}}
{"reason":"compiler-message","package_id":"path+file:///Users/bradyjeong/Documents/Projects/Amp/gta4/gta_game/gameplay_sim#0.1.0","manifest_path":"/Users/bradyjeong/Documents/Projects/Amp/gta4/gta_game/gameplay_sim/Cargo.toml","target":{"kind":["lib"],"crate_types":["lib"],"name":"gameplay_sim","src_path":"/Users/bradyjeong/Documents/Projects/Amp/gta4/gta_game/gameplay_sim/src/lib.rs","edition":"2021","doc":true,"doctest":true,"test":true},"message":{"rendered":"warning: unused import: `game_core::prelude::*`\n --> gameplay_sim/src/factories/rendering_factory.rs:2:5\n  |\n2 | use game_core::prelude::*;\n  |     ^^^^^^^^^^^^^^^^^^^^^\n\n","$message_type":"diagnostic","children":[{"children":[],"code":null,"level":"help","message":"remove the whole `use` item","rendered":null,"spans":[{"byte_end":49,"byte_start":22,"column_end":1,"column_start":1,"expansion":null,"file_name":"gameplay_sim/src/factories/rendering_factory.rs","is_primary":true,"label":null,"line_end":3,"line_start":2,"suggested_replacement":"","suggestion_applicability":"MachineApplicable","text":[{"highlight_end":27,"highlight_start":1,"text":"use game_core::prelude::*;"},{"highlight_end":1,"highlight_start":1,"text":"use crate::factories::StandardRenderingPattern;"}]}]}],"code":{"code":"unused_imports","explanation":null},"level":"warning","message":"unused import: `game_core::prelude::*`","spans":[{"byte_end":47,"byte_start":26,"column_end":26,"column_start":5,"expansion":null,"file_name":"gameplay_sim/src/factories/rendering_factory.rs","is_primary":true,"label":null,"line_end":2,"line_start":2,"suggested_replacement":null,"suggestion_applicability":null,"text":[{"highlight_end":26,"highlight_start":5,"text":"use game_core::prelude::*;"}]}]}}
{"reason":"compiler-message","package_id":"path+file:///Users/bradyjeong/Documents/Projects/Amp/gta4/gta_game/gameplay_sim#0.1.0","manifest_path":"/Users/bradyjeong/Documents/Projects/Amp/gta4/gta_game/gameplay_sim/Cargo.toml","target":{"kind":["lib"],"crate_types":["lib"],"name":"gameplay_sim","src_path":"/Users/bradyjeong/Documents/Projects/Amp/gta4/gta_game/gameplay_sim/src/lib.rs","edition":"2021","doc":true,"doctest":true,"test":true},"message":{"rendered":"warning: unused import: `entity_factory::*`\n  --> gameplay_sim/src/factories/mod.rs:13:9\n   |\n13 | pub use entity_factory::*;\n   |         ^^^^^^^^^^^^^^^^^\n\n","$message_type":"diagnostic","children":[{"children":[],"code":null,"level":"help","message":"remove the whole `use` item","rendered":null,"spans":[{"byte_end":367,"byte_start":340,"column_end":1,"column_start":1,"expansion":null,"file_name":"gameplay_sim/src/factories/mod.rs","is_primary":true,"label":null,"line_end":14,"line_start":13,"suggested_replacement":"","suggestion_applicability":"MachineApplicable","text":[{"highlight_end":27,"highlight_start":1,"text":"pub use entity_factory::*;"},{"highlight_end":1,"highlight_start":1,"text":"pub use entity_factory_unified::*;"}]}]}],"code":{"code":"unused_imports","explanation":null},"level":"warning","message":"unused import: `entity_factory::*`","spans":[{"byte_end":365,"byte_start":348,"column_end":26,"column_start":9,"expansion":null,"file_name":"gameplay_sim/src/factories/mod.rs","is_primary":true,"label":null,"line_end":13,"line_start":13,"suggested_replacement":null,"suggestion_applicability":null,"text":[{"highlight_end":26,"highlight_start":9,"text":"pub use entity_factory::*;"}]}]}}
{"reason":"compiler-message","package_id":"path+file:///Users/bradyjeong/Documents/Projects/Amp/gta4/gta_game/gameplay_sim#0.1.0","manifest_path":"/Users/bradyjeong/Documents/Projects/Amp/gta4/gta_game/gameplay_sim/Cargo.toml","target":{"kind":["lib"],"crate_types":["lib"],"name":"gameplay_sim","src_path":"/Users/bradyjeong/Documents/Projects/Amp/gta4/gta_game/gameplay_sim/src/lib.rs","edition":"2021","doc":true,"doctest":true,"test":true},"message":{"rendered":"warning: unused import: `entity_factory_unified::*`\n  --> gameplay_sim/src/factories/mod.rs:14:9\n   |\n14 | pub use entity_factory_unified::*;\n   |         ^^^^^^^^^^^^^^^^^^^^^^^^^\n\n","$message_type":"diagnostic","children":[{"children":[],"code":null,"level":"help","message":"remove the whole `use` item","rendered":null,"spans":[{"byte_end":402,"byte_start":367,"column_end":1,"column_start":1,"expansion":null,"file_name":"gameplay_sim/src/factories/mod.rs","is_primary":true,"label":null,"line_end":15,"line_start":14,"suggested_replacement":"","suggestion_applicability":"MachineApplicable","text":[{"highlight_end":35,"highlight_start":1,"text":"pub use entity_factory_unified::*;"},{"highlight_end":1,"highlight_start":1,"text":"pub use entity_builder_unified::*;"}]}]}],"code":{"code":"unused_imports","explanation":null},"level":"warning","message":"unused import: `entity_factory_unified::*`","spans":[{"byte_end":400,"byte_start":375,"column_end":34,"column_start":9,"expansion":null,"file_name":"gameplay_sim/src/factories/mod.rs","is_primary":true,"label":null,"line_end":14,"line_start":14,"suggested_replacement":null,"suggestion_applicability":null,"text":[{"highlight_end":34,"highlight_start":9,"text":"pub use entity_factory_unified::*;"}]}]}}
{"reason":"compiler-message","package_id":"path+file:///Users/bradyjeong/Documents/Projects/Amp/gta4/gta_game/gameplay_sim#0.1.0","manifest_path":"/Users/bradyjeong/Documents/Projects/Amp/gta4/gta_game/gameplay_sim/Cargo.toml","target":{"kind":["lib"],"crate_types":["lib"],"name":"gameplay_sim","src_path":"/Users/bradyjeong/Documents/Projects/Amp/gta4/gta_game/gameplay_sim/src/lib.rs","edition":"2021","doc":true,"doctest":true,"test":true},"message":{"rendered":"warning: unused import: `entity_builder_unified::*`\n  --> gameplay_sim/src/factories/mod.rs:15:9\n   |\n15 | pub use entity_builder_unified::*;\n   |         ^^^^^^^^^^^^^^^^^^^^^^^^^\n\n","$message_type":"diagnostic","children":[{"children":[],"code":null,"level":"help","message":"remove the whole `use` item","rendered":null,"spans":[{"byte_end":437,"byte_start":402,"column_end":1,"column_start":1,"expansion":null,"file_name":"gameplay_sim/src/factories/mod.rs","is_primary":true,"label":null,"line_end":16,"line_start":15,"suggested_replacement":"","suggestion_applicability":"MachineApplicable","text":[{"highlight_end":35,"highlight_start":1,"text":"pub use entity_builder_unified::*;"},{"highlight_end":1,"highlight_start":1,"text":"// Specialized factory exports"}]}]}],"code":{"code":"unused_imports","explanation":null},"level":"warning","message":"unused import: `entity_builder_unified::*`","spans":[{"byte_end":435,"byte_start":410,"column_end":34,"column_start":9,"expansion":null,"file_name":"gameplay_sim/src/factories/mod.rs","is_primary":true,"label":null,"line_end":15,"line_start":15,"suggested_replacement":null,"suggestion_applicability":null,"text":[{"highlight_end":34,"highlight_start":9,"text":"pub use entity_builder_unified::*;"}]}]}}
{"reason":"compiler-message","package_id":"path+file:///Users/bradyjeong/Documents/Projects/Amp/gta4/gta_game/gameplay_sim#0.1.0","manifest_path":"/Users/bradyjeong/Documents/Projects/Amp/gta4/gta_game/gameplay_sim/Cargo.toml","target":{"kind":["lib"],"crate_types":["lib"],"name":"gameplay_sim","src_path":"/Users/bradyjeong/Documents/Projects/Amp/gta4/gta_game/gameplay_sim/src/lib.rs","edition":"2021","doc":true,"doctest":true,"test":true},"message":{"rendered":"warning: unused import: `generic_bundle::*`\n  --> gameplay_sim/src/factories/mod.rs:20:9\n   |\n20 | pub use generic_bundle::*;\n   |         ^^^^^^^^^^^^^^^^^\n\n","$message_type":"diagnostic","children":[{"children":[],"code":null,"level":"help","message":"remove the whole `use` item","rendered":null,"spans":[{"byte_end":579,"byte_start":552,"column_end":1,"column_start":1,"expansion":null,"file_name":"gameplay_sim/src/factories/mod.rs","is_primary":true,"label":null,"line_end":21,"line_start":20,"suggested_replacement":"","suggestion_applicability":"MachineApplicable","text":[{"highlight_end":27,"highlight_start":1,"text":"pub use generic_bundle::*;"},{"highlight_end":1,"highlight_start":1,"text":"pub use rendering_factory::*;"}]}]}],"code":{"code":"unused_imports","explanation":null},"level":"warning","message":"unused import: `generic_bundle::*`","spans":[{"byte_end":577,"byte_start":560,"column_end":26,"column_start":9,"expansion":null,"file_name":"gameplay_sim/src/factories/mod.rs","is_primary":true,"label":null,"line_end":20,"line_start":20,"suggested_replacement":null,"suggestion_applicability":null,"text":[{"highlight_end":26,"highlight_start":9,"text":"pub use generic_bundle::*;"}]}]}}
{"reason":"compiler-message","package_id":"path+file:///Users/bradyjeong/Documents/Projects/Amp/gta4/gta_game/gameplay_sim#0.1.0","manifest_path":"/Users/bradyjeong/Documents/Projects/Amp/gta4/gta_game/gameplay_sim/Cargo.toml","target":{"kind":["lib"],"crate_types":["lib"],"name":"gameplay_sim","src_path":"/Users/bradyjeong/Documents/Projects/Amp/gta4/gta_game/gameplay_sim/src/lib.rs","edition":"2021","doc":true,"doctest":true,"test":true},"message":{"rendered":"warning: unused imports: `Assets`, `Commands`, `Component`, `Entity`, `Handle`, `Mesh`, `Query`, and `StandardMaterial`\n  --> gameplay_sim/src/compat.rs:8:5\n   |\n8  |     Query,\n   |     ^^^^^\n9  |     // Other common types\n10 |     StandardMaterial, Mesh, Handle, Assets, Commands, Entity, Component, Resource, Bundle,\n   |     ^^^^^^^^^^^^^^^^  ^^^^  ^^^^^^  ^^^^^^  ^^^^^^^^  ^^^^^^  ^^^^^^^^^\n\n","$message_type":"diagnostic","children":[{"children":[],"code":null,"level":"help","message":"remove the unused imports","rendered":null,"spans":[{"byte_end":387,"byte_start":258,"column_end":72,"column_start":80,"expansion":null,"file_name":"gameplay_sim/src/compat.rs","is_primary":true,"label":null,"line_end":10,"line_start":6,"suggested_replacement":"","suggestion_applicability":"MachineApplicable","text":[{"highlight_end":81,"highlight_start":80,"text":"    Transform, Visibility, InheritedVisibility, ViewVisibility, GlobalTransform,"},{"highlight_end":19,"highlight_start":1,"text":"    // Query types"},{"highlight_end":11,"highlight_start":1,"text":"    Query,"},{"highlight_end":26,"highlight_start":1,"text":"    // Other common types"},{"highlight_end":72,"highlight_start":1,"text":"    StandardMaterial, Mesh, Handle, Assets, Commands, Entity, Component, Resource, Bundle,"}]}]}],"code":{"code":"unused_imports","explanation":null},"level":"warning","message":"unused imports: `Assets`, `Commands`, `Component`, `Entity`, `Handle`, `Mesh`, `Query`, and `StandardMaterial`","spans":[{"byte_end":288,"byte_start":283,"column_end":10,"column_start":5,"expansion":null,"file_name":"gameplay_sim/src/compat.rs","is_primary":true,"label":null,"line_end":8,"line_start":8,"suggested_replacement":null,"suggestion_applicability":null,"text":[{"highlight_end":10,"highlight_start":5,"text":"    Query,"}]},{"byte_end":336,"byte_start":320,"column_end":21,"column_start":5,"expansion":null,"file_name":"gameplay_sim/src/compat.rs","is_primary":true,"label":null,"line_end":10,"line_start":10,"suggested_replacement":null,"suggestion_applicability":null,"text":[{"highlight_end":21,"highlight_start":5,"text":"    StandardMaterial, Mesh, Handle, Assets, Commands, Entity, Component, Resource, Bundle,"}]},{"byte_end":342,"byte_start":338,"column_end":27,"column_start":23,"expansion":null,"file_name":"gameplay_sim/src/compat.rs","is_primary":true,"label":null,"line_end":10,"line_start":10,"suggested_replacement":null,"suggestion_applicability":null,"text":[{"highlight_end":27,"highlight_start":23,"text":"    StandardMaterial, Mesh, Handle, Assets, Commands, Entity, Component, Resource, Bundle,"}]},{"byte_end":350,"byte_start":344,"column_end":35,"column_start":29,"expansion":null,"file_name":"gameplay_sim/src/compat.rs","is_primary":true,"label":null,"line_end":10,"line_start":10,"suggested_replacement":null,"suggestion_applicability":null,"text":[{"highlight_end":35,"highlight_start":29,"text":"    StandardMaterial, Mesh, Handle, Assets, Commands, Entity, Component, Resource, Bundle,"}]},{"byte_end":358,"byte_start":352,"column_end":43,"column_start":37,"expansion":null,"file_name":"gameplay_sim/src/compat.rs","is_primary":true,"label":null,"line_end":10,"line_start":10,"suggested_replacement":null,"suggestion_applicability":null,"text":[{"highlight_end":43,"highlight_start":37,"text":"    StandardMaterial, Mesh, Handle, Assets, Commands, Entity, Component, Resource, Bundle,"}]},{"byte_end":368,"byte_start":360,"column_end":53,"column_start":45,"expansion":null,"file_name":"gameplay_sim/src/compat.rs","is_primary":true,"label":null,"line_end":10,"line_start":10,"suggested_replacement":null,"suggestion_applicability":null,"text":[{"highlight_end":53,"highlight_start":45,"text":"    StandardMaterial, Mesh, Handle, Assets, Commands, Entity, Component, Resource, Bundle,"}]},{"byte_end":376,"byte_start":370,"column_end":61,"column_start":55,"expansion":null,"file_name":"gameplay_sim/src/compat.rs","is_primary":true,"label":null,"line_end":10,"line_start":10,"suggested_replacement":null,"suggestion_applicability":null,"text":[{"highlight_end":61,"highlight_start":55,"text":"    StandardMaterial, Mesh, Handle, Assets, Commands, Entity, Component, Resource, Bundle,"}]},{"byte_end":387,"byte_start":378,"column_end":72,"column_start":63,"expansion":null,"file_name":"gameplay_sim/src/compat.rs","is_primary":true,"label":null,"line_end":10,"line_start":10,"suggested_replacement":null,"suggestion_applicability":null,"text":[{"highlight_end":72,"highlight_start":63,"text":"    StandardMaterial, Mesh, Handle, Assets, Commands, Entity, Component, Resource, Bundle,"}]}]}}
{"reason":"compiler-message","package_id":"path+file:///Users/bradyjeong/Documents/Projects/Amp/gta4/gta_game/gameplay_sim#0.1.0","manifest_path":"/Users/bradyjeong/Documents/Projects/Amp/gta4/gta_game/gameplay_sim/Cargo.toml","target":{"kind":["lib"],"crate_types":["lib"],"name":"gameplay_sim","src_path":"/Users/bradyjeong/Documents/Projects/Amp/gta4/gta_game/gameplay_sim/src/lib.rs","edition":"2021","doc":true,"doctest":true,"test":true},"message":{"rendered":"warning: unused imports: `CHARACTER_GROUP as GAME_CORE_CHARACTER_GROUP`, `STATIC_GROUP as GAME_CORE_STATIC_GROUP`, and `VEHICLE_GROUP as GAME_CORE_VEHICLE_GROUP`\n  --> gameplay_sim/src/compat.rs:57:5\n   |\n57 |     STATIC_GROUP as GAME_CORE_STATIC_GROUP,\n   |     ^^^^^^^^^^^^^^^^^^^^^^^^^^^^^^^^^^^^^^\n58 |     VEHICLE_GROUP as GAME_CORE_VEHICLE_GROUP,\n   |     ^^^^^^^^^^^^^^^^^^^^^^^^^^^^^^^^^^^^^^^^\n59 |     CHARACTER_GROUP as GAME_CORE_CHARACTER_GROUP,\n   |     ^^^^^^^^^^^^^^^^^^^^^^^^^^^^^^^^^^^^^^^^^^^^\n\n","$message_type":"diagnostic","children":[{"children":[],"code":null,"level":"help","message":"remove the whole `use` item","rendered":null,"spans":[{"byte_end":1991,"byte_start":1816,"column_end":1,"column_start":1,"expansion":null,"file_name":"gameplay_sim/src/compat.rs","is_primary":true,"label":null,"line_end":61,"line_start":56,"suggested_replacement":"","suggestion_applicability":"MachineApplicable","text":[{"highlight_end":32,"highlight_start":1,"text":"pub use game_core::constants::{"},{"highlight_end":44,"highlight_start":1,"text":"    STATIC_GROUP as GAME_CORE_STATIC_GROUP,"},{"highlight_end":46,"highlight_start":1,"text":"    VEHICLE_GROUP as GAME_CORE_VEHICLE_GROUP,"},{"highlight_end":50,"highlight_start":1,"text":"    CHARACTER_GROUP as GAME_CORE_CHARACTER_GROUP,"},{"highlight_end":3,"highlight_start":1,"text":"};"},{"highlight_end":1,"highlight_start":1,"text":""}]}]}],"code":{"code":"unused_imports","explanation":null},"level":"warning","message":"unused imports: `CHARACTER_GROUP as GAME_CORE_CHARACTER_GROUP`, `STATIC_GROUP as GAME_CORE_STATIC_GROUP`, and `VEHICLE_GROUP as GAME_CORE_VEHICLE_GROUP`","spans":[{"byte_end":1890,"byte_start":1852,"column_end":43,"column_start":5,"expansion":null,"file_name":"gameplay_sim/src/compat.rs","is_primary":true,"label":null,"line_end":57,"line_start":57,"suggested_replacement":null,"suggestion_applicability":null,"text":[{"highlight_end":43,"highlight_start":5,"text":"    STATIC_GROUP as GAME_CORE_STATIC_GROUP,"}]},{"byte_end":1936,"byte_start":1896,"column_end":45,"column_start":5,"expansion":null,"file_name":"gameplay_sim/src/compat.rs","is_primary":true,"label":null,"line_end":58,"line_start":58,"suggested_replacement":null,"suggestion_applicability":null,"text":[{"highlight_end":45,"highlight_start":5,"text":"    VEHICLE_GROUP as GAME_CORE_VEHICLE_GROUP,"}]},{"byte_end":1986,"byte_start":1942,"column_end":49,"column_start":5,"expansion":null,"file_name":"gameplay_sim/src/compat.rs","is_primary":true,"label":null,"line_end":59,"line_start":59,"suggested_replacement":null,"suggestion_applicability":null,"text":[{"highlight_end":49,"highlight_start":5,"text":"    CHARACTER_GROUP as GAME_CORE_CHARACTER_GROUP,"}]}]}}
{"reason":"compiler-message","package_id":"path+file:///Users/bradyjeong/Documents/Projects/Amp/gta4/gta_game/gameplay_sim#0.1.0","manifest_path":"/Users/bradyjeong/Documents/Projects/Amp/gta4/gta_game/gameplay_sim/Cargo.toml","target":{"kind":["lib"],"crate_types":["lib"],"name":"gameplay_sim","src_path":"/Users/bradyjeong/Documents/Projects/Amp/gta4/gta_game/gameplay_sim/src/lib.rs","edition":"2021","doc":true,"doctest":true,"test":true},"message":{"rendered":"warning: unused import: `game_core::world::RoadNetwork`\n   --> gameplay_sim/src/compat.rs:177:9\n    |\n177 | pub use game_core::world::RoadNetwork;\n    |         ^^^^^^^^^^^^^^^^^^^^^^^^^^^^^\n\n","$message_type":"diagnostic","children":[{"children":[],"code":null,"level":"help","message":"remove the whole `use` item","rendered":null,"spans":[{"byte_end":4666,"byte_start":4627,"column_end":1,"column_start":1,"expansion":null,"file_name":"gameplay_sim/src/compat.rs","is_primary":true,"label":null,"line_end":178,"line_start":177,"suggested_replacement":"","suggestion_applicability":"MachineApplicable","text":[{"highlight_end":39,"highlight_start":1,"text":"pub use game_core::world::RoadNetwork;"},{"highlight_end":1,"highlight_start":1,"text":""}]}]}],"code":{"code":"unused_imports","explanation":null},"level":"warning","message":"unused import: `game_core::world::RoadNetwork`","spans":[{"byte_end":4664,"byte_start":4635,"column_end":38,"column_start":9,"expansion":null,"file_name":"gameplay_sim/src/compat.rs","is_primary":true,"label":null,"line_end":177,"line_start":177,"suggested_replacement":null,"suggestion_applicability":null,"text":[{"highlight_end":38,"highlight_start":9,"text":"pub use game_core::world::RoadNetwork;"}]}]}}
{"reason":"compiler-message","package_id":"path+file:///Users/bradyjeong/Documents/Projects/Amp/gta4/gta_game/gameplay_sim#0.1.0","manifest_path":"/Users/bradyjeong/Documents/Projects/Amp/gta4/gta_game/gameplay_sim/Cargo.toml","target":{"kind":["lib"],"crate_types":["lib"],"name":"gameplay_sim","src_path":"/Users/bradyjeong/Documents/Projects/Amp/gta4/gta_game/gameplay_sim/src/lib.rs","edition":"2021","doc":true,"doctest":true,"test":true},"message":{"rendered":"warning: use of deprecated method `bevy::prelude::Query::<'w, 's, D, F>::get_single_mut`: Please use `single_mut` instead\n  --> gameplay_sim/src/systems/human_behavior.rs:47:82\n   |\n47 |     let Ok((mut emotions, mut behavior, mut movement, animation)) = player_query.get_single_mut() else {\n   |                                                                                  ^^^^^^^^^^^^^^\n   |\n   = note: `#[warn(deprecated)]` on by default\n\n","$message_type":"diagnostic","children":[{"children":[],"code":null,"level":"note","message":"`#[warn(deprecated)]` on by default","rendered":null,"spans":[]}],"code":{"code":"deprecated","explanation":null},"level":"warning","message":"use of deprecated method `bevy::prelude::Query::<'w, 's, D, F>::get_single_mut`: Please use `single_mut` instead","spans":[{"byte_end":1137,"byte_start":1123,"column_end":96,"column_start":82,"expansion":null,"file_name":"gameplay_sim/src/systems/human_behavior.rs","is_primary":true,"label":null,"line_end":47,"line_start":47,"suggested_replacement":null,"suggestion_applicability":null,"text":[{"highlight_end":96,"highlight_start":82,"text":"    let Ok((mut emotions, mut behavior, mut movement, animation)) = player_query.get_single_mut() else {"}]}]}}
{"reason":"compiler-message","package_id":"path+file:///Users/bradyjeong/Documents/Projects/Amp/gta4/gta_game/gameplay_sim#0.1.0","manifest_path":"/Users/bradyjeong/Documents/Projects/Amp/gta4/gta_game/gameplay_sim/Cargo.toml","target":{"kind":["lib"],"crate_types":["lib"],"name":"gameplay_sim","src_path":"/Users/bradyjeong/Documents/Projects/Amp/gta4/gta_game/gameplay_sim/src/lib.rs","edition":"2021","doc":true,"doctest":true,"test":true},"message":{"rendered":"warning: use of deprecated method `bevy::prelude::Query::<'w, 's, D, F>::get_single_mut`: Please use `single_mut` instead\n  --> gameplay_sim/src/systems/human_behavior.rs:47:82\n   |\n47 |     let Ok((mut emotions, mut behavior, mut movement, animation)) = player_query.get_single_mut() else {\n   |                                                                                  ^^^^^^^^^^^^^^\n   |\n   = note: `#[warn(deprecated)]` on by default\n\n","$message_type":"diagnostic","children":[{"children":[],"code":null,"level":"note","message":"`#[warn(deprecated)]` on by default","rendered":null,"spans":[]}],"code":{"code":"deprecated","explanation":null},"level":"warning","message":"use of deprecated method `bevy::prelude::Query::<'w, 's, D, F>::get_single_mut`: Please use `single_mut` instead","spans":[{"byte_end":1137,"byte_start":1123,"column_end":96,"column_start":82,"expansion":null,"file_name":"gameplay_sim/src/systems/human_behavior.rs","is_primary":true,"label":null,"line_end":47,"line_start":47,"suggested_replacement":null,"suggestion_applicability":null,"text":[{"highlight_end":96,"highlight_start":82,"text":"    let Ok((mut emotions, mut behavior, mut movement, animation)) = player_query.get_single_mut() else {"}]}]}}
{"reason":"compiler-message","package_id":"path+file:///Users/bradyjeong/Documents/Projects/Amp/gta4/gta_game/gameplay_sim#0.1.0","manifest_path":"/Users/bradyjeong/Documents/Projects/Amp/gta4/gta_game/gameplay_sim/Cargo.toml","target":{"kind":["lib"],"crate_types":["lib"],"name":"gameplay_sim","src_path":"/Users/bradyjeong/Documents/Projects/Amp/gta4/gta_game/gameplay_sim/src/lib.rs","edition":"2021","doc":true,"doctest":true,"test":true},"message":{"rendered":"warning: use of deprecated method `bevy::prelude::Query::<'w, 's, D, F>::get_single`: Please use `single` instead\n  --> gameplay_sim/src/systems/interaction.rs:24:73\n   |\n24 |             if let Ok((player_entity, player_transform)) = player_query.get_single() {\n   |                                                                         ^^^^^^^^^^\n\n","$message_type":"diagnostic","children":[],"code":{"code":"deprecated","explanation":null},"level":"warning","message":"use of deprecated method `bevy::prelude::Query::<'w, 's, D, F>::get_single`: Please use `single` instead","spans":[{"byte_end":945,"byte_start":935,"column_end":83,"column_start":73,"expansion":null,"file_name":"gameplay_sim/src/systems/interaction.rs","is_primary":true,"label":null,"line_end":24,"line_start":24,"suggested_replacement":null,"suggestion_applicability":null,"text":[{"highlight_end":83,"highlight_start":73,"text":"            if let Ok((player_entity, player_transform)) = player_query.get_single() {"}]}]}}
{"reason":"compiler-message","package_id":"path+file:///Users/bradyjeong/Documents/Projects/Amp/gta4/gta_game/gameplay_sim#0.1.0","manifest_path":"/Users/bradyjeong/Documents/Projects/Amp/gta4/gta_game/gameplay_sim/Cargo.toml","target":{"kind":["lib"],"crate_types":["lib"],"name":"gameplay_sim","src_path":"/Users/bradyjeong/Documents/Projects/Amp/gta4/gta_game/gameplay_sim/src/lib.rs","edition":"2021","doc":true,"doctest":true,"test":true},"message":{"rendered":"warning: use of deprecated method `bevy::prelude::Query::<'w, 's, D, F>::get_single`: Please use `single` instead\n  --> gameplay_sim/src/systems/interaction.rs:66:85\n   |\n66 |                     if let Ok((player_entity, mut player_transform)) = player_query.get_single() {\n   |                                                                                     ^^^^^^^^^^\n\n","$message_type":"diagnostic","children":[],"code":{"code":"deprecated","explanation":null},"level":"warning","message":"use of deprecated method `bevy::prelude::Query::<'w, 's, D, F>::get_single`: Please use `single` instead","spans":[{"byte_end":3047,"byte_start":3037,"column_end":95,"column_start":85,"expansion":null,"file_name":"gameplay_sim/src/systems/interaction.rs","is_primary":true,"label":null,"line_end":66,"line_start":66,"suggested_replacement":null,"suggestion_applicability":null,"text":[{"highlight_end":95,"highlight_start":85,"text":"                    if let Ok((player_entity, mut player_transform)) = player_query.get_single() {"}]}]}}
{"reason":"compiler-message","package_id":"path+file:///Users/bradyjeong/Documents/Projects/Amp/gta4/gta_game/gameplay_sim#0.1.0","manifest_path":"/Users/bradyjeong/Documents/Projects/Amp/gta4/gta_game/gameplay_sim/Cargo.toml","target":{"kind":["lib"],"crate_types":["lib"],"name":"gameplay_sim","src_path":"/Users/bradyjeong/Documents/Projects/Amp/gta4/gta_game/gameplay_sim/src/lib.rs","edition":"2021","doc":true,"doctest":true,"test":true},"message":{"rendered":"warning: use of deprecated method `bevy::prelude::Query::<'w, 's, D, F>::get_single`: Please use `single` instead\n  --> gameplay_sim/src/systems/interaction.rs:81:85\n   |\n81 |                     if let Ok((player_entity, mut player_transform)) = player_query.get_single() {\n   |                                                                                     ^^^^^^^^^^\n\n","$message_type":"diagnostic","children":[],"code":{"code":"deprecated","explanation":null},"level":"warning","message":"use of deprecated method `bevy::prelude::Query::<'w, 's, D, F>::get_single`: Please use `single` instead","spans":[{"byte_end":3813,"byte_start":3803,"column_end":95,"column_start":85,"expansion":null,"file_name":"gameplay_sim/src/systems/interaction.rs","is_primary":true,"label":null,"line_end":81,"line_start":81,"suggested_replacement":null,"suggestion_applicability":null,"text":[{"highlight_end":95,"highlight_start":85,"text":"                    if let Ok((player_entity, mut player_transform)) = player_query.get_single() {"}]}]}}
{"reason":"compiler-message","package_id":"path+file:///Users/bradyjeong/Documents/Projects/Amp/gta4/gta_game/gameplay_sim#0.1.0","manifest_path":"/Users/bradyjeong/Documents/Projects/Amp/gta4/gta_game/gameplay_sim/Cargo.toml","target":{"kind":["lib"],"crate_types":["lib"],"name":"gameplay_sim","src_path":"/Users/bradyjeong/Documents/Projects/Amp/gta4/gta_game/gameplay_sim/src/lib.rs","edition":"2021","doc":true,"doctest":true,"test":true},"message":{"rendered":"warning: use of deprecated method `bevy::prelude::Query::<'w, 's, D, F>::get_single`: Please use `single` instead\n  --> gameplay_sim/src/systems/interaction.rs:24:73\n   |\n24 |             if let Ok((player_entity, player_transform)) = player_query.get_single() {\n   |                                                                         ^^^^^^^^^^\n\n","$message_type":"diagnostic","children":[],"code":{"code":"deprecated","explanation":null},"level":"warning","message":"use of deprecated method `bevy::prelude::Query::<'w, 's, D, F>::get_single`: Please use `single` instead","spans":[{"byte_end":945,"byte_start":935,"column_end":83,"column_start":73,"expansion":null,"file_name":"gameplay_sim/src/systems/interaction.rs","is_primary":true,"label":null,"line_end":24,"line_start":24,"suggested_replacement":null,"suggestion_applicability":null,"text":[{"highlight_end":83,"highlight_start":73,"text":"            if let Ok((player_entity, player_transform)) = player_query.get_single() {"}]}]}}
{"reason":"compiler-message","package_id":"path+file:///Users/bradyjeong/Documents/Projects/Amp/gta4/gta_game/gameplay_sim#0.1.0","manifest_path":"/Users/bradyjeong/Documents/Projects/Amp/gta4/gta_game/gameplay_sim/Cargo.toml","target":{"kind":["lib"],"crate_types":["lib"],"name":"gameplay_sim","src_path":"/Users/bradyjeong/Documents/Projects/Amp/gta4/gta_game/gameplay_sim/src/lib.rs","edition":"2021","doc":true,"doctest":true,"test":true},"message":{"rendered":"warning: use of deprecated method `bevy::prelude::Query::<'w, 's, D, F>::get_single`: Please use `single` instead\n  --> gameplay_sim/src/systems/interaction.rs:96:85\n   |\n96 |                     if let Ok((player_entity, mut player_transform)) = player_query.get_single() {\n   |                                                                                     ^^^^^^^^^^\n\n","$message_type":"diagnostic","children":[],"code":{"code":"deprecated","explanation":null},"level":"warning","message":"use of deprecated method `bevy::prelude::Query::<'w, 's, D, F>::get_single`: Please use `single` instead","spans":[{"byte_end":4538,"byte_start":4528,"column_end":95,"column_start":85,"expansion":null,"file_name":"gameplay_sim/src/systems/interaction.rs","is_primary":true,"label":null,"line_end":96,"line_start":96,"suggested_replacement":null,"suggestion_applicability":null,"text":[{"highlight_end":95,"highlight_start":85,"text":"                    if let Ok((player_entity, mut player_transform)) = player_query.get_single() {"}]}]}}
{"reason":"compiler-message","package_id":"path+file:///Users/bradyjeong/Documents/Projects/Amp/gta4/gta_game/gameplay_sim#0.1.0","manifest_path":"/Users/bradyjeong/Documents/Projects/Amp/gta4/gta_game/gameplay_sim/Cargo.toml","target":{"kind":["lib"],"crate_types":["lib"],"name":"gameplay_sim","src_path":"/Users/bradyjeong/Documents/Projects/Amp/gta4/gta_game/gameplay_sim/src/lib.rs","edition":"2021","doc":true,"doctest":true,"test":true},"message":{"rendered":"warning: use of deprecated method `bevy::prelude::Query::<'w, 's, D, F>::get_single`: Please use `single` instead\n  --> gameplay_sim/src/systems/interaction.rs:66:85\n   |\n66 |                     if let Ok((player_entity, mut player_transform)) = player_query.get_single() {\n   |                                                                                     ^^^^^^^^^^\n\n","$message_type":"diagnostic","children":[],"code":{"code":"deprecated","explanation":null},"level":"warning","message":"use of deprecated method `bevy::prelude::Query::<'w, 's, D, F>::get_single`: Please use `single` instead","spans":[{"byte_end":3047,"byte_start":3037,"column_end":95,"column_start":85,"expansion":null,"file_name":"gameplay_sim/src/systems/interaction.rs","is_primary":true,"label":null,"line_end":66,"line_start":66,"suggested_replacement":null,"suggestion_applicability":null,"text":[{"highlight_end":95,"highlight_start":85,"text":"                    if let Ok((player_entity, mut player_transform)) = player_query.get_single() {"}]}]}}
{"reason":"compiler-message","package_id":"path+file:///Users/bradyjeong/Documents/Projects/Amp/gta4/gta_game/gameplay_sim#0.1.0","manifest_path":"/Users/bradyjeong/Documents/Projects/Amp/gta4/gta_game/gameplay_sim/Cargo.toml","target":{"kind":["lib"],"crate_types":["lib"],"name":"gameplay_sim","src_path":"/Users/bradyjeong/Documents/Projects/Amp/gta4/gta_game/gameplay_sim/src/lib.rs","edition":"2021","doc":true,"doctest":true,"test":true},"message":{"rendered":"warning: use of deprecated method `bevy::prelude::Query::<'w, 's, D, F>::get_single`: Please use `single` instead\n  --> gameplay_sim/src/systems/interaction.rs:81:85\n   |\n81 |                     if let Ok((player_entity, mut player_transform)) = player_query.get_single() {\n   |                                                                                     ^^^^^^^^^^\n\n","$message_type":"diagnostic","children":[],"code":{"code":"deprecated","explanation":null},"level":"warning","message":"use of deprecated method `bevy::prelude::Query::<'w, 's, D, F>::get_single`: Please use `single` instead","spans":[{"byte_end":3813,"byte_start":3803,"column_end":95,"column_start":85,"expansion":null,"file_name":"gameplay_sim/src/systems/interaction.rs","is_primary":true,"label":null,"line_end":81,"line_start":81,"suggested_replacement":null,"suggestion_applicability":null,"text":[{"highlight_end":95,"highlight_start":85,"text":"                    if let Ok((player_entity, mut player_transform)) = player_query.get_single() {"}]}]}}
{"reason":"compiler-message","package_id":"path+file:///Users/bradyjeong/Documents/Projects/Amp/gta4/gta_game/gameplay_sim#0.1.0","manifest_path":"/Users/bradyjeong/Documents/Projects/Amp/gta4/gta_game/gameplay_sim/Cargo.toml","target":{"kind":["lib"],"crate_types":["lib"],"name":"gameplay_sim","src_path":"/Users/bradyjeong/Documents/Projects/Amp/gta4/gta_game/gameplay_sim/src/lib.rs","edition":"2021","doc":true,"doctest":true,"test":true},"message":{"rendered":"warning: use of deprecated method `bevy::prelude::Query::<'w, 's, D, F>::get_single`: Please use `single` instead\n  --> gameplay_sim/src/systems/interaction.rs:96:85\n   |\n96 |                     if let Ok((player_entity, mut player_transform)) = player_query.get_single() {\n   |                                                                                     ^^^^^^^^^^\n\n","$message_type":"diagnostic","children":[],"code":{"code":"deprecated","explanation":null},"level":"warning","message":"use of deprecated method `bevy::prelude::Query::<'w, 's, D, F>::get_single`: Please use `single` instead","spans":[{"byte_end":4538,"byte_start":4528,"column_end":95,"column_start":85,"expansion":null,"file_name":"gameplay_sim/src/systems/interaction.rs","is_primary":true,"label":null,"line_end":96,"line_start":96,"suggested_replacement":null,"suggestion_applicability":null,"text":[{"highlight_end":95,"highlight_start":85,"text":"                    if let Ok((player_entity, mut player_transform)) = player_query.get_single() {"}]}]}}
{"reason":"compiler-message","package_id":"path+file:///Users/bradyjeong/Documents/Projects/Amp/gta4/gta_game/gameplay_sim#0.1.0","manifest_path":"/Users/bradyjeong/Documents/Projects/Amp/gta4/gta_game/gameplay_sim/Cargo.toml","target":{"kind":["lib"],"crate_types":["lib"],"name":"gameplay_sim","src_path":"/Users/bradyjeong/Documents/Projects/Amp/gta4/gta_game/gameplay_sim/src/lib.rs","edition":"2021","doc":true,"doctest":true,"test":true},"message":{"rendered":"warning: use of deprecated method `bevy::prelude::EntityCommands::<'a>::despawn_recursive`: Use entity.despawn(), which now automatically despawns recursively.\n   --> gameplay_sim/src/systems/world/map_system.rs:188:48\n    |\n188 |                 commands.entity(*chunk_entity).despawn_recursive();\n    |                                                ^^^^^^^^^^^^^^^^^\n\n","$message_type":"diagnostic","children":[],"code":{"code":"deprecated","explanation":null},"level":"warning","message":"use of deprecated method `bevy::prelude::EntityCommands::<'a>::despawn_recursive`: Use entity.despawn(), which now automatically despawns recursively.","spans":[{"byte_end":5843,"byte_start":5826,"column_end":65,"column_start":48,"expansion":null,"file_name":"gameplay_sim/src/systems/world/map_system.rs","is_primary":true,"label":null,"line_end":188,"line_start":188,"suggested_replacement":null,"suggestion_applicability":null,"text":[{"highlight_end":65,"highlight_start":48,"text":"                commands.entity(*chunk_entity).despawn_recursive();"}]}]}}
{"reason":"compiler-message","package_id":"path+file:///Users/bradyjeong/Documents/Projects/Amp/gta4/gta_game/gameplay_sim#0.1.0","manifest_path":"/Users/bradyjeong/Documents/Projects/Amp/gta4/gta_game/gameplay_sim/Cargo.toml","target":{"kind":["lib"],"crate_types":["lib"],"name":"gameplay_sim","src_path":"/Users/bradyjeong/Documents/Projects/Amp/gta4/gta_game/gameplay_sim/src/lib.rs","edition":"2021","doc":true,"doctest":true,"test":true},"message":{"rendered":"warning: use of deprecated method `bevy::prelude::EntityCommands::<'a>::despawn_recursive`: Use entity.despawn(), which now automatically despawns recursively.\n   --> gameplay_sim/src/systems/world/map_system.rs:188:48\n    |\n188 |                 commands.entity(*chunk_entity).despawn_recursive();\n    |                                                ^^^^^^^^^^^^^^^^^\n\n","$message_type":"diagnostic","children":[],"code":{"code":"deprecated","explanation":null},"level":"warning","message":"use of deprecated method `bevy::prelude::EntityCommands::<'a>::despawn_recursive`: Use entity.despawn(), which now automatically despawns recursively.","spans":[{"byte_end":5843,"byte_start":5826,"column_end":65,"column_start":48,"expansion":null,"file_name":"gameplay_sim/src/systems/world/map_system.rs","is_primary":true,"label":null,"line_end":188,"line_start":188,"suggested_replacement":null,"suggestion_applicability":null,"text":[{"highlight_end":65,"highlight_start":48,"text":"                commands.entity(*chunk_entity).despawn_recursive();"}]}]}}
{"reason":"compiler-message","package_id":"path+file:///Users/bradyjeong/Documents/Projects/Amp/gta4/gta_game/gameplay_sim#0.1.0","manifest_path":"/Users/bradyjeong/Documents/Projects/Amp/gta4/gta_game/gameplay_sim/Cargo.toml","target":{"kind":["lib"],"crate_types":["lib"],"name":"gameplay_sim","src_path":"/Users/bradyjeong/Documents/Projects/Amp/gta4/gta_game/gameplay_sim/src/lib.rs","edition":"2021","doc":true,"doctest":true,"test":true},"message":{"rendered":"warning: use of deprecated method `bevy::prelude::EntityCommands::<'a>::despawn_recursive`: Use entity.despawn(), which now automatically despawns recursively.\n   --> gameplay_sim/src/systems/world/unified_world.rs:228:41\n    |\n228 |                 commands.entity(entity).despawn_recursive();\n    |                                         ^^^^^^^^^^^^^^^^^\n\n","$message_type":"diagnostic","children":[],"code":{"code":"deprecated","explanation":null},"level":"warning","message":"use of deprecated method `bevy::prelude::EntityCommands::<'a>::despawn_recursive`: Use entity.despawn(), which now automatically despawns recursively.","spans":[{"byte_end":7518,"byte_start":7501,"column_end":58,"column_start":41,"expansion":null,"file_name":"gameplay_sim/src/systems/world/unified_world.rs","is_primary":true,"label":null,"line_end":228,"line_start":228,"suggested_replacement":null,"suggestion_applicability":null,"text":[{"highlight_end":58,"highlight_start":41,"text":"                commands.entity(entity).despawn_recursive();"}]}]}}
{"reason":"compiler-message","package_id":"path+file:///Users/bradyjeong/Documents/Projects/Amp/gta4/gta_game/gameplay_sim#0.1.0","manifest_path":"/Users/bradyjeong/Documents/Projects/Amp/gta4/gta_game/gameplay_sim/Cargo.toml","target":{"kind":["lib"],"crate_types":["lib"],"name":"gameplay_sim","src_path":"/Users/bradyjeong/Documents/Projects/Amp/gta4/gta_game/gameplay_sim/src/lib.rs","edition":"2021","doc":true,"doctest":true,"test":true},"message":{"rendered":"warning: use of deprecated method `bevy::prelude::EntityCommands::<'a>::despawn_recursive`: Use entity.despawn(), which now automatically despawns recursively.\n   --> gameplay_sim/src/systems/world/unified_world.rs:228:41\n    |\n228 |                 commands.entity(entity).despawn_recursive();\n    |                                         ^^^^^^^^^^^^^^^^^\n\n","$message_type":"diagnostic","children":[],"code":{"code":"deprecated","explanation":null},"level":"warning","message":"use of deprecated method `bevy::prelude::EntityCommands::<'a>::despawn_recursive`: Use entity.despawn(), which now automatically despawns recursively.","spans":[{"byte_end":7518,"byte_start":7501,"column_end":58,"column_start":41,"expansion":null,"file_name":"gameplay_sim/src/systems/world/unified_world.rs","is_primary":true,"label":null,"line_end":228,"line_start":228,"suggested_replacement":null,"suggestion_applicability":null,"text":[{"highlight_end":58,"highlight_start":41,"text":"                commands.entity(entity).despawn_recursive();"}]}]}}
{"reason":"compiler-message","package_id":"path+file:///Users/bradyjeong/Documents/Projects/Amp/gta4/gta_game/gameplay_sim#0.1.0","manifest_path":"/Users/bradyjeong/Documents/Projects/Amp/gta4/gta_game/gameplay_sim/Cargo.toml","target":{"kind":["lib"],"crate_types":["lib"],"name":"gameplay_sim","src_path":"/Users/bradyjeong/Documents/Projects/Amp/gta4/gta_game/gameplay_sim/src/lib.rs","edition":"2021","doc":true,"doctest":true,"test":true},"message":{"rendered":"warning: use of deprecated method `bevy::prelude::EntityCommands::<'a>::despawn_recursive`: Use entity.despawn(), which now automatically despawns recursively.\n  --> gameplay_sim/src/systems/world/npc_spawn.rs:77:41\n   |\n77 |                 commands.entity(entity).despawn_recursive();\n   |                                         ^^^^^^^^^^^^^^^^^\n\n","$message_type":"diagnostic","children":[],"code":{"code":"deprecated","explanation":null},"level":"warning","message":"use of deprecated method `bevy::prelude::EntityCommands::<'a>::despawn_recursive`: Use entity.despawn(), which now automatically despawns recursively.","spans":[{"byte_end":2896,"byte_start":2879,"column_end":58,"column_start":41,"expansion":null,"file_name":"gameplay_sim/src/systems/world/npc_spawn.rs","is_primary":true,"label":null,"line_end":77,"line_start":77,"suggested_replacement":null,"suggestion_applicability":null,"text":[{"highlight_end":58,"highlight_start":41,"text":"                commands.entity(entity).despawn_recursive();"}]}]}}
{"reason":"compiler-message","package_id":"path+file:///Users/bradyjeong/Documents/Projects/Amp/gta4/gta_game/gameplay_sim#0.1.0","manifest_path":"/Users/bradyjeong/Documents/Projects/Amp/gta4/gta_game/gameplay_sim/Cargo.toml","target":{"kind":["lib"],"crate_types":["lib"],"name":"gameplay_sim","src_path":"/Users/bradyjeong/Documents/Projects/Amp/gta4/gta_game/gameplay_sim/src/lib.rs","edition":"2021","doc":true,"doctest":true,"test":true},"message":{"rendered":"warning: use of deprecated method `bevy::prelude::EntityCommands::<'a>::despawn_recursive`: Use entity.despawn(), which now automatically despawns recursively.\n  --> gameplay_sim/src/systems/world/npc_spawn.rs:77:41\n   |\n77 |                 commands.entity(entity).despawn_recursive();\n   |                                         ^^^^^^^^^^^^^^^^^\n\n","$message_type":"diagnostic","children":[],"code":{"code":"deprecated","explanation":null},"level":"warning","message":"use of deprecated method `bevy::prelude::EntityCommands::<'a>::despawn_recursive`: Use entity.despawn(), which now automatically despawns recursively.","spans":[{"byte_end":2896,"byte_start":2879,"column_end":58,"column_start":41,"expansion":null,"file_name":"gameplay_sim/src/systems/world/npc_spawn.rs","is_primary":true,"label":null,"line_end":77,"line_start":77,"suggested_replacement":null,"suggestion_applicability":null,"text":[{"highlight_end":58,"highlight_start":41,"text":"                commands.entity(entity).despawn_recursive();"}]}]}}
{"reason":"compiler-message","package_id":"path+file:///Users/bradyjeong/Documents/Projects/Amp/gta4/gta_game/gameplay_sim#0.1.0","manifest_path":"/Users/bradyjeong/Documents/Projects/Amp/gta4/gta_game/gameplay_sim/Cargo.toml","target":{"kind":["lib"],"crate_types":["lib"],"name":"gameplay_sim","src_path":"/Users/bradyjeong/Documents/Projects/Amp/gta4/gta_game/gameplay_sim/src/lib.rs","edition":"2021","doc":true,"doctest":true,"test":true},"message":{"rendered":"warning: unused import: `crate::systems::world::road_generation::RoadNetworkExtensions`\n  --> gameplay_sim/src/world/layered_generation.rs:20:5\n   |\n20 | use crate::systems::world::road_generation::RoadNetworkExtensions;\n   |     ^^^^^^^^^^^^^^^^^^^^^^^^^^^^^^^^^^^^^^^^^^^^^^^^^^^^^^^^^^^^^\n\n","$message_type":"diagnostic","children":[],"code":{"code":"unused_imports","explanation":null},"level":"warning","message":"unused import: `crate::systems::world::road_generation::RoadNetworkExtensions`","spans":[{"byte_end":909,"byte_start":848,"column_end":66,"column_start":5,"expansion":null,"file_name":"gameplay_sim/src/world/layered_generation.rs","is_primary":true,"label":null,"line_end":20,"line_start":20,"suggested_replacement":null,"suggestion_applicability":null,"text":[{"highlight_end":66,"highlight_start":5,"text":"use crate::systems::world::road_generation::RoadNetworkExtensions;"}]}]}}
{"reason":"compiler-message","package_id":"path+file:///Users/bradyjeong/Documents/Projects/Amp/gta4/gta_game/gameplay_sim#0.1.0","manifest_path":"/Users/bradyjeong/Documents/Projects/Amp/gta4/gta_game/gameplay_sim/Cargo.toml","target":{"kind":["lib"],"crate_types":["lib"],"name":"gameplay_sim","src_path":"/Users/bradyjeong/Documents/Projects/Amp/gta4/gta_game/gameplay_sim/src/lib.rs","edition":"2021","doc":true,"doctest":true,"test":true},"message":{"rendered":"warning: unused import: `crate::bevy16_compat::EntityCommandsExt`\n  --> gameplay_sim/src/systems/world/npc_spawn.rs:11:5\n   |\n11 | use crate::bevy16_compat::EntityCommandsExt;\n   |     ^^^^^^^^^^^^^^^^^^^^^^^^^^^^^^^^^^^^^^^\n\n","$message_type":"diagnostic","children":[],"code":{"code":"unused_imports","explanation":null},"level":"warning","message":"unused import: `crate::bevy16_compat::EntityCommandsExt`","spans":[{"byte_end":586,"byte_start":547,"column_end":44,"column_start":5,"expansion":null,"file_name":"gameplay_sim/src/systems/world/npc_spawn.rs","is_primary":true,"label":null,"line_end":11,"line_start":11,"suggested_replacement":null,"suggestion_applicability":null,"text":[{"highlight_end":44,"highlight_start":5,"text":"use crate::bevy16_compat::EntityCommandsExt;"}]}]}}
{"reason":"compiler-message","package_id":"path+file:///Users/bradyjeong/Documents/Projects/Amp/gta4/gta_game/gameplay_sim#0.1.0","manifest_path":"/Users/bradyjeong/Documents/Projects/Amp/gta4/gta_game/gameplay_sim/Cargo.toml","target":{"kind":["lib"],"crate_types":["lib"],"name":"gameplay_sim","src_path":"/Users/bradyjeong/Documents/Projects/Amp/gta4/gta_game/gameplay_sim/src/lib.rs","edition":"2021","doc":true,"doctest":true,"test":true},"message":{"rendered":"warning: unused import: `crate::bevy16_compat::QueryExt`\n --> gameplay_sim/src/systems/human_behavior.rs:4:5\n  |\n4 | use crate::bevy16_compat::QueryExt;\n  |     ^^^^^^^^^^^^^^^^^^^^^^^^^^^^^^\n\n","$message_type":"diagnostic","children":[],"code":{"code":"unused_imports","explanation":null},"level":"warning","message":"unused import: `crate::bevy16_compat::QueryExt`","spans":[{"byte_end":107,"byte_start":77,"column_end":35,"column_start":5,"expansion":null,"file_name":"gameplay_sim/src/systems/human_behavior.rs","is_primary":true,"label":null,"line_end":4,"line_start":4,"suggested_replacement":null,"suggestion_applicability":null,"text":[{"highlight_end":35,"highlight_start":5,"text":"use crate::bevy16_compat::QueryExt;"}]}]}}
{"reason":"compiler-message","package_id":"path+file:///Users/bradyjeong/Documents/Projects/Amp/gta4/gta_game/gameplay_sim#0.1.0","manifest_path":"/Users/bradyjeong/Documents/Projects/Amp/gta4/gta_game/gameplay_sim/Cargo.toml","target":{"kind":["lib"],"crate_types":["lib"],"name":"gameplay_sim","src_path":"/Users/bradyjeong/Documents/Projects/Amp/gta4/gta_game/gameplay_sim/src/lib.rs","edition":"2021","doc":true,"doctest":true,"test":true},"message":{"rendered":"warning: unused import: `crate::bevy16_compat::EntityCommandsExt`\n  --> gameplay_sim/src/systems/world/unified_world.rs:11:5\n   |\n11 | use crate::bevy16_compat::EntityCommandsExt;\n   |     ^^^^^^^^^^^^^^^^^^^^^^^^^^^^^^^^^^^^^^^\n\n","$message_type":"diagnostic","children":[],"code":{"code":"unused_imports","explanation":null},"level":"warning","message":"unused import: `crate::bevy16_compat::EntityCommandsExt`","spans":[{"byte_end":592,"byte_start":553,"column_end":44,"column_start":5,"expansion":null,"file_name":"gameplay_sim/src/systems/world/unified_world.rs","is_primary":true,"label":null,"line_end":11,"line_start":11,"suggested_replacement":null,"suggestion_applicability":null,"text":[{"highlight_end":44,"highlight_start":5,"text":"use crate::bevy16_compat::EntityCommandsExt;"}]}]}}
{"reason":"compiler-message","package_id":"path+file:///Users/bradyjeong/Documents/Projects/Amp/gta4/gta_game/gameplay_sim#0.1.0","manifest_path":"/Users/bradyjeong/Documents/Projects/Amp/gta4/gta_game/gameplay_sim/Cargo.toml","target":{"kind":["lib"],"crate_types":["lib"],"name":"gameplay_sim","src_path":"/Users/bradyjeong/Documents/Projects/Amp/gta4/gta_game/gameplay_sim/src/lib.rs","edition":"2021","doc":true,"doctest":true,"test":true},"message":{"rendered":"warning: unused import: `crate::bevy16_compat::QueryExt`\n --> gameplay_sim/src/systems/interaction.rs:4:5\n  |\n4 | use crate::bevy16_compat::QueryExt;\n  |     ^^^^^^^^^^^^^^^^^^^^^^^^^^^^^^\n\n","$message_type":"diagnostic","children":[],"code":{"code":"unused_imports","explanation":null},"level":"warning","message":"unused import: `crate::bevy16_compat::QueryExt`","spans":[{"byte_end":114,"byte_start":84,"column_end":35,"column_start":5,"expansion":null,"file_name":"gameplay_sim/src/systems/interaction.rs","is_primary":true,"label":null,"line_end":4,"line_start":4,"suggested_replacement":null,"suggestion_applicability":null,"text":[{"highlight_end":35,"highlight_start":5,"text":"use crate::bevy16_compat::QueryExt;"}]}]}}
{"reason":"compiler-message","package_id":"path+file:///Users/bradyjeong/Documents/Projects/Amp/gta4/gta_game/gameplay_sim#0.1.0","manifest_path":"/Users/bradyjeong/Documents/Projects/Amp/gta4/gta_game/gameplay_sim/Cargo.toml","target":{"kind":["lib"],"crate_types":["lib"],"name":"gameplay_sim","src_path":"/Users/bradyjeong/Documents/Projects/Amp/gta4/gta_game/gameplay_sim/src/lib.rs","edition":"2021","doc":true,"doctest":true,"test":true},"message":{"rendered":"warning: unused import: `crate::bevy16_compat::EntityCommandsExt`\n  --> gameplay_sim/src/systems/world/map_system.rs:11:5\n   |\n11 | use crate::bevy16_compat::EntityCommandsExt;\n   |     ^^^^^^^^^^^^^^^^^^^^^^^^^^^^^^^^^^^^^^^\n\n","$message_type":"diagnostic","children":[],"code":{"code":"unused_imports","explanation":null},"level":"warning","message":"unused import: `crate::bevy16_compat::EntityCommandsExt`","spans":[{"byte_end":600,"byte_start":561,"column_end":44,"column_start":5,"expansion":null,"file_name":"gameplay_sim/src/systems/world/map_system.rs","is_primary":true,"label":null,"line_end":11,"line_start":11,"suggested_replacement":null,"suggestion_applicability":null,"text":[{"highlight_end":44,"highlight_start":5,"text":"use crate::bevy16_compat::EntityCommandsExt;"}]}]}}
{"reason":"compiler-message","package_id":"path+file:///Users/bradyjeong/Documents/Projects/Amp/gta4/gta_game/gameplay_sim#0.1.0","manifest_path":"/Users/bradyjeong/Documents/Projects/Amp/gta4/gta_game/gameplay_sim/Cargo.toml","target":{"kind":["lib"],"crate_types":["lib"],"name":"gameplay_sim","src_path":"/Users/bradyjeong/Documents/Projects/Amp/gta4/gta_game/gameplay_sim/src/lib.rs","edition":"2021","doc":true,"doctest":true,"test":true},"message":{"rendered":"warning: unused import: `crate::systems::world::road_generation::RoadNetworkExtensions`\n  --> gameplay_sim/src/world/layered_generation.rs:20:5\n   |\n20 | use crate::systems::world::road_generation::RoadNetworkExtensions;\n   |     ^^^^^^^^^^^^^^^^^^^^^^^^^^^^^^^^^^^^^^^^^^^^^^^^^^^^^^^^^^^^^\n\n","$message_type":"diagnostic","children":[],"code":{"code":"unused_imports","explanation":null},"level":"warning","message":"unused import: `crate::systems::world::road_generation::RoadNetworkExtensions`","spans":[{"byte_end":909,"byte_start":848,"column_end":66,"column_start":5,"expansion":null,"file_name":"gameplay_sim/src/world/layered_generation.rs","is_primary":true,"label":null,"line_end":20,"line_start":20,"suggested_replacement":null,"suggestion_applicability":null,"text":[{"highlight_end":66,"highlight_start":5,"text":"use crate::systems::world::road_generation::RoadNetworkExtensions;"}]}]}}
{"reason":"compiler-message","package_id":"path+file:///Users/bradyjeong/Documents/Projects/Amp/gta4/gta_game/gameplay_sim#0.1.0","manifest_path":"/Users/bradyjeong/Documents/Projects/Amp/gta4/gta_game/gameplay_sim/Cargo.toml","target":{"kind":["lib"],"crate_types":["lib"],"name":"gameplay_sim","src_path":"/Users/bradyjeong/Documents/Projects/Amp/gta4/gta_game/gameplay_sim/src/lib.rs","edition":"2021","doc":true,"doctest":true,"test":true},"message":{"rendered":"warning: unused import: `crate::bevy16_compat::EntityCommandsExt`\n  --> gameplay_sim/src/systems/world/npc_spawn.rs:11:5\n   |\n11 | use crate::bevy16_compat::EntityCommandsExt;\n   |     ^^^^^^^^^^^^^^^^^^^^^^^^^^^^^^^^^^^^^^^\n\n","$message_type":"diagnostic","children":[],"code":{"code":"unused_imports","explanation":null},"level":"warning","message":"unused import: `crate::bevy16_compat::EntityCommandsExt`","spans":[{"byte_end":586,"byte_start":547,"column_end":44,"column_start":5,"expansion":null,"file_name":"gameplay_sim/src/systems/world/npc_spawn.rs","is_primary":true,"label":null,"line_end":11,"line_start":11,"suggested_replacement":null,"suggestion_applicability":null,"text":[{"highlight_end":44,"highlight_start":5,"text":"use crate::bevy16_compat::EntityCommandsExt;"}]}]}}
{"reason":"compiler-message","package_id":"path+file:///Users/bradyjeong/Documents/Projects/Amp/gta4/gta_game/gameplay_sim#0.1.0","manifest_path":"/Users/bradyjeong/Documents/Projects/Amp/gta4/gta_game/gameplay_sim/Cargo.toml","target":{"kind":["lib"],"crate_types":["lib"],"name":"gameplay_sim","src_path":"/Users/bradyjeong/Documents/Projects/Amp/gta4/gta_game/gameplay_sim/src/lib.rs","edition":"2021","doc":true,"doctest":true,"test":true},"message":{"rendered":"warning: unused import: `crate::bevy16_compat::EntityCommandsExt`\n  --> gameplay_sim/src/systems/world/unified_world.rs:11:5\n   |\n11 | use crate::bevy16_compat::EntityCommandsExt;\n   |     ^^^^^^^^^^^^^^^^^^^^^^^^^^^^^^^^^^^^^^^\n\n","$message_type":"diagnostic","children":[],"code":{"code":"unused_imports","explanation":null},"level":"warning","message":"unused import: `crate::bevy16_compat::EntityCommandsExt`","spans":[{"byte_end":592,"byte_start":553,"column_end":44,"column_start":5,"expansion":null,"file_name":"gameplay_sim/src/systems/world/unified_world.rs","is_primary":true,"label":null,"line_end":11,"line_start":11,"suggested_replacement":null,"suggestion_applicability":null,"text":[{"highlight_end":44,"highlight_start":5,"text":"use crate::bevy16_compat::EntityCommandsExt;"}]}]}}
{"reason":"compiler-message","package_id":"path+file:///Users/bradyjeong/Documents/Projects/Amp/gta4/gta_game/gameplay_sim#0.1.0","manifest_path":"/Users/bradyjeong/Documents/Projects/Amp/gta4/gta_game/gameplay_sim/Cargo.toml","target":{"kind":["lib"],"crate_types":["lib"],"name":"gameplay_sim","src_path":"/Users/bradyjeong/Documents/Projects/Amp/gta4/gta_game/gameplay_sim/src/lib.rs","edition":"2021","doc":true,"doctest":true,"test":true},"message":{"rendered":"warning: unused import: `crate::bevy16_compat::QueryExt`\n --> gameplay_sim/src/systems/human_behavior.rs:4:5\n  |\n4 | use crate::bevy16_compat::QueryExt;\n  |     ^^^^^^^^^^^^^^^^^^^^^^^^^^^^^^\n\n","$message_type":"diagnostic","children":[],"code":{"code":"unused_imports","explanation":null},"level":"warning","message":"unused import: `crate::bevy16_compat::QueryExt`","spans":[{"byte_end":107,"byte_start":77,"column_end":35,"column_start":5,"expansion":null,"file_name":"gameplay_sim/src/systems/human_behavior.rs","is_primary":true,"label":null,"line_end":4,"line_start":4,"suggested_replacement":null,"suggestion_applicability":null,"text":[{"highlight_end":35,"highlight_start":5,"text":"use crate::bevy16_compat::QueryExt;"}]}]}}
{"reason":"compiler-message","package_id":"path+file:///Users/bradyjeong/Documents/Projects/Amp/gta4/gta_game/gameplay_sim#0.1.0","manifest_path":"/Users/bradyjeong/Documents/Projects/Amp/gta4/gta_game/gameplay_sim/Cargo.toml","target":{"kind":["lib"],"crate_types":["lib"],"name":"gameplay_sim","src_path":"/Users/bradyjeong/Documents/Projects/Amp/gta4/gta_game/gameplay_sim/src/lib.rs","edition":"2021","doc":true,"doctest":true,"test":true},"message":{"rendered":"warning: unused import: `crate::bevy16_compat::QueryExt`\n --> gameplay_sim/src/systems/interaction.rs:4:5\n  |\n4 | use crate::bevy16_compat::QueryExt;\n  |     ^^^^^^^^^^^^^^^^^^^^^^^^^^^^^^\n\n","$message_type":"diagnostic","children":[],"code":{"code":"unused_imports","explanation":null},"level":"warning","message":"unused import: `crate::bevy16_compat::QueryExt`","spans":[{"byte_end":114,"byte_start":84,"column_end":35,"column_start":5,"expansion":null,"file_name":"gameplay_sim/src/systems/interaction.rs","is_primary":true,"label":null,"line_end":4,"line_start":4,"suggested_replacement":null,"suggestion_applicability":null,"text":[{"highlight_end":35,"highlight_start":5,"text":"use crate::bevy16_compat::QueryExt;"}]}]}}
{"reason":"compiler-message","package_id":"path+file:///Users/bradyjeong/Documents/Projects/Amp/gta4/gta_game/gameplay_sim#0.1.0","manifest_path":"/Users/bradyjeong/Documents/Projects/Amp/gta4/gta_game/gameplay_sim/Cargo.toml","target":{"kind":["lib"],"crate_types":["lib"],"name":"gameplay_sim","src_path":"/Users/bradyjeong/Documents/Projects/Amp/gta4/gta_game/gameplay_sim/src/lib.rs","edition":"2021","doc":true,"doctest":true,"test":true},"message":{"rendered":"warning: unused import: `crate::bevy16_compat::EntityCommandsExt`\n  --> gameplay_sim/src/systems/world/map_system.rs:11:5\n   |\n11 | use crate::bevy16_compat::EntityCommandsExt;\n   |     ^^^^^^^^^^^^^^^^^^^^^^^^^^^^^^^^^^^^^^^\n\n","$message_type":"diagnostic","children":[],"code":{"code":"unused_imports","explanation":null},"level":"warning","message":"unused import: `crate::bevy16_compat::EntityCommandsExt`","spans":[{"byte_end":600,"byte_start":561,"column_end":44,"column_start":5,"expansion":null,"file_name":"gameplay_sim/src/systems/world/map_system.rs","is_primary":true,"label":null,"line_end":11,"line_start":11,"suggested_replacement":null,"suggestion_applicability":null,"text":[{"highlight_end":44,"highlight_start":5,"text":"use crate::bevy16_compat::EntityCommandsExt;"}]}]}}
{"reason":"compiler-message","package_id":"path+file:///Users/bradyjeong/Documents/Projects/Amp/gta4/gta_game/gameplay_sim#0.1.0","manifest_path":"/Users/bradyjeong/Documents/Projects/Amp/gta4/gta_game/gameplay_sim/Cargo.toml","target":{"kind":["lib"],"crate_types":["lib"],"name":"gameplay_sim","src_path":"/Users/bradyjeong/Documents/Projects/Amp/gta4/gta_game/gameplay_sim/src/lib.rs","edition":"2021","doc":true,"doctest":true,"test":true},"message":{"rendered":"warning: unused variable: `service`\n   --> gameplay_sim/src/services/ground_detection.rs:171:13\n    |\n171 |         let service = GroundDetectionService::default();\n    |             ^^^^^^^ help: if this is intentional, prefix it with an underscore: `_service`\n    |\n    = note: `#[warn(unused_variables)]` on by default\n\n","$message_type":"diagnostic","children":[{"children":[],"code":null,"level":"note","message":"`#[warn(unused_variables)]` on by default","rendered":null,"spans":[]},{"children":[],"code":null,"level":"help","message":"if this is intentional, prefix it with an underscore","rendered":null,"spans":[{"byte_end":5717,"byte_start":5710,"column_end":20,"column_start":13,"expansion":null,"file_name":"gameplay_sim/src/services/ground_detection.rs","is_primary":true,"label":null,"line_end":171,"line_start":171,"suggested_replacement":"_service","suggestion_applicability":"MaybeIncorrect","text":[{"highlight_end":20,"highlight_start":13,"text":"        let service = GroundDetectionService::default();"}]}]}],"code":{"code":"unused_variables","explanation":null},"level":"warning","message":"unused variable: `service`","spans":[{"byte_end":5717,"byte_start":5710,"column_end":20,"column_start":13,"expansion":null,"file_name":"gameplay_sim/src/services/ground_detection.rs","is_primary":true,"label":null,"line_end":171,"line_start":171,"suggested_replacement":null,"suggestion_applicability":null,"text":[{"highlight_end":20,"highlight_start":13,"text":"        let service = GroundDetectionService::default();"}]}]}}
{"reason":"compiler-message","package_id":"path+file:///Users/bradyjeong/Documents/Projects/Amp/gta4/gta_game/gameplay_sim#0.1.0","manifest_path":"/Users/bradyjeong/Documents/Projects/Amp/gta4/gta_game/gameplay_sim/Cargo.toml","target":{"kind":["lib"],"crate_types":["lib"],"name":"gameplay_sim","src_path":"/Users/bradyjeong/Documents/Projects/Amp/gta4/gta_game/gameplay_sim/src/lib.rs","edition":"2021","doc":true,"doctest":true,"test":true},"message":{"rendered":"warning: value assigned to `target_linear_velocity` is never read\n  --> gameplay_sim/src/movement/player.rs:51:13\n   |\n51 |     let mut target_linear_velocity = Vec3::ZERO;\n   |             ^^^^^^^^^^^^^^^^^^^^^^\n   |\n   = help: maybe it is overwritten before being read?\n   = note: `#[warn(unused_assignments)]` on by default\n\n","$message_type":"diagnostic","children":[{"children":[],"code":null,"level":"help","message":"maybe it is overwritten before being read?","rendered":null,"spans":[]},{"children":[],"code":null,"level":"note","message":"`#[warn(unused_assignments)]` on by default","rendered":null,"spans":[]}],"code":{"code":"unused_assignments","explanation":null},"level":"warning","message":"value assigned to `target_linear_velocity` is never read","spans":[{"byte_end":1826,"byte_start":1804,"column_end":35,"column_start":13,"expansion":null,"file_name":"gameplay_sim/src/movement/player.rs","is_primary":true,"label":null,"line_end":51,"line_start":51,"suggested_replacement":null,"suggestion_applicability":null,"text":[{"highlight_end":35,"highlight_start":13,"text":"    let mut target_linear_velocity = Vec3::ZERO;"}]}]}}
{"reason":"compiler-message","package_id":"path+file:///Users/bradyjeong/Documents/Projects/Amp/gta4/gta_game/gameplay_sim#0.1.0","manifest_path":"/Users/bradyjeong/Documents/Projects/Amp/gta4/gta_game/gameplay_sim/Cargo.toml","target":{"kind":["lib"],"crate_types":["lib"],"name":"gameplay_sim","src_path":"/Users/bradyjeong/Documents/Projects/Amp/gta4/gta_game/gameplay_sim/src/lib.rs","edition":"2021","doc":true,"doctest":true,"test":true},"message":{"rendered":"warning: value assigned to `target_linear_velocity` is never read\n  --> gameplay_sim/src/movement/player.rs:51:13\n   |\n51 |     let mut target_linear_velocity = Vec3::ZERO;\n   |             ^^^^^^^^^^^^^^^^^^^^^^\n   |\n   = help: maybe it is overwritten before being read?\n   = note: `#[warn(unused_assignments)]` on by default\n\n","$message_type":"diagnostic","children":[{"children":[],"code":null,"level":"help","message":"maybe it is overwritten before being read?","rendered":null,"spans":[]},{"children":[],"code":null,"level":"note","message":"`#[warn(unused_assignments)]` on by default","rendered":null,"spans":[]}],"code":{"code":"unused_assignments","explanation":null},"level":"warning","message":"value assigned to `target_linear_velocity` is never read","spans":[{"byte_end":1826,"byte_start":1804,"column_end":35,"column_start":13,"expansion":null,"file_name":"gameplay_sim/src/movement/player.rs","is_primary":true,"label":null,"line_end":51,"line_start":51,"suggested_replacement":null,"suggestion_applicability":null,"text":[{"highlight_end":35,"highlight_start":13,"text":"    let mut target_linear_velocity = Vec3::ZERO;"}]}]}}
{"reason":"compiler-message","package_id":"path+file:///Users/bradyjeong/Documents/Projects/Amp/gta4/gta_game/gameplay_sim#0.1.0","manifest_path":"/Users/bradyjeong/Documents/Projects/Amp/gta4/gta_game/gameplay_sim/Cargo.toml","target":{"kind":["lib"],"crate_types":["lib"],"name":"gameplay_sim","src_path":"/Users/bradyjeong/Documents/Projects/Amp/gta4/gta_game/gameplay_sim/src/lib.rs","edition":"2021","doc":true,"doctest":true,"test":true},"message":{"rendered":"warning: function cannot return without recursing\n  --> gameplay_sim/src/world/road_generation.rs:28:5\n   |\n28 |     fn clear_cache(&mut self) {\n   |     ^^^^^^^^^^^^^^^^^^^^^^^^^ cannot return without recursing\n29 |         self.clear_cache();\n   |         ------------------ recursive call site\n   |\n   = help: a `loop` may express intention better if this is on purpose\n   = note: `#[warn(unconditional_recursion)]` on by default\n\n","$message_type":"diagnostic","children":[{"children":[],"code":null,"level":"help","message":"a `loop` may express intention better if this is on purpose","rendered":null,"spans":[]},{"children":[],"code":null,"level":"note","message":"`#[warn(unconditional_recursion)]` on by default","rendered":null,"spans":[]}],"code":{"code":"unconditional_recursion","explanation":null},"level":"warning","message":"function cannot return without recursing","spans":[{"byte_end":1227,"byte_start":1202,"column_end":30,"column_start":5,"expansion":null,"file_name":"gameplay_sim/src/world/road_generation.rs","is_primary":true,"label":"cannot return without recursing","line_end":28,"line_start":28,"suggested_replacement":null,"suggestion_applicability":null,"text":[{"highlight_end":30,"highlight_start":5,"text":"    fn clear_cache(&mut self) {"}]},{"byte_end":1256,"byte_start":1238,"column_end":27,"column_start":9,"expansion":null,"file_name":"gameplay_sim/src/world/road_generation.rs","is_primary":false,"label":"recursive call site","line_end":29,"line_start":29,"suggested_replacement":null,"suggestion_applicability":null,"text":[{"highlight_end":27,"highlight_start":9,"text":"        self.clear_cache();"}]}]}}
{"reason":"compiler-message","package_id":"path+file:///Users/bradyjeong/Documents/Projects/Amp/gta4/gta_game/gameplay_sim#0.1.0","manifest_path":"/Users/bradyjeong/Documents/Projects/Amp/gta4/gta_game/gameplay_sim/Cargo.toml","target":{"kind":["lib"],"crate_types":["lib"],"name":"gameplay_sim","src_path":"/Users/bradyjeong/Documents/Projects/Amp/gta4/gta_game/gameplay_sim/src/lib.rs","edition":"2021","doc":true,"doctest":true,"test":true},"message":{"rendered":"warning: function cannot return without recursing\n  --> gameplay_sim/src/world/road_generation.rs:32:5\n   |\n32 |     fn generate_chunk_roads(&mut self, chunk_x: i32, chunk_z: i32) -> Vec<u32> {\n   |     ^^^^^^^^^^^^^^^^^^^^^^^^^^^^^^^^^^^^^^^^^^^^^^^^^^^^^^^^^^^^^^^^^^^^^^^^^^ cannot return without recursing\n33 |         self.generate_chunk_roads(chunk_x, chunk_z)\n   |         ------------------------------------------- recursive call site\n   |\n   = help: a `loop` may express intention better if this is on purpose\n\n","$message_type":"diagnostic","children":[{"children":[],"code":null,"level":"help","message":"a `loop` may express intention better if this is on purpose","rendered":null,"spans":[]}],"code":{"code":"unconditional_recursion","explanation":null},"level":"warning","message":"function cannot return without recursing","spans":[{"byte_end":1347,"byte_start":1273,"column_end":79,"column_start":5,"expansion":null,"file_name":"gameplay_sim/src/world/road_generation.rs","is_primary":true,"label":"cannot return without recursing","line_end":32,"line_start":32,"suggested_replacement":null,"suggestion_applicability":null,"text":[{"highlight_end":79,"highlight_start":5,"text":"    fn generate_chunk_roads(&mut self, chunk_x: i32, chunk_z: i32) -> Vec<u32> {"}]},{"byte_end":1401,"byte_start":1358,"column_end":52,"column_start":9,"expansion":null,"file_name":"gameplay_sim/src/world/road_generation.rs","is_primary":false,"label":"recursive call site","line_end":33,"line_start":33,"suggested_replacement":null,"suggestion_applicability":null,"text":[{"highlight_end":52,"highlight_start":9,"text":"        self.generate_chunk_roads(chunk_x, chunk_z)"}]}]}}
{"reason":"compiler-message","package_id":"path+file:///Users/bradyjeong/Documents/Projects/Amp/gta4/gta_game/gameplay_sim#0.1.0","manifest_path":"/Users/bradyjeong/Documents/Projects/Amp/gta4/gta_game/gameplay_sim/Cargo.toml","target":{"kind":["lib"],"crate_types":["lib"],"name":"gameplay_sim","src_path":"/Users/bradyjeong/Documents/Projects/Amp/gta4/gta_game/gameplay_sim/src/lib.rs","edition":"2021","doc":true,"doctest":true,"test":true},"message":{"rendered":"warning: function cannot return without recursing\n  --> gameplay_sim/src/world/road_generation.rs:28:5\n   |\n28 |     fn clear_cache(&mut self) {\n   |     ^^^^^^^^^^^^^^^^^^^^^^^^^ cannot return without recursing\n29 |         self.clear_cache();\n   |         ------------------ recursive call site\n   |\n   = help: a `loop` may express intention better if this is on purpose\n   = note: `#[warn(unconditional_recursion)]` on by default\n\n","$message_type":"diagnostic","children":[{"children":[],"code":null,"level":"help","message":"a `loop` may express intention better if this is on purpose","rendered":null,"spans":[]},{"children":[],"code":null,"level":"note","message":"`#[warn(unconditional_recursion)]` on by default","rendered":null,"spans":[]}],"code":{"code":"unconditional_recursion","explanation":null},"level":"warning","message":"function cannot return without recursing","spans":[{"byte_end":1227,"byte_start":1202,"column_end":30,"column_start":5,"expansion":null,"file_name":"gameplay_sim/src/world/road_generation.rs","is_primary":true,"label":"cannot return without recursing","line_end":28,"line_start":28,"suggested_replacement":null,"suggestion_applicability":null,"text":[{"highlight_end":30,"highlight_start":5,"text":"    fn clear_cache(&mut self) {"}]},{"byte_end":1256,"byte_start":1238,"column_end":27,"column_start":9,"expansion":null,"file_name":"gameplay_sim/src/world/road_generation.rs","is_primary":false,"label":"recursive call site","line_end":29,"line_start":29,"suggested_replacement":null,"suggestion_applicability":null,"text":[{"highlight_end":27,"highlight_start":9,"text":"        self.clear_cache();"}]}]}}
{"reason":"compiler-message","package_id":"path+file:///Users/bradyjeong/Documents/Projects/Amp/gta4/gta_game/gameplay_sim#0.1.0","manifest_path":"/Users/bradyjeong/Documents/Projects/Amp/gta4/gta_game/gameplay_sim/Cargo.toml","target":{"kind":["lib"],"crate_types":["lib"],"name":"gameplay_sim","src_path":"/Users/bradyjeong/Documents/Projects/Amp/gta4/gta_game/gameplay_sim/src/lib.rs","edition":"2021","doc":true,"doctest":true,"test":true},"message":{"rendered":"warning: function cannot return without recursing\n  --> gameplay_sim/src/world/road_generation.rs:32:5\n   |\n32 |     fn generate_chunk_roads(&mut self, chunk_x: i32, chunk_z: i32) -> Vec<u32> {\n   |     ^^^^^^^^^^^^^^^^^^^^^^^^^^^^^^^^^^^^^^^^^^^^^^^^^^^^^^^^^^^^^^^^^^^^^^^^^^ cannot return without recursing\n33 |         self.generate_chunk_roads(chunk_x, chunk_z)\n   |         ------------------------------------------- recursive call site\n   |\n   = help: a `loop` may express intention better if this is on purpose\n\n","$message_type":"diagnostic","children":[{"children":[],"code":null,"level":"help","message":"a `loop` may express intention better if this is on purpose","rendered":null,"spans":[]}],"code":{"code":"unconditional_recursion","explanation":null},"level":"warning","message":"function cannot return without recursing","spans":[{"byte_end":1347,"byte_start":1273,"column_end":79,"column_start":5,"expansion":null,"file_name":"gameplay_sim/src/world/road_generation.rs","is_primary":true,"label":"cannot return without recursing","line_end":32,"line_start":32,"suggested_replacement":null,"suggestion_applicability":null,"text":[{"highlight_end":79,"highlight_start":5,"text":"    fn generate_chunk_roads(&mut self, chunk_x: i32, chunk_z: i32) -> Vec<u32> {"}]},{"byte_end":1401,"byte_start":1358,"column_end":52,"column_start":9,"expansion":null,"file_name":"gameplay_sim/src/world/road_generation.rs","is_primary":false,"label":"recursive call site","line_end":33,"line_start":33,"suggested_replacement":null,"suggestion_applicability":null,"text":[{"highlight_end":52,"highlight_start":9,"text":"        self.generate_chunk_roads(chunk_x, chunk_z)"}]}]}}
{"reason":"compiler-message","package_id":"path+file:///Users/bradyjeong/Documents/Projects/Amp/gta4/gta_game/gameplay_sim#0.1.0","manifest_path":"/Users/bradyjeong/Documents/Projects/Amp/gta4/gta_game/gameplay_sim/Cargo.toml","target":{"kind":["lib"],"crate_types":["lib"],"name":"gameplay_sim","src_path":"/Users/bradyjeong/Documents/Projects/Amp/gta4/gta_game/gameplay_sim/src/lib.rs","edition":"2021","doc":true,"doctest":true,"test":true},"message":{"rendered":"warning: unused variable: `lod_level`\n  --> gameplay_sim/src/world/layered_generation.rs:89:17\n   |\n89 |             let lod_level = world_manager.calculate_lod_level(distance);\n   |                 ^^^^^^^^^ help: if this is intentional, prefix it with an underscore: `_lod_level`\n\n","$message_type":"diagnostic","children":[{"children":[],"code":null,"level":"help","message":"if this is intentional, prefix it with an underscore","rendered":null,"spans":[{"byte_end":3803,"byte_start":3794,"column_end":26,"column_start":17,"expansion":null,"file_name":"gameplay_sim/src/world/layered_generation.rs","is_primary":true,"label":null,"line_end":89,"line_start":89,"suggested_replacement":"_lod_level","suggestion_applicability":"MaybeIncorrect","text":[{"highlight_end":26,"highlight_start":17,"text":"            let lod_level = world_manager.calculate_lod_level(distance);"}]}]}],"code":{"code":"unused_variables","explanation":null},"level":"warning","message":"unused variable: `lod_level`","spans":[{"byte_end":3803,"byte_start":3794,"column_end":26,"column_start":17,"expansion":null,"file_name":"gameplay_sim/src/world/layered_generation.rs","is_primary":true,"label":null,"line_end":89,"line_start":89,"suggested_replacement":null,"suggestion_applicability":null,"text":[{"highlight_end":26,"highlight_start":17,"text":"            let lod_level = world_manager.calculate_lod_level(distance);"}]}]}}
{"reason":"compiler-message","package_id":"path+file:///Users/bradyjeong/Documents/Projects/Amp/gta4/gta_game/gameplay_sim#0.1.0","manifest_path":"/Users/bradyjeong/Documents/Projects/Amp/gta4/gta_game/gameplay_sim/Cargo.toml","target":{"kind":["lib"],"crate_types":["lib"],"name":"gameplay_sim","src_path":"/Users/bradyjeong/Documents/Projects/Amp/gta4/gta_game/gameplay_sim/src/lib.rs","edition":"2021","doc":true,"doctest":true,"test":true},"message":{"rendered":"warning: unused variable: `lod_level`\n  --> gameplay_sim/src/world/layered_generation.rs:89:17\n   |\n89 |             let lod_level = world_manager.calculate_lod_level(distance);\n   |                 ^^^^^^^^^ help: if this is intentional, prefix it with an underscore: `_lod_level`\n   |\n   = note: `#[warn(unused_variables)]` on by default\n\n","$message_type":"diagnostic","children":[{"children":[],"code":null,"level":"note","message":"`#[warn(unused_variables)]` on by default","rendered":null,"spans":[]},{"children":[],"code":null,"level":"help","message":"if this is intentional, prefix it with an underscore","rendered":null,"spans":[{"byte_end":3803,"byte_start":3794,"column_end":26,"column_start":17,"expansion":null,"file_name":"gameplay_sim/src/world/layered_generation.rs","is_primary":true,"label":null,"line_end":89,"line_start":89,"suggested_replacement":"_lod_level","suggestion_applicability":"MaybeIncorrect","text":[{"highlight_end":26,"highlight_start":17,"text":"            let lod_level = world_manager.calculate_lod_level(distance);"}]}]}],"code":{"code":"unused_variables","explanation":null},"level":"warning","message":"unused variable: `lod_level`","spans":[{"byte_end":3803,"byte_start":3794,"column_end":26,"column_start":17,"expansion":null,"file_name":"gameplay_sim/src/world/layered_generation.rs","is_primary":true,"label":null,"line_end":89,"line_start":89,"suggested_replacement":null,"suggestion_applicability":null,"text":[{"highlight_end":26,"highlight_start":17,"text":"            let lod_level = world_manager.calculate_lod_level(distance);"}]}]}}
{"reason":"compiler-message","package_id":"path+file:///Users/bradyjeong/Documents/Projects/Amp/gta4/gta_game/gameplay_sim#0.1.0","manifest_path":"/Users/bradyjeong/Documents/Projects/Amp/gta4/gta_game/gameplay_sim/Cargo.toml","target":{"kind":["lib"],"crate_types":["lib"],"name":"gameplay_sim","src_path":"/Users/bradyjeong/Documents/Projects/Amp/gta4/gta_game/gameplay_sim/src/lib.rs","edition":"2021","doc":true,"doctest":true,"test":true},"message":{"rendered":"warning: unused variable: `connected_roads`\n   --> gameplay_sim/src/world/layered_generation.rs:303:20\n    |\n303 |     for (position, connected_roads, intersection_type, road_type) in detected_intersections {\n    |                    ^^^^^^^^^^^^^^^ help: if this is intentional, prefix it with an underscore: `_connected_roads`\n\n","$message_type":"diagnostic","children":[{"children":[],"code":null,"level":"help","message":"if this is intentional, prefix it with an underscore","rendered":null,"spans":[{"byte_end":11655,"byte_start":11640,"column_end":35,"column_start":20,"expansion":null,"file_name":"gameplay_sim/src/world/layered_generation.rs","is_primary":true,"label":null,"line_end":303,"line_start":303,"suggested_replacement":"_connected_roads","suggestion_applicability":"MaybeIncorrect","text":[{"highlight_end":35,"highlight_start":20,"text":"    for (position, connected_roads, intersection_type, road_type) in detected_intersections {"}]}]}],"code":{"code":"unused_variables","explanation":null},"level":"warning","message":"unused variable: `connected_roads`","spans":[{"byte_end":11655,"byte_start":11640,"column_end":35,"column_start":20,"expansion":null,"file_name":"gameplay_sim/src/world/layered_generation.rs","is_primary":true,"label":null,"line_end":303,"line_start":303,"suggested_replacement":null,"suggestion_applicability":null,"text":[{"highlight_end":35,"highlight_start":20,"text":"    for (position, connected_roads, intersection_type, road_type) in detected_intersections {"}]}]}}
{"reason":"compiler-message","package_id":"path+file:///Users/bradyjeong/Documents/Projects/Amp/gta4/gta_game/gameplay_sim#0.1.0","manifest_path":"/Users/bradyjeong/Documents/Projects/Amp/gta4/gta_game/gameplay_sim/Cargo.toml","target":{"kind":["lib"],"crate_types":["lib"],"name":"gameplay_sim","src_path":"/Users/bradyjeong/Documents/Projects/Amp/gta4/gta_game/gameplay_sim/src/lib.rs","edition":"2021","doc":true,"doctest":true,"test":true},"message":{"rendered":"warning: unused variable: `connected_roads`\n   --> gameplay_sim/src/world/layered_generation.rs:303:20\n    |\n303 |     for (position, connected_roads, intersection_type, road_type) in detected_intersections {\n    |                    ^^^^^^^^^^^^^^^ help: if this is intentional, prefix it with an underscore: `_connected_roads`\n\n","$message_type":"diagnostic","children":[{"children":[],"code":null,"level":"help","message":"if this is intentional, prefix it with an underscore","rendered":null,"spans":[{"byte_end":11655,"byte_start":11640,"column_end":35,"column_start":20,"expansion":null,"file_name":"gameplay_sim/src/world/layered_generation.rs","is_primary":true,"label":null,"line_end":303,"line_start":303,"suggested_replacement":"_connected_roads","suggestion_applicability":"MaybeIncorrect","text":[{"highlight_end":35,"highlight_start":20,"text":"    for (position, connected_roads, intersection_type, road_type) in detected_intersections {"}]}]}],"code":{"code":"unused_variables","explanation":null},"level":"warning","message":"unused variable: `connected_roads`","spans":[{"byte_end":11655,"byte_start":11640,"column_end":35,"column_start":20,"expansion":null,"file_name":"gameplay_sim/src/world/layered_generation.rs","is_primary":true,"label":null,"line_end":303,"line_start":303,"suggested_replacement":null,"suggestion_applicability":null,"text":[{"highlight_end":35,"highlight_start":20,"text":"    for (position, connected_roads, intersection_type, road_type) in detected_intersections {"}]}]}}
{"reason":"compiler-message","package_id":"path+file:///Users/bradyjeong/Documents/Projects/Amp/gta4/gta_game/gameplay_sim#0.1.0","manifest_path":"/Users/bradyjeong/Documents/Projects/Amp/gta4/gta_game/gameplay_sim/Cargo.toml","target":{"kind":["lib"],"crate_types":["lib"],"name":"gameplay_sim","src_path":"/Users/bradyjeong/Documents/Projects/Amp/gta4/gta_game/gameplay_sim/src/lib.rs","edition":"2021","doc":true,"doctest":true,"test":true},"message":{"rendered":"warning: unused variable: `entity_count`\n   --> gameplay_sim/src/world/unified_lod.rs:181:38\n    |\n181 |                 ChunkState::Loaded { entity_count } => {\n    |                                      ^^^^^^^^^^^^ help: try ignoring the field: `entity_count: _`\n\n","$message_type":"diagnostic","children":[{"children":[],"code":null,"level":"help","message":"try ignoring the field","rendered":null,"spans":[{"byte_end":6609,"byte_start":6597,"column_end":50,"column_start":38,"expansion":null,"file_name":"gameplay_sim/src/world/unified_lod.rs","is_primary":true,"label":null,"line_end":181,"line_start":181,"suggested_replacement":"entity_count: _","suggestion_applicability":"MaybeIncorrect","text":[{"highlight_end":50,"highlight_start":38,"text":"                ChunkState::Loaded { entity_count } => {"}]}]}],"code":{"code":"unused_variables","explanation":null},"level":"warning","message":"unused variable: `entity_count`","spans":[{"byte_end":6609,"byte_start":6597,"column_end":50,"column_start":38,"expansion":null,"file_name":"gameplay_sim/src/world/unified_lod.rs","is_primary":true,"label":null,"line_end":181,"line_start":181,"suggested_replacement":null,"suggestion_applicability":null,"text":[{"highlight_end":50,"highlight_start":38,"text":"                ChunkState::Loaded { entity_count } => {"}]}]}}
{"reason":"compiler-message","package_id":"path+file:///Users/bradyjeong/Documents/Projects/Amp/gta4/gta_game/gameplay_sim#0.1.0","manifest_path":"/Users/bradyjeong/Documents/Projects/Amp/gta4/gta_game/gameplay_sim/Cargo.toml","target":{"kind":["lib"],"crate_types":["lib"],"name":"gameplay_sim","src_path":"/Users/bradyjeong/Documents/Projects/Amp/gta4/gta_game/gameplay_sim/src/lib.rs","edition":"2021","doc":true,"doctest":true,"test":true},"message":{"rendered":"warning: unused variable: `entity_count`\n   --> gameplay_sim/src/world/unified_lod.rs:181:38\n    |\n181 |                 ChunkState::Loaded { entity_count } => {\n    |                                      ^^^^^^^^^^^^ help: try ignoring the field: `entity_count: _`\n\n","$message_type":"diagnostic","children":[{"children":[],"code":null,"level":"help","message":"try ignoring the field","rendered":null,"spans":[{"byte_end":6609,"byte_start":6597,"column_end":50,"column_start":38,"expansion":null,"file_name":"gameplay_sim/src/world/unified_lod.rs","is_primary":true,"label":null,"line_end":181,"line_start":181,"suggested_replacement":"entity_count: _","suggestion_applicability":"MaybeIncorrect","text":[{"highlight_end":50,"highlight_start":38,"text":"                ChunkState::Loaded { entity_count } => {"}]}]}],"code":{"code":"unused_variables","explanation":null},"level":"warning","message":"unused variable: `entity_count`","spans":[{"byte_end":6609,"byte_start":6597,"column_end":50,"column_start":38,"expansion":null,"file_name":"gameplay_sim/src/world/unified_lod.rs","is_primary":true,"label":null,"line_end":181,"line_start":181,"suggested_replacement":null,"suggestion_applicability":null,"text":[{"highlight_end":50,"highlight_start":38,"text":"                ChunkState::Loaded { entity_count } => {"}]}]}}
{"reason":"compiler-message","package_id":"path+file:///Users/bradyjeong/Documents/Projects/Amp/gta4/gta_game/gameplay_sim#0.1.0","manifest_path":"/Users/bradyjeong/Documents/Projects/Amp/gta4/gta_game/gameplay_sim/Cargo.toml","target":{"kind":["lib"],"crate_types":["lib"],"name":"gameplay_sim","src_path":"/Users/bradyjeong/Documents/Projects/Amp/gta4/gta_game/gameplay_sim/src/lib.rs","edition":"2021","doc":true,"doctest":true,"test":true},"message":{"rendered":"warning: unused variable: `entity_count`\n   --> gameplay_sim/src/world/unified_lod.rs:214:41\n    |\n214 |             if let ChunkState::Loaded { entity_count } = chunk.state {\n    |                                         ^^^^^^^^^^^^ help: try ignoring the field: `entity_count: _`\n\n","$message_type":"diagnostic","children":[{"children":[],"code":null,"level":"help","message":"try ignoring the field","rendered":null,"spans":[{"byte_end":8084,"byte_start":8072,"column_end":53,"column_start":41,"expansion":null,"file_name":"gameplay_sim/src/world/unified_lod.rs","is_primary":true,"label":null,"line_end":214,"line_start":214,"suggested_replacement":"entity_count: _","suggestion_applicability":"MaybeIncorrect","text":[{"highlight_end":53,"highlight_start":41,"text":"            if let ChunkState::Loaded { entity_count } = chunk.state {"}]}]}],"code":{"code":"unused_variables","explanation":null},"level":"warning","message":"unused variable: `entity_count`","spans":[{"byte_end":8084,"byte_start":8072,"column_end":53,"column_start":41,"expansion":null,"file_name":"gameplay_sim/src/world/unified_lod.rs","is_primary":true,"label":null,"line_end":214,"line_start":214,"suggested_replacement":null,"suggestion_applicability":null,"text":[{"highlight_end":53,"highlight_start":41,"text":"            if let ChunkState::Loaded { entity_count } = chunk.state {"}]}]}}
{"reason":"compiler-message","package_id":"path+file:///Users/bradyjeong/Documents/Projects/Amp/gta4/gta_game/gameplay_sim#0.1.0","manifest_path":"/Users/bradyjeong/Documents/Projects/Amp/gta4/gta_game/gameplay_sim/Cargo.toml","target":{"kind":["lib"],"crate_types":["lib"],"name":"gameplay_sim","src_path":"/Users/bradyjeong/Documents/Projects/Amp/gta4/gta_game/gameplay_sim/src/lib.rs","edition":"2021","doc":true,"doctest":true,"test":true},"message":{"rendered":"warning: unused variable: `entity_count`\n   --> gameplay_sim/src/world/unified_lod.rs:214:41\n    |\n214 |             if let ChunkState::Loaded { entity_count } = chunk.state {\n    |                                         ^^^^^^^^^^^^ help: try ignoring the field: `entity_count: _`\n\n","$message_type":"diagnostic","children":[{"children":[],"code":null,"level":"help","message":"try ignoring the field","rendered":null,"spans":[{"byte_end":8084,"byte_start":8072,"column_end":53,"column_start":41,"expansion":null,"file_name":"gameplay_sim/src/world/unified_lod.rs","is_primary":true,"label":null,"line_end":214,"line_start":214,"suggested_replacement":"entity_count: _","suggestion_applicability":"MaybeIncorrect","text":[{"highlight_end":53,"highlight_start":41,"text":"            if let ChunkState::Loaded { entity_count } = chunk.state {"}]}]}],"code":{"code":"unused_variables","explanation":null},"level":"warning","message":"unused variable: `entity_count`","spans":[{"byte_end":8084,"byte_start":8072,"column_end":53,"column_start":41,"expansion":null,"file_name":"gameplay_sim/src/world/unified_lod.rs","is_primary":true,"label":null,"line_end":214,"line_start":214,"suggested_replacement":null,"suggestion_applicability":null,"text":[{"highlight_end":53,"highlight_start":41,"text":"            if let ChunkState::Loaded { entity_count } = chunk.state {"}]}]}}
{"reason":"compiler-message","package_id":"path+file:///Users/bradyjeong/Documents/Projects/Amp/gta4/gta_game/gameplay_sim#0.1.0","manifest_path":"/Users/bradyjeong/Documents/Projects/Amp/gta4/gta_game/gameplay_sim/Cargo.toml","target":{"kind":["lib"],"crate_types":["lib"],"name":"gameplay_sim","src_path":"/Users/bradyjeong/Documents/Projects/Amp/gta4/gta_game/gameplay_sim/src/lib.rs","edition":"2021","doc":true,"doctest":true,"test":true},"message":{"rendered":"warning: unused variable: `config`\n  --> gameplay_sim/src/world/unified_factory_setup.rs:17:61\n   |\n17 | pub fn setup_unified_entity_factory(mut commands: Commands, config: Res<GameConfig>) {\n   |                                                             ^^^^^^ help: if this is intentional, prefix it with an underscore: `_config`\n\n","$message_type":"diagnostic","children":[{"children":[],"code":null,"level":"help","message":"if this is intentional, prefix it with an underscore","rendered":null,"spans":[{"byte_end":823,"byte_start":817,"column_end":67,"column_start":61,"expansion":null,"file_name":"gameplay_sim/src/world/unified_factory_setup.rs","is_primary":true,"label":null,"line_end":17,"line_start":17,"suggested_replacement":"_config","suggestion_applicability":"MaybeIncorrect","text":[{"highlight_end":67,"highlight_start":61,"text":"pub fn setup_unified_entity_factory(mut commands: Commands, config: Res<GameConfig>) {"}]}]}],"code":{"code":"unused_variables","explanation":null},"level":"warning","message":"unused variable: `config`","spans":[{"byte_end":823,"byte_start":817,"column_end":67,"column_start":61,"expansion":null,"file_name":"gameplay_sim/src/world/unified_factory_setup.rs","is_primary":true,"label":null,"line_end":17,"line_start":17,"suggested_replacement":null,"suggestion_applicability":null,"text":[{"highlight_end":67,"highlight_start":61,"text":"pub fn setup_unified_entity_factory(mut commands: Commands, config: Res<GameConfig>) {"}]}]}}
{"reason":"compiler-message","package_id":"path+file:///Users/bradyjeong/Documents/Projects/Amp/gta4/gta_game/gameplay_sim#0.1.0","manifest_path":"/Users/bradyjeong/Documents/Projects/Amp/gta4/gta_game/gameplay_sim/Cargo.toml","target":{"kind":["lib"],"crate_types":["lib"],"name":"gameplay_sim","src_path":"/Users/bradyjeong/Documents/Projects/Amp/gta4/gta_game/gameplay_sim/src/lib.rs","edition":"2021","doc":true,"doctest":true,"test":true},"message":{"rendered":"warning: unused variable: `config`\n  --> gameplay_sim/src/world/unified_factory_setup.rs:17:61\n   |\n17 | pub fn setup_unified_entity_factory(mut commands: Commands, config: Res<GameConfig>) {\n   |                                                             ^^^^^^ help: if this is intentional, prefix it with an underscore: `_config`\n\n","$message_type":"diagnostic","children":[{"children":[],"code":null,"level":"help","message":"if this is intentional, prefix it with an underscore","rendered":null,"spans":[{"byte_end":823,"byte_start":817,"column_end":67,"column_start":61,"expansion":null,"file_name":"gameplay_sim/src/world/unified_factory_setup.rs","is_primary":true,"label":null,"line_end":17,"line_start":17,"suggested_replacement":"_config","suggestion_applicability":"MaybeIncorrect","text":[{"highlight_end":67,"highlight_start":61,"text":"pub fn setup_unified_entity_factory(mut commands: Commands, config: Res<GameConfig>) {"}]}]}],"code":{"code":"unused_variables","explanation":null},"level":"warning","message":"unused variable: `config`","spans":[{"byte_end":823,"byte_start":817,"column_end":67,"column_start":61,"expansion":null,"file_name":"gameplay_sim/src/world/unified_factory_setup.rs","is_primary":true,"label":null,"line_end":17,"line_start":17,"suggested_replacement":null,"suggestion_applicability":null,"text":[{"highlight_end":67,"highlight_start":61,"text":"pub fn setup_unified_entity_factory(mut commands: Commands, config: Res<GameConfig>) {"}]}]}}
{"reason":"compiler-message","package_id":"path+file:///Users/bradyjeong/Documents/Projects/Amp/gta4/gta_game/gameplay_sim#0.1.0","manifest_path":"/Users/bradyjeong/Documents/Projects/Amp/gta4/gta_game/gameplay_sim/Cargo.toml","target":{"kind":["lib"],"crate_types":["lib"],"name":"gameplay_sim","src_path":"/Users/bradyjeong/Documents/Projects/Amp/gta4/gta_game/gameplay_sim/src/lib.rs","edition":"2021","doc":true,"doctest":true,"test":true},"message":{"rendered":"warning: unused variable: `vegetation`\n   --> gameplay_sim/src/lod/modern_lod_system.rs:182:5\n    |\n182 |     vegetation: Query<&VegetationLOD>,\n    |     ^^^^^^^^^^ help: if this is intentional, prefix it with an underscore: `_vegetation`\n\n","$message_type":"diagnostic","children":[{"children":[],"code":null,"level":"help","message":"if this is intentional, prefix it with an underscore","rendered":null,"spans":[{"byte_end":7140,"byte_start":7130,"column_end":15,"column_start":5,"expansion":null,"file_name":"gameplay_sim/src/lod/modern_lod_system.rs","is_primary":true,"label":null,"line_end":182,"line_start":182,"suggested_replacement":"_vegetation","suggestion_applicability":"MaybeIncorrect","text":[{"highlight_end":15,"highlight_start":5,"text":"    vegetation: Query<&VegetationLOD>,"}]}]}],"code":{"code":"unused_variables","explanation":null},"level":"warning","message":"unused variable: `vegetation`","spans":[{"byte_end":7140,"byte_start":7130,"column_end":15,"column_start":5,"expansion":null,"file_name":"gameplay_sim/src/lod/modern_lod_system.rs","is_primary":true,"label":null,"line_end":182,"line_start":182,"suggested_replacement":null,"suggestion_applicability":null,"text":[{"highlight_end":15,"highlight_start":5,"text":"    vegetation: Query<&VegetationLOD>,"}]}]}}
{"reason":"compiler-message","package_id":"path+file:///Users/bradyjeong/Documents/Projects/Amp/gta4/gta_game/gameplay_sim#0.1.0","manifest_path":"/Users/bradyjeong/Documents/Projects/Amp/gta4/gta_game/gameplay_sim/Cargo.toml","target":{"kind":["lib"],"crate_types":["lib"],"name":"gameplay_sim","src_path":"/Users/bradyjeong/Documents/Projects/Amp/gta4/gta_game/gameplay_sim/src/lib.rs","edition":"2021","doc":true,"doctest":true,"test":true},"message":{"rendered":"warning: unused variable: `vegetation`\n   --> gameplay_sim/src/lod/modern_lod_system.rs:182:5\n    |\n182 |     vegetation: Query<&VegetationLOD>,\n    |     ^^^^^^^^^^ help: if this is intentional, prefix it with an underscore: `_vegetation`\n\n","$message_type":"diagnostic","children":[{"children":[],"code":null,"level":"help","message":"if this is intentional, prefix it with an underscore","rendered":null,"spans":[{"byte_end":7140,"byte_start":7130,"column_end":15,"column_start":5,"expansion":null,"file_name":"gameplay_sim/src/lod/modern_lod_system.rs","is_primary":true,"label":null,"line_end":182,"line_start":182,"suggested_replacement":"_vegetation","suggestion_applicability":"MaybeIncorrect","text":[{"highlight_end":15,"highlight_start":5,"text":"    vegetation: Query<&VegetationLOD>,"}]}]}],"code":{"code":"unused_variables","explanation":null},"level":"warning","message":"unused variable: `vegetation`","spans":[{"byte_end":7140,"byte_start":7130,"column_end":15,"column_start":5,"expansion":null,"file_name":"gameplay_sim/src/lod/modern_lod_system.rs","is_primary":true,"label":null,"line_end":182,"line_start":182,"suggested_replacement":null,"suggestion_applicability":null,"text":[{"highlight_end":15,"highlight_start":5,"text":"    vegetation: Query<&VegetationLOD>,"}]}]}}
{"reason":"compiler-message","package_id":"path+file:///Users/bradyjeong/Documents/Projects/Amp/gta4/gta_game/gameplay_sim#0.1.0","manifest_path":"/Users/bradyjeong/Documents/Projects/Amp/gta4/gta_game/gameplay_sim/Cargo.toml","target":{"kind":["lib"],"crate_types":["lib"],"name":"gameplay_sim","src_path":"/Users/bradyjeong/Documents/Projects/Amp/gta4/gta_game/gameplay_sim/src/lib.rs","edition":"2021","doc":true,"doctest":true,"test":true},"message":{"rendered":"warning: unused variable: `entity_factory`\n  --> gameplay_sim/src/setup/unified_vehicles.rs:92:5\n   |\n92 |     entity_factory: &mut UnifiedEntityFactory,\n   |     ^^^^^^^^^^^^^^ help: if this is intentional, prefix it with an underscore: `_entity_factory`\n\n","$message_type":"diagnostic","children":[{"children":[],"code":null,"level":"help","message":"if this is intentional, prefix it with an underscore","rendered":null,"spans":[{"byte_end":3455,"byte_start":3441,"column_end":19,"column_start":5,"expansion":null,"file_name":"gameplay_sim/src/setup/unified_vehicles.rs","is_primary":true,"label":null,"line_end":92,"line_start":92,"suggested_replacement":"_entity_factory","suggestion_applicability":"MaybeIncorrect","text":[{"highlight_end":19,"highlight_start":5,"text":"    entity_factory: &mut UnifiedEntityFactory,"}]}]}],"code":{"code":"unused_variables","explanation":null},"level":"warning","message":"unused variable: `entity_factory`","spans":[{"byte_end":3455,"byte_start":3441,"column_end":19,"column_start":5,"expansion":null,"file_name":"gameplay_sim/src/setup/unified_vehicles.rs","is_primary":true,"label":null,"line_end":92,"line_start":92,"suggested_replacement":null,"suggestion_applicability":null,"text":[{"highlight_end":19,"highlight_start":5,"text":"    entity_factory: &mut UnifiedEntityFactory,"}]}]}}
{"reason":"compiler-message","package_id":"path+file:///Users/bradyjeong/Documents/Projects/Amp/gta4/gta_game/gameplay_sim#0.1.0","manifest_path":"/Users/bradyjeong/Documents/Projects/Amp/gta4/gta_game/gameplay_sim/Cargo.toml","target":{"kind":["lib"],"crate_types":["lib"],"name":"gameplay_sim","src_path":"/Users/bradyjeong/Documents/Projects/Amp/gta4/gta_game/gameplay_sim/src/lib.rs","edition":"2021","doc":true,"doctest":true,"test":true},"message":{"rendered":"warning: unused variable: `entity_factory`\n  --> gameplay_sim/src/setup/unified_vehicles.rs:92:5\n   |\n92 |     entity_factory: &mut UnifiedEntityFactory,\n   |     ^^^^^^^^^^^^^^ help: if this is intentional, prefix it with an underscore: `_entity_factory`\n\n","$message_type":"diagnostic","children":[{"children":[],"code":null,"level":"help","message":"if this is intentional, prefix it with an underscore","rendered":null,"spans":[{"byte_end":3455,"byte_start":3441,"column_end":19,"column_start":5,"expansion":null,"file_name":"gameplay_sim/src/setup/unified_vehicles.rs","is_primary":true,"label":null,"line_end":92,"line_start":92,"suggested_replacement":"_entity_factory","suggestion_applicability":"MaybeIncorrect","text":[{"highlight_end":19,"highlight_start":5,"text":"    entity_factory: &mut UnifiedEntityFactory,"}]}]}],"code":{"code":"unused_variables","explanation":null},"level":"warning","message":"unused variable: `entity_factory`","spans":[{"byte_end":3455,"byte_start":3441,"column_end":19,"column_start":5,"expansion":null,"file_name":"gameplay_sim/src/setup/unified_vehicles.rs","is_primary":true,"label":null,"line_end":92,"line_start":92,"suggested_replacement":null,"suggestion_applicability":null,"text":[{"highlight_end":19,"highlight_start":5,"text":"    entity_factory: &mut UnifiedEntityFactory,"}]}]}}
{"reason":"compiler-message","package_id":"path+file:///Users/bradyjeong/Documents/Projects/Amp/gta4/gta_game/gameplay_sim#0.1.0","manifest_path":"/Users/bradyjeong/Documents/Projects/Amp/gta4/gta_game/gameplay_sim/Cargo.toml","target":{"kind":["lib"],"crate_types":["lib"],"name":"gameplay_sim","src_path":"/Users/bradyjeong/Documents/Projects/Amp/gta4/gta_game/gameplay_sim/src/lib.rs","edition":"2021","doc":true,"doctest":true,"test":true},"message":{"rendered":"warning: unused variable: `entity_factory`\n   --> gameplay_sim/src/setup/unified_vehicles.rs:205:5\n    |\n205 |     entity_factory: &mut UnifiedEntityFactory,\n    |     ^^^^^^^^^^^^^^ help: if this is intentional, prefix it with an underscore: `_entity_factory`\n\n","$message_type":"diagnostic","children":[{"children":[],"code":null,"level":"help","message":"if this is intentional, prefix it with an underscore","rendered":null,"spans":[{"byte_end":8527,"byte_start":8513,"column_end":19,"column_start":5,"expansion":null,"file_name":"gameplay_sim/src/setup/unified_vehicles.rs","is_primary":true,"label":null,"line_end":205,"line_start":205,"suggested_replacement":"_entity_factory","suggestion_applicability":"MaybeIncorrect","text":[{"highlight_end":19,"highlight_start":5,"text":"    entity_factory: &mut UnifiedEntityFactory,"}]}]}],"code":{"code":"unused_variables","explanation":null},"level":"warning","message":"unused variable: `entity_factory`","spans":[{"byte_end":8527,"byte_start":8513,"column_end":19,"column_start":5,"expansion":null,"file_name":"gameplay_sim/src/setup/unified_vehicles.rs","is_primary":true,"label":null,"line_end":205,"line_start":205,"suggested_replacement":null,"suggestion_applicability":null,"text":[{"highlight_end":19,"highlight_start":5,"text":"    entity_factory: &mut UnifiedEntityFactory,"}]}]}}
{"reason":"compiler-message","package_id":"path+file:///Users/bradyjeong/Documents/Projects/Amp/gta4/gta_game/gameplay_sim#0.1.0","manifest_path":"/Users/bradyjeong/Documents/Projects/Amp/gta4/gta_game/gameplay_sim/Cargo.toml","target":{"kind":["lib"],"crate_types":["lib"],"name":"gameplay_sim","src_path":"/Users/bradyjeong/Documents/Projects/Amp/gta4/gta_game/gameplay_sim/src/lib.rs","edition":"2021","doc":true,"doctest":true,"test":true},"message":{"rendered":"warning: unused variable: `entity_factory`\n   --> gameplay_sim/src/setup/unified_vehicles.rs:205:5\n    |\n205 |     entity_factory: &mut UnifiedEntityFactory,\n    |     ^^^^^^^^^^^^^^ help: if this is intentional, prefix it with an underscore: `_entity_factory`\n\n","$message_type":"diagnostic","children":[{"children":[],"code":null,"level":"help","message":"if this is intentional, prefix it with an underscore","rendered":null,"spans":[{"byte_end":8527,"byte_start":8513,"column_end":19,"column_start":5,"expansion":null,"file_name":"gameplay_sim/src/setup/unified_vehicles.rs","is_primary":true,"label":null,"line_end":205,"line_start":205,"suggested_replacement":"_entity_factory","suggestion_applicability":"MaybeIncorrect","text":[{"highlight_end":19,"highlight_start":5,"text":"    entity_factory: &mut UnifiedEntityFactory,"}]}]}],"code":{"code":"unused_variables","explanation":null},"level":"warning","message":"unused variable: `entity_factory`","spans":[{"byte_end":8527,"byte_start":8513,"column_end":19,"column_start":5,"expansion":null,"file_name":"gameplay_sim/src/setup/unified_vehicles.rs","is_primary":true,"label":null,"line_end":205,"line_start":205,"suggested_replacement":null,"suggestion_applicability":null,"text":[{"highlight_end":19,"highlight_start":5,"text":"    entity_factory: &mut UnifiedEntityFactory,"}]}]}}
{"reason":"compiler-message","package_id":"path+file:///Users/bradyjeong/Documents/Projects/Amp/gta4/gta_game/gameplay_sim#0.1.0","manifest_path":"/Users/bradyjeong/Documents/Projects/Amp/gta4/gta_game/gameplay_sim/Cargo.toml","target":{"kind":["lib"],"crate_types":["lib"],"name":"gameplay_sim","src_path":"/Users/bradyjeong/Documents/Projects/Amp/gta4/gta_game/gameplay_sim/src/lib.rs","edition":"2021","doc":true,"doctest":true,"test":true},"message":{"rendered":"warning: unused variable: `entity_factory`\n   --> gameplay_sim/src/setup/unified_vehicles.rs:316:5\n    |\n316 |     entity_factory: &mut UnifiedEntityFactory,\n    |     ^^^^^^^^^^^^^^ help: if this is intentional, prefix it with an underscore: `_entity_factory`\n\n","$message_type":"diagnostic","children":[{"children":[],"code":null,"level":"help","message":"if this is intentional, prefix it with an underscore","rendered":null,"spans":[{"byte_end":13341,"byte_start":13327,"column_end":19,"column_start":5,"expansion":null,"file_name":"gameplay_sim/src/setup/unified_vehicles.rs","is_primary":true,"label":null,"line_end":316,"line_start":316,"suggested_replacement":"_entity_factory","suggestion_applicability":"MaybeIncorrect","text":[{"highlight_end":19,"highlight_start":5,"text":"    entity_factory: &mut UnifiedEntityFactory,"}]}]}],"code":{"code":"unused_variables","explanation":null},"level":"warning","message":"unused variable: `entity_factory`","spans":[{"byte_end":13341,"byte_start":13327,"column_end":19,"column_start":5,"expansion":null,"file_name":"gameplay_sim/src/setup/unified_vehicles.rs","is_primary":true,"label":null,"line_end":316,"line_start":316,"suggested_replacement":null,"suggestion_applicability":null,"text":[{"highlight_end":19,"highlight_start":5,"text":"    entity_factory: &mut UnifiedEntityFactory,"}]}]}}
{"reason":"compiler-message","package_id":"path+file:///Users/bradyjeong/Documents/Projects/Amp/gta4/gta_game/gameplay_sim#0.1.0","manifest_path":"/Users/bradyjeong/Documents/Projects/Amp/gta4/gta_game/gameplay_sim/Cargo.toml","target":{"kind":["lib"],"crate_types":["lib"],"name":"gameplay_sim","src_path":"/Users/bradyjeong/Documents/Projects/Amp/gta4/gta_game/gameplay_sim/src/lib.rs","edition":"2021","doc":true,"doctest":true,"test":true},"message":{"rendered":"warning: unused variable: `entity_factory`\n   --> gameplay_sim/src/setup/unified_vehicles.rs:316:5\n    |\n316 |     entity_factory: &mut UnifiedEntityFactory,\n    |     ^^^^^^^^^^^^^^ help: if this is intentional, prefix it with an underscore: `_entity_factory`\n\n","$message_type":"diagnostic","children":[{"children":[],"code":null,"level":"help","message":"if this is intentional, prefix it with an underscore","rendered":null,"spans":[{"byte_end":13341,"byte_start":13327,"column_end":19,"column_start":5,"expansion":null,"file_name":"gameplay_sim/src/setup/unified_vehicles.rs","is_primary":true,"label":null,"line_end":316,"line_start":316,"suggested_replacement":"_entity_factory","suggestion_applicability":"MaybeIncorrect","text":[{"highlight_end":19,"highlight_start":5,"text":"    entity_factory: &mut UnifiedEntityFactory,"}]}]}],"code":{"code":"unused_variables","explanation":null},"level":"warning","message":"unused variable: `entity_factory`","spans":[{"byte_end":13341,"byte_start":13327,"column_end":19,"column_start":5,"expansion":null,"file_name":"gameplay_sim/src/setup/unified_vehicles.rs","is_primary":true,"label":null,"line_end":316,"line_start":316,"suggested_replacement":null,"suggestion_applicability":null,"text":[{"highlight_end":19,"highlight_start":5,"text":"    entity_factory: &mut UnifiedEntityFactory,"}]}]}}
{"reason":"compiler-message","package_id":"path+file:///Users/bradyjeong/Documents/Projects/Amp/gta4/gta_game/gameplay_sim#0.1.0","manifest_path":"/Users/bradyjeong/Documents/Projects/Amp/gta4/gta_game/gameplay_sim/Cargo.toml","target":{"kind":["lib"],"crate_types":["lib"],"name":"gameplay_sim","src_path":"/Users/bradyjeong/Documents/Projects/Amp/gta4/gta_game/gameplay_sim/src/lib.rs","edition":"2021","doc":true,"doctest":true,"test":true},"message":{"rendered":"warning: variable does not need to be mutable\n  --> gameplay_sim/src/bevy16_compat.rs:14:13\n   |\n14 |         let mut mesh = Mesh::new(PrimitiveTopology::TriangleList, bevy::render::render_asset::RenderAssetUsages::default());\n   |             ----^^^^\n   |             |\n   |             help: remove this `mut`\n   |\n   = note: `#[warn(unused_mut)]` on by default\n\n","$message_type":"diagnostic","children":[{"children":[],"code":null,"level":"note","message":"`#[warn(unused_mut)]` on by default","rendered":null,"spans":[]},{"children":[],"code":null,"level":"help","message":"remove this `mut`","rendered":null,"spans":[{"byte_end":399,"byte_start":395,"column_end":17,"column_start":13,"expansion":null,"file_name":"gameplay_sim/src/bevy16_compat.rs","is_primary":true,"label":null,"line_end":14,"line_start":14,"suggested_replacement":"","suggestion_applicability":"MachineApplicable","text":[{"highlight_end":17,"highlight_start":13,"text":"        let mut mesh = Mesh::new(PrimitiveTopology::TriangleList, bevy::render::render_asset::RenderAssetUsages::default());"}]}]}],"code":{"code":"unused_mut","explanation":null},"level":"warning","message":"variable does not need to be mutable","spans":[{"byte_end":403,"byte_start":395,"column_end":21,"column_start":13,"expansion":null,"file_name":"gameplay_sim/src/bevy16_compat.rs","is_primary":true,"label":null,"line_end":14,"line_start":14,"suggested_replacement":null,"suggestion_applicability":null,"text":[{"highlight_end":21,"highlight_start":13,"text":"        let mut mesh = Mesh::new(PrimitiveTopology::TriangleList, bevy::render::render_asset::RenderAssetUsages::default());"}]}]}}
{"reason":"compiler-message","package_id":"path+file:///Users/bradyjeong/Documents/Projects/Amp/gta4/gta_game/gameplay_sim#0.1.0","manifest_path":"/Users/bradyjeong/Documents/Projects/Amp/gta4/gta_game/gameplay_sim/Cargo.toml","target":{"kind":["lib"],"crate_types":["lib"],"name":"gameplay_sim","src_path":"/Users/bradyjeong/Documents/Projects/Amp/gta4/gta_game/gameplay_sim/src/lib.rs","edition":"2021","doc":true,"doctest":true,"test":true},"message":{"rendered":"warning: variable does not need to be mutable\n  --> gameplay_sim/src/bevy16_compat.rs:14:13\n   |\n14 |         let mut mesh = Mesh::new(PrimitiveTopology::TriangleList, bevy::render::render_asset::RenderAssetUsages::default());\n   |             ----^^^^\n   |             |\n   |             help: remove this `mut`\n   |\n   = note: `#[warn(unused_mut)]` on by default\n\n","$message_type":"diagnostic","children":[{"children":[],"code":null,"level":"note","message":"`#[warn(unused_mut)]` on by default","rendered":null,"spans":[]},{"children":[],"code":null,"level":"help","message":"remove this `mut`","rendered":null,"spans":[{"byte_end":399,"byte_start":395,"column_end":17,"column_start":13,"expansion":null,"file_name":"gameplay_sim/src/bevy16_compat.rs","is_primary":true,"label":null,"line_end":14,"line_start":14,"suggested_replacement":"","suggestion_applicability":"MachineApplicable","text":[{"highlight_end":17,"highlight_start":13,"text":"        let mut mesh = Mesh::new(PrimitiveTopology::TriangleList, bevy::render::render_asset::RenderAssetUsages::default());"}]}]}],"code":{"code":"unused_mut","explanation":null},"level":"warning","message":"variable does not need to be mutable","spans":[{"byte_end":403,"byte_start":395,"column_end":21,"column_start":13,"expansion":null,"file_name":"gameplay_sim/src/bevy16_compat.rs","is_primary":true,"label":null,"line_end":14,"line_start":14,"suggested_replacement":null,"suggestion_applicability":null,"text":[{"highlight_end":21,"highlight_start":13,"text":"        let mut mesh = Mesh::new(PrimitiveTopology::TriangleList, bevy::render::render_asset::RenderAssetUsages::default());"}]}]}}
{"reason":"compiler-message","package_id":"path+file:///Users/bradyjeong/Documents/Projects/Amp/gta4/gta_game/gameplay_sim#0.1.0","manifest_path":"/Users/bradyjeong/Documents/Projects/Amp/gta4/gta_game/gameplay_sim/Cargo.toml","target":{"kind":["lib"],"crate_types":["lib"],"name":"gameplay_sim","src_path":"/Users/bradyjeong/Documents/Projects/Amp/gta4/gta_game/gameplay_sim/src/lib.rs","edition":"2021","doc":true,"doctest":true,"test":true},"message":{"rendered":"warning: variable does not need to be mutable\n   --> gameplay_sim/src/systems/human_behavior.rs:111:10\n    |\n111 |     for (mut behavior, mut animation) in behavior_query.iter_mut() {\n    |          ----^^^^^^^^\n    |          |\n    |          help: remove this `mut`\n\n","$message_type":"diagnostic","children":[{"children":[],"code":null,"level":"help","message":"remove this `mut`","rendered":null,"spans":[{"byte_end":3320,"byte_start":3316,"column_end":14,"column_start":10,"expansion":null,"file_name":"gameplay_sim/src/systems/human_behavior.rs","is_primary":true,"label":null,"line_end":111,"line_start":111,"suggested_replacement":"","suggestion_applicability":"MachineApplicable","text":[{"highlight_end":14,"highlight_start":10,"text":"    for (mut behavior, mut animation) in behavior_query.iter_mut() {"}]}]}],"code":{"code":"unused_mut","explanation":null},"level":"warning","message":"variable does not need to be mutable","spans":[{"byte_end":3328,"byte_start":3316,"column_end":22,"column_start":10,"expansion":null,"file_name":"gameplay_sim/src/systems/human_behavior.rs","is_primary":true,"label":null,"line_end":111,"line_start":111,"suggested_replacement":null,"suggestion_applicability":null,"text":[{"highlight_end":22,"highlight_start":10,"text":"    for (mut behavior, mut animation) in behavior_query.iter_mut() {"}]}]}}
{"reason":"compiler-message","package_id":"path+file:///Users/bradyjeong/Documents/Projects/Amp/gta4/gta_game/gameplay_sim#0.1.0","manifest_path":"/Users/bradyjeong/Documents/Projects/Amp/gta4/gta_game/gameplay_sim/Cargo.toml","target":{"kind":["lib"],"crate_types":["lib"],"name":"gameplay_sim","src_path":"/Users/bradyjeong/Documents/Projects/Amp/gta4/gta_game/gameplay_sim/src/lib.rs","edition":"2021","doc":true,"doctest":true,"test":true},"message":{"rendered":"warning: variable does not need to be mutable\n   --> gameplay_sim/src/systems/human_behavior.rs:111:10\n    |\n111 |     for (mut behavior, mut animation) in behavior_query.iter_mut() {\n    |          ----^^^^^^^^\n    |          |\n    |          help: remove this `mut`\n\n","$message_type":"diagnostic","children":[{"children":[],"code":null,"level":"help","message":"remove this `mut`","rendered":null,"spans":[{"byte_end":3320,"byte_start":3316,"column_end":14,"column_start":10,"expansion":null,"file_name":"gameplay_sim/src/systems/human_behavior.rs","is_primary":true,"label":null,"line_end":111,"line_start":111,"suggested_replacement":"","suggestion_applicability":"MachineApplicable","text":[{"highlight_end":14,"highlight_start":10,"text":"    for (mut behavior, mut animation) in behavior_query.iter_mut() {"}]}]}],"code":{"code":"unused_mut","explanation":null},"level":"warning","message":"variable does not need to be mutable","spans":[{"byte_end":3328,"byte_start":3316,"column_end":22,"column_start":10,"expansion":null,"file_name":"gameplay_sim/src/systems/human_behavior.rs","is_primary":true,"label":null,"line_end":111,"line_start":111,"suggested_replacement":null,"suggestion_applicability":null,"text":[{"highlight_end":22,"highlight_start":10,"text":"    for (mut behavior, mut animation) in behavior_query.iter_mut() {"}]}]}}
{"reason":"compiler-message","package_id":"path+file:///Users/bradyjeong/Documents/Projects/Amp/gta4/gta_game/gameplay_sim#0.1.0","manifest_path":"/Users/bradyjeong/Documents/Projects/Amp/gta4/gta_game/gameplay_sim/Cargo.toml","target":{"kind":["lib"],"crate_types":["lib"],"name":"gameplay_sim","src_path":"/Users/bradyjeong/Documents/Projects/Amp/gta4/gta_game/gameplay_sim/src/lib.rs","edition":"2021","doc":true,"doctest":true,"test":true},"message":{"rendered":"warning: unreachable pattern\n   --> gameplay_sim/src/systems/input/input_manager.rs:117:13\n    |\n117 |             _ => {}\n    |             ^ no value can reach this\n    |\nnote: multiple earlier patterns match some of the same values\n   --> gameplay_sim/src/systems/input/input_manager.rs:117:13\n    |\n90  |             GameState::Walking => {\n    |             ------------------ matches some of the same values\n...\n101 |             GameState::Driving => {\n    |             ------------------ matches some of the same values\n...\n104 |             GameState::Flying => {\n    |             ----------------- matches some of the same values\n...\n108 |             GameState::Jetting => {\n    |             ------------------ matches some of the same values\n...\n117 |             _ => {}\n    |             ^ collectively making this unreachable\n    = note: `#[warn(unreachable_patterns)]` on by default\n\n","$message_type":"diagnostic","children":[{"children":[],"code":null,"level":"note","message":"multiple earlier patterns match some of the same values","rendered":null,"spans":[{"byte_end":3446,"byte_start":3428,"column_end":31,"column_start":13,"expansion":null,"file_name":"gameplay_sim/src/systems/input/input_manager.rs","is_primary":false,"label":"matches some of the same values","line_end":90,"line_start":90,"suggested_replacement":null,"suggestion_applicability":null,"text":[{"highlight_end":31,"highlight_start":13,"text":"            GameState::Walking => {"}]},{"byte_end":4222,"byte_start":4204,"column_end":31,"column_start":13,"expansion":null,"file_name":"gameplay_sim/src/systems/input/input_manager.rs","is_primary":false,"label":"matches some of the same values","line_end":101,"line_start":101,"suggested_replacement":null,"suggestion_applicability":null,"text":[{"highlight_end":31,"highlight_start":13,"text":"            GameState::Driving => {"}]},{"byte_end":4367,"byte_start":4350,"column_end":30,"column_start":13,"expansion":null,"file_name":"gameplay_sim/src/systems/input/input_manager.rs","is_primary":false,"label":"matches some of the same values","line_end":104,"line_start":104,"suggested_replacement":null,"suggestion_applicability":null,"text":[{"highlight_end":30,"highlight_start":13,"text":"            GameState::Flying => {"}]},{"byte_end":4631,"byte_start":4613,"column_end":31,"column_start":13,"expansion":null,"file_name":"gameplay_sim/src/systems/input/input_manager.rs","is_primary":false,"label":"matches some of the same values","line_end":108,"line_start":108,"suggested_replacement":null,"suggestion_applicability":null,"text":[{"highlight_end":31,"highlight_start":13,"text":"            GameState::Jetting => {"}]},{"byte_end":5501,"byte_start":5500,"column_end":14,"column_start":13,"expansion":null,"file_name":"gameplay_sim/src/systems/input/input_manager.rs","is_primary":true,"label":"collectively making this unreachable","line_end":117,"line_start":117,"suggested_replacement":null,"suggestion_applicability":null,"text":[{"highlight_end":14,"highlight_start":13,"text":"            _ => {}"}]}]},{"children":[],"code":null,"level":"note","message":"`#[warn(unreachable_patterns)]` on by default","rendered":null,"spans":[]}],"code":{"code":"unreachable_patterns","explanation":null},"level":"warning","message":"unreachable pattern","spans":[{"byte_end":5501,"byte_start":5500,"column_end":14,"column_start":13,"expansion":null,"file_name":"gameplay_sim/src/systems/input/input_manager.rs","is_primary":true,"label":"no value can reach this","line_end":117,"line_start":117,"suggested_replacement":null,"suggestion_applicability":null,"text":[{"highlight_end":14,"highlight_start":13,"text":"            _ => {}"}]}]}}
{"reason":"compiler-message","package_id":"path+file:///Users/bradyjeong/Documents/Projects/Amp/gta4/gta_game/gameplay_sim#0.1.0","manifest_path":"/Users/bradyjeong/Documents/Projects/Amp/gta4/gta_game/gameplay_sim/Cargo.toml","target":{"kind":["lib"],"crate_types":["lib"],"name":"gameplay_sim","src_path":"/Users/bradyjeong/Documents/Projects/Amp/gta4/gta_game/gameplay_sim/src/lib.rs","edition":"2021","doc":true,"doctest":true,"test":true},"message":{"rendered":"warning: unreachable pattern\n   --> gameplay_sim/src/systems/input/input_manager.rs:117:13\n    |\n117 |             _ => {}\n    |             ^ no value can reach this\n    |\nnote: multiple earlier patterns match some of the same values\n   --> gameplay_sim/src/systems/input/input_manager.rs:117:13\n    |\n90  |             GameState::Walking => {\n    |             ------------------ matches some of the same values\n...\n101 |             GameState::Driving => {\n    |             ------------------ matches some of the same values\n...\n104 |             GameState::Flying => {\n    |             ----------------- matches some of the same values\n...\n108 |             GameState::Jetting => {\n    |             ------------------ matches some of the same values\n...\n117 |             _ => {}\n    |             ^ collectively making this unreachable\n    = note: `#[warn(unreachable_patterns)]` on by default\n\n","$message_type":"diagnostic","children":[{"children":[],"code":null,"level":"note","message":"multiple earlier patterns match some of the same values","rendered":null,"spans":[{"byte_end":3446,"byte_start":3428,"column_end":31,"column_start":13,"expansion":null,"file_name":"gameplay_sim/src/systems/input/input_manager.rs","is_primary":false,"label":"matches some of the same values","line_end":90,"line_start":90,"suggested_replacement":null,"suggestion_applicability":null,"text":[{"highlight_end":31,"highlight_start":13,"text":"            GameState::Walking => {"}]},{"byte_end":4222,"byte_start":4204,"column_end":31,"column_start":13,"expansion":null,"file_name":"gameplay_sim/src/systems/input/input_manager.rs","is_primary":false,"label":"matches some of the same values","line_end":101,"line_start":101,"suggested_replacement":null,"suggestion_applicability":null,"text":[{"highlight_end":31,"highlight_start":13,"text":"            GameState::Driving => {"}]},{"byte_end":4367,"byte_start":4350,"column_end":30,"column_start":13,"expansion":null,"file_name":"gameplay_sim/src/systems/input/input_manager.rs","is_primary":false,"label":"matches some of the same values","line_end":104,"line_start":104,"suggested_replacement":null,"suggestion_applicability":null,"text":[{"highlight_end":30,"highlight_start":13,"text":"            GameState::Flying => {"}]},{"byte_end":4631,"byte_start":4613,"column_end":31,"column_start":13,"expansion":null,"file_name":"gameplay_sim/src/systems/input/input_manager.rs","is_primary":false,"label":"matches some of the same values","line_end":108,"line_start":108,"suggested_replacement":null,"suggestion_applicability":null,"text":[{"highlight_end":31,"highlight_start":13,"text":"            GameState::Jetting => {"}]},{"byte_end":5501,"byte_start":5500,"column_end":14,"column_start":13,"expansion":null,"file_name":"gameplay_sim/src/systems/input/input_manager.rs","is_primary":true,"label":"collectively making this unreachable","line_end":117,"line_start":117,"suggested_replacement":null,"suggestion_applicability":null,"text":[{"highlight_end":14,"highlight_start":13,"text":"            _ => {}"}]}]},{"children":[],"code":null,"level":"note","message":"`#[warn(unreachable_patterns)]` on by default","rendered":null,"spans":[]}],"code":{"code":"unreachable_patterns","explanation":null},"level":"warning","message":"unreachable pattern","spans":[{"byte_end":5501,"byte_start":5500,"column_end":14,"column_start":13,"expansion":null,"file_name":"gameplay_sim/src/systems/input/input_manager.rs","is_primary":true,"label":"no value can reach this","line_end":117,"line_start":117,"suggested_replacement":null,"suggestion_applicability":null,"text":[{"highlight_end":14,"highlight_start":13,"text":"            _ => {}"}]}]}}
{"reason":"compiler-message","package_id":"path+file:///Users/bradyjeong/Documents/Projects/Amp/gta4/gta_game/gameplay_sim#0.1.0","manifest_path":"/Users/bradyjeong/Documents/Projects/Amp/gta4/gta_game/gameplay_sim/Cargo.toml","target":{"kind":["lib"],"crate_types":["lib"],"name":"gameplay_sim","src_path":"/Users/bradyjeong/Documents/Projects/Amp/gta4/gta_game/gameplay_sim/src/lib.rs","edition":"2021","doc":true,"doctest":true,"test":true},"message":{"rendered":"warning: unreachable pattern\n   --> gameplay_sim/src/systems/input/input_manager.rs:264:9\n    |\n264 |         _ => {}\n    |         ^ no value can reach this\n    |\nnote: multiple earlier patterns match some of the same values\n   --> gameplay_sim/src/systems/input/input_manager.rs:264:9\n    |\n237 |         GameState::Walking => {\n    |         ------------------ matches some of the same values\n...\n244 |         GameState::Driving => {\n    |         ------------------ matches some of the same values\n...\n247 |         GameState::Flying => {\n    |         ----------------- matches some of the same values\n...\n251 |         GameState::Jetting => {\n    |         ------------------ matches some of the same values\n...\n264 |         _ => {}\n    |         ^ collectively making this unreachable\n\n","$message_type":"diagnostic","children":[{"children":[],"code":null,"level":"note","message":"multiple earlier patterns match some of the same values","rendered":null,"spans":[{"byte_end":9167,"byte_start":9149,"column_end":27,"column_start":9,"expansion":null,"file_name":"gameplay_sim/src/systems/input/input_manager.rs","is_primary":false,"label":"matches some of the same values","line_end":237,"line_start":237,"suggested_replacement":null,"suggestion_applicability":null,"text":[{"highlight_end":27,"highlight_start":9,"text":"        GameState::Walking => {"}]},{"byte_end":9673,"byte_start":9655,"column_end":27,"column_start":9,"expansion":null,"file_name":"gameplay_sim/src/systems/input/input_manager.rs","is_primary":false,"label":"matches some of the same values","line_end":244,"line_start":244,"suggested_replacement":null,"suggestion_applicability":null,"text":[{"highlight_end":27,"highlight_start":9,"text":"        GameState::Driving => {"}]},{"byte_end":9800,"byte_start":9783,"column_end":26,"column_start":9,"expansion":null,"file_name":"gameplay_sim/src/systems/input/input_manager.rs","is_primary":false,"label":"matches some of the same values","line_end":247,"line_start":247,"suggested_replacement":null,"suggestion_applicability":null,"text":[{"highlight_end":26,"highlight_start":9,"text":"        GameState::Flying => {"}]},{"byte_end":10038,"byte_start":10020,"column_end":27,"column_start":9,"expansion":null,"file_name":"gameplay_sim/src/systems/input/input_manager.rs","is_primary":false,"label":"matches some of the same values","line_end":251,"line_start":251,"suggested_replacement":null,"suggestion_applicability":null,"text":[{"highlight_end":27,"highlight_start":9,"text":"        GameState::Jetting => {"}]},{"byte_end":11065,"byte_start":11064,"column_end":10,"column_start":9,"expansion":null,"file_name":"gameplay_sim/src/systems/input/input_manager.rs","is_primary":true,"label":"collectively making this unreachable","line_end":264,"line_start":264,"suggested_replacement":null,"suggestion_applicability":null,"text":[{"highlight_end":10,"highlight_start":9,"text":"        _ => {}"}]}]}],"code":{"code":"unreachable_patterns","explanation":null},"level":"warning","message":"unreachable pattern","spans":[{"byte_end":11065,"byte_start":11064,"column_end":10,"column_start":9,"expansion":null,"file_name":"gameplay_sim/src/systems/input/input_manager.rs","is_primary":true,"label":"no value can reach this","line_end":264,"line_start":264,"suggested_replacement":null,"suggestion_applicability":null,"text":[{"highlight_end":10,"highlight_start":9,"text":"        _ => {}"}]}]}}
{"reason":"compiler-message","package_id":"path+file:///Users/bradyjeong/Documents/Projects/Amp/gta4/gta_game/gameplay_sim#0.1.0","manifest_path":"/Users/bradyjeong/Documents/Projects/Amp/gta4/gta_game/gameplay_sim/Cargo.toml","target":{"kind":["lib"],"crate_types":["lib"],"name":"gameplay_sim","src_path":"/Users/bradyjeong/Documents/Projects/Amp/gta4/gta_game/gameplay_sim/src/lib.rs","edition":"2021","doc":true,"doctest":true,"test":true},"message":{"rendered":"warning: unreachable pattern\n   --> gameplay_sim/src/systems/input/input_manager.rs:264:9\n    |\n264 |         _ => {}\n    |         ^ no value can reach this\n    |\nnote: multiple earlier patterns match some of the same values\n   --> gameplay_sim/src/systems/input/input_manager.rs:264:9\n    |\n237 |         GameState::Walking => {\n    |         ------------------ matches some of the same values\n...\n244 |         GameState::Driving => {\n    |         ------------------ matches some of the same values\n...\n247 |         GameState::Flying => {\n    |         ----------------- matches some of the same values\n...\n251 |         GameState::Jetting => {\n    |         ------------------ matches some of the same values\n...\n264 |         _ => {}\n    |         ^ collectively making this unreachable\n\n","$message_type":"diagnostic","children":[{"children":[],"code":null,"level":"note","message":"multiple earlier patterns match some of the same values","rendered":null,"spans":[{"byte_end":9167,"byte_start":9149,"column_end":27,"column_start":9,"expansion":null,"file_name":"gameplay_sim/src/systems/input/input_manager.rs","is_primary":false,"label":"matches some of the same values","line_end":237,"line_start":237,"suggested_replacement":null,"suggestion_applicability":null,"text":[{"highlight_end":27,"highlight_start":9,"text":"        GameState::Walking => {"}]},{"byte_end":9673,"byte_start":9655,"column_end":27,"column_start":9,"expansion":null,"file_name":"gameplay_sim/src/systems/input/input_manager.rs","is_primary":false,"label":"matches some of the same values","line_end":244,"line_start":244,"suggested_replacement":null,"suggestion_applicability":null,"text":[{"highlight_end":27,"highlight_start":9,"text":"        GameState::Driving => {"}]},{"byte_end":9800,"byte_start":9783,"column_end":26,"column_start":9,"expansion":null,"file_name":"gameplay_sim/src/systems/input/input_manager.rs","is_primary":false,"label":"matches some of the same values","line_end":247,"line_start":247,"suggested_replacement":null,"suggestion_applicability":null,"text":[{"highlight_end":26,"highlight_start":9,"text":"        GameState::Flying => {"}]},{"byte_end":10038,"byte_start":10020,"column_end":27,"column_start":9,"expansion":null,"file_name":"gameplay_sim/src/systems/input/input_manager.rs","is_primary":false,"label":"matches some of the same values","line_end":251,"line_start":251,"suggested_replacement":null,"suggestion_applicability":null,"text":[{"highlight_end":27,"highlight_start":9,"text":"        GameState::Jetting => {"}]},{"byte_end":11065,"byte_start":11064,"column_end":10,"column_start":9,"expansion":null,"file_name":"gameplay_sim/src/systems/input/input_manager.rs","is_primary":true,"label":"collectively making this unreachable","line_end":264,"line_start":264,"suggested_replacement":null,"suggestion_applicability":null,"text":[{"highlight_end":10,"highlight_start":9,"text":"        _ => {}"}]}]}],"code":{"code":"unreachable_patterns","explanation":null},"level":"warning","message":"unreachable pattern","spans":[{"byte_end":11065,"byte_start":11064,"column_end":10,"column_start":9,"expansion":null,"file_name":"gameplay_sim/src/systems/input/input_manager.rs","is_primary":true,"label":"no value can reach this","line_end":264,"line_start":264,"suggested_replacement":null,"suggestion_applicability":null,"text":[{"highlight_end":10,"highlight_start":9,"text":"        _ => {}"}]}]}}
{"reason":"compiler-message","package_id":"path+file:///Users/bradyjeong/Documents/Projects/Amp/gta4/gta_game/gameplay_sim#0.1.0","manifest_path":"/Users/bradyjeong/Documents/Projects/Amp/gta4/gta_game/gameplay_sim/Cargo.toml","target":{"kind":["lib"],"crate_types":["lib"],"name":"gameplay_sim","src_path":"/Users/bradyjeong/Documents/Projects/Amp/gta4/gta_game/gameplay_sim/src/lib.rs","edition":"2021","doc":true,"doctest":true,"test":true},"message":{"rendered":"warning: variable does not need to be mutable\n   --> gameplay_sim/src/systems/input/control_manager.rs:365:5\n    |\n365 |     mut control_manager: ResMut<ControlManager>,\n    |     ----^^^^^^^^^^^^^^^\n    |     |\n    |     help: remove this `mut`\n\n","$message_type":"diagnostic","children":[{"children":[],"code":null,"level":"help","message":"remove this `mut`","rendered":null,"spans":[{"byte_end":12563,"byte_start":12559,"column_end":9,"column_start":5,"expansion":null,"file_name":"gameplay_sim/src/systems/input/control_manager.rs","is_primary":true,"label":null,"line_end":365,"line_start":365,"suggested_replacement":"","suggestion_applicability":"MachineApplicable","text":[{"highlight_end":9,"highlight_start":5,"text":"    mut control_manager: ResMut<ControlManager>,"}]}]}],"code":{"code":"unused_mut","explanation":null},"level":"warning","message":"variable does not need to be mutable","spans":[{"byte_end":12578,"byte_start":12559,"column_end":24,"column_start":5,"expansion":null,"file_name":"gameplay_sim/src/systems/input/control_manager.rs","is_primary":true,"label":null,"line_end":365,"line_start":365,"suggested_replacement":null,"suggestion_applicability":null,"text":[{"highlight_end":24,"highlight_start":5,"text":"    mut control_manager: ResMut<ControlManager>,"}]}]}}
{"reason":"compiler-message","package_id":"path+file:///Users/bradyjeong/Documents/Projects/Amp/gta4/gta_game/gameplay_sim#0.1.0","manifest_path":"/Users/bradyjeong/Documents/Projects/Amp/gta4/gta_game/gameplay_sim/Cargo.toml","target":{"kind":["lib"],"crate_types":["lib"],"name":"gameplay_sim","src_path":"/Users/bradyjeong/Documents/Projects/Amp/gta4/gta_game/gameplay_sim/src/lib.rs","edition":"2021","doc":true,"doctest":true,"test":true},"message":{"rendered":"warning: unused variable: `transform`\n   --> gameplay_sim/src/systems/input/control_manager.rs:394:18\n    |\n394 |     for (entity, transform) in npc_query.iter() {\n    |                  ^^^^^^^^^ help: if this is intentional, prefix it with an underscore: `_transform`\n\n","$message_type":"diagnostic","children":[{"children":[],"code":null,"level":"help","message":"if this is intentional, prefix it with an underscore","rendered":null,"spans":[{"byte_end":13827,"byte_start":13818,"column_end":27,"column_start":18,"expansion":null,"file_name":"gameplay_sim/src/systems/input/control_manager.rs","is_primary":true,"label":null,"line_end":394,"line_start":394,"suggested_replacement":"_transform","suggestion_applicability":"MaybeIncorrect","text":[{"highlight_end":27,"highlight_start":18,"text":"    for (entity, transform) in npc_query.iter() {"}]}]}],"code":{"code":"unused_variables","explanation":null},"level":"warning","message":"unused variable: `transform`","spans":[{"byte_end":13827,"byte_start":13818,"column_end":27,"column_start":18,"expansion":null,"file_name":"gameplay_sim/src/systems/input/control_manager.rs","is_primary":true,"label":null,"line_end":394,"line_start":394,"suggested_replacement":null,"suggestion_applicability":null,"text":[{"highlight_end":27,"highlight_start":18,"text":"    for (entity, transform) in npc_query.iter() {"}]}]}}
{"reason":"compiler-message","package_id":"path+file:///Users/bradyjeong/Documents/Projects/Amp/gta4/gta_game/gameplay_sim#0.1.0","manifest_path":"/Users/bradyjeong/Documents/Projects/Amp/gta4/gta_game/gameplay_sim/Cargo.toml","target":{"kind":["lib"],"crate_types":["lib"],"name":"gameplay_sim","src_path":"/Users/bradyjeong/Documents/Projects/Amp/gta4/gta_game/gameplay_sim/src/lib.rs","edition":"2021","doc":true,"doctest":true,"test":true},"message":{"rendered":"warning: unused variable: `player_entity`\n  --> gameplay_sim/src/systems/interaction.rs:24:24\n   |\n24 |             if let Ok((player_entity, player_transform)) = player_query.get_single() {\n   |                        ^^^^^^^^^^^^^ help: if this is intentional, prefix it with an underscore: `_player_entity`\n\n","$message_type":"diagnostic","children":[{"children":[],"code":null,"level":"help","message":"if this is intentional, prefix it with an underscore","rendered":null,"spans":[{"byte_end":899,"byte_start":886,"column_end":37,"column_start":24,"expansion":null,"file_name":"gameplay_sim/src/systems/interaction.rs","is_primary":true,"label":null,"line_end":24,"line_start":24,"suggested_replacement":"_player_entity","suggestion_applicability":"MaybeIncorrect","text":[{"highlight_end":37,"highlight_start":24,"text":"            if let Ok((player_entity, player_transform)) = player_query.get_single() {"}]}]}],"code":{"code":"unused_variables","explanation":null},"level":"warning","message":"unused variable: `player_entity`","spans":[{"byte_end":899,"byte_start":886,"column_end":37,"column_start":24,"expansion":null,"file_name":"gameplay_sim/src/systems/interaction.rs","is_primary":true,"label":null,"line_end":24,"line_start":24,"suggested_replacement":null,"suggestion_applicability":null,"text":[{"highlight_end":37,"highlight_start":24,"text":"            if let Ok((player_entity, player_transform)) = player_query.get_single() {"}]}]}}
{"reason":"compiler-message","package_id":"path+file:///Users/bradyjeong/Documents/Projects/Amp/gta4/gta_game/gameplay_sim#0.1.0","manifest_path":"/Users/bradyjeong/Documents/Projects/Amp/gta4/gta_game/gameplay_sim/Cargo.toml","target":{"kind":["lib"],"crate_types":["lib"],"name":"gameplay_sim","src_path":"/Users/bradyjeong/Documents/Projects/Amp/gta4/gta_game/gameplay_sim/src/lib.rs","edition":"2021","doc":true,"doctest":true,"test":true},"message":{"rendered":"warning: unused variable: `player_transform`\n  --> gameplay_sim/src/systems/interaction.rs:66:51\n   |\n66 |                     if let Ok((player_entity, mut player_transform)) = player_query.get_single() {\n   |                                                   ^^^^^^^^^^^^^^^^ help: if this is intentional, prefix it with an underscore: `_player_transform`\n\n","$message_type":"diagnostic","children":[{"children":[],"code":null,"level":"help","message":"if this is intentional, prefix it with an underscore","rendered":null,"spans":[{"byte_end":3019,"byte_start":3003,"column_end":67,"column_start":51,"expansion":null,"file_name":"gameplay_sim/src/systems/interaction.rs","is_primary":true,"label":null,"line_end":66,"line_start":66,"suggested_replacement":"_player_transform","suggestion_applicability":"MaybeIncorrect","text":[{"highlight_end":67,"highlight_start":51,"text":"                    if let Ok((player_entity, mut player_transform)) = player_query.get_single() {"}]}]}],"code":{"code":"unused_variables","explanation":null},"level":"warning","message":"unused variable: `player_transform`","spans":[{"byte_end":3019,"byte_start":3003,"column_end":67,"column_start":51,"expansion":null,"file_name":"gameplay_sim/src/systems/interaction.rs","is_primary":true,"label":null,"line_end":66,"line_start":66,"suggested_replacement":null,"suggestion_applicability":null,"text":[{"highlight_end":67,"highlight_start":51,"text":"                    if let Ok((player_entity, mut player_transform)) = player_query.get_single() {"}]}]}}
{"reason":"compiler-message","package_id":"path+file:///Users/bradyjeong/Documents/Projects/Amp/gta4/gta_game/gameplay_sim#0.1.0","manifest_path":"/Users/bradyjeong/Documents/Projects/Amp/gta4/gta_game/gameplay_sim/Cargo.toml","target":{"kind":["lib"],"crate_types":["lib"],"name":"gameplay_sim","src_path":"/Users/bradyjeong/Documents/Projects/Amp/gta4/gta_game/gameplay_sim/src/lib.rs","edition":"2021","doc":true,"doctest":true,"test":true},"message":{"rendered":"warning: unused variable: `player_transform`\n  --> gameplay_sim/src/systems/interaction.rs:81:51\n   |\n81 |                     if let Ok((player_entity, mut player_transform)) = player_query.get_single() {\n   |                                                   ^^^^^^^^^^^^^^^^ help: if this is intentional, prefix it with an underscore: `_player_transform`\n\n","$message_type":"diagnostic","children":[{"children":[],"code":null,"level":"help","message":"if this is intentional, prefix it with an underscore","rendered":null,"spans":[{"byte_end":3785,"byte_start":3769,"column_end":67,"column_start":51,"expansion":null,"file_name":"gameplay_sim/src/systems/interaction.rs","is_primary":true,"label":null,"line_end":81,"line_start":81,"suggested_replacement":"_player_transform","suggestion_applicability":"MaybeIncorrect","text":[{"highlight_end":67,"highlight_start":51,"text":"                    if let Ok((player_entity, mut player_transform)) = player_query.get_single() {"}]}]}],"code":{"code":"unused_variables","explanation":null},"level":"warning","message":"unused variable: `player_transform`","spans":[{"byte_end":3785,"byte_start":3769,"column_end":67,"column_start":51,"expansion":null,"file_name":"gameplay_sim/src/systems/interaction.rs","is_primary":true,"label":null,"line_end":81,"line_start":81,"suggested_replacement":null,"suggestion_applicability":null,"text":[{"highlight_end":67,"highlight_start":51,"text":"                    if let Ok((player_entity, mut player_transform)) = player_query.get_single() {"}]}]}}
{"reason":"compiler-message","package_id":"path+file:///Users/bradyjeong/Documents/Projects/Amp/gta4/gta_game/gameplay_sim#0.1.0","manifest_path":"/Users/bradyjeong/Documents/Projects/Amp/gta4/gta_game/gameplay_sim/Cargo.toml","target":{"kind":["lib"],"crate_types":["lib"],"name":"gameplay_sim","src_path":"/Users/bradyjeong/Documents/Projects/Amp/gta4/gta_game/gameplay_sim/src/lib.rs","edition":"2021","doc":true,"doctest":true,"test":true},"message":{"rendered":"warning: unused variable: `player_transform`\n  --> gameplay_sim/src/systems/interaction.rs:96:51\n   |\n96 |                     if let Ok((player_entity, mut player_transform)) = player_query.get_single() {\n   |                                                   ^^^^^^^^^^^^^^^^ help: if this is intentional, prefix it with an underscore: `_player_transform`\n\n","$message_type":"diagnostic","children":[{"children":[],"code":null,"level":"help","message":"if this is intentional, prefix it with an underscore","rendered":null,"spans":[{"byte_end":4510,"byte_start":4494,"column_end":67,"column_start":51,"expansion":null,"file_name":"gameplay_sim/src/systems/interaction.rs","is_primary":true,"label":null,"line_end":96,"line_start":96,"suggested_replacement":"_player_transform","suggestion_applicability":"MaybeIncorrect","text":[{"highlight_end":67,"highlight_start":51,"text":"                    if let Ok((player_entity, mut player_transform)) = player_query.get_single() {"}]}]}],"code":{"code":"unused_variables","explanation":null},"level":"warning","message":"unused variable: `player_transform`","spans":[{"byte_end":4510,"byte_start":4494,"column_end":67,"column_start":51,"expansion":null,"file_name":"gameplay_sim/src/systems/interaction.rs","is_primary":true,"label":null,"line_end":96,"line_start":96,"suggested_replacement":null,"suggestion_applicability":null,"text":[{"highlight_end":67,"highlight_start":51,"text":"                    if let Ok((player_entity, mut player_transform)) = player_query.get_single() {"}]}]}}
{"reason":"compiler-message","package_id":"path+file:///Users/bradyjeong/Documents/Projects/Amp/gta4/gta_game/gameplay_sim#0.1.0","manifest_path":"/Users/bradyjeong/Documents/Projects/Amp/gta4/gta_game/gameplay_sim/Cargo.toml","target":{"kind":["lib"],"crate_types":["lib"],"name":"gameplay_sim","src_path":"/Users/bradyjeong/Documents/Projects/Amp/gta4/gta_game/gameplay_sim/src/lib.rs","edition":"2021","doc":true,"doctest":true,"test":true},"message":{"rendered":"warning: variable does not need to be mutable\n   --> gameplay_sim/src/systems/input/control_manager.rs:365:5\n    |\n365 |     mut control_manager: ResMut<ControlManager>,\n    |     ----^^^^^^^^^^^^^^^\n    |     |\n    |     help: remove this `mut`\n\n","$message_type":"diagnostic","children":[{"children":[],"code":null,"level":"help","message":"remove this `mut`","rendered":null,"spans":[{"byte_end":12563,"byte_start":12559,"column_end":9,"column_start":5,"expansion":null,"file_name":"gameplay_sim/src/systems/input/control_manager.rs","is_primary":true,"label":null,"line_end":365,"line_start":365,"suggested_replacement":"","suggestion_applicability":"MachineApplicable","text":[{"highlight_end":9,"highlight_start":5,"text":"    mut control_manager: ResMut<ControlManager>,"}]}]}],"code":{"code":"unused_mut","explanation":null},"level":"warning","message":"variable does not need to be mutable","spans":[{"byte_end":12578,"byte_start":12559,"column_end":24,"column_start":5,"expansion":null,"file_name":"gameplay_sim/src/systems/input/control_manager.rs","is_primary":true,"label":null,"line_end":365,"line_start":365,"suggested_replacement":null,"suggestion_applicability":null,"text":[{"highlight_end":24,"highlight_start":5,"text":"    mut control_manager: ResMut<ControlManager>,"}]}]}}
{"reason":"compiler-message","package_id":"path+file:///Users/bradyjeong/Documents/Projects/Amp/gta4/gta_game/gameplay_sim#0.1.0","manifest_path":"/Users/bradyjeong/Documents/Projects/Amp/gta4/gta_game/gameplay_sim/Cargo.toml","target":{"kind":["lib"],"crate_types":["lib"],"name":"gameplay_sim","src_path":"/Users/bradyjeong/Documents/Projects/Amp/gta4/gta_game/gameplay_sim/src/lib.rs","edition":"2021","doc":true,"doctest":true,"test":true},"message":{"rendered":"warning: unused variable: `transform`\n   --> gameplay_sim/src/systems/input/control_manager.rs:394:18\n    |\n394 |     for (entity, transform) in npc_query.iter() {\n    |                  ^^^^^^^^^ help: if this is intentional, prefix it with an underscore: `_transform`\n\n","$message_type":"diagnostic","children":[{"children":[],"code":null,"level":"help","message":"if this is intentional, prefix it with an underscore","rendered":null,"spans":[{"byte_end":13827,"byte_start":13818,"column_end":27,"column_start":18,"expansion":null,"file_name":"gameplay_sim/src/systems/input/control_manager.rs","is_primary":true,"label":null,"line_end":394,"line_start":394,"suggested_replacement":"_transform","suggestion_applicability":"MaybeIncorrect","text":[{"highlight_end":27,"highlight_start":18,"text":"    for (entity, transform) in npc_query.iter() {"}]}]}],"code":{"code":"unused_variables","explanation":null},"level":"warning","message":"unused variable: `transform`","spans":[{"byte_end":13827,"byte_start":13818,"column_end":27,"column_start":18,"expansion":null,"file_name":"gameplay_sim/src/systems/input/control_manager.rs","is_primary":true,"label":null,"line_end":394,"line_start":394,"suggested_replacement":null,"suggestion_applicability":null,"text":[{"highlight_end":27,"highlight_start":18,"text":"    for (entity, transform) in npc_query.iter() {"}]}]}}
{"reason":"compiler-message","package_id":"path+file:///Users/bradyjeong/Documents/Projects/Amp/gta4/gta_game/gameplay_sim#0.1.0","manifest_path":"/Users/bradyjeong/Documents/Projects/Amp/gta4/gta_game/gameplay_sim/Cargo.toml","target":{"kind":["lib"],"crate_types":["lib"],"name":"gameplay_sim","src_path":"/Users/bradyjeong/Documents/Projects/Amp/gta4/gta_game/gameplay_sim/src/lib.rs","edition":"2021","doc":true,"doctest":true,"test":true},"message":{"rendered":"warning: variable does not need to be mutable\n  --> gameplay_sim/src/systems/interaction.rs:66:47\n   |\n66 |                     if let Ok((player_entity, mut player_transform)) = player_query.get_single() {\n   |                                               ----^^^^^^^^^^^^^^^^\n   |                                               |\n   |                                               help: remove this `mut`\n\n","$message_type":"diagnostic","children":[{"children":[],"code":null,"level":"help","message":"remove this `mut`","rendered":null,"spans":[{"byte_end":3003,"byte_start":2999,"column_end":51,"column_start":47,"expansion":null,"file_name":"gameplay_sim/src/systems/interaction.rs","is_primary":true,"label":null,"line_end":66,"line_start":66,"suggested_replacement":"","suggestion_applicability":"MachineApplicable","text":[{"highlight_end":51,"highlight_start":47,"text":"                    if let Ok((player_entity, mut player_transform)) = player_query.get_single() {"}]}]}],"code":{"code":"unused_mut","explanation":null},"level":"warning","message":"variable does not need to be mutable","spans":[{"byte_end":3019,"byte_start":2999,"column_end":67,"column_start":47,"expansion":null,"file_name":"gameplay_sim/src/systems/interaction.rs","is_primary":true,"label":null,"line_end":66,"line_start":66,"suggested_replacement":null,"suggestion_applicability":null,"text":[{"highlight_end":67,"highlight_start":47,"text":"                    if let Ok((player_entity, mut player_transform)) = player_query.get_single() {"}]}]}}
{"reason":"compiler-message","package_id":"path+file:///Users/bradyjeong/Documents/Projects/Amp/gta4/gta_game/gameplay_sim#0.1.0","manifest_path":"/Users/bradyjeong/Documents/Projects/Amp/gta4/gta_game/gameplay_sim/Cargo.toml","target":{"kind":["lib"],"crate_types":["lib"],"name":"gameplay_sim","src_path":"/Users/bradyjeong/Documents/Projects/Amp/gta4/gta_game/gameplay_sim/src/lib.rs","edition":"2021","doc":true,"doctest":true,"test":true},"message":{"rendered":"warning: variable does not need to be mutable\n  --> gameplay_sim/src/systems/interaction.rs:81:47\n   |\n81 |                     if let Ok((player_entity, mut player_transform)) = player_query.get_single() {\n   |                                               ----^^^^^^^^^^^^^^^^\n   |                                               |\n   |                                               help: remove this `mut`\n\n","$message_type":"diagnostic","children":[{"children":[],"code":null,"level":"help","message":"remove this `mut`","rendered":null,"spans":[{"byte_end":3769,"byte_start":3765,"column_end":51,"column_start":47,"expansion":null,"file_name":"gameplay_sim/src/systems/interaction.rs","is_primary":true,"label":null,"line_end":81,"line_start":81,"suggested_replacement":"","suggestion_applicability":"MachineApplicable","text":[{"highlight_end":51,"highlight_start":47,"text":"                    if let Ok((player_entity, mut player_transform)) = player_query.get_single() {"}]}]}],"code":{"code":"unused_mut","explanation":null},"level":"warning","message":"variable does not need to be mutable","spans":[{"byte_end":3785,"byte_start":3765,"column_end":67,"column_start":47,"expansion":null,"file_name":"gameplay_sim/src/systems/interaction.rs","is_primary":true,"label":null,"line_end":81,"line_start":81,"suggested_replacement":null,"suggestion_applicability":null,"text":[{"highlight_end":67,"highlight_start":47,"text":"                    if let Ok((player_entity, mut player_transform)) = player_query.get_single() {"}]}]}}
{"reason":"compiler-message","package_id":"path+file:///Users/bradyjeong/Documents/Projects/Amp/gta4/gta_game/gameplay_sim#0.1.0","manifest_path":"/Users/bradyjeong/Documents/Projects/Amp/gta4/gta_game/gameplay_sim/Cargo.toml","target":{"kind":["lib"],"crate_types":["lib"],"name":"gameplay_sim","src_path":"/Users/bradyjeong/Documents/Projects/Amp/gta4/gta_game/gameplay_sim/src/lib.rs","edition":"2021","doc":true,"doctest":true,"test":true},"message":{"rendered":"warning: variable does not need to be mutable\n  --> gameplay_sim/src/systems/interaction.rs:96:47\n   |\n96 |                     if let Ok((player_entity, mut player_transform)) = player_query.get_single() {\n   |                                               ----^^^^^^^^^^^^^^^^\n   |                                               |\n   |                                               help: remove this `mut`\n\n","$message_type":"diagnostic","children":[{"children":[],"code":null,"level":"help","message":"remove this `mut`","rendered":null,"spans":[{"byte_end":4494,"byte_start":4490,"column_end":51,"column_start":47,"expansion":null,"file_name":"gameplay_sim/src/systems/interaction.rs","is_primary":true,"label":null,"line_end":96,"line_start":96,"suggested_replacement":"","suggestion_applicability":"MachineApplicable","text":[{"highlight_end":51,"highlight_start":47,"text":"                    if let Ok((player_entity, mut player_transform)) = player_query.get_single() {"}]}]}],"code":{"code":"unused_mut","explanation":null},"level":"warning","message":"variable does not need to be mutable","spans":[{"byte_end":4510,"byte_start":4490,"column_end":67,"column_start":47,"expansion":null,"file_name":"gameplay_sim/src/systems/interaction.rs","is_primary":true,"label":null,"line_end":96,"line_start":96,"suggested_replacement":null,"suggestion_applicability":null,"text":[{"highlight_end":67,"highlight_start":47,"text":"                    if let Ok((player_entity, mut player_transform)) = player_query.get_single() {"}]}]}}
{"reason":"compiler-message","package_id":"path+file:///Users/bradyjeong/Documents/Projects/Amp/gta4/gta_game/gameplay_sim#0.1.0","manifest_path":"/Users/bradyjeong/Documents/Projects/Amp/gta4/gta_game/gameplay_sim/Cargo.toml","target":{"kind":["lib"],"crate_types":["lib"],"name":"gameplay_sim","src_path":"/Users/bradyjeong/Documents/Projects/Amp/gta4/gta_game/gameplay_sim/src/lib.rs","edition":"2021","doc":true,"doctest":true,"test":true},"message":{"rendered":"warning: unused variable: `player_entity`\n  --> gameplay_sim/src/systems/interaction.rs:24:24\n   |\n24 |             if let Ok((player_entity, player_transform)) = player_query.get_single() {\n   |                        ^^^^^^^^^^^^^ help: if this is intentional, prefix it with an underscore: `_player_entity`\n\n","$message_type":"diagnostic","children":[{"children":[],"code":null,"level":"help","message":"if this is intentional, prefix it with an underscore","rendered":null,"spans":[{"byte_end":899,"byte_start":886,"column_end":37,"column_start":24,"expansion":null,"file_name":"gameplay_sim/src/systems/interaction.rs","is_primary":true,"label":null,"line_end":24,"line_start":24,"suggested_replacement":"_player_entity","suggestion_applicability":"MaybeIncorrect","text":[{"highlight_end":37,"highlight_start":24,"text":"            if let Ok((player_entity, player_transform)) = player_query.get_single() {"}]}]}],"code":{"code":"unused_variables","explanation":null},"level":"warning","message":"unused variable: `player_entity`","spans":[{"byte_end":899,"byte_start":886,"column_end":37,"column_start":24,"expansion":null,"file_name":"gameplay_sim/src/systems/interaction.rs","is_primary":true,"label":null,"line_end":24,"line_start":24,"suggested_replacement":null,"suggestion_applicability":null,"text":[{"highlight_end":37,"highlight_start":24,"text":"            if let Ok((player_entity, player_transform)) = player_query.get_single() {"}]}]}}
{"reason":"compiler-message","package_id":"path+file:///Users/bradyjeong/Documents/Projects/Amp/gta4/gta_game/gameplay_sim#0.1.0","manifest_path":"/Users/bradyjeong/Documents/Projects/Amp/gta4/gta_game/gameplay_sim/Cargo.toml","target":{"kind":["lib"],"crate_types":["lib"],"name":"gameplay_sim","src_path":"/Users/bradyjeong/Documents/Projects/Amp/gta4/gta_game/gameplay_sim/src/lib.rs","edition":"2021","doc":true,"doctest":true,"test":true},"message":{"rendered":"warning: unused variable: `player_transform`\n  --> gameplay_sim/src/systems/interaction.rs:66:51\n   |\n66 |                     if let Ok((player_entity, mut player_transform)) = player_query.get_single() {\n   |                                                   ^^^^^^^^^^^^^^^^ help: if this is intentional, prefix it with an underscore: `_player_transform`\n\n","$message_type":"diagnostic","children":[{"children":[],"code":null,"level":"help","message":"if this is intentional, prefix it with an underscore","rendered":null,"spans":[{"byte_end":3019,"byte_start":3003,"column_end":67,"column_start":51,"expansion":null,"file_name":"gameplay_sim/src/systems/interaction.rs","is_primary":true,"label":null,"line_end":66,"line_start":66,"suggested_replacement":"_player_transform","suggestion_applicability":"MaybeIncorrect","text":[{"highlight_end":67,"highlight_start":51,"text":"                    if let Ok((player_entity, mut player_transform)) = player_query.get_single() {"}]}]}],"code":{"code":"unused_variables","explanation":null},"level":"warning","message":"unused variable: `player_transform`","spans":[{"byte_end":3019,"byte_start":3003,"column_end":67,"column_start":51,"expansion":null,"file_name":"gameplay_sim/src/systems/interaction.rs","is_primary":true,"label":null,"line_end":66,"line_start":66,"suggested_replacement":null,"suggestion_applicability":null,"text":[{"highlight_end":67,"highlight_start":51,"text":"                    if let Ok((player_entity, mut player_transform)) = player_query.get_single() {"}]}]}}
{"reason":"compiler-message","package_id":"path+file:///Users/bradyjeong/Documents/Projects/Amp/gta4/gta_game/gameplay_sim#0.1.0","manifest_path":"/Users/bradyjeong/Documents/Projects/Amp/gta4/gta_game/gameplay_sim/Cargo.toml","target":{"kind":["lib"],"crate_types":["lib"],"name":"gameplay_sim","src_path":"/Users/bradyjeong/Documents/Projects/Amp/gta4/gta_game/gameplay_sim/src/lib.rs","edition":"2021","doc":true,"doctest":true,"test":true},"message":{"rendered":"warning: unused variable: `player_transform`\n  --> gameplay_sim/src/systems/interaction.rs:81:51\n   |\n81 |                     if let Ok((player_entity, mut player_transform)) = player_query.get_single() {\n   |                                                   ^^^^^^^^^^^^^^^^ help: if this is intentional, prefix it with an underscore: `_player_transform`\n\n","$message_type":"diagnostic","children":[{"children":[],"code":null,"level":"help","message":"if this is intentional, prefix it with an underscore","rendered":null,"spans":[{"byte_end":3785,"byte_start":3769,"column_end":67,"column_start":51,"expansion":null,"file_name":"gameplay_sim/src/systems/interaction.rs","is_primary":true,"label":null,"line_end":81,"line_start":81,"suggested_replacement":"_player_transform","suggestion_applicability":"MaybeIncorrect","text":[{"highlight_end":67,"highlight_start":51,"text":"                    if let Ok((player_entity, mut player_transform)) = player_query.get_single() {"}]}]}],"code":{"code":"unused_variables","explanation":null},"level":"warning","message":"unused variable: `player_transform`","spans":[{"byte_end":3785,"byte_start":3769,"column_end":67,"column_start":51,"expansion":null,"file_name":"gameplay_sim/src/systems/interaction.rs","is_primary":true,"label":null,"line_end":81,"line_start":81,"suggested_replacement":null,"suggestion_applicability":null,"text":[{"highlight_end":67,"highlight_start":51,"text":"                    if let Ok((player_entity, mut player_transform)) = player_query.get_single() {"}]}]}}
{"reason":"compiler-message","package_id":"path+file:///Users/bradyjeong/Documents/Projects/Amp/gta4/gta_game/gameplay_sim#0.1.0","manifest_path":"/Users/bradyjeong/Documents/Projects/Amp/gta4/gta_game/gameplay_sim/Cargo.toml","target":{"kind":["lib"],"crate_types":["lib"],"name":"gameplay_sim","src_path":"/Users/bradyjeong/Documents/Projects/Amp/gta4/gta_game/gameplay_sim/src/lib.rs","edition":"2021","doc":true,"doctest":true,"test":true},"message":{"rendered":"warning: unused variable: `player_transform`\n  --> gameplay_sim/src/systems/interaction.rs:96:51\n   |\n96 |                     if let Ok((player_entity, mut player_transform)) = player_query.get_single() {\n   |                                                   ^^^^^^^^^^^^^^^^ help: if this is intentional, prefix it with an underscore: `_player_transform`\n\n","$message_type":"diagnostic","children":[{"children":[],"code":null,"level":"help","message":"if this is intentional, prefix it with an underscore","rendered":null,"spans":[{"byte_end":4510,"byte_start":4494,"column_end":67,"column_start":51,"expansion":null,"file_name":"gameplay_sim/src/systems/interaction.rs","is_primary":true,"label":null,"line_end":96,"line_start":96,"suggested_replacement":"_player_transform","suggestion_applicability":"MaybeIncorrect","text":[{"highlight_end":67,"highlight_start":51,"text":"                    if let Ok((player_entity, mut player_transform)) = player_query.get_single() {"}]}]}],"code":{"code":"unused_variables","explanation":null},"level":"warning","message":"unused variable: `player_transform`","spans":[{"byte_end":4510,"byte_start":4494,"column_end":67,"column_start":51,"expansion":null,"file_name":"gameplay_sim/src/systems/interaction.rs","is_primary":true,"label":null,"line_end":96,"line_start":96,"suggested_replacement":null,"suggestion_applicability":null,"text":[{"highlight_end":67,"highlight_start":51,"text":"                    if let Ok((player_entity, mut player_transform)) = player_query.get_single() {"}]}]}}
{"reason":"compiler-message","package_id":"path+file:///Users/bradyjeong/Documents/Projects/Amp/gta4/gta_game/gameplay_sim#0.1.0","manifest_path":"/Users/bradyjeong/Documents/Projects/Amp/gta4/gta_game/gameplay_sim/Cargo.toml","target":{"kind":["lib"],"crate_types":["lib"],"name":"gameplay_sim","src_path":"/Users/bradyjeong/Documents/Projects/Amp/gta4/gta_game/gameplay_sim/src/lib.rs","edition":"2021","doc":true,"doctest":true,"test":true},"message":{"rendered":"warning: value assigned to `target_linear_velocity` is never read\n  --> gameplay_sim/src/systems/movement/player.rs:48:13\n   |\n48 |     let mut target_linear_velocity = Vec3::ZERO;\n   |             ^^^^^^^^^^^^^^^^^^^^^^\n   |\n   = help: maybe it is overwritten before being read?\n\n","$message_type":"diagnostic","children":[{"children":[],"code":null,"level":"help","message":"maybe it is overwritten before being read?","rendered":null,"spans":[]}],"code":{"code":"unused_assignments","explanation":null},"level":"warning","message":"value assigned to `target_linear_velocity` is never read","spans":[{"byte_end":1948,"byte_start":1926,"column_end":35,"column_start":13,"expansion":null,"file_name":"gameplay_sim/src/systems/movement/player.rs","is_primary":true,"label":null,"line_end":48,"line_start":48,"suggested_replacement":null,"suggestion_applicability":null,"text":[{"highlight_end":35,"highlight_start":13,"text":"    let mut target_linear_velocity = Vec3::ZERO;"}]}]}}
{"reason":"compiler-message","package_id":"path+file:///Users/bradyjeong/Documents/Projects/Amp/gta4/gta_game/gameplay_sim#0.1.0","manifest_path":"/Users/bradyjeong/Documents/Projects/Amp/gta4/gta_game/gameplay_sim/Cargo.toml","target":{"kind":["lib"],"crate_types":["lib"],"name":"gameplay_sim","src_path":"/Users/bradyjeong/Documents/Projects/Amp/gta4/gta_game/gameplay_sim/src/lib.rs","edition":"2021","doc":true,"doctest":true,"test":true},"message":{"rendered":"warning: variable does not need to be mutable\n  --> gameplay_sim/src/systems/interaction.rs:66:47\n   |\n66 |                     if let Ok((player_entity, mut player_transform)) = player_query.get_single() {\n   |                                               ----^^^^^^^^^^^^^^^^\n   |                                               |\n   |                                               help: remove this `mut`\n\n","$message_type":"diagnostic","children":[{"children":[],"code":null,"level":"help","message":"remove this `mut`","rendered":null,"spans":[{"byte_end":3003,"byte_start":2999,"column_end":51,"column_start":47,"expansion":null,"file_name":"gameplay_sim/src/systems/interaction.rs","is_primary":true,"label":null,"line_end":66,"line_start":66,"suggested_replacement":"","suggestion_applicability":"MachineApplicable","text":[{"highlight_end":51,"highlight_start":47,"text":"                    if let Ok((player_entity, mut player_transform)) = player_query.get_single() {"}]}]}],"code":{"code":"unused_mut","explanation":null},"level":"warning","message":"variable does not need to be mutable","spans":[{"byte_end":3019,"byte_start":2999,"column_end":67,"column_start":47,"expansion":null,"file_name":"gameplay_sim/src/systems/interaction.rs","is_primary":true,"label":null,"line_end":66,"line_start":66,"suggested_replacement":null,"suggestion_applicability":null,"text":[{"highlight_end":67,"highlight_start":47,"text":"                    if let Ok((player_entity, mut player_transform)) = player_query.get_single() {"}]}]}}
{"reason":"compiler-message","package_id":"path+file:///Users/bradyjeong/Documents/Projects/Amp/gta4/gta_game/gameplay_sim#0.1.0","manifest_path":"/Users/bradyjeong/Documents/Projects/Amp/gta4/gta_game/gameplay_sim/Cargo.toml","target":{"kind":["lib"],"crate_types":["lib"],"name":"gameplay_sim","src_path":"/Users/bradyjeong/Documents/Projects/Amp/gta4/gta_game/gameplay_sim/src/lib.rs","edition":"2021","doc":true,"doctest":true,"test":true},"message":{"rendered":"warning: variable does not need to be mutable\n  --> gameplay_sim/src/systems/interaction.rs:81:47\n   |\n81 |                     if let Ok((player_entity, mut player_transform)) = player_query.get_single() {\n   |                                               ----^^^^^^^^^^^^^^^^\n   |                                               |\n   |                                               help: remove this `mut`\n\n","$message_type":"diagnostic","children":[{"children":[],"code":null,"level":"help","message":"remove this `mut`","rendered":null,"spans":[{"byte_end":3769,"byte_start":3765,"column_end":51,"column_start":47,"expansion":null,"file_name":"gameplay_sim/src/systems/interaction.rs","is_primary":true,"label":null,"line_end":81,"line_start":81,"suggested_replacement":"","suggestion_applicability":"MachineApplicable","text":[{"highlight_end":51,"highlight_start":47,"text":"                    if let Ok((player_entity, mut player_transform)) = player_query.get_single() {"}]}]}],"code":{"code":"unused_mut","explanation":null},"level":"warning","message":"variable does not need to be mutable","spans":[{"byte_end":3785,"byte_start":3765,"column_end":67,"column_start":47,"expansion":null,"file_name":"gameplay_sim/src/systems/interaction.rs","is_primary":true,"label":null,"line_end":81,"line_start":81,"suggested_replacement":null,"suggestion_applicability":null,"text":[{"highlight_end":67,"highlight_start":47,"text":"                    if let Ok((player_entity, mut player_transform)) = player_query.get_single() {"}]}]}}
{"reason":"compiler-message","package_id":"path+file:///Users/bradyjeong/Documents/Projects/Amp/gta4/gta_game/gameplay_sim#0.1.0","manifest_path":"/Users/bradyjeong/Documents/Projects/Amp/gta4/gta_game/gameplay_sim/Cargo.toml","target":{"kind":["lib"],"crate_types":["lib"],"name":"gameplay_sim","src_path":"/Users/bradyjeong/Documents/Projects/Amp/gta4/gta_game/gameplay_sim/src/lib.rs","edition":"2021","doc":true,"doctest":true,"test":true},"message":{"rendered":"warning: variable does not need to be mutable\n  --> gameplay_sim/src/systems/interaction.rs:96:47\n   |\n96 |                     if let Ok((player_entity, mut player_transform)) = player_query.get_single() {\n   |                                               ----^^^^^^^^^^^^^^^^\n   |                                               |\n   |                                               help: remove this `mut`\n\n","$message_type":"diagnostic","children":[{"children":[],"code":null,"level":"help","message":"remove this `mut`","rendered":null,"spans":[{"byte_end":4494,"byte_start":4490,"column_end":51,"column_start":47,"expansion":null,"file_name":"gameplay_sim/src/systems/interaction.rs","is_primary":true,"label":null,"line_end":96,"line_start":96,"suggested_replacement":"","suggestion_applicability":"MachineApplicable","text":[{"highlight_end":51,"highlight_start":47,"text":"                    if let Ok((player_entity, mut player_transform)) = player_query.get_single() {"}]}]}],"code":{"code":"unused_mut","explanation":null},"level":"warning","message":"variable does not need to be mutable","spans":[{"byte_end":4510,"byte_start":4490,"column_end":67,"column_start":47,"expansion":null,"file_name":"gameplay_sim/src/systems/interaction.rs","is_primary":true,"label":null,"line_end":96,"line_start":96,"suggested_replacement":null,"suggestion_applicability":null,"text":[{"highlight_end":67,"highlight_start":47,"text":"                    if let Ok((player_entity, mut player_transform)) = player_query.get_single() {"}]}]}}
{"reason":"compiler-message","package_id":"path+file:///Users/bradyjeong/Documents/Projects/Amp/gta4/gta_game/gameplay_sim#0.1.0","manifest_path":"/Users/bradyjeong/Documents/Projects/Amp/gta4/gta_game/gameplay_sim/Cargo.toml","target":{"kind":["lib"],"crate_types":["lib"],"name":"gameplay_sim","src_path":"/Users/bradyjeong/Documents/Projects/Amp/gta4/gta_game/gameplay_sim/src/lib.rs","edition":"2021","doc":true,"doctest":true,"test":true},"message":{"rendered":"warning: value assigned to `target_linear_velocity` is never read\n  --> gameplay_sim/src/systems/movement/player.rs:48:13\n   |\n48 |     let mut target_linear_velocity = Vec3::ZERO;\n   |             ^^^^^^^^^^^^^^^^^^^^^^\n   |\n   = help: maybe it is overwritten before being read?\n\n","$message_type":"diagnostic","children":[{"children":[],"code":null,"level":"help","message":"maybe it is overwritten before being read?","rendered":null,"spans":[]}],"code":{"code":"unused_assignments","explanation":null},"level":"warning","message":"value assigned to `target_linear_velocity` is never read","spans":[{"byte_end":1948,"byte_start":1926,"column_end":35,"column_start":13,"expansion":null,"file_name":"gameplay_sim/src/systems/movement/player.rs","is_primary":true,"label":null,"line_end":48,"line_start":48,"suggested_replacement":null,"suggestion_applicability":null,"text":[{"highlight_end":35,"highlight_start":13,"text":"    let mut target_linear_velocity = Vec3::ZERO;"}]}]}}
{"reason":"compiler-message","package_id":"path+file:///Users/bradyjeong/Documents/Projects/Amp/gta4/gta_game/gameplay_sim#0.1.0","manifest_path":"/Users/bradyjeong/Documents/Projects/Amp/gta4/gta_game/gameplay_sim/Cargo.toml","target":{"kind":["lib"],"crate_types":["lib"],"name":"gameplay_sim","src_path":"/Users/bradyjeong/Documents/Projects/Amp/gta4/gta_game/gameplay_sim/src/lib.rs","edition":"2021","doc":true,"doctest":true,"test":true},"message":{"rendered":"warning: variable does not need to be mutable\n   --> gameplay_sim/src/systems/world/npc.rs:110:39\n    |\n110 |     for (mut transform, mut velocity, mut npc, cullable) in npc_query.iter_mut() {\n    |                                       ----^^^\n    |                                       |\n    |                                       help: remove this `mut`\n\n","$message_type":"diagnostic","children":[{"children":[],"code":null,"level":"help","message":"remove this `mut`","rendered":null,"spans":[{"byte_end":4744,"byte_start":4740,"column_end":43,"column_start":39,"expansion":null,"file_name":"gameplay_sim/src/systems/world/npc.rs","is_primary":true,"label":null,"line_end":110,"line_start":110,"suggested_replacement":"","suggestion_applicability":"MachineApplicable","text":[{"highlight_end":43,"highlight_start":39,"text":"    for (mut transform, mut velocity, mut npc, cullable) in npc_query.iter_mut() {"}]}]}],"code":{"code":"unused_mut","explanation":null},"level":"warning","message":"variable does not need to be mutable","spans":[{"byte_end":4747,"byte_start":4740,"column_end":46,"column_start":39,"expansion":null,"file_name":"gameplay_sim/src/systems/world/npc.rs","is_primary":true,"label":null,"line_end":110,"line_start":110,"suggested_replacement":null,"suggestion_applicability":null,"text":[{"highlight_end":46,"highlight_start":39,"text":"    for (mut transform, mut velocity, mut npc, cullable) in npc_query.iter_mut() {"}]}]}}
{"reason":"compiler-message","package_id":"path+file:///Users/bradyjeong/Documents/Projects/Amp/gta4/gta_game/gameplay_sim#0.1.0","manifest_path":"/Users/bradyjeong/Documents/Projects/Amp/gta4/gta_game/gameplay_sim/Cargo.toml","target":{"kind":["lib"],"crate_types":["lib"],"name":"gameplay_sim","src_path":"/Users/bradyjeong/Documents/Projects/Amp/gta4/gta_game/gameplay_sim/src/lib.rs","edition":"2021","doc":true,"doctest":true,"test":true},"message":{"rendered":"warning: variable does not need to be mutable\n   --> gameplay_sim/src/systems/world/npc.rs:110:39\n    |\n110 |     for (mut transform, mut velocity, mut npc, cullable) in npc_query.iter_mut() {\n    |                                       ----^^^\n    |                                       |\n    |                                       help: remove this `mut`\n\n","$message_type":"diagnostic","children":[{"children":[],"code":null,"level":"help","message":"remove this `mut`","rendered":null,"spans":[{"byte_end":4744,"byte_start":4740,"column_end":43,"column_start":39,"expansion":null,"file_name":"gameplay_sim/src/systems/world/npc.rs","is_primary":true,"label":null,"line_end":110,"line_start":110,"suggested_replacement":"","suggestion_applicability":"MachineApplicable","text":[{"highlight_end":43,"highlight_start":39,"text":"    for (mut transform, mut velocity, mut npc, cullable) in npc_query.iter_mut() {"}]}]}],"code":{"code":"unused_mut","explanation":null},"level":"warning","message":"variable does not need to be mutable","spans":[{"byte_end":4747,"byte_start":4740,"column_end":46,"column_start":39,"expansion":null,"file_name":"gameplay_sim/src/systems/world/npc.rs","is_primary":true,"label":null,"line_end":110,"line_start":110,"suggested_replacement":null,"suggestion_applicability":null,"text":[{"highlight_end":46,"highlight_start":39,"text":"    for (mut transform, mut velocity, mut npc, cullable) in npc_query.iter_mut() {"}]}]}}
{"reason":"compiler-message","package_id":"path+file:///Users/bradyjeong/Documents/Projects/Amp/gta4/gta_game/gameplay_sim#0.1.0","manifest_path":"/Users/bradyjeong/Documents/Projects/Amp/gta4/gta_game/gameplay_sim/Cargo.toml","target":{"kind":["lib"],"crate_types":["lib"],"name":"gameplay_sim","src_path":"/Users/bradyjeong/Documents/Projects/Amp/gta4/gta_game/gameplay_sim/src/lib.rs","edition":"2021","doc":true,"doctest":true,"test":true},"message":{"rendered":"warning: unused variable: `road_length`\n   --> gameplay_sim/src/systems/world/road_mesh.rs:278:9\n    |\n278 |     let road_length = road.length();\n    |         ^^^^^^^^^^^ help: if this is intentional, prefix it with an underscore: `_road_length`\n\n","$message_type":"diagnostic","children":[{"children":[],"code":null,"level":"help","message":"if this is intentional, prefix it with an underscore","rendered":null,"spans":[{"byte_end":9111,"byte_start":9100,"column_end":20,"column_start":9,"expansion":null,"file_name":"gameplay_sim/src/systems/world/road_mesh.rs","is_primary":true,"label":null,"line_end":278,"line_start":278,"suggested_replacement":"_road_length","suggestion_applicability":"MaybeIncorrect","text":[{"highlight_end":20,"highlight_start":9,"text":"    let road_length = road.length();"}]}]}],"code":{"code":"unused_variables","explanation":null},"level":"warning","message":"unused variable: `road_length`","spans":[{"byte_end":9111,"byte_start":9100,"column_end":20,"column_start":9,"expansion":null,"file_name":"gameplay_sim/src/systems/world/road_mesh.rs","is_primary":true,"label":null,"line_end":278,"line_start":278,"suggested_replacement":null,"suggestion_applicability":null,"text":[{"highlight_end":20,"highlight_start":9,"text":"    let road_length = road.length();"}]}]}}
{"reason":"compiler-message","package_id":"path+file:///Users/bradyjeong/Documents/Projects/Amp/gta4/gta_game/gameplay_sim#0.1.0","manifest_path":"/Users/bradyjeong/Documents/Projects/Amp/gta4/gta_game/gameplay_sim/Cargo.toml","target":{"kind":["lib"],"crate_types":["lib"],"name":"gameplay_sim","src_path":"/Users/bradyjeong/Documents/Projects/Amp/gta4/gta_game/gameplay_sim/src/lib.rs","edition":"2021","doc":true,"doctest":true,"test":true},"message":{"rendered":"warning: unused variable: `road_length`\n   --> gameplay_sim/src/systems/world/road_mesh.rs:278:9\n    |\n278 |     let road_length = road.length();\n    |         ^^^^^^^^^^^ help: if this is intentional, prefix it with an underscore: `_road_length`\n\n","$message_type":"diagnostic","children":[{"children":[],"code":null,"level":"help","message":"if this is intentional, prefix it with an underscore","rendered":null,"spans":[{"byte_end":9111,"byte_start":9100,"column_end":20,"column_start":9,"expansion":null,"file_name":"gameplay_sim/src/systems/world/road_mesh.rs","is_primary":true,"label":null,"line_end":278,"line_start":278,"suggested_replacement":"_road_length","suggestion_applicability":"MaybeIncorrect","text":[{"highlight_end":20,"highlight_start":9,"text":"    let road_length = road.length();"}]}]}],"code":{"code":"unused_variables","explanation":null},"level":"warning","message":"unused variable: `road_length`","spans":[{"byte_end":9111,"byte_start":9100,"column_end":20,"column_start":9,"expansion":null,"file_name":"gameplay_sim/src/systems/world/road_mesh.rs","is_primary":true,"label":null,"line_end":278,"line_start":278,"suggested_replacement":null,"suggestion_applicability":null,"text":[{"highlight_end":20,"highlight_start":9,"text":"    let road_length = road.length();"}]}]}}
{"reason":"compiler-message","package_id":"path+file:///Users/bradyjeong/Documents/Projects/Amp/gta4/gta_game/gameplay_sim#0.1.0","manifest_path":"/Users/bradyjeong/Documents/Projects/Amp/gta4/gta_game/gameplay_sim/Cargo.toml","target":{"kind":["lib"],"crate_types":["lib"],"name":"gameplay_sim","src_path":"/Users/bradyjeong/Documents/Projects/Amp/gta4/gta_game/gameplay_sim/src/lib.rs","edition":"2021","doc":true,"doctest":true,"test":true},"message":{"rendered":"warning: unused variable: `commands`\n  --> gameplay_sim/src/systems/world/layered_generation.rs:48:9\n   |\n48 |     mut commands: Commands,\n   |         ^^^^^^^^ help: if this is intentional, prefix it with an underscore: `_commands`\n\n","$message_type":"diagnostic","children":[{"children":[],"code":null,"level":"help","message":"if this is intentional, prefix it with an underscore","rendered":null,"spans":[{"byte_end":1532,"byte_start":1524,"column_end":17,"column_start":9,"expansion":null,"file_name":"gameplay_sim/src/systems/world/layered_generation.rs","is_primary":true,"label":null,"line_end":48,"line_start":48,"suggested_replacement":"_commands","suggestion_applicability":"MaybeIncorrect","text":[{"highlight_end":17,"highlight_start":9,"text":"    mut commands: Commands,"}]}]}],"code":{"code":"unused_variables","explanation":null},"level":"warning","message":"unused variable: `commands`","spans":[{"byte_end":1532,"byte_start":1524,"column_end":17,"column_start":9,"expansion":null,"file_name":"gameplay_sim/src/systems/world/layered_generation.rs","is_primary":true,"label":null,"line_end":48,"line_start":48,"suggested_replacement":null,"suggestion_applicability":null,"text":[{"highlight_end":17,"highlight_start":9,"text":"    mut commands: Commands,"}]}]}}
{"reason":"compiler-message","package_id":"path+file:///Users/bradyjeong/Documents/Projects/Amp/gta4/gta_game/gameplay_sim#0.1.0","manifest_path":"/Users/bradyjeong/Documents/Projects/Amp/gta4/gta_game/gameplay_sim/Cargo.toml","target":{"kind":["lib"],"crate_types":["lib"],"name":"gameplay_sim","src_path":"/Users/bradyjeong/Documents/Projects/Amp/gta4/gta_game/gameplay_sim/src/lib.rs","edition":"2021","doc":true,"doctest":true,"test":true},"message":{"rendered":"warning: unused variable: `commands`\n  --> gameplay_sim/src/systems/world/layered_generation.rs:48:9\n   |\n48 |     mut commands: Commands,\n   |         ^^^^^^^^ help: if this is intentional, prefix it with an underscore: `_commands`\n\n","$message_type":"diagnostic","children":[{"children":[],"code":null,"level":"help","message":"if this is intentional, prefix it with an underscore","rendered":null,"spans":[{"byte_end":1532,"byte_start":1524,"column_end":17,"column_start":9,"expansion":null,"file_name":"gameplay_sim/src/systems/world/layered_generation.rs","is_primary":true,"label":null,"line_end":48,"line_start":48,"suggested_replacement":"_commands","suggestion_applicability":"MaybeIncorrect","text":[{"highlight_end":17,"highlight_start":9,"text":"    mut commands: Commands,"}]}]}],"code":{"code":"unused_variables","explanation":null},"level":"warning","message":"unused variable: `commands`","spans":[{"byte_end":1532,"byte_start":1524,"column_end":17,"column_start":9,"expansion":null,"file_name":"gameplay_sim/src/systems/world/layered_generation.rs","is_primary":true,"label":null,"line_end":48,"line_start":48,"suggested_replacement":null,"suggestion_applicability":null,"text":[{"highlight_end":17,"highlight_start":9,"text":"    mut commands: Commands,"}]}]}}
{"reason":"compiler-message","package_id":"path+file:///Users/bradyjeong/Documents/Projects/Amp/gta4/gta_game/gameplay_sim#0.1.0","manifest_path":"/Users/bradyjeong/Documents/Projects/Amp/gta4/gta_game/gameplay_sim/Cargo.toml","target":{"kind":["lib"],"crate_types":["lib"],"name":"gameplay_sim","src_path":"/Users/bradyjeong/Documents/Projects/Amp/gta4/gta_game/gameplay_sim/src/lib.rs","edition":"2021","doc":true,"doctest":true,"test":true},"message":{"rendered":"warning: variable does not need to be mutable\n  --> gameplay_sim/src/systems/world/layered_generation.rs:48:5\n   |\n48 |     mut commands: Commands,\n   |     ----^^^^^^^^\n   |     |\n   |     help: remove this `mut`\n\n","$message_type":"diagnostic","children":[{"children":[],"code":null,"level":"help","message":"remove this `mut`","rendered":null,"spans":[{"byte_end":1524,"byte_start":1520,"column_end":9,"column_start":5,"expansion":null,"file_name":"gameplay_sim/src/systems/world/layered_generation.rs","is_primary":true,"label":null,"line_end":48,"line_start":48,"suggested_replacement":"","suggestion_applicability":"MachineApplicable","text":[{"highlight_end":9,"highlight_start":5,"text":"    mut commands: Commands,"}]}]}],"code":{"code":"unused_mut","explanation":null},"level":"warning","message":"variable does not need to be mutable","spans":[{"byte_end":1532,"byte_start":1520,"column_end":17,"column_start":5,"expansion":null,"file_name":"gameplay_sim/src/systems/world/layered_generation.rs","is_primary":true,"label":null,"line_end":48,"line_start":48,"suggested_replacement":null,"suggestion_applicability":null,"text":[{"highlight_end":17,"highlight_start":5,"text":"    mut commands: Commands,"}]}]}}
{"reason":"compiler-message","package_id":"path+file:///Users/bradyjeong/Documents/Projects/Amp/gta4/gta_game/gameplay_sim#0.1.0","manifest_path":"/Users/bradyjeong/Documents/Projects/Amp/gta4/gta_game/gameplay_sim/Cargo.toml","target":{"kind":["lib"],"crate_types":["lib"],"name":"gameplay_sim","src_path":"/Users/bradyjeong/Documents/Projects/Amp/gta4/gta_game/gameplay_sim/src/lib.rs","edition":"2021","doc":true,"doctest":true,"test":true},"message":{"rendered":"warning: variable does not need to be mutable\n  --> gameplay_sim/src/systems/world/layered_generation.rs:48:5\n   |\n48 |     mut commands: Commands,\n   |     ----^^^^^^^^\n   |     |\n   |     help: remove this `mut`\n\n","$message_type":"diagnostic","children":[{"children":[],"code":null,"level":"help","message":"remove this `mut`","rendered":null,"spans":[{"byte_end":1524,"byte_start":1520,"column_end":9,"column_start":5,"expansion":null,"file_name":"gameplay_sim/src/systems/world/layered_generation.rs","is_primary":true,"label":null,"line_end":48,"line_start":48,"suggested_replacement":"","suggestion_applicability":"MachineApplicable","text":[{"highlight_end":9,"highlight_start":5,"text":"    mut commands: Commands,"}]}]}],"code":{"code":"unused_mut","explanation":null},"level":"warning","message":"variable does not need to be mutable","spans":[{"byte_end":1532,"byte_start":1520,"column_end":17,"column_start":5,"expansion":null,"file_name":"gameplay_sim/src/systems/world/layered_generation.rs","is_primary":true,"label":null,"line_end":48,"line_start":48,"suggested_replacement":null,"suggestion_applicability":null,"text":[{"highlight_end":17,"highlight_start":5,"text":"    mut commands: Commands,"}]}]}}
{"reason":"compiler-message","package_id":"path+file:///Users/bradyjeong/Documents/Projects/Amp/gta4/gta_game/gameplay_sim#0.1.0","manifest_path":"/Users/bradyjeong/Documents/Projects/Amp/gta4/gta_game/gameplay_sim/Cargo.toml","target":{"kind":["lib"],"crate_types":["lib"],"name":"gameplay_sim","src_path":"/Users/bradyjeong/Documents/Projects/Amp/gta4/gta_game/gameplay_sim/src/lib.rs","edition":"2021","doc":true,"doctest":true,"test":true},"message":{"rendered":"warning: unused variable: `coord`\n   --> gameplay_sim/src/systems/world/layered_generation.rs:105:24\n    |\n105 | fn has_roads_generated(coord: ChunkCoord) -> bool {\n    |                        ^^^^^ help: if this is intentional, prefix it with an underscore: `_coord`\n\n","$message_type":"diagnostic","children":[{"children":[],"code":null,"level":"help","message":"if this is intentional, prefix it with an underscore","rendered":null,"spans":[{"byte_end":3259,"byte_start":3254,"column_end":29,"column_start":24,"expansion":null,"file_name":"gameplay_sim/src/systems/world/layered_generation.rs","is_primary":true,"label":null,"line_end":105,"line_start":105,"suggested_replacement":"_coord","suggestion_applicability":"MaybeIncorrect","text":[{"highlight_end":29,"highlight_start":24,"text":"fn has_roads_generated(coord: ChunkCoord) -> bool {"}]}]}],"code":{"code":"unused_variables","explanation":null},"level":"warning","message":"unused variable: `coord`","spans":[{"byte_end":3259,"byte_start":3254,"column_end":29,"column_start":24,"expansion":null,"file_name":"gameplay_sim/src/systems/world/layered_generation.rs","is_primary":true,"label":null,"line_end":105,"line_start":105,"suggested_replacement":null,"suggestion_applicability":null,"text":[{"highlight_end":29,"highlight_start":24,"text":"fn has_roads_generated(coord: ChunkCoord) -> bool {"}]}]}}
{"reason":"compiler-message","package_id":"path+file:///Users/bradyjeong/Documents/Projects/Amp/gta4/gta_game/gameplay_sim#0.1.0","manifest_path":"/Users/bradyjeong/Documents/Projects/Amp/gta4/gta_game/gameplay_sim/Cargo.toml","target":{"kind":["lib"],"crate_types":["lib"],"name":"gameplay_sim","src_path":"/Users/bradyjeong/Documents/Projects/Amp/gta4/gta_game/gameplay_sim/src/lib.rs","edition":"2021","doc":true,"doctest":true,"test":true},"message":{"rendered":"warning: unused variable: `meshes`\n   --> gameplay_sim/src/systems/world/layered_generation.rs:115:5\n    |\n115 |     meshes: &mut ResMut<Assets<Mesh>>,\n    |     ^^^^^^ help: if this is intentional, prefix it with an underscore: `_meshes`\n\n","$message_type":"diagnostic","children":[{"children":[],"code":null,"level":"help","message":"if this is intentional, prefix it with an underscore","rendered":null,"spans":[{"byte_end":3537,"byte_start":3531,"column_end":11,"column_start":5,"expansion":null,"file_name":"gameplay_sim/src/systems/world/layered_generation.rs","is_primary":true,"label":null,"line_end":115,"line_start":115,"suggested_replacement":"_meshes","suggestion_applicability":"MaybeIncorrect","text":[{"highlight_end":11,"highlight_start":5,"text":"    meshes: &mut ResMut<Assets<Mesh>>,"}]}]}],"code":{"code":"unused_variables","explanation":null},"level":"warning","message":"unused variable: `meshes`","spans":[{"byte_end":3537,"byte_start":3531,"column_end":11,"column_start":5,"expansion":null,"file_name":"gameplay_sim/src/systems/world/layered_generation.rs","is_primary":true,"label":null,"line_end":115,"line_start":115,"suggested_replacement":null,"suggestion_applicability":null,"text":[{"highlight_end":11,"highlight_start":5,"text":"    meshes: &mut ResMut<Assets<Mesh>>,"}]}]}}
{"reason":"compiler-message","package_id":"path+file:///Users/bradyjeong/Documents/Projects/Amp/gta4/gta_game/gameplay_sim#0.1.0","manifest_path":"/Users/bradyjeong/Documents/Projects/Amp/gta4/gta_game/gameplay_sim/Cargo.toml","target":{"kind":["lib"],"crate_types":["lib"],"name":"gameplay_sim","src_path":"/Users/bradyjeong/Documents/Projects/Amp/gta4/gta_game/gameplay_sim/src/lib.rs","edition":"2021","doc":true,"doctest":true,"test":true},"message":{"rendered":"warning: unused variable: `materials`\n   --> gameplay_sim/src/systems/world/layered_generation.rs:116:5\n    |\n116 |     materials: &mut ResMut<Assets<StandardMaterial>>,\n    |     ^^^^^^^^^ help: if this is intentional, prefix it with an underscore: `_materials`\n\n","$message_type":"diagnostic","children":[{"children":[],"code":null,"level":"help","message":"if this is intentional, prefix it with an underscore","rendered":null,"spans":[{"byte_end":3579,"byte_start":3570,"column_end":14,"column_start":5,"expansion":null,"file_name":"gameplay_sim/src/systems/world/layered_generation.rs","is_primary":true,"label":null,"line_end":116,"line_start":116,"suggested_replacement":"_materials","suggestion_applicability":"MaybeIncorrect","text":[{"highlight_end":14,"highlight_start":5,"text":"    materials: &mut ResMut<Assets<StandardMaterial>>,"}]}]}],"code":{"code":"unused_variables","explanation":null},"level":"warning","message":"unused variable: `materials`","spans":[{"byte_end":3579,"byte_start":3570,"column_end":14,"column_start":5,"expansion":null,"file_name":"gameplay_sim/src/systems/world/layered_generation.rs","is_primary":true,"label":null,"line_end":116,"line_start":116,"suggested_replacement":null,"suggestion_applicability":null,"text":[{"highlight_end":14,"highlight_start":5,"text":"    materials: &mut ResMut<Assets<StandardMaterial>>,"}]}]}}
{"reason":"compiler-message","package_id":"path+file:///Users/bradyjeong/Documents/Projects/Amp/gta4/gta_game/gameplay_sim#0.1.0","manifest_path":"/Users/bradyjeong/Documents/Projects/Amp/gta4/gta_game/gameplay_sim/Cargo.toml","target":{"kind":["lib"],"crate_types":["lib"],"name":"gameplay_sim","src_path":"/Users/bradyjeong/Documents/Projects/Amp/gta4/gta_game/gameplay_sim/src/lib.rs","edition":"2021","doc":true,"doctest":true,"test":true},"message":{"rendered":"warning: unused variable: `coord`\n   --> gameplay_sim/src/systems/world/layered_generation.rs:105:24\n    |\n105 | fn has_roads_generated(coord: ChunkCoord) -> bool {\n    |                        ^^^^^ help: if this is intentional, prefix it with an underscore: `_coord`\n\n","$message_type":"diagnostic","children":[{"children":[],"code":null,"level":"help","message":"if this is intentional, prefix it with an underscore","rendered":null,"spans":[{"byte_end":3259,"byte_start":3254,"column_end":29,"column_start":24,"expansion":null,"file_name":"gameplay_sim/src/systems/world/layered_generation.rs","is_primary":true,"label":null,"line_end":105,"line_start":105,"suggested_replacement":"_coord","suggestion_applicability":"MaybeIncorrect","text":[{"highlight_end":29,"highlight_start":24,"text":"fn has_roads_generated(coord: ChunkCoord) -> bool {"}]}]}],"code":{"code":"unused_variables","explanation":null},"level":"warning","message":"unused variable: `coord`","spans":[{"byte_end":3259,"byte_start":3254,"column_end":29,"column_start":24,"expansion":null,"file_name":"gameplay_sim/src/systems/world/layered_generation.rs","is_primary":true,"label":null,"line_end":105,"line_start":105,"suggested_replacement":null,"suggestion_applicability":null,"text":[{"highlight_end":29,"highlight_start":24,"text":"fn has_roads_generated(coord: ChunkCoord) -> bool {"}]}]}}
{"reason":"compiler-message","package_id":"path+file:///Users/bradyjeong/Documents/Projects/Amp/gta4/gta_game/gameplay_sim#0.1.0","manifest_path":"/Users/bradyjeong/Documents/Projects/Amp/gta4/gta_game/gameplay_sim/Cargo.toml","target":{"kind":["lib"],"crate_types":["lib"],"name":"gameplay_sim","src_path":"/Users/bradyjeong/Documents/Projects/Amp/gta4/gta_game/gameplay_sim/src/lib.rs","edition":"2021","doc":true,"doctest":true,"test":true},"message":{"rendered":"warning: unused variable: `meshes`\n   --> gameplay_sim/src/systems/world/layered_generation.rs:115:5\n    |\n115 |     meshes: &mut ResMut<Assets<Mesh>>,\n    |     ^^^^^^ help: if this is intentional, prefix it with an underscore: `_meshes`\n\n","$message_type":"diagnostic","children":[{"children":[],"code":null,"level":"help","message":"if this is intentional, prefix it with an underscore","rendered":null,"spans":[{"byte_end":3537,"byte_start":3531,"column_end":11,"column_start":5,"expansion":null,"file_name":"gameplay_sim/src/systems/world/layered_generation.rs","is_primary":true,"label":null,"line_end":115,"line_start":115,"suggested_replacement":"_meshes","suggestion_applicability":"MaybeIncorrect","text":[{"highlight_end":11,"highlight_start":5,"text":"    meshes: &mut ResMut<Assets<Mesh>>,"}]}]}],"code":{"code":"unused_variables","explanation":null},"level":"warning","message":"unused variable: `meshes`","spans":[{"byte_end":3537,"byte_start":3531,"column_end":11,"column_start":5,"expansion":null,"file_name":"gameplay_sim/src/systems/world/layered_generation.rs","is_primary":true,"label":null,"line_end":115,"line_start":115,"suggested_replacement":null,"suggestion_applicability":null,"text":[{"highlight_end":11,"highlight_start":5,"text":"    meshes: &mut ResMut<Assets<Mesh>>,"}]}]}}
{"reason":"compiler-message","package_id":"path+file:///Users/bradyjeong/Documents/Projects/Amp/gta4/gta_game/gameplay_sim#0.1.0","manifest_path":"/Users/bradyjeong/Documents/Projects/Amp/gta4/gta_game/gameplay_sim/Cargo.toml","target":{"kind":["lib"],"crate_types":["lib"],"name":"gameplay_sim","src_path":"/Users/bradyjeong/Documents/Projects/Amp/gta4/gta_game/gameplay_sim/src/lib.rs","edition":"2021","doc":true,"doctest":true,"test":true},"message":{"rendered":"warning: unused variable: `materials`\n   --> gameplay_sim/src/systems/world/layered_generation.rs:116:5\n    |\n116 |     materials: &mut ResMut<Assets<StandardMaterial>>,\n    |     ^^^^^^^^^ help: if this is intentional, prefix it with an underscore: `_materials`\n\n","$message_type":"diagnostic","children":[{"children":[],"code":null,"level":"help","message":"if this is intentional, prefix it with an underscore","rendered":null,"spans":[{"byte_end":3579,"byte_start":3570,"column_end":14,"column_start":5,"expansion":null,"file_name":"gameplay_sim/src/systems/world/layered_generation.rs","is_primary":true,"label":null,"line_end":116,"line_start":116,"suggested_replacement":"_materials","suggestion_applicability":"MaybeIncorrect","text":[{"highlight_end":14,"highlight_start":5,"text":"    materials: &mut ResMut<Assets<StandardMaterial>>,"}]}]}],"code":{"code":"unused_variables","explanation":null},"level":"warning","message":"unused variable: `materials`","spans":[{"byte_end":3579,"byte_start":3570,"column_end":14,"column_start":5,"expansion":null,"file_name":"gameplay_sim/src/systems/world/layered_generation.rs","is_primary":true,"label":null,"line_end":116,"line_start":116,"suggested_replacement":null,"suggestion_applicability":null,"text":[{"highlight_end":14,"highlight_start":5,"text":"    materials: &mut ResMut<Assets<StandardMaterial>>,"}]}]}}
{"reason":"compiler-message","package_id":"path+file:///Users/bradyjeong/Documents/Projects/Amp/gta4/gta_game/gameplay_sim#0.1.0","manifest_path":"/Users/bradyjeong/Documents/Projects/Amp/gta4/gta_game/gameplay_sim/Cargo.toml","target":{"kind":["lib"],"crate_types":["lib"],"name":"gameplay_sim","src_path":"/Users/bradyjeong/Documents/Projects/Amp/gta4/gta_game/gameplay_sim/src/lib.rs","edition":"2021","doc":true,"doctest":true,"test":true},"message":{"rendered":"warning: unused variable: `coord`\n   --> gameplay_sim/src/systems/world/layered_generation.rs:156:28\n    |\n156 | fn has_buildings_generated(coord: ChunkCoord) -> bool {\n    |                            ^^^^^ help: if this is intentional, prefix it with an underscore: `_coord`\n\n","$message_type":"diagnostic","children":[{"children":[],"code":null,"level":"help","message":"if this is intentional, prefix it with an underscore","rendered":null,"spans":[{"byte_end":4897,"byte_start":4892,"column_end":33,"column_start":28,"expansion":null,"file_name":"gameplay_sim/src/systems/world/layered_generation.rs","is_primary":true,"label":null,"line_end":156,"line_start":156,"suggested_replacement":"_coord","suggestion_applicability":"MaybeIncorrect","text":[{"highlight_end":33,"highlight_start":28,"text":"fn has_buildings_generated(coord: ChunkCoord) -> bool {"}]}]}],"code":{"code":"unused_variables","explanation":null},"level":"warning","message":"unused variable: `coord`","spans":[{"byte_end":4897,"byte_start":4892,"column_end":33,"column_start":28,"expansion":null,"file_name":"gameplay_sim/src/systems/world/layered_generation.rs","is_primary":true,"label":null,"line_end":156,"line_start":156,"suggested_replacement":null,"suggestion_applicability":null,"text":[{"highlight_end":33,"highlight_start":28,"text":"fn has_buildings_generated(coord: ChunkCoord) -> bool {"}]}]}}
{"reason":"compiler-message","package_id":"path+file:///Users/bradyjeong/Documents/Projects/Amp/gta4/gta_game/gameplay_sim#0.1.0","manifest_path":"/Users/bradyjeong/Documents/Projects/Amp/gta4/gta_game/gameplay_sim/Cargo.toml","target":{"kind":["lib"],"crate_types":["lib"],"name":"gameplay_sim","src_path":"/Users/bradyjeong/Documents/Projects/Amp/gta4/gta_game/gameplay_sim/src/lib.rs","edition":"2021","doc":true,"doctest":true,"test":true},"message":{"rendered":"warning: unused variable: `meshes`\n   --> gameplay_sim/src/systems/world/layered_generation.rs:165:5\n    |\n165 |     meshes: &mut ResMut<Assets<Mesh>>,\n    |     ^^^^^^ help: if this is intentional, prefix it with an underscore: `_meshes`\n\n","$message_type":"diagnostic","children":[{"children":[],"code":null,"level":"help","message":"if this is intentional, prefix it with an underscore","rendered":null,"spans":[{"byte_end":5117,"byte_start":5111,"column_end":11,"column_start":5,"expansion":null,"file_name":"gameplay_sim/src/systems/world/layered_generation.rs","is_primary":true,"label":null,"line_end":165,"line_start":165,"suggested_replacement":"_meshes","suggestion_applicability":"MaybeIncorrect","text":[{"highlight_end":11,"highlight_start":5,"text":"    meshes: &mut ResMut<Assets<Mesh>>,"}]}]}],"code":{"code":"unused_variables","explanation":null},"level":"warning","message":"unused variable: `meshes`","spans":[{"byte_end":5117,"byte_start":5111,"column_end":11,"column_start":5,"expansion":null,"file_name":"gameplay_sim/src/systems/world/layered_generation.rs","is_primary":true,"label":null,"line_end":165,"line_start":165,"suggested_replacement":null,"suggestion_applicability":null,"text":[{"highlight_end":11,"highlight_start":5,"text":"    meshes: &mut ResMut<Assets<Mesh>>,"}]}]}}
{"reason":"compiler-message","package_id":"path+file:///Users/bradyjeong/Documents/Projects/Amp/gta4/gta_game/gameplay_sim#0.1.0","manifest_path":"/Users/bradyjeong/Documents/Projects/Amp/gta4/gta_game/gameplay_sim/Cargo.toml","target":{"kind":["lib"],"crate_types":["lib"],"name":"gameplay_sim","src_path":"/Users/bradyjeong/Documents/Projects/Amp/gta4/gta_game/gameplay_sim/src/lib.rs","edition":"2021","doc":true,"doctest":true,"test":true},"message":{"rendered":"warning: unused variable: `materials`\n   --> gameplay_sim/src/systems/world/layered_generation.rs:166:5\n    |\n166 |     materials: &mut ResMut<Assets<StandardMaterial>>,\n    |     ^^^^^^^^^ help: if this is intentional, prefix it with an underscore: `_materials`\n\n","$message_type":"diagnostic","children":[{"children":[],"code":null,"level":"help","message":"if this is intentional, prefix it with an underscore","rendered":null,"spans":[{"byte_end":5159,"byte_start":5150,"column_end":14,"column_start":5,"expansion":null,"file_name":"gameplay_sim/src/systems/world/layered_generation.rs","is_primary":true,"label":null,"line_end":166,"line_start":166,"suggested_replacement":"_materials","suggestion_applicability":"MaybeIncorrect","text":[{"highlight_end":14,"highlight_start":5,"text":"    materials: &mut ResMut<Assets<StandardMaterial>>,"}]}]}],"code":{"code":"unused_variables","explanation":null},"level":"warning","message":"unused variable: `materials`","spans":[{"byte_end":5159,"byte_start":5150,"column_end":14,"column_start":5,"expansion":null,"file_name":"gameplay_sim/src/systems/world/layered_generation.rs","is_primary":true,"label":null,"line_end":166,"line_start":166,"suggested_replacement":null,"suggestion_applicability":null,"text":[{"highlight_end":14,"highlight_start":5,"text":"    materials: &mut ResMut<Assets<StandardMaterial>>,"}]}]}}
{"reason":"compiler-message","package_id":"path+file:///Users/bradyjeong/Documents/Projects/Amp/gta4/gta_game/gameplay_sim#0.1.0","manifest_path":"/Users/bradyjeong/Documents/Projects/Amp/gta4/gta_game/gameplay_sim/Cargo.toml","target":{"kind":["lib"],"crate_types":["lib"],"name":"gameplay_sim","src_path":"/Users/bradyjeong/Documents/Projects/Amp/gta4/gta_game/gameplay_sim/src/lib.rs","edition":"2021","doc":true,"doctest":true,"test":true},"message":{"rendered":"warning: unused variable: `coord`\n   --> gameplay_sim/src/systems/world/layered_generation.rs:156:28\n    |\n156 | fn has_buildings_generated(coord: ChunkCoord) -> bool {\n    |                            ^^^^^ help: if this is intentional, prefix it with an underscore: `_coord`\n\n","$message_type":"diagnostic","children":[{"children":[],"code":null,"level":"help","message":"if this is intentional, prefix it with an underscore","rendered":null,"spans":[{"byte_end":4897,"byte_start":4892,"column_end":33,"column_start":28,"expansion":null,"file_name":"gameplay_sim/src/systems/world/layered_generation.rs","is_primary":true,"label":null,"line_end":156,"line_start":156,"suggested_replacement":"_coord","suggestion_applicability":"MaybeIncorrect","text":[{"highlight_end":33,"highlight_start":28,"text":"fn has_buildings_generated(coord: ChunkCoord) -> bool {"}]}]}],"code":{"code":"unused_variables","explanation":null},"level":"warning","message":"unused variable: `coord`","spans":[{"byte_end":4897,"byte_start":4892,"column_end":33,"column_start":28,"expansion":null,"file_name":"gameplay_sim/src/systems/world/layered_generation.rs","is_primary":true,"label":null,"line_end":156,"line_start":156,"suggested_replacement":null,"suggestion_applicability":null,"text":[{"highlight_end":33,"highlight_start":28,"text":"fn has_buildings_generated(coord: ChunkCoord) -> bool {"}]}]}}
{"reason":"compiler-message","package_id":"path+file:///Users/bradyjeong/Documents/Projects/Amp/gta4/gta_game/gameplay_sim#0.1.0","manifest_path":"/Users/bradyjeong/Documents/Projects/Amp/gta4/gta_game/gameplay_sim/Cargo.toml","target":{"kind":["lib"],"crate_types":["lib"],"name":"gameplay_sim","src_path":"/Users/bradyjeong/Documents/Projects/Amp/gta4/gta_game/gameplay_sim/src/lib.rs","edition":"2021","doc":true,"doctest":true,"test":true},"message":{"rendered":"warning: unused variable: `meshes`\n   --> gameplay_sim/src/systems/world/layered_generation.rs:165:5\n    |\n165 |     meshes: &mut ResMut<Assets<Mesh>>,\n    |     ^^^^^^ help: if this is intentional, prefix it with an underscore: `_meshes`\n\n","$message_type":"diagnostic","children":[{"children":[],"code":null,"level":"help","message":"if this is intentional, prefix it with an underscore","rendered":null,"spans":[{"byte_end":5117,"byte_start":5111,"column_end":11,"column_start":5,"expansion":null,"file_name":"gameplay_sim/src/systems/world/layered_generation.rs","is_primary":true,"label":null,"line_end":165,"line_start":165,"suggested_replacement":"_meshes","suggestion_applicability":"MaybeIncorrect","text":[{"highlight_end":11,"highlight_start":5,"text":"    meshes: &mut ResMut<Assets<Mesh>>,"}]}]}],"code":{"code":"unused_variables","explanation":null},"level":"warning","message":"unused variable: `meshes`","spans":[{"byte_end":5117,"byte_start":5111,"column_end":11,"column_start":5,"expansion":null,"file_name":"gameplay_sim/src/systems/world/layered_generation.rs","is_primary":true,"label":null,"line_end":165,"line_start":165,"suggested_replacement":null,"suggestion_applicability":null,"text":[{"highlight_end":11,"highlight_start":5,"text":"    meshes: &mut ResMut<Assets<Mesh>>,"}]}]}}
{"reason":"compiler-message","package_id":"path+file:///Users/bradyjeong/Documents/Projects/Amp/gta4/gta_game/gameplay_sim#0.1.0","manifest_path":"/Users/bradyjeong/Documents/Projects/Amp/gta4/gta_game/gameplay_sim/Cargo.toml","target":{"kind":["lib"],"crate_types":["lib"],"name":"gameplay_sim","src_path":"/Users/bradyjeong/Documents/Projects/Amp/gta4/gta_game/gameplay_sim/src/lib.rs","edition":"2021","doc":true,"doctest":true,"test":true},"message":{"rendered":"warning: unused variable: `materials`\n   --> gameplay_sim/src/systems/world/layered_generation.rs:166:5\n    |\n166 |     materials: &mut ResMut<Assets<StandardMaterial>>,\n    |     ^^^^^^^^^ help: if this is intentional, prefix it with an underscore: `_materials`\n\n","$message_type":"diagnostic","children":[{"children":[],"code":null,"level":"help","message":"if this is intentional, prefix it with an underscore","rendered":null,"spans":[{"byte_end":5159,"byte_start":5150,"column_end":14,"column_start":5,"expansion":null,"file_name":"gameplay_sim/src/systems/world/layered_generation.rs","is_primary":true,"label":null,"line_end":166,"line_start":166,"suggested_replacement":"_materials","suggestion_applicability":"MaybeIncorrect","text":[{"highlight_end":14,"highlight_start":5,"text":"    materials: &mut ResMut<Assets<StandardMaterial>>,"}]}]}],"code":{"code":"unused_variables","explanation":null},"level":"warning","message":"unused variable: `materials`","spans":[{"byte_end":5159,"byte_start":5150,"column_end":14,"column_start":5,"expansion":null,"file_name":"gameplay_sim/src/systems/world/layered_generation.rs","is_primary":true,"label":null,"line_end":166,"line_start":166,"suggested_replacement":null,"suggestion_applicability":null,"text":[{"highlight_end":14,"highlight_start":5,"text":"    materials: &mut ResMut<Assets<StandardMaterial>>,"}]}]}}
{"reason":"compiler-message","package_id":"path+file:///Users/bradyjeong/Documents/Projects/Amp/gta4/gta_game/gameplay_sim#0.1.0","manifest_path":"/Users/bradyjeong/Documents/Projects/Amp/gta4/gta_game/gameplay_sim/Cargo.toml","target":{"kind":["lib"],"crate_types":["lib"],"name":"gameplay_sim","src_path":"/Users/bradyjeong/Documents/Projects/Amp/gta4/gta_game/gameplay_sim/src/lib.rs","edition":"2021","doc":true,"doctest":true,"test":true},"message":{"rendered":"warning: unused variable: `coord`\n   --> gameplay_sim/src/systems/world/layered_generation.rs:209:29\n    |\n209 | fn has_vegetation_generated(coord: ChunkCoord) -> bool {\n    |                             ^^^^^ help: if this is intentional, prefix it with an underscore: `_coord`\n\n","$message_type":"diagnostic","children":[{"children":[],"code":null,"level":"help","message":"if this is intentional, prefix it with an underscore","rendered":null,"spans":[{"byte_end":6516,"byte_start":6511,"column_end":34,"column_start":29,"expansion":null,"file_name":"gameplay_sim/src/systems/world/layered_generation.rs","is_primary":true,"label":null,"line_end":209,"line_start":209,"suggested_replacement":"_coord","suggestion_applicability":"MaybeIncorrect","text":[{"highlight_end":34,"highlight_start":29,"text":"fn has_vegetation_generated(coord: ChunkCoord) -> bool {"}]}]}],"code":{"code":"unused_variables","explanation":null},"level":"warning","message":"unused variable: `coord`","spans":[{"byte_end":6516,"byte_start":6511,"column_end":34,"column_start":29,"expansion":null,"file_name":"gameplay_sim/src/systems/world/layered_generation.rs","is_primary":true,"label":null,"line_end":209,"line_start":209,"suggested_replacement":null,"suggestion_applicability":null,"text":[{"highlight_end":34,"highlight_start":29,"text":"fn has_vegetation_generated(coord: ChunkCoord) -> bool {"}]}]}}
{"reason":"compiler-message","package_id":"path+file:///Users/bradyjeong/Documents/Projects/Amp/gta4/gta_game/gameplay_sim#0.1.0","manifest_path":"/Users/bradyjeong/Documents/Projects/Amp/gta4/gta_game/gameplay_sim/Cargo.toml","target":{"kind":["lib"],"crate_types":["lib"],"name":"gameplay_sim","src_path":"/Users/bradyjeong/Documents/Projects/Amp/gta4/gta_game/gameplay_sim/src/lib.rs","edition":"2021","doc":true,"doctest":true,"test":true},"message":{"rendered":"warning: unused variable: `meshes`\n   --> gameplay_sim/src/systems/world/layered_generation.rs:218:5\n    |\n218 |     meshes: &mut ResMut<Assets<Mesh>>,\n    |     ^^^^^^ help: if this is intentional, prefix it with an underscore: `_meshes`\n\n","$message_type":"diagnostic","children":[{"children":[],"code":null,"level":"help","message":"if this is intentional, prefix it with an underscore","rendered":null,"spans":[{"byte_end":6737,"byte_start":6731,"column_end":11,"column_start":5,"expansion":null,"file_name":"gameplay_sim/src/systems/world/layered_generation.rs","is_primary":true,"label":null,"line_end":218,"line_start":218,"suggested_replacement":"_meshes","suggestion_applicability":"MaybeIncorrect","text":[{"highlight_end":11,"highlight_start":5,"text":"    meshes: &mut ResMut<Assets<Mesh>>,"}]}]}],"code":{"code":"unused_variables","explanation":null},"level":"warning","message":"unused variable: `meshes`","spans":[{"byte_end":6737,"byte_start":6731,"column_end":11,"column_start":5,"expansion":null,"file_name":"gameplay_sim/src/systems/world/layered_generation.rs","is_primary":true,"label":null,"line_end":218,"line_start":218,"suggested_replacement":null,"suggestion_applicability":null,"text":[{"highlight_end":11,"highlight_start":5,"text":"    meshes: &mut ResMut<Assets<Mesh>>,"}]}]}}
{"reason":"compiler-message","package_id":"path+file:///Users/bradyjeong/Documents/Projects/Amp/gta4/gta_game/gameplay_sim#0.1.0","manifest_path":"/Users/bradyjeong/Documents/Projects/Amp/gta4/gta_game/gameplay_sim/Cargo.toml","target":{"kind":["lib"],"crate_types":["lib"],"name":"gameplay_sim","src_path":"/Users/bradyjeong/Documents/Projects/Amp/gta4/gta_game/gameplay_sim/src/lib.rs","edition":"2021","doc":true,"doctest":true,"test":true},"message":{"rendered":"warning: unused variable: `materials`\n   --> gameplay_sim/src/systems/world/layered_generation.rs:219:5\n    |\n219 |     materials: &mut ResMut<Assets<StandardMaterial>>,\n    |     ^^^^^^^^^ help: if this is intentional, prefix it with an underscore: `_materials`\n\n","$message_type":"diagnostic","children":[{"children":[],"code":null,"level":"help","message":"if this is intentional, prefix it with an underscore","rendered":null,"spans":[{"byte_end":6779,"byte_start":6770,"column_end":14,"column_start":5,"expansion":null,"file_name":"gameplay_sim/src/systems/world/layered_generation.rs","is_primary":true,"label":null,"line_end":219,"line_start":219,"suggested_replacement":"_materials","suggestion_applicability":"MaybeIncorrect","text":[{"highlight_end":14,"highlight_start":5,"text":"    materials: &mut ResMut<Assets<StandardMaterial>>,"}]}]}],"code":{"code":"unused_variables","explanation":null},"level":"warning","message":"unused variable: `materials`","spans":[{"byte_end":6779,"byte_start":6770,"column_end":14,"column_start":5,"expansion":null,"file_name":"gameplay_sim/src/systems/world/layered_generation.rs","is_primary":true,"label":null,"line_end":219,"line_start":219,"suggested_replacement":null,"suggestion_applicability":null,"text":[{"highlight_end":14,"highlight_start":5,"text":"    materials: &mut ResMut<Assets<StandardMaterial>>,"}]}]}}
{"reason":"compiler-message","package_id":"path+file:///Users/bradyjeong/Documents/Projects/Amp/gta4/gta_game/gameplay_sim#0.1.0","manifest_path":"/Users/bradyjeong/Documents/Projects/Amp/gta4/gta_game/gameplay_sim/Cargo.toml","target":{"kind":["lib"],"crate_types":["lib"],"name":"gameplay_sim","src_path":"/Users/bradyjeong/Documents/Projects/Amp/gta4/gta_game/gameplay_sim/src/lib.rs","edition":"2021","doc":true,"doctest":true,"test":true},"message":{"rendered":"warning: unused variable: `coord`\n   --> gameplay_sim/src/systems/world/layered_generation.rs:209:29\n    |\n209 | fn has_vegetation_generated(coord: ChunkCoord) -> bool {\n    |                             ^^^^^ help: if this is intentional, prefix it with an underscore: `_coord`\n\n","$message_type":"diagnostic","children":[{"children":[],"code":null,"level":"help","message":"if this is intentional, prefix it with an underscore","rendered":null,"spans":[{"byte_end":6516,"byte_start":6511,"column_end":34,"column_start":29,"expansion":null,"file_name":"gameplay_sim/src/systems/world/layered_generation.rs","is_primary":true,"label":null,"line_end":209,"line_start":209,"suggested_replacement":"_coord","suggestion_applicability":"MaybeIncorrect","text":[{"highlight_end":34,"highlight_start":29,"text":"fn has_vegetation_generated(coord: ChunkCoord) -> bool {"}]}]}],"code":{"code":"unused_variables","explanation":null},"level":"warning","message":"unused variable: `coord`","spans":[{"byte_end":6516,"byte_start":6511,"column_end":34,"column_start":29,"expansion":null,"file_name":"gameplay_sim/src/systems/world/layered_generation.rs","is_primary":true,"label":null,"line_end":209,"line_start":209,"suggested_replacement":null,"suggestion_applicability":null,"text":[{"highlight_end":34,"highlight_start":29,"text":"fn has_vegetation_generated(coord: ChunkCoord) -> bool {"}]}]}}
{"reason":"compiler-message","package_id":"path+file:///Users/bradyjeong/Documents/Projects/Amp/gta4/gta_game/gameplay_sim#0.1.0","manifest_path":"/Users/bradyjeong/Documents/Projects/Amp/gta4/gta_game/gameplay_sim/Cargo.toml","target":{"kind":["lib"],"crate_types":["lib"],"name":"gameplay_sim","src_path":"/Users/bradyjeong/Documents/Projects/Amp/gta4/gta_game/gameplay_sim/src/lib.rs","edition":"2021","doc":true,"doctest":true,"test":true},"message":{"rendered":"warning: unused variable: `meshes`\n   --> gameplay_sim/src/systems/world/layered_generation.rs:218:5\n    |\n218 |     meshes: &mut ResMut<Assets<Mesh>>,\n    |     ^^^^^^ help: if this is intentional, prefix it with an underscore: `_meshes`\n\n","$message_type":"diagnostic","children":[{"children":[],"code":null,"level":"help","message":"if this is intentional, prefix it with an underscore","rendered":null,"spans":[{"byte_end":6737,"byte_start":6731,"column_end":11,"column_start":5,"expansion":null,"file_name":"gameplay_sim/src/systems/world/layered_generation.rs","is_primary":true,"label":null,"line_end":218,"line_start":218,"suggested_replacement":"_meshes","suggestion_applicability":"MaybeIncorrect","text":[{"highlight_end":11,"highlight_start":5,"text":"    meshes: &mut ResMut<Assets<Mesh>>,"}]}]}],"code":{"code":"unused_variables","explanation":null},"level":"warning","message":"unused variable: `meshes`","spans":[{"byte_end":6737,"byte_start":6731,"column_end":11,"column_start":5,"expansion":null,"file_name":"gameplay_sim/src/systems/world/layered_generation.rs","is_primary":true,"label":null,"line_end":218,"line_start":218,"suggested_replacement":null,"suggestion_applicability":null,"text":[{"highlight_end":11,"highlight_start":5,"text":"    meshes: &mut ResMut<Assets<Mesh>>,"}]}]}}
{"reason":"compiler-message","package_id":"path+file:///Users/bradyjeong/Documents/Projects/Amp/gta4/gta_game/gameplay_sim#0.1.0","manifest_path":"/Users/bradyjeong/Documents/Projects/Amp/gta4/gta_game/gameplay_sim/Cargo.toml","target":{"kind":["lib"],"crate_types":["lib"],"name":"gameplay_sim","src_path":"/Users/bradyjeong/Documents/Projects/Amp/gta4/gta_game/gameplay_sim/src/lib.rs","edition":"2021","doc":true,"doctest":true,"test":true},"message":{"rendered":"warning: unused variable: `materials`\n   --> gameplay_sim/src/systems/world/layered_generation.rs:219:5\n    |\n219 |     materials: &mut ResMut<Assets<StandardMaterial>>,\n    |     ^^^^^^^^^ help: if this is intentional, prefix it with an underscore: `_materials`\n\n","$message_type":"diagnostic","children":[{"children":[],"code":null,"level":"help","message":"if this is intentional, prefix it with an underscore","rendered":null,"spans":[{"byte_end":6779,"byte_start":6770,"column_end":14,"column_start":5,"expansion":null,"file_name":"gameplay_sim/src/systems/world/layered_generation.rs","is_primary":true,"label":null,"line_end":219,"line_start":219,"suggested_replacement":"_materials","suggestion_applicability":"MaybeIncorrect","text":[{"highlight_end":14,"highlight_start":5,"text":"    materials: &mut ResMut<Assets<StandardMaterial>>,"}]}]}],"code":{"code":"unused_variables","explanation":null},"level":"warning","message":"unused variable: `materials`","spans":[{"byte_end":6779,"byte_start":6770,"column_end":14,"column_start":5,"expansion":null,"file_name":"gameplay_sim/src/systems/world/layered_generation.rs","is_primary":true,"label":null,"line_end":219,"line_start":219,"suggested_replacement":null,"suggestion_applicability":null,"text":[{"highlight_end":14,"highlight_start":5,"text":"    materials: &mut ResMut<Assets<StandardMaterial>>,"}]}]}}
{"reason":"compiler-message","package_id":"path+file:///Users/bradyjeong/Documents/Projects/Amp/gta4/gta_game/gameplay_sim#0.1.0","manifest_path":"/Users/bradyjeong/Documents/Projects/Amp/gta4/gta_game/gameplay_sim/Cargo.toml","target":{"kind":["lib"],"crate_types":["lib"],"name":"gameplay_sim","src_path":"/Users/bradyjeong/Documents/Projects/Amp/gta4/gta_game/gameplay_sim/src/lib.rs","edition":"2021","doc":true,"doctest":true,"test":true},"message":{"rendered":"warning: unused variable: `commands`\n  --> gameplay_sim/src/systems/world/unified_lod.rs:89:9\n   |\n89 |     mut commands: Commands,\n   |         ^^^^^^^^ help: if this is intentional, prefix it with an underscore: `_commands`\n\n","$message_type":"diagnostic","children":[{"children":[],"code":null,"level":"help","message":"if this is intentional, prefix it with an underscore","rendered":null,"spans":[{"byte_end":2444,"byte_start":2436,"column_end":17,"column_start":9,"expansion":null,"file_name":"gameplay_sim/src/systems/world/unified_lod.rs","is_primary":true,"label":null,"line_end":89,"line_start":89,"suggested_replacement":"_commands","suggestion_applicability":"MaybeIncorrect","text":[{"highlight_end":17,"highlight_start":9,"text":"    mut commands: Commands,"}]}]}],"code":{"code":"unused_variables","explanation":null},"level":"warning","message":"unused variable: `commands`","spans":[{"byte_end":2444,"byte_start":2436,"column_end":17,"column_start":9,"expansion":null,"file_name":"gameplay_sim/src/systems/world/unified_lod.rs","is_primary":true,"label":null,"line_end":89,"line_start":89,"suggested_replacement":null,"suggestion_applicability":null,"text":[{"highlight_end":17,"highlight_start":9,"text":"    mut commands: Commands,"}]}]}}
{"reason":"compiler-message","package_id":"path+file:///Users/bradyjeong/Documents/Projects/Amp/gta4/gta_game/gameplay_sim#0.1.0","manifest_path":"/Users/bradyjeong/Documents/Projects/Amp/gta4/gta_game/gameplay_sim/Cargo.toml","target":{"kind":["lib"],"crate_types":["lib"],"name":"gameplay_sim","src_path":"/Users/bradyjeong/Documents/Projects/Amp/gta4/gta_game/gameplay_sim/src/lib.rs","edition":"2021","doc":true,"doctest":true,"test":true},"message":{"rendered":"warning: unused variable: `time`\n  --> gameplay_sim/src/systems/world/unified_lod.rs:93:5\n   |\n93 |     time: Res<Time>,\n   |     ^^^^ help: if this is intentional, prefix it with an underscore: `_time`\n\n","$message_type":"diagnostic","children":[{"children":[],"code":null,"level":"help","message":"if this is intentional, prefix it with an underscore","rendered":null,"spans":[{"byte_end":2648,"byte_start":2644,"column_end":9,"column_start":5,"expansion":null,"file_name":"gameplay_sim/src/systems/world/unified_lod.rs","is_primary":true,"label":null,"line_end":93,"line_start":93,"suggested_replacement":"_time","suggestion_applicability":"MaybeIncorrect","text":[{"highlight_end":9,"highlight_start":5,"text":"    time: Res<Time>,"}]}]}],"code":{"code":"unused_variables","explanation":null},"level":"warning","message":"unused variable: `time`","spans":[{"byte_end":2648,"byte_start":2644,"column_end":9,"column_start":5,"expansion":null,"file_name":"gameplay_sim/src/systems/world/unified_lod.rs","is_primary":true,"label":null,"line_end":93,"line_start":93,"suggested_replacement":null,"suggestion_applicability":null,"text":[{"highlight_end":9,"highlight_start":5,"text":"    time: Res<Time>,"}]}]}}
{"reason":"compiler-message","package_id":"path+file:///Users/bradyjeong/Documents/Projects/Amp/gta4/gta_game/gameplay_sim#0.1.0","manifest_path":"/Users/bradyjeong/Documents/Projects/Amp/gta4/gta_game/gameplay_sim/Cargo.toml","target":{"kind":["lib"],"crate_types":["lib"],"name":"gameplay_sim","src_path":"/Users/bradyjeong/Documents/Projects/Amp/gta4/gta_game/gameplay_sim/src/lib.rs","edition":"2021","doc":true,"doctest":true,"test":true},"message":{"rendered":"warning: unused variable: `commands`\n  --> gameplay_sim/src/systems/world/unified_lod.rs:89:9\n   |\n89 |     mut commands: Commands,\n   |         ^^^^^^^^ help: if this is intentional, prefix it with an underscore: `_commands`\n\n","$message_type":"diagnostic","children":[{"children":[],"code":null,"level":"help","message":"if this is intentional, prefix it with an underscore","rendered":null,"spans":[{"byte_end":2444,"byte_start":2436,"column_end":17,"column_start":9,"expansion":null,"file_name":"gameplay_sim/src/systems/world/unified_lod.rs","is_primary":true,"label":null,"line_end":89,"line_start":89,"suggested_replacement":"_commands","suggestion_applicability":"MaybeIncorrect","text":[{"highlight_end":17,"highlight_start":9,"text":"    mut commands: Commands,"}]}]}],"code":{"code":"unused_variables","explanation":null},"level":"warning","message":"unused variable: `commands`","spans":[{"byte_end":2444,"byte_start":2436,"column_end":17,"column_start":9,"expansion":null,"file_name":"gameplay_sim/src/systems/world/unified_lod.rs","is_primary":true,"label":null,"line_end":89,"line_start":89,"suggested_replacement":null,"suggestion_applicability":null,"text":[{"highlight_end":17,"highlight_start":9,"text":"    mut commands: Commands,"}]}]}}
{"reason":"compiler-message","package_id":"path+file:///Users/bradyjeong/Documents/Projects/Amp/gta4/gta_game/gameplay_sim#0.1.0","manifest_path":"/Users/bradyjeong/Documents/Projects/Amp/gta4/gta_game/gameplay_sim/Cargo.toml","target":{"kind":["lib"],"crate_types":["lib"],"name":"gameplay_sim","src_path":"/Users/bradyjeong/Documents/Projects/Amp/gta4/gta_game/gameplay_sim/src/lib.rs","edition":"2021","doc":true,"doctest":true,"test":true},"message":{"rendered":"warning: unused variable: `time`\n  --> gameplay_sim/src/systems/world/unified_lod.rs:93:5\n   |\n93 |     time: Res<Time>,\n   |     ^^^^ help: if this is intentional, prefix it with an underscore: `_time`\n\n","$message_type":"diagnostic","children":[{"children":[],"code":null,"level":"help","message":"if this is intentional, prefix it with an underscore","rendered":null,"spans":[{"byte_end":2648,"byte_start":2644,"column_end":9,"column_start":5,"expansion":null,"file_name":"gameplay_sim/src/systems/world/unified_lod.rs","is_primary":true,"label":null,"line_end":93,"line_start":93,"suggested_replacement":"_time","suggestion_applicability":"MaybeIncorrect","text":[{"highlight_end":9,"highlight_start":5,"text":"    time: Res<Time>,"}]}]}],"code":{"code":"unused_variables","explanation":null},"level":"warning","message":"unused variable: `time`","spans":[{"byte_end":2648,"byte_start":2644,"column_end":9,"column_start":5,"expansion":null,"file_name":"gameplay_sim/src/systems/world/unified_lod.rs","is_primary":true,"label":null,"line_end":93,"line_start":93,"suggested_replacement":null,"suggestion_applicability":null,"text":[{"highlight_end":9,"highlight_start":5,"text":"    time: Res<Time>,"}]}]}}
{"reason":"compiler-message","package_id":"path+file:///Users/bradyjeong/Documents/Projects/Amp/gta4/gta_game/gameplay_sim#0.1.0","manifest_path":"/Users/bradyjeong/Documents/Projects/Amp/gta4/gta_game/gameplay_sim/Cargo.toml","target":{"kind":["lib"],"crate_types":["lib"],"name":"gameplay_sim","src_path":"/Users/bradyjeong/Documents/Projects/Amp/gta4/gta_game/gameplay_sim/src/lib.rs","edition":"2021","doc":true,"doctest":true,"test":true},"message":{"rendered":"warning: variable does not need to be mutable\n  --> gameplay_sim/src/systems/world/unified_lod.rs:89:5\n   |\n89 |     mut commands: Commands,\n   |     ----^^^^^^^^\n   |     |\n   |     help: remove this `mut`\n\n","$message_type":"diagnostic","children":[{"children":[],"code":null,"level":"help","message":"remove this `mut`","rendered":null,"spans":[{"byte_end":2436,"byte_start":2432,"column_end":9,"column_start":5,"expansion":null,"file_name":"gameplay_sim/src/systems/world/unified_lod.rs","is_primary":true,"label":null,"line_end":89,"line_start":89,"suggested_replacement":"","suggestion_applicability":"MachineApplicable","text":[{"highlight_end":9,"highlight_start":5,"text":"    mut commands: Commands,"}]}]}],"code":{"code":"unused_mut","explanation":null},"level":"warning","message":"variable does not need to be mutable","spans":[{"byte_end":2444,"byte_start":2432,"column_end":17,"column_start":5,"expansion":null,"file_name":"gameplay_sim/src/systems/world/unified_lod.rs","is_primary":true,"label":null,"line_end":89,"line_start":89,"suggested_replacement":null,"suggestion_applicability":null,"text":[{"highlight_end":17,"highlight_start":5,"text":"    mut commands: Commands,"}]}]}}
{"reason":"compiler-message","package_id":"path+file:///Users/bradyjeong/Documents/Projects/Amp/gta4/gta_game/gameplay_sim#0.1.0","manifest_path":"/Users/bradyjeong/Documents/Projects/Amp/gta4/gta_game/gameplay_sim/Cargo.toml","target":{"kind":["lib"],"crate_types":["lib"],"name":"gameplay_sim","src_path":"/Users/bradyjeong/Documents/Projects/Amp/gta4/gta_game/gameplay_sim/src/lib.rs","edition":"2021","doc":true,"doctest":true,"test":true},"message":{"rendered":"warning: variable does not need to be mutable\n  --> gameplay_sim/src/systems/world/unified_lod.rs:89:5\n   |\n89 |     mut commands: Commands,\n   |     ----^^^^^^^^\n   |     |\n   |     help: remove this `mut`\n\n","$message_type":"diagnostic","children":[{"children":[],"code":null,"level":"help","message":"remove this `mut`","rendered":null,"spans":[{"byte_end":2436,"byte_start":2432,"column_end":9,"column_start":5,"expansion":null,"file_name":"gameplay_sim/src/systems/world/unified_lod.rs","is_primary":true,"label":null,"line_end":89,"line_start":89,"suggested_replacement":"","suggestion_applicability":"MachineApplicable","text":[{"highlight_end":9,"highlight_start":5,"text":"    mut commands: Commands,"}]}]}],"code":{"code":"unused_mut","explanation":null},"level":"warning","message":"variable does not need to be mutable","spans":[{"byte_end":2444,"byte_start":2432,"column_end":17,"column_start":5,"expansion":null,"file_name":"gameplay_sim/src/systems/world/unified_lod.rs","is_primary":true,"label":null,"line_end":89,"line_start":89,"suggested_replacement":null,"suggestion_applicability":null,"text":[{"highlight_end":17,"highlight_start":5,"text":"    mut commands: Commands,"}]}]}}
{"reason":"compiler-message","package_id":"path+file:///Users/bradyjeong/Documents/Projects/Amp/gta4/gta_game/gameplay_sim#0.1.0","manifest_path":"/Users/bradyjeong/Documents/Projects/Amp/gta4/gta_game/gameplay_sim/Cargo.toml","target":{"kind":["lib"],"crate_types":["lib"],"name":"gameplay_sim","src_path":"/Users/bradyjeong/Documents/Projects/Amp/gta4/gta_game/gameplay_sim/src/lib.rs","edition":"2021","doc":true,"doctest":true,"test":true},"message":{"rendered":"warning: unused variable: `entity`\n  --> gameplay_sim/src/systems/world/npc_lod.rs:46:14\n   |\n46 |         for (entity, mut npc_state, transform, mut visibility) in npc_query.iter_mut() {\n   |              ^^^^^^ help: if this is intentional, prefix it with an underscore: `_entity`\n\n","$message_type":"diagnostic","children":[{"children":[],"code":null,"level":"help","message":"if this is intentional, prefix it with an underscore","rendered":null,"spans":[{"byte_end":1484,"byte_start":1478,"column_end":20,"column_start":14,"expansion":null,"file_name":"gameplay_sim/src/systems/world/npc_lod.rs","is_primary":true,"label":null,"line_end":46,"line_start":46,"suggested_replacement":"_entity","suggestion_applicability":"MaybeIncorrect","text":[{"highlight_end":20,"highlight_start":14,"text":"        for (entity, mut npc_state, transform, mut visibility) in npc_query.iter_mut() {"}]}]}],"code":{"code":"unused_variables","explanation":null},"level":"warning","message":"unused variable: `entity`","spans":[{"byte_end":1484,"byte_start":1478,"column_end":20,"column_start":14,"expansion":null,"file_name":"gameplay_sim/src/systems/world/npc_lod.rs","is_primary":true,"label":null,"line_end":46,"line_start":46,"suggested_replacement":null,"suggestion_applicability":null,"text":[{"highlight_end":20,"highlight_start":14,"text":"        for (entity, mut npc_state, transform, mut visibility) in npc_query.iter_mut() {"}]}]}}
{"reason":"compiler-message","package_id":"path+file:///Users/bradyjeong/Documents/Projects/Amp/gta4/gta_game/gameplay_sim#0.1.0","manifest_path":"/Users/bradyjeong/Documents/Projects/Amp/gta4/gta_game/gameplay_sim/Cargo.toml","target":{"kind":["lib"],"crate_types":["lib"],"name":"gameplay_sim","src_path":"/Users/bradyjeong/Documents/Projects/Amp/gta4/gta_game/gameplay_sim/src/lib.rs","edition":"2021","doc":true,"doctest":true,"test":true},"message":{"rendered":"warning: unused variable: `entity`\n  --> gameplay_sim/src/systems/world/npc_lod.rs:46:14\n   |\n46 |         for (entity, mut npc_state, transform, mut visibility) in npc_query.iter_mut() {\n   |              ^^^^^^ help: if this is intentional, prefix it with an underscore: `_entity`\n\n","$message_type":"diagnostic","children":[{"children":[],"code":null,"level":"help","message":"if this is intentional, prefix it with an underscore","rendered":null,"spans":[{"byte_end":1484,"byte_start":1478,"column_end":20,"column_start":14,"expansion":null,"file_name":"gameplay_sim/src/systems/world/npc_lod.rs","is_primary":true,"label":null,"line_end":46,"line_start":46,"suggested_replacement":"_entity","suggestion_applicability":"MaybeIncorrect","text":[{"highlight_end":20,"highlight_start":14,"text":"        for (entity, mut npc_state, transform, mut visibility) in npc_query.iter_mut() {"}]}]}],"code":{"code":"unused_variables","explanation":null},"level":"warning","message":"unused variable: `entity`","spans":[{"byte_end":1484,"byte_start":1478,"column_end":20,"column_start":14,"expansion":null,"file_name":"gameplay_sim/src/systems/world/npc_lod.rs","is_primary":true,"label":null,"line_end":46,"line_start":46,"suggested_replacement":null,"suggestion_applicability":null,"text":[{"highlight_end":20,"highlight_start":14,"text":"        for (entity, mut npc_state, transform, mut visibility) in npc_query.iter_mut() {"}]}]}}
{"reason":"compiler-message","package_id":"path+file:///Users/bradyjeong/Documents/Projects/Amp/gta4/gta_game/gameplay_sim#0.1.0","manifest_path":"/Users/bradyjeong/Documents/Projects/Amp/gta4/gta_game/gameplay_sim/Cargo.toml","target":{"kind":["lib"],"crate_types":["lib"],"name":"gameplay_sim","src_path":"/Users/bradyjeong/Documents/Projects/Amp/gta4/gta_game/gameplay_sim/src/lib.rs","edition":"2021","doc":true,"doctest":true,"test":true},"message":{"rendered":"warning: unused variable: `meshes`\n   --> gameplay_sim/src/systems/world/npc_lod.rs:135:5\n    |\n135 |     meshes: &mut ResMut<Assets<Mesh>>,\n    |     ^^^^^^ help: if this is intentional, prefix it with an underscore: `_meshes`\n\n","$message_type":"diagnostic","children":[{"children":[],"code":null,"level":"help","message":"if this is intentional, prefix it with an underscore","rendered":null,"spans":[{"byte_end":4320,"byte_start":4314,"column_end":11,"column_start":5,"expansion":null,"file_name":"gameplay_sim/src/systems/world/npc_lod.rs","is_primary":true,"label":null,"line_end":135,"line_start":135,"suggested_replacement":"_meshes","suggestion_applicability":"MaybeIncorrect","text":[{"highlight_end":11,"highlight_start":5,"text":"    meshes: &mut ResMut<Assets<Mesh>>,"}]}]}],"code":{"code":"unused_variables","explanation":null},"level":"warning","message":"unused variable: `meshes`","spans":[{"byte_end":4320,"byte_start":4314,"column_end":11,"column_start":5,"expansion":null,"file_name":"gameplay_sim/src/systems/world/npc_lod.rs","is_primary":true,"label":null,"line_end":135,"line_start":135,"suggested_replacement":null,"suggestion_applicability":null,"text":[{"highlight_end":11,"highlight_start":5,"text":"    meshes: &mut ResMut<Assets<Mesh>>,"}]}]}}
{"reason":"compiler-message","package_id":"path+file:///Users/bradyjeong/Documents/Projects/Amp/gta4/gta_game/gameplay_sim#0.1.0","manifest_path":"/Users/bradyjeong/Documents/Projects/Amp/gta4/gta_game/gameplay_sim/Cargo.toml","target":{"kind":["lib"],"crate_types":["lib"],"name":"gameplay_sim","src_path":"/Users/bradyjeong/Documents/Projects/Amp/gta4/gta_game/gameplay_sim/src/lib.rs","edition":"2021","doc":true,"doctest":true,"test":true},"message":{"rendered":"warning: unused variable: `materials`\n   --> gameplay_sim/src/systems/world/npc_lod.rs:136:5\n    |\n136 |     materials: &mut ResMut<Assets<StandardMaterial>>,\n    |     ^^^^^^^^^ help: if this is intentional, prefix it with an underscore: `_materials`\n\n","$message_type":"diagnostic","children":[{"children":[],"code":null,"level":"help","message":"if this is intentional, prefix it with an underscore","rendered":null,"spans":[{"byte_end":4362,"byte_start":4353,"column_end":14,"column_start":5,"expansion":null,"file_name":"gameplay_sim/src/systems/world/npc_lod.rs","is_primary":true,"label":null,"line_end":136,"line_start":136,"suggested_replacement":"_materials","suggestion_applicability":"MaybeIncorrect","text":[{"highlight_end":14,"highlight_start":5,"text":"    materials: &mut ResMut<Assets<StandardMaterial>>,"}]}]}],"code":{"code":"unused_variables","explanation":null},"level":"warning","message":"unused variable: `materials`","spans":[{"byte_end":4362,"byte_start":4353,"column_end":14,"column_start":5,"expansion":null,"file_name":"gameplay_sim/src/systems/world/npc_lod.rs","is_primary":true,"label":null,"line_end":136,"line_start":136,"suggested_replacement":null,"suggestion_applicability":null,"text":[{"highlight_end":14,"highlight_start":5,"text":"    materials: &mut ResMut<Assets<StandardMaterial>>,"}]}]}}
{"reason":"compiler-message","package_id":"path+file:///Users/bradyjeong/Documents/Projects/Amp/gta4/gta_game/gameplay_sim#0.1.0","manifest_path":"/Users/bradyjeong/Documents/Projects/Amp/gta4/gta_game/gameplay_sim/Cargo.toml","target":{"kind":["lib"],"crate_types":["lib"],"name":"gameplay_sim","src_path":"/Users/bradyjeong/Documents/Projects/Amp/gta4/gta_game/gameplay_sim/src/lib.rs","edition":"2021","doc":true,"doctest":true,"test":true},"message":{"rendered":"warning: unused variable: `meshes`\n   --> gameplay_sim/src/systems/world/npc_lod.rs:135:5\n    |\n135 |     meshes: &mut ResMut<Assets<Mesh>>,\n    |     ^^^^^^ help: if this is intentional, prefix it with an underscore: `_meshes`\n\n","$message_type":"diagnostic","children":[{"children":[],"code":null,"level":"help","message":"if this is intentional, prefix it with an underscore","rendered":null,"spans":[{"byte_end":4320,"byte_start":4314,"column_end":11,"column_start":5,"expansion":null,"file_name":"gameplay_sim/src/systems/world/npc_lod.rs","is_primary":true,"label":null,"line_end":135,"line_start":135,"suggested_replacement":"_meshes","suggestion_applicability":"MaybeIncorrect","text":[{"highlight_end":11,"highlight_start":5,"text":"    meshes: &mut ResMut<Assets<Mesh>>,"}]}]}],"code":{"code":"unused_variables","explanation":null},"level":"warning","message":"unused variable: `meshes`","spans":[{"byte_end":4320,"byte_start":4314,"column_end":11,"column_start":5,"expansion":null,"file_name":"gameplay_sim/src/systems/world/npc_lod.rs","is_primary":true,"label":null,"line_end":135,"line_start":135,"suggested_replacement":null,"suggestion_applicability":null,"text":[{"highlight_end":11,"highlight_start":5,"text":"    meshes: &mut ResMut<Assets<Mesh>>,"}]}]}}
{"reason":"compiler-message","package_id":"path+file:///Users/bradyjeong/Documents/Projects/Amp/gta4/gta_game/gameplay_sim#0.1.0","manifest_path":"/Users/bradyjeong/Documents/Projects/Amp/gta4/gta_game/gameplay_sim/Cargo.toml","target":{"kind":["lib"],"crate_types":["lib"],"name":"gameplay_sim","src_path":"/Users/bradyjeong/Documents/Projects/Amp/gta4/gta_game/gameplay_sim/src/lib.rs","edition":"2021","doc":true,"doctest":true,"test":true},"message":{"rendered":"warning: unused variable: `materials`\n   --> gameplay_sim/src/systems/world/npc_lod.rs:136:5\n    |\n136 |     materials: &mut ResMut<Assets<StandardMaterial>>,\n    |     ^^^^^^^^^ help: if this is intentional, prefix it with an underscore: `_materials`\n\n","$message_type":"diagnostic","children":[{"children":[],"code":null,"level":"help","message":"if this is intentional, prefix it with an underscore","rendered":null,"spans":[{"byte_end":4362,"byte_start":4353,"column_end":14,"column_start":5,"expansion":null,"file_name":"gameplay_sim/src/systems/world/npc_lod.rs","is_primary":true,"label":null,"line_end":136,"line_start":136,"suggested_replacement":"_materials","suggestion_applicability":"MaybeIncorrect","text":[{"highlight_end":14,"highlight_start":5,"text":"    materials: &mut ResMut<Assets<StandardMaterial>>,"}]}]}],"code":{"code":"unused_variables","explanation":null},"level":"warning","message":"unused variable: `materials`","spans":[{"byte_end":4362,"byte_start":4353,"column_end":14,"column_start":5,"expansion":null,"file_name":"gameplay_sim/src/systems/world/npc_lod.rs","is_primary":true,"label":null,"line_end":136,"line_start":136,"suggested_replacement":null,"suggestion_applicability":null,"text":[{"highlight_end":14,"highlight_start":5,"text":"    materials: &mut ResMut<Assets<StandardMaterial>>,"}]}]}}
{"reason":"compiler-message","package_id":"path+file:///Users/bradyjeong/Documents/Projects/Amp/gta4/gta_game/gameplay_sim#0.1.0","manifest_path":"/Users/bradyjeong/Documents/Projects/Amp/gta4/gta_game/gameplay_sim/Cargo.toml","target":{"kind":["lib"],"crate_types":["lib"],"name":"gameplay_sim","src_path":"/Users/bradyjeong/Documents/Projects/Amp/gta4/gta_game/gameplay_sim/src/lib.rs","edition":"2021","doc":true,"doctest":true,"test":true},"message":{"rendered":"warning: unused variable: `game_config`\n  --> gameplay_sim/src/systems/world/npc_spawn.rs:23:5\n   |\n23 |     game_config: Res<GameConfig>,\n   |     ^^^^^^^^^^^ help: if this is intentional, prefix it with an underscore: `_game_config`\n\n","$message_type":"diagnostic","children":[{"children":[],"code":null,"level":"help","message":"if this is intentional, prefix it with an underscore","rendered":null,"spans":[{"byte_end":969,"byte_start":958,"column_end":16,"column_start":5,"expansion":null,"file_name":"gameplay_sim/src/systems/world/npc_spawn.rs","is_primary":true,"label":null,"line_end":23,"line_start":23,"suggested_replacement":"_game_config","suggestion_applicability":"MaybeIncorrect","text":[{"highlight_end":16,"highlight_start":5,"text":"    game_config: Res<GameConfig>,"}]}]}],"code":{"code":"unused_variables","explanation":null},"level":"warning","message":"unused variable: `game_config`","spans":[{"byte_end":969,"byte_start":958,"column_end":16,"column_start":5,"expansion":null,"file_name":"gameplay_sim/src/systems/world/npc_spawn.rs","is_primary":true,"label":null,"line_end":23,"line_start":23,"suggested_replacement":null,"suggestion_applicability":null,"text":[{"highlight_end":16,"highlight_start":5,"text":"    game_config: Res<GameConfig>,"}]}]}}
{"reason":"compiler-message","package_id":"path+file:///Users/bradyjeong/Documents/Projects/Amp/gta4/gta_game/gameplay_sim#0.1.0","manifest_path":"/Users/bradyjeong/Documents/Projects/Amp/gta4/gta_game/gameplay_sim/Cargo.toml","target":{"kind":["lib"],"crate_types":["lib"],"name":"gameplay_sim","src_path":"/Users/bradyjeong/Documents/Projects/Amp/gta4/gta_game/gameplay_sim/src/lib.rs","edition":"2021","doc":true,"doctest":true,"test":true},"message":{"rendered":"warning: unused variable: `game_config`\n  --> gameplay_sim/src/systems/world/npc_spawn.rs:23:5\n   |\n23 |     game_config: Res<GameConfig>,\n   |     ^^^^^^^^^^^ help: if this is intentional, prefix it with an underscore: `_game_config`\n\n","$message_type":"diagnostic","children":[{"children":[],"code":null,"level":"help","message":"if this is intentional, prefix it with an underscore","rendered":null,"spans":[{"byte_end":969,"byte_start":958,"column_end":16,"column_start":5,"expansion":null,"file_name":"gameplay_sim/src/systems/world/npc_spawn.rs","is_primary":true,"label":null,"line_end":23,"line_start":23,"suggested_replacement":"_game_config","suggestion_applicability":"MaybeIncorrect","text":[{"highlight_end":16,"highlight_start":5,"text":"    game_config: Res<GameConfig>,"}]}]}],"code":{"code":"unused_variables","explanation":null},"level":"warning","message":"unused variable: `game_config`","spans":[{"byte_end":969,"byte_start":958,"column_end":16,"column_start":5,"expansion":null,"file_name":"gameplay_sim/src/systems/world/npc_spawn.rs","is_primary":true,"label":null,"line_end":23,"line_start":23,"suggested_replacement":null,"suggestion_applicability":null,"text":[{"highlight_end":16,"highlight_start":5,"text":"    game_config: Res<GameConfig>,"}]}]}}
{"reason":"compiler-message","package_id":"path+file:///Users/bradyjeong/Documents/Projects/Amp/gta4/gta_game/gameplay_sim#0.1.0","manifest_path":"/Users/bradyjeong/Documents/Projects/Amp/gta4/gta_game/gameplay_sim/Cargo.toml","target":{"kind":["lib"],"crate_types":["lib"],"name":"gameplay_sim","src_path":"/Users/bradyjeong/Documents/Projects/Amp/gta4/gta_game/gameplay_sim/src/lib.rs","edition":"2021","doc":true,"doctest":true,"test":true},"message":{"rendered":"warning: unused variable: `entity`\n  --> gameplay_sim/src/systems/world/vegetation_lod.rs:61:14\n   |\n61 |         for (entity, mut veg_lod, transform, mut visibility) in vegetation_query.iter_mut() {\n   |              ^^^^^^ help: if this is intentional, prefix it with an underscore: `_entity`\n\n","$message_type":"diagnostic","children":[{"children":[],"code":null,"level":"help","message":"if this is intentional, prefix it with an underscore","rendered":null,"spans":[{"byte_end":1905,"byte_start":1899,"column_end":20,"column_start":14,"expansion":null,"file_name":"gameplay_sim/src/systems/world/vegetation_lod.rs","is_primary":true,"label":null,"line_end":61,"line_start":61,"suggested_replacement":"_entity","suggestion_applicability":"MaybeIncorrect","text":[{"highlight_end":20,"highlight_start":14,"text":"        for (entity, mut veg_lod, transform, mut visibility) in vegetation_query.iter_mut() {"}]}]}],"code":{"code":"unused_variables","explanation":null},"level":"warning","message":"unused variable: `entity`","spans":[{"byte_end":1905,"byte_start":1899,"column_end":20,"column_start":14,"expansion":null,"file_name":"gameplay_sim/src/systems/world/vegetation_lod.rs","is_primary":true,"label":null,"line_end":61,"line_start":61,"suggested_replacement":null,"suggestion_applicability":null,"text":[{"highlight_end":20,"highlight_start":14,"text":"        for (entity, mut veg_lod, transform, mut visibility) in vegetation_query.iter_mut() {"}]}]}}
{"reason":"compiler-message","package_id":"path+file:///Users/bradyjeong/Documents/Projects/Amp/gta4/gta_game/gameplay_sim#0.1.0","manifest_path":"/Users/bradyjeong/Documents/Projects/Amp/gta4/gta_game/gameplay_sim/Cargo.toml","target":{"kind":["lib"],"crate_types":["lib"],"name":"gameplay_sim","src_path":"/Users/bradyjeong/Documents/Projects/Amp/gta4/gta_game/gameplay_sim/src/lib.rs","edition":"2021","doc":true,"doctest":true,"test":true},"message":{"rendered":"warning: unused variable: `entity`\n  --> gameplay_sim/src/systems/world/vegetation_lod.rs:61:14\n   |\n61 |         for (entity, mut veg_lod, transform, mut visibility) in vegetation_query.iter_mut() {\n   |              ^^^^^^ help: if this is intentional, prefix it with an underscore: `_entity`\n\n","$message_type":"diagnostic","children":[{"children":[],"code":null,"level":"help","message":"if this is intentional, prefix it with an underscore","rendered":null,"spans":[{"byte_end":1905,"byte_start":1899,"column_end":20,"column_start":14,"expansion":null,"file_name":"gameplay_sim/src/systems/world/vegetation_lod.rs","is_primary":true,"label":null,"line_end":61,"line_start":61,"suggested_replacement":"_entity","suggestion_applicability":"MaybeIncorrect","text":[{"highlight_end":20,"highlight_start":14,"text":"        for (entity, mut veg_lod, transform, mut visibility) in vegetation_query.iter_mut() {"}]}]}],"code":{"code":"unused_variables","explanation":null},"level":"warning","message":"unused variable: `entity`","spans":[{"byte_end":1905,"byte_start":1899,"column_end":20,"column_start":14,"expansion":null,"file_name":"gameplay_sim/src/systems/world/vegetation_lod.rs","is_primary":true,"label":null,"line_end":61,"line_start":61,"suggested_replacement":null,"suggestion_applicability":null,"text":[{"highlight_end":20,"highlight_start":14,"text":"        for (entity, mut veg_lod, transform, mut visibility) in vegetation_query.iter_mut() {"}]}]}}
{"reason":"compiler-message","package_id":"path+file:///Users/bradyjeong/Documents/Projects/Amp/gta4/gta_game/gameplay_sim#0.1.0","manifest_path":"/Users/bradyjeong/Documents/Projects/Amp/gta4/gta_game/gameplay_sim/Cargo.toml","target":{"kind":["lib"],"crate_types":["lib"],"name":"gameplay_sim","src_path":"/Users/bradyjeong/Documents/Projects/Amp/gta4/gta_game/gameplay_sim/src/lib.rs","edition":"2021","doc":true,"doctest":true,"test":true},"message":{"rendered":"warning: unused variable: `meshes`\n   --> gameplay_sim/src/systems/world/vegetation_lod.rs:114:9\n    |\n114 |     mut meshes: ResMut<Assets<Mesh>>,\n    |         ^^^^^^ help: if this is intentional, prefix it with an underscore: `_meshes`\n\n","$message_type":"diagnostic","children":[{"children":[],"code":null,"level":"help","message":"if this is intentional, prefix it with an underscore","rendered":null,"spans":[{"byte_end":4144,"byte_start":4138,"column_end":15,"column_start":9,"expansion":null,"file_name":"gameplay_sim/src/systems/world/vegetation_lod.rs","is_primary":true,"label":null,"line_end":114,"line_start":114,"suggested_replacement":"_meshes","suggestion_applicability":"MaybeIncorrect","text":[{"highlight_end":15,"highlight_start":9,"text":"    mut meshes: ResMut<Assets<Mesh>>,"}]}]}],"code":{"code":"unused_variables","explanation":null},"level":"warning","message":"unused variable: `meshes`","spans":[{"byte_end":4144,"byte_start":4138,"column_end":15,"column_start":9,"expansion":null,"file_name":"gameplay_sim/src/systems/world/vegetation_lod.rs","is_primary":true,"label":null,"line_end":114,"line_start":114,"suggested_replacement":null,"suggestion_applicability":null,"text":[{"highlight_end":15,"highlight_start":9,"text":"    mut meshes: ResMut<Assets<Mesh>>,"}]}]}}
{"reason":"compiler-message","package_id":"path+file:///Users/bradyjeong/Documents/Projects/Amp/gta4/gta_game/gameplay_sim#0.1.0","manifest_path":"/Users/bradyjeong/Documents/Projects/Amp/gta4/gta_game/gameplay_sim/Cargo.toml","target":{"kind":["lib"],"crate_types":["lib"],"name":"gameplay_sim","src_path":"/Users/bradyjeong/Documents/Projects/Amp/gta4/gta_game/gameplay_sim/src/lib.rs","edition":"2021","doc":true,"doctest":true,"test":true},"message":{"rendered":"warning: unused variable: `materials`\n   --> gameplay_sim/src/systems/world/vegetation_lod.rs:115:9\n    |\n115 |     mut materials: ResMut<Assets<StandardMaterial>>,\n    |         ^^^^^^^^^ help: if this is intentional, prefix it with an underscore: `_materials`\n\n","$message_type":"diagnostic","children":[{"children":[],"code":null,"level":"help","message":"if this is intentional, prefix it with an underscore","rendered":null,"spans":[{"byte_end":4185,"byte_start":4176,"column_end":18,"column_start":9,"expansion":null,"file_name":"gameplay_sim/src/systems/world/vegetation_lod.rs","is_primary":true,"label":null,"line_end":115,"line_start":115,"suggested_replacement":"_materials","suggestion_applicability":"MaybeIncorrect","text":[{"highlight_end":18,"highlight_start":9,"text":"    mut materials: ResMut<Assets<StandardMaterial>>,"}]}]}],"code":{"code":"unused_variables","explanation":null},"level":"warning","message":"unused variable: `materials`","spans":[{"byte_end":4185,"byte_start":4176,"column_end":18,"column_start":9,"expansion":null,"file_name":"gameplay_sim/src/systems/world/vegetation_lod.rs","is_primary":true,"label":null,"line_end":115,"line_start":115,"suggested_replacement":null,"suggestion_applicability":null,"text":[{"highlight_end":18,"highlight_start":9,"text":"    mut materials: ResMut<Assets<StandardMaterial>>,"}]}]}}
{"reason":"compiler-message","package_id":"path+file:///Users/bradyjeong/Documents/Projects/Amp/gta4/gta_game/gameplay_sim#0.1.0","manifest_path":"/Users/bradyjeong/Documents/Projects/Amp/gta4/gta_game/gameplay_sim/Cargo.toml","target":{"kind":["lib"],"crate_types":["lib"],"name":"gameplay_sim","src_path":"/Users/bradyjeong/Documents/Projects/Amp/gta4/gta_game/gameplay_sim/src/lib.rs","edition":"2021","doc":true,"doctest":true,"test":true},"message":{"rendered":"warning: unused variable: `meshes`\n   --> gameplay_sim/src/systems/world/vegetation_lod.rs:114:9\n    |\n114 |     mut meshes: ResMut<Assets<Mesh>>,\n    |         ^^^^^^ help: if this is intentional, prefix it with an underscore: `_meshes`\n\n","$message_type":"diagnostic","children":[{"children":[],"code":null,"level":"help","message":"if this is intentional, prefix it with an underscore","rendered":null,"spans":[{"byte_end":4144,"byte_start":4138,"column_end":15,"column_start":9,"expansion":null,"file_name":"gameplay_sim/src/systems/world/vegetation_lod.rs","is_primary":true,"label":null,"line_end":114,"line_start":114,"suggested_replacement":"_meshes","suggestion_applicability":"MaybeIncorrect","text":[{"highlight_end":15,"highlight_start":9,"text":"    mut meshes: ResMut<Assets<Mesh>>,"}]}]}],"code":{"code":"unused_variables","explanation":null},"level":"warning","message":"unused variable: `meshes`","spans":[{"byte_end":4144,"byte_start":4138,"column_end":15,"column_start":9,"expansion":null,"file_name":"gameplay_sim/src/systems/world/vegetation_lod.rs","is_primary":true,"label":null,"line_end":114,"line_start":114,"suggested_replacement":null,"suggestion_applicability":null,"text":[{"highlight_end":15,"highlight_start":9,"text":"    mut meshes: ResMut<Assets<Mesh>>,"}]}]}}
{"reason":"compiler-message","package_id":"path+file:///Users/bradyjeong/Documents/Projects/Amp/gta4/gta_game/gameplay_sim#0.1.0","manifest_path":"/Users/bradyjeong/Documents/Projects/Amp/gta4/gta_game/gameplay_sim/Cargo.toml","target":{"kind":["lib"],"crate_types":["lib"],"name":"gameplay_sim","src_path":"/Users/bradyjeong/Documents/Projects/Amp/gta4/gta_game/gameplay_sim/src/lib.rs","edition":"2021","doc":true,"doctest":true,"test":true},"message":{"rendered":"warning: unused variable: `materials`\n   --> gameplay_sim/src/systems/world/vegetation_lod.rs:115:9\n    |\n115 |     mut materials: ResMut<Assets<StandardMaterial>>,\n    |         ^^^^^^^^^ help: if this is intentional, prefix it with an underscore: `_materials`\n\n","$message_type":"diagnostic","children":[{"children":[],"code":null,"level":"help","message":"if this is intentional, prefix it with an underscore","rendered":null,"spans":[{"byte_end":4185,"byte_start":4176,"column_end":18,"column_start":9,"expansion":null,"file_name":"gameplay_sim/src/systems/world/vegetation_lod.rs","is_primary":true,"label":null,"line_end":115,"line_start":115,"suggested_replacement":"_materials","suggestion_applicability":"MaybeIncorrect","text":[{"highlight_end":18,"highlight_start":9,"text":"    mut materials: ResMut<Assets<StandardMaterial>>,"}]}]}],"code":{"code":"unused_variables","explanation":null},"level":"warning","message":"unused variable: `materials`","spans":[{"byte_end":4185,"byte_start":4176,"column_end":18,"column_start":9,"expansion":null,"file_name":"gameplay_sim/src/systems/world/vegetation_lod.rs","is_primary":true,"label":null,"line_end":115,"line_start":115,"suggested_replacement":null,"suggestion_applicability":null,"text":[{"highlight_end":18,"highlight_start":9,"text":"    mut materials: ResMut<Assets<StandardMaterial>>,"}]}]}}
{"reason":"compiler-message","package_id":"path+file:///Users/bradyjeong/Documents/Projects/Amp/gta4/gta_game/gameplay_sim#0.1.0","manifest_path":"/Users/bradyjeong/Documents/Projects/Amp/gta4/gta_game/gameplay_sim/Cargo.toml","target":{"kind":["lib"],"crate_types":["lib"],"name":"gameplay_sim","src_path":"/Users/bradyjeong/Documents/Projects/Amp/gta4/gta_game/gameplay_sim/src/lib.rs","edition":"2021","doc":true,"doctest":true,"test":true},"message":{"rendered":"warning: variable does not need to be mutable\n   --> gameplay_sim/src/systems/world/vegetation_lod.rs:114:5\n    |\n114 |     mut meshes: ResMut<Assets<Mesh>>,\n    |     ----^^^^^^\n    |     |\n    |     help: remove this `mut`\n\n","$message_type":"diagnostic","children":[{"children":[],"code":null,"level":"help","message":"remove this `mut`","rendered":null,"spans":[{"byte_end":4138,"byte_start":4134,"column_end":9,"column_start":5,"expansion":null,"file_name":"gameplay_sim/src/systems/world/vegetation_lod.rs","is_primary":true,"label":null,"line_end":114,"line_start":114,"suggested_replacement":"","suggestion_applicability":"MachineApplicable","text":[{"highlight_end":9,"highlight_start":5,"text":"    mut meshes: ResMut<Assets<Mesh>>,"}]}]}],"code":{"code":"unused_mut","explanation":null},"level":"warning","message":"variable does not need to be mutable","spans":[{"byte_end":4144,"byte_start":4134,"column_end":15,"column_start":5,"expansion":null,"file_name":"gameplay_sim/src/systems/world/vegetation_lod.rs","is_primary":true,"label":null,"line_end":114,"line_start":114,"suggested_replacement":null,"suggestion_applicability":null,"text":[{"highlight_end":15,"highlight_start":5,"text":"    mut meshes: ResMut<Assets<Mesh>>,"}]}]}}
{"reason":"compiler-message","package_id":"path+file:///Users/bradyjeong/Documents/Projects/Amp/gta4/gta_game/gameplay_sim#0.1.0","manifest_path":"/Users/bradyjeong/Documents/Projects/Amp/gta4/gta_game/gameplay_sim/Cargo.toml","target":{"kind":["lib"],"crate_types":["lib"],"name":"gameplay_sim","src_path":"/Users/bradyjeong/Documents/Projects/Amp/gta4/gta_game/gameplay_sim/src/lib.rs","edition":"2021","doc":true,"doctest":true,"test":true},"message":{"rendered":"warning: variable does not need to be mutable\n   --> gameplay_sim/src/systems/world/vegetation_lod.rs:115:5\n    |\n115 |     mut materials: ResMut<Assets<StandardMaterial>>,\n    |     ----^^^^^^^^^\n    |     |\n    |     help: remove this `mut`\n\n","$message_type":"diagnostic","children":[{"children":[],"code":null,"level":"help","message":"remove this `mut`","rendered":null,"spans":[{"byte_end":4176,"byte_start":4172,"column_end":9,"column_start":5,"expansion":null,"file_name":"gameplay_sim/src/systems/world/vegetation_lod.rs","is_primary":true,"label":null,"line_end":115,"line_start":115,"suggested_replacement":"","suggestion_applicability":"MachineApplicable","text":[{"highlight_end":9,"highlight_start":5,"text":"    mut materials: ResMut<Assets<StandardMaterial>>,"}]}]}],"code":{"code":"unused_mut","explanation":null},"level":"warning","message":"variable does not need to be mutable","spans":[{"byte_end":4185,"byte_start":4172,"column_end":18,"column_start":5,"expansion":null,"file_name":"gameplay_sim/src/systems/world/vegetation_lod.rs","is_primary":true,"label":null,"line_end":115,"line_start":115,"suggested_replacement":null,"suggestion_applicability":null,"text":[{"highlight_end":18,"highlight_start":5,"text":"    mut materials: ResMut<Assets<StandardMaterial>>,"}]}]}}
{"reason":"compiler-message","package_id":"path+file:///Users/bradyjeong/Documents/Projects/Amp/gta4/gta_game/gameplay_sim#0.1.0","manifest_path":"/Users/bradyjeong/Documents/Projects/Amp/gta4/gta_game/gameplay_sim/Cargo.toml","target":{"kind":["lib"],"crate_types":["lib"],"name":"gameplay_sim","src_path":"/Users/bradyjeong/Documents/Projects/Amp/gta4/gta_game/gameplay_sim/src/lib.rs","edition":"2021","doc":true,"doctest":true,"test":true},"message":{"rendered":"warning: unused variable: `meshes`\n   --> gameplay_sim/src/systems/world/vegetation_lod.rs:166:5\n    |\n166 |     meshes: &mut ResMut<Assets<Mesh>>,\n    |     ^^^^^^ help: if this is intentional, prefix it with an underscore: `_meshes`\n\n","$message_type":"diagnostic","children":[{"children":[],"code":null,"level":"help","message":"if this is intentional, prefix it with an underscore","rendered":null,"spans":[{"byte_end":5912,"byte_start":5906,"column_end":11,"column_start":5,"expansion":null,"file_name":"gameplay_sim/src/systems/world/vegetation_lod.rs","is_primary":true,"label":null,"line_end":166,"line_start":166,"suggested_replacement":"_meshes","suggestion_applicability":"MaybeIncorrect","text":[{"highlight_end":11,"highlight_start":5,"text":"    meshes: &mut ResMut<Assets<Mesh>>,"}]}]}],"code":{"code":"unused_variables","explanation":null},"level":"warning","message":"unused variable: `meshes`","spans":[{"byte_end":5912,"byte_start":5906,"column_end":11,"column_start":5,"expansion":null,"file_name":"gameplay_sim/src/systems/world/vegetation_lod.rs","is_primary":true,"label":null,"line_end":166,"line_start":166,"suggested_replacement":null,"suggestion_applicability":null,"text":[{"highlight_end":11,"highlight_start":5,"text":"    meshes: &mut ResMut<Assets<Mesh>>,"}]}]}}
{"reason":"compiler-message","package_id":"path+file:///Users/bradyjeong/Documents/Projects/Amp/gta4/gta_game/gameplay_sim#0.1.0","manifest_path":"/Users/bradyjeong/Documents/Projects/Amp/gta4/gta_game/gameplay_sim/Cargo.toml","target":{"kind":["lib"],"crate_types":["lib"],"name":"gameplay_sim","src_path":"/Users/bradyjeong/Documents/Projects/Amp/gta4/gta_game/gameplay_sim/src/lib.rs","edition":"2021","doc":true,"doctest":true,"test":true},"message":{"rendered":"warning: unused variable: `materials`\n   --> gameplay_sim/src/systems/world/vegetation_lod.rs:167:5\n    |\n167 |     materials: &mut ResMut<Assets<StandardMaterial>>,\n    |     ^^^^^^^^^ help: if this is intentional, prefix it with an underscore: `_materials`\n\n","$message_type":"diagnostic","children":[{"children":[],"code":null,"level":"help","message":"if this is intentional, prefix it with an underscore","rendered":null,"spans":[{"byte_end":5954,"byte_start":5945,"column_end":14,"column_start":5,"expansion":null,"file_name":"gameplay_sim/src/systems/world/vegetation_lod.rs","is_primary":true,"label":null,"line_end":167,"line_start":167,"suggested_replacement":"_materials","suggestion_applicability":"MaybeIncorrect","text":[{"highlight_end":14,"highlight_start":5,"text":"    materials: &mut ResMut<Assets<StandardMaterial>>,"}]}]}],"code":{"code":"unused_variables","explanation":null},"level":"warning","message":"unused variable: `materials`","spans":[{"byte_end":5954,"byte_start":5945,"column_end":14,"column_start":5,"expansion":null,"file_name":"gameplay_sim/src/systems/world/vegetation_lod.rs","is_primary":true,"label":null,"line_end":167,"line_start":167,"suggested_replacement":null,"suggestion_applicability":null,"text":[{"highlight_end":14,"highlight_start":5,"text":"    materials: &mut ResMut<Assets<StandardMaterial>>,"}]}]}}
{"reason":"compiler-message","package_id":"path+file:///Users/bradyjeong/Documents/Projects/Amp/gta4/gta_game/gameplay_sim#0.1.0","manifest_path":"/Users/bradyjeong/Documents/Projects/Amp/gta4/gta_game/gameplay_sim/Cargo.toml","target":{"kind":["lib"],"crate_types":["lib"],"name":"gameplay_sim","src_path":"/Users/bradyjeong/Documents/Projects/Amp/gta4/gta_game/gameplay_sim/src/lib.rs","edition":"2021","doc":true,"doctest":true,"test":true},"message":{"rendered":"warning: variable does not need to be mutable\n   --> gameplay_sim/src/systems/world/vegetation_lod.rs:114:5\n    |\n114 |     mut meshes: ResMut<Assets<Mesh>>,\n    |     ----^^^^^^\n    |     |\n    |     help: remove this `mut`\n\n","$message_type":"diagnostic","children":[{"children":[],"code":null,"level":"help","message":"remove this `mut`","rendered":null,"spans":[{"byte_end":4138,"byte_start":4134,"column_end":9,"column_start":5,"expansion":null,"file_name":"gameplay_sim/src/systems/world/vegetation_lod.rs","is_primary":true,"label":null,"line_end":114,"line_start":114,"suggested_replacement":"","suggestion_applicability":"MachineApplicable","text":[{"highlight_end":9,"highlight_start":5,"text":"    mut meshes: ResMut<Assets<Mesh>>,"}]}]}],"code":{"code":"unused_mut","explanation":null},"level":"warning","message":"variable does not need to be mutable","spans":[{"byte_end":4144,"byte_start":4134,"column_end":15,"column_start":5,"expansion":null,"file_name":"gameplay_sim/src/systems/world/vegetation_lod.rs","is_primary":true,"label":null,"line_end":114,"line_start":114,"suggested_replacement":null,"suggestion_applicability":null,"text":[{"highlight_end":15,"highlight_start":5,"text":"    mut meshes: ResMut<Assets<Mesh>>,"}]}]}}
{"reason":"compiler-message","package_id":"path+file:///Users/bradyjeong/Documents/Projects/Amp/gta4/gta_game/gameplay_sim#0.1.0","manifest_path":"/Users/bradyjeong/Documents/Projects/Amp/gta4/gta_game/gameplay_sim/Cargo.toml","target":{"kind":["lib"],"crate_types":["lib"],"name":"gameplay_sim","src_path":"/Users/bradyjeong/Documents/Projects/Amp/gta4/gta_game/gameplay_sim/src/lib.rs","edition":"2021","doc":true,"doctest":true,"test":true},"message":{"rendered":"warning: variable does not need to be mutable\n   --> gameplay_sim/src/systems/world/vegetation_lod.rs:115:5\n    |\n115 |     mut materials: ResMut<Assets<StandardMaterial>>,\n    |     ----^^^^^^^^^\n    |     |\n    |     help: remove this `mut`\n\n","$message_type":"diagnostic","children":[{"children":[],"code":null,"level":"help","message":"remove this `mut`","rendered":null,"spans":[{"byte_end":4176,"byte_start":4172,"column_end":9,"column_start":5,"expansion":null,"file_name":"gameplay_sim/src/systems/world/vegetation_lod.rs","is_primary":true,"label":null,"line_end":115,"line_start":115,"suggested_replacement":"","suggestion_applicability":"MachineApplicable","text":[{"highlight_end":9,"highlight_start":5,"text":"    mut materials: ResMut<Assets<StandardMaterial>>,"}]}]}],"code":{"code":"unused_mut","explanation":null},"level":"warning","message":"variable does not need to be mutable","spans":[{"byte_end":4185,"byte_start":4172,"column_end":18,"column_start":5,"expansion":null,"file_name":"gameplay_sim/src/systems/world/vegetation_lod.rs","is_primary":true,"label":null,"line_end":115,"line_start":115,"suggested_replacement":null,"suggestion_applicability":null,"text":[{"highlight_end":18,"highlight_start":5,"text":"    mut materials: ResMut<Assets<StandardMaterial>>,"}]}]}}
{"reason":"compiler-message","package_id":"path+file:///Users/bradyjeong/Documents/Projects/Amp/gta4/gta_game/gameplay_sim#0.1.0","manifest_path":"/Users/bradyjeong/Documents/Projects/Amp/gta4/gta_game/gameplay_sim/Cargo.toml","target":{"kind":["lib"],"crate_types":["lib"],"name":"gameplay_sim","src_path":"/Users/bradyjeong/Documents/Projects/Amp/gta4/gta_game/gameplay_sim/src/lib.rs","edition":"2021","doc":true,"doctest":true,"test":true},"message":{"rendered":"warning: unused variable: `meshes`\n   --> gameplay_sim/src/systems/world/vegetation_lod.rs:166:5\n    |\n166 |     meshes: &mut ResMut<Assets<Mesh>>,\n    |     ^^^^^^ help: if this is intentional, prefix it with an underscore: `_meshes`\n\n","$message_type":"diagnostic","children":[{"children":[],"code":null,"level":"help","message":"if this is intentional, prefix it with an underscore","rendered":null,"spans":[{"byte_end":5912,"byte_start":5906,"column_end":11,"column_start":5,"expansion":null,"file_name":"gameplay_sim/src/systems/world/vegetation_lod.rs","is_primary":true,"label":null,"line_end":166,"line_start":166,"suggested_replacement":"_meshes","suggestion_applicability":"MaybeIncorrect","text":[{"highlight_end":11,"highlight_start":5,"text":"    meshes: &mut ResMut<Assets<Mesh>>,"}]}]}],"code":{"code":"unused_variables","explanation":null},"level":"warning","message":"unused variable: `meshes`","spans":[{"byte_end":5912,"byte_start":5906,"column_end":11,"column_start":5,"expansion":null,"file_name":"gameplay_sim/src/systems/world/vegetation_lod.rs","is_primary":true,"label":null,"line_end":166,"line_start":166,"suggested_replacement":null,"suggestion_applicability":null,"text":[{"highlight_end":11,"highlight_start":5,"text":"    meshes: &mut ResMut<Assets<Mesh>>,"}]}]}}
{"reason":"compiler-message","package_id":"path+file:///Users/bradyjeong/Documents/Projects/Amp/gta4/gta_game/gameplay_sim#0.1.0","manifest_path":"/Users/bradyjeong/Documents/Projects/Amp/gta4/gta_game/gameplay_sim/Cargo.toml","target":{"kind":["lib"],"crate_types":["lib"],"name":"gameplay_sim","src_path":"/Users/bradyjeong/Documents/Projects/Amp/gta4/gta_game/gameplay_sim/src/lib.rs","edition":"2021","doc":true,"doctest":true,"test":true},"message":{"rendered":"warning: unused variable: `materials`\n   --> gameplay_sim/src/systems/world/vegetation_lod.rs:167:5\n    |\n167 |     materials: &mut ResMut<Assets<StandardMaterial>>,\n    |     ^^^^^^^^^ help: if this is intentional, prefix it with an underscore: `_materials`\n\n","$message_type":"diagnostic","children":[{"children":[],"code":null,"level":"help","message":"if this is intentional, prefix it with an underscore","rendered":null,"spans":[{"byte_end":5954,"byte_start":5945,"column_end":14,"column_start":5,"expansion":null,"file_name":"gameplay_sim/src/systems/world/vegetation_lod.rs","is_primary":true,"label":null,"line_end":167,"line_start":167,"suggested_replacement":"_materials","suggestion_applicability":"MaybeIncorrect","text":[{"highlight_end":14,"highlight_start":5,"text":"    materials: &mut ResMut<Assets<StandardMaterial>>,"}]}]}],"code":{"code":"unused_variables","explanation":null},"level":"warning","message":"unused variable: `materials`","spans":[{"byte_end":5954,"byte_start":5945,"column_end":14,"column_start":5,"expansion":null,"file_name":"gameplay_sim/src/systems/world/vegetation_lod.rs","is_primary":true,"label":null,"line_end":167,"line_start":167,"suggested_replacement":null,"suggestion_applicability":null,"text":[{"highlight_end":14,"highlight_start":5,"text":"    materials: &mut ResMut<Assets<StandardMaterial>>,"}]}]}}
{"reason":"compiler-message","package_id":"path+file:///Users/bradyjeong/Documents/Projects/Amp/gta4/gta_game/gameplay_sim#0.1.0","manifest_path":"/Users/bradyjeong/Documents/Projects/Amp/gta4/gta_game/gameplay_sim/Cargo.toml","target":{"kind":["lib"],"crate_types":["lib"],"name":"gameplay_sim","src_path":"/Users/bradyjeong/Documents/Projects/Amp/gta4/gta_game/gameplay_sim/src/lib.rs","edition":"2021","doc":true,"doctest":true,"test":true},"message":{"rendered":"warning: unused variable: `time`\n   --> gameplay_sim/src/systems/world/unified_distance_culling.rs:114:5\n    |\n114 |     time: Res<Time>,\n    |     ^^^^ help: if this is intentional, prefix it with an underscore: `_time`\n\n","$message_type":"diagnostic","children":[{"children":[],"code":null,"level":"help","message":"if this is intentional, prefix it with an underscore","rendered":null,"spans":[{"byte_end":2872,"byte_start":2868,"column_end":9,"column_start":5,"expansion":null,"file_name":"gameplay_sim/src/systems/world/unified_distance_culling.rs","is_primary":true,"label":null,"line_end":114,"line_start":114,"suggested_replacement":"_time","suggestion_applicability":"MaybeIncorrect","text":[{"highlight_end":9,"highlight_start":5,"text":"    time: Res<Time>,"}]}]}],"code":{"code":"unused_variables","explanation":null},"level":"warning","message":"unused variable: `time`","spans":[{"byte_end":2872,"byte_start":2868,"column_end":9,"column_start":5,"expansion":null,"file_name":"gameplay_sim/src/systems/world/unified_distance_culling.rs","is_primary":true,"label":null,"line_end":114,"line_start":114,"suggested_replacement":null,"suggestion_applicability":null,"text":[{"highlight_end":9,"highlight_start":5,"text":"    time: Res<Time>,"}]}]}}
{"reason":"compiler-message","package_id":"path+file:///Users/bradyjeong/Documents/Projects/Amp/gta4/gta_game/gameplay_sim#0.1.0","manifest_path":"/Users/bradyjeong/Documents/Projects/Amp/gta4/gta_game/gameplay_sim/Cargo.toml","target":{"kind":["lib"],"crate_types":["lib"],"name":"gameplay_sim","src_path":"/Users/bradyjeong/Documents/Projects/Amp/gta4/gta_game/gameplay_sim/src/lib.rs","edition":"2021","doc":true,"doctest":true,"test":true},"message":{"rendered":"warning: unused variable: `time`\n   --> gameplay_sim/src/systems/world/unified_distance_culling.rs:114:5\n    |\n114 |     time: Res<Time>,\n    |     ^^^^ help: if this is intentional, prefix it with an underscore: `_time`\n\n","$message_type":"diagnostic","children":[{"children":[],"code":null,"level":"help","message":"if this is intentional, prefix it with an underscore","rendered":null,"spans":[{"byte_end":2872,"byte_start":2868,"column_end":9,"column_start":5,"expansion":null,"file_name":"gameplay_sim/src/systems/world/unified_distance_culling.rs","is_primary":true,"label":null,"line_end":114,"line_start":114,"suggested_replacement":"_time","suggestion_applicability":"MaybeIncorrect","text":[{"highlight_end":9,"highlight_start":5,"text":"    time: Res<Time>,"}]}]}],"code":{"code":"unused_variables","explanation":null},"level":"warning","message":"unused variable: `time`","spans":[{"byte_end":2872,"byte_start":2868,"column_end":9,"column_start":5,"expansion":null,"file_name":"gameplay_sim/src/systems/world/unified_distance_culling.rs","is_primary":true,"label":null,"line_end":114,"line_start":114,"suggested_replacement":null,"suggestion_applicability":null,"text":[{"highlight_end":9,"highlight_start":5,"text":"    time: Res<Time>,"}]}]}}
{"reason":"compiler-message","package_id":"path+file:///Users/bradyjeong/Documents/Projects/Amp/gta4/gta_game/gameplay_sim#0.1.0","manifest_path":"/Users/bradyjeong/Documents/Projects/Amp/gta4/gta_game/gameplay_sim/Cargo.toml","target":{"kind":["lib"],"crate_types":["lib"],"name":"gameplay_sim","src_path":"/Users/bradyjeong/Documents/Projects/Amp/gta4/gta_game/gameplay_sim/src/lib.rs","edition":"2021","doc":true,"doctest":true,"test":true},"message":{"rendered":"warning: unused variable: `entity`\n   --> gameplay_sim/src/systems/world/unified_distance_culling.rs:165:10\n    |\n165 |     for (entity, cullable, vehicle_state) in vehicle_query.iter() {\n    |          ^^^^^^ help: if this is intentional, prefix it with an underscore: `_entity`\n\n","$message_type":"diagnostic","children":[{"children":[],"code":null,"level":"help","message":"if this is intentional, prefix it with an underscore","rendered":null,"spans":[{"byte_end":4633,"byte_start":4627,"column_end":16,"column_start":10,"expansion":null,"file_name":"gameplay_sim/src/systems/world/unified_distance_culling.rs","is_primary":true,"label":null,"line_end":165,"line_start":165,"suggested_replacement":"_entity","suggestion_applicability":"MaybeIncorrect","text":[{"highlight_end":16,"highlight_start":10,"text":"    for (entity, cullable, vehicle_state) in vehicle_query.iter() {"}]}]}],"code":{"code":"unused_variables","explanation":null},"level":"warning","message":"unused variable: `entity`","spans":[{"byte_end":4633,"byte_start":4627,"column_end":16,"column_start":10,"expansion":null,"file_name":"gameplay_sim/src/systems/world/unified_distance_culling.rs","is_primary":true,"label":null,"line_end":165,"line_start":165,"suggested_replacement":null,"suggestion_applicability":null,"text":[{"highlight_end":16,"highlight_start":10,"text":"    for (entity, cullable, vehicle_state) in vehicle_query.iter() {"}]}]}}
{"reason":"compiler-message","package_id":"path+file:///Users/bradyjeong/Documents/Projects/Amp/gta4/gta_game/gameplay_sim#0.1.0","manifest_path":"/Users/bradyjeong/Documents/Projects/Amp/gta4/gta_game/gameplay_sim/Cargo.toml","target":{"kind":["lib"],"crate_types":["lib"],"name":"gameplay_sim","src_path":"/Users/bradyjeong/Documents/Projects/Amp/gta4/gta_game/gameplay_sim/src/lib.rs","edition":"2021","doc":true,"doctest":true,"test":true},"message":{"rendered":"warning: unused variable: `vehicle_state`\n   --> gameplay_sim/src/systems/world/unified_distance_culling.rs:165:28\n    |\n165 |     for (entity, cullable, vehicle_state) in vehicle_query.iter() {\n    |                            ^^^^^^^^^^^^^ help: if this is intentional, prefix it with an underscore: `_vehicle_state`\n\n","$message_type":"diagnostic","children":[{"children":[],"code":null,"level":"help","message":"if this is intentional, prefix it with an underscore","rendered":null,"spans":[{"byte_end":4658,"byte_start":4645,"column_end":41,"column_start":28,"expansion":null,"file_name":"gameplay_sim/src/systems/world/unified_distance_culling.rs","is_primary":true,"label":null,"line_end":165,"line_start":165,"suggested_replacement":"_vehicle_state","suggestion_applicability":"MaybeIncorrect","text":[{"highlight_end":41,"highlight_start":28,"text":"    for (entity, cullable, vehicle_state) in vehicle_query.iter() {"}]}]}],"code":{"code":"unused_variables","explanation":null},"level":"warning","message":"unused variable: `vehicle_state`","spans":[{"byte_end":4658,"byte_start":4645,"column_end":41,"column_start":28,"expansion":null,"file_name":"gameplay_sim/src/systems/world/unified_distance_culling.rs","is_primary":true,"label":null,"line_end":165,"line_start":165,"suggested_replacement":null,"suggestion_applicability":null,"text":[{"highlight_end":41,"highlight_start":28,"text":"    for (entity, cullable, vehicle_state) in vehicle_query.iter() {"}]}]}}
{"reason":"compiler-message","package_id":"path+file:///Users/bradyjeong/Documents/Projects/Amp/gta4/gta_game/gameplay_sim#0.1.0","manifest_path":"/Users/bradyjeong/Documents/Projects/Amp/gta4/gta_game/gameplay_sim/Cargo.toml","target":{"kind":["lib"],"crate_types":["lib"],"name":"gameplay_sim","src_path":"/Users/bradyjeong/Documents/Projects/Amp/gta4/gta_game/gameplay_sim/src/lib.rs","edition":"2021","doc":true,"doctest":true,"test":true},"message":{"rendered":"warning: unused variable: `target_lod`\n   --> gameplay_sim/src/systems/world/unified_distance_culling.rs:167:13\n    |\n167 |         let target_lod = if cullable.last_distance < 100.0 {\n    |             ^^^^^^^^^^ help: if this is intentional, prefix it with an underscore: `_target_lod`\n\n","$message_type":"diagnostic","children":[{"children":[],"code":null,"level":"help","message":"if this is intentional, prefix it with an underscore","rendered":null,"spans":[{"byte_end":4787,"byte_start":4777,"column_end":23,"column_start":13,"expansion":null,"file_name":"gameplay_sim/src/systems/world/unified_distance_culling.rs","is_primary":true,"label":null,"line_end":167,"line_start":167,"suggested_replacement":"_target_lod","suggestion_applicability":"MaybeIncorrect","text":[{"highlight_end":23,"highlight_start":13,"text":"        let target_lod = if cullable.last_distance < 100.0 {"}]}]}],"code":{"code":"unused_variables","explanation":null},"level":"warning","message":"unused variable: `target_lod`","spans":[{"byte_end":4787,"byte_start":4777,"column_end":23,"column_start":13,"expansion":null,"file_name":"gameplay_sim/src/systems/world/unified_distance_culling.rs","is_primary":true,"label":null,"line_end":167,"line_start":167,"suggested_replacement":null,"suggestion_applicability":null,"text":[{"highlight_end":23,"highlight_start":13,"text":"        let target_lod = if cullable.last_distance < 100.0 {"}]}]}}
{"reason":"compiler-message","package_id":"path+file:///Users/bradyjeong/Documents/Projects/Amp/gta4/gta_game/gameplay_sim#0.1.0","manifest_path":"/Users/bradyjeong/Documents/Projects/Amp/gta4/gta_game/gameplay_sim/Cargo.toml","target":{"kind":["lib"],"crate_types":["lib"],"name":"gameplay_sim","src_path":"/Users/bradyjeong/Documents/Projects/Amp/gta4/gta_game/gameplay_sim/src/lib.rs","edition":"2021","doc":true,"doctest":true,"test":true},"message":{"rendered":"warning: unused variable: `entity`\n   --> gameplay_sim/src/systems/world/unified_distance_culling.rs:165:10\n    |\n165 |     for (entity, cullable, vehicle_state) in vehicle_query.iter() {\n    |          ^^^^^^ help: if this is intentional, prefix it with an underscore: `_entity`\n\n","$message_type":"diagnostic","children":[{"children":[],"code":null,"level":"help","message":"if this is intentional, prefix it with an underscore","rendered":null,"spans":[{"byte_end":4633,"byte_start":4627,"column_end":16,"column_start":10,"expansion":null,"file_name":"gameplay_sim/src/systems/world/unified_distance_culling.rs","is_primary":true,"label":null,"line_end":165,"line_start":165,"suggested_replacement":"_entity","suggestion_applicability":"MaybeIncorrect","text":[{"highlight_end":16,"highlight_start":10,"text":"    for (entity, cullable, vehicle_state) in vehicle_query.iter() {"}]}]}],"code":{"code":"unused_variables","explanation":null},"level":"warning","message":"unused variable: `entity`","spans":[{"byte_end":4633,"byte_start":4627,"column_end":16,"column_start":10,"expansion":null,"file_name":"gameplay_sim/src/systems/world/unified_distance_culling.rs","is_primary":true,"label":null,"line_end":165,"line_start":165,"suggested_replacement":null,"suggestion_applicability":null,"text":[{"highlight_end":16,"highlight_start":10,"text":"    for (entity, cullable, vehicle_state) in vehicle_query.iter() {"}]}]}}
{"reason":"compiler-message","package_id":"path+file:///Users/bradyjeong/Documents/Projects/Amp/gta4/gta_game/gameplay_sim#0.1.0","manifest_path":"/Users/bradyjeong/Documents/Projects/Amp/gta4/gta_game/gameplay_sim/Cargo.toml","target":{"kind":["lib"],"crate_types":["lib"],"name":"gameplay_sim","src_path":"/Users/bradyjeong/Documents/Projects/Amp/gta4/gta_game/gameplay_sim/src/lib.rs","edition":"2021","doc":true,"doctest":true,"test":true},"message":{"rendered":"warning: unused variable: `vehicle_state`\n   --> gameplay_sim/src/systems/world/unified_distance_culling.rs:165:28\n    |\n165 |     for (entity, cullable, vehicle_state) in vehicle_query.iter() {\n    |                            ^^^^^^^^^^^^^ help: if this is intentional, prefix it with an underscore: `_vehicle_state`\n\n","$message_type":"diagnostic","children":[{"children":[],"code":null,"level":"help","message":"if this is intentional, prefix it with an underscore","rendered":null,"spans":[{"byte_end":4658,"byte_start":4645,"column_end":41,"column_start":28,"expansion":null,"file_name":"gameplay_sim/src/systems/world/unified_distance_culling.rs","is_primary":true,"label":null,"line_end":165,"line_start":165,"suggested_replacement":"_vehicle_state","suggestion_applicability":"MaybeIncorrect","text":[{"highlight_end":41,"highlight_start":28,"text":"    for (entity, cullable, vehicle_state) in vehicle_query.iter() {"}]}]}],"code":{"code":"unused_variables","explanation":null},"level":"warning","message":"unused variable: `vehicle_state`","spans":[{"byte_end":4658,"byte_start":4645,"column_end":41,"column_start":28,"expansion":null,"file_name":"gameplay_sim/src/systems/world/unified_distance_culling.rs","is_primary":true,"label":null,"line_end":165,"line_start":165,"suggested_replacement":null,"suggestion_applicability":null,"text":[{"highlight_end":41,"highlight_start":28,"text":"    for (entity, cullable, vehicle_state) in vehicle_query.iter() {"}]}]}}
{"reason":"compiler-message","package_id":"path+file:///Users/bradyjeong/Documents/Projects/Amp/gta4/gta_game/gameplay_sim#0.1.0","manifest_path":"/Users/bradyjeong/Documents/Projects/Amp/gta4/gta_game/gameplay_sim/Cargo.toml","target":{"kind":["lib"],"crate_types":["lib"],"name":"gameplay_sim","src_path":"/Users/bradyjeong/Documents/Projects/Amp/gta4/gta_game/gameplay_sim/src/lib.rs","edition":"2021","doc":true,"doctest":true,"test":true},"message":{"rendered":"warning: unused variable: `target_lod`\n   --> gameplay_sim/src/systems/world/unified_distance_culling.rs:167:13\n    |\n167 |         let target_lod = if cullable.last_distance < 100.0 {\n    |             ^^^^^^^^^^ help: if this is intentional, prefix it with an underscore: `_target_lod`\n\n","$message_type":"diagnostic","children":[{"children":[],"code":null,"level":"help","message":"if this is intentional, prefix it with an underscore","rendered":null,"spans":[{"byte_end":4787,"byte_start":4777,"column_end":23,"column_start":13,"expansion":null,"file_name":"gameplay_sim/src/systems/world/unified_distance_culling.rs","is_primary":true,"label":null,"line_end":167,"line_start":167,"suggested_replacement":"_target_lod","suggestion_applicability":"MaybeIncorrect","text":[{"highlight_end":23,"highlight_start":13,"text":"        let target_lod = if cullable.last_distance < 100.0 {"}]}]}],"code":{"code":"unused_variables","explanation":null},"level":"warning","message":"unused variable: `target_lod`","spans":[{"byte_end":4787,"byte_start":4777,"column_end":23,"column_start":13,"expansion":null,"file_name":"gameplay_sim/src/systems/world/unified_distance_culling.rs","is_primary":true,"label":null,"line_end":167,"line_start":167,"suggested_replacement":null,"suggestion_applicability":null,"text":[{"highlight_end":23,"highlight_start":13,"text":"        let target_lod = if cullable.last_distance < 100.0 {"}]}]}}
{"reason":"compiler-message","package_id":"path+file:///Users/bradyjeong/Documents/Projects/Amp/gta4/gta_game/gameplay_sim#0.1.0","manifest_path":"/Users/bradyjeong/Documents/Projects/Amp/gta4/gta_game/gameplay_sim/Cargo.toml","target":{"kind":["lib"],"crate_types":["lib"],"name":"gameplay_sim","src_path":"/Users/bradyjeong/Documents/Projects/Amp/gta4/gta_game/gameplay_sim/src/lib.rs","edition":"2021","doc":true,"doctest":true,"test":true},"message":{"rendered":"warning: unused variable: `entity`\n   --> gameplay_sim/src/systems/world/unified_distance_culling.rs:183:10\n    |\n183 |     for (entity, cullable) in building_query.iter() {\n    |          ^^^^^^ help: if this is intentional, prefix it with an underscore: `_entity`\n\n","$message_type":"diagnostic","children":[{"children":[],"code":null,"level":"help","message":"if this is intentional, prefix it with an underscore","rendered":null,"spans":[{"byte_end":5290,"byte_start":5284,"column_end":16,"column_start":10,"expansion":null,"file_name":"gameplay_sim/src/systems/world/unified_distance_culling.rs","is_primary":true,"label":null,"line_end":183,"line_start":183,"suggested_replacement":"_entity","suggestion_applicability":"MaybeIncorrect","text":[{"highlight_end":16,"highlight_start":10,"text":"    for (entity, cullable) in building_query.iter() {"}]}]}],"code":{"code":"unused_variables","explanation":null},"level":"warning","message":"unused variable: `entity`","spans":[{"byte_end":5290,"byte_start":5284,"column_end":16,"column_start":10,"expansion":null,"file_name":"gameplay_sim/src/systems/world/unified_distance_culling.rs","is_primary":true,"label":null,"line_end":183,"line_start":183,"suggested_replacement":null,"suggestion_applicability":null,"text":[{"highlight_end":16,"highlight_start":10,"text":"    for (entity, cullable) in building_query.iter() {"}]}]}}
{"reason":"compiler-message","package_id":"path+file:///Users/bradyjeong/Documents/Projects/Amp/gta4/gta_game/gameplay_sim#0.1.0","manifest_path":"/Users/bradyjeong/Documents/Projects/Amp/gta4/gta_game/gameplay_sim/Cargo.toml","target":{"kind":["lib"],"crate_types":["lib"],"name":"gameplay_sim","src_path":"/Users/bradyjeong/Documents/Projects/Amp/gta4/gta_game/gameplay_sim/src/lib.rs","edition":"2021","doc":true,"doctest":true,"test":true},"message":{"rendered":"warning: unused variable: `target_lod`\n   --> gameplay_sim/src/systems/world/unified_distance_culling.rs:185:13\n    |\n185 |         let target_lod = calculate_building_lod(cullable.last_distance);\n    |             ^^^^^^^^^^ help: if this is intentional, prefix it with an underscore: `_target_lod`\n\n","$message_type":"diagnostic","children":[{"children":[],"code":null,"level":"help","message":"if this is intentional, prefix it with an underscore","rendered":null,"spans":[{"byte_end":5403,"byte_start":5393,"column_end":23,"column_start":13,"expansion":null,"file_name":"gameplay_sim/src/systems/world/unified_distance_culling.rs","is_primary":true,"label":null,"line_end":185,"line_start":185,"suggested_replacement":"_target_lod","suggestion_applicability":"MaybeIncorrect","text":[{"highlight_end":23,"highlight_start":13,"text":"        let target_lod = calculate_building_lod(cullable.last_distance);"}]}]}],"code":{"code":"unused_variables","explanation":null},"level":"warning","message":"unused variable: `target_lod`","spans":[{"byte_end":5403,"byte_start":5393,"column_end":23,"column_start":13,"expansion":null,"file_name":"gameplay_sim/src/systems/world/unified_distance_culling.rs","is_primary":true,"label":null,"line_end":185,"line_start":185,"suggested_replacement":null,"suggestion_applicability":null,"text":[{"highlight_end":23,"highlight_start":13,"text":"        let target_lod = calculate_building_lod(cullable.last_distance);"}]}]}}
{"reason":"compiler-message","package_id":"path+file:///Users/bradyjeong/Documents/Projects/Amp/gta4/gta_game/gameplay_sim#0.1.0","manifest_path":"/Users/bradyjeong/Documents/Projects/Amp/gta4/gta_game/gameplay_sim/Cargo.toml","target":{"kind":["lib"],"crate_types":["lib"],"name":"gameplay_sim","src_path":"/Users/bradyjeong/Documents/Projects/Amp/gta4/gta_game/gameplay_sim/src/lib.rs","edition":"2021","doc":true,"doctest":true,"test":true},"message":{"rendered":"warning: unused variable: `entity`\n   --> gameplay_sim/src/systems/world/unified_distance_culling.rs:194:10\n    |\n194 |     for (entity, cullable) in npc_query.iter() {\n    |          ^^^^^^ help: if this is intentional, prefix it with an underscore: `_entity`\n\n","$message_type":"diagnostic","children":[{"children":[],"code":null,"level":"help","message":"if this is intentional, prefix it with an underscore","rendered":null,"spans":[{"byte_end":5682,"byte_start":5676,"column_end":16,"column_start":10,"expansion":null,"file_name":"gameplay_sim/src/systems/world/unified_distance_culling.rs","is_primary":true,"label":null,"line_end":194,"line_start":194,"suggested_replacement":"_entity","suggestion_applicability":"MaybeIncorrect","text":[{"highlight_end":16,"highlight_start":10,"text":"    for (entity, cullable) in npc_query.iter() {"}]}]}],"code":{"code":"unused_variables","explanation":null},"level":"warning","message":"unused variable: `entity`","spans":[{"byte_end":5682,"byte_start":5676,"column_end":16,"column_start":10,"expansion":null,"file_name":"gameplay_sim/src/systems/world/unified_distance_culling.rs","is_primary":true,"label":null,"line_end":194,"line_start":194,"suggested_replacement":null,"suggestion_applicability":null,"text":[{"highlight_end":16,"highlight_start":10,"text":"    for (entity, cullable) in npc_query.iter() {"}]}]}}
{"reason":"compiler-message","package_id":"path+file:///Users/bradyjeong/Documents/Projects/Amp/gta4/gta_game/gameplay_sim#0.1.0","manifest_path":"/Users/bradyjeong/Documents/Projects/Amp/gta4/gta_game/gameplay_sim/Cargo.toml","target":{"kind":["lib"],"crate_types":["lib"],"name":"gameplay_sim","src_path":"/Users/bradyjeong/Documents/Projects/Amp/gta4/gta_game/gameplay_sim/src/lib.rs","edition":"2021","doc":true,"doctest":true,"test":true},"message":{"rendered":"warning: unused variable: `entity`\n   --> gameplay_sim/src/systems/world/unified_distance_culling.rs:183:10\n    |\n183 |     for (entity, cullable) in building_query.iter() {\n    |          ^^^^^^ help: if this is intentional, prefix it with an underscore: `_entity`\n\n","$message_type":"diagnostic","children":[{"children":[],"code":null,"level":"help","message":"if this is intentional, prefix it with an underscore","rendered":null,"spans":[{"byte_end":5290,"byte_start":5284,"column_end":16,"column_start":10,"expansion":null,"file_name":"gameplay_sim/src/systems/world/unified_distance_culling.rs","is_primary":true,"label":null,"line_end":183,"line_start":183,"suggested_replacement":"_entity","suggestion_applicability":"MaybeIncorrect","text":[{"highlight_end":16,"highlight_start":10,"text":"    for (entity, cullable) in building_query.iter() {"}]}]}],"code":{"code":"unused_variables","explanation":null},"level":"warning","message":"unused variable: `entity`","spans":[{"byte_end":5290,"byte_start":5284,"column_end":16,"column_start":10,"expansion":null,"file_name":"gameplay_sim/src/systems/world/unified_distance_culling.rs","is_primary":true,"label":null,"line_end":183,"line_start":183,"suggested_replacement":null,"suggestion_applicability":null,"text":[{"highlight_end":16,"highlight_start":10,"text":"    for (entity, cullable) in building_query.iter() {"}]}]}}
{"reason":"compiler-message","package_id":"path+file:///Users/bradyjeong/Documents/Projects/Amp/gta4/gta_game/gameplay_sim#0.1.0","manifest_path":"/Users/bradyjeong/Documents/Projects/Amp/gta4/gta_game/gameplay_sim/Cargo.toml","target":{"kind":["lib"],"crate_types":["lib"],"name":"gameplay_sim","src_path":"/Users/bradyjeong/Documents/Projects/Amp/gta4/gta_game/gameplay_sim/src/lib.rs","edition":"2021","doc":true,"doctest":true,"test":true},"message":{"rendered":"warning: unused variable: `target_lod`\n   --> gameplay_sim/src/systems/world/unified_distance_culling.rs:196:13\n    |\n196 |         let target_lod = if cullable.last_distance < 50.0 {\n    |             ^^^^^^^^^^ help: if this is intentional, prefix it with an underscore: `_target_lod`\n\n","$message_type":"diagnostic","children":[{"children":[],"code":null,"level":"help","message":"if this is intentional, prefix it with an underscore","rendered":null,"spans":[{"byte_end":5785,"byte_start":5775,"column_end":23,"column_start":13,"expansion":null,"file_name":"gameplay_sim/src/systems/world/unified_distance_culling.rs","is_primary":true,"label":null,"line_end":196,"line_start":196,"suggested_replacement":"_target_lod","suggestion_applicability":"MaybeIncorrect","text":[{"highlight_end":23,"highlight_start":13,"text":"        let target_lod = if cullable.last_distance < 50.0 {"}]}]}],"code":{"code":"unused_variables","explanation":null},"level":"warning","message":"unused variable: `target_lod`","spans":[{"byte_end":5785,"byte_start":5775,"column_end":23,"column_start":13,"expansion":null,"file_name":"gameplay_sim/src/systems/world/unified_distance_culling.rs","is_primary":true,"label":null,"line_end":196,"line_start":196,"suggested_replacement":null,"suggestion_applicability":null,"text":[{"highlight_end":23,"highlight_start":13,"text":"        let target_lod = if cullable.last_distance < 50.0 {"}]}]}}
{"reason":"compiler-message","package_id":"path+file:///Users/bradyjeong/Documents/Projects/Amp/gta4/gta_game/gameplay_sim#0.1.0","manifest_path":"/Users/bradyjeong/Documents/Projects/Amp/gta4/gta_game/gameplay_sim/Cargo.toml","target":{"kind":["lib"],"crate_types":["lib"],"name":"gameplay_sim","src_path":"/Users/bradyjeong/Documents/Projects/Amp/gta4/gta_game/gameplay_sim/src/lib.rs","edition":"2021","doc":true,"doctest":true,"test":true},"message":{"rendered":"warning: unused variable: `target_lod`\n   --> gameplay_sim/src/systems/world/unified_distance_culling.rs:185:13\n    |\n185 |         let target_lod = calculate_building_lod(cullable.last_distance);\n    |             ^^^^^^^^^^ help: if this is intentional, prefix it with an underscore: `_target_lod`\n\n","$message_type":"diagnostic","children":[{"children":[],"code":null,"level":"help","message":"if this is intentional, prefix it with an underscore","rendered":null,"spans":[{"byte_end":5403,"byte_start":5393,"column_end":23,"column_start":13,"expansion":null,"file_name":"gameplay_sim/src/systems/world/unified_distance_culling.rs","is_primary":true,"label":null,"line_end":185,"line_start":185,"suggested_replacement":"_target_lod","suggestion_applicability":"MaybeIncorrect","text":[{"highlight_end":23,"highlight_start":13,"text":"        let target_lod = calculate_building_lod(cullable.last_distance);"}]}]}],"code":{"code":"unused_variables","explanation":null},"level":"warning","message":"unused variable: `target_lod`","spans":[{"byte_end":5403,"byte_start":5393,"column_end":23,"column_start":13,"expansion":null,"file_name":"gameplay_sim/src/systems/world/unified_distance_culling.rs","is_primary":true,"label":null,"line_end":185,"line_start":185,"suggested_replacement":null,"suggestion_applicability":null,"text":[{"highlight_end":23,"highlight_start":13,"text":"        let target_lod = calculate_building_lod(cullable.last_distance);"}]}]}}
{"reason":"compiler-message","package_id":"path+file:///Users/bradyjeong/Documents/Projects/Amp/gta4/gta_game/gameplay_sim#0.1.0","manifest_path":"/Users/bradyjeong/Documents/Projects/Amp/gta4/gta_game/gameplay_sim/Cargo.toml","target":{"kind":["lib"],"crate_types":["lib"],"name":"gameplay_sim","src_path":"/Users/bradyjeong/Documents/Projects/Amp/gta4/gta_game/gameplay_sim/src/lib.rs","edition":"2021","doc":true,"doctest":true,"test":true},"message":{"rendered":"warning: unused variable: `entity`\n   --> gameplay_sim/src/systems/world/unified_distance_culling.rs:194:10\n    |\n194 |     for (entity, cullable) in npc_query.iter() {\n    |          ^^^^^^ help: if this is intentional, prefix it with an underscore: `_entity`\n\n","$message_type":"diagnostic","children":[{"children":[],"code":null,"level":"help","message":"if this is intentional, prefix it with an underscore","rendered":null,"spans":[{"byte_end":5682,"byte_start":5676,"column_end":16,"column_start":10,"expansion":null,"file_name":"gameplay_sim/src/systems/world/unified_distance_culling.rs","is_primary":true,"label":null,"line_end":194,"line_start":194,"suggested_replacement":"_entity","suggestion_applicability":"MaybeIncorrect","text":[{"highlight_end":16,"highlight_start":10,"text":"    for (entity, cullable) in npc_query.iter() {"}]}]}],"code":{"code":"unused_variables","explanation":null},"level":"warning","message":"unused variable: `entity`","spans":[{"byte_end":5682,"byte_start":5676,"column_end":16,"column_start":10,"expansion":null,"file_name":"gameplay_sim/src/systems/world/unified_distance_culling.rs","is_primary":true,"label":null,"line_end":194,"line_start":194,"suggested_replacement":null,"suggestion_applicability":null,"text":[{"highlight_end":16,"highlight_start":10,"text":"    for (entity, cullable) in npc_query.iter() {"}]}]}}
{"reason":"compiler-message","package_id":"path+file:///Users/bradyjeong/Documents/Projects/Amp/gta4/gta_game/gameplay_sim#0.1.0","manifest_path":"/Users/bradyjeong/Documents/Projects/Amp/gta4/gta_game/gameplay_sim/Cargo.toml","target":{"kind":["lib"],"crate_types":["lib"],"name":"gameplay_sim","src_path":"/Users/bradyjeong/Documents/Projects/Amp/gta4/gta_game/gameplay_sim/src/lib.rs","edition":"2021","doc":true,"doctest":true,"test":true},"message":{"rendered":"warning: unused variable: `target_lod`\n   --> gameplay_sim/src/systems/world/unified_distance_culling.rs:196:13\n    |\n196 |         let target_lod = if cullable.last_distance < 50.0 {\n    |             ^^^^^^^^^^ help: if this is intentional, prefix it with an underscore: `_target_lod`\n\n","$message_type":"diagnostic","children":[{"children":[],"code":null,"level":"help","message":"if this is intentional, prefix it with an underscore","rendered":null,"spans":[{"byte_end":5785,"byte_start":5775,"column_end":23,"column_start":13,"expansion":null,"file_name":"gameplay_sim/src/systems/world/unified_distance_culling.rs","is_primary":true,"label":null,"line_end":196,"line_start":196,"suggested_replacement":"_target_lod","suggestion_applicability":"MaybeIncorrect","text":[{"highlight_end":23,"highlight_start":13,"text":"        let target_lod = if cullable.last_distance < 50.0 {"}]}]}],"code":{"code":"unused_variables","explanation":null},"level":"warning","message":"unused variable: `target_lod`","spans":[{"byte_end":5785,"byte_start":5775,"column_end":23,"column_start":13,"expansion":null,"file_name":"gameplay_sim/src/systems/world/unified_distance_culling.rs","is_primary":true,"label":null,"line_end":196,"line_start":196,"suggested_replacement":null,"suggestion_applicability":null,"text":[{"highlight_end":23,"highlight_start":13,"text":"        let target_lod = if cullable.last_distance < 50.0 {"}]}]}}
{"reason":"compiler-message","package_id":"path+file:///Users/bradyjeong/Documents/Projects/Amp/gta4/gta_game/gameplay_sim#0.1.0","manifest_path":"/Users/bradyjeong/Documents/Projects/Amp/gta4/gta_game/gameplay_sim/Cargo.toml","target":{"kind":["lib"],"crate_types":["lib"],"name":"gameplay_sim","src_path":"/Users/bradyjeong/Documents/Projects/Amp/gta4/gta_game/gameplay_sim/src/lib.rs","edition":"2021","doc":true,"doctest":true,"test":true},"message":{"rendered":"warning: unused variable: `active_pos`\n   --> gameplay_sim/src/systems/world/unified_distance_culling.rs:270:13\n    |\n270 |         let active_pos = active_transform.translation;\n    |             ^^^^^^^^^^ help: if this is intentional, prefix it with an underscore: `_active_pos`\n\n","$message_type":"diagnostic","children":[{"children":[],"code":null,"level":"help","message":"if this is intentional, prefix it with an underscore","rendered":null,"spans":[{"byte_end":7922,"byte_start":7912,"column_end":23,"column_start":13,"expansion":null,"file_name":"gameplay_sim/src/systems/world/unified_distance_culling.rs","is_primary":true,"label":null,"line_end":270,"line_start":270,"suggested_replacement":"_active_pos","suggestion_applicability":"MaybeIncorrect","text":[{"highlight_end":23,"highlight_start":13,"text":"        let active_pos = active_transform.translation;"}]}]}],"code":{"code":"unused_variables","explanation":null},"level":"warning","message":"unused variable: `active_pos`","spans":[{"byte_end":7922,"byte_start":7912,"column_end":23,"column_start":13,"expansion":null,"file_name":"gameplay_sim/src/systems/world/unified_distance_culling.rs","is_primary":true,"label":null,"line_end":270,"line_start":270,"suggested_replacement":null,"suggestion_applicability":null,"text":[{"highlight_end":23,"highlight_start":13,"text":"        let active_pos = active_transform.translation;"}]}]}}
{"reason":"compiler-message","package_id":"path+file:///Users/bradyjeong/Documents/Projects/Amp/gta4/gta_game/gameplay_sim#0.1.0","manifest_path":"/Users/bradyjeong/Documents/Projects/Amp/gta4/gta_game/gameplay_sim/Cargo.toml","target":{"kind":["lib"],"crate_types":["lib"],"name":"gameplay_sim","src_path":"/Users/bradyjeong/Documents/Projects/Amp/gta4/gta_game/gameplay_sim/src/lib.rs","edition":"2021","doc":true,"doctest":true,"test":true},"message":{"rendered":"warning: unused variable: `cleanup_distance`\n   --> gameplay_sim/src/systems/world/unified_distance_culling.rs:271:13\n    |\n271 |         let cleanup_distance = 2000.0; // Very conservative cleanup distance\n    |             ^^^^^^^^^^^^^^^^ help: if this is intentional, prefix it with an underscore: `_cleanup_distance`\n\n","$message_type":"diagnostic","children":[{"children":[],"code":null,"level":"help","message":"if this is intentional, prefix it with an underscore","rendered":null,"spans":[{"byte_end":7983,"byte_start":7967,"column_end":29,"column_start":13,"expansion":null,"file_name":"gameplay_sim/src/systems/world/unified_distance_culling.rs","is_primary":true,"label":null,"line_end":271,"line_start":271,"suggested_replacement":"_cleanup_distance","suggestion_applicability":"MaybeIncorrect","text":[{"highlight_end":29,"highlight_start":13,"text":"        let cleanup_distance = 2000.0; // Very conservative cleanup distance"}]}]}],"code":{"code":"unused_variables","explanation":null},"level":"warning","message":"unused variable: `cleanup_distance`","spans":[{"byte_end":7983,"byte_start":7967,"column_end":29,"column_start":13,"expansion":null,"file_name":"gameplay_sim/src/systems/world/unified_distance_culling.rs","is_primary":true,"label":null,"line_end":271,"line_start":271,"suggested_replacement":null,"suggestion_applicability":null,"text":[{"highlight_end":29,"highlight_start":13,"text":"        let cleanup_distance = 2000.0; // Very conservative cleanup distance"}]}]}}
{"reason":"compiler-message","package_id":"path+file:///Users/bradyjeong/Documents/Projects/Amp/gta4/gta_game/gameplay_sim#0.1.0","manifest_path":"/Users/bradyjeong/Documents/Projects/Amp/gta4/gta_game/gameplay_sim/Cargo.toml","target":{"kind":["lib"],"crate_types":["lib"],"name":"gameplay_sim","src_path":"/Users/bradyjeong/Documents/Projects/Amp/gta4/gta_game/gameplay_sim/src/lib.rs","edition":"2021","doc":true,"doctest":true,"test":true},"message":{"rendered":"warning: unused variable: `entity`\n   --> gameplay_sim/src/systems/world/unified_distance_culling.rs:273:13\n    |\n273 |         for entity in cullable_query.iter() {\n    |             ^^^^^^ help: if this is intentional, prefix it with an underscore: `_entity`\n\n","$message_type":"diagnostic","children":[{"children":[],"code":null,"level":"help","message":"if this is intentional, prefix it with an underscore","rendered":null,"spans":[{"byte_end":8059,"byte_start":8053,"column_end":19,"column_start":13,"expansion":null,"file_name":"gameplay_sim/src/systems/world/unified_distance_culling.rs","is_primary":true,"label":null,"line_end":273,"line_start":273,"suggested_replacement":"_entity","suggestion_applicability":"MaybeIncorrect","text":[{"highlight_end":19,"highlight_start":13,"text":"        for entity in cullable_query.iter() {"}]}]}],"code":{"code":"unused_variables","explanation":null},"level":"warning","message":"unused variable: `entity`","spans":[{"byte_end":8059,"byte_start":8053,"column_end":19,"column_start":13,"expansion":null,"file_name":"gameplay_sim/src/systems/world/unified_distance_culling.rs","is_primary":true,"label":null,"line_end":273,"line_start":273,"suggested_replacement":null,"suggestion_applicability":null,"text":[{"highlight_end":19,"highlight_start":13,"text":"        for entity in cullable_query.iter() {"}]}]}}
{"reason":"compiler-message","package_id":"path+file:///Users/bradyjeong/Documents/Projects/Amp/gta4/gta_game/gameplay_sim#0.1.0","manifest_path":"/Users/bradyjeong/Documents/Projects/Amp/gta4/gta_game/gameplay_sim/Cargo.toml","target":{"kind":["lib"],"crate_types":["lib"],"name":"gameplay_sim","src_path":"/Users/bradyjeong/Documents/Projects/Amp/gta4/gta_game/gameplay_sim/src/lib.rs","edition":"2021","doc":true,"doctest":true,"test":true},"message":{"rendered":"warning: unused variable: `commands`\n   --> gameplay_sim/src/systems/world/unified_distance_culling.rs:265:9\n    |\n265 |     mut commands: Commands,\n    |         ^^^^^^^^ help: if this is intentional, prefix it with an underscore: `_commands`\n\n","$message_type":"diagnostic","children":[{"children":[],"code":null,"level":"help","message":"if this is intentional, prefix it with an underscore","rendered":null,"spans":[{"byte_end":7687,"byte_start":7679,"column_end":17,"column_start":9,"expansion":null,"file_name":"gameplay_sim/src/systems/world/unified_distance_culling.rs","is_primary":true,"label":null,"line_end":265,"line_start":265,"suggested_replacement":"_commands","suggestion_applicability":"MaybeIncorrect","text":[{"highlight_end":17,"highlight_start":9,"text":"    mut commands: Commands,"}]}]}],"code":{"code":"unused_variables","explanation":null},"level":"warning","message":"unused variable: `commands`","spans":[{"byte_end":7687,"byte_start":7679,"column_end":17,"column_start":9,"expansion":null,"file_name":"gameplay_sim/src/systems/world/unified_distance_culling.rs","is_primary":true,"label":null,"line_end":265,"line_start":265,"suggested_replacement":null,"suggestion_applicability":null,"text":[{"highlight_end":17,"highlight_start":9,"text":"    mut commands: Commands,"}]}]}}
{"reason":"compiler-message","package_id":"path+file:///Users/bradyjeong/Documents/Projects/Amp/gta4/gta_game/gameplay_sim#0.1.0","manifest_path":"/Users/bradyjeong/Documents/Projects/Amp/gta4/gta_game/gameplay_sim/Cargo.toml","target":{"kind":["lib"],"crate_types":["lib"],"name":"gameplay_sim","src_path":"/Users/bradyjeong/Documents/Projects/Amp/gta4/gta_game/gameplay_sim/src/lib.rs","edition":"2021","doc":true,"doctest":true,"test":true},"message":{"rendered":"warning: variable does not need to be mutable\n   --> gameplay_sim/src/systems/world/unified_distance_culling.rs:265:5\n    |\n265 |     mut commands: Commands,\n    |     ----^^^^^^^^\n    |     |\n    |     help: remove this `mut`\n\n","$message_type":"diagnostic","children":[{"children":[],"code":null,"level":"help","message":"remove this `mut`","rendered":null,"spans":[{"byte_end":7679,"byte_start":7675,"column_end":9,"column_start":5,"expansion":null,"file_name":"gameplay_sim/src/systems/world/unified_distance_culling.rs","is_primary":true,"label":null,"line_end":265,"line_start":265,"suggested_replacement":"","suggestion_applicability":"MachineApplicable","text":[{"highlight_end":9,"highlight_start":5,"text":"    mut commands: Commands,"}]}]}],"code":{"code":"unused_mut","explanation":null},"level":"warning","message":"variable does not need to be mutable","spans":[{"byte_end":7687,"byte_start":7675,"column_end":17,"column_start":5,"expansion":null,"file_name":"gameplay_sim/src/systems/world/unified_distance_culling.rs","is_primary":true,"label":null,"line_end":265,"line_start":265,"suggested_replacement":null,"suggestion_applicability":null,"text":[{"highlight_end":17,"highlight_start":5,"text":"    mut commands: Commands,"}]}]}}
{"reason":"compiler-message","package_id":"path+file:///Users/bradyjeong/Documents/Projects/Amp/gta4/gta_game/gameplay_sim#0.1.0","manifest_path":"/Users/bradyjeong/Documents/Projects/Amp/gta4/gta_game/gameplay_sim/Cargo.toml","target":{"kind":["lib"],"crate_types":["lib"],"name":"gameplay_sim","src_path":"/Users/bradyjeong/Documents/Projects/Amp/gta4/gta_game/gameplay_sim/src/lib.rs","edition":"2021","doc":true,"doctest":true,"test":true},"message":{"rendered":"warning: unused variable: `active_pos`\n   --> gameplay_sim/src/systems/world/unified_distance_culling.rs:270:13\n    |\n270 |         let active_pos = active_transform.translation;\n    |             ^^^^^^^^^^ help: if this is intentional, prefix it with an underscore: `_active_pos`\n\n","$message_type":"diagnostic","children":[{"children":[],"code":null,"level":"help","message":"if this is intentional, prefix it with an underscore","rendered":null,"spans":[{"byte_end":7922,"byte_start":7912,"column_end":23,"column_start":13,"expansion":null,"file_name":"gameplay_sim/src/systems/world/unified_distance_culling.rs","is_primary":true,"label":null,"line_end":270,"line_start":270,"suggested_replacement":"_active_pos","suggestion_applicability":"MaybeIncorrect","text":[{"highlight_end":23,"highlight_start":13,"text":"        let active_pos = active_transform.translation;"}]}]}],"code":{"code":"unused_variables","explanation":null},"level":"warning","message":"unused variable: `active_pos`","spans":[{"byte_end":7922,"byte_start":7912,"column_end":23,"column_start":13,"expansion":null,"file_name":"gameplay_sim/src/systems/world/unified_distance_culling.rs","is_primary":true,"label":null,"line_end":270,"line_start":270,"suggested_replacement":null,"suggestion_applicability":null,"text":[{"highlight_end":23,"highlight_start":13,"text":"        let active_pos = active_transform.translation;"}]}]}}
{"reason":"compiler-message","package_id":"path+file:///Users/bradyjeong/Documents/Projects/Amp/gta4/gta_game/gameplay_sim#0.1.0","manifest_path":"/Users/bradyjeong/Documents/Projects/Amp/gta4/gta_game/gameplay_sim/Cargo.toml","target":{"kind":["lib"],"crate_types":["lib"],"name":"gameplay_sim","src_path":"/Users/bradyjeong/Documents/Projects/Amp/gta4/gta_game/gameplay_sim/src/lib.rs","edition":"2021","doc":true,"doctest":true,"test":true},"message":{"rendered":"warning: unused variable: `cleanup_distance`\n   --> gameplay_sim/src/systems/world/unified_distance_culling.rs:271:13\n    |\n271 |         let cleanup_distance = 2000.0; // Very conservative cleanup distance\n    |             ^^^^^^^^^^^^^^^^ help: if this is intentional, prefix it with an underscore: `_cleanup_distance`\n\n","$message_type":"diagnostic","children":[{"children":[],"code":null,"level":"help","message":"if this is intentional, prefix it with an underscore","rendered":null,"spans":[{"byte_end":7983,"byte_start":7967,"column_end":29,"column_start":13,"expansion":null,"file_name":"gameplay_sim/src/systems/world/unified_distance_culling.rs","is_primary":true,"label":null,"line_end":271,"line_start":271,"suggested_replacement":"_cleanup_distance","suggestion_applicability":"MaybeIncorrect","text":[{"highlight_end":29,"highlight_start":13,"text":"        let cleanup_distance = 2000.0; // Very conservative cleanup distance"}]}]}],"code":{"code":"unused_variables","explanation":null},"level":"warning","message":"unused variable: `cleanup_distance`","spans":[{"byte_end":7983,"byte_start":7967,"column_end":29,"column_start":13,"expansion":null,"file_name":"gameplay_sim/src/systems/world/unified_distance_culling.rs","is_primary":true,"label":null,"line_end":271,"line_start":271,"suggested_replacement":null,"suggestion_applicability":null,"text":[{"highlight_end":29,"highlight_start":13,"text":"        let cleanup_distance = 2000.0; // Very conservative cleanup distance"}]}]}}
{"reason":"compiler-message","package_id":"path+file:///Users/bradyjeong/Documents/Projects/Amp/gta4/gta_game/gameplay_sim#0.1.0","manifest_path":"/Users/bradyjeong/Documents/Projects/Amp/gta4/gta_game/gameplay_sim/Cargo.toml","target":{"kind":["lib"],"crate_types":["lib"],"name":"gameplay_sim","src_path":"/Users/bradyjeong/Documents/Projects/Amp/gta4/gta_game/gameplay_sim/src/lib.rs","edition":"2021","doc":true,"doctest":true,"test":true},"message":{"rendered":"warning: unused variable: `entity`\n   --> gameplay_sim/src/systems/world/unified_distance_culling.rs:273:13\n    |\n273 |         for entity in cullable_query.iter() {\n    |             ^^^^^^ help: if this is intentional, prefix it with an underscore: `_entity`\n\n","$message_type":"diagnostic","children":[{"children":[],"code":null,"level":"help","message":"if this is intentional, prefix it with an underscore","rendered":null,"spans":[{"byte_end":8059,"byte_start":8053,"column_end":19,"column_start":13,"expansion":null,"file_name":"gameplay_sim/src/systems/world/unified_distance_culling.rs","is_primary":true,"label":null,"line_end":273,"line_start":273,"suggested_replacement":"_entity","suggestion_applicability":"MaybeIncorrect","text":[{"highlight_end":19,"highlight_start":13,"text":"        for entity in cullable_query.iter() {"}]}]}],"code":{"code":"unused_variables","explanation":null},"level":"warning","message":"unused variable: `entity`","spans":[{"byte_end":8059,"byte_start":8053,"column_end":19,"column_start":13,"expansion":null,"file_name":"gameplay_sim/src/systems/world/unified_distance_culling.rs","is_primary":true,"label":null,"line_end":273,"line_start":273,"suggested_replacement":null,"suggestion_applicability":null,"text":[{"highlight_end":19,"highlight_start":13,"text":"        for entity in cullable_query.iter() {"}]}]}}
{"reason":"compiler-message","package_id":"path+file:///Users/bradyjeong/Documents/Projects/Amp/gta4/gta_game/gameplay_sim#0.1.0","manifest_path":"/Users/bradyjeong/Documents/Projects/Amp/gta4/gta_game/gameplay_sim/Cargo.toml","target":{"kind":["lib"],"crate_types":["lib"],"name":"gameplay_sim","src_path":"/Users/bradyjeong/Documents/Projects/Amp/gta4/gta_game/gameplay_sim/src/lib.rs","edition":"2021","doc":true,"doctest":true,"test":true},"message":{"rendered":"warning: unused variable: `commands`\n   --> gameplay_sim/src/systems/world/unified_distance_culling.rs:265:9\n    |\n265 |     mut commands: Commands,\n    |         ^^^^^^^^ help: if this is intentional, prefix it with an underscore: `_commands`\n\n","$message_type":"diagnostic","children":[{"children":[],"code":null,"level":"help","message":"if this is intentional, prefix it with an underscore","rendered":null,"spans":[{"byte_end":7687,"byte_start":7679,"column_end":17,"column_start":9,"expansion":null,"file_name":"gameplay_sim/src/systems/world/unified_distance_culling.rs","is_primary":true,"label":null,"line_end":265,"line_start":265,"suggested_replacement":"_commands","suggestion_applicability":"MaybeIncorrect","text":[{"highlight_end":17,"highlight_start":9,"text":"    mut commands: Commands,"}]}]}],"code":{"code":"unused_variables","explanation":null},"level":"warning","message":"unused variable: `commands`","spans":[{"byte_end":7687,"byte_start":7679,"column_end":17,"column_start":9,"expansion":null,"file_name":"gameplay_sim/src/systems/world/unified_distance_culling.rs","is_primary":true,"label":null,"line_end":265,"line_start":265,"suggested_replacement":null,"suggestion_applicability":null,"text":[{"highlight_end":17,"highlight_start":9,"text":"    mut commands: Commands,"}]}]}}
{"reason":"compiler-message","package_id":"path+file:///Users/bradyjeong/Documents/Projects/Amp/gta4/gta_game/gameplay_sim#0.1.0","manifest_path":"/Users/bradyjeong/Documents/Projects/Amp/gta4/gta_game/gameplay_sim/Cargo.toml","target":{"kind":["lib"],"crate_types":["lib"],"name":"gameplay_sim","src_path":"/Users/bradyjeong/Documents/Projects/Amp/gta4/gta_game/gameplay_sim/src/lib.rs","edition":"2021","doc":true,"doctest":true,"test":true},"message":{"rendered":"warning: variable does not need to be mutable\n   --> gameplay_sim/src/systems/world/unified_distance_culling.rs:265:5\n    |\n265 |     mut commands: Commands,\n    |     ----^^^^^^^^\n    |     |\n    |     help: remove this `mut`\n\n","$message_type":"diagnostic","children":[{"children":[],"code":null,"level":"help","message":"remove this `mut`","rendered":null,"spans":[{"byte_end":7679,"byte_start":7675,"column_end":9,"column_start":5,"expansion":null,"file_name":"gameplay_sim/src/systems/world/unified_distance_culling.rs","is_primary":true,"label":null,"line_end":265,"line_start":265,"suggested_replacement":"","suggestion_applicability":"MachineApplicable","text":[{"highlight_end":9,"highlight_start":5,"text":"    mut commands: Commands,"}]}]}],"code":{"code":"unused_mut","explanation":null},"level":"warning","message":"variable does not need to be mutable","spans":[{"byte_end":7687,"byte_start":7675,"column_end":17,"column_start":5,"expansion":null,"file_name":"gameplay_sim/src/systems/world/unified_distance_culling.rs","is_primary":true,"label":null,"line_end":265,"line_start":265,"suggested_replacement":null,"suggestion_applicability":null,"text":[{"highlight_end":17,"highlight_start":5,"text":"    mut commands: Commands,"}]}]}}
{"reason":"compiler-message","package_id":"path+file:///Users/bradyjeong/Documents/Projects/Amp/gta4/gta_game/gameplay_sim#0.1.0","manifest_path":"/Users/bradyjeong/Documents/Projects/Amp/gta4/gta_game/gameplay_sim/Cargo.toml","target":{"kind":["lib"],"crate_types":["lib"],"name":"gameplay_sim","src_path":"/Users/bradyjeong/Documents/Projects/Amp/gta4/gta_game/gameplay_sim/src/lib.rs","edition":"2021","doc":true,"doctest":true,"test":true},"message":{"rendered":"warning: unused variable: `safe_position`\n   --> gameplay_sim/src/factories/generic_bundle.rs:105:13\n    |\n105 |         let safe_position = self.validate_position(position)?;\n    |             ^^^^^^^^^^^^^ help: if this is intentional, prefix it with an underscore: `_safe_position`\n\n","$message_type":"diagnostic","children":[{"children":[],"code":null,"level":"help","message":"if this is intentional, prefix it with an underscore","rendered":null,"spans":[{"byte_end":3588,"byte_start":3575,"column_end":26,"column_start":13,"expansion":null,"file_name":"gameplay_sim/src/factories/generic_bundle.rs","is_primary":true,"label":null,"line_end":105,"line_start":105,"suggested_replacement":"_safe_position","suggestion_applicability":"MaybeIncorrect","text":[{"highlight_end":26,"highlight_start":13,"text":"        let safe_position = self.validate_position(position)?;"}]}]}],"code":{"code":"unused_variables","explanation":null},"level":"warning","message":"unused variable: `safe_position`","spans":[{"byte_end":3588,"byte_start":3575,"column_end":26,"column_start":13,"expansion":null,"file_name":"gameplay_sim/src/factories/generic_bundle.rs","is_primary":true,"label":null,"line_end":105,"line_start":105,"suggested_replacement":null,"suggestion_applicability":null,"text":[{"highlight_end":26,"highlight_start":13,"text":"        let safe_position = self.validate_position(position)?;"}]}]}}
{"reason":"compiler-message","package_id":"path+file:///Users/bradyjeong/Documents/Projects/Amp/gta4/gta_game/gameplay_sim#0.1.0","manifest_path":"/Users/bradyjeong/Documents/Projects/Amp/gta4/gta_game/gameplay_sim/Cargo.toml","target":{"kind":["lib"],"crate_types":["lib"],"name":"gameplay_sim","src_path":"/Users/bradyjeong/Documents/Projects/Amp/gta4/gta_game/gameplay_sim/src/lib.rs","edition":"2021","doc":true,"doctest":true,"test":true},"message":{"rendered":"warning: unused variable: `safe_position`\n   --> gameplay_sim/src/factories/generic_bundle.rs:137:13\n    |\n137 |         let safe_position = self.validate_position(position)?;\n    |             ^^^^^^^^^^^^^ help: if this is intentional, prefix it with an underscore: `_safe_position`\n\n","$message_type":"diagnostic","children":[{"children":[],"code":null,"level":"help","message":"if this is intentional, prefix it with an underscore","rendered":null,"spans":[{"byte_end":4496,"byte_start":4483,"column_end":26,"column_start":13,"expansion":null,"file_name":"gameplay_sim/src/factories/generic_bundle.rs","is_primary":true,"label":null,"line_end":137,"line_start":137,"suggested_replacement":"_safe_position","suggestion_applicability":"MaybeIncorrect","text":[{"highlight_end":26,"highlight_start":13,"text":"        let safe_position = self.validate_position(position)?;"}]}]}],"code":{"code":"unused_variables","explanation":null},"level":"warning","message":"unused variable: `safe_position`","spans":[{"byte_end":4496,"byte_start":4483,"column_end":26,"column_start":13,"expansion":null,"file_name":"gameplay_sim/src/factories/generic_bundle.rs","is_primary":true,"label":null,"line_end":137,"line_start":137,"suggested_replacement":null,"suggestion_applicability":null,"text":[{"highlight_end":26,"highlight_start":13,"text":"        let safe_position = self.validate_position(position)?;"}]}]}}
{"reason":"compiler-message","package_id":"path+file:///Users/bradyjeong/Documents/Projects/Amp/gta4/gta_game/gameplay_sim#0.1.0","manifest_path":"/Users/bradyjeong/Documents/Projects/Amp/gta4/gta_game/gameplay_sim/Cargo.toml","target":{"kind":["lib"],"crate_types":["lib"],"name":"gameplay_sim","src_path":"/Users/bradyjeong/Documents/Projects/Amp/gta4/gta_game/gameplay_sim/src/lib.rs","edition":"2021","doc":true,"doctest":true,"test":true},"message":{"rendered":"warning: unused variable: `safe_position`\n   --> gameplay_sim/src/factories/generic_bundle.rs:105:13\n    |\n105 |         let safe_position = self.validate_position(position)?;\n    |             ^^^^^^^^^^^^^ help: if this is intentional, prefix it with an underscore: `_safe_position`\n\n","$message_type":"diagnostic","children":[{"children":[],"code":null,"level":"help","message":"if this is intentional, prefix it with an underscore","rendered":null,"spans":[{"byte_end":3588,"byte_start":3575,"column_end":26,"column_start":13,"expansion":null,"file_name":"gameplay_sim/src/factories/generic_bundle.rs","is_primary":true,"label":null,"line_end":105,"line_start":105,"suggested_replacement":"_safe_position","suggestion_applicability":"MaybeIncorrect","text":[{"highlight_end":26,"highlight_start":13,"text":"        let safe_position = self.validate_position(position)?;"}]}]}],"code":{"code":"unused_variables","explanation":null},"level":"warning","message":"unused variable: `safe_position`","spans":[{"byte_end":3588,"byte_start":3575,"column_end":26,"column_start":13,"expansion":null,"file_name":"gameplay_sim/src/factories/generic_bundle.rs","is_primary":true,"label":null,"line_end":105,"line_start":105,"suggested_replacement":null,"suggestion_applicability":null,"text":[{"highlight_end":26,"highlight_start":13,"text":"        let safe_position = self.validate_position(position)?;"}]}]}}
{"reason":"compiler-message","package_id":"path+file:///Users/bradyjeong/Documents/Projects/Amp/gta4/gta_game/gameplay_sim#0.1.0","manifest_path":"/Users/bradyjeong/Documents/Projects/Amp/gta4/gta_game/gameplay_sim/Cargo.toml","target":{"kind":["lib"],"crate_types":["lib"],"name":"gameplay_sim","src_path":"/Users/bradyjeong/Documents/Projects/Amp/gta4/gta_game/gameplay_sim/src/lib.rs","edition":"2021","doc":true,"doctest":true,"test":true},"message":{"rendered":"warning: unused variable: `safe_position`\n   --> gameplay_sim/src/factories/generic_bundle.rs:169:13\n    |\n169 |         let safe_position = self.validate_position(position)?;\n    |             ^^^^^^^^^^^^^ help: if this is intentional, prefix it with an underscore: `_safe_position`\n\n","$message_type":"diagnostic","children":[{"children":[],"code":null,"level":"help","message":"if this is intentional, prefix it with an underscore","rendered":null,"spans":[{"byte_end":5388,"byte_start":5375,"column_end":26,"column_start":13,"expansion":null,"file_name":"gameplay_sim/src/factories/generic_bundle.rs","is_primary":true,"label":null,"line_end":169,"line_start":169,"suggested_replacement":"_safe_position","suggestion_applicability":"MaybeIncorrect","text":[{"highlight_end":26,"highlight_start":13,"text":"        let safe_position = self.validate_position(position)?;"}]}]}],"code":{"code":"unused_variables","explanation":null},"level":"warning","message":"unused variable: `safe_position`","spans":[{"byte_end":5388,"byte_start":5375,"column_end":26,"column_start":13,"expansion":null,"file_name":"gameplay_sim/src/factories/generic_bundle.rs","is_primary":true,"label":null,"line_end":169,"line_start":169,"suggested_replacement":null,"suggestion_applicability":null,"text":[{"highlight_end":26,"highlight_start":13,"text":"        let safe_position = self.validate_position(position)?;"}]}]}}
{"reason":"compiler-message","package_id":"path+file:///Users/bradyjeong/Documents/Projects/Amp/gta4/gta_game/gameplay_sim#0.1.0","manifest_path":"/Users/bradyjeong/Documents/Projects/Amp/gta4/gta_game/gameplay_sim/Cargo.toml","target":{"kind":["lib"],"crate_types":["lib"],"name":"gameplay_sim","src_path":"/Users/bradyjeong/Documents/Projects/Amp/gta4/gta_game/gameplay_sim/src/lib.rs","edition":"2021","doc":true,"doctest":true,"test":true},"message":{"rendered":"warning: unused variable: `safe_position`\n   --> gameplay_sim/src/factories/generic_bundle.rs:137:13\n    |\n137 |         let safe_position = self.validate_position(position)?;\n    |             ^^^^^^^^^^^^^ help: if this is intentional, prefix it with an underscore: `_safe_position`\n\n","$message_type":"diagnostic","children":[{"children":[],"code":null,"level":"help","message":"if this is intentional, prefix it with an underscore","rendered":null,"spans":[{"byte_end":4496,"byte_start":4483,"column_end":26,"column_start":13,"expansion":null,"file_name":"gameplay_sim/src/factories/generic_bundle.rs","is_primary":true,"label":null,"line_end":137,"line_start":137,"suggested_replacement":"_safe_position","suggestion_applicability":"MaybeIncorrect","text":[{"highlight_end":26,"highlight_start":13,"text":"        let safe_position = self.validate_position(position)?;"}]}]}],"code":{"code":"unused_variables","explanation":null},"level":"warning","message":"unused variable: `safe_position`","spans":[{"byte_end":4496,"byte_start":4483,"column_end":26,"column_start":13,"expansion":null,"file_name":"gameplay_sim/src/factories/generic_bundle.rs","is_primary":true,"label":null,"line_end":137,"line_start":137,"suggested_replacement":null,"suggestion_applicability":null,"text":[{"highlight_end":26,"highlight_start":13,"text":"        let safe_position = self.validate_position(position)?;"}]}]}}
{"reason":"compiler-message","package_id":"path+file:///Users/bradyjeong/Documents/Projects/Amp/gta4/gta_game/gameplay_sim#0.1.0","manifest_path":"/Users/bradyjeong/Documents/Projects/Amp/gta4/gta_game/gameplay_sim/Cargo.toml","target":{"kind":["lib"],"crate_types":["lib"],"name":"gameplay_sim","src_path":"/Users/bradyjeong/Documents/Projects/Amp/gta4/gta_game/gameplay_sim/src/lib.rs","edition":"2021","doc":true,"doctest":true,"test":true},"message":{"rendered":"warning: unused variable: `safe_position`\n   --> gameplay_sim/src/factories/generic_bundle.rs:169:13\n    |\n169 |         let safe_position = self.validate_position(position)?;\n    |             ^^^^^^^^^^^^^ help: if this is intentional, prefix it with an underscore: `_safe_position`\n\n","$message_type":"diagnostic","children":[{"children":[],"code":null,"level":"help","message":"if this is intentional, prefix it with an underscore","rendered":null,"spans":[{"byte_end":5388,"byte_start":5375,"column_end":26,"column_start":13,"expansion":null,"file_name":"gameplay_sim/src/factories/generic_bundle.rs","is_primary":true,"label":null,"line_end":169,"line_start":169,"suggested_replacement":"_safe_position","suggestion_applicability":"MaybeIncorrect","text":[{"highlight_end":26,"highlight_start":13,"text":"        let safe_position = self.validate_position(position)?;"}]}]}],"code":{"code":"unused_variables","explanation":null},"level":"warning","message":"unused variable: `safe_position`","spans":[{"byte_end":5388,"byte_start":5375,"column_end":26,"column_start":13,"expansion":null,"file_name":"gameplay_sim/src/factories/generic_bundle.rs","is_primary":true,"label":null,"line_end":169,"line_start":169,"suggested_replacement":null,"suggestion_applicability":null,"text":[{"highlight_end":26,"highlight_start":13,"text":"        let safe_position = self.validate_position(position)?;"}]}]}}
{"reason":"compiler-message","package_id":"path+file:///Users/bradyjeong/Documents/Projects/Amp/gta4/gta_game/gameplay_sim#0.1.0","manifest_path":"/Users/bradyjeong/Documents/Projects/Amp/gta4/gta_game/gameplay_sim/Cargo.toml","target":{"kind":["lib"],"crate_types":["lib"],"name":"gameplay_sim","src_path":"/Users/bradyjeong/Documents/Projects/Amp/gta4/gta_game/gameplay_sim/src/lib.rs","edition":"2021","doc":true,"doctest":true,"test":true},"message":{"rendered":"warning: struct `ConfigService` is never constructed\n  --> gameplay_sim/src/services/simple_services.rs:12:12\n   |\n12 | pub struct ConfigService {\n   |            ^^^^^^^^^^^^^\n   |\n   = note: `#[warn(dead_code)]` on by default\n\n","$message_type":"diagnostic","children":[{"children":[],"code":null,"level":"note","message":"`#[warn(dead_code)]` on by default","rendered":null,"spans":[]}],"code":{"code":"dead_code","explanation":null},"level":"warning","message":"struct `ConfigService` is never constructed","spans":[{"byte_end":427,"byte_start":414,"column_end":25,"column_start":12,"expansion":null,"file_name":"gameplay_sim/src/services/simple_services.rs","is_primary":true,"label":null,"line_end":12,"line_start":12,"suggested_replacement":null,"suggestion_applicability":null,"text":[{"highlight_end":25,"highlight_start":12,"text":"pub struct ConfigService {"}]}]}}
{"reason":"compiler-message","package_id":"path+file:///Users/bradyjeong/Documents/Projects/Amp/gta4/gta_game/gameplay_sim#0.1.0","manifest_path":"/Users/bradyjeong/Documents/Projects/Amp/gta4/gta_game/gameplay_sim/Cargo.toml","target":{"kind":["lib"],"crate_types":["lib"],"name":"gameplay_sim","src_path":"/Users/bradyjeong/Documents/Projects/Amp/gta4/gta_game/gameplay_sim/src/lib.rs","edition":"2021","doc":true,"doctest":true,"test":true},"message":{"rendered":"warning: associated items `new`, `get_config`, `update_config`, and `validate_and_clamp` are never used\n  --> gameplay_sim/src/services/simple_services.rs:17:12\n   |\n16 | impl ConfigService {\n   | ------------------ associated items in this implementation\n17 |     pub fn new(config: GameConfig) -> Self {\n   |            ^^^\n...\n21 |     pub fn get_config(&self) -> &GameConfig {\n   |            ^^^^^^^^^^\n...\n25 |     pub fn update_config(&mut self, config: GameConfig) {\n   |            ^^^^^^^^^^^^^\n...\n29 |     pub fn validate_and_clamp(&mut self) {\n   |            ^^^^^^^^^^^^^^^^^^\n\n","$message_type":"diagnostic","children":[],"code":{"code":"dead_code","explanation":null},"level":"warning","message":"associated items `new`, `get_config`, `update_config`, and `validate_and_clamp` are never used","spans":[{"byte_end":475,"byte_start":457,"column_end":19,"column_start":1,"expansion":null,"file_name":"gameplay_sim/src/services/simple_services.rs","is_primary":false,"label":"associated items in this implementation","line_end":16,"line_start":16,"suggested_replacement":null,"suggestion_applicability":null,"text":[{"highlight_end":19,"highlight_start":1,"text":"impl ConfigService {"}]},{"byte_end":492,"byte_start":489,"column_end":15,"column_start":12,"expansion":null,"file_name":"gameplay_sim/src/services/simple_services.rs","is_primary":true,"label":null,"line_end":17,"line_start":17,"suggested_replacement":null,"suggestion_applicability":null,"text":[{"highlight_end":15,"highlight_start":12,"text":"    pub fn new(config: GameConfig) -> Self {"}]},{"byte_end":579,"byte_start":569,"column_end":22,"column_start":12,"expansion":null,"file_name":"gameplay_sim/src/services/simple_services.rs","is_primary":true,"label":null,"line_end":21,"line_start":21,"suggested_replacement":null,"suggestion_applicability":null,"text":[{"highlight_end":22,"highlight_start":12,"text":"    pub fn get_config(&self) -> &GameConfig {"}]},{"byte_end":660,"byte_start":647,"column_end":25,"column_start":12,"expansion":null,"file_name":"gameplay_sim/src/services/simple_services.rs","is_primary":true,"label":null,"line_end":25,"line_start":25,"suggested_replacement":null,"suggestion_applicability":null,"text":[{"highlight_end":25,"highlight_start":12,"text":"    pub fn update_config(&mut self, config: GameConfig) {"}]},{"byte_end":764,"byte_start":746,"column_end":30,"column_start":12,"expansion":null,"file_name":"gameplay_sim/src/services/simple_services.rs","is_primary":true,"label":null,"line_end":29,"line_start":29,"suggested_replacement":null,"suggestion_applicability":null,"text":[{"highlight_end":30,"highlight_start":12,"text":"    pub fn validate_and_clamp(&mut self) {"}]}]}}
{"reason":"compiler-message","package_id":"path+file:///Users/bradyjeong/Documents/Projects/Amp/gta4/gta_game/gameplay_sim#0.1.0","manifest_path":"/Users/bradyjeong/Documents/Projects/Amp/gta4/gta_game/gameplay_sim/Cargo.toml","target":{"kind":["lib"],"crate_types":["lib"],"name":"gameplay_sim","src_path":"/Users/bradyjeong/Documents/Projects/Amp/gta4/gta_game/gameplay_sim/src/lib.rs","edition":"2021","doc":true,"doctest":true,"test":true},"message":{"rendered":"warning: struct `PhysicsService` is never constructed\n  --> gameplay_sim/src/services/simple_services.rs:36:12\n   |\n36 | pub struct PhysicsService {\n   |            ^^^^^^^^^^^^^^\n\n","$message_type":"diagnostic","children":[],"code":{"code":"dead_code","explanation":null},"level":"warning","message":"struct `PhysicsService` is never constructed","spans":[{"byte_end":903,"byte_start":889,"column_end":26,"column_start":12,"expansion":null,"file_name":"gameplay_sim/src/services/simple_services.rs","is_primary":true,"label":null,"line_end":36,"line_start":36,"suggested_replacement":null,"suggestion_applicability":null,"text":[{"highlight_end":26,"highlight_start":12,"text":"pub struct PhysicsService {"}]}]}}
{"reason":"compiler-message","package_id":"path+file:///Users/bradyjeong/Documents/Projects/Amp/gta4/gta_game/gameplay_sim#0.1.0","manifest_path":"/Users/bradyjeong/Documents/Projects/Amp/gta4/gta_game/gameplay_sim/Cargo.toml","target":{"kind":["lib"],"crate_types":["lib"],"name":"gameplay_sim","src_path":"/Users/bradyjeong/Documents/Projects/Amp/gta4/gta_game/gameplay_sim/src/lib.rs","edition":"2021","doc":true,"doctest":true,"test":true},"message":{"rendered":"warning: associated items `new`, `validate_position`, `validate_velocity`, `validate_mass`, `validate_collider_size`, and `get_collision_groups` are never used\n  --> gameplay_sim/src/services/simple_services.rs:41:12\n   |\n40 | impl PhysicsService {\n   | ------------------- associated items in this implementation\n41 |     pub fn new(physics_config: PhysicsConfig) -> Self {\n   |            ^^^\n...\n45 |     pub fn validate_position(&self, position: Vec3) -> Vec3 {\n   |            ^^^^^^^^^^^^^^^^^\n...\n53 |     pub fn validate_velocity(&self, velocity: Vec3) -> Vec3 {\n   |            ^^^^^^^^^^^^^^^^^\n...\n62 |     pub fn validate_mass(&self, mass: f32) -> f32 {\n   |            ^^^^^^^^^^^^^\n...\n66 |     pub fn validate_collider_size(&self, size: Vec3) -> Vec3 {\n   |            ^^^^^^^^^^^^^^^^^^^^^^\n...\n74 |     pub fn get_collision_groups(&self) -> (bevy_rapier3d::prelude::Group, bevy_rapier3d::prelude::Group, bevy_rapier3d::prelude::Group) {\n   |            ^^^^^^^^^^^^^^^^^^^^\n\n","$message_type":"diagnostic","children":[],"code":{"code":"dead_code","explanation":null},"level":"warning","message":"associated items `new`, `validate_position`, `validate_velocity`, `validate_mass`, `validate_collider_size`, and `get_collision_groups` are never used","spans":[{"byte_end":963,"byte_start":944,"column_end":20,"column_start":1,"expansion":null,"file_name":"gameplay_sim/src/services/simple_services.rs","is_primary":false,"label":"associated items in this implementation","line_end":40,"line_start":40,"suggested_replacement":null,"suggestion_applicability":null,"text":[{"highlight_end":20,"highlight_start":1,"text":"impl PhysicsService {"}]},{"byte_end":980,"byte_start":977,"column_end":15,"column_start":12,"expansion":null,"file_name":"gameplay_sim/src/services/simple_services.rs","is_primary":true,"label":null,"line_end":41,"line_start":41,"suggested_replacement":null,"suggestion_applicability":null,"text":[{"highlight_end":15,"highlight_start":12,"text":"    pub fn new(physics_config: PhysicsConfig) -> Self {"}]},{"byte_end":1093,"byte_start":1076,"column_end":29,"column_start":12,"expansion":null,"file_name":"gameplay_sim/src/services/simple_services.rs","is_primary":true,"label":null,"line_end":45,"line_start":45,"suggested_replacement":null,"suggestion_applicability":null,"text":[{"highlight_end":29,"highlight_start":12,"text":"    pub fn validate_position(&self, position: Vec3) -> Vec3 {"}]},{"byte_end":1507,"byte_start":1490,"column_end":29,"column_start":12,"expansion":null,"file_name":"gameplay_sim/src/services/simple_services.rs","is_primary":true,"label":null,"line_end":53,"line_start":53,"suggested_replacement":null,"suggestion_applicability":null,"text":[{"highlight_end":29,"highlight_start":12,"text":"    pub fn validate_velocity(&self, velocity: Vec3) -> Vec3 {"}]},{"byte_end":1785,"byte_start":1772,"column_end":25,"column_start":12,"expansion":null,"file_name":"gameplay_sim/src/services/simple_services.rs","is_primary":true,"label":null,"line_end":62,"line_start":62,"suggested_replacement":null,"suggestion_applicability":null,"text":[{"highlight_end":25,"highlight_start":12,"text":"    pub fn validate_mass(&self, mass: f32) -> f32 {"}]},{"byte_end":1936,"byte_start":1914,"column_end":34,"column_start":12,"expansion":null,"file_name":"gameplay_sim/src/services/simple_services.rs","is_primary":true,"label":null,"line_end":66,"line_start":66,"suggested_replacement":null,"suggestion_applicability":null,"text":[{"highlight_end":34,"highlight_start":12,"text":"    pub fn validate_collider_size(&self, size: Vec3) -> Vec3 {"}]},{"byte_end":2349,"byte_start":2329,"column_end":32,"column_start":12,"expansion":null,"file_name":"gameplay_sim/src/services/simple_services.rs","is_primary":true,"label":null,"line_end":74,"line_start":74,"suggested_replacement":null,"suggestion_applicability":null,"text":[{"highlight_end":32,"highlight_start":12,"text":"    pub fn get_collision_groups(&self) -> (bevy_rapier3d::prelude::Group, bevy_rapier3d::prelude::Group, bevy_rapier3d::prelude::Group) {"}]}]}}
{"reason":"compiler-message","package_id":"path+file:///Users/bradyjeong/Documents/Projects/Amp/gta4/gta_game/gameplay_sim#0.1.0","manifest_path":"/Users/bradyjeong/Documents/Projects/Amp/gta4/gta_game/gameplay_sim/Cargo.toml","target":{"kind":["lib"],"crate_types":["lib"],"name":"gameplay_sim","src_path":"/Users/bradyjeong/Documents/Projects/Amp/gta4/gta_game/gameplay_sim/src/lib.rs","edition":"2021","doc":true,"doctest":true,"test":true},"message":{"rendered":"warning: struct `EnhancedTimingService` is never constructed\n  --> gameplay_sim/src/services/simple_services.rs:85:12\n   |\n85 | pub struct EnhancedTimingService {\n   |            ^^^^^^^^^^^^^^^^^^^^^\n\n","$message_type":"diagnostic","children":[],"code":{"code":"dead_code","explanation":null},"level":"warning","message":"struct `EnhancedTimingService` is never constructed","spans":[{"byte_end":2753,"byte_start":2732,"column_end":33,"column_start":12,"expansion":null,"file_name":"gameplay_sim/src/services/simple_services.rs","is_primary":true,"label":null,"line_end":85,"line_start":85,"suggested_replacement":null,"suggestion_applicability":null,"text":[{"highlight_end":33,"highlight_start":12,"text":"pub struct EnhancedTimingService {"}]}]}}
{"reason":"compiler-message","package_id":"path+file:///Users/bradyjeong/Documents/Projects/Amp/gta4/gta_game/gameplay_sim#0.1.0","manifest_path":"/Users/bradyjeong/Documents/Projects/Amp/gta4/gta_game/gameplay_sim/Cargo.toml","target":{"kind":["lib"],"crate_types":["lib"],"name":"gameplay_sim","src_path":"/Users/bradyjeong/Documents/Projects/Amp/gta4/gta_game/gameplay_sim/src/lib.rs","edition":"2021","doc":true,"doctest":true,"test":true},"message":{"rendered":"warning: associated items `new`, `update_time`, `should_run_system`, `current_time`, and `delta_time` are never used\n   --> gameplay_sim/src/services/simple_services.rs:90:12\n    |\n89  | impl EnhancedTimingService {\n    | -------------------------- associated items in this implementation\n90  |     pub fn new() -> Self {\n    |            ^^^\n...\n96  |     pub fn update_time(&mut self, time: &Time) {\n    |            ^^^^^^^^^^^\n...\n100 |     pub fn should_run_system(&mut self, system_type: crate::systems::timing_service::SystemType) -> bool {\n    |            ^^^^^^^^^^^^^^^^^\n...\n104 |     pub fn current_time(&self) -> f32 {\n    |            ^^^^^^^^^^^^\n...\n108 |     pub fn delta_time(&self) -> f32 {\n    |            ^^^^^^^^^^\n\n","$message_type":"diagnostic","children":[],"code":{"code":"dead_code","explanation":null},"level":"warning","message":"associated items `new`, `update_time`, `should_run_system`, `current_time`, and `delta_time` are never used","spans":[{"byte_end":2822,"byte_start":2796,"column_end":27,"column_start":1,"expansion":null,"file_name":"gameplay_sim/src/services/simple_services.rs","is_primary":false,"label":"associated items in this implementation","line_end":89,"line_start":89,"suggested_replacement":null,"suggestion_applicability":null,"text":[{"highlight_end":27,"highlight_start":1,"text":"impl EnhancedTimingService {"}]},{"byte_end":2839,"byte_start":2836,"column_end":15,"column_start":12,"expansion":null,"file_name":"gameplay_sim/src/services/simple_services.rs","is_primary":true,"label":null,"line_end":90,"line_start":90,"suggested_replacement":null,"suggestion_applicability":null,"text":[{"highlight_end":15,"highlight_start":12,"text":"    pub fn new() -> Self {"}]},{"byte_end":2966,"byte_start":2955,"column_end":23,"column_start":12,"expansion":null,"file_name":"gameplay_sim/src/services/simple_services.rs","is_primary":true,"label":null,"line_end":96,"line_start":96,"suggested_replacement":null,"suggestion_applicability":null,"text":[{"highlight_end":23,"highlight_start":12,"text":"    pub fn update_time(&mut self, time: &Time) {"}]},{"byte_end":3072,"byte_start":3055,"column_end":29,"column_start":12,"expansion":null,"file_name":"gameplay_sim/src/services/simple_services.rs","is_primary":true,"label":null,"line_end":100,"line_start":100,"suggested_replacement":null,"suggestion_applicability":null,"text":[{"highlight_end":29,"highlight_start":12,"text":"    pub fn should_run_system(&mut self, system_type: crate::systems::timing_service::SystemType) -> bool {"}]},{"byte_end":3242,"byte_start":3230,"column_end":24,"column_start":12,"expansion":null,"file_name":"gameplay_sim/src/services/simple_services.rs","is_primary":true,"label":null,"line_end":104,"line_start":104,"suggested_replacement":null,"suggestion_applicability":null,"text":[{"highlight_end":24,"highlight_start":12,"text":"    pub fn current_time(&self) -> f32 {"}]},{"byte_end":3332,"byte_start":3322,"column_end":22,"column_start":12,"expansion":null,"file_name":"gameplay_sim/src/services/simple_services.rs","is_primary":true,"label":null,"line_end":108,"line_start":108,"suggested_replacement":null,"suggestion_applicability":null,"text":[{"highlight_end":22,"highlight_start":12,"text":"    pub fn delta_time(&self) -> f32 {"}]}]}}
{"reason":"compiler-message","package_id":"path+file:///Users/bradyjeong/Documents/Projects/Amp/gta4/gta_game/gameplay_sim#0.1.0","manifest_path":"/Users/bradyjeong/Documents/Projects/Amp/gta4/gta_game/gameplay_sim/Cargo.toml","target":{"kind":["lib"],"crate_types":["lib"],"name":"gameplay_sim","src_path":"/Users/bradyjeong/Documents/Projects/Amp/gta4/gta_game/gameplay_sim/src/lib.rs","edition":"2021","doc":true,"doctest":true,"test":true},"message":{"rendered":"warning: function `initialize_simple_services` is never used\n   --> gameplay_sim/src/services/simple_services.rs:114:8\n    |\n114 | pub fn initialize_simple_services(\n    |        ^^^^^^^^^^^^^^^^^^^^^^^^^^\n\n","$message_type":"diagnostic","children":[],"code":{"code":"dead_code","explanation":null},"level":"warning","message":"function `initialize_simple_services` is never used","spans":[{"byte_end":3471,"byte_start":3445,"column_end":34,"column_start":8,"expansion":null,"file_name":"gameplay_sim/src/services/simple_services.rs","is_primary":true,"label":null,"line_end":114,"line_start":114,"suggested_replacement":null,"suggestion_applicability":null,"text":[{"highlight_end":34,"highlight_start":8,"text":"pub fn initialize_simple_services("}]}]}}
{"reason":"compiler-message","package_id":"path+file:///Users/bradyjeong/Documents/Projects/Amp/gta4/gta_game/gameplay_sim#0.1.0","manifest_path":"/Users/bradyjeong/Documents/Projects/Amp/gta4/gta_game/gameplay_sim/Cargo.toml","target":{"kind":["lib"],"crate_types":["lib"],"name":"gameplay_sim","src_path":"/Users/bradyjeong/Documents/Projects/Amp/gta4/gta_game/gameplay_sim/src/lib.rs","edition":"2021","doc":true,"doctest":true,"test":true},"message":{"rendered":"warning: function `update_timing_service_system` is never used\n   --> gameplay_sim/src/services/simple_services.rs:127:8\n    |\n127 | pub fn update_timing_service_system(\n    |        ^^^^^^^^^^^^^^^^^^^^^^^^^^^^\n\n","$message_type":"diagnostic","children":[],"code":{"code":"dead_code","explanation":null},"level":"warning","message":"function `update_timing_service_system` is never used","spans":[{"byte_end":3948,"byte_start":3920,"column_end":36,"column_start":8,"expansion":null,"file_name":"gameplay_sim/src/services/simple_services.rs","is_primary":true,"label":null,"line_end":127,"line_start":127,"suggested_replacement":null,"suggestion_applicability":null,"text":[{"highlight_end":36,"highlight_start":8,"text":"pub fn update_timing_service_system("}]}]}}
{"reason":"compiler-message","package_id":"path+file:///Users/bradyjeong/Documents/Projects/Amp/gta4/gta_game/gameplay_sim#0.1.0","manifest_path":"/Users/bradyjeong/Documents/Projects/Amp/gta4/gta_game/gameplay_sim/Cargo.toml","target":{"kind":["lib"],"crate_types":["lib"],"name":"gameplay_sim","src_path":"/Users/bradyjeong/Documents/Projects/Amp/gta4/gta_game/gameplay_sim/src/lib.rs","edition":"2021","doc":true,"doctest":true,"test":true},"message":{"rendered":"warning: multiple associated functions are never used\n   --> gameplay_sim/src/physics/utilities.rs:14:12\n    |\n12  | impl PhysicsUtilities {\n    | --------------------- associated functions in this implementation\n13  |     /// Validate and clamp velocity to safe ranges for physics stability\n14  |     pub fn validate_velocity(velocity: &mut Velocity, config: &GameConfig) {\n    |            ^^^^^^^^^^^^^^^^^\n...\n29  |     pub fn validate_external_force(force: &mut ExternalForce, max_force: f32) {\n    |            ^^^^^^^^^^^^^^^^^^^^^^^\n...\n44  |     pub fn apply_force_safe(\n    |            ^^^^^^^^^^^^^^^^\n...\n65  |     pub fn apply_external_force_safe(\n    |            ^^^^^^^^^^^^^^^^^^^^^^^^^\n...\n85  |     pub fn apply_ground_collision(\n    |            ^^^^^^^^^^^^^^^^^^^^^^\n...\n102 |     pub fn apply_world_bounds(\n    |            ^^^^^^^^^^^^^^^^^^\n...\n125 |     pub fn calculate_drag_force(\n    |            ^^^^^^^^^^^^^^^^^^^^\n...\n137 |     pub fn apply_natural_deceleration(\n    |            ^^^^^^^^^^^^^^^^^^^^^^^^^^\n...\n152 |     pub fn smooth_velocity_transition(\n    |            ^^^^^^^^^^^^^^^^^^^^^^^^^^\n\n","$message_type":"diagnostic","children":[],"code":{"code":"dead_code","explanation":null},"level":"warning","message":"multiple associated functions are never used","spans":[{"byte_end":416,"byte_start":395,"column_end":22,"column_start":1,"expansion":null,"file_name":"gameplay_sim/src/physics/utilities.rs","is_primary":false,"label":"associated functions in this implementation","line_end":12,"line_start":12,"suggested_replacement":null,"suggestion_applicability":null,"text":[{"highlight_end":22,"highlight_start":1,"text":"impl PhysicsUtilities {"}]},{"byte_end":520,"byte_start":503,"column_end":29,"column_start":12,"expansion":null,"file_name":"gameplay_sim/src/physics/utilities.rs","is_primary":true,"label":null,"line_end":14,"line_start":14,"suggested_replacement":null,"suggestion_applicability":null,"text":[{"highlight_end":29,"highlight_start":12,"text":"    pub fn validate_velocity(velocity: &mut Velocity, config: &GameConfig) {"}]},{"byte_end":1173,"byte_start":1150,"column_end":35,"column_start":12,"expansion":null,"file_name":"gameplay_sim/src/physics/utilities.rs","is_primary":true,"label":null,"line_end":29,"line_start":29,"suggested_replacement":null,"suggestion_applicability":null,"text":[{"highlight_end":35,"highlight_start":12,"text":"    pub fn validate_external_force(force: &mut ExternalForce, max_force: f32) {"}]},{"byte_end":1696,"byte_start":1680,"column_end":28,"column_start":12,"expansion":null,"file_name":"gameplay_sim/src/physics/utilities.rs","is_primary":true,"label":null,"line_end":44,"line_start":44,"suggested_replacement":null,"suggestion_applicability":null,"text":[{"highlight_end":28,"highlight_start":12,"text":"    pub fn apply_force_safe("}]},{"byte_end":2373,"byte_start":2348,"column_end":37,"column_start":12,"expansion":null,"file_name":"gameplay_sim/src/physics/utilities.rs","is_primary":true,"label":null,"line_end":65,"line_start":65,"suggested_replacement":null,"suggestion_applicability":null,"text":[{"highlight_end":37,"highlight_start":12,"text":"    pub fn apply_external_force_safe("}]},{"byte_end":2968,"byte_start":2946,"column_end":34,"column_start":12,"expansion":null,"file_name":"gameplay_sim/src/physics/utilities.rs","is_primary":true,"label":null,"line_end":85,"line_start":85,"suggested_replacement":null,"suggestion_applicability":null,"text":[{"highlight_end":34,"highlight_start":12,"text":"    pub fn apply_ground_collision("}]},{"byte_end":3525,"byte_start":3507,"column_end":30,"column_start":12,"expansion":null,"file_name":"gameplay_sim/src/physics/utilities.rs","is_primary":true,"label":null,"line_end":102,"line_start":102,"suggested_replacement":null,"suggestion_applicability":null,"text":[{"highlight_end":30,"highlight_start":12,"text":"    pub fn apply_world_bounds("}]},{"byte_end":4378,"byte_start":4358,"column_end":32,"column_start":12,"expansion":null,"file_name":"gameplay_sim/src/physics/utilities.rs","is_primary":true,"label":null,"line_end":125,"line_start":125,"suggested_replacement":null,"suggestion_applicability":null,"text":[{"highlight_end":32,"highlight_start":12,"text":"    pub fn calculate_drag_force("}]},{"byte_end":4809,"byte_start":4783,"column_end":38,"column_start":12,"expansion":null,"file_name":"gameplay_sim/src/physics/utilities.rs","is_primary":true,"label":null,"line_end":137,"line_start":137,"suggested_replacement":null,"suggestion_applicability":null,"text":[{"highlight_end":38,"highlight_start":12,"text":"    pub fn apply_natural_deceleration("}]},{"byte_end":5338,"byte_start":5312,"column_end":38,"column_start":12,"expansion":null,"file_name":"gameplay_sim/src/physics/utilities.rs","is_primary":true,"label":null,"line_end":152,"line_start":152,"suggested_replacement":null,"suggestion_applicability":null,"text":[{"highlight_end":38,"highlight_start":12,"text":"    pub fn smooth_velocity_transition("}]}]}}
{"reason":"compiler-message","package_id":"path+file:///Users/bradyjeong/Documents/Projects/Amp/gta4/gta_game/gameplay_sim#0.1.0","manifest_path":"/Users/bradyjeong/Documents/Projects/Amp/gta4/gta_game/gameplay_sim/Cargo.toml","target":{"kind":["lib"],"crate_types":["lib"],"name":"gameplay_sim","src_path":"/Users/bradyjeong/Documents/Projects/Amp/gta4/gta_game/gameplay_sim/src/lib.rs","edition":"2021","doc":true,"doctest":true,"test":true},"message":{"rendered":"warning: struct `CollisionGroupHelper` is never constructed\n   --> gameplay_sim/src/physics/utilities.rs:164:12\n    |\n164 | pub struct CollisionGroupHelper;\n    |            ^^^^^^^^^^^^^^^^^^^^\n\n","$message_type":"diagnostic","children":[],"code":{"code":"dead_code","explanation":null},"level":"warning","message":"struct `CollisionGroupHelper` is never constructed","spans":[{"byte_end":5709,"byte_start":5689,"column_end":32,"column_start":12,"expansion":null,"file_name":"gameplay_sim/src/physics/utilities.rs","is_primary":true,"label":null,"line_end":164,"line_start":164,"suggested_replacement":null,"suggestion_applicability":null,"text":[{"highlight_end":32,"highlight_start":12,"text":"pub struct CollisionGroupHelper;"}]}]}}
{"reason":"compiler-message","package_id":"path+file:///Users/bradyjeong/Documents/Projects/Amp/gta4/gta_game/gameplay_sim#0.1.0","manifest_path":"/Users/bradyjeong/Documents/Projects/Amp/gta4/gta_game/gameplay_sim/Cargo.toml","target":{"kind":["lib"],"crate_types":["lib"],"name":"gameplay_sim","src_path":"/Users/bradyjeong/Documents/Projects/Amp/gta4/gta_game/gameplay_sim/src/lib.rs","edition":"2021","doc":true,"doctest":true,"test":true},"message":{"rendered":"warning: associated functions `static_groups`, `vehicle_groups`, `character_groups`, and `from_config` are never used\n   --> gameplay_sim/src/physics/utilities.rs:168:12\n    |\n166 | impl CollisionGroupHelper {\n    | ------------------------- associated functions in this implementation\n167 |     /// Get collision groups for static objects (buildings, terrain)\n168 |     pub fn static_groups() -> CollisionGroups {\n    |            ^^^^^^^^^^^^^\n...\n173 |     pub fn vehicle_groups() -> CollisionGroups {\n    |            ^^^^^^^^^^^^^^\n...\n178 |     pub fn character_groups() -> CollisionGroups {\n    |            ^^^^^^^^^^^^^^^^\n...\n183 |     pub fn from_config(\n    |            ^^^^^^^^^^^\n\n","$message_type":"diagnostic","children":[],"code":{"code":"dead_code","explanation":null},"level":"warning","message":"associated functions `static_groups`, `vehicle_groups`, `character_groups`, and `from_config` are never used","spans":[{"byte_end":5737,"byte_start":5712,"column_end":26,"column_start":1,"expansion":null,"file_name":"gameplay_sim/src/physics/utilities.rs","is_primary":false,"label":"associated functions in this implementation","line_end":166,"line_start":166,"suggested_replacement":null,"suggestion_applicability":null,"text":[{"highlight_end":26,"highlight_start":1,"text":"impl CollisionGroupHelper {"}]},{"byte_end":5833,"byte_start":5820,"column_end":25,"column_start":12,"expansion":null,"file_name":"gameplay_sim/src/physics/utilities.rs","is_primary":true,"label":null,"line_end":168,"line_start":168,"suggested_replacement":null,"suggestion_applicability":null,"text":[{"highlight_end":25,"highlight_start":12,"text":"    pub fn static_groups() -> CollisionGroups {"}]},{"byte_end":6007,"byte_start":5993,"column_end":26,"column_start":12,"expansion":null,"file_name":"gameplay_sim/src/physics/utilities.rs","is_primary":true,"label":null,"line_end":173,"line_start":173,"suggested_replacement":null,"suggestion_applicability":null,"text":[{"highlight_end":26,"highlight_start":12,"text":"    pub fn vehicle_groups() -> CollisionGroups {"}]},{"byte_end":6220,"byte_start":6204,"column_end":28,"column_start":12,"expansion":null,"file_name":"gameplay_sim/src/physics/utilities.rs","is_primary":true,"label":null,"line_end":178,"line_start":178,"suggested_replacement":null,"suggestion_applicability":null,"text":[{"highlight_end":28,"highlight_start":12,"text":"    pub fn character_groups() -> CollisionGroups {"}]},{"byte_end":6418,"byte_start":6407,"column_end":23,"column_start":12,"expansion":null,"file_name":"gameplay_sim/src/physics/utilities.rs","is_primary":true,"label":null,"line_end":183,"line_start":183,"suggested_replacement":null,"suggestion_applicability":null,"text":[{"highlight_end":23,"highlight_start":12,"text":"    pub fn from_config("}]}]}}
{"reason":"compiler-message","package_id":"path+file:///Users/bradyjeong/Documents/Projects/Amp/gta4/gta_game/gameplay_sim#0.1.0","manifest_path":"/Users/bradyjeong/Documents/Projects/Amp/gta4/gta_game/gameplay_sim/Cargo.toml","target":{"kind":["lib"],"crate_types":["lib"],"name":"gameplay_sim","src_path":"/Users/bradyjeong/Documents/Projects/Amp/gta4/gta_game/gameplay_sim/src/lib.rs","edition":"2021","doc":true,"doctest":true,"test":true},"message":{"rendered":"warning: struct `PhysicsBodySetup` is never constructed\n   --> gameplay_sim/src/physics/utilities.rs:192:12\n    |\n192 | pub struct PhysicsBodySetup;\n    |            ^^^^^^^^^^^^^^^^\n\n","$message_type":"diagnostic","children":[],"code":{"code":"dead_code","explanation":null},"level":"warning","message":"struct `PhysicsBodySetup` is never constructed","spans":[{"byte_end":6671,"byte_start":6655,"column_end":28,"column_start":12,"expansion":null,"file_name":"gameplay_sim/src/physics/utilities.rs","is_primary":true,"label":null,"line_end":192,"line_start":192,"suggested_replacement":null,"suggestion_applicability":null,"text":[{"highlight_end":28,"highlight_start":12,"text":"pub struct PhysicsBodySetup;"}]}]}}
{"reason":"compiler-message","package_id":"path+file:///Users/bradyjeong/Documents/Projects/Amp/gta4/gta_game/gameplay_sim#0.1.0","manifest_path":"/Users/bradyjeong/Documents/Projects/Amp/gta4/gta_game/gameplay_sim/Cargo.toml","target":{"kind":["lib"],"crate_types":["lib"],"name":"gameplay_sim","src_path":"/Users/bradyjeong/Documents/Projects/Amp/gta4/gta_game/gameplay_sim/src/lib.rs","edition":"2021","doc":true,"doctest":true,"test":true},"message":{"rendered":"warning: associated functions `create_dynamic_body`, `create_static_body`, `create_collider_safe`, and `create_mass_properties` are never used\n   --> gameplay_sim/src/physics/utilities.rs:196:12\n    |\n194 | impl PhysicsBodySetup {\n    | --------------------- associated functions in this implementation\n195 |     /// Create a dynamic physics body for moving entities\n196 |     pub fn create_dynamic_body(\n    |            ^^^^^^^^^^^^^^^^^^^\n...\n212 |     pub fn create_static_body(collision_groups: CollisionGroups) -> (RigidBody, CollisionGroups) {\n    |            ^^^^^^^^^^^^^^^^^^\n...\n217 |     pub fn create_collider_safe(\n    |            ^^^^^^^^^^^^^^^^^^^^\n...\n235 |     pub fn create_mass_properties(mass: f32, config: &GameConfig) -> Option<AdditionalMassProperties> {\n    |            ^^^^^^^^^^^^^^^^^^^^^^\n\n","$message_type":"diagnostic","children":[],"code":{"code":"dead_code","explanation":null},"level":"warning","message":"associated functions `create_dynamic_body`, `create_static_body`, `create_collider_safe`, and `create_mass_properties` are never used","spans":[{"byte_end":6695,"byte_start":6674,"column_end":22,"column_start":1,"expansion":null,"file_name":"gameplay_sim/src/physics/utilities.rs","is_primary":false,"label":"associated functions in this implementation","line_end":194,"line_start":194,"suggested_replacement":null,"suggestion_applicability":null,"text":[{"highlight_end":22,"highlight_start":1,"text":"impl PhysicsBodySetup {"}]},{"byte_end":6786,"byte_start":6767,"column_end":31,"column_start":12,"expansion":null,"file_name":"gameplay_sim/src/physics/utilities.rs","is_primary":true,"label":null,"line_end":196,"line_start":196,"suggested_replacement":null,"suggestion_applicability":null,"text":[{"highlight_end":31,"highlight_start":12,"text":"    pub fn create_dynamic_body("}]},{"byte_end":7220,"byte_start":7202,"column_end":30,"column_start":12,"expansion":null,"file_name":"gameplay_sim/src/physics/utilities.rs","is_primary":true,"label":null,"line_end":212,"line_start":212,"suggested_replacement":null,"suggestion_applicability":null,"text":[{"highlight_end":30,"highlight_start":12,"text":"    pub fn create_static_body(collision_groups: CollisionGroups) -> (RigidBody, CollisionGroups) {"}]},{"byte_end":7417,"byte_start":7397,"column_end":32,"column_start":12,"expansion":null,"file_name":"gameplay_sim/src/physics/utilities.rs","is_primary":true,"label":null,"line_end":217,"line_start":217,"suggested_replacement":null,"suggestion_applicability":null,"text":[{"highlight_end":32,"highlight_start":12,"text":"    pub fn create_collider_safe("}]},{"byte_end":8080,"byte_start":8058,"column_end":34,"column_start":12,"expansion":null,"file_name":"gameplay_sim/src/physics/utilities.rs","is_primary":true,"label":null,"line_end":235,"line_start":235,"suggested_replacement":null,"suggestion_applicability":null,"text":[{"highlight_end":34,"highlight_start":12,"text":"    pub fn create_mass_properties(mass: f32, config: &GameConfig) -> Option<AdditionalMassProperties> {"}]}]}}
{"reason":"compiler-message","package_id":"path+file:///Users/bradyjeong/Documents/Projects/Amp/gta4/gta_game/gameplay_sim#0.1.0","manifest_path":"/Users/bradyjeong/Documents/Projects/Amp/gta4/gta_game/gameplay_sim/Cargo.toml","target":{"kind":["lib"],"crate_types":["lib"],"name":"gameplay_sim","src_path":"/Users/bradyjeong/Documents/Projects/Amp/gta4/gta_game/gameplay_sim/src/lib.rs","edition":"2021","doc":true,"doctest":true,"test":true},"message":{"rendered":"warning: multiple fields are never read\n   --> gameplay_sim/src/physics/utilities.rs:249:9\n    |\n248 | pub struct MovementInputs {\n    |            -------------- fields in this struct\n249 |     pub throttle: f32,\n    |         ^^^^^^^^\n250 |     pub brake: f32,\n    |         ^^^^^\n251 |     pub steering: f32,\n    |         ^^^^^^^^\n252 |     pub pitch: f32,\n    |         ^^^^^\n253 |     pub roll: f32,\n    |         ^^^^\n254 |     pub yaw: f32,\n    |         ^^^\n255 |     pub thrust: f32,\n    |         ^^^^^^\n256 |     pub forward: f32,\n    |         ^^^^^^^\n257 |     pub backward: f32,\n    |         ^^^^^^^^\n258 |     pub left: f32,\n    |         ^^^^\n259 |     pub right: f32,\n    |         ^^^^^\n260 |     pub jump: f32,\n    |         ^^^^\n    |\n    = note: `MovementInputs` has derived impls for the traits `Debug` and `Clone`, but these are intentionally ignored during dead code analysis\n\n","$message_type":"diagnostic","children":[{"children":[],"code":null,"level":"note","message":"`MovementInputs` has derived impls for the traits `Debug` and `Clone`, but these are intentionally ignored during dead code analysis","rendered":null,"spans":[]}],"code":{"code":"dead_code","explanation":null},"level":"warning","message":"multiple fields are never read","spans":[{"byte_end":8549,"byte_start":8535,"column_end":26,"column_start":12,"expansion":null,"file_name":"gameplay_sim/src/physics/utilities.rs","is_primary":false,"label":"fields in this struct","line_end":248,"line_start":248,"suggested_replacement":null,"suggestion_applicability":null,"text":[{"highlight_end":26,"highlight_start":12,"text":"pub struct MovementInputs {"}]},{"byte_end":8568,"byte_start":8560,"column_end":17,"column_start":9,"expansion":null,"file_name":"gameplay_sim/src/physics/utilities.rs","is_primary":true,"label":null,"line_end":249,"line_start":249,"suggested_replacement":null,"suggestion_applicability":null,"text":[{"highlight_end":17,"highlight_start":9,"text":"    pub throttle: f32,"}]},{"byte_end":8588,"byte_start":8583,"column_end":14,"column_start":9,"expansion":null,"file_name":"gameplay_sim/src/physics/utilities.rs","is_primary":true,"label":null,"line_end":250,"line_start":250,"suggested_replacement":null,"suggestion_applicability":null,"text":[{"highlight_end":14,"highlight_start":9,"text":"    pub brake: f32,"}]},{"byte_end":8611,"byte_start":8603,"column_end":17,"column_start":9,"expansion":null,"file_name":"gameplay_sim/src/physics/utilities.rs","is_primary":true,"label":null,"line_end":251,"line_start":251,"suggested_replacement":null,"suggestion_applicability":null,"text":[{"highlight_end":17,"highlight_start":9,"text":"    pub steering: f32,"}]},{"byte_end":8631,"byte_start":8626,"column_end":14,"column_start":9,"expansion":null,"file_name":"gameplay_sim/src/physics/utilities.rs","is_primary":true,"label":null,"line_end":252,"line_start":252,"suggested_replacement":null,"suggestion_applicability":null,"text":[{"highlight_end":14,"highlight_start":9,"text":"    pub pitch: f32,"}]},{"byte_end":8650,"byte_start":8646,"column_end":13,"column_start":9,"expansion":null,"file_name":"gameplay_sim/src/physics/utilities.rs","is_primary":true,"label":null,"line_end":253,"line_start":253,"suggested_replacement":null,"suggestion_applicability":null,"text":[{"highlight_end":13,"highlight_start":9,"text":"    pub roll: f32,"}]},{"byte_end":8668,"byte_start":8665,"column_end":12,"column_start":9,"expansion":null,"file_name":"gameplay_sim/src/physics/utilities.rs","is_primary":true,"label":null,"line_end":254,"line_start":254,"suggested_replacement":null,"suggestion_applicability":null,"text":[{"highlight_end":12,"highlight_start":9,"text":"    pub yaw: f32,"}]},{"byte_end":8689,"byte_start":8683,"column_end":15,"column_start":9,"expansion":null,"file_name":"gameplay_sim/src/physics/utilities.rs","is_primary":true,"label":null,"line_end":255,"line_start":255,"suggested_replacement":null,"suggestion_applicability":null,"text":[{"highlight_end":15,"highlight_start":9,"text":"    pub thrust: f32,"}]},{"byte_end":8711,"byte_start":8704,"column_end":16,"column_start":9,"expansion":null,"file_name":"gameplay_sim/src/physics/utilities.rs","is_primary":true,"label":null,"line_end":256,"line_start":256,"suggested_replacement":null,"suggestion_applicability":null,"text":[{"highlight_end":16,"highlight_start":9,"text":"    pub forward: f32,"}]},{"byte_end":8734,"byte_start":8726,"column_end":17,"column_start":9,"expansion":null,"file_name":"gameplay_sim/src/physics/utilities.rs","is_primary":true,"label":null,"line_end":257,"line_start":257,"suggested_replacement":null,"suggestion_applicability":null,"text":[{"highlight_end":17,"highlight_start":9,"text":"    pub backward: f32,"}]},{"byte_end":8753,"byte_start":8749,"column_end":13,"column_start":9,"expansion":null,"file_name":"gameplay_sim/src/physics/utilities.rs","is_primary":true,"label":null,"line_end":258,"line_start":258,"suggested_replacement":null,"suggestion_applicability":null,"text":[{"highlight_end":13,"highlight_start":9,"text":"    pub left: f32,"}]},{"byte_end":8773,"byte_start":8768,"column_end":14,"column_start":9,"expansion":null,"file_name":"gameplay_sim/src/physics/utilities.rs","is_primary":true,"label":null,"line_end":259,"line_start":259,"suggested_replacement":null,"suggestion_applicability":null,"text":[{"highlight_end":14,"highlight_start":9,"text":"    pub right: f32,"}]},{"byte_end":8792,"byte_start":8788,"column_end":13,"column_start":9,"expansion":null,"file_name":"gameplay_sim/src/physics/utilities.rs","is_primary":true,"label":null,"line_end":260,"line_start":260,"suggested_replacement":null,"suggestion_applicability":null,"text":[{"highlight_end":13,"highlight_start":9,"text":"    pub jump: f32,"}]}]}}
{"reason":"compiler-message","package_id":"path+file:///Users/bradyjeong/Documents/Projects/Amp/gta4/gta_game/gameplay_sim#0.1.0","manifest_path":"/Users/bradyjeong/Documents/Projects/Amp/gta4/gta_game/gameplay_sim/Cargo.toml","target":{"kind":["lib"],"crate_types":["lib"],"name":"gameplay_sim","src_path":"/Users/bradyjeong/Documents/Projects/Amp/gta4/gta_game/gameplay_sim/src/lib.rs","edition":"2021","doc":true,"doctest":true,"test":true},"message":{"rendered":"warning: struct `InputProcessor` is never constructed\n   --> gameplay_sim/src/physics/utilities.rs:264:12\n    |\n264 | pub struct InputProcessor;\n    |            ^^^^^^^^^^^^^^\n\n","$message_type":"diagnostic","children":[],"code":{"code":"dead_code","explanation":null},"level":"warning","message":"struct `InputProcessor` is never constructed","spans":[{"byte_end":8890,"byte_start":8876,"column_end":26,"column_start":12,"expansion":null,"file_name":"gameplay_sim/src/physics/utilities.rs","is_primary":true,"label":null,"line_end":264,"line_start":264,"suggested_replacement":null,"suggestion_applicability":null,"text":[{"highlight_end":26,"highlight_start":12,"text":"pub struct InputProcessor;"}]}]}}
{"reason":"compiler-message","package_id":"path+file:///Users/bradyjeong/Documents/Projects/Amp/gta4/gta_game/gameplay_sim#0.1.0","manifest_path":"/Users/bradyjeong/Documents/Projects/Amp/gta4/gta_game/gameplay_sim/Cargo.toml","target":{"kind":["lib"],"crate_types":["lib"],"name":"gameplay_sim","src_path":"/Users/bradyjeong/Documents/Projects/Amp/gta4/gta_game/gameplay_sim/src/lib.rs","edition":"2021","doc":true,"doctest":true,"test":true},"message":{"rendered":"warning: associated functions `process_unified_inputs`, `process_acceleration_input`, `apply_speed_dependent_steering`, and `calculate_force_from_input` are never used\n   --> gameplay_sim/src/physics/utilities.rs:268:12\n    |\n266 | impl InputProcessor {\n    | ------------------- associated functions in this implementation\n267 |     /// Unified input processing for all movement systems\n268 |     pub fn process_unified_inputs(control_manager: &ControlManager) -> MovementInputs {\n    |            ^^^^^^^^^^^^^^^^^^^^^^\n...\n286 |     pub fn process_acceleration_input(\n    |            ^^^^^^^^^^^^^^^^^^^^^^^^^^\n...\n299 |     pub fn apply_speed_dependent_steering(\n    |            ^^^^^^^^^^^^^^^^^^^^^^^^^^^^^^\n...\n311 |     pub fn calculate_force_from_input(\n    |            ^^^^^^^^^^^^^^^^^^^^^^^^^^\n\n","$message_type":"diagnostic","children":[],"code":{"code":"dead_code","explanation":null},"level":"warning","message":"associated functions `process_unified_inputs`, `process_acceleration_input`, `apply_speed_dependent_steering`, and `calculate_force_from_input` are never used","spans":[{"byte_end":8912,"byte_start":8893,"column_end":20,"column_start":1,"expansion":null,"file_name":"gameplay_sim/src/physics/utilities.rs","is_primary":false,"label":"associated functions in this implementation","line_end":266,"line_start":266,"suggested_replacement":null,"suggestion_applicability":null,"text":[{"highlight_end":20,"highlight_start":1,"text":"impl InputProcessor {"}]},{"byte_end":9006,"byte_start":8984,"column_end":34,"column_start":12,"expansion":null,"file_name":"gameplay_sim/src/physics/utilities.rs","is_primary":true,"label":null,"line_end":268,"line_start":268,"suggested_replacement":null,"suggestion_applicability":null,"text":[{"highlight_end":34,"highlight_start":12,"text":"    pub fn process_unified_inputs(control_manager: &ControlManager) -> MovementInputs {"}]},{"byte_end":10196,"byte_start":10170,"column_end":38,"column_start":12,"expansion":null,"file_name":"gameplay_sim/src/physics/utilities.rs","is_primary":true,"label":null,"line_end":286,"line_start":286,"suggested_replacement":null,"suggestion_applicability":null,"text":[{"highlight_end":38,"highlight_start":12,"text":"    pub fn process_acceleration_input("}]},{"byte_end":10650,"byte_start":10620,"column_end":42,"column_start":12,"expansion":null,"file_name":"gameplay_sim/src/physics/utilities.rs","is_primary":true,"label":null,"line_end":299,"line_start":299,"suggested_replacement":null,"suggestion_applicability":null,"text":[{"highlight_end":42,"highlight_start":12,"text":"    pub fn apply_speed_dependent_steering("}]},{"byte_end":11073,"byte_start":11047,"column_end":38,"column_start":12,"expansion":null,"file_name":"gameplay_sim/src/physics/utilities.rs","is_primary":true,"label":null,"line_end":311,"line_start":311,"suggested_replacement":null,"suggestion_applicability":null,"text":[{"highlight_end":38,"highlight_start":12,"text":"    pub fn calculate_force_from_input("}]}]}}
{"reason":"compiler-message","package_id":"path+file:///Users/bradyjeong/Documents/Projects/Amp/gta4/gta_game/gameplay_sim#0.1.0","manifest_path":"/Users/bradyjeong/Documents/Projects/Amp/gta4/gta_game/gameplay_sim/Cargo.toml","target":{"kind":["lib"],"crate_types":["lib"],"name":"gameplay_sim","src_path":"/Users/bradyjeong/Documents/Projects/Amp/gta4/gta_game/gameplay_sim/src/lib.rs","edition":"2021","doc":true,"doctest":true,"test":true},"message":{"rendered":"warning: function `apply_universal_physics_safeguards` is never used\n   --> gameplay_sim/src/physics/utilities.rs:321:8\n    |\n321 | pub fn apply_universal_physics_safeguards(\n    |        ^^^^^^^^^^^^^^^^^^^^^^^^^^^^^^^^^^\n\n","$message_type":"diagnostic","children":[],"code":{"code":"dead_code","explanation":null},"level":"warning","message":"function `apply_universal_physics_safeguards` is never used","spans":[{"byte_end":11337,"byte_start":11303,"column_end":42,"column_start":8,"expansion":null,"file_name":"gameplay_sim/src/physics/utilities.rs","is_primary":true,"label":null,"line_end":321,"line_start":321,"suggested_replacement":null,"suggestion_applicability":null,"text":[{"highlight_end":42,"highlight_start":8,"text":"pub fn apply_universal_physics_safeguards("}]}]}}
{"reason":"compiler-message","package_id":"path+file:///Users/bradyjeong/Documents/Projects/Amp/gta4/gta_game/gameplay_sim#0.1.0","manifest_path":"/Users/bradyjeong/Documents/Projects/Amp/gta4/gta_game/gameplay_sim/Cargo.toml","target":{"kind":["lib"],"crate_types":["lib"],"name":"gameplay_sim","src_path":"/Users/bradyjeong/Documents/Projects/Amp/gta4/gta_game/gameplay_sim/src/lib.rs","edition":"2021","doc":true,"doctest":true,"test":true},"message":{"rendered":"warning: function `player_collision_resolution_system` is never used\n --> gameplay_sim/src/physics/collision_resolution.rs:6:8\n  |\n6 | pub fn player_collision_resolution_system(\n  |        ^^^^^^^^^^^^^^^^^^^^^^^^^^^^^^^^^^\n\n","$message_type":"diagnostic","children":[],"code":{"code":"dead_code","explanation":null},"level":"warning","message":"function `player_collision_resolution_system` is never used","spans":[{"byte_end":204,"byte_start":170,"column_end":42,"column_start":8,"expansion":null,"file_name":"gameplay_sim/src/physics/collision_resolution.rs","is_primary":true,"label":null,"line_end":6,"line_start":6,"suggested_replacement":null,"suggestion_applicability":null,"text":[{"highlight_end":42,"highlight_start":8,"text":"pub fn player_collision_resolution_system("}]}]}}
{"reason":"compiler-message","package_id":"path+file:///Users/bradyjeong/Documents/Projects/Amp/gta4/gta_game/gameplay_sim#0.1.0","manifest_path":"/Users/bradyjeong/Documents/Projects/Amp/gta4/gta_game/gameplay_sim/Cargo.toml","target":{"kind":["lib"],"crate_types":["lib"],"name":"gameplay_sim","src_path":"/Users/bradyjeong/Documents/Projects/Amp/gta4/gta_game/gameplay_sim/src/lib.rs","edition":"2021","doc":true,"doctest":true,"test":true},"message":{"rendered":"warning: function `player_movement_validation_system` is never used\n  --> gameplay_sim/src/physics/collision_resolution.rs:35:8\n   |\n35 | pub fn player_movement_validation_system(\n   |        ^^^^^^^^^^^^^^^^^^^^^^^^^^^^^^^^^\n\n","$message_type":"diagnostic","children":[],"code":{"code":"dead_code","explanation":null},"level":"warning","message":"function `player_movement_validation_system` is never used","spans":[{"byte_end":1425,"byte_start":1392,"column_end":41,"column_start":8,"expansion":null,"file_name":"gameplay_sim/src/physics/collision_resolution.rs","is_primary":true,"label":null,"line_end":35,"line_start":35,"suggested_replacement":null,"suggestion_applicability":null,"text":[{"highlight_end":41,"highlight_start":8,"text":"pub fn player_movement_validation_system("}]}]}}
{"reason":"compiler-message","package_id":"path+file:///Users/bradyjeong/Documents/Projects/Amp/gta4/gta_game/gameplay_sim#0.1.0","manifest_path":"/Users/bradyjeong/Documents/Projects/Amp/gta4/gta_game/gameplay_sim/Cargo.toml","target":{"kind":["lib"],"crate_types":["lib"],"name":"gameplay_sim","src_path":"/Users/bradyjeong/Documents/Projects/Amp/gta4/gta_game/gameplay_sim/src/lib.rs","edition":"2021","doc":true,"doctest":true,"test":true},"message":{"rendered":"warning: function `human_player_movement` is never used\n  --> gameplay_sim/src/movement/player.rs:24:8\n   |\n24 | pub fn human_player_movement(\n   |        ^^^^^^^^^^^^^^^^^^^^^\n\n","$message_type":"diagnostic","children":[],"code":{"code":"dead_code","explanation":null},"level":"warning","message":"function `human_player_movement` is never used","spans":[{"byte_end":999,"byte_start":978,"column_end":29,"column_start":8,"expansion":null,"file_name":"gameplay_sim/src/movement/player.rs","is_primary":true,"label":null,"line_end":24,"line_start":24,"suggested_replacement":null,"suggestion_applicability":null,"text":[{"highlight_end":29,"highlight_start":8,"text":"pub fn human_player_movement("}]}]}}
{"reason":"compiler-message","package_id":"path+file:///Users/bradyjeong/Documents/Projects/Amp/gta4/gta_game/gameplay_sim#0.1.0","manifest_path":"/Users/bradyjeong/Documents/Projects/Amp/gta4/gta_game/gameplay_sim/Cargo.toml","target":{"kind":["lib"],"crate_types":["lib"],"name":"gameplay_sim","src_path":"/Users/bradyjeong/Documents/Projects/Amp/gta4/gta_game/gameplay_sim/src/lib.rs","edition":"2021","doc":true,"doctest":true,"test":true},"message":{"rendered":"warning: function `human_player_animation` is never used\n   --> gameplay_sim/src/movement/player.rs:123:8\n    |\n123 | pub fn human_player_animation(\n    |        ^^^^^^^^^^^^^^^^^^^^^^\n\n","$message_type":"diagnostic","children":[],"code":{"code":"dead_code","explanation":null},"level":"warning","message":"function `human_player_animation` is never used","spans":[{"byte_end":4543,"byte_start":4521,"column_end":30,"column_start":8,"expansion":null,"file_name":"gameplay_sim/src/movement/player.rs","is_primary":true,"label":null,"line_end":123,"line_start":123,"suggested_replacement":null,"suggestion_applicability":null,"text":[{"highlight_end":30,"highlight_start":8,"text":"pub fn human_player_animation("}]}]}}
{"reason":"compiler-message","package_id":"path+file:///Users/bradyjeong/Documents/Projects/Amp/gta4/gta_game/gameplay_sim#0.1.0","manifest_path":"/Users/bradyjeong/Documents/Projects/Amp/gta4/gta_game/gameplay_sim/Cargo.toml","target":{"kind":["lib"],"crate_types":["lib"],"name":"gameplay_sim","src_path":"/Users/bradyjeong/Documents/Projects/Amp/gta4/gta_game/gameplay_sim/src/lib.rs","edition":"2021","doc":true,"doctest":true,"test":true},"message":{"rendered":"warning: function `car_movement` is never used\n  --> gameplay_sim/src/movement/vehicles.rs:21:8\n   |\n21 | pub fn car_movement(\n   |        ^^^^^^^^^^^^\n\n","$message_type":"diagnostic","children":[],"code":{"code":"dead_code","explanation":null},"level":"warning","message":"function `car_movement` is never used","spans":[{"byte_end":977,"byte_start":965,"column_end":20,"column_start":8,"expansion":null,"file_name":"gameplay_sim/src/movement/vehicles.rs","is_primary":true,"label":null,"line_end":21,"line_start":21,"suggested_replacement":null,"suggestion_applicability":null,"text":[{"highlight_end":20,"highlight_start":8,"text":"pub fn car_movement("}]}]}}
{"reason":"compiler-message","package_id":"path+file:///Users/bradyjeong/Documents/Projects/Amp/gta4/gta_game/gameplay_sim#0.1.0","manifest_path":"/Users/bradyjeong/Documents/Projects/Amp/gta4/gta_game/gameplay_sim/Cargo.toml","target":{"kind":["lib"],"crate_types":["lib"],"name":"gameplay_sim","src_path":"/Users/bradyjeong/Documents/Projects/Amp/gta4/gta_game/gameplay_sim/src/lib.rs","edition":"2021","doc":true,"doctest":true,"test":true},"message":{"rendered":"warning: function `supercar_movement_deprecated` is never used\n  --> gameplay_sim/src/movement/vehicles.rs:85:8\n   |\n85 | pub fn supercar_movement_deprecated(\n   |        ^^^^^^^^^^^^^^^^^^^^^^^^^^^^\n\n","$message_type":"diagnostic","children":[],"code":{"code":"dead_code","explanation":null},"level":"warning","message":"function `supercar_movement_deprecated` is never used","spans":[{"byte_end":3511,"byte_start":3483,"column_end":36,"column_start":8,"expansion":null,"file_name":"gameplay_sim/src/movement/vehicles.rs","is_primary":true,"label":null,"line_end":85,"line_start":85,"suggested_replacement":null,"suggestion_applicability":null,"text":[{"highlight_end":36,"highlight_start":8,"text":"pub fn supercar_movement_deprecated("}]}]}}
{"reason":"compiler-message","package_id":"path+file:///Users/bradyjeong/Documents/Projects/Amp/gta4/gta_game/gameplay_sim#0.1.0","manifest_path":"/Users/bradyjeong/Documents/Projects/Amp/gta4/gta_game/gameplay_sim/Cargo.toml","target":{"kind":["lib"],"crate_types":["lib"],"name":"gameplay_sim","src_path":"/Users/bradyjeong/Documents/Projects/Amp/gta4/gta_game/gameplay_sim/src/lib.rs","edition":"2021","doc":true,"doctest":true,"test":true},"message":{"rendered":"warning: function `spawn_hypercar_exhaust_effects` is never used\n   --> gameplay_sim/src/movement/vehicles.rs:206:4\n    |\n206 | fn spawn_hypercar_exhaust_effects(\n    |    ^^^^^^^^^^^^^^^^^^^^^^^^^^^^^^\n\n","$message_type":"diagnostic","children":[],"code":{"code":"dead_code","explanation":null},"level":"warning","message":"function `spawn_hypercar_exhaust_effects` is never used","spans":[{"byte_end":9080,"byte_start":9050,"column_end":34,"column_start":4,"expansion":null,"file_name":"gameplay_sim/src/movement/vehicles.rs","is_primary":true,"label":null,"line_end":206,"line_start":206,"suggested_replacement":null,"suggestion_applicability":null,"text":[{"highlight_end":34,"highlight_start":4,"text":"fn spawn_hypercar_exhaust_effects("}]}]}}
{"reason":"compiler-message","package_id":"path+file:///Users/bradyjeong/Documents/Projects/Amp/gta4/gta_game/gameplay_sim#0.1.0","manifest_path":"/Users/bradyjeong/Documents/Projects/Amp/gta4/gta_game/gameplay_sim/Cargo.toml","target":{"kind":["lib"],"crate_types":["lib"],"name":"gameplay_sim","src_path":"/Users/bradyjeong/Documents/Projects/Amp/gta4/gta_game/gameplay_sim/src/lib.rs","edition":"2021","doc":true,"doctest":true,"test":true},"message":{"rendered":"warning: function `handle_driving_mode_changes` is never used\n   --> gameplay_sim/src/movement/vehicles.rs:319:4\n    |\n319 | fn handle_driving_mode_changes(supercar: &mut SuperCar, _control_manager: &ControlManager) {\n    |    ^^^^^^^^^^^^^^^^^^^^^^^^^^^\n\n","$message_type":"diagnostic","children":[],"code":{"code":"dead_code","explanation":null},"level":"warning","message":"function `handle_driving_mode_changes` is never used","spans":[{"byte_end":13804,"byte_start":13777,"column_end":31,"column_start":4,"expansion":null,"file_name":"gameplay_sim/src/movement/vehicles.rs","is_primary":true,"label":null,"line_end":319,"line_start":319,"suggested_replacement":null,"suggestion_applicability":null,"text":[{"highlight_end":31,"highlight_start":4,"text":"fn handle_driving_mode_changes(supercar: &mut SuperCar, _control_manager: &ControlManager) {"}]}]}}
{"reason":"compiler-message","package_id":"path+file:///Users/bradyjeong/Documents/Projects/Amp/gta4/gta_game/gameplay_sim#0.1.0","manifest_path":"/Users/bradyjeong/Documents/Projects/Amp/gta4/gta_game/gameplay_sim/Cargo.toml","target":{"kind":["lib"],"crate_types":["lib"],"name":"gameplay_sim","src_path":"/Users/bradyjeong/Documents/Projects/Amp/gta4/gta_game/gameplay_sim/src/lib.rs","edition":"2021","doc":true,"doctest":true,"test":true},"message":{"rendered":"warning: function `update_gear_and_rpm` is never used\n   --> gameplay_sim/src/movement/vehicles.rs:338:4\n    |\n338 | fn update_gear_and_rpm(supercar: &mut SuperCar, current_speed_mph: f32, dt: f32) {\n    |    ^^^^^^^^^^^^^^^^^^^\n\n","$message_type":"diagnostic","children":[],"code":{"code":"dead_code","explanation":null},"level":"warning","message":"function `update_gear_and_rpm` is never used","spans":[{"byte_end":14688,"byte_start":14669,"column_end":23,"column_start":4,"expansion":null,"file_name":"gameplay_sim/src/movement/vehicles.rs","is_primary":true,"label":null,"line_end":338,"line_start":338,"suggested_replacement":null,"suggestion_applicability":null,"text":[{"highlight_end":23,"highlight_start":4,"text":"fn update_gear_and_rpm(supercar: &mut SuperCar, current_speed_mph: f32, dt: f32) {"}]}]}}
{"reason":"compiler-message","package_id":"path+file:///Users/bradyjeong/Documents/Projects/Amp/gta4/gta_game/gameplay_sim#0.1.0","manifest_path":"/Users/bradyjeong/Documents/Projects/Amp/gta4/gta_game/gameplay_sim/Cargo.toml","target":{"kind":["lib"],"crate_types":["lib"],"name":"gameplay_sim","src_path":"/Users/bradyjeong/Documents/Projects/Amp/gta4/gta_game/gameplay_sim/src/lib.rs","edition":"2021","doc":true,"doctest":true,"test":true},"message":{"rendered":"warning: function `update_advanced_turbo_system` is never used\n   --> gameplay_sim/src/movement/vehicles.rs:359:4\n    |\n359 | fn update_advanced_turbo_system(supercar: &mut SuperCar, dt: f32, turbo_requested: bool, current_speed_mph: f32) {\n    |    ^^^^^^^^^^^^^^^^^^^^^^^^^^^^\n\n","$message_type":"diagnostic","children":[],"code":{"code":"dead_code","explanation":null},"level":"warning","message":"function `update_advanced_turbo_system` is never used","spans":[{"byte_end":15724,"byte_start":15696,"column_end":32,"column_start":4,"expansion":null,"file_name":"gameplay_sim/src/movement/vehicles.rs","is_primary":true,"label":null,"line_end":359,"line_start":359,"suggested_replacement":null,"suggestion_applicability":null,"text":[{"highlight_end":32,"highlight_start":4,"text":"fn update_advanced_turbo_system(supercar: &mut SuperCar, dt: f32, turbo_requested: bool, current_speed_mph: f32) {"}]}]}}
{"reason":"compiler-message","package_id":"path+file:///Users/bradyjeong/Documents/Projects/Amp/gta4/gta_game/gameplay_sim#0.1.0","manifest_path":"/Users/bradyjeong/Documents/Projects/Amp/gta4/gta_game/gameplay_sim/Cargo.toml","target":{"kind":["lib"],"crate_types":["lib"],"name":"gameplay_sim","src_path":"/Users/bradyjeong/Documents/Projects/Amp/gta4/gta_game/gameplay_sim/src/lib.rs","edition":"2021","doc":true,"doctest":true,"test":true},"message":{"rendered":"warning: function `handle_launch_control` is never used\n   --> gameplay_sim/src/movement/vehicles.rs:405:4\n    |\n405 | fn handle_launch_control(supercar: &mut SuperCar, control_manager: &ControlManager, current_speed_mph: f32) {\n    |    ^^^^^^^^^^^^^^^^^^^^^\n\n","$message_type":"diagnostic","children":[],"code":{"code":"dead_code","explanation":null},"level":"warning","message":"function `handle_launch_control` is never used","spans":[{"byte_end":17648,"byte_start":17627,"column_end":25,"column_start":4,"expansion":null,"file_name":"gameplay_sim/src/movement/vehicles.rs","is_primary":true,"label":null,"line_end":405,"line_start":405,"suggested_replacement":null,"suggestion_applicability":null,"text":[{"highlight_end":25,"highlight_start":4,"text":"fn handle_launch_control(supercar: &mut SuperCar, control_manager: &ControlManager, current_speed_mph: f32) {"}]}]}}
{"reason":"compiler-message","package_id":"path+file:///Users/bradyjeong/Documents/Projects/Amp/gta4/gta_game/gameplay_sim#0.1.0","manifest_path":"/Users/bradyjeong/Documents/Projects/Amp/gta4/gta_game/gameplay_sim/Cargo.toml","target":{"kind":["lib"],"crate_types":["lib"],"name":"gameplay_sim","src_path":"/Users/bradyjeong/Documents/Projects/Amp/gta4/gta_game/gameplay_sim/src/lib.rs","edition":"2021","doc":true,"doctest":true,"test":true},"message":{"rendered":"warning: function `update_enhanced_traction_control` is never used\n   --> gameplay_sim/src/movement/vehicles.rs:427:4\n    |\n427 | fn update_enhanced_traction_control(supercar: &mut SuperCar, current_speed_mph: f32, dt: f32) {\n    |    ^^^^^^^^^^^^^^^^^^^^^^^^^^^^^^^^\n\n","$message_type":"diagnostic","children":[],"code":{"code":"dead_code","explanation":null},"level":"warning","message":"function `update_enhanced_traction_control` is never used","spans":[{"byte_end":18636,"byte_start":18604,"column_end":36,"column_start":4,"expansion":null,"file_name":"gameplay_sim/src/movement/vehicles.rs","is_primary":true,"label":null,"line_end":427,"line_start":427,"suggested_replacement":null,"suggestion_applicability":null,"text":[{"highlight_end":36,"highlight_start":4,"text":"fn update_enhanced_traction_control(supercar: &mut SuperCar, current_speed_mph: f32, dt: f32) {"}]}]}}
{"reason":"compiler-message","package_id":"path+file:///Users/bradyjeong/Documents/Projects/Amp/gta4/gta_game/gameplay_sim#0.1.0","manifest_path":"/Users/bradyjeong/Documents/Projects/Amp/gta4/gta_game/gameplay_sim/Cargo.toml","target":{"kind":["lib"],"crate_types":["lib"],"name":"gameplay_sim","src_path":"/Users/bradyjeong/Documents/Projects/Amp/gta4/gta_game/gameplay_sim/src/lib.rs","edition":"2021","doc":true,"doctest":true,"test":true},"message":{"rendered":"warning: function `update_active_aerodynamics` is never used\n   --> gameplay_sim/src/movement/vehicles.rs:458:4\n    |\n458 | fn update_active_aerodynamics(supercar: &mut SuperCar, current_speed_mph: f32, dt: f32) {\n    |    ^^^^^^^^^^^^^^^^^^^^^^^^^^\n\n","$message_type":"diagnostic","children":[],"code":{"code":"dead_code","explanation":null},"level":"warning","message":"function `update_active_aerodynamics` is never used","spans":[{"byte_end":19999,"byte_start":19973,"column_end":30,"column_start":4,"expansion":null,"file_name":"gameplay_sim/src/movement/vehicles.rs","is_primary":true,"label":null,"line_end":458,"line_start":458,"suggested_replacement":null,"suggestion_applicability":null,"text":[{"highlight_end":30,"highlight_start":4,"text":"fn update_active_aerodynamics(supercar: &mut SuperCar, current_speed_mph: f32, dt: f32) {"}]}]}}
{"reason":"compiler-message","package_id":"path+file:///Users/bradyjeong/Documents/Projects/Amp/gta4/gta_game/gameplay_sim#0.1.0","manifest_path":"/Users/bradyjeong/Documents/Projects/Amp/gta4/gta_game/gameplay_sim/Cargo.toml","target":{"kind":["lib"],"crate_types":["lib"],"name":"gameplay_sim","src_path":"/Users/bradyjeong/Documents/Projects/Amp/gta4/gta_game/gameplay_sim/src/lib.rs","edition":"2021","doc":true,"doctest":true,"test":true},"message":{"rendered":"warning: function `calculate_performance_metrics` is never used\n   --> gameplay_sim/src/movement/vehicles.rs:482:4\n    |\n482 | fn calculate_performance_metrics(supercar: &mut SuperCar, velocity: &Velocity, dt: f32) {\n    |    ^^^^^^^^^^^^^^^^^^^^^^^^^^^^^\n\n","$message_type":"diagnostic","children":[],"code":{"code":"dead_code","explanation":null},"level":"warning","message":"function `calculate_performance_metrics` is never used","spans":[{"byte_end":21027,"byte_start":20998,"column_end":33,"column_start":4,"expansion":null,"file_name":"gameplay_sim/src/movement/vehicles.rs","is_primary":true,"label":null,"line_end":482,"line_start":482,"suggested_replacement":null,"suggestion_applicability":null,"text":[{"highlight_end":33,"highlight_start":4,"text":"fn calculate_performance_metrics(supercar: &mut SuperCar, velocity: &Velocity, dt: f32) {"}]}]}}
{"reason":"compiler-message","package_id":"path+file:///Users/bradyjeong/Documents/Projects/Amp/gta4/gta_game/gameplay_sim#0.1.0","manifest_path":"/Users/bradyjeong/Documents/Projects/Amp/gta4/gta_game/gameplay_sim/Cargo.toml","target":{"kind":["lib"],"crate_types":["lib"],"name":"gameplay_sim","src_path":"/Users/bradyjeong/Documents/Projects/Amp/gta4/gta_game/gameplay_sim/src/lib.rs","edition":"2021","doc":true,"doctest":true,"test":true},"message":{"rendered":"warning: function `calculate_enhanced_power_curve` is never used\n   --> gameplay_sim/src/movement/vehicles.rs:498:4\n    |\n498 | fn calculate_enhanced_power_curve(supercar: &SuperCar) -> f32 {\n    |    ^^^^^^^^^^^^^^^^^^^^^^^^^^^^^^\n\n","$message_type":"diagnostic","children":[],"code":{"code":"dead_code","explanation":null},"level":"warning","message":"function `calculate_enhanced_power_curve` is never used","spans":[{"byte_end":21610,"byte_start":21580,"column_end":34,"column_start":4,"expansion":null,"file_name":"gameplay_sim/src/movement/vehicles.rs","is_primary":true,"label":null,"line_end":498,"line_start":498,"suggested_replacement":null,"suggestion_applicability":null,"text":[{"highlight_end":34,"highlight_start":4,"text":"fn calculate_enhanced_power_curve(supercar: &SuperCar) -> f32 {"}]}]}}
{"reason":"compiler-message","package_id":"path+file:///Users/bradyjeong/Documents/Projects/Amp/gta4/gta_game/gameplay_sim#0.1.0","manifest_path":"/Users/bradyjeong/Documents/Projects/Amp/gta4/gta_game/gameplay_sim/Cargo.toml","target":{"kind":["lib"],"crate_types":["lib"],"name":"gameplay_sim","src_path":"/Users/bradyjeong/Documents/Projects/Amp/gta4/gta_game/gameplay_sim/src/lib.rs","edition":"2021","doc":true,"doctest":true,"test":true},"message":{"rendered":"warning: function `calculate_turbo_multiplier` is never used\n   --> gameplay_sim/src/movement/vehicles.rs:514:4\n    |\n514 | fn calculate_turbo_multiplier(supercar: &SuperCar) -> f32 {\n    |    ^^^^^^^^^^^^^^^^^^^^^^^^^^\n\n","$message_type":"diagnostic","children":[],"code":{"code":"dead_code","explanation":null},"level":"warning","message":"function `calculate_turbo_multiplier` is never used","spans":[{"byte_end":22433,"byte_start":22407,"column_end":30,"column_start":4,"expansion":null,"file_name":"gameplay_sim/src/movement/vehicles.rs","is_primary":true,"label":null,"line_end":514,"line_start":514,"suggested_replacement":null,"suggestion_applicability":null,"text":[{"highlight_end":30,"highlight_start":4,"text":"fn calculate_turbo_multiplier(supercar: &SuperCar) -> f32 {"}]}]}}
{"reason":"compiler-message","package_id":"path+file:///Users/bradyjeong/Documents/Projects/Amp/gta4/gta_game/gameplay_sim#0.1.0","manifest_path":"/Users/bradyjeong/Documents/Projects/Amp/gta4/gta_game/gameplay_sim/Cargo.toml","target":{"kind":["lib"],"crate_types":["lib"],"name":"gameplay_sim","src_path":"/Users/bradyjeong/Documents/Projects/Amp/gta4/gta_game/gameplay_sim/src/lib.rs","edition":"2021","doc":true,"doctest":true,"test":true},"message":{"rendered":"warning: function `get_driving_mode_multiplier` is never used\n   --> gameplay_sim/src/movement/vehicles.rs:523:4\n    |\n523 | fn get_driving_mode_multiplier(supercar: &SuperCar) -> f32 {\n    |    ^^^^^^^^^^^^^^^^^^^^^^^^^^^\n\n","$message_type":"diagnostic","children":[],"code":{"code":"dead_code","explanation":null},"level":"warning","message":"function `get_driving_mode_multiplier` is never used","spans":[{"byte_end":22702,"byte_start":22675,"column_end":31,"column_start":4,"expansion":null,"file_name":"gameplay_sim/src/movement/vehicles.rs","is_primary":true,"label":null,"line_end":523,"line_start":523,"suggested_replacement":null,"suggestion_applicability":null,"text":[{"highlight_end":31,"highlight_start":4,"text":"fn get_driving_mode_multiplier(supercar: &SuperCar) -> f32 {"}]}]}}
{"reason":"compiler-message","package_id":"path+file:///Users/bradyjeong/Documents/Projects/Amp/gta4/gta_game/gameplay_sim#0.1.0","manifest_path":"/Users/bradyjeong/Documents/Projects/Amp/gta4/gta_game/gameplay_sim/Cargo.toml","target":{"kind":["lib"],"crate_types":["lib"],"name":"gameplay_sim","src_path":"/Users/bradyjeong/Documents/Projects/Amp/gta4/gta_game/gameplay_sim/src/lib.rs","edition":"2021","doc":true,"doctest":true,"test":true},"message":{"rendered":"warning: function `calculate_acceleration_force` is never used\n   --> gameplay_sim/src/movement/vehicles.rs:532:4\n    |\n532 | fn calculate_acceleration_force(supercar: &SuperCar, effective_power: f32, current_speed_ms: f32) -> f32 {\n    |    ^^^^^^^^^^^^^^^^^^^^^^^^^^^^\n\n","$message_type":"diagnostic","children":[],"code":{"code":"dead_code","explanation":null},"level":"warning","message":"function `calculate_acceleration_force` is never used","spans":[{"byte_end":23054,"byte_start":23026,"column_end":32,"column_start":4,"expansion":null,"file_name":"gameplay_sim/src/movement/vehicles.rs","is_primary":true,"label":null,"line_end":532,"line_start":532,"suggested_replacement":null,"suggestion_applicability":null,"text":[{"highlight_end":32,"highlight_start":4,"text":"fn calculate_acceleration_force(supercar: &SuperCar, effective_power: f32, current_speed_ms: f32) -> f32 {"}]}]}}
{"reason":"compiler-message","package_id":"path+file:///Users/bradyjeong/Documents/Projects/Amp/gta4/gta_game/gameplay_sim#0.1.0","manifest_path":"/Users/bradyjeong/Documents/Projects/Amp/gta4/gta_game/gameplay_sim/Cargo.toml","target":{"kind":["lib"],"crate_types":["lib"],"name":"gameplay_sim","src_path":"/Users/bradyjeong/Documents/Projects/Amp/gta4/gta_game/gameplay_sim/src/lib.rs","edition":"2021","doc":true,"doctest":true,"test":true},"message":{"rendered":"warning: function `calculate_aerodynamic_drag` is never used\n   --> gameplay_sim/src/movement/vehicles.rs:544:4\n    |\n544 | fn calculate_aerodynamic_drag(supercar: &SuperCar, current_speed_ms: f32) -> f32 {\n    |    ^^^^^^^^^^^^^^^^^^^^^^^^^^\n\n","$message_type":"diagnostic","children":[],"code":{"code":"dead_code","explanation":null},"level":"warning","message":"function `calculate_aerodynamic_drag` is never used","spans":[{"byte_end":23500,"byte_start":23474,"column_end":30,"column_start":4,"expansion":null,"file_name":"gameplay_sim/src/movement/vehicles.rs","is_primary":true,"label":null,"line_end":544,"line_start":544,"suggested_replacement":null,"suggestion_applicability":null,"text":[{"highlight_end":30,"highlight_start":4,"text":"fn calculate_aerodynamic_drag(supercar: &SuperCar, current_speed_ms: f32) -> f32 {"}]}]}}
{"reason":"compiler-message","package_id":"path+file:///Users/bradyjeong/Documents/Projects/Amp/gta4/gta_game/gameplay_sim#0.1.0","manifest_path":"/Users/bradyjeong/Documents/Projects/Amp/gta4/gta_game/gameplay_sim/Cargo.toml","target":{"kind":["lib"],"crate_types":["lib"],"name":"gameplay_sim","src_path":"/Users/bradyjeong/Documents/Projects/Amp/gta4/gta_game/gameplay_sim/src/lib.rs","edition":"2021","doc":true,"doctest":true,"test":true},"message":{"rendered":"warning: function `calculate_braking_force` is never used\n   --> gameplay_sim/src/movement/vehicles.rs:555:4\n    |\n555 | fn calculate_braking_force(supercar: &SuperCar, brake_value: f32, current_speed_mph: f32) -> f32 {\n    |    ^^^^^^^^^^^^^^^^^^^^^^^\n\n","$message_type":"diagnostic","children":[],"code":{"code":"dead_code","explanation":null},"level":"warning","message":"function `calculate_braking_force` is never used","spans":[{"byte_end":24000,"byte_start":23977,"column_end":27,"column_start":4,"expansion":null,"file_name":"gameplay_sim/src/movement/vehicles.rs","is_primary":true,"label":null,"line_end":555,"line_start":555,"suggested_replacement":null,"suggestion_applicability":null,"text":[{"highlight_end":27,"highlight_start":4,"text":"fn calculate_braking_force(supercar: &SuperCar, brake_value: f32, current_speed_mph: f32) -> f32 {"}]}]}}
{"reason":"compiler-message","package_id":"path+file:///Users/bradyjeong/Documents/Projects/Amp/gta4/gta_game/gameplay_sim#0.1.0","manifest_path":"/Users/bradyjeong/Documents/Projects/Amp/gta4/gta_game/gameplay_sim/Cargo.toml","target":{"kind":["lib"],"crate_types":["lib"],"name":"gameplay_sim","src_path":"/Users/bradyjeong/Documents/Projects/Amp/gta4/gta_game/gameplay_sim/src/lib.rs","edition":"2021","doc":true,"doctest":true,"test":true},"message":{"rendered":"warning: function `calculate_natural_deceleration` is never used\n   --> gameplay_sim/src/movement/vehicles.rs:569:4\n    |\n569 | fn calculate_natural_deceleration(supercar: &SuperCar, _current_speed_ms: f32) -> f32 {\n    |    ^^^^^^^^^^^^^^^^^^^^^^^^^^^^^^\n\n","$message_type":"diagnostic","children":[],"code":{"code":"dead_code","explanation":null},"level":"warning","message":"function `calculate_natural_deceleration` is never used","spans":[{"byte_end":24516,"byte_start":24486,"column_end":34,"column_start":4,"expansion":null,"file_name":"gameplay_sim/src/movement/vehicles.rs","is_primary":true,"label":null,"line_end":569,"line_start":569,"suggested_replacement":null,"suggestion_applicability":null,"text":[{"highlight_end":34,"highlight_start":4,"text":"fn calculate_natural_deceleration(supercar: &SuperCar, _current_speed_ms: f32) -> f32 {"}]}]}}
{"reason":"compiler-message","package_id":"path+file:///Users/bradyjeong/Documents/Projects/Amp/gta4/gta_game/gameplay_sim#0.1.0","manifest_path":"/Users/bradyjeong/Documents/Projects/Amp/gta4/gta_game/gameplay_sim/Cargo.toml","target":{"kind":["lib"],"crate_types":["lib"],"name":"gameplay_sim","src_path":"/Users/bradyjeong/Documents/Projects/Amp/gta4/gta_game/gameplay_sim/src/lib.rs","edition":"2021","doc":true,"doctest":true,"test":true},"message":{"rendered":"warning: function `calculate_hypercar_steering` is never used\n   --> gameplay_sim/src/movement/vehicles.rs:579:4\n    |\n579 | fn calculate_hypercar_steering(supercar: &SuperCar, steering_input: f32, current_speed_mph: f32) -> Vec3 {\n    |    ^^^^^^^^^^^^^^^^^^^^^^^^^^^\n\n","$message_type":"diagnostic","children":[],"code":{"code":"dead_code","explanation":null},"level":"warning","message":"function `calculate_hypercar_steering` is never used","spans":[{"byte_end":24869,"byte_start":24842,"column_end":31,"column_start":4,"expansion":null,"file_name":"gameplay_sim/src/movement/vehicles.rs","is_primary":true,"label":null,"line_end":579,"line_start":579,"suggested_replacement":null,"suggestion_applicability":null,"text":[{"highlight_end":31,"highlight_start":4,"text":"fn calculate_hypercar_steering(supercar: &SuperCar, steering_input: f32, current_speed_mph: f32) -> Vec3 {"}]}]}}
{"reason":"compiler-message","package_id":"path+file:///Users/bradyjeong/Documents/Projects/Amp/gta4/gta_game/gameplay_sim#0.1.0","manifest_path":"/Users/bradyjeong/Documents/Projects/Amp/gta4/gta_game/gameplay_sim/Cargo.toml","target":{"kind":["lib"],"crate_types":["lib"],"name":"gameplay_sim","src_path":"/Users/bradyjeong/Documents/Projects/Amp/gta4/gta_game/gameplay_sim/src/lib.rs","edition":"2021","doc":true,"doctest":true,"test":true},"message":{"rendered":"warning: function `apply_suspension_damping` is never used\n   --> gameplay_sim/src/movement/vehicles.rs:618:4\n    |\n618 | fn apply_suspension_damping(supercar: &SuperCar, velocity_change: Vec3, dt: f32) -> Vec3 {\n    |    ^^^^^^^^^^^^^^^^^^^^^^^^\n\n","$message_type":"diagnostic","children":[],"code":{"code":"dead_code","explanation":null},"level":"warning","message":"function `apply_suspension_damping` is never used","spans":[{"byte_end":26549,"byte_start":26525,"column_end":28,"column_start":4,"expansion":null,"file_name":"gameplay_sim/src/movement/vehicles.rs","is_primary":true,"label":null,"line_end":618,"line_start":618,"suggested_replacement":null,"suggestion_applicability":null,"text":[{"highlight_end":28,"highlight_start":4,"text":"fn apply_suspension_damping(supercar: &SuperCar, velocity_change: Vec3, dt: f32) -> Vec3 {"}]}]}}
{"reason":"compiler-message","package_id":"path+file:///Users/bradyjeong/Documents/Projects/Amp/gta4/gta_game/gameplay_sim#0.1.0","manifest_path":"/Users/bradyjeong/Documents/Projects/Amp/gta4/gta_game/gameplay_sim/Cargo.toml","target":{"kind":["lib"],"crate_types":["lib"],"name":"gameplay_sim","src_path":"/Users/bradyjeong/Documents/Projects/Amp/gta4/gta_game/gameplay_sim/src/lib.rs","edition":"2021","doc":true,"doctest":true,"test":true},"message":{"rendered":"warning: function `update_engine_protection` is never used\n   --> gameplay_sim/src/movement/vehicles.rs:630:4\n    |\n630 | fn update_engine_protection(supercar: &mut SuperCar, dt: f32, _current_speed_mph: f32) {\n    |    ^^^^^^^^^^^^^^^^^^^^^^^^\n\n","$message_type":"diagnostic","children":[],"code":{"code":"dead_code","explanation":null},"level":"warning","message":"function `update_engine_protection` is never used","spans":[{"byte_end":27150,"byte_start":27126,"column_end":28,"column_start":4,"expansion":null,"file_name":"gameplay_sim/src/movement/vehicles.rs","is_primary":true,"label":null,"line_end":630,"line_start":630,"suggested_replacement":null,"suggestion_applicability":null,"text":[{"highlight_end":28,"highlight_start":4,"text":"fn update_engine_protection(supercar: &mut SuperCar, dt: f32, _current_speed_mph: f32) {"}]}]}}
{"reason":"compiler-message","package_id":"path+file:///Users/bradyjeong/Documents/Projects/Amp/gta4/gta_game/gameplay_sim#0.1.0","manifest_path":"/Users/bradyjeong/Documents/Projects/Amp/gta4/gta_game/gameplay_sim/Cargo.toml","target":{"kind":["lib"],"crate_types":["lib"],"name":"gameplay_sim","src_path":"/Users/bradyjeong/Documents/Projects/Amp/gta4/gta_game/gameplay_sim/src/lib.rs","edition":"2021","doc":true,"doctest":true,"test":true},"message":{"rendered":"warning: function `helicopter_movement` is never used\n  --> gameplay_sim/src/movement/aircraft.rs:21:8\n   |\n21 | pub fn helicopter_movement(\n   |        ^^^^^^^^^^^^^^^^^^^\n\n","$message_type":"diagnostic","children":[],"code":{"code":"dead_code","explanation":null},"level":"warning","message":"function `helicopter_movement` is never used","spans":[{"byte_end":1027,"byte_start":1008,"column_end":27,"column_start":8,"expansion":null,"file_name":"gameplay_sim/src/movement/aircraft.rs","is_primary":true,"label":null,"line_end":21,"line_start":21,"suggested_replacement":null,"suggestion_applicability":null,"text":[{"highlight_end":27,"highlight_start":8,"text":"pub fn helicopter_movement("}]}]}}
{"reason":"compiler-message","package_id":"path+file:///Users/bradyjeong/Documents/Projects/Amp/gta4/gta_game/gameplay_sim#0.1.0","manifest_path":"/Users/bradyjeong/Documents/Projects/Amp/gta4/gta_game/gameplay_sim/Cargo.toml","target":{"kind":["lib"],"crate_types":["lib"],"name":"gameplay_sim","src_path":"/Users/bradyjeong/Documents/Projects/Amp/gta4/gta_game/gameplay_sim/src/lib.rs","edition":"2021","doc":true,"doctest":true,"test":true},"message":{"rendered":"warning: function `rotate_helicopter_rotors` is never used\n  --> gameplay_sim/src/movement/aircraft.rs:73:8\n   |\n73 | pub fn rotate_helicopter_rotors(\n   |        ^^^^^^^^^^^^^^^^^^^^^^^^\n\n","$message_type":"diagnostic","children":[],"code":{"code":"dead_code","explanation":null},"level":"warning","message":"function `rotate_helicopter_rotors` is never used","spans":[{"byte_end":2938,"byte_start":2914,"column_end":32,"column_start":8,"expansion":null,"file_name":"gameplay_sim/src/movement/aircraft.rs","is_primary":true,"label":null,"line_end":73,"line_start":73,"suggested_replacement":null,"suggestion_applicability":null,"text":[{"highlight_end":32,"highlight_start":8,"text":"pub fn rotate_helicopter_rotors("}]}]}}
{"reason":"compiler-message","package_id":"path+file:///Users/bradyjeong/Documents/Projects/Amp/gta4/gta_game/gameplay_sim#0.1.0","manifest_path":"/Users/bradyjeong/Documents/Projects/Amp/gta4/gta_game/gameplay_sim/Cargo.toml","target":{"kind":["lib"],"crate_types":["lib"],"name":"gameplay_sim","src_path":"/Users/bradyjeong/Documents/Projects/Amp/gta4/gta_game/gameplay_sim/src/lib.rs","edition":"2021","doc":true,"doctest":true,"test":true},"message":{"rendered":"warning: function `f16_movement` is never used\n  --> gameplay_sim/src/movement/aircraft.rs:94:8\n   |\n94 | pub fn f16_movement(\n   |        ^^^^^^^^^^^^\n\n","$message_type":"diagnostic","children":[],"code":{"code":"dead_code","explanation":null},"level":"warning","message":"function `f16_movement` is never used","spans":[{"byte_end":3751,"byte_start":3739,"column_end":20,"column_start":8,"expansion":null,"file_name":"gameplay_sim/src/movement/aircraft.rs","is_primary":true,"label":null,"line_end":94,"line_start":94,"suggested_replacement":null,"suggestion_applicability":null,"text":[{"highlight_end":20,"highlight_start":8,"text":"pub fn f16_movement("}]}]}}
{"reason":"compiler-message","package_id":"path+file:///Users/bradyjeong/Documents/Projects/Amp/gta4/gta_game/gameplay_sim#0.1.0","manifest_path":"/Users/bradyjeong/Documents/Projects/Amp/gta4/gta_game/gameplay_sim/Cargo.toml","target":{"kind":["lib"],"crate_types":["lib"],"name":"gameplay_sim","src_path":"/Users/bradyjeong/Documents/Projects/Amp/gta4/gta_game/gameplay_sim/src/lib.rs","edition":"2021","doc":true,"doctest":true,"test":true},"message":{"rendered":"warning: function `realistic_vehicle_physics_system` is never used\n  --> gameplay_sim/src/movement/realistic_vehicle_physics.rs:23:8\n   |\n23 | pub fn realistic_vehicle_physics_system(\n   |        ^^^^^^^^^^^^^^^^^^^^^^^^^^^^^^^^\n\n","$message_type":"diagnostic","children":[],"code":{"code":"dead_code","explanation":null},"level":"warning","message":"function `realistic_vehicle_physics_system` is never used","spans":[{"byte_end":1161,"byte_start":1129,"column_end":40,"column_start":8,"expansion":null,"file_name":"gameplay_sim/src/movement/realistic_vehicle_physics.rs","is_primary":true,"label":null,"line_end":23,"line_start":23,"suggested_replacement":null,"suggestion_applicability":null,"text":[{"highlight_end":40,"highlight_start":8,"text":"pub fn realistic_vehicle_physics_system("}]}]}}
{"reason":"compiler-message","package_id":"path+file:///Users/bradyjeong/Documents/Projects/Amp/gta4/gta_game/gameplay_sim#0.1.0","manifest_path":"/Users/bradyjeong/Documents/Projects/Amp/gta4/gta_game/gameplay_sim/Cargo.toml","target":{"kind":["lib"],"crate_types":["lib"],"name":"gameplay_sim","src_path":"/Users/bradyjeong/Documents/Projects/Amp/gta4/gta_game/gameplay_sim/src/lib.rs","edition":"2021","doc":true,"doctest":true,"test":true},"message":{"rendered":"warning: function `process_simplified_vehicle_physics` is never used\n   --> gameplay_sim/src/movement/realistic_vehicle_physics.rs:153:4\n    |\n153 | fn process_simplified_vehicle_physics(\n    |    ^^^^^^^^^^^^^^^^^^^^^^^^^^^^^^^^^^\n\n","$message_type":"diagnostic","children":[],"code":{"code":"dead_code","explanation":null},"level":"warning","message":"function `process_simplified_vehicle_physics` is never used","spans":[{"byte_end":6112,"byte_start":6078,"column_end":38,"column_start":4,"expansion":null,"file_name":"gameplay_sim/src/movement/realistic_vehicle_physics.rs","is_primary":true,"label":null,"line_end":153,"line_start":153,"suggested_replacement":null,"suggestion_applicability":null,"text":[{"highlight_end":38,"highlight_start":4,"text":"fn process_simplified_vehicle_physics("}]}]}}
{"reason":"compiler-message","package_id":"path+file:///Users/bradyjeong/Documents/Projects/Amp/gta4/gta_game/gameplay_sim#0.1.0","manifest_path":"/Users/bradyjeong/Documents/Projects/Amp/gta4/gta_game/gameplay_sim/Cargo.toml","target":{"kind":["lib"],"crate_types":["lib"],"name":"gameplay_sim","src_path":"/Users/bradyjeong/Documents/Projects/Amp/gta4/gta_game/gameplay_sim/src/lib.rs","edition":"2021","doc":true,"doctest":true,"test":true},"message":{"rendered":"warning: function `process_vehicle_input` is never used\n   --> gameplay_sim/src/movement/realistic_vehicle_physics.rs:179:4\n    |\n179 | fn process_vehicle_input(\n    |    ^^^^^^^^^^^^^^^^^^^^^\n\n","$message_type":"diagnostic","children":[],"code":{"code":"dead_code","explanation":null},"level":"warning","message":"function `process_vehicle_input` is never used","spans":[{"byte_end":6814,"byte_start":6793,"column_end":25,"column_start":4,"expansion":null,"file_name":"gameplay_sim/src/movement/realistic_vehicle_physics.rs","is_primary":true,"label":null,"line_end":179,"line_start":179,"suggested_replacement":null,"suggestion_applicability":null,"text":[{"highlight_end":25,"highlight_start":4,"text":"fn process_vehicle_input("}]}]}}
{"reason":"compiler-message","package_id":"path+file:///Users/bradyjeong/Documents/Projects/Amp/gta4/gta_game/gameplay_sim#0.1.0","manifest_path":"/Users/bradyjeong/Documents/Projects/Amp/gta4/gta_game/gameplay_sim/Cargo.toml","target":{"kind":["lib"],"crate_types":["lib"],"name":"gameplay_sim","src_path":"/Users/bradyjeong/Documents/Projects/Amp/gta4/gta_game/gameplay_sim/src/lib.rs","edition":"2021","doc":true,"doctest":true,"test":true},"message":{"rendered":"warning: function `calculate_engine_force` is never used\n   --> gameplay_sim/src/movement/realistic_vehicle_physics.rs:217:4\n    |\n217 | fn calculate_engine_force(\n    |    ^^^^^^^^^^^^^^^^^^^^^^\n\n","$message_type":"diagnostic","children":[],"code":{"code":"dead_code","explanation":null},"level":"warning","message":"function `calculate_engine_force` is never used","spans":[{"byte_end":8230,"byte_start":8208,"column_end":26,"column_start":4,"expansion":null,"file_name":"gameplay_sim/src/movement/realistic_vehicle_physics.rs","is_primary":true,"label":null,"line_end":217,"line_start":217,"suggested_replacement":null,"suggestion_applicability":null,"text":[{"highlight_end":26,"highlight_start":4,"text":"fn calculate_engine_force("}]}]}}
{"reason":"compiler-message","package_id":"path+file:///Users/bradyjeong/Documents/Projects/Amp/gta4/gta_game/gameplay_sim#0.1.0","manifest_path":"/Users/bradyjeong/Documents/Projects/Amp/gta4/gta_game/gameplay_sim/Cargo.toml","target":{"kind":["lib"],"crate_types":["lib"],"name":"gameplay_sim","src_path":"/Users/bradyjeong/Documents/Projects/Amp/gta4/gta_game/gameplay_sim/src/lib.rs","edition":"2021","doc":true,"doctest":true,"test":true},"message":{"rendered":"warning: function `calculate_tire_forces` is never used\n   --> gameplay_sim/src/movement/realistic_vehicle_physics.rs:262:4\n    |\n262 | fn calculate_tire_forces(\n    |    ^^^^^^^^^^^^^^^^^^^^^\n\n","$message_type":"diagnostic","children":[],"code":{"code":"dead_code","explanation":null},"level":"warning","message":"function `calculate_tire_forces` is never used","spans":[{"byte_end":10004,"byte_start":9983,"column_end":25,"column_start":4,"expansion":null,"file_name":"gameplay_sim/src/movement/realistic_vehicle_physics.rs","is_primary":true,"label":null,"line_end":262,"line_start":262,"suggested_replacement":null,"suggestion_applicability":null,"text":[{"highlight_end":25,"highlight_start":4,"text":"fn calculate_tire_forces("}]}]}}
{"reason":"compiler-message","package_id":"path+file:///Users/bradyjeong/Documents/Projects/Amp/gta4/gta_game/gameplay_sim#0.1.0","manifest_path":"/Users/bradyjeong/Documents/Projects/Amp/gta4/gta_game/gameplay_sim/Cargo.toml","target":{"kind":["lib"],"crate_types":["lib"],"name":"gameplay_sim","src_path":"/Users/bradyjeong/Documents/Projects/Amp/gta4/gta_game/gameplay_sim/src/lib.rs","edition":"2021","doc":true,"doctest":true,"test":true},"message":{"rendered":"warning: function `calculate_aerodynamic_forces` is never used\n   --> gameplay_sim/src/movement/realistic_vehicle_physics.rs:333:4\n    |\n333 | fn calculate_aerodynamic_forces(\n    |    ^^^^^^^^^^^^^^^^^^^^^^^^^^^^\n\n","$message_type":"diagnostic","children":[],"code":{"code":"dead_code","explanation":null},"level":"warning","message":"function `calculate_aerodynamic_forces` is never used","spans":[{"byte_end":12821,"byte_start":12793,"column_end":32,"column_start":4,"expansion":null,"file_name":"gameplay_sim/src/movement/realistic_vehicle_physics.rs","is_primary":true,"label":null,"line_end":333,"line_start":333,"suggested_replacement":null,"suggestion_applicability":null,"text":[{"highlight_end":32,"highlight_start":4,"text":"fn calculate_aerodynamic_forces("}]}]}}
{"reason":"compiler-message","package_id":"path+file:///Users/bradyjeong/Documents/Projects/Amp/gta4/gta_game/gameplay_sim#0.1.0","manifest_path":"/Users/bradyjeong/Documents/Projects/Amp/gta4/gta_game/gameplay_sim/Cargo.toml","target":{"kind":["lib"],"crate_types":["lib"],"name":"gameplay_sim","src_path":"/Users/bradyjeong/Documents/Projects/Amp/gta4/gta_game/gameplay_sim/src/lib.rs","edition":"2021","doc":true,"doctest":true,"test":true},"message":{"rendered":"warning: function `calculate_weight_transfer` is never used\n   --> gameplay_sim/src/movement/realistic_vehicle_physics.rs:353:4\n    |\n353 | fn calculate_weight_transfer(\n    |    ^^^^^^^^^^^^^^^^^^^^^^^^^\n\n","$message_type":"diagnostic","children":[],"code":{"code":"dead_code","explanation":null},"level":"warning","message":"function `calculate_weight_transfer` is never used","spans":[{"byte_end":13504,"byte_start":13479,"column_end":29,"column_start":4,"expansion":null,"file_name":"gameplay_sim/src/movement/realistic_vehicle_physics.rs","is_primary":true,"label":null,"line_end":353,"line_start":353,"suggested_replacement":null,"suggestion_applicability":null,"text":[{"highlight_end":29,"highlight_start":4,"text":"fn calculate_weight_transfer("}]}]}}
{"reason":"compiler-message","package_id":"path+file:///Users/bradyjeong/Documents/Projects/Amp/gta4/gta_game/gameplay_sim#0.1.0","manifest_path":"/Users/bradyjeong/Documents/Projects/Amp/gta4/gta_game/gameplay_sim/Cargo.toml","target":{"kind":["lib"],"crate_types":["lib"],"name":"gameplay_sim","src_path":"/Users/bradyjeong/Documents/Projects/Amp/gta4/gta_game/gameplay_sim/src/lib.rs","edition":"2021","doc":true,"doctest":true,"test":true},"message":{"rendered":"warning: function `apply_forces_to_vehicle` is never used\n   --> gameplay_sim/src/movement/realistic_vehicle_physics.rs:371:4\n    |\n371 | fn apply_forces_to_vehicle(\n    |    ^^^^^^^^^^^^^^^^^^^^^^^\n\n","$message_type":"diagnostic","children":[],"code":{"code":"dead_code","explanation":null},"level":"warning","message":"function `apply_forces_to_vehicle` is never used","spans":[{"byte_end":14144,"byte_start":14121,"column_end":27,"column_start":4,"expansion":null,"file_name":"gameplay_sim/src/movement/realistic_vehicle_physics.rs","is_primary":true,"label":null,"line_end":371,"line_start":371,"suggested_replacement":null,"suggestion_applicability":null,"text":[{"highlight_end":27,"highlight_start":4,"text":"fn apply_forces_to_vehicle("}]}]}}
{"reason":"compiler-message","package_id":"path+file:///Users/bradyjeong/Documents/Projects/Amp/gta4/gta_game/gameplay_sim#0.1.0","manifest_path":"/Users/bradyjeong/Documents/Projects/Amp/gta4/gta_game/gameplay_sim/Cargo.toml","target":{"kind":["lib"],"crate_types":["lib"],"name":"gameplay_sim","src_path":"/Users/bradyjeong/Documents/Projects/Amp/gta4/gta_game/gameplay_sim/src/lib.rs","edition":"2021","doc":true,"doctest":true,"test":true},"message":{"rendered":"warning: function `apply_physics_safeguards` is never used\n   --> gameplay_sim/src/movement/realistic_vehicle_physics.rs:415:4\n    |\n415 | fn apply_physics_safeguards(\n    |    ^^^^^^^^^^^^^^^^^^^^^^^^\n\n","$message_type":"diagnostic","children":[],"code":{"code":"dead_code","explanation":null},"level":"warning","message":"function `apply_physics_safeguards` is never used","spans":[{"byte_end":15597,"byte_start":15573,"column_end":28,"column_start":4,"expansion":null,"file_name":"gameplay_sim/src/movement/realistic_vehicle_physics.rs","is_primary":true,"label":null,"line_end":415,"line_start":415,"suggested_replacement":null,"suggestion_applicability":null,"text":[{"highlight_end":28,"highlight_start":4,"text":"fn apply_physics_safeguards("}]}]}}
{"reason":"compiler-message","package_id":"path+file:///Users/bradyjeong/Documents/Projects/Amp/gta4/gta_game/gameplay_sim#0.1.0","manifest_path":"/Users/bradyjeong/Documents/Projects/Amp/gta4/gta_game/gameplay_sim/Cargo.toml","target":{"kind":["lib"],"crate_types":["lib"],"name":"gameplay_sim","src_path":"/Users/bradyjeong/Documents/Projects/Amp/gta4/gta_game/gameplay_sim/src/lib.rs","edition":"2021","doc":true,"doctest":true,"test":true},"message":{"rendered":"warning: function `vehicle_wheel_update_system` is never used\n   --> gameplay_sim/src/movement/realistic_vehicle_physics.rs:431:8\n    |\n431 | pub fn vehicle_wheel_update_system(\n    |        ^^^^^^^^^^^^^^^^^^^^^^^^^^^\n\n","$message_type":"diagnostic","children":[],"code":{"code":"dead_code","explanation":null},"level":"warning","message":"function `vehicle_wheel_update_system` is never used","spans":[{"byte_end":16122,"byte_start":16095,"column_end":35,"column_start":8,"expansion":null,"file_name":"gameplay_sim/src/movement/realistic_vehicle_physics.rs","is_primary":true,"label":null,"line_end":431,"line_start":431,"suggested_replacement":null,"suggestion_applicability":null,"text":[{"highlight_end":35,"highlight_start":8,"text":"pub fn vehicle_wheel_update_system("}]}]}}
{"reason":"compiler-message","package_id":"path+file:///Users/bradyjeong/Documents/Projects/Amp/gta4/gta_game/gameplay_sim#0.1.0","manifest_path":"/Users/bradyjeong/Documents/Projects/Amp/gta4/gta_game/gameplay_sim/Cargo.toml","target":{"kind":["lib"],"crate_types":["lib"],"name":"gameplay_sim","src_path":"/Users/bradyjeong/Documents/Projects/Amp/gta4/gta_game/gameplay_sim/src/lib.rs","edition":"2021","doc":true,"doctest":true,"test":true},"message":{"rendered":"warning: function `realistic_vehicle_performance_system` is never used\n   --> gameplay_sim/src/movement/realistic_vehicle_physics.rs:452:8\n    |\n452 | pub fn realistic_vehicle_performance_system(\n    |        ^^^^^^^^^^^^^^^^^^^^^^^^^^^^^^^^^^^^\n\n","$message_type":"diagnostic","children":[],"code":{"code":"dead_code","explanation":null},"level":"warning","message":"function `realistic_vehicle_performance_system` is never used","spans":[{"byte_end":17075,"byte_start":17039,"column_end":44,"column_start":8,"expansion":null,"file_name":"gameplay_sim/src/movement/realistic_vehicle_physics.rs","is_primary":true,"label":null,"line_end":452,"line_start":452,"suggested_replacement":null,"suggestion_applicability":null,"text":[{"highlight_end":44,"highlight_start":8,"text":"pub fn realistic_vehicle_performance_system("}]}]}}
{"reason":"compiler-message","package_id":"path+file:///Users/bradyjeong/Documents/Projects/Amp/gta4/gta_game/gameplay_sim#0.1.0","manifest_path":"/Users/bradyjeong/Documents/Projects/Amp/gta4/gta_game/gameplay_sim/Cargo.toml","target":{"kind":["lib"],"crate_types":["lib"],"name":"gameplay_sim","src_path":"/Users/bradyjeong/Documents/Projects/Amp/gta4/gta_game/gameplay_sim/src/lib.rs","edition":"2021","doc":true,"doctest":true,"test":true},"message":{"rendered":"warning: function `realistic_vehicle_input_system` is never used\n  --> gameplay_sim/src/movement/realistic_vehicle_input.rs:18:8\n   |\n18 | pub fn realistic_vehicle_input_system(\n   |        ^^^^^^^^^^^^^^^^^^^^^^^^^^^^^^\n\n","$message_type":"diagnostic","children":[],"code":{"code":"dead_code","explanation":null},"level":"warning","message":"function `realistic_vehicle_input_system` is never used","spans":[{"byte_end":875,"byte_start":845,"column_end":38,"column_start":8,"expansion":null,"file_name":"gameplay_sim/src/movement/realistic_vehicle_input.rs","is_primary":true,"label":null,"line_end":18,"line_start":18,"suggested_replacement":null,"suggestion_applicability":null,"text":[{"highlight_end":38,"highlight_start":8,"text":"pub fn realistic_vehicle_input_system("}]}]}}
{"reason":"compiler-message","package_id":"path+file:///Users/bradyjeong/Documents/Projects/Amp/gta4/gta_game/gameplay_sim#0.1.0","manifest_path":"/Users/bradyjeong/Documents/Projects/Amp/gta4/gta_game/gameplay_sim/Cargo.toml","target":{"kind":["lib"],"crate_types":["lib"],"name":"gameplay_sim","src_path":"/Users/bradyjeong/Documents/Projects/Amp/gta4/gta_game/gameplay_sim/src/lib.rs","edition":"2021","doc":true,"doctest":true,"test":true},"message":{"rendered":"warning: function `process_vehicle_input` is never used\n  --> gameplay_sim/src/movement/realistic_vehicle_input.rs:32:4\n   |\n32 | fn process_vehicle_input(\n   |    ^^^^^^^^^^^^^^^^^^^^^\n\n","$message_type":"diagnostic","children":[],"code":{"code":"dead_code","explanation":null},"level":"warning","message":"function `process_vehicle_input` is never used","spans":[{"byte_end":1384,"byte_start":1363,"column_end":25,"column_start":4,"expansion":null,"file_name":"gameplay_sim/src/movement/realistic_vehicle_input.rs","is_primary":true,"label":null,"line_end":32,"line_start":32,"suggested_replacement":null,"suggestion_applicability":null,"text":[{"highlight_end":25,"highlight_start":4,"text":"fn process_vehicle_input("}]}]}}
{"reason":"compiler-message","package_id":"path+file:///Users/bradyjeong/Documents/Projects/Amp/gta4/gta_game/gameplay_sim#0.1.0","manifest_path":"/Users/bradyjeong/Documents/Projects/Amp/gta4/gta_game/gameplay_sim/Cargo.toml","target":{"kind":["lib"],"crate_types":["lib"],"name":"gameplay_sim","src_path":"/Users/bradyjeong/Documents/Projects/Amp/gta4/gta_game/gameplay_sim/src/lib.rs","edition":"2021","doc":true,"doctest":true,"test":true},"message":{"rendered":"warning: function `realistic_vehicle_physics_core_system` is never used\n  --> gameplay_sim/src/movement/realistic_vehicle_physics_core.rs:21:8\n   |\n21 | pub fn realistic_vehicle_physics_core_system(\n   |        ^^^^^^^^^^^^^^^^^^^^^^^^^^^^^^^^^^^^^\n\n","$message_type":"diagnostic","children":[],"code":{"code":"dead_code","explanation":null},"level":"warning","message":"function `realistic_vehicle_physics_core_system` is never used","spans":[{"byte_end":1015,"byte_start":978,"column_end":45,"column_start":8,"expansion":null,"file_name":"gameplay_sim/src/movement/realistic_vehicle_physics_core.rs","is_primary":true,"label":null,"line_end":21,"line_start":21,"suggested_replacement":null,"suggestion_applicability":null,"text":[{"highlight_end":45,"highlight_start":8,"text":"pub fn realistic_vehicle_physics_core_system("}]}]}}
{"reason":"compiler-message","package_id":"path+file:///Users/bradyjeong/Documents/Projects/Amp/gta4/gta_game/gameplay_sim#0.1.0","manifest_path":"/Users/bradyjeong/Documents/Projects/Amp/gta4/gta_game/gameplay_sim/Cargo.toml","target":{"kind":["lib"],"crate_types":["lib"],"name":"gameplay_sim","src_path":"/Users/bradyjeong/Documents/Projects/Amp/gta4/gta_game/gameplay_sim/src/lib.rs","edition":"2021","doc":true,"doctest":true,"test":true},"message":{"rendered":"warning: function `process_simplified_vehicle_physics` is never used\n   --> gameplay_sim/src/movement/realistic_vehicle_physics_core.rs:146:4\n    |\n146 | fn process_simplified_vehicle_physics(\n    |    ^^^^^^^^^^^^^^^^^^^^^^^^^^^^^^^^^^\n\n","$message_type":"diagnostic","children":[],"code":{"code":"dead_code","explanation":null},"level":"warning","message":"function `process_simplified_vehicle_physics` is never used","spans":[{"byte_end":5686,"byte_start":5652,"column_end":38,"column_start":4,"expansion":null,"file_name":"gameplay_sim/src/movement/realistic_vehicle_physics_core.rs","is_primary":true,"label":null,"line_end":146,"line_start":146,"suggested_replacement":null,"suggestion_applicability":null,"text":[{"highlight_end":38,"highlight_start":4,"text":"fn process_simplified_vehicle_physics("}]}]}}
{"reason":"compiler-message","package_id":"path+file:///Users/bradyjeong/Documents/Projects/Amp/gta4/gta_game/gameplay_sim#0.1.0","manifest_path":"/Users/bradyjeong/Documents/Projects/Amp/gta4/gta_game/gameplay_sim/Cargo.toml","target":{"kind":["lib"],"crate_types":["lib"],"name":"gameplay_sim","src_path":"/Users/bradyjeong/Documents/Projects/Amp/gta4/gta_game/gameplay_sim/src/lib.rs","edition":"2021","doc":true,"doctest":true,"test":true},"message":{"rendered":"warning: function `calculate_engine_force` is never used\n   --> gameplay_sim/src/movement/realistic_vehicle_physics_core.rs:172:4\n    |\n172 | fn calculate_engine_force(\n    |    ^^^^^^^^^^^^^^^^^^^^^^\n\n","$message_type":"diagnostic","children":[],"code":{"code":"dead_code","explanation":null},"level":"warning","message":"function `calculate_engine_force` is never used","spans":[{"byte_end":6381,"byte_start":6359,"column_end":26,"column_start":4,"expansion":null,"file_name":"gameplay_sim/src/movement/realistic_vehicle_physics_core.rs","is_primary":true,"label":null,"line_end":172,"line_start":172,"suggested_replacement":null,"suggestion_applicability":null,"text":[{"highlight_end":26,"highlight_start":4,"text":"fn calculate_engine_force("}]}]}}
{"reason":"compiler-message","package_id":"path+file:///Users/bradyjeong/Documents/Projects/Amp/gta4/gta_game/gameplay_sim#0.1.0","manifest_path":"/Users/bradyjeong/Documents/Projects/Amp/gta4/gta_game/gameplay_sim/Cargo.toml","target":{"kind":["lib"],"crate_types":["lib"],"name":"gameplay_sim","src_path":"/Users/bradyjeong/Documents/Projects/Amp/gta4/gta_game/gameplay_sim/src/lib.rs","edition":"2021","doc":true,"doctest":true,"test":true},"message":{"rendered":"warning: function `calculate_tire_forces` is never used\n   --> gameplay_sim/src/movement/realistic_vehicle_physics_core.rs:215:4\n    |\n215 | fn calculate_tire_forces(\n    |    ^^^^^^^^^^^^^^^^^^^^^\n\n","$message_type":"diagnostic","children":[],"code":{"code":"dead_code","explanation":null},"level":"warning","message":"function `calculate_tire_forces` is never used","spans":[{"byte_end":8153,"byte_start":8132,"column_end":25,"column_start":4,"expansion":null,"file_name":"gameplay_sim/src/movement/realistic_vehicle_physics_core.rs","is_primary":true,"label":null,"line_end":215,"line_start":215,"suggested_replacement":null,"suggestion_applicability":null,"text":[{"highlight_end":25,"highlight_start":4,"text":"fn calculate_tire_forces("}]}]}}
{"reason":"compiler-message","package_id":"path+file:///Users/bradyjeong/Documents/Projects/Amp/gta4/gta_game/gameplay_sim#0.1.0","manifest_path":"/Users/bradyjeong/Documents/Projects/Amp/gta4/gta_game/gameplay_sim/Cargo.toml","target":{"kind":["lib"],"crate_types":["lib"],"name":"gameplay_sim","src_path":"/Users/bradyjeong/Documents/Projects/Amp/gta4/gta_game/gameplay_sim/src/lib.rs","edition":"2021","doc":true,"doctest":true,"test":true},"message":{"rendered":"warning: function `calculate_aerodynamic_forces` is never used\n   --> gameplay_sim/src/movement/realistic_vehicle_physics_core.rs:286:4\n    |\n286 | fn calculate_aerodynamic_forces(\n    |    ^^^^^^^^^^^^^^^^^^^^^^^^^^^^\n\n","$message_type":"diagnostic","children":[],"code":{"code":"dead_code","explanation":null},"level":"warning","message":"function `calculate_aerodynamic_forces` is never used","spans":[{"byte_end":10970,"byte_start":10942,"column_end":32,"column_start":4,"expansion":null,"file_name":"gameplay_sim/src/movement/realistic_vehicle_physics_core.rs","is_primary":true,"label":null,"line_end":286,"line_start":286,"suggested_replacement":null,"suggestion_applicability":null,"text":[{"highlight_end":32,"highlight_start":4,"text":"fn calculate_aerodynamic_forces("}]}]}}
{"reason":"compiler-message","package_id":"path+file:///Users/bradyjeong/Documents/Projects/Amp/gta4/gta_game/gameplay_sim#0.1.0","manifest_path":"/Users/bradyjeong/Documents/Projects/Amp/gta4/gta_game/gameplay_sim/Cargo.toml","target":{"kind":["lib"],"crate_types":["lib"],"name":"gameplay_sim","src_path":"/Users/bradyjeong/Documents/Projects/Amp/gta4/gta_game/gameplay_sim/src/lib.rs","edition":"2021","doc":true,"doctest":true,"test":true},"message":{"rendered":"warning: function `calculate_weight_transfer` is never used\n   --> gameplay_sim/src/movement/realistic_vehicle_physics_core.rs:306:4\n    |\n306 | fn calculate_weight_transfer(\n    |    ^^^^^^^^^^^^^^^^^^^^^^^^^\n\n","$message_type":"diagnostic","children":[],"code":{"code":"dead_code","explanation":null},"level":"warning","message":"function `calculate_weight_transfer` is never used","spans":[{"byte_end":11653,"byte_start":11628,"column_end":29,"column_start":4,"expansion":null,"file_name":"gameplay_sim/src/movement/realistic_vehicle_physics_core.rs","is_primary":true,"label":null,"line_end":306,"line_start":306,"suggested_replacement":null,"suggestion_applicability":null,"text":[{"highlight_end":29,"highlight_start":4,"text":"fn calculate_weight_transfer("}]}]}}
{"reason":"compiler-message","package_id":"path+file:///Users/bradyjeong/Documents/Projects/Amp/gta4/gta_game/gameplay_sim#0.1.0","manifest_path":"/Users/bradyjeong/Documents/Projects/Amp/gta4/gta_game/gameplay_sim/Cargo.toml","target":{"kind":["lib"],"crate_types":["lib"],"name":"gameplay_sim","src_path":"/Users/bradyjeong/Documents/Projects/Amp/gta4/gta_game/gameplay_sim/src/lib.rs","edition":"2021","doc":true,"doctest":true,"test":true},"message":{"rendered":"warning: function `apply_forces_to_vehicle` is never used\n   --> gameplay_sim/src/movement/realistic_vehicle_physics_core.rs:324:4\n    |\n324 | fn apply_forces_to_vehicle(\n    |    ^^^^^^^^^^^^^^^^^^^^^^^\n\n","$message_type":"diagnostic","children":[],"code":{"code":"dead_code","explanation":null},"level":"warning","message":"function `apply_forces_to_vehicle` is never used","spans":[{"byte_end":12293,"byte_start":12270,"column_end":27,"column_start":4,"expansion":null,"file_name":"gameplay_sim/src/movement/realistic_vehicle_physics_core.rs","is_primary":true,"label":null,"line_end":324,"line_start":324,"suggested_replacement":null,"suggestion_applicability":null,"text":[{"highlight_end":27,"highlight_start":4,"text":"fn apply_forces_to_vehicle("}]}]}}
{"reason":"compiler-message","package_id":"path+file:///Users/bradyjeong/Documents/Projects/Amp/gta4/gta_game/gameplay_sim#0.1.0","manifest_path":"/Users/bradyjeong/Documents/Projects/Amp/gta4/gta_game/gameplay_sim/Cargo.toml","target":{"kind":["lib"],"crate_types":["lib"],"name":"gameplay_sim","src_path":"/Users/bradyjeong/Documents/Projects/Amp/gta4/gta_game/gameplay_sim/src/lib.rs","edition":"2021","doc":true,"doctest":true,"test":true},"message":{"rendered":"warning: function `apply_physics_safeguards` is never used\n   --> gameplay_sim/src/movement/realistic_vehicle_physics_core.rs:368:4\n    |\n368 | fn apply_physics_safeguards(\n    |    ^^^^^^^^^^^^^^^^^^^^^^^^\n\n","$message_type":"diagnostic","children":[],"code":{"code":"dead_code","explanation":null},"level":"warning","message":"function `apply_physics_safeguards` is never used","spans":[{"byte_end":13746,"byte_start":13722,"column_end":28,"column_start":4,"expansion":null,"file_name":"gameplay_sim/src/movement/realistic_vehicle_physics_core.rs","is_primary":true,"label":null,"line_end":368,"line_start":368,"suggested_replacement":null,"suggestion_applicability":null,"text":[{"highlight_end":28,"highlight_start":4,"text":"fn apply_physics_safeguards("}]}]}}
{"reason":"compiler-message","package_id":"path+file:///Users/bradyjeong/Documents/Projects/Amp/gta4/gta_game/gameplay_sim#0.1.0","manifest_path":"/Users/bradyjeong/Documents/Projects/Amp/gta4/gta_game/gameplay_sim/Cargo.toml","target":{"kind":["lib"],"crate_types":["lib"],"name":"gameplay_sim","src_path":"/Users/bradyjeong/Documents/Projects/Amp/gta4/gta_game/gameplay_sim/src/lib.rs","edition":"2021","doc":true,"doctest":true,"test":true},"message":{"rendered":"warning: function `supercar_input_system` is never used\n  --> gameplay_sim/src/movement/supercar_input.rs:17:8\n   |\n17 | pub fn supercar_input_system(\n   |        ^^^^^^^^^^^^^^^^^^^^^\n\n","$message_type":"diagnostic","children":[],"code":{"code":"dead_code","explanation":null},"level":"warning","message":"function `supercar_input_system` is never used","spans":[{"byte_end":815,"byte_start":794,"column_end":29,"column_start":8,"expansion":null,"file_name":"gameplay_sim/src/movement/supercar_input.rs","is_primary":true,"label":null,"line_end":17,"line_start":17,"suggested_replacement":null,"suggestion_applicability":null,"text":[{"highlight_end":29,"highlight_start":8,"text":"pub fn supercar_input_system("}]}]}}
{"reason":"compiler-message","package_id":"path+file:///Users/bradyjeong/Documents/Projects/Amp/gta4/gta_game/gameplay_sim#0.1.0","manifest_path":"/Users/bradyjeong/Documents/Projects/Amp/gta4/gta_game/gameplay_sim/Cargo.toml","target":{"kind":["lib"],"crate_types":["lib"],"name":"gameplay_sim","src_path":"/Users/bradyjeong/Documents/Projects/Amp/gta4/gta_game/gameplay_sim/src/lib.rs","edition":"2021","doc":true,"doctest":true,"test":true},"message":{"rendered":"warning: function `handle_driving_mode_changes` is never used\n  --> gameplay_sim/src/movement/supercar_input.rs:36:4\n   |\n36 | fn handle_driving_mode_changes(supercar: &mut SuperCar, _control_manager: &ControlManager) {\n   |    ^^^^^^^^^^^^^^^^^^^^^^^^^^^\n\n","$message_type":"diagnostic","children":[],"code":{"code":"dead_code","explanation":null},"level":"warning","message":"function `handle_driving_mode_changes` is never used","spans":[{"byte_end":1536,"byte_start":1509,"column_end":31,"column_start":4,"expansion":null,"file_name":"gameplay_sim/src/movement/supercar_input.rs","is_primary":true,"label":null,"line_end":36,"line_start":36,"suggested_replacement":null,"suggestion_applicability":null,"text":[{"highlight_end":31,"highlight_start":4,"text":"fn handle_driving_mode_changes(supercar: &mut SuperCar, _control_manager: &ControlManager) {"}]}]}}
{"reason":"compiler-message","package_id":"path+file:///Users/bradyjeong/Documents/Projects/Amp/gta4/gta_game/gameplay_sim#0.1.0","manifest_path":"/Users/bradyjeong/Documents/Projects/Amp/gta4/gta_game/gameplay_sim/Cargo.toml","target":{"kind":["lib"],"crate_types":["lib"],"name":"gameplay_sim","src_path":"/Users/bradyjeong/Documents/Projects/Amp/gta4/gta_game/gameplay_sim/src/lib.rs","edition":"2021","doc":true,"doctest":true,"test":true},"message":{"rendered":"warning: function `handle_launch_control` is never used\n  --> gameplay_sim/src/movement/supercar_input.rs:51:4\n   |\n51 | fn handle_launch_control(supercar: &mut SuperCar, control_manager: &ControlManager) {\n   |    ^^^^^^^^^^^^^^^^^^^^^\n\n","$message_type":"diagnostic","children":[],"code":{"code":"dead_code","explanation":null},"level":"warning","message":"function `handle_launch_control` is never used","spans":[{"byte_end":2199,"byte_start":2178,"column_end":25,"column_start":4,"expansion":null,"file_name":"gameplay_sim/src/movement/supercar_input.rs","is_primary":true,"label":null,"line_end":51,"line_start":51,"suggested_replacement":null,"suggestion_applicability":null,"text":[{"highlight_end":25,"highlight_start":4,"text":"fn handle_launch_control(supercar: &mut SuperCar, control_manager: &ControlManager) {"}]}]}}
{"reason":"compiler-message","package_id":"path+file:///Users/bradyjeong/Documents/Projects/Amp/gta4/gta_game/gameplay_sim#0.1.0","manifest_path":"/Users/bradyjeong/Documents/Projects/Amp/gta4/gta_game/gameplay_sim/Cargo.toml","target":{"kind":["lib"],"crate_types":["lib"],"name":"gameplay_sim","src_path":"/Users/bradyjeong/Documents/Projects/Amp/gta4/gta_game/gameplay_sim/src/lib.rs","edition":"2021","doc":true,"doctest":true,"test":true},"message":{"rendered":"warning: function `supercar_physics_system` is never used\n  --> gameplay_sim/src/movement/supercar_physics.rs:22:8\n   |\n22 | pub fn supercar_physics_system(\n   |        ^^^^^^^^^^^^^^^^^^^^^^^\n\n","$message_type":"diagnostic","children":[],"code":{"code":"dead_code","explanation":null},"level":"warning","message":"function `supercar_physics_system` is never used","spans":[{"byte_end":1041,"byte_start":1018,"column_end":31,"column_start":8,"expansion":null,"file_name":"gameplay_sim/src/movement/supercar_physics.rs","is_primary":true,"label":null,"line_end":22,"line_start":22,"suggested_replacement":null,"suggestion_applicability":null,"text":[{"highlight_end":31,"highlight_start":8,"text":"pub fn supercar_physics_system("}]}]}}
{"reason":"compiler-message","package_id":"path+file:///Users/bradyjeong/Documents/Projects/Amp/gta4/gta_game/gameplay_sim#0.1.0","manifest_path":"/Users/bradyjeong/Documents/Projects/Amp/gta4/gta_game/gameplay_sim/Cargo.toml","target":{"kind":["lib"],"crate_types":["lib"],"name":"gameplay_sim","src_path":"/Users/bradyjeong/Documents/Projects/Amp/gta4/gta_game/gameplay_sim/src/lib.rs","edition":"2021","doc":true,"doctest":true,"test":true},"message":{"rendered":"warning: function `update_gear_and_rpm` is never used\n   --> gameplay_sim/src/movement/supercar_physics.rs:142:4\n    |\n142 | fn update_gear_and_rpm(supercar: &mut SuperCar, current_speed_mph: f32, dt: f32) {\n    |    ^^^^^^^^^^^^^^^^^^^\n\n","$message_type":"diagnostic","children":[],"code":{"code":"dead_code","explanation":null},"level":"warning","message":"function `update_gear_and_rpm` is never used","spans":[{"byte_end":6292,"byte_start":6273,"column_end":23,"column_start":4,"expansion":null,"file_name":"gameplay_sim/src/movement/supercar_physics.rs","is_primary":true,"label":null,"line_end":142,"line_start":142,"suggested_replacement":null,"suggestion_applicability":null,"text":[{"highlight_end":23,"highlight_start":4,"text":"fn update_gear_and_rpm(supercar: &mut SuperCar, current_speed_mph: f32, dt: f32) {"}]}]}}
{"reason":"compiler-message","package_id":"path+file:///Users/bradyjeong/Documents/Projects/Amp/gta4/gta_game/gameplay_sim#0.1.0","manifest_path":"/Users/bradyjeong/Documents/Projects/Amp/gta4/gta_game/gameplay_sim/Cargo.toml","target":{"kind":["lib"],"crate_types":["lib"],"name":"gameplay_sim","src_path":"/Users/bradyjeong/Documents/Projects/Amp/gta4/gta_game/gameplay_sim/src/lib.rs","edition":"2021","doc":true,"doctest":true,"test":true},"message":{"rendered":"warning: function `update_advanced_turbo_system` is never used\n   --> gameplay_sim/src/movement/supercar_physics.rs:163:4\n    |\n163 | fn update_advanced_turbo_system(supercar: &mut SuperCar, dt: f32, turbo_requested: bool, current_speed_mph: f32) {\n    |    ^^^^^^^^^^^^^^^^^^^^^^^^^^^^\n\n","$message_type":"diagnostic","children":[],"code":{"code":"dead_code","explanation":null},"level":"warning","message":"function `update_advanced_turbo_system` is never used","spans":[{"byte_end":7328,"byte_start":7300,"column_end":32,"column_start":4,"expansion":null,"file_name":"gameplay_sim/src/movement/supercar_physics.rs","is_primary":true,"label":null,"line_end":163,"line_start":163,"suggested_replacement":null,"suggestion_applicability":null,"text":[{"highlight_end":32,"highlight_start":4,"text":"fn update_advanced_turbo_system(supercar: &mut SuperCar, dt: f32, turbo_requested: bool, current_speed_mph: f32) {"}]}]}}
{"reason":"compiler-message","package_id":"path+file:///Users/bradyjeong/Documents/Projects/Amp/gta4/gta_game/gameplay_sim#0.1.0","manifest_path":"/Users/bradyjeong/Documents/Projects/Amp/gta4/gta_game/gameplay_sim/Cargo.toml","target":{"kind":["lib"],"crate_types":["lib"],"name":"gameplay_sim","src_path":"/Users/bradyjeong/Documents/Projects/Amp/gta4/gta_game/gameplay_sim/src/lib.rs","edition":"2021","doc":true,"doctest":true,"test":true},"message":{"rendered":"warning: function `update_enhanced_traction_control` is never used\n   --> gameplay_sim/src/movement/supercar_physics.rs:209:4\n    |\n209 | fn update_enhanced_traction_control(supercar: &mut SuperCar, current_speed_mph: f32, dt: f32) {\n    |    ^^^^^^^^^^^^^^^^^^^^^^^^^^^^^^^^\n\n","$message_type":"diagnostic","children":[],"code":{"code":"dead_code","explanation":null},"level":"warning","message":"function `update_enhanced_traction_control` is never used","spans":[{"byte_end":9263,"byte_start":9231,"column_end":36,"column_start":4,"expansion":null,"file_name":"gameplay_sim/src/movement/supercar_physics.rs","is_primary":true,"label":null,"line_end":209,"line_start":209,"suggested_replacement":null,"suggestion_applicability":null,"text":[{"highlight_end":36,"highlight_start":4,"text":"fn update_enhanced_traction_control(supercar: &mut SuperCar, current_speed_mph: f32, dt: f32) {"}]}]}}
{"reason":"compiler-message","package_id":"path+file:///Users/bradyjeong/Documents/Projects/Amp/gta4/gta_game/gameplay_sim#0.1.0","manifest_path":"/Users/bradyjeong/Documents/Projects/Amp/gta4/gta_game/gameplay_sim/Cargo.toml","target":{"kind":["lib"],"crate_types":["lib"],"name":"gameplay_sim","src_path":"/Users/bradyjeong/Documents/Projects/Amp/gta4/gta_game/gameplay_sim/src/lib.rs","edition":"2021","doc":true,"doctest":true,"test":true},"message":{"rendered":"warning: function `update_active_aerodynamics` is never used\n   --> gameplay_sim/src/movement/supercar_physics.rs:240:4\n    |\n240 | fn update_active_aerodynamics(supercar: &mut SuperCar, current_speed_mph: f32, dt: f32) {\n    |    ^^^^^^^^^^^^^^^^^^^^^^^^^^\n\n","$message_type":"diagnostic","children":[],"code":{"code":"dead_code","explanation":null},"level":"warning","message":"function `update_active_aerodynamics` is never used","spans":[{"byte_end":10626,"byte_start":10600,"column_end":30,"column_start":4,"expansion":null,"file_name":"gameplay_sim/src/movement/supercar_physics.rs","is_primary":true,"label":null,"line_end":240,"line_start":240,"suggested_replacement":null,"suggestion_applicability":null,"text":[{"highlight_end":30,"highlight_start":4,"text":"fn update_active_aerodynamics(supercar: &mut SuperCar, current_speed_mph: f32, dt: f32) {"}]}]}}
{"reason":"compiler-message","package_id":"path+file:///Users/bradyjeong/Documents/Projects/Amp/gta4/gta_game/gameplay_sim#0.1.0","manifest_path":"/Users/bradyjeong/Documents/Projects/Amp/gta4/gta_game/gameplay_sim/Cargo.toml","target":{"kind":["lib"],"crate_types":["lib"],"name":"gameplay_sim","src_path":"/Users/bradyjeong/Documents/Projects/Amp/gta4/gta_game/gameplay_sim/src/lib.rs","edition":"2021","doc":true,"doctest":true,"test":true},"message":{"rendered":"warning: function `calculate_performance_metrics` is never used\n   --> gameplay_sim/src/movement/supercar_physics.rs:264:4\n    |\n264 | fn calculate_performance_metrics(supercar: &mut SuperCar, velocity: &Velocity, dt: f32) {\n    |    ^^^^^^^^^^^^^^^^^^^^^^^^^^^^^\n\n","$message_type":"diagnostic","children":[],"code":{"code":"dead_code","explanation":null},"level":"warning","message":"function `calculate_performance_metrics` is never used","spans":[{"byte_end":11654,"byte_start":11625,"column_end":33,"column_start":4,"expansion":null,"file_name":"gameplay_sim/src/movement/supercar_physics.rs","is_primary":true,"label":null,"line_end":264,"line_start":264,"suggested_replacement":null,"suggestion_applicability":null,"text":[{"highlight_end":33,"highlight_start":4,"text":"fn calculate_performance_metrics(supercar: &mut SuperCar, velocity: &Velocity, dt: f32) {"}]}]}}
{"reason":"compiler-message","package_id":"path+file:///Users/bradyjeong/Documents/Projects/Amp/gta4/gta_game/gameplay_sim#0.1.0","manifest_path":"/Users/bradyjeong/Documents/Projects/Amp/gta4/gta_game/gameplay_sim/Cargo.toml","target":{"kind":["lib"],"crate_types":["lib"],"name":"gameplay_sim","src_path":"/Users/bradyjeong/Documents/Projects/Amp/gta4/gta_game/gameplay_sim/src/lib.rs","edition":"2021","doc":true,"doctest":true,"test":true},"message":{"rendered":"warning: function `calculate_enhanced_power_curve` is never used\n   --> gameplay_sim/src/movement/supercar_physics.rs:280:4\n    |\n280 | fn calculate_enhanced_power_curve(supercar: &SuperCar) -> f32 {\n    |    ^^^^^^^^^^^^^^^^^^^^^^^^^^^^^^\n\n","$message_type":"diagnostic","children":[],"code":{"code":"dead_code","explanation":null},"level":"warning","message":"function `calculate_enhanced_power_curve` is never used","spans":[{"byte_end":12237,"byte_start":12207,"column_end":34,"column_start":4,"expansion":null,"file_name":"gameplay_sim/src/movement/supercar_physics.rs","is_primary":true,"label":null,"line_end":280,"line_start":280,"suggested_replacement":null,"suggestion_applicability":null,"text":[{"highlight_end":34,"highlight_start":4,"text":"fn calculate_enhanced_power_curve(supercar: &SuperCar) -> f32 {"}]}]}}
{"reason":"compiler-message","package_id":"path+file:///Users/bradyjeong/Documents/Projects/Amp/gta4/gta_game/gameplay_sim#0.1.0","manifest_path":"/Users/bradyjeong/Documents/Projects/Amp/gta4/gta_game/gameplay_sim/Cargo.toml","target":{"kind":["lib"],"crate_types":["lib"],"name":"gameplay_sim","src_path":"/Users/bradyjeong/Documents/Projects/Amp/gta4/gta_game/gameplay_sim/src/lib.rs","edition":"2021","doc":true,"doctest":true,"test":true},"message":{"rendered":"warning: function `calculate_turbo_multiplier` is never used\n   --> gameplay_sim/src/movement/supercar_physics.rs:296:4\n    |\n296 | fn calculate_turbo_multiplier(supercar: &SuperCar) -> f32 {\n    |    ^^^^^^^^^^^^^^^^^^^^^^^^^^\n\n","$message_type":"diagnostic","children":[],"code":{"code":"dead_code","explanation":null},"level":"warning","message":"function `calculate_turbo_multiplier` is never used","spans":[{"byte_end":13060,"byte_start":13034,"column_end":30,"column_start":4,"expansion":null,"file_name":"gameplay_sim/src/movement/supercar_physics.rs","is_primary":true,"label":null,"line_end":296,"line_start":296,"suggested_replacement":null,"suggestion_applicability":null,"text":[{"highlight_end":30,"highlight_start":4,"text":"fn calculate_turbo_multiplier(supercar: &SuperCar) -> f32 {"}]}]}}
{"reason":"compiler-message","package_id":"path+file:///Users/bradyjeong/Documents/Projects/Amp/gta4/gta_game/gameplay_sim#0.1.0","manifest_path":"/Users/bradyjeong/Documents/Projects/Amp/gta4/gta_game/gameplay_sim/Cargo.toml","target":{"kind":["lib"],"crate_types":["lib"],"name":"gameplay_sim","src_path":"/Users/bradyjeong/Documents/Projects/Amp/gta4/gta_game/gameplay_sim/src/lib.rs","edition":"2021","doc":true,"doctest":true,"test":true},"message":{"rendered":"warning: function `get_driving_mode_multiplier` is never used\n   --> gameplay_sim/src/movement/supercar_physics.rs:305:4\n    |\n305 | fn get_driving_mode_multiplier(supercar: &SuperCar) -> f32 {\n    |    ^^^^^^^^^^^^^^^^^^^^^^^^^^^\n\n","$message_type":"diagnostic","children":[],"code":{"code":"dead_code","explanation":null},"level":"warning","message":"function `get_driving_mode_multiplier` is never used","spans":[{"byte_end":13329,"byte_start":13302,"column_end":31,"column_start":4,"expansion":null,"file_name":"gameplay_sim/src/movement/supercar_physics.rs","is_primary":true,"label":null,"line_end":305,"line_start":305,"suggested_replacement":null,"suggestion_applicability":null,"text":[{"highlight_end":31,"highlight_start":4,"text":"fn get_driving_mode_multiplier(supercar: &SuperCar) -> f32 {"}]}]}}
{"reason":"compiler-message","package_id":"path+file:///Users/bradyjeong/Documents/Projects/Amp/gta4/gta_game/gameplay_sim#0.1.0","manifest_path":"/Users/bradyjeong/Documents/Projects/Amp/gta4/gta_game/gameplay_sim/Cargo.toml","target":{"kind":["lib"],"crate_types":["lib"],"name":"gameplay_sim","src_path":"/Users/bradyjeong/Documents/Projects/Amp/gta4/gta_game/gameplay_sim/src/lib.rs","edition":"2021","doc":true,"doctest":true,"test":true},"message":{"rendered":"warning: function `calculate_acceleration_force` is never used\n   --> gameplay_sim/src/movement/supercar_physics.rs:314:4\n    |\n314 | fn calculate_acceleration_force(supercar: &SuperCar, effective_power: f32, current_speed_ms: f32) -> f32 {\n    |    ^^^^^^^^^^^^^^^^^^^^^^^^^^^^\n\n","$message_type":"diagnostic","children":[],"code":{"code":"dead_code","explanation":null},"level":"warning","message":"function `calculate_acceleration_force` is never used","spans":[{"byte_end":13681,"byte_start":13653,"column_end":32,"column_start":4,"expansion":null,"file_name":"gameplay_sim/src/movement/supercar_physics.rs","is_primary":true,"label":null,"line_end":314,"line_start":314,"suggested_replacement":null,"suggestion_applicability":null,"text":[{"highlight_end":32,"highlight_start":4,"text":"fn calculate_acceleration_force(supercar: &SuperCar, effective_power: f32, current_speed_ms: f32) -> f32 {"}]}]}}
{"reason":"compiler-message","package_id":"path+file:///Users/bradyjeong/Documents/Projects/Amp/gta4/gta_game/gameplay_sim#0.1.0","manifest_path":"/Users/bradyjeong/Documents/Projects/Amp/gta4/gta_game/gameplay_sim/Cargo.toml","target":{"kind":["lib"],"crate_types":["lib"],"name":"gameplay_sim","src_path":"/Users/bradyjeong/Documents/Projects/Amp/gta4/gta_game/gameplay_sim/src/lib.rs","edition":"2021","doc":true,"doctest":true,"test":true},"message":{"rendered":"warning: function `calculate_aerodynamic_drag` is never used\n   --> gameplay_sim/src/movement/supercar_physics.rs:326:4\n    |\n326 | fn calculate_aerodynamic_drag(supercar: &SuperCar, current_speed_ms: f32) -> f32 {\n    |    ^^^^^^^^^^^^^^^^^^^^^^^^^^\n\n","$message_type":"diagnostic","children":[],"code":{"code":"dead_code","explanation":null},"level":"warning","message":"function `calculate_aerodynamic_drag` is never used","spans":[{"byte_end":14127,"byte_start":14101,"column_end":30,"column_start":4,"expansion":null,"file_name":"gameplay_sim/src/movement/supercar_physics.rs","is_primary":true,"label":null,"line_end":326,"line_start":326,"suggested_replacement":null,"suggestion_applicability":null,"text":[{"highlight_end":30,"highlight_start":4,"text":"fn calculate_aerodynamic_drag(supercar: &SuperCar, current_speed_ms: f32) -> f32 {"}]}]}}
{"reason":"compiler-message","package_id":"path+file:///Users/bradyjeong/Documents/Projects/Amp/gta4/gta_game/gameplay_sim#0.1.0","manifest_path":"/Users/bradyjeong/Documents/Projects/Amp/gta4/gta_game/gameplay_sim/Cargo.toml","target":{"kind":["lib"],"crate_types":["lib"],"name":"gameplay_sim","src_path":"/Users/bradyjeong/Documents/Projects/Amp/gta4/gta_game/gameplay_sim/src/lib.rs","edition":"2021","doc":true,"doctest":true,"test":true},"message":{"rendered":"warning: function `calculate_braking_force` is never used\n   --> gameplay_sim/src/movement/supercar_physics.rs:337:4\n    |\n337 | fn calculate_braking_force(supercar: &SuperCar, brake_value: f32, current_speed_mph: f32) -> f32 {\n    |    ^^^^^^^^^^^^^^^^^^^^^^^\n\n","$message_type":"diagnostic","children":[],"code":{"code":"dead_code","explanation":null},"level":"warning","message":"function `calculate_braking_force` is never used","spans":[{"byte_end":14627,"byte_start":14604,"column_end":27,"column_start":4,"expansion":null,"file_name":"gameplay_sim/src/movement/supercar_physics.rs","is_primary":true,"label":null,"line_end":337,"line_start":337,"suggested_replacement":null,"suggestion_applicability":null,"text":[{"highlight_end":27,"highlight_start":4,"text":"fn calculate_braking_force(supercar: &SuperCar, brake_value: f32, current_speed_mph: f32) -> f32 {"}]}]}}
{"reason":"compiler-message","package_id":"path+file:///Users/bradyjeong/Documents/Projects/Amp/gta4/gta_game/gameplay_sim#0.1.0","manifest_path":"/Users/bradyjeong/Documents/Projects/Amp/gta4/gta_game/gameplay_sim/Cargo.toml","target":{"kind":["lib"],"crate_types":["lib"],"name":"gameplay_sim","src_path":"/Users/bradyjeong/Documents/Projects/Amp/gta4/gta_game/gameplay_sim/src/lib.rs","edition":"2021","doc":true,"doctest":true,"test":true},"message":{"rendered":"warning: function `calculate_natural_deceleration` is never used\n   --> gameplay_sim/src/movement/supercar_physics.rs:351:4\n    |\n351 | fn calculate_natural_deceleration(supercar: &SuperCar, _current_speed_ms: f32) -> f32 {\n    |    ^^^^^^^^^^^^^^^^^^^^^^^^^^^^^^\n\n","$message_type":"diagnostic","children":[],"code":{"code":"dead_code","explanation":null},"level":"warning","message":"function `calculate_natural_deceleration` is never used","spans":[{"byte_end":15143,"byte_start":15113,"column_end":34,"column_start":4,"expansion":null,"file_name":"gameplay_sim/src/movement/supercar_physics.rs","is_primary":true,"label":null,"line_end":351,"line_start":351,"suggested_replacement":null,"suggestion_applicability":null,"text":[{"highlight_end":34,"highlight_start":4,"text":"fn calculate_natural_deceleration(supercar: &SuperCar, _current_speed_ms: f32) -> f32 {"}]}]}}
{"reason":"compiler-message","package_id":"path+file:///Users/bradyjeong/Documents/Projects/Amp/gta4/gta_game/gameplay_sim#0.1.0","manifest_path":"/Users/bradyjeong/Documents/Projects/Amp/gta4/gta_game/gameplay_sim/Cargo.toml","target":{"kind":["lib"],"crate_types":["lib"],"name":"gameplay_sim","src_path":"/Users/bradyjeong/Documents/Projects/Amp/gta4/gta_game/gameplay_sim/src/lib.rs","edition":"2021","doc":true,"doctest":true,"test":true},"message":{"rendered":"warning: function `calculate_hypercar_steering` is never used\n   --> gameplay_sim/src/movement/supercar_physics.rs:361:4\n    |\n361 | fn calculate_hypercar_steering(supercar: &SuperCar, steering_input: f32, current_speed_mph: f32) -> Vec3 {\n    |    ^^^^^^^^^^^^^^^^^^^^^^^^^^^\n\n","$message_type":"diagnostic","children":[],"code":{"code":"dead_code","explanation":null},"level":"warning","message":"function `calculate_hypercar_steering` is never used","spans":[{"byte_end":15496,"byte_start":15469,"column_end":31,"column_start":4,"expansion":null,"file_name":"gameplay_sim/src/movement/supercar_physics.rs","is_primary":true,"label":null,"line_end":361,"line_start":361,"suggested_replacement":null,"suggestion_applicability":null,"text":[{"highlight_end":31,"highlight_start":4,"text":"fn calculate_hypercar_steering(supercar: &SuperCar, steering_input: f32, current_speed_mph: f32) -> Vec3 {"}]}]}}
{"reason":"compiler-message","package_id":"path+file:///Users/bradyjeong/Documents/Projects/Amp/gta4/gta_game/gameplay_sim#0.1.0","manifest_path":"/Users/bradyjeong/Documents/Projects/Amp/gta4/gta_game/gameplay_sim/Cargo.toml","target":{"kind":["lib"],"crate_types":["lib"],"name":"gameplay_sim","src_path":"/Users/bradyjeong/Documents/Projects/Amp/gta4/gta_game/gameplay_sim/src/lib.rs","edition":"2021","doc":true,"doctest":true,"test":true},"message":{"rendered":"warning: function `apply_suspension_damping` is never used\n   --> gameplay_sim/src/movement/supercar_physics.rs:400:4\n    |\n400 | fn apply_suspension_damping(supercar: &SuperCar, velocity_change: Vec3, dt: f32) -> Vec3 {\n    |    ^^^^^^^^^^^^^^^^^^^^^^^^\n\n","$message_type":"diagnostic","children":[],"code":{"code":"dead_code","explanation":null},"level":"warning","message":"function `apply_suspension_damping` is never used","spans":[{"byte_end":17176,"byte_start":17152,"column_end":28,"column_start":4,"expansion":null,"file_name":"gameplay_sim/src/movement/supercar_physics.rs","is_primary":true,"label":null,"line_end":400,"line_start":400,"suggested_replacement":null,"suggestion_applicability":null,"text":[{"highlight_end":28,"highlight_start":4,"text":"fn apply_suspension_damping(supercar: &SuperCar, velocity_change: Vec3, dt: f32) -> Vec3 {"}]}]}}
{"reason":"compiler-message","package_id":"path+file:///Users/bradyjeong/Documents/Projects/Amp/gta4/gta_game/gameplay_sim#0.1.0","manifest_path":"/Users/bradyjeong/Documents/Projects/Amp/gta4/gta_game/gameplay_sim/Cargo.toml","target":{"kind":["lib"],"crate_types":["lib"],"name":"gameplay_sim","src_path":"/Users/bradyjeong/Documents/Projects/Amp/gta4/gta_game/gameplay_sim/src/lib.rs","edition":"2021","doc":true,"doctest":true,"test":true},"message":{"rendered":"warning: function `update_engine_protection` is never used\n   --> gameplay_sim/src/movement/supercar_physics.rs:412:4\n    |\n412 | fn update_engine_protection(supercar: &mut SuperCar, dt: f32, _current_speed_mph: f32) {\n    |    ^^^^^^^^^^^^^^^^^^^^^^^^\n\n","$message_type":"diagnostic","children":[],"code":{"code":"dead_code","explanation":null},"level":"warning","message":"function `update_engine_protection` is never used","spans":[{"byte_end":17777,"byte_start":17753,"column_end":28,"column_start":4,"expansion":null,"file_name":"gameplay_sim/src/movement/supercar_physics.rs","is_primary":true,"label":null,"line_end":412,"line_start":412,"suggested_replacement":null,"suggestion_applicability":null,"text":[{"highlight_end":28,"highlight_start":4,"text":"fn update_engine_protection(supercar: &mut SuperCar, dt: f32, _current_speed_mph: f32) {"}]}]}}
{"reason":"compiler-message","package_id":"path+file:///Users/bradyjeong/Documents/Projects/Amp/gta4/gta_game/gameplay_sim#0.1.0","manifest_path":"/Users/bradyjeong/Documents/Projects/Amp/gta4/gta_game/gameplay_sim/Cargo.toml","target":{"kind":["lib"],"crate_types":["lib"],"name":"gameplay_sim","src_path":"/Users/bradyjeong/Documents/Projects/Amp/gta4/gta_game/gameplay_sim/src/lib.rs","edition":"2021","doc":true,"doctest":true,"test":true},"message":{"rendered":"warning: fields `flames`, `available_flames`, and `max_flames` are never read\n  --> gameplay_sim/src/movement/supercar_effects.rs:19:9\n   |\n18 | pub struct ExhaustFlamePool {\n   |            ---------------- fields in this struct\n19 |     pub flames: Vec<Entity>,\n   |         ^^^^^^\n20 |     pub available_flames: Vec<Entity>,\n   |         ^^^^^^^^^^^^^^^^\n21 |     pub max_flames: usize,\n   |         ^^^^^^^^^^\n\n","$message_type":"diagnostic","children":[],"code":{"code":"dead_code","explanation":null},"level":"warning","message":"fields `flames`, `available_flames`, and `max_flames` are never read","spans":[{"byte_end":861,"byte_start":845,"column_end":28,"column_start":12,"expansion":null,"file_name":"gameplay_sim/src/movement/supercar_effects.rs","is_primary":false,"label":"fields in this struct","line_end":18,"line_start":18,"suggested_replacement":null,"suggestion_applicability":null,"text":[{"highlight_end":28,"highlight_start":12,"text":"pub struct ExhaustFlamePool {"}]},{"byte_end":878,"byte_start":872,"column_end":15,"column_start":9,"expansion":null,"file_name":"gameplay_sim/src/movement/supercar_effects.rs","is_primary":true,"label":null,"line_end":19,"line_start":19,"suggested_replacement":null,"suggestion_applicability":null,"text":[{"highlight_end":15,"highlight_start":9,"text":"    pub flames: Vec<Entity>,"}]},{"byte_end":917,"byte_start":901,"column_end":25,"column_start":9,"expansion":null,"file_name":"gameplay_sim/src/movement/supercar_effects.rs","is_primary":true,"label":null,"line_end":20,"line_start":20,"suggested_replacement":null,"suggestion_applicability":null,"text":[{"highlight_end":25,"highlight_start":9,"text":"    pub available_flames: Vec<Entity>,"}]},{"byte_end":950,"byte_start":940,"column_end":19,"column_start":9,"expansion":null,"file_name":"gameplay_sim/src/movement/supercar_effects.rs","is_primary":true,"label":null,"line_end":21,"line_start":21,"suggested_replacement":null,"suggestion_applicability":null,"text":[{"highlight_end":19,"highlight_start":9,"text":"    pub max_flames: usize,"}]}]}}
{"reason":"compiler-message","package_id":"path+file:///Users/bradyjeong/Documents/Projects/Amp/gta4/gta_game/gameplay_sim#0.1.0","manifest_path":"/Users/bradyjeong/Documents/Projects/Amp/gta4/gta_game/gameplay_sim/Cargo.toml","target":{"kind":["lib"],"crate_types":["lib"],"name":"gameplay_sim","src_path":"/Users/bradyjeong/Documents/Projects/Amp/gta4/gta_game/gameplay_sim/src/lib.rs","edition":"2021","doc":true,"doctest":true,"test":true},"message":{"rendered":"warning: function `initialize_exhaust_pool_system` is never used\n  --> gameplay_sim/src/movement/supercar_effects.rs:35:8\n   |\n35 | pub fn initialize_exhaust_pool_system(\n   |        ^^^^^^^^^^^^^^^^^^^^^^^^^^^^^^\n\n","$message_type":"diagnostic","children":[],"code":{"code":"dead_code","explanation":null},"level":"warning","message":"function `initialize_exhaust_pool_system` is never used","spans":[{"byte_end":1270,"byte_start":1240,"column_end":38,"column_start":8,"expansion":null,"file_name":"gameplay_sim/src/movement/supercar_effects.rs","is_primary":true,"label":null,"line_end":35,"line_start":35,"suggested_replacement":null,"suggestion_applicability":null,"text":[{"highlight_end":38,"highlight_start":8,"text":"pub fn initialize_exhaust_pool_system("}]}]}}
{"reason":"compiler-message","package_id":"path+file:///Users/bradyjeong/Documents/Projects/Amp/gta4/gta_game/gameplay_sim#0.1.0","manifest_path":"/Users/bradyjeong/Documents/Projects/Amp/gta4/gta_game/gameplay_sim/Cargo.toml","target":{"kind":["lib"],"crate_types":["lib"],"name":"gameplay_sim","src_path":"/Users/bradyjeong/Documents/Projects/Amp/gta4/gta_game/gameplay_sim/src/lib.rs","edition":"2021","doc":true,"doctest":true,"test":true},"message":{"rendered":"warning: function `supercar_effects_system` is never used\n  --> gameplay_sim/src/movement/supercar_effects.rs:62:8\n   |\n62 | pub fn supercar_effects_system(\n   |        ^^^^^^^^^^^^^^^^^^^^^^^\n\n","$message_type":"diagnostic","children":[],"code":{"code":"dead_code","explanation":null},"level":"warning","message":"function `supercar_effects_system` is never used","spans":[{"byte_end":2245,"byte_start":2222,"column_end":31,"column_start":8,"expansion":null,"file_name":"gameplay_sim/src/movement/supercar_effects.rs","is_primary":true,"label":null,"line_end":62,"line_start":62,"suggested_replacement":null,"suggestion_applicability":null,"text":[{"highlight_end":31,"highlight_start":8,"text":"pub fn supercar_effects_system("}]}]}}
{"reason":"compiler-message","package_id":"path+file:///Users/bradyjeong/Documents/Projects/Amp/gta4/gta_game/gameplay_sim#0.1.0","manifest_path":"/Users/bradyjeong/Documents/Projects/Amp/gta4/gta_game/gameplay_sim/Cargo.toml","target":{"kind":["lib"],"crate_types":["lib"],"name":"gameplay_sim","src_path":"/Users/bradyjeong/Documents/Projects/Amp/gta4/gta_game/gameplay_sim/src/lib.rs","edition":"2021","doc":true,"doctest":true,"test":true},"message":{"rendered":"warning: function `exhaust_flame_cleanup_system` is never used\n   --> gameplay_sim/src/movement/supercar_effects.rs:162:8\n    |\n162 | pub fn exhaust_flame_cleanup_system(\n    |        ^^^^^^^^^^^^^^^^^^^^^^^^^^^^\n\n","$message_type":"diagnostic","children":[],"code":{"code":"dead_code","explanation":null},"level":"warning","message":"function `exhaust_flame_cleanup_system` is never used","spans":[{"byte_end":7115,"byte_start":7087,"column_end":36,"column_start":8,"expansion":null,"file_name":"gameplay_sim/src/movement/supercar_effects.rs","is_primary":true,"label":null,"line_end":162,"line_start":162,"suggested_replacement":null,"suggestion_applicability":null,"text":[{"highlight_end":36,"highlight_start":8,"text":"pub fn exhaust_flame_cleanup_system("}]}]}}
{"reason":"compiler-message","package_id":"path+file:///Users/bradyjeong/Documents/Projects/Amp/gta4/gta_game/gameplay_sim#0.1.0","manifest_path":"/Users/bradyjeong/Documents/Projects/Amp/gta4/gta_game/gameplay_sim/Cargo.toml","target":{"kind":["lib"],"crate_types":["lib"],"name":"gameplay_sim","src_path":"/Users/bradyjeong/Documents/Projects/Amp/gta4/gta_game/gameplay_sim/src/lib.rs","edition":"2021","doc":true,"doctest":true,"test":true},"message":{"rendered":"warning: variants `Input`, `Physics`, `Audio`, `Effects`, and `Performance` are never constructed\n  --> gameplay_sim/src/movement/vehicle_sets.rs:18:5\n   |\n16 | pub enum VehicleSet {\n   |          ---------- variants in this enum\n17 |     /// Input handling systems (read controls, convert to component data)\n18 |     Input,\n   |     ^^^^^\n19 |     /// Physics systems (apply forces, handle suspension, aerodynamics)\n20 |     Physics,\n   |     ^^^^^^^\n21 |     /// Audio systems (engine sounds, effects)\n22 |     Audio,\n   |     ^^^^^\n23 |     /// Visual effects systems (particles, lighting)\n24 |     Effects,\n   |     ^^^^^^^\n25 |     /// Performance monitoring and metrics\n26 |     Performance,\n   |     ^^^^^^^^^^^\n   |\n   = note: `VehicleSet` has derived impls for the traits `Clone` and `Debug`, but these are intentionally ignored during dead code analysis\n\n","$message_type":"diagnostic","children":[{"children":[],"code":null,"level":"note","message":"`VehicleSet` has derived impls for the traits `Clone` and `Debug`, but these are intentionally ignored during dead code analysis","rendered":null,"spans":[]}],"code":{"code":"dead_code","explanation":null},"level":"warning","message":"variants `Input`, `Physics`, `Audio`, `Effects`, and `Performance` are never constructed","spans":[{"byte_end":687,"byte_start":677,"column_end":20,"column_start":10,"expansion":null,"file_name":"gameplay_sim/src/movement/vehicle_sets.rs","is_primary":false,"label":"variants in this enum","line_end":16,"line_start":16,"suggested_replacement":null,"suggestion_applicability":null,"text":[{"highlight_end":20,"highlight_start":10,"text":"pub enum VehicleSet {"}]},{"byte_end":773,"byte_start":768,"column_end":10,"column_start":5,"expansion":null,"file_name":"gameplay_sim/src/movement/vehicle_sets.rs","is_primary":true,"label":null,"line_end":18,"line_start":18,"suggested_replacement":null,"suggestion_applicability":null,"text":[{"highlight_end":10,"highlight_start":5,"text":"    Input,"}]},{"byte_end":858,"byte_start":851,"column_end":12,"column_start":5,"expansion":null,"file_name":"gameplay_sim/src/movement/vehicle_sets.rs","is_primary":true,"label":null,"line_end":20,"line_start":20,"suggested_replacement":null,"suggestion_applicability":null,"text":[{"highlight_end":12,"highlight_start":5,"text":"    Physics,"}]},{"byte_end":916,"byte_start":911,"column_end":10,"column_start":5,"expansion":null,"file_name":"gameplay_sim/src/movement/vehicle_sets.rs","is_primary":true,"label":null,"line_end":22,"line_start":22,"suggested_replacement":null,"suggestion_applicability":null,"text":[{"highlight_end":10,"highlight_start":5,"text":"    Audio,"}]},{"byte_end":982,"byte_start":975,"column_end":12,"column_start":5,"expansion":null,"file_name":"gameplay_sim/src/movement/vehicle_sets.rs","is_primary":true,"label":null,"line_end":24,"line_start":24,"suggested_replacement":null,"suggestion_applicability":null,"text":[{"highlight_end":12,"highlight_start":5,"text":"    Effects,"}]},{"byte_end":1042,"byte_start":1031,"column_end":16,"column_start":5,"expansion":null,"file_name":"gameplay_sim/src/movement/vehicle_sets.rs","is_primary":true,"label":null,"line_end":26,"line_start":26,"suggested_replacement":null,"suggestion_applicability":null,"text":[{"highlight_end":16,"highlight_start":5,"text":"    Performance,"}]}]}}
{"reason":"compiler-message","package_id":"path+file:///Users/bradyjeong/Documents/Projects/Amp/gta4/gta_game/gameplay_sim#0.1.0","manifest_path":"/Users/bradyjeong/Documents/Projects/Amp/gta4/gta_game/gameplay_sim/Cargo.toml","target":{"kind":["lib"],"crate_types":["lib"],"name":"gameplay_sim","src_path":"/Users/bradyjeong/Documents/Projects/Amp/gta4/gta_game/gameplay_sim/src/lib.rs","edition":"2021","doc":true,"doctest":true,"test":true},"message":{"rendered":"warning: function `configure_vehicle_system_sets` is never used\n  --> gameplay_sim/src/movement/vehicle_sets.rs:30:8\n   |\n30 | pub fn configure_vehicle_system_sets(app: &mut App) {\n   |        ^^^^^^^^^^^^^^^^^^^^^^^^^^^^^\n\n","$message_type":"diagnostic","children":[],"code":{"code":"dead_code","explanation":null},"level":"warning","message":"function `configure_vehicle_system_sets` is never used","spans":[{"byte_end":1128,"byte_start":1099,"column_end":37,"column_start":8,"expansion":null,"file_name":"gameplay_sim/src/movement/vehicle_sets.rs","is_primary":true,"label":null,"line_end":30,"line_start":30,"suggested_replacement":null,"suggestion_applicability":null,"text":[{"highlight_end":37,"highlight_start":8,"text":"pub fn configure_vehicle_system_sets(app: &mut App) {"}]}]}}
{"reason":"compiler-message","package_id":"path+file:///Users/bradyjeong/Documents/Projects/Amp/gta4/gta_game/gameplay_sim#0.1.0","manifest_path":"/Users/bradyjeong/Documents/Projects/Amp/gta4/gta_game/gameplay_sim/Cargo.toml","target":{"kind":["lib"],"crate_types":["lib"],"name":"gameplay_sim","src_path":"/Users/bradyjeong/Documents/Projects/Amp/gta4/gta_game/gameplay_sim/src/lib.rs","edition":"2021","doc":true,"doctest":true,"test":true},"message":{"rendered":"warning: fields `stress_level`, `energy_level`, `mood`, and `last_mood_change` are never read\n  --> gameplay_sim/src/behavior/human_behavior.rs:12:9\n   |\n11 | pub struct HumanEmotions {\n   |            ------------- fields in this struct\n12 |     pub stress_level: f32,\n   |         ^^^^^^^^^^^^\n13 |     pub energy_level: f32,\n   |         ^^^^^^^^^^^^\n14 |     pub mood: Mood,\n   |         ^^^^\n15 |     pub last_mood_change: f32,\n   |         ^^^^^^^^^^^^^^^^\n\n","$message_type":"diagnostic","children":[],"code":{"code":"dead_code","explanation":null},"level":"warning","message":"fields `stress_level`, `energy_level`, `mood`, and `last_mood_change` are never read","spans":[{"byte_end":312,"byte_start":299,"column_end":25,"column_start":12,"expansion":null,"file_name":"gameplay_sim/src/behavior/human_behavior.rs","is_primary":false,"label":"fields in this struct","line_end":11,"line_start":11,"suggested_replacement":null,"suggestion_applicability":null,"text":[{"highlight_end":25,"highlight_start":12,"text":"pub struct HumanEmotions {"}]},{"byte_end":335,"byte_start":323,"column_end":21,"column_start":9,"expansion":null,"file_name":"gameplay_sim/src/behavior/human_behavior.rs","is_primary":true,"label":null,"line_end":12,"line_start":12,"suggested_replacement":null,"suggestion_applicability":null,"text":[{"highlight_end":21,"highlight_start":9,"text":"    pub stress_level: f32,"}]},{"byte_end":362,"byte_start":350,"column_end":21,"column_start":9,"expansion":null,"file_name":"gameplay_sim/src/behavior/human_behavior.rs","is_primary":true,"label":null,"line_end":13,"line_start":13,"suggested_replacement":null,"suggestion_applicability":null,"text":[{"highlight_end":21,"highlight_start":9,"text":"    pub energy_level: f32,"}]},{"byte_end":381,"byte_start":377,"column_end":13,"column_start":9,"expansion":null,"file_name":"gameplay_sim/src/behavior/human_behavior.rs","is_primary":true,"label":null,"line_end":14,"line_start":14,"suggested_replacement":null,"suggestion_applicability":null,"text":[{"highlight_end":13,"highlight_start":9,"text":"    pub mood: Mood,"}]},{"byte_end":413,"byte_start":397,"column_end":25,"column_start":9,"expansion":null,"file_name":"gameplay_sim/src/behavior/human_behavior.rs","is_primary":true,"label":null,"line_end":15,"line_start":15,"suggested_replacement":null,"suggestion_applicability":null,"text":[{"highlight_end":25,"highlight_start":9,"text":"    pub last_mood_change: f32,"}]}]}}
{"reason":"compiler-message","package_id":"path+file:///Users/bradyjeong/Documents/Projects/Amp/gta4/gta_game/gameplay_sim#0.1.0","manifest_path":"/Users/bradyjeong/Documents/Projects/Amp/gta4/gta_game/gameplay_sim/Cargo.toml","target":{"kind":["lib"],"crate_types":["lib"],"name":"gameplay_sim","src_path":"/Users/bradyjeong/Documents/Projects/Amp/gta4/gta_game/gameplay_sim/src/lib.rs","edition":"2021","doc":true,"doctest":true,"test":true},"message":{"rendered":"warning: variants `Excited`, `Tired`, `Anxious`, and `Confident` are never constructed\n  --> gameplay_sim/src/behavior/human_behavior.rs:21:5\n   |\n19 | pub enum Mood {\n   |          ---- variants in this enum\n20 |     Calm,\n21 |     Excited,\n   |     ^^^^^^^\n22 |     Tired,\n   |     ^^^^^\n23 |     Anxious,\n   |     ^^^^^^^\n24 |     Confident,\n   |     ^^^^^^^^^\n   |\n   = note: `Mood` has a derived impl for the trait `Clone`, but this is intentionally ignored during dead code analysis\n\n","$message_type":"diagnostic","children":[{"children":[],"code":null,"level":"note","message":"`Mood` has a derived impl for the trait `Clone`, but this is intentionally ignored during dead code analysis","rendered":null,"spans":[]}],"code":{"code":"dead_code","explanation":null},"level":"warning","message":"variants `Excited`, `Tired`, `Anxious`, and `Confident` are never constructed","spans":[{"byte_end":464,"byte_start":460,"column_end":14,"column_start":10,"expansion":null,"file_name":"gameplay_sim/src/behavior/human_behavior.rs","is_primary":false,"label":"variants in this enum","line_end":19,"line_start":19,"suggested_replacement":null,"suggestion_applicability":null,"text":[{"highlight_end":14,"highlight_start":10,"text":"pub enum Mood {"}]},{"byte_end":488,"byte_start":481,"column_end":12,"column_start":5,"expansion":null,"file_name":"gameplay_sim/src/behavior/human_behavior.rs","is_primary":true,"label":null,"line_end":21,"line_start":21,"suggested_replacement":null,"suggestion_applicability":null,"text":[{"highlight_end":12,"highlight_start":5,"text":"    Excited,"}]},{"byte_end":499,"byte_start":494,"column_end":10,"column_start":5,"expansion":null,"file_name":"gameplay_sim/src/behavior/human_behavior.rs","is_primary":true,"label":null,"line_end":22,"line_start":22,"suggested_replacement":null,"suggestion_applicability":null,"text":[{"highlight_end":10,"highlight_start":5,"text":"    Tired,"}]},{"byte_end":512,"byte_start":505,"column_end":12,"column_start":5,"expansion":null,"file_name":"gameplay_sim/src/behavior/human_behavior.rs","is_primary":true,"label":null,"line_end":23,"line_start":23,"suggested_replacement":null,"suggestion_applicability":null,"text":[{"highlight_end":12,"highlight_start":5,"text":"    Anxious,"}]},{"byte_end":527,"byte_start":518,"column_end":14,"column_start":5,"expansion":null,"file_name":"gameplay_sim/src/behavior/human_behavior.rs","is_primary":true,"label":null,"line_end":24,"line_start":24,"suggested_replacement":null,"suggestion_applicability":null,"text":[{"highlight_end":14,"highlight_start":5,"text":"    Confident,"}]}]}}
{"reason":"compiler-message","package_id":"path+file:///Users/bradyjeong/Documents/Projects/Amp/gta4/gta_game/gameplay_sim#0.1.0","manifest_path":"/Users/bradyjeong/Documents/Projects/Amp/gta4/gta_game/gameplay_sim/Cargo.toml","target":{"kind":["lib"],"crate_types":["lib"],"name":"gameplay_sim","src_path":"/Users/bradyjeong/Documents/Projects/Amp/gta4/gta_game/gameplay_sim/src/lib.rs","edition":"2021","doc":true,"doctest":true,"test":true},"message":{"rendered":"warning: function `human_emotional_state_system` is never used\n  --> gameplay_sim/src/behavior/human_behavior.rs:39:8\n   |\n39 | pub fn human_emotional_state_system(\n   |        ^^^^^^^^^^^^^^^^^^^^^^^^^^^^\n\n","$message_type":"diagnostic","children":[],"code":{"code":"dead_code","explanation":null},"level":"warning","message":"function `human_emotional_state_system` is never used","spans":[{"byte_end":865,"byte_start":837,"column_end":36,"column_start":8,"expansion":null,"file_name":"gameplay_sim/src/behavior/human_behavior.rs","is_primary":true,"label":null,"line_end":39,"line_start":39,"suggested_replacement":null,"suggestion_applicability":null,"text":[{"highlight_end":36,"highlight_start":8,"text":"pub fn human_emotional_state_system("}]}]}}
{"reason":"compiler-message","package_id":"path+file:///Users/bradyjeong/Documents/Projects/Amp/gta4/gta_game/gameplay_sim#0.1.0","manifest_path":"/Users/bradyjeong/Documents/Projects/Amp/gta4/gta_game/gameplay_sim/Cargo.toml","target":{"kind":["lib"],"crate_types":["lib"],"name":"gameplay_sim","src_path":"/Users/bradyjeong/Documents/Projects/Amp/gta4/gta_game/gameplay_sim/src/lib.rs","edition":"2021","doc":true,"doctest":true,"test":true},"message":{"rendered":"warning: function `human_fidget_system` is never used\n   --> gameplay_sim/src/behavior/human_behavior.rs:122:8\n    |\n122 | pub fn human_fidget_system(\n    |        ^^^^^^^^^^^^^^^^^^^\n\n","$message_type":"diagnostic","children":[],"code":{"code":"dead_code","explanation":null},"level":"warning","message":"function `human_fidget_system` is never used","spans":[{"byte_end":4208,"byte_start":4189,"column_end":27,"column_start":8,"expansion":null,"file_name":"gameplay_sim/src/behavior/human_behavior.rs","is_primary":true,"label":null,"line_end":122,"line_start":122,"suggested_replacement":null,"suggestion_applicability":null,"text":[{"highlight_end":27,"highlight_start":8,"text":"pub fn human_fidget_system("}]}]}}
{"reason":"compiler-message","package_id":"path+file:///Users/bradyjeong/Documents/Projects/Amp/gta4/gta_game/gameplay_sim#0.1.0","manifest_path":"/Users/bradyjeong/Documents/Projects/Amp/gta4/gta_game/gameplay_sim/Cargo.toml","target":{"kind":["lib"],"crate_types":["lib"],"name":"gameplay_sim","src_path":"/Users/bradyjeong/Documents/Projects/Amp/gta4/gta_game/gameplay_sim/src/lib.rs","edition":"2021","doc":true,"doctest":true,"test":true},"message":{"rendered":"warning: function `interaction_system` is never used\n --> gameplay_sim/src/behavior/interaction.rs:6:8\n  |\n6 | pub fn interaction_system(\n  |        ^^^^^^^^^^^^^^^^^^\n\n","$message_type":"diagnostic","children":[],"code":{"code":"dead_code","explanation":null},"level":"warning","message":"function `interaction_system` is never used","spans":[{"byte_end":194,"byte_start":176,"column_end":26,"column_start":8,"expansion":null,"file_name":"gameplay_sim/src/behavior/interaction.rs","is_primary":true,"label":null,"line_end":6,"line_start":6,"suggested_replacement":null,"suggestion_applicability":null,"text":[{"highlight_end":26,"highlight_start":8,"text":"pub fn interaction_system("}]}]}}
{"reason":"compiler-message","package_id":"path+file:///Users/bradyjeong/Documents/Projects/Amp/gta4/gta_game/gameplay_sim#0.1.0","manifest_path":"/Users/bradyjeong/Documents/Projects/Amp/gta4/gta_game/gameplay_sim/Cargo.toml","target":{"kind":["lib"],"crate_types":["lib"],"name":"gameplay_sim","src_path":"/Users/bradyjeong/Documents/Projects/Amp/gta4/gta_game/gameplay_sim/src/lib.rs","edition":"2021","doc":true,"doctest":true,"test":true},"message":{"rendered":"warning: field `use_fallback` is never read\n  --> gameplay_sim/src/input/input_config.rs:54:5\n   |\n50 | pub struct InputConfig {\n   |            ----------- field in this struct\n...\n54 |     use_fallback: bool,\n   |     ^^^^^^^^^^^^\n   |\n   = note: `InputConfig` has derived impls for the traits `Clone` and `Debug`, but these are intentionally ignored during dead code analysis\n\n","$message_type":"diagnostic","children":[{"children":[],"code":null,"level":"note","message":"`InputConfig` has derived impls for the traits `Clone` and `Debug`, but these are intentionally ignored during dead code analysis","rendered":null,"spans":[]}],"code":{"code":"dead_code","explanation":null},"level":"warning","message":"field `use_fallback` is never read","spans":[{"byte_end":1176,"byte_start":1165,"column_end":23,"column_start":12,"expansion":null,"file_name":"gameplay_sim/src/input/input_config.rs","is_primary":false,"label":"field in this struct","line_end":50,"line_start":50,"suggested_replacement":null,"suggestion_applicability":null,"text":[{"highlight_end":23,"highlight_start":12,"text":"pub struct InputConfig {"}]},{"byte_end":1343,"byte_start":1331,"column_end":17,"column_start":5,"expansion":null,"file_name":"gameplay_sim/src/input/input_config.rs","is_primary":true,"label":null,"line_end":54,"line_start":54,"suggested_replacement":null,"suggestion_applicability":null,"text":[{"highlight_end":17,"highlight_start":5,"text":"    use_fallback: bool,"}]}]}}
{"reason":"compiler-message","package_id":"path+file:///Users/bradyjeong/Documents/Projects/Amp/gta4/gta_game/gameplay_sim#0.1.0","manifest_path":"/Users/bradyjeong/Documents/Projects/Amp/gta4/gta_game/gameplay_sim/Cargo.toml","target":{"kind":["lib"],"crate_types":["lib"],"name":"gameplay_sim","src_path":"/Users/bradyjeong/Documents/Projects/Amp/gta4/gta_game/gameplay_sim/src/lib.rs","edition":"2021","doc":true,"doctest":true,"test":true},"message":{"rendered":"warning: multiple methods are never used\n   --> gameplay_sim/src/input/input_config.rs:126:12\n    |\n125 | impl InputConfig {\n    | ---------------- methods in this implementation\n126 |     pub fn get_key_for_action(&self, state: &GameState, action: InputAction) -> Option<KeyCode> {\n    |            ^^^^^^^^^^^^^^^^^^\n...\n133 |     pub fn set_key_for_action(&mut self, state: GameState, action: InputAction, key: KeyCode) -> Result<(), String> {\n    |            ^^^^^^^^^^^^^^^^^^\n...\n151 |     pub fn reset_to_defaults(&mut self) {\n    |            ^^^^^^^^^^^^^^^^^\n...\n155 |     pub fn enable_fallback(&mut self) {\n    |            ^^^^^^^^^^^^^^^\n...\n159 |     pub fn disable_fallback(&mut self) {\n    |            ^^^^^^^^^^^^^^^^\n...\n163 |     pub fn is_fallback_enabled(&self) -> bool {\n    |            ^^^^^^^^^^^^^^^^^^^\n...\n168 |     pub fn get_state_bindings(&self, state: &GameState) -> Option<&HashMap<InputAction, KeyCode>> {\n    |            ^^^^^^^^^^^^^^^^^^\n...\n173 |     pub fn is_action_available(&self, state: &GameState, action: InputAction) -> bool {\n    |            ^^^^^^^^^^^^^^^^^^^\n\n","$message_type":"diagnostic","children":[],"code":{"code":"dead_code","explanation":null},"level":"warning","message":"multiple methods are never used","spans":[{"byte_end":5322,"byte_start":5306,"column_end":17,"column_start":1,"expansion":null,"file_name":"gameplay_sim/src/input/input_config.rs","is_primary":false,"label":"methods in this implementation","line_end":125,"line_start":125,"suggested_replacement":null,"suggestion_applicability":null,"text":[{"highlight_end":17,"highlight_start":1,"text":"impl InputConfig {"}]},{"byte_end":5354,"byte_start":5336,"column_end":30,"column_start":12,"expansion":null,"file_name":"gameplay_sim/src/input/input_config.rs","is_primary":true,"label":null,"line_end":126,"line_start":126,"suggested_replacement":null,"suggestion_applicability":null,"text":[{"highlight_end":30,"highlight_start":12,"text":"    pub fn get_key_for_action(&self, state: &GameState, action: InputAction) -> Option<KeyCode> {"}]},{"byte_end":5599,"byte_start":5581,"column_end":30,"column_start":12,"expansion":null,"file_name":"gameplay_sim/src/input/input_config.rs","is_primary":true,"label":null,"line_end":133,"line_start":133,"suggested_replacement":null,"suggestion_applicability":null,"text":[{"highlight_end":30,"highlight_start":12,"text":"    pub fn set_key_for_action(&mut self, state: GameState, action: InputAction, key: KeyCode) -> Result<(), String> {"}]},{"byte_end":6312,"byte_start":6295,"column_end":29,"column_start":12,"expansion":null,"file_name":"gameplay_sim/src/input/input_config.rs","is_primary":true,"label":null,"line_end":151,"line_start":151,"suggested_replacement":null,"suggestion_applicability":null,"text":[{"highlight_end":29,"highlight_start":12,"text":"    pub fn reset_to_defaults(&mut self) {"}]},{"byte_end":6403,"byte_start":6388,"column_end":27,"column_start":12,"expansion":null,"file_name":"gameplay_sim/src/input/input_config.rs","is_primary":true,"label":null,"line_end":155,"line_start":155,"suggested_replacement":null,"suggestion_applicability":null,"text":[{"highlight_end":27,"highlight_start":12,"text":"    pub fn enable_fallback(&mut self) {"}]},{"byte_end":6489,"byte_start":6473,"column_end":28,"column_start":12,"expansion":null,"file_name":"gameplay_sim/src/input/input_config.rs","is_primary":true,"label":null,"line_end":159,"line_start":159,"suggested_replacement":null,"suggestion_applicability":null,"text":[{"highlight_end":28,"highlight_start":12,"text":"    pub fn disable_fallback(&mut self) {"}]},{"byte_end":6579,"byte_start":6560,"column_end":31,"column_start":12,"expansion":null,"file_name":"gameplay_sim/src/input/input_config.rs","is_primary":true,"label":null,"line_end":163,"line_start":163,"suggested_replacement":null,"suggestion_applicability":null,"text":[{"highlight_end":31,"highlight_start":12,"text":"    pub fn is_fallback_enabled(&self) -> bool {"}]},{"byte_end":6709,"byte_start":6691,"column_end":30,"column_start":12,"expansion":null,"file_name":"gameplay_sim/src/input/input_config.rs","is_primary":true,"label":null,"line_end":168,"line_start":168,"suggested_replacement":null,"suggestion_applicability":null,"text":[{"highlight_end":30,"highlight_start":12,"text":"    pub fn get_state_bindings(&self, state: &GameState) -> Option<&HashMap<InputAction, KeyCode>> {"}]},{"byte_end":6911,"byte_start":6892,"column_end":31,"column_start":12,"expansion":null,"file_name":"gameplay_sim/src/input/input_config.rs","is_primary":true,"label":null,"line_end":173,"line_start":173,"suggested_replacement":null,"suggestion_applicability":null,"text":[{"highlight_end":31,"highlight_start":12,"text":"    pub fn is_action_available(&self, state: &GameState, action: InputAction) -> bool {"}]}]}}
{"reason":"compiler-message","package_id":"path+file:///Users/bradyjeong/Documents/Projects/Amp/gta4/gta_game/gameplay_sim#0.1.0","manifest_path":"/Users/bradyjeong/Documents/Projects/Amp/gta4/gta_game/gameplay_sim/Cargo.toml","target":{"kind":["lib"],"crate_types":["lib"],"name":"gameplay_sim","src_path":"/Users/bradyjeong/Documents/Projects/Amp/gta4/gta_game/gameplay_sim/src/lib.rs","edition":"2021","doc":true,"doctest":true,"test":true},"message":{"rendered":"warning: fields `active_actions`, `just_pressed_actions`, `just_released_actions`, `last_process_time`, `max_process_time_us`, and `frame_count` are never read\n  --> gameplay_sim/src/input/input_manager.rs:21:5\n   |\n19 | pub struct InputManager {\n   |            ------------ fields in this struct\n20 |     // Track active actions this frame\n21 |     active_actions: HashSet<InputAction>,\n   |     ^^^^^^^^^^^^^^\n22 |     just_pressed_actions: HashSet<InputAction>,\n   |     ^^^^^^^^^^^^^^^^^^^^\n23 |     just_released_actions: HashSet<InputAction>,\n   |     ^^^^^^^^^^^^^^^^^^^^^\n...\n26 |     last_process_time: Option<Instant>,\n   |     ^^^^^^^^^^^^^^^^^\n27 |     max_process_time_us: u128,\n   |     ^^^^^^^^^^^^^^^^^^^\n28 |     frame_count: u64,\n   |     ^^^^^^^^^^^\n\n","$message_type":"diagnostic","children":[],"code":{"code":"dead_code","explanation":null},"level":"warning","message":"fields `active_actions`, `just_pressed_actions`, `just_released_actions`, `last_process_time`, `max_process_time_us`, and `frame_count` are never read","spans":[{"byte_end":815,"byte_start":803,"column_end":24,"column_start":12,"expansion":null,"file_name":"gameplay_sim/src/input/input_manager.rs","is_primary":false,"label":"fields in this struct","line_end":19,"line_start":19,"suggested_replacement":null,"suggestion_applicability":null,"text":[{"highlight_end":24,"highlight_start":12,"text":"pub struct InputManager {"}]},{"byte_end":875,"byte_start":861,"column_end":19,"column_start":5,"expansion":null,"file_name":"gameplay_sim/src/input/input_manager.rs","is_primary":true,"label":null,"line_end":21,"line_start":21,"suggested_replacement":null,"suggestion_applicability":null,"text":[{"highlight_end":19,"highlight_start":5,"text":"    active_actions: HashSet<InputAction>,"}]},{"byte_end":923,"byte_start":903,"column_end":25,"column_start":5,"expansion":null,"file_name":"gameplay_sim/src/input/input_manager.rs","is_primary":true,"label":null,"line_end":22,"line_start":22,"suggested_replacement":null,"suggestion_applicability":null,"text":[{"highlight_end":25,"highlight_start":5,"text":"    just_pressed_actions: HashSet<InputAction>,"}]},{"byte_end":972,"byte_start":951,"column_end":26,"column_start":5,"expansion":null,"file_name":"gameplay_sim/src/input/input_manager.rs","is_primary":true,"label":null,"line_end":23,"line_start":23,"suggested_replacement":null,"suggestion_applicability":null,"text":[{"highlight_end":26,"highlight_start":5,"text":"    just_released_actions: HashSet<InputAction>,"}]},{"byte_end":1052,"byte_start":1035,"column_end":22,"column_start":5,"expansion":null,"file_name":"gameplay_sim/src/input/input_manager.rs","is_primary":true,"label":null,"line_end":26,"line_start":26,"suggested_replacement":null,"suggestion_applicability":null,"text":[{"highlight_end":22,"highlight_start":5,"text":"    last_process_time: Option<Instant>,"}]},{"byte_end":1094,"byte_start":1075,"column_end":24,"column_start":5,"expansion":null,"file_name":"gameplay_sim/src/input/input_manager.rs","is_primary":true,"label":null,"line_end":27,"line_start":27,"suggested_replacement":null,"suggestion_applicability":null,"text":[{"highlight_end":24,"highlight_start":5,"text":"    max_process_time_us: u128,"}]},{"byte_end":1117,"byte_start":1106,"column_end":16,"column_start":5,"expansion":null,"file_name":"gameplay_sim/src/input/input_manager.rs","is_primary":true,"label":null,"line_end":28,"line_start":28,"suggested_replacement":null,"suggestion_applicability":null,"text":[{"highlight_end":16,"highlight_start":5,"text":"    frame_count: u64,"}]}]}}
{"reason":"compiler-message","package_id":"path+file:///Users/bradyjeong/Documents/Projects/Amp/gta4/gta_game/gameplay_sim#0.1.0","manifest_path":"/Users/bradyjeong/Documents/Projects/Amp/gta4/gta_game/gameplay_sim/Cargo.toml","target":{"kind":["lib"],"crate_types":["lib"],"name":"gameplay_sim","src_path":"/Users/bradyjeong/Documents/Projects/Amp/gta4/gta_game/gameplay_sim/src/lib.rs","edition":"2021","doc":true,"doctest":true,"test":true},"message":{"rendered":"warning: multiple methods are never used\n   --> gameplay_sim/src/input/input_manager.rs:33:12\n    |\n31  | impl InputManager {\n    | ----------------- methods in this implementation\n32  |     /// Process input for the current frame - PERFORMANCE CRITICAL <1ms\n33  |     pub fn process_input(\n    |            ^^^^^^^^^^^^^\n...\n85  |     fn process_fallback_input(\n    |        ^^^^^^^^^^^^^^^^^^^^^^\n...\n155 |     pub fn is_action_pressed(&self, action: InputAction) -> bool {\n    |            ^^^^^^^^^^^^^^^^^\n...\n160 |     pub fn is_action_just_pressed(&self, action: InputAction) -> bool {\n    |            ^^^^^^^^^^^^^^^^^^^^^^\n...\n165 |     pub fn is_action_just_released(&self, action: InputAction) -> bool {\n    |            ^^^^^^^^^^^^^^^^^^^^^^^\n...\n170 |     pub fn get_active_actions(&self) -> &HashSet<InputAction> {\n    |            ^^^^^^^^^^^^^^^^^^\n...\n175 |     pub fn get_performance_stats(&self) -> (u128, u64) {\n    |            ^^^^^^^^^^^^^^^^^^^^^\n...\n180 |     pub fn reset_performance_stats(&mut self) {\n    |            ^^^^^^^^^^^^^^^^^^^^^^^\n...\n186 |     pub fn clear_all_input(&mut self) {\n    |            ^^^^^^^^^^^^^^^\n\n","$message_type":"diagnostic","children":[],"code":{"code":"dead_code","explanation":null},"level":"warning","message":"multiple methods are never used","spans":[{"byte_end":1144,"byte_start":1127,"column_end":18,"column_start":1,"expansion":null,"file_name":"gameplay_sim/src/input/input_manager.rs","is_primary":false,"label":"methods in this implementation","line_end":31,"line_start":31,"suggested_replacement":null,"suggestion_applicability":null,"text":[{"highlight_end":18,"highlight_start":1,"text":"impl InputManager {"}]},{"byte_end":1243,"byte_start":1230,"column_end":25,"column_start":12,"expansion":null,"file_name":"gameplay_sim/src/input/input_manager.rs","is_primary":true,"label":null,"line_end":33,"line_start":33,"suggested_replacement":null,"suggestion_applicability":null,"text":[{"highlight_end":25,"highlight_start":12,"text":"    pub fn process_input("}]},{"byte_end":3250,"byte_start":3228,"column_end":30,"column_start":8,"expansion":null,"file_name":"gameplay_sim/src/input/input_manager.rs","is_primary":true,"label":null,"line_end":85,"line_start":85,"suggested_replacement":null,"suggestion_applicability":null,"text":[{"highlight_end":30,"highlight_start":8,"text":"    fn process_fallback_input("}]},{"byte_end":7710,"byte_start":7693,"column_end":29,"column_start":12,"expansion":null,"file_name":"gameplay_sim/src/input/input_manager.rs","is_primary":true,"label":null,"line_end":155,"line_start":155,"suggested_replacement":null,"suggestion_applicability":null,"text":[{"highlight_end":29,"highlight_start":12,"text":"    pub fn is_action_pressed(&self, action: InputAction) -> bool {"}]},{"byte_end":7894,"byte_start":7872,"column_end":34,"column_start":12,"expansion":null,"file_name":"gameplay_sim/src/input/input_manager.rs","is_primary":true,"label":null,"line_end":160,"line_start":160,"suggested_replacement":null,"suggestion_applicability":null,"text":[{"highlight_end":34,"highlight_start":12,"text":"    pub fn is_action_just_pressed(&self, action: InputAction) -> bool {"}]},{"byte_end":8086,"byte_start":8063,"column_end":35,"column_start":12,"expansion":null,"file_name":"gameplay_sim/src/input/input_manager.rs","is_primary":true,"label":null,"line_end":165,"line_start":165,"suggested_replacement":null,"suggestion_applicability":null,"text":[{"highlight_end":35,"highlight_start":12,"text":"    pub fn is_action_just_released(&self, action: InputAction) -> bool {"}]},{"byte_end":8259,"byte_start":8241,"column_end":30,"column_start":12,"expansion":null,"file_name":"gameplay_sim/src/input/input_manager.rs","is_primary":true,"label":null,"line_end":170,"line_start":170,"suggested_replacement":null,"suggestion_applicability":null,"text":[{"highlight_end":30,"highlight_start":12,"text":"    pub fn get_active_actions(&self) -> &HashSet<InputAction> {"}]},{"byte_end":8401,"byte_start":8380,"column_end":33,"column_start":12,"expansion":null,"file_name":"gameplay_sim/src/input/input_manager.rs","is_primary":true,"label":null,"line_end":175,"line_start":175,"suggested_replacement":null,"suggestion_applicability":null,"text":[{"highlight_end":33,"highlight_start":12,"text":"    pub fn get_performance_stats(&self) -> (u128, u64) {"}]},{"byte_end":8561,"byte_start":8538,"column_end":35,"column_start":12,"expansion":null,"file_name":"gameplay_sim/src/input/input_manager.rs","is_primary":true,"label":null,"line_end":180,"line_start":180,"suggested_replacement":null,"suggestion_applicability":null,"text":[{"highlight_end":35,"highlight_start":12,"text":"    pub fn reset_performance_stats(&mut self) {"}]},{"byte_end":8739,"byte_start":8724,"column_end":27,"column_start":12,"expansion":null,"file_name":"gameplay_sim/src/input/input_manager.rs","is_primary":true,"label":null,"line_end":186,"line_start":186,"suggested_replacement":null,"suggestion_applicability":null,"text":[{"highlight_end":27,"highlight_start":12,"text":"    pub fn clear_all_input(&mut self) {"}]}]}}
{"reason":"compiler-message","package_id":"path+file:///Users/bradyjeong/Documents/Projects/Amp/gta4/gta_game/gameplay_sim#0.1.0","manifest_path":"/Users/bradyjeong/Documents/Projects/Amp/gta4/gta_game/gameplay_sim/Cargo.toml","target":{"kind":["lib"],"crate_types":["lib"],"name":"gameplay_sim","src_path":"/Users/bradyjeong/Documents/Projects/Amp/gta4/gta_game/gameplay_sim/src/lib.rs","edition":"2021","doc":true,"doctest":true,"test":true},"message":{"rendered":"warning: function `process_input_system` is never used\n   --> gameplay_sim/src/input/input_manager.rs:194:8\n    |\n194 | pub fn process_input_system(\n    |        ^^^^^^^^^^^^^^^^^^^^\n\n","$message_type":"diagnostic","children":[],"code":{"code":"dead_code","explanation":null},"level":"warning","message":"function `process_input_system` is never used","spans":[{"byte_end":8952,"byte_start":8932,"column_end":28,"column_start":8,"expansion":null,"file_name":"gameplay_sim/src/input/input_manager.rs","is_primary":true,"label":null,"line_end":194,"line_start":194,"suggested_replacement":null,"suggestion_applicability":null,"text":[{"highlight_end":28,"highlight_start":8,"text":"pub fn process_input_system("}]}]}}
{"reason":"compiler-message","package_id":"path+file:///Users/bradyjeong/Documents/Projects/Amp/gta4/gta_game/gameplay_sim#0.1.0","manifest_path":"/Users/bradyjeong/Documents/Projects/Amp/gta4/gta_game/gameplay_sim/Cargo.toml","target":{"kind":["lib"],"crate_types":["lib"],"name":"gameplay_sim","src_path":"/Users/bradyjeong/Documents/Projects/Amp/gta4/gta_game/gameplay_sim/src/lib.rs","edition":"2021","doc":true,"doctest":true,"test":true},"message":{"rendered":"warning: multiple fields are never read\n   --> gameplay_sim/src/input/input_manager.rs:207:9\n    |\n205 | pub struct InputCompatLayer {\n    |            ---------------- fields in this struct\n206 |     // Cache the last input state for backwards compatibility\n207 |     pub arrow_up: bool,\n    |         ^^^^^^^^\n208 |     pub arrow_down: bool,\n    |         ^^^^^^^^^^\n209 |     pub arrow_left: bool,\n    |         ^^^^^^^^^^\n210 |     pub arrow_right: bool,\n    |         ^^^^^^^^^^^\n211 |     pub shift_left: bool,\n    |         ^^^^^^^^^^\n212 |     pub control_left: bool,\n    |         ^^^^^^^^^^^^\n213 |     pub space: bool,\n    |         ^^^^^\n214 |     pub key_f: bool,\n    |         ^^^^^\n215 |     pub key_w: bool,\n    |         ^^^^^\n216 |     pub key_s: bool,\n    |         ^^^^^\n217 |     pub key_a: bool,\n    |         ^^^^^\n218 |     pub key_d: bool,\n    |         ^^^^^\n219 |     pub key_q: bool,\n    |         ^^^^^\n220 |     pub key_e: bool,\n    |         ^^^^^\n221 |     pub f1: bool,\n    |         ^^\n222 |     pub f2: bool,\n    |         ^^\n...\n225 |     pub f_just_pressed: bool,\n    |         ^^^^^^^^^^^^^^\n226 |     pub f1_just_pressed: bool,\n    |         ^^^^^^^^^^^^^^^\n227 |     pub f2_just_pressed: bool,\n    |         ^^^^^^^^^^^^^^^\n\n","$message_type":"diagnostic","children":[],"code":{"code":"dead_code","explanation":null},"level":"warning","message":"multiple fields are never read","spans":[{"byte_end":9328,"byte_start":9312,"column_end":28,"column_start":12,"expansion":null,"file_name":"gameplay_sim/src/input/input_manager.rs","is_primary":false,"label":"fields in this struct","line_end":205,"line_start":205,"suggested_replacement":null,"suggestion_applicability":null,"text":[{"highlight_end":28,"highlight_start":12,"text":"pub struct InputCompatLayer {"}]},{"byte_end":9409,"byte_start":9401,"column_end":17,"column_start":9,"expansion":null,"file_name":"gameplay_sim/src/input/input_manager.rs","is_primary":true,"label":null,"line_end":207,"line_start":207,"suggested_replacement":null,"suggestion_applicability":null,"text":[{"highlight_end":17,"highlight_start":9,"text":"    pub arrow_up: bool,"}]},{"byte_end":9435,"byte_start":9425,"column_end":19,"column_start":9,"expansion":null,"file_name":"gameplay_sim/src/input/input_manager.rs","is_primary":true,"label":null,"line_end":208,"line_start":208,"suggested_replacement":null,"suggestion_applicability":null,"text":[{"highlight_end":19,"highlight_start":9,"text":"    pub arrow_down: bool,"}]},{"byte_end":9461,"byte_start":9451,"column_end":19,"column_start":9,"expansion":null,"file_name":"gameplay_sim/src/input/input_manager.rs","is_primary":true,"label":null,"line_end":209,"line_start":209,"suggested_replacement":null,"suggestion_applicability":null,"text":[{"highlight_end":19,"highlight_start":9,"text":"    pub arrow_left: bool,"}]},{"byte_end":9488,"byte_start":9477,"column_end":20,"column_start":9,"expansion":null,"file_name":"gameplay_sim/src/input/input_manager.rs","is_primary":true,"label":null,"line_end":210,"line_start":210,"suggested_replacement":null,"suggestion_applicability":null,"text":[{"highlight_end":20,"highlight_start":9,"text":"    pub arrow_right: bool,"}]},{"byte_end":9514,"byte_start":9504,"column_end":19,"column_start":9,"expansion":null,"file_name":"gameplay_sim/src/input/input_manager.rs","is_primary":true,"label":null,"line_end":211,"line_start":211,"suggested_replacement":null,"suggestion_applicability":null,"text":[{"highlight_end":19,"highlight_start":9,"text":"    pub shift_left: bool,"}]},{"byte_end":9542,"byte_start":9530,"column_end":21,"column_start":9,"expansion":null,"file_name":"gameplay_sim/src/input/input_manager.rs","is_primary":true,"label":null,"line_end":212,"line_start":212,"suggested_replacement":null,"suggestion_applicability":null,"text":[{"highlight_end":21,"highlight_start":9,"text":"    pub control_left: bool,"}]},{"byte_end":9563,"byte_start":9558,"column_end":14,"column_start":9,"expansion":null,"file_name":"gameplay_sim/src/input/input_manager.rs","is_primary":true,"label":null,"line_end":213,"line_start":213,"suggested_replacement":null,"suggestion_applicability":null,"text":[{"highlight_end":14,"highlight_start":9,"text":"    pub space: bool,"}]},{"byte_end":9584,"byte_start":9579,"column_end":14,"column_start":9,"expansion":null,"file_name":"gameplay_sim/src/input/input_manager.rs","is_primary":true,"label":null,"line_end":214,"line_start":214,"suggested_replacement":null,"suggestion_applicability":null,"text":[{"highlight_end":14,"highlight_start":9,"text":"    pub key_f: bool,"}]},{"byte_end":9605,"byte_start":9600,"column_end":14,"column_start":9,"expansion":null,"file_name":"gameplay_sim/src/input/input_manager.rs","is_primary":true,"label":null,"line_end":215,"line_start":215,"suggested_replacement":null,"suggestion_applicability":null,"text":[{"highlight_end":14,"highlight_start":9,"text":"    pub key_w: bool,"}]},{"byte_end":9626,"byte_start":9621,"column_end":14,"column_start":9,"expansion":null,"file_name":"gameplay_sim/src/input/input_manager.rs","is_primary":true,"label":null,"line_end":216,"line_start":216,"suggested_replacement":null,"suggestion_applicability":null,"text":[{"highlight_end":14,"highlight_start":9,"text":"    pub key_s: bool,"}]},{"byte_end":9647,"byte_start":9642,"column_end":14,"column_start":9,"expansion":null,"file_name":"gameplay_sim/src/input/input_manager.rs","is_primary":true,"label":null,"line_end":217,"line_start":217,"suggested_replacement":null,"suggestion_applicability":null,"text":[{"highlight_end":14,"highlight_start":9,"text":"    pub key_a: bool,"}]},{"byte_end":9668,"byte_start":9663,"column_end":14,"column_start":9,"expansion":null,"file_name":"gameplay_sim/src/input/input_manager.rs","is_primary":true,"label":null,"line_end":218,"line_start":218,"suggested_replacement":null,"suggestion_applicability":null,"text":[{"highlight_end":14,"highlight_start":9,"text":"    pub key_d: bool,"}]},{"byte_end":9689,"byte_start":9684,"column_end":14,"column_start":9,"expansion":null,"file_name":"gameplay_sim/src/input/input_manager.rs","is_primary":true,"label":null,"line_end":219,"line_start":219,"suggested_replacement":null,"suggestion_applicability":null,"text":[{"highlight_end":14,"highlight_start":9,"text":"    pub key_q: bool,"}]},{"byte_end":9710,"byte_start":9705,"column_end":14,"column_start":9,"expansion":null,"file_name":"gameplay_sim/src/input/input_manager.rs","is_primary":true,"label":null,"line_end":220,"line_start":220,"suggested_replacement":null,"suggestion_applicability":null,"text":[{"highlight_end":14,"highlight_start":9,"text":"    pub key_e: bool,"}]},{"byte_end":9728,"byte_start":9726,"column_end":11,"column_start":9,"expansion":null,"file_name":"gameplay_sim/src/input/input_manager.rs","is_primary":true,"label":null,"line_end":221,"line_start":221,"suggested_replacement":null,"suggestion_applicability":null,"text":[{"highlight_end":11,"highlight_start":9,"text":"    pub f1: bool,"}]},{"byte_end":9746,"byte_start":9744,"column_end":11,"column_start":9,"expansion":null,"file_name":"gameplay_sim/src/input/input_manager.rs","is_primary":true,"label":null,"line_end":222,"line_start":222,"suggested_replacement":null,"suggestion_applicability":null,"text":[{"highlight_end":11,"highlight_start":9,"text":"    pub f2: bool,"}]},{"byte_end":9808,"byte_start":9794,"column_end":23,"column_start":9,"expansion":null,"file_name":"gameplay_sim/src/input/input_manager.rs","is_primary":true,"label":null,"line_end":225,"line_start":225,"suggested_replacement":null,"suggestion_applicability":null,"text":[{"highlight_end":23,"highlight_start":9,"text":"    pub f_just_pressed: bool,"}]},{"byte_end":9839,"byte_start":9824,"column_end":24,"column_start":9,"expansion":null,"file_name":"gameplay_sim/src/input/input_manager.rs","is_primary":true,"label":null,"line_end":226,"line_start":226,"suggested_replacement":null,"suggestion_applicability":null,"text":[{"highlight_end":24,"highlight_start":9,"text":"    pub f1_just_pressed: bool,"}]},{"byte_end":9870,"byte_start":9855,"column_end":24,"column_start":9,"expansion":null,"file_name":"gameplay_sim/src/input/input_manager.rs","is_primary":true,"label":null,"line_end":227,"line_start":227,"suggested_replacement":null,"suggestion_applicability":null,"text":[{"highlight_end":24,"highlight_start":9,"text":"    pub f2_just_pressed: bool,"}]}]}}
{"reason":"compiler-message","package_id":"path+file:///Users/bradyjeong/Documents/Projects/Amp/gta4/gta_game/gameplay_sim#0.1.0","manifest_path":"/Users/bradyjeong/Documents/Projects/Amp/gta4/gta_game/gameplay_sim/Cargo.toml","target":{"kind":["lib"],"crate_types":["lib"],"name":"gameplay_sim","src_path":"/Users/bradyjeong/Documents/Projects/Amp/gta4/gta_game/gameplay_sim/src/lib.rs","edition":"2021","doc":true,"doctest":true,"test":true},"message":{"rendered":"warning: function `update_input_compat_layer` is never used\n   --> gameplay_sim/src/input/input_manager.rs:257:8\n    |\n257 | pub fn update_input_compat_layer(\n    |        ^^^^^^^^^^^^^^^^^^^^^^^^^\n\n","$message_type":"diagnostic","children":[],"code":{"code":"dead_code","explanation":null},"level":"warning","message":"function `update_input_compat_layer` is never used","spans":[{"byte_end":10609,"byte_start":10584,"column_end":33,"column_start":8,"expansion":null,"file_name":"gameplay_sim/src/input/input_manager.rs","is_primary":true,"label":null,"line_end":257,"line_start":257,"suggested_replacement":null,"suggestion_applicability":null,"text":[{"highlight_end":33,"highlight_start":8,"text":"pub fn update_input_compat_layer("}]}]}}
{"reason":"compiler-message","package_id":"path+file:///Users/bradyjeong/Documents/Projects/Amp/gta4/gta_game/gameplay_sim#0.1.0","manifest_path":"/Users/bradyjeong/Documents/Projects/Amp/gta4/gta_game/gameplay_sim/Cargo.toml","target":{"kind":["lib"],"crate_types":["lib"],"name":"gameplay_sim","src_path":"/Users/bradyjeong/Documents/Projects/Amp/gta4/gta_game/gameplay_sim/src/lib.rs","edition":"2021","doc":true,"doctest":true,"test":true},"message":{"rendered":"warning: fields `description` and `category` are never read\n  --> gameplay_sim/src/input/vehicle_control_config.rs:37:9\n   |\n34 | pub struct ControlBinding {\n   |            -------------- fields in this struct\n...\n37 |     pub description: String,\n   |         ^^^^^^^^^^^\n38 |     pub category: ControlCategory,\n   |         ^^^^^^^^\n   |\n   = note: `ControlBinding` has derived impls for the traits `Clone` and `Debug`, but these are intentionally ignored during dead code analysis\n\n","$message_type":"diagnostic","children":[{"children":[],"code":null,"level":"note","message":"`ControlBinding` has derived impls for the traits `Clone` and `Debug`, but these are intentionally ignored during dead code analysis","rendered":null,"spans":[]}],"code":{"code":"dead_code","explanation":null},"level":"warning","message":"fields `description` and `category` are never read","spans":[{"byte_end":1093,"byte_start":1079,"column_end":26,"column_start":12,"expansion":null,"file_name":"gameplay_sim/src/input/vehicle_control_config.rs","is_primary":false,"label":"fields in this struct","line_end":34,"line_start":34,"suggested_replacement":null,"suggestion_applicability":null,"text":[{"highlight_end":26,"highlight_start":12,"text":"pub struct ControlBinding {"}]},{"byte_end":1166,"byte_start":1155,"column_end":20,"column_start":9,"expansion":null,"file_name":"gameplay_sim/src/input/vehicle_control_config.rs","is_primary":true,"label":null,"line_end":37,"line_start":37,"suggested_replacement":null,"suggestion_applicability":null,"text":[{"highlight_end":20,"highlight_start":9,"text":"    pub description: String,"}]},{"byte_end":1192,"byte_start":1184,"column_end":17,"column_start":9,"expansion":null,"file_name":"gameplay_sim/src/input/vehicle_control_config.rs","is_primary":true,"label":null,"line_end":38,"line_start":38,"suggested_replacement":null,"suggestion_applicability":null,"text":[{"highlight_end":17,"highlight_start":9,"text":"    pub category: ControlCategory,"}]}]}}
{"reason":"compiler-message","package_id":"path+file:///Users/bradyjeong/Documents/Projects/Amp/gta4/gta_game/gameplay_sim#0.1.0","manifest_path":"/Users/bradyjeong/Documents/Projects/Amp/gta4/gta_game/gameplay_sim/Cargo.toml","target":{"kind":["lib"],"crate_types":["lib"],"name":"gameplay_sim","src_path":"/Users/bradyjeong/Documents/Projects/Amp/gta4/gta_game/gameplay_sim/src/lib.rs","edition":"2021","doc":true,"doctest":true,"test":true},"message":{"rendered":"warning: multiple associated items are never used\n   --> gameplay_sim/src/input/vehicle_control_config.rs:408:12\n    |\n62  | impl VehicleControlConfig {\n    | ------------------------- associated items in this implementation\n...\n408 |     pub fn get_key_for_vehicle_action(&self, vehicle_type: VehicleType, action: InputAction) -> Option<KeyCode> {\n    |            ^^^^^^^^^^^^^^^^^^^^^^^^^^\n...\n416 |     pub fn get_vehicle_controls(&self, vehicle_type: VehicleType) -> Option<&Vec<ControlBinding>> {\n    |            ^^^^^^^^^^^^^^^^^^^^\n...\n421 |     pub fn get_vehicle_controls_by_category(&self, vehicle_type: VehicleType, category: ControlCategory) -> Vec<&ControlBinding> {\n    |            ^^^^^^^^^^^^^^^^^^^^^^^^^^^^^^^^\n...\n433 |     pub fn get_available_actions(&self, vehicle_type: VehicleType) -> Vec<InputAction> {\n    |            ^^^^^^^^^^^^^^^^^^^^^\n...\n441 |     pub fn is_action_available_for_vehicle(&self, vehicle_type: VehicleType, action: InputAction) -> bool {\n    |            ^^^^^^^^^^^^^^^^^^^^^^^^^^^^^^^\n...\n449 |     pub fn game_state_to_vehicle_type(state: &GameState) -> VehicleType {\n    |            ^^^^^^^^^^^^^^^^^^^^^^^^^^\n...\n459 |     pub fn get_controls_for_state(&self, state: &GameState) -> Option<&Vec<ControlBinding>> {\n    |            ^^^^^^^^^^^^^^^^^^^^^^\n...\n465 |     pub fn update_control(&mut self, vehicle_type: VehicleType, action: InputAction, new_key: KeyCode) -> Result<(), String> {\n    |            ^^^^^^^^^^^^^^\n...\n488 |     pub fn add_control(&mut self, vehicle_type: VehicleType, binding: ControlBinding) -> Result<(), String> {\n    |            ^^^^^^^^^^^\n...\n512 |     pub fn get_control_help(&self, vehicle_type: VehicleType) -> HashMap<ControlCategory, Vec<String>> {\n    |            ^^^^^^^^^^^^^^^^\n...\n528 |     pub fn reset_to_defaults(&mut self) {\n    |            ^^^^^^^^^^^^^^^^^\n\n","$message_type":"diagnostic","children":[],"code":{"code":"dead_code","explanation":null},"level":"warning","message":"multiple associated items are never used","spans":[{"byte_end":1864,"byte_start":1839,"column_end":26,"column_start":1,"expansion":null,"file_name":"gameplay_sim/src/input/vehicle_control_config.rs","is_primary":false,"label":"associated items in this implementation","line_end":62,"line_start":62,"suggested_replacement":null,"suggestion_applicability":null,"text":[{"highlight_end":26,"highlight_start":1,"text":"impl VehicleControlConfig {"}]},{"byte_end":15553,"byte_start":15527,"column_end":38,"column_start":12,"expansion":null,"file_name":"gameplay_sim/src/input/vehicle_control_config.rs","is_primary":true,"label":null,"line_end":408,"line_start":408,"suggested_replacement":null,"suggestion_applicability":null,"text":[{"highlight_end":38,"highlight_start":12,"text":"    pub fn get_key_for_vehicle_action(&self, vehicle_type: VehicleType, action: InputAction) -> Option<KeyCode> {"}]},{"byte_end":15877,"byte_start":15857,"column_end":32,"column_start":12,"expansion":null,"file_name":"gameplay_sim/src/input/vehicle_control_config.rs","is_primary":true,"label":null,"line_end":416,"line_start":416,"suggested_replacement":null,"suggestion_applicability":null,"text":[{"highlight_end":32,"highlight_start":12,"text":"    pub fn get_vehicle_controls(&self, vehicle_type: VehicleType) -> Option<&Vec<ControlBinding>> {"}]},{"byte_end":16091,"byte_start":16059,"column_end":44,"column_start":12,"expansion":null,"file_name":"gameplay_sim/src/input/vehicle_control_config.rs","is_primary":true,"label":null,"line_end":421,"line_start":421,"suggested_replacement":null,"suggestion_applicability":null,"text":[{"highlight_end":44,"highlight_start":12,"text":"    pub fn get_vehicle_controls_by_category(&self, vehicle_type: VehicleType, category: ControlCategory) -> Vec<&ControlBinding> {"}]},{"byte_end":16546,"byte_start":16525,"column_end":33,"column_start":12,"expansion":null,"file_name":"gameplay_sim/src/input/vehicle_control_config.rs","is_primary":true,"label":null,"line_end":433,"line_start":433,"suggested_replacement":null,"suggestion_applicability":null,"text":[{"highlight_end":33,"highlight_start":12,"text":"    pub fn get_available_actions(&self, vehicle_type: VehicleType) -> Vec<InputAction> {"}]},{"byte_end":16883,"byte_start":16852,"column_end":43,"column_start":12,"expansion":null,"file_name":"gameplay_sim/src/input/vehicle_control_config.rs","is_primary":true,"label":null,"line_end":441,"line_start":441,"suggested_replacement":null,"suggestion_applicability":null,"text":[{"highlight_end":43,"highlight_start":12,"text":"    pub fn is_action_available_for_vehicle(&self, vehicle_type: VehicleType, action: InputAction) -> bool {"}]},{"byte_end":17204,"byte_start":17178,"column_end":38,"column_start":12,"expansion":null,"file_name":"gameplay_sim/src/input/vehicle_control_config.rs","is_primary":true,"label":null,"line_end":449,"line_start":449,"suggested_replacement":null,"suggestion_applicability":null,"text":[{"highlight_end":38,"highlight_start":12,"text":"    pub fn game_state_to_vehicle_type(state: &GameState) -> VehicleType {"}]},{"byte_end":17635,"byte_start":17613,"column_end":34,"column_start":12,"expansion":null,"file_name":"gameplay_sim/src/input/vehicle_control_config.rs","is_primary":true,"label":null,"line_end":459,"line_start":459,"suggested_replacement":null,"suggestion_applicability":null,"text":[{"highlight_end":34,"highlight_start":12,"text":"    pub fn get_controls_for_state(&self, state: &GameState) -> Option<&Vec<ControlBinding>> {"}]},{"byte_end":17900,"byte_start":17886,"column_end":26,"column_start":12,"expansion":null,"file_name":"gameplay_sim/src/input/vehicle_control_config.rs","is_primary":true,"label":null,"line_end":465,"line_start":465,"suggested_replacement":null,"suggestion_applicability":null,"text":[{"highlight_end":26,"highlight_start":12,"text":"    pub fn update_control(&mut self, vehicle_type: VehicleType, action: InputAction, new_key: KeyCode) -> Result<(), String> {"}]},{"byte_end":18939,"byte_start":18928,"column_end":23,"column_start":12,"expansion":null,"file_name":"gameplay_sim/src/input/vehicle_control_config.rs","is_primary":true,"label":null,"line_end":488,"line_start":488,"suggested_replacement":null,"suggestion_applicability":null,"text":[{"highlight_end":23,"highlight_start":12,"text":"    pub fn add_control(&mut self, vehicle_type: VehicleType, binding: ControlBinding) -> Result<(), String> {"}]},{"byte_end":19904,"byte_start":19888,"column_end":28,"column_start":12,"expansion":null,"file_name":"gameplay_sim/src/input/vehicle_control_config.rs","is_primary":true,"label":null,"line_end":512,"line_start":512,"suggested_replacement":null,"suggestion_applicability":null,"text":[{"highlight_end":28,"highlight_start":12,"text":"    pub fn get_control_help(&self, vehicle_type: VehicleType) -> HashMap<ControlCategory, Vec<String>> {"}]},{"byte_end":20473,"byte_start":20456,"column_end":29,"column_start":12,"expansion":null,"file_name":"gameplay_sim/src/input/vehicle_control_config.rs","is_primary":true,"label":null,"line_end":528,"line_start":528,"suggested_replacement":null,"suggestion_applicability":null,"text":[{"highlight_end":29,"highlight_start":12,"text":"    pub fn reset_to_defaults(&mut self) {"}]}]}}
{"reason":"compiler-message","package_id":"path+file:///Users/bradyjeong/Documents/Projects/Amp/gta4/gta_game/gameplay_sim#0.1.0","manifest_path":"/Users/bradyjeong/Documents/Projects/Amp/gta4/gta_game/gameplay_sim/Cargo.toml","target":{"kind":["lib"],"crate_types":["lib"],"name":"gameplay_sim","src_path":"/Users/bradyjeong/Documents/Projects/Amp/gta4/gta_game/gameplay_sim/src/lib.rs","edition":"2021","doc":true,"doctest":true,"test":true},"message":{"rendered":"warning: multiple variants are never constructed\n  --> gameplay_sim/src/input/control_manager.rs:28:5\n   |\n26 | pub enum ControlAction {\n   |          ------------- variants in this enum\n27 |     // Movement\n28 |     Accelerate,\n   |     ^^^^^^^^^^\n29 |     Brake,\n   |     ^^^^^\n30 |     Steer,\n   |     ^^^^^\n...\n33 |     Pitch,\n   |     ^^^^^\n34 |     Roll,\n   |     ^^^^\n35 |     Yaw,\n   |     ^^^\n36 |     Throttle,\n   |     ^^^^^^^^\n...\n39 |     Turbo,\n   |     ^^^^^\n40 |     Afterburner,\n   |     ^^^^^^^^^^^\n41 |     EmergencyBrake,\n   |     ^^^^^^^^^^^^^^\n...\n44 |     NPCMove,\n   |     ^^^^^^^\n45 |     NPCTurn,\n   |     ^^^^^^^\n46 |     NPCWander,\n   |     ^^^^^^^^^\n...\n49 |     Interact,\n   |     ^^^^^^^^\n50 |     DebugInfo,\n   |     ^^^^^^^^^\n51 |     EmergencyReset,\n   |     ^^^^^^^^^^^^^^\n   |\n   = note: `ControlAction` has derived impls for the traits `Clone` and `Debug`, but these are intentionally ignored during dead code analysis\n\n","$message_type":"diagnostic","children":[{"children":[],"code":null,"level":"note","message":"`ControlAction` has derived impls for the traits `Clone` and `Debug`, but these are intentionally ignored during dead code analysis","rendered":null,"spans":[]}],"code":{"code":"dead_code","explanation":null},"level":"warning","message":"multiple variants are never constructed","spans":[{"byte_end":1208,"byte_start":1195,"column_end":23,"column_start":10,"expansion":null,"file_name":"gameplay_sim/src/input/control_manager.rs","is_primary":false,"label":"variants in this enum","line_end":26,"line_start":26,"suggested_replacement":null,"suggestion_applicability":null,"text":[{"highlight_end":23,"highlight_start":10,"text":"pub enum ControlAction {"}]},{"byte_end":1241,"byte_start":1231,"column_end":15,"column_start":5,"expansion":null,"file_name":"gameplay_sim/src/input/control_manager.rs","is_primary":true,"label":null,"line_end":28,"line_start":28,"suggested_replacement":null,"suggestion_applicability":null,"text":[{"highlight_end":15,"highlight_start":5,"text":"    Accelerate,"}]},{"byte_end":1252,"byte_start":1247,"column_end":10,"column_start":5,"expansion":null,"file_name":"gameplay_sim/src/input/control_manager.rs","is_primary":true,"label":null,"line_end":29,"line_start":29,"suggested_replacement":null,"suggestion_applicability":null,"text":[{"highlight_end":10,"highlight_start":5,"text":"    Brake,"}]},{"byte_end":1263,"byte_start":1258,"column_end":10,"column_start":5,"expansion":null,"file_name":"gameplay_sim/src/input/control_manager.rs","is_primary":true,"label":null,"line_end":30,"line_start":30,"suggested_replacement":null,"suggestion_applicability":null,"text":[{"highlight_end":10,"highlight_start":5,"text":"    Steer,"}]},{"byte_end":1317,"byte_start":1312,"column_end":10,"column_start":5,"expansion":null,"file_name":"gameplay_sim/src/input/control_manager.rs","is_primary":true,"label":null,"line_end":33,"line_start":33,"suggested_replacement":null,"suggestion_applicability":null,"text":[{"highlight_end":10,"highlight_start":5,"text":"    Pitch,"}]},{"byte_end":1327,"byte_start":1323,"column_end":9,"column_start":5,"expansion":null,"file_name":"gameplay_sim/src/input/control_manager.rs","is_primary":true,"label":null,"line_end":34,"line_start":34,"suggested_replacement":null,"suggestion_applicability":null,"text":[{"highlight_end":9,"highlight_start":5,"text":"    Roll,"}]},{"byte_end":1336,"byte_start":1333,"column_end":8,"column_start":5,"expansion":null,"file_name":"gameplay_sim/src/input/control_manager.rs","is_primary":true,"label":null,"line_end":35,"line_start":35,"suggested_replacement":null,"suggestion_applicability":null,"text":[{"highlight_end":8,"highlight_start":5,"text":"    Yaw,"}]},{"byte_end":1350,"byte_start":1342,"column_end":13,"column_start":5,"expansion":null,"file_name":"gameplay_sim/src/input/control_manager.rs","is_primary":true,"label":null,"line_end":36,"line_start":36,"suggested_replacement":null,"suggestion_applicability":null,"text":[{"highlight_end":13,"highlight_start":5,"text":"    Throttle,"}]},{"byte_end":1381,"byte_start":1376,"column_end":10,"column_start":5,"expansion":null,"file_name":"gameplay_sim/src/input/control_manager.rs","is_primary":true,"label":null,"line_end":39,"line_start":39,"suggested_replacement":null,"suggestion_applicability":null,"text":[{"highlight_end":10,"highlight_start":5,"text":"    Turbo,"}]},{"byte_end":1398,"byte_start":1387,"column_end":16,"column_start":5,"expansion":null,"file_name":"gameplay_sim/src/input/control_manager.rs","is_primary":true,"label":null,"line_end":40,"line_start":40,"suggested_replacement":null,"suggestion_applicability":null,"text":[{"highlight_end":16,"highlight_start":5,"text":"    Afterburner,"}]},{"byte_end":1418,"byte_start":1404,"column_end":19,"column_start":5,"expansion":null,"file_name":"gameplay_sim/src/input/control_manager.rs","is_primary":true,"label":null,"line_end":41,"line_start":41,"suggested_replacement":null,"suggestion_applicability":null,"text":[{"highlight_end":19,"highlight_start":5,"text":"    EmergencyBrake,"}]},{"byte_end":1458,"byte_start":1451,"column_end":12,"column_start":5,"expansion":null,"file_name":"gameplay_sim/src/input/control_manager.rs","is_primary":true,"label":null,"line_end":44,"line_start":44,"suggested_replacement":null,"suggestion_applicability":null,"text":[{"highlight_end":12,"highlight_start":5,"text":"    NPCMove,"}]},{"byte_end":1471,"byte_start":1464,"column_end":12,"column_start":5,"expansion":null,"file_name":"gameplay_sim/src/input/control_manager.rs","is_primary":true,"label":null,"line_end":45,"line_start":45,"suggested_replacement":null,"suggestion_applicability":null,"text":[{"highlight_end":12,"highlight_start":5,"text":"    NPCTurn,"}]},{"byte_end":1486,"byte_start":1477,"column_end":14,"column_start":5,"expansion":null,"file_name":"gameplay_sim/src/input/control_manager.rs","is_primary":true,"label":null,"line_end":46,"line_start":46,"suggested_replacement":null,"suggestion_applicability":null,"text":[{"highlight_end":14,"highlight_start":5,"text":"    NPCWander,"}]},{"byte_end":1524,"byte_start":1516,"column_end":13,"column_start":5,"expansion":null,"file_name":"gameplay_sim/src/input/control_manager.rs","is_primary":true,"label":null,"line_end":49,"line_start":49,"suggested_replacement":null,"suggestion_applicability":null,"text":[{"highlight_end":13,"highlight_start":5,"text":"    Interact,"}]},{"byte_end":1539,"byte_start":1530,"column_end":14,"column_start":5,"expansion":null,"file_name":"gameplay_sim/src/input/control_manager.rs","is_primary":true,"label":null,"line_end":50,"line_start":50,"suggested_replacement":null,"suggestion_applicability":null,"text":[{"highlight_end":14,"highlight_start":5,"text":"    DebugInfo,"}]},{"byte_end":1559,"byte_start":1545,"column_end":19,"column_start":5,"expansion":null,"file_name":"gameplay_sim/src/input/control_manager.rs","is_primary":true,"label":null,"line_end":51,"line_start":51,"suggested_replacement":null,"suggestion_applicability":null,"text":[{"highlight_end":19,"highlight_start":5,"text":"    EmergencyReset,"}]}]}}
{"reason":"compiler-message","package_id":"path+file:///Users/bradyjeong/Documents/Projects/Amp/gta4/gta_game/gameplay_sim#0.1.0","manifest_path":"/Users/bradyjeong/Documents/Projects/Amp/gta4/gta_game/gameplay_sim/Cargo.toml","target":{"kind":["lib"],"crate_types":["lib"],"name":"gameplay_sim","src_path":"/Users/bradyjeong/Documents/Projects/Amp/gta4/gta_game/gameplay_sim/src/lib.rs","edition":"2021","doc":true,"doctest":true,"test":true},"message":{"rendered":"warning: trait `Controllable` is never used\n  --> gameplay_sim/src/input/control_manager.rs:55:11\n   |\n55 | pub trait Controllable {\n   |           ^^^^^^^^^^^^\n\n","$message_type":"diagnostic","children":[],"code":{"code":"dead_code","explanation":null},"level":"warning","message":"trait `Controllable` is never used","spans":[{"byte_end":1632,"byte_start":1620,"column_end":23,"column_start":11,"expansion":null,"file_name":"gameplay_sim/src/input/control_manager.rs","is_primary":true,"label":null,"line_end":55,"line_start":55,"suggested_replacement":null,"suggestion_applicability":null,"text":[{"highlight_end":23,"highlight_start":11,"text":"pub trait Controllable {"}]}]}}
{"reason":"compiler-message","package_id":"path+file:///Users/bradyjeong/Documents/Projects/Amp/gta4/gta_game/gameplay_sim#0.1.0","manifest_path":"/Users/bradyjeong/Documents/Projects/Amp/gta4/gta_game/gameplay_sim/Cargo.toml","target":{"kind":["lib"],"crate_types":["lib"],"name":"gameplay_sim","src_path":"/Users/bradyjeong/Documents/Projects/Amp/gta4/gta_game/gameplay_sim/src/lib.rs","edition":"2021","doc":true,"doctest":true,"test":true},"message":{"rendered":"warning: variants `Player`, `Vehicle`, `SuperVehicle`, `Helicopter`, `Aircraft`, and `NPC` are never constructed\n  --> gameplay_sim/src/input/control_manager.rs:66:5\n   |\n65 | pub enum ControlEntityType {\n   |          ----------------- variants in this enum\n66 |     Player,\n   |     ^^^^^^\n67 |     Vehicle,\n   |     ^^^^^^^\n68 |     SuperVehicle,\n   |     ^^^^^^^^^^^^\n69 |     Helicopter,\n   |     ^^^^^^^^^^\n70 |     Aircraft,\n   |     ^^^^^^^^\n71 |     NPC,\n   |     ^^^\n   |\n   = note: `ControlEntityType` has derived impls for the traits `Clone` and `Debug`, but these are intentionally ignored during dead code analysis\n\n","$message_type":"diagnostic","children":[{"children":[],"code":null,"level":"note","message":"`ControlEntityType` has derived impls for the traits `Clone` and `Debug`, but these are intentionally ignored during dead code analysis","rendered":null,"spans":[]}],"code":{"code":"dead_code","explanation":null},"level":"warning","message":"variants `Player`, `Vehicle`, `SuperVehicle`, `Helicopter`, `Aircraft`, and `NPC` are never constructed","spans":[{"byte_end":1993,"byte_start":1976,"column_end":27,"column_start":10,"expansion":null,"file_name":"gameplay_sim/src/input/control_manager.rs","is_primary":false,"label":"variants in this enum","line_end":65,"line_start":65,"suggested_replacement":null,"suggestion_applicability":null,"text":[{"highlight_end":27,"highlight_start":10,"text":"pub enum ControlEntityType {"}]},{"byte_end":2006,"byte_start":2000,"column_end":11,"column_start":5,"expansion":null,"file_name":"gameplay_sim/src/input/control_manager.rs","is_primary":true,"label":null,"line_end":66,"line_start":66,"suggested_replacement":null,"suggestion_applicability":null,"text":[{"highlight_end":11,"highlight_start":5,"text":"    Player,"}]},{"byte_end":2019,"byte_start":2012,"column_end":12,"column_start":5,"expansion":null,"file_name":"gameplay_sim/src/input/control_manager.rs","is_primary":true,"label":null,"line_end":67,"line_start":67,"suggested_replacement":null,"suggestion_applicability":null,"text":[{"highlight_end":12,"highlight_start":5,"text":"    Vehicle,"}]},{"byte_end":2037,"byte_start":2025,"column_end":17,"column_start":5,"expansion":null,"file_name":"gameplay_sim/src/input/control_manager.rs","is_primary":true,"label":null,"line_end":68,"line_start":68,"suggested_replacement":null,"suggestion_applicability":null,"text":[{"highlight_end":17,"highlight_start":5,"text":"    SuperVehicle,"}]},{"byte_end":2053,"byte_start":2043,"column_end":15,"column_start":5,"expansion":null,"file_name":"gameplay_sim/src/input/control_manager.rs","is_primary":true,"label":null,"line_end":69,"line_start":69,"suggested_replacement":null,"suggestion_applicability":null,"text":[{"highlight_end":15,"highlight_start":5,"text":"    Helicopter,"}]},{"byte_end":2067,"byte_start":2059,"column_end":13,"column_start":5,"expansion":null,"file_name":"gameplay_sim/src/input/control_manager.rs","is_primary":true,"label":null,"line_end":70,"line_start":70,"suggested_replacement":null,"suggestion_applicability":null,"text":[{"highlight_end":13,"highlight_start":5,"text":"    Aircraft,"}]},{"byte_end":2076,"byte_start":2073,"column_end":8,"column_start":5,"expansion":null,"file_name":"gameplay_sim/src/input/control_manager.rs","is_primary":true,"label":null,"line_end":71,"line_start":71,"suggested_replacement":null,"suggestion_applicability":null,"text":[{"highlight_end":8,"highlight_start":5,"text":"    NPC,"}]}]}}
{"reason":"compiler-message","package_id":"path+file:///Users/bradyjeong/Documents/Projects/Amp/gta4/gta_game/gameplay_sim#0.1.0","manifest_path":"/Users/bradyjeong/Documents/Projects/Amp/gta4/gta_game/gameplay_sim/Cargo.toml","target":{"kind":["lib"],"crate_types":["lib"],"name":"gameplay_sim","src_path":"/Users/bradyjeong/Documents/Projects/Amp/gta4/gta_game/gameplay_sim/src/lib.rs","edition":"2021","doc":true,"doctest":true,"test":true},"message":{"rendered":"warning: fields `movement_direction`, `rotation_target`, `speed_factor`, and `action_priority` are never read\n  --> gameplay_sim/src/input/control_manager.rs:77:9\n   |\n76 | pub struct AIControlDecision {\n   |            ----------------- fields in this struct\n77 |     pub movement_direction: Vec3,\n   |         ^^^^^^^^^^^^^^^^^^\n78 |     pub rotation_target: f32,\n   |         ^^^^^^^^^^^^^^^\n79 |     pub speed_factor: f32,\n   |         ^^^^^^^^^^^^\n80 |     pub action_priority: f32,\n   |         ^^^^^^^^^^^^^^^\n   |\n   = note: `AIControlDecision` has derived impls for the traits `Clone` and `Debug`, but these are intentionally ignored during dead code analysis\n\n","$message_type":"diagnostic","children":[{"children":[],"code":null,"level":"note","message":"`AIControlDecision` has derived impls for the traits `Clone` and `Debug`, but these are intentionally ignored during dead code analysis","rendered":null,"spans":[]}],"code":{"code":"dead_code","explanation":null},"level":"warning","message":"fields `movement_direction`, `rotation_target`, `speed_factor`, and `action_priority` are never read","spans":[{"byte_end":2166,"byte_start":2149,"column_end":29,"column_start":12,"expansion":null,"file_name":"gameplay_sim/src/input/control_manager.rs","is_primary":false,"label":"fields in this struct","line_end":76,"line_start":76,"suggested_replacement":null,"suggestion_applicability":null,"text":[{"highlight_end":29,"highlight_start":12,"text":"pub struct AIControlDecision {"}]},{"byte_end":2195,"byte_start":2177,"column_end":27,"column_start":9,"expansion":null,"file_name":"gameplay_sim/src/input/control_manager.rs","is_primary":true,"label":null,"line_end":77,"line_start":77,"suggested_replacement":null,"suggestion_applicability":null,"text":[{"highlight_end":27,"highlight_start":9,"text":"    pub movement_direction: Vec3,"}]},{"byte_end":2226,"byte_start":2211,"column_end":24,"column_start":9,"expansion":null,"file_name":"gameplay_sim/src/input/control_manager.rs","is_primary":true,"label":null,"line_end":78,"line_start":78,"suggested_replacement":null,"suggestion_applicability":null,"text":[{"highlight_end":24,"highlight_start":9,"text":"    pub rotation_target: f32,"}]},{"byte_end":2253,"byte_start":2241,"column_end":21,"column_start":9,"expansion":null,"file_name":"gameplay_sim/src/input/control_manager.rs","is_primary":true,"label":null,"line_end":79,"line_start":79,"suggested_replacement":null,"suggestion_applicability":null,"text":[{"highlight_end":21,"highlight_start":9,"text":"    pub speed_factor: f32,"}]},{"byte_end":2283,"byte_start":2268,"column_end":24,"column_start":9,"expansion":null,"file_name":"gameplay_sim/src/input/control_manager.rs","is_primary":true,"label":null,"line_end":80,"line_start":80,"suggested_replacement":null,"suggestion_applicability":null,"text":[{"highlight_end":24,"highlight_start":9,"text":"    pub action_priority: f32,"}]}]}}
{"reason":"compiler-message","package_id":"path+file:///Users/bradyjeong/Documents/Projects/Amp/gta4/gta_game/gameplay_sim#0.1.0","manifest_path":"/Users/bradyjeong/Documents/Projects/Amp/gta4/gta_game/gameplay_sim/Cargo.toml","target":{"kind":["lib"],"crate_types":["lib"],"name":"gameplay_sim","src_path":"/Users/bradyjeong/Documents/Projects/Amp/gta4/gta_game/gameplay_sim/src/lib.rs","edition":"2021","doc":true,"doctest":true,"test":true},"message":{"rendered":"warning: multiple fields are never read\n   --> gameplay_sim/src/input/control_manager.rs:96:9\n    |\n95  | pub struct VehiclePhysicsConfig {\n    |            -------------------- fields in this struct\n96  |     pub max_speed: f32,\n    |         ^^^^^^^^^\n97  |     pub acceleration: f32,\n    |         ^^^^^^^^^^^^\n98  |     pub turn_speed: f32,\n    |         ^^^^^^^^^^\n99  |     pub brake_force: f32,\n    |         ^^^^^^^^^^^\n...\n102 |     pub max_acceleration: f32,\n    |         ^^^^^^^^^^^^^^^^\n103 |     pub max_angular_velocity: f32,\n    |         ^^^^^^^^^^^^^^^^^^^^\n104 |     pub position_clamp: Vec3,\n    |         ^^^^^^^^^^^^^^\n...\n107 |     pub acceleration_sensitivity: f32,\n    |         ^^^^^^^^^^^^^^^^^^^^^^^^\n108 |     pub steering_sensitivity: f32,\n    |         ^^^^^^^^^^^^^^^^^^^^\n109 |     pub brake_sensitivity: f32,\n    |         ^^^^^^^^^^^^^^^^^\n...\n112 |     pub enable_safety_limits: bool,\n    |         ^^^^^^^^^^^^^^^^^^^^\n113 |     pub max_safe_speed: f32,\n    |         ^^^^^^^^^^^^^^\n114 |     pub stability_assist: bool,\n    |         ^^^^^^^^^^^^^^^^\n    |\n    = note: `VehiclePhysicsConfig` has derived impls for the traits `Clone` and `Debug`, but these are intentionally ignored during dead code analysis\n\n","$message_type":"diagnostic","children":[{"children":[],"code":null,"level":"note","message":"`VehiclePhysicsConfig` has derived impls for the traits `Clone` and `Debug`, but these are intentionally ignored during dead code analysis","rendered":null,"spans":[]}],"code":{"code":"dead_code","explanation":null},"level":"warning","message":"multiple fields are never read","spans":[{"byte_end":2589,"byte_start":2569,"column_end":32,"column_start":12,"expansion":null,"file_name":"gameplay_sim/src/input/control_manager.rs","is_primary":false,"label":"fields in this struct","line_end":95,"line_start":95,"suggested_replacement":null,"suggestion_applicability":null,"text":[{"highlight_end":32,"highlight_start":12,"text":"pub struct VehiclePhysicsConfig {"}]},{"byte_end":2609,"byte_start":2600,"column_end":18,"column_start":9,"expansion":null,"file_name":"gameplay_sim/src/input/control_manager.rs","is_primary":true,"label":null,"line_end":96,"line_start":96,"suggested_replacement":null,"suggestion_applicability":null,"text":[{"highlight_end":18,"highlight_start":9,"text":"    pub max_speed: f32,"}]},{"byte_end":2636,"byte_start":2624,"column_end":21,"column_start":9,"expansion":null,"file_name":"gameplay_sim/src/input/control_manager.rs","is_primary":true,"label":null,"line_end":97,"line_start":97,"suggested_replacement":null,"suggestion_applicability":null,"text":[{"highlight_end":21,"highlight_start":9,"text":"    pub acceleration: f32,"}]},{"byte_end":2661,"byte_start":2651,"column_end":19,"column_start":9,"expansion":null,"file_name":"gameplay_sim/src/input/control_manager.rs","is_primary":true,"label":null,"line_end":98,"line_start":98,"suggested_replacement":null,"suggestion_applicability":null,"text":[{"highlight_end":19,"highlight_start":9,"text":"    pub turn_speed: f32,"}]},{"byte_end":2687,"byte_start":2676,"column_end":20,"column_start":9,"expansion":null,"file_name":"gameplay_sim/src/input/control_manager.rs","is_primary":true,"label":null,"line_end":99,"line_start":99,"suggested_replacement":null,"suggestion_applicability":null,"text":[{"highlight_end":20,"highlight_start":9,"text":"    pub brake_force: f32,"}]},{"byte_end":2750,"byte_start":2734,"column_end":25,"column_start":9,"expansion":null,"file_name":"gameplay_sim/src/input/control_manager.rs","is_primary":true,"label":null,"line_end":102,"line_start":102,"suggested_replacement":null,"suggestion_applicability":null,"text":[{"highlight_end":25,"highlight_start":9,"text":"    pub max_acceleration: f32,"}]},{"byte_end":2785,"byte_start":2765,"column_end":29,"column_start":9,"expansion":null,"file_name":"gameplay_sim/src/input/control_manager.rs","is_primary":true,"label":null,"line_end":103,"line_start":103,"suggested_replacement":null,"suggestion_applicability":null,"text":[{"highlight_end":29,"highlight_start":9,"text":"    pub max_angular_velocity: f32,"}]},{"byte_end":2814,"byte_start":2800,"column_end":23,"column_start":9,"expansion":null,"file_name":"gameplay_sim/src/input/control_manager.rs","is_primary":true,"label":null,"line_end":104,"line_start":104,"suggested_replacement":null,"suggestion_applicability":null,"text":[{"highlight_end":23,"highlight_start":9,"text":"    pub position_clamp: Vec3,"}]},{"byte_end":2884,"byte_start":2860,"column_end":33,"column_start":9,"expansion":null,"file_name":"gameplay_sim/src/input/control_manager.rs","is_primary":true,"label":null,"line_end":107,"line_start":107,"suggested_replacement":null,"suggestion_applicability":null,"text":[{"highlight_end":33,"highlight_start":9,"text":"    pub acceleration_sensitivity: f32,"}]},{"byte_end":2919,"byte_start":2899,"column_end":29,"column_start":9,"expansion":null,"file_name":"gameplay_sim/src/input/control_manager.rs","is_primary":true,"label":null,"line_end":108,"line_start":108,"suggested_replacement":null,"suggestion_applicability":null,"text":[{"highlight_end":29,"highlight_start":9,"text":"    pub steering_sensitivity: f32,"}]},{"byte_end":2951,"byte_start":2934,"column_end":26,"column_start":9,"expansion":null,"file_name":"gameplay_sim/src/input/control_manager.rs","is_primary":true,"label":null,"line_end":109,"line_start":109,"suggested_replacement":null,"suggestion_applicability":null,"text":[{"highlight_end":26,"highlight_start":9,"text":"    pub brake_sensitivity: f32,"}]},{"byte_end":3012,"byte_start":2992,"column_end":29,"column_start":9,"expansion":null,"file_name":"gameplay_sim/src/input/control_manager.rs","is_primary":true,"label":null,"line_end":112,"line_start":112,"suggested_replacement":null,"suggestion_applicability":null,"text":[{"highlight_end":29,"highlight_start":9,"text":"    pub enable_safety_limits: bool,"}]},{"byte_end":3042,"byte_start":3028,"column_end":23,"column_start":9,"expansion":null,"file_name":"gameplay_sim/src/input/control_manager.rs","is_primary":true,"label":null,"line_end":113,"line_start":113,"suggested_replacement":null,"suggestion_applicability":null,"text":[{"highlight_end":23,"highlight_start":9,"text":"    pub max_safe_speed: f32,"}]},{"byte_end":3073,"byte_start":3057,"column_end":25,"column_start":9,"expansion":null,"file_name":"gameplay_sim/src/input/control_manager.rs","is_primary":true,"label":null,"line_end":114,"line_start":114,"suggested_replacement":null,"suggestion_applicability":null,"text":[{"highlight_end":25,"highlight_start":9,"text":"    pub stability_assist: bool,"}]}]}}
{"reason":"compiler-message","package_id":"path+file:///Users/bradyjeong/Documents/Projects/Amp/gta4/gta_game/gameplay_sim#0.1.0","manifest_path":"/Users/bradyjeong/Documents/Projects/Amp/gta4/gta_game/gameplay_sim/Cargo.toml","target":{"kind":["lib"],"crate_types":["lib"],"name":"gameplay_sim","src_path":"/Users/bradyjeong/Documents/Projects/Amp/gta4/gta_game/gameplay_sim/src/lib.rs","edition":"2021","doc":true,"doctest":true,"test":true},"message":{"rendered":"warning: multiple fields are never read\n   --> gameplay_sim/src/input/control_manager.rs:143:5\n    |\n138 | pub struct ControlManager {\n    |            -------------- fields in this struct\n...\n143 |     active_controls: HashMap<ControlAction, f32>,\n    |     ^^^^^^^^^^^^^^^\n...\n146 |     ai_decisions: HashMap<Entity, AIControlDecision>,\n    |     ^^^^^^^^^^^^\n...\n149 |     entity_types: HashMap<Entity, ControlEntityType>,\n    |     ^^^^^^^^^^^^\n...\n152 |     last_update_time: Option<Instant>,\n    |     ^^^^^^^^^^^^^^^^\n153 |     max_update_time_us: u128,\n    |     ^^^^^^^^^^^^^^^^^^\n154 |     validation_failures: u32,\n    |     ^^^^^^^^^^^^^^^^^^^\n...\n157 |     emergency_brake_active: bool,\n    |     ^^^^^^^^^^^^^^^^^^^^^^\n158 |     stability_intervention: bool,\n    |     ^^^^^^^^^^^^^^^^^^^^^^\n159 |     safety_override: bool,\n    |     ^^^^^^^^^^^^^^^\n\n","$message_type":"diagnostic","children":[],"code":{"code":"dead_code","explanation":null},"level":"warning","message":"multiple fields are never read","spans":[{"byte_end":3715,"byte_start":3701,"column_end":26,"column_start":12,"expansion":null,"file_name":"gameplay_sim/src/input/control_manager.rs","is_primary":false,"label":"fields in this struct","line_end":138,"line_start":138,"suggested_replacement":null,"suggestion_applicability":null,"text":[{"highlight_end":26,"highlight_start":12,"text":"pub struct ControlManager {"}]},{"byte_end":3914,"byte_start":3899,"column_end":20,"column_start":5,"expansion":null,"file_name":"gameplay_sim/src/input/control_manager.rs","is_primary":true,"label":null,"line_end":143,"line_start":143,"suggested_replacement":null,"suggestion_applicability":null,"text":[{"highlight_end":20,"highlight_start":5,"text":"    active_controls: HashMap<ControlAction, f32>,"}]},{"byte_end":4003,"byte_start":3991,"column_end":17,"column_start":5,"expansion":null,"file_name":"gameplay_sim/src/input/control_manager.rs","is_primary":true,"label":null,"line_end":146,"line_start":146,"suggested_replacement":null,"suggestion_applicability":null,"text":[{"highlight_end":17,"highlight_start":5,"text":"    ai_decisions: HashMap<Entity, AIControlDecision>,"}]},{"byte_end":4090,"byte_start":4078,"column_end":17,"column_start":5,"expansion":null,"file_name":"gameplay_sim/src/input/control_manager.rs","is_primary":true,"label":null,"line_end":149,"line_start":149,"suggested_replacement":null,"suggestion_applicability":null,"text":[{"highlight_end":17,"highlight_start":5,"text":"    entity_types: HashMap<Entity, ControlEntityType>,"}]},{"byte_end":4183,"byte_start":4167,"column_end":21,"column_start":5,"expansion":null,"file_name":"gameplay_sim/src/input/control_manager.rs","is_primary":true,"label":null,"line_end":152,"line_start":152,"suggested_replacement":null,"suggestion_applicability":null,"text":[{"highlight_end":21,"highlight_start":5,"text":"    last_update_time: Option<Instant>,"}]},{"byte_end":4224,"byte_start":4206,"column_end":23,"column_start":5,"expansion":null,"file_name":"gameplay_sim/src/input/control_manager.rs","is_primary":true,"label":null,"line_end":153,"line_start":153,"suggested_replacement":null,"suggestion_applicability":null,"text":[{"highlight_end":23,"highlight_start":5,"text":"    max_update_time_us: u128,"}]},{"byte_end":4255,"byte_start":4236,"column_end":24,"column_start":5,"expansion":null,"file_name":"gameplay_sim/src/input/control_manager.rs","is_primary":true,"label":null,"line_end":154,"line_start":154,"suggested_replacement":null,"suggestion_applicability":null,"text":[{"highlight_end":24,"highlight_start":5,"text":"    validation_failures: u32,"}]},{"byte_end":4315,"byte_start":4293,"column_end":27,"column_start":5,"expansion":null,"file_name":"gameplay_sim/src/input/control_manager.rs","is_primary":true,"label":null,"line_end":157,"line_start":157,"suggested_replacement":null,"suggestion_applicability":null,"text":[{"highlight_end":27,"highlight_start":5,"text":"    emergency_brake_active: bool,"}]},{"byte_end":4349,"byte_start":4327,"column_end":27,"column_start":5,"expansion":null,"file_name":"gameplay_sim/src/input/control_manager.rs","is_primary":true,"label":null,"line_end":158,"line_start":158,"suggested_replacement":null,"suggestion_applicability":null,"text":[{"highlight_end":27,"highlight_start":5,"text":"    stability_intervention: bool,"}]},{"byte_end":4376,"byte_start":4361,"column_end":20,"column_start":5,"expansion":null,"file_name":"gameplay_sim/src/input/control_manager.rs","is_primary":true,"label":null,"line_end":159,"line_start":159,"suggested_replacement":null,"suggestion_applicability":null,"text":[{"highlight_end":20,"highlight_start":5,"text":"    safety_override: bool,"}]}]}}
{"reason":"compiler-message","package_id":"path+file:///Users/bradyjeong/Documents/Projects/Amp/gta4/gta_game/gameplay_sim#0.1.0","manifest_path":"/Users/bradyjeong/Documents/Projects/Amp/gta4/gta_game/gameplay_sim/Cargo.toml","target":{"kind":["lib"],"crate_types":["lib"],"name":"gameplay_sim","src_path":"/Users/bradyjeong/Documents/Projects/Amp/gta4/gta_game/gameplay_sim/src/lib.rs","edition":"2021","doc":true,"doctest":true,"test":true},"message":{"rendered":"warning: multiple methods are never used\n   --> gameplay_sim/src/input/control_manager.rs:272:12\n    |\n183 | impl ControlManager {\n    | ------------------- methods in this implementation\n...\n272 |     pub fn update_controls(\n    |            ^^^^^^^^^^^^^^^\n...\n313 |     fn map_input_to_controls(\n    |        ^^^^^^^^^^^^^^^^^^^^^\n...\n422 |     fn validate_and_clamp_controls(\n    |        ^^^^^^^^^^^^^^^^^^^^^^^^^^^\n...\n464 |     fn apply_safety_systems(\n    |        ^^^^^^^^^^^^^^^^^^^^\n...\n509 |     pub fn get_control_value(&self, action: ControlAction) -> f32 {\n    |            ^^^^^^^^^^^^^^^^^\n...\n514 |     pub fn is_control_active(&self, action: ControlAction) -> bool {\n    |            ^^^^^^^^^^^^^^^^^\n...\n519 |     pub fn get_active_controls(&self) -> &HashMap<ControlAction, f32> {\n    |            ^^^^^^^^^^^^^^^^^^^\n...\n524 |     pub fn get_physics_config(&self, vehicle_type: ConfigVehicleType) -> Option<&VehiclePhysicsConfig> {\n    |            ^^^^^^^^^^^^^^^^^^\n...\n529 |     pub fn update_physics_config(&mut self, vehicle_type: ConfigVehicleType, config: VehiclePhysicsConfig) {\n    |            ^^^^^^^^^^^^^^^^^^^^^\n...\n534 |     pub fn get_performance_stats(&self) -> (u128, u32) {\n    |            ^^^^^^^^^^^^^^^^^^^^^\n...\n539 |     pub fn reset_performance_stats(&mut self) {\n    |            ^^^^^^^^^^^^^^^^^^^^^^^\n...\n545 |     pub fn is_emergency_active(&self) -> bool {\n    |            ^^^^^^^^^^^^^^^^^^^\n...\n550 |     pub fn is_stability_active(&self) -> bool {\n    |            ^^^^^^^^^^^^^^^^^^^\n...\n555 |     pub fn set_safety_override(&mut self, enabled: bool) {\n    |            ^^^^^^^^^^^^^^^^^^^\n...\n560 |     pub fn clear_all_controls(&mut self) {\n    |            ^^^^^^^^^^^^^^^^^^\n...\n567 |     pub fn register_entity(&mut self, entity: Entity, entity_type: ControlEntityType) {\n    |            ^^^^^^^^^^^^^^^\n...\n572 |     pub fn unregister_entity(&mut self, entity: Entity) {\n    |            ^^^^^^^^^^^^^^^^^\n...\n578 |     pub fn update_ai_decision(&mut self, entity: Entity, decision: AIControlDecision) {\n    |            ^^^^^^^^^^^^^^^^^^\n...\n583 |     pub fn get_ai_decision(&self, entity: Entity) -> Option<&AIControlDecision> {\n    |            ^^^^^^^^^^^^^^^\n...\n588 |     pub fn ai_decision_to_controls(&self, decision: &AIControlDecision) -> HashMap<ControlAction, f32> {\n    |            ^^^^^^^^^^^^^^^^^^^^^^^\n...\n603 |     pub fn process_entity_controls(&mut self, \n    |            ^^^^^^^^^^^^^^^^^^^^^^^\n\n","$message_type":"diagnostic","children":[],"code":{"code":"dead_code","explanation":null},"level":"warning","message":"multiple methods are never used","spans":[{"byte_end":5083,"byte_start":5064,"column_end":20,"column_start":1,"expansion":null,"file_name":"gameplay_sim/src/input/control_manager.rs","is_primary":false,"label":"methods in this implementation","line_end":183,"line_start":183,"suggested_replacement":null,"suggestion_applicability":null,"text":[{"highlight_end":20,"highlight_start":1,"text":"impl ControlManager {"}]},{"byte_end":8382,"byte_start":8367,"column_end":27,"column_start":12,"expansion":null,"file_name":"gameplay_sim/src/input/control_manager.rs","is_primary":true,"label":null,"line_end":272,"line_start":272,"suggested_replacement":null,"suggestion_applicability":null,"text":[{"highlight_end":27,"highlight_start":12,"text":"    pub fn update_controls("}]},{"byte_end":10014,"byte_start":9993,"column_end":29,"column_start":8,"expansion":null,"file_name":"gameplay_sim/src/input/control_manager.rs","is_primary":true,"label":null,"line_end":313,"line_start":313,"suggested_replacement":null,"suggestion_applicability":null,"text":[{"highlight_end":29,"highlight_start":8,"text":"    fn map_input_to_controls("}]},{"byte_end":16026,"byte_start":15999,"column_end":35,"column_start":8,"expansion":null,"file_name":"gameplay_sim/src/input/control_manager.rs","is_primary":true,"label":null,"line_end":422,"line_start":422,"suggested_replacement":null,"suggestion_applicability":null,"text":[{"highlight_end":35,"highlight_start":8,"text":"    fn validate_and_clamp_controls("}]},{"byte_end":17657,"byte_start":17637,"column_end":28,"column_start":8,"expansion":null,"file_name":"gameplay_sim/src/input/control_manager.rs","is_primary":true,"label":null,"line_end":464,"line_start":464,"suggested_replacement":null,"suggestion_applicability":null,"text":[{"highlight_end":28,"highlight_start":8,"text":"    fn apply_safety_systems("}]},{"byte_end":19621,"byte_start":19604,"column_end":29,"column_start":12,"expansion":null,"file_name":"gameplay_sim/src/input/control_manager.rs","is_primary":true,"label":null,"line_end":509,"line_start":509,"suggested_replacement":null,"suggestion_applicability":null,"text":[{"highlight_end":29,"highlight_start":12,"text":"    pub fn get_control_value(&self, action: ControlAction) -> f32 {"}]},{"byte_end":19810,"byte_start":19793,"column_end":29,"column_start":12,"expansion":null,"file_name":"gameplay_sim/src/input/control_manager.rs","is_primary":true,"label":null,"line_end":514,"line_start":514,"suggested_replacement":null,"suggestion_applicability":null,"text":[{"highlight_end":29,"highlight_start":12,"text":"    pub fn is_control_active(&self, action: ControlAction) -> bool {"}]},{"byte_end":19982,"byte_start":19963,"column_end":31,"column_start":12,"expansion":null,"file_name":"gameplay_sim/src/input/control_manager.rs","is_primary":true,"label":null,"line_end":519,"line_start":519,"suggested_replacement":null,"suggestion_applicability":null,"text":[{"highlight_end":31,"highlight_start":12,"text":"    pub fn get_active_controls(&self) -> &HashMap<ControlAction, f32> {"}]},{"byte_end":20147,"byte_start":20129,"column_end":30,"column_start":12,"expansion":null,"file_name":"gameplay_sim/src/input/control_manager.rs","is_primary":true,"label":null,"line_end":524,"line_start":524,"suggested_replacement":null,"suggestion_applicability":null,"text":[{"highlight_end":30,"highlight_start":12,"text":"    pub fn get_physics_config(&self, vehicle_type: ConfigVehicleType) -> Option<&VehiclePhysicsConfig> {"}]},{"byte_end":20351,"byte_start":20330,"column_end":33,"column_start":12,"expansion":null,"file_name":"gameplay_sim/src/input/control_manager.rs","is_primary":true,"label":null,"line_end":529,"line_start":529,"suggested_replacement":null,"suggestion_applicability":null,"text":[{"highlight_end":33,"highlight_start":12,"text":"    pub fn update_physics_config(&mut self, vehicle_type: ConfigVehicleType, config: VehiclePhysicsConfig) {"}]},{"byte_end":20565,"byte_start":20544,"column_end":33,"column_start":12,"expansion":null,"file_name":"gameplay_sim/src/input/control_manager.rs","is_primary":true,"label":null,"line_end":534,"line_start":534,"suggested_replacement":null,"suggestion_applicability":null,"text":[{"highlight_end":33,"highlight_start":12,"text":"    pub fn get_performance_stats(&self) -> (u128, u32) {"}]},{"byte_end":20732,"byte_start":20709,"column_end":35,"column_start":12,"expansion":null,"file_name":"gameplay_sim/src/input/control_manager.rs","is_primary":true,"label":null,"line_end":539,"line_start":539,"suggested_replacement":null,"suggestion_applicability":null,"text":[{"highlight_end":35,"highlight_start":12,"text":"    pub fn reset_performance_stats(&mut self) {"}]},{"byte_end":20908,"byte_start":20889,"column_end":31,"column_start":12,"expansion":null,"file_name":"gameplay_sim/src/input/control_manager.rs","is_primary":true,"label":null,"line_end":545,"line_start":545,"suggested_replacement":null,"suggestion_applicability":null,"text":[{"highlight_end":31,"highlight_start":12,"text":"    pub fn is_emergency_active(&self) -> bool {"}]},{"byte_end":21052,"byte_start":21033,"column_end":31,"column_start":12,"expansion":null,"file_name":"gameplay_sim/src/input/control_manager.rs","is_primary":true,"label":null,"line_end":550,"line_start":550,"suggested_replacement":null,"suggestion_applicability":null,"text":[{"highlight_end":31,"highlight_start":12,"text":"    pub fn is_stability_active(&self) -> bool {"}]},{"byte_end":21186,"byte_start":21167,"column_end":31,"column_start":12,"expansion":null,"file_name":"gameplay_sim/src/input/control_manager.rs","is_primary":true,"label":null,"line_end":555,"line_start":555,"suggested_replacement":null,"suggestion_applicability":null,"text":[{"highlight_end":31,"highlight_start":12,"text":"    pub fn set_safety_override(&mut self, enabled: bool) {"}]},{"byte_end":21327,"byte_start":21309,"column_end":30,"column_start":12,"expansion":null,"file_name":"gameplay_sim/src/input/control_manager.rs","is_primary":true,"label":null,"line_end":560,"line_start":560,"suggested_replacement":null,"suggestion_applicability":null,"text":[{"highlight_end":30,"highlight_start":12,"text":"    pub fn clear_all_controls(&mut self) {"}]},{"byte_end":21556,"byte_start":21541,"column_end":27,"column_start":12,"expansion":null,"file_name":"gameplay_sim/src/input/control_manager.rs","is_primary":true,"label":null,"line_end":567,"line_start":567,"suggested_replacement":null,"suggestion_applicability":null,"text":[{"highlight_end":27,"highlight_start":12,"text":"    pub fn register_entity(&mut self, entity: Entity, entity_type: ControlEntityType) {"}]},{"byte_end":21741,"byte_start":21724,"column_end":29,"column_start":12,"expansion":null,"file_name":"gameplay_sim/src/input/control_manager.rs","is_primary":true,"label":null,"line_end":572,"line_start":572,"suggested_replacement":null,"suggestion_applicability":null,"text":[{"highlight_end":29,"highlight_start":12,"text":"    pub fn unregister_entity(&mut self, entity: Entity) {"}]},{"byte_end":21950,"byte_start":21932,"column_end":30,"column_start":12,"expansion":null,"file_name":"gameplay_sim/src/input/control_manager.rs","is_primary":true,"label":null,"line_end":578,"line_start":578,"suggested_replacement":null,"suggestion_applicability":null,"text":[{"highlight_end":30,"highlight_start":12,"text":"    pub fn update_ai_decision(&mut self, entity: Entity, decision: AIControlDecision) {"}]},{"byte_end":22144,"byte_start":22129,"column_end":27,"column_start":12,"expansion":null,"file_name":"gameplay_sim/src/input/control_manager.rs","is_primary":true,"label":null,"line_end":583,"line_start":583,"suggested_replacement":null,"suggestion_applicability":null,"text":[{"highlight_end":27,"highlight_start":12,"text":"    pub fn get_ai_decision(&self, entity: Entity) -> Option<&AIControlDecision> {"}]},{"byte_end":22331,"byte_start":22308,"column_end":35,"column_start":12,"expansion":null,"file_name":"gameplay_sim/src/input/control_manager.rs","is_primary":true,"label":null,"line_end":588,"line_start":588,"suggested_replacement":null,"suggestion_applicability":null,"text":[{"highlight_end":35,"highlight_start":12,"text":"    pub fn ai_decision_to_controls(&self, decision: &AIControlDecision) -> HashMap<ControlAction, f32> {"}]},{"byte_end":22868,"byte_start":22845,"column_end":35,"column_start":12,"expansion":null,"file_name":"gameplay_sim/src/input/control_manager.rs","is_primary":true,"label":null,"line_end":603,"line_start":603,"suggested_replacement":null,"suggestion_applicability":null,"text":[{"highlight_end":35,"highlight_start":12,"text":"    pub fn process_entity_controls(&mut self, "}]}]}}
{"reason":"compiler-message","package_id":"path+file:///Users/bradyjeong/Documents/Projects/Amp/gta4/gta_game/gameplay_sim#0.1.0","manifest_path":"/Users/bradyjeong/Documents/Projects/Amp/gta4/gta_game/gameplay_sim/Cargo.toml","target":{"kind":["lib"],"crate_types":["lib"],"name":"gameplay_sim","src_path":"/Users/bradyjeong/Documents/Projects/Amp/gta4/gta_game/gameplay_sim/src/lib.rs","edition":"2021","doc":true,"doctest":true,"test":true},"message":{"rendered":"warning: function `unified_control_system` is never used\n   --> gameplay_sim/src/input/control_manager.rs:642:8\n    |\n642 | pub fn unified_control_system(\n    |        ^^^^^^^^^^^^^^^^^^^^^^\n\n","$message_type":"diagnostic","children":[],"code":{"code":"dead_code","explanation":null},"level":"warning","message":"function `unified_control_system` is never used","spans":[{"byte_end":24342,"byte_start":24320,"column_end":30,"column_start":8,"expansion":null,"file_name":"gameplay_sim/src/input/control_manager.rs","is_primary":true,"label":null,"line_end":642,"line_start":642,"suggested_replacement":null,"suggestion_applicability":null,"text":[{"highlight_end":30,"highlight_start":8,"text":"pub fn unified_control_system("}]}]}}
{"reason":"compiler-message","package_id":"path+file:///Users/bradyjeong/Documents/Projects/Amp/gta4/gta_game/gameplay_sim#0.1.0","manifest_path":"/Users/bradyjeong/Documents/Projects/Amp/gta4/gta_game/gameplay_sim/Cargo.toml","target":{"kind":["lib"],"crate_types":["lib"],"name":"gameplay_sim","src_path":"/Users/bradyjeong/Documents/Projects/Amp/gta4/gta_game/gameplay_sim/src/lib.rs","edition":"2021","doc":true,"doctest":true,"test":true},"message":{"rendered":"warning: function `control_action_system` is never used\n   --> gameplay_sim/src/input/control_manager.rs:692:8\n    |\n692 | pub fn control_action_system(\n    |        ^^^^^^^^^^^^^^^^^^^^^\n\n","$message_type":"diagnostic","children":[],"code":{"code":"dead_code","explanation":null},"level":"warning","message":"function `control_action_system` is never used","spans":[{"byte_end":26437,"byte_start":26416,"column_end":29,"column_start":8,"expansion":null,"file_name":"gameplay_sim/src/input/control_manager.rs","is_primary":true,"label":null,"line_end":692,"line_start":692,"suggested_replacement":null,"suggestion_applicability":null,"text":[{"highlight_end":29,"highlight_start":8,"text":"pub fn control_action_system("}]}]}}
{"reason":"compiler-message","package_id":"path+file:///Users/bradyjeong/Documents/Projects/Amp/gta4/gta_game/gameplay_sim#0.1.0","manifest_path":"/Users/bradyjeong/Documents/Projects/Amp/gta4/gta_game/gameplay_sim/Cargo.toml","target":{"kind":["lib"],"crate_types":["lib"],"name":"gameplay_sim","src_path":"/Users/bradyjeong/Documents/Projects/Amp/gta4/gta_game/gameplay_sim/src/lib.rs","edition":"2021","doc":true,"doctest":true,"test":true},"message":{"rendered":"warning: function `control_validation_system` is never used\n   --> gameplay_sim/src/input/control_manager.rs:726:8\n    |\n726 | pub fn control_validation_system(\n    |        ^^^^^^^^^^^^^^^^^^^^^^^^^\n\n","$message_type":"diagnostic","children":[],"code":{"code":"dead_code","explanation":null},"level":"warning","message":"function `control_validation_system` is never used","spans":[{"byte_end":27654,"byte_start":27629,"column_end":33,"column_start":8,"expansion":null,"file_name":"gameplay_sim/src/input/control_manager.rs","is_primary":true,"label":null,"line_end":726,"line_start":726,"suggested_replacement":null,"suggestion_applicability":null,"text":[{"highlight_end":33,"highlight_start":8,"text":"pub fn control_validation_system("}]}]}}
{"reason":"compiler-message","package_id":"path+file:///Users/bradyjeong/Documents/Projects/Amp/gta4/gta_game/gameplay_sim#0.1.0","manifest_path":"/Users/bradyjeong/Documents/Projects/Amp/gta4/gta_game/gameplay_sim/Cargo.toml","target":{"kind":["lib"],"crate_types":["lib"],"name":"gameplay_sim","src_path":"/Users/bradyjeong/Documents/Projects/Amp/gta4/gta_game/gameplay_sim/src/lib.rs","edition":"2021","doc":true,"doctest":true,"test":true},"message":{"rendered":"warning: function `get_control_value` is never used\n   --> gameplay_sim/src/input/control_manager.rs:760:8\n    |\n760 | pub fn get_control_value(control_manager: &ControlManager, action: ControlAction) -> f32 {\n    |        ^^^^^^^^^^^^^^^^^\n\n","$message_type":"diagnostic","children":[],"code":{"code":"dead_code","explanation":null},"level":"warning","message":"function `get_control_value` is never used","spans":[{"byte_end":29030,"byte_start":29013,"column_end":25,"column_start":8,"expansion":null,"file_name":"gameplay_sim/src/input/control_manager.rs","is_primary":true,"label":null,"line_end":760,"line_start":760,"suggested_replacement":null,"suggestion_applicability":null,"text":[{"highlight_end":25,"highlight_start":8,"text":"pub fn get_control_value(control_manager: &ControlManager, action: ControlAction) -> f32 {"}]}]}}
{"reason":"compiler-message","package_id":"path+file:///Users/bradyjeong/Documents/Projects/Amp/gta4/gta_game/gameplay_sim#0.1.0","manifest_path":"/Users/bradyjeong/Documents/Projects/Amp/gta4/gta_game/gameplay_sim/Cargo.toml","target":{"kind":["lib"],"crate_types":["lib"],"name":"gameplay_sim","src_path":"/Users/bradyjeong/Documents/Projects/Amp/gta4/gta_game/gameplay_sim/src/lib.rs","edition":"2021","doc":true,"doctest":true,"test":true},"message":{"rendered":"warning: function `is_accelerating` is never used\n   --> gameplay_sim/src/input/control_manager.rs:764:8\n    |\n764 | pub fn is_accelerating(control_manager: &ControlManager) -> bool {\n    |        ^^^^^^^^^^^^^^^\n\n","$message_type":"diagnostic","children":[],"code":{"code":"dead_code","explanation":null},"level":"warning","message":"function `is_accelerating` is never used","spans":[{"byte_end":29168,"byte_start":29153,"column_end":23,"column_start":8,"expansion":null,"file_name":"gameplay_sim/src/input/control_manager.rs","is_primary":true,"label":null,"line_end":764,"line_start":764,"suggested_replacement":null,"suggestion_applicability":null,"text":[{"highlight_end":23,"highlight_start":8,"text":"pub fn is_accelerating(control_manager: &ControlManager) -> bool {"}]}]}}
{"reason":"compiler-message","package_id":"path+file:///Users/bradyjeong/Documents/Projects/Amp/gta4/gta_game/gameplay_sim#0.1.0","manifest_path":"/Users/bradyjeong/Documents/Projects/Amp/gta4/gta_game/gameplay_sim/Cargo.toml","target":{"kind":["lib"],"crate_types":["lib"],"name":"gameplay_sim","src_path":"/Users/bradyjeong/Documents/Projects/Amp/gta4/gta_game/gameplay_sim/src/lib.rs","edition":"2021","doc":true,"doctest":true,"test":true},"message":{"rendered":"warning: function `is_braking` is never used\n   --> gameplay_sim/src/input/control_manager.rs:768:8\n    |\n768 | pub fn is_braking(control_manager: &ControlManager) -> bool {\n    |        ^^^^^^^^^^\n\n","$message_type":"diagnostic","children":[],"code":{"code":"dead_code","explanation":null},"level":"warning","message":"function `is_braking` is never used","spans":[{"byte_end":29298,"byte_start":29288,"column_end":18,"column_start":8,"expansion":null,"file_name":"gameplay_sim/src/input/control_manager.rs","is_primary":true,"label":null,"line_end":768,"line_start":768,"suggested_replacement":null,"suggestion_applicability":null,"text":[{"highlight_end":18,"highlight_start":8,"text":"pub fn is_braking(control_manager: &ControlManager) -> bool {"}]}]}}
{"reason":"compiler-message","package_id":"path+file:///Users/bradyjeong/Documents/Projects/Amp/gta4/gta_game/gameplay_sim#0.1.0","manifest_path":"/Users/bradyjeong/Documents/Projects/Amp/gta4/gta_game/gameplay_sim/Cargo.toml","target":{"kind":["lib"],"crate_types":["lib"],"name":"gameplay_sim","src_path":"/Users/bradyjeong/Documents/Projects/Amp/gta4/gta_game/gameplay_sim/src/lib.rs","edition":"2021","doc":true,"doctest":true,"test":true},"message":{"rendered":"warning: function `get_steering_input` is never used\n   --> gameplay_sim/src/input/control_manager.rs:772:8\n    |\n772 | pub fn get_steering_input(control_manager: &ControlManager) -> f32 {\n    |        ^^^^^^^^^^^^^^^^^^\n\n","$message_type":"diagnostic","children":[],"code":{"code":"dead_code","explanation":null},"level":"warning","message":"function `get_steering_input` is never used","spans":[{"byte_end":29431,"byte_start":29413,"column_end":26,"column_start":8,"expansion":null,"file_name":"gameplay_sim/src/input/control_manager.rs","is_primary":true,"label":null,"line_end":772,"line_start":772,"suggested_replacement":null,"suggestion_applicability":null,"text":[{"highlight_end":26,"highlight_start":8,"text":"pub fn get_steering_input(control_manager: &ControlManager) -> f32 {"}]}]}}
{"reason":"compiler-message","package_id":"path+file:///Users/bradyjeong/Documents/Projects/Amp/gta4/gta_game/gameplay_sim#0.1.0","manifest_path":"/Users/bradyjeong/Documents/Projects/Amp/gta4/gta_game/gameplay_sim/Cargo.toml","target":{"kind":["lib"],"crate_types":["lib"],"name":"gameplay_sim","src_path":"/Users/bradyjeong/Documents/Projects/Amp/gta4/gta_game/gameplay_sim/src/lib.rs","edition":"2021","doc":true,"doctest":true,"test":true},"message":{"rendered":"warning: function `is_turbo_active` is never used\n   --> gameplay_sim/src/input/control_manager.rs:776:8\n    |\n776 | pub fn is_turbo_active(control_manager: &ControlManager) -> bool {\n    |        ^^^^^^^^^^^^^^^\n\n","$message_type":"diagnostic","children":[],"code":{"code":"dead_code","explanation":null},"level":"warning","message":"function `is_turbo_active` is never used","spans":[{"byte_end":29560,"byte_start":29545,"column_end":23,"column_start":8,"expansion":null,"file_name":"gameplay_sim/src/input/control_manager.rs","is_primary":true,"label":null,"line_end":776,"line_start":776,"suggested_replacement":null,"suggestion_applicability":null,"text":[{"highlight_end":23,"highlight_start":8,"text":"pub fn is_turbo_active(control_manager: &ControlManager) -> bool {"}]}]}}
{"reason":"compiler-message","package_id":"path+file:///Users/bradyjeong/Documents/Projects/Amp/gta4/gta_game/gameplay_sim#0.1.0","manifest_path":"/Users/bradyjeong/Documents/Projects/Amp/gta4/gta_game/gameplay_sim/Cargo.toml","target":{"kind":["lib"],"crate_types":["lib"],"name":"gameplay_sim","src_path":"/Users/bradyjeong/Documents/Projects/Amp/gta4/gta_game/gameplay_sim/src/lib.rs","edition":"2021","doc":true,"doctest":true,"test":true},"message":{"rendered":"warning: function `is_afterburner_active` is never used\n   --> gameplay_sim/src/input/control_manager.rs:780:8\n    |\n780 | pub fn is_afterburner_active(control_manager: &ControlManager) -> bool {\n    |        ^^^^^^^^^^^^^^^^^^^^^\n\n","$message_type":"diagnostic","children":[],"code":{"code":"dead_code","explanation":null},"level":"warning","message":"function `is_afterburner_active` is never used","spans":[{"byte_end":29696,"byte_start":29675,"column_end":29,"column_start":8,"expansion":null,"file_name":"gameplay_sim/src/input/control_manager.rs","is_primary":true,"label":null,"line_end":780,"line_start":780,"suggested_replacement":null,"suggestion_applicability":null,"text":[{"highlight_end":29,"highlight_start":8,"text":"pub fn is_afterburner_active(control_manager: &ControlManager) -> bool {"}]}]}}
{"reason":"compiler-message","package_id":"path+file:///Users/bradyjeong/Documents/Projects/Amp/gta4/gta_game/gameplay_sim#0.1.0","manifest_path":"/Users/bradyjeong/Documents/Projects/Amp/gta4/gta_game/gameplay_sim/Cargo.toml","target":{"kind":["lib"],"crate_types":["lib"],"name":"gameplay_sim","src_path":"/Users/bradyjeong/Documents/Projects/Amp/gta4/gta_game/gameplay_sim/src/lib.rs","edition":"2021","doc":true,"doctest":true,"test":true},"message":{"rendered":"warning: function `get_pitch_input` is never used\n   --> gameplay_sim/src/input/control_manager.rs:784:8\n    |\n784 | pub fn get_pitch_input(control_manager: &ControlManager) -> f32 {\n    |        ^^^^^^^^^^^^^^^\n\n","$message_type":"diagnostic","children":[],"code":{"code":"dead_code","explanation":null},"level":"warning","message":"function `get_pitch_input` is never used","spans":[{"byte_end":29832,"byte_start":29817,"column_end":23,"column_start":8,"expansion":null,"file_name":"gameplay_sim/src/input/control_manager.rs","is_primary":true,"label":null,"line_end":784,"line_start":784,"suggested_replacement":null,"suggestion_applicability":null,"text":[{"highlight_end":23,"highlight_start":8,"text":"pub fn get_pitch_input(control_manager: &ControlManager) -> f32 {"}]}]}}
{"reason":"compiler-message","package_id":"path+file:///Users/bradyjeong/Documents/Projects/Amp/gta4/gta_game/gameplay_sim#0.1.0","manifest_path":"/Users/bradyjeong/Documents/Projects/Amp/gta4/gta_game/gameplay_sim/Cargo.toml","target":{"kind":["lib"],"crate_types":["lib"],"name":"gameplay_sim","src_path":"/Users/bradyjeong/Documents/Projects/Amp/gta4/gta_game/gameplay_sim/src/lib.rs","edition":"2021","doc":true,"doctest":true,"test":true},"message":{"rendered":"warning: function `get_roll_input` is never used\n   --> gameplay_sim/src/input/control_manager.rs:788:8\n    |\n788 | pub fn get_roll_input(control_manager: &ControlManager) -> f32 {\n    |        ^^^^^^^^^^^^^^\n\n","$message_type":"diagnostic","children":[],"code":{"code":"dead_code","explanation":null},"level":"warning","message":"function `get_roll_input` is never used","spans":[{"byte_end":29960,"byte_start":29946,"column_end":22,"column_start":8,"expansion":null,"file_name":"gameplay_sim/src/input/control_manager.rs","is_primary":true,"label":null,"line_end":788,"line_start":788,"suggested_replacement":null,"suggestion_applicability":null,"text":[{"highlight_end":22,"highlight_start":8,"text":"pub fn get_roll_input(control_manager: &ControlManager) -> f32 {"}]}]}}
{"reason":"compiler-message","package_id":"path+file:///Users/bradyjeong/Documents/Projects/Amp/gta4/gta_game/gameplay_sim#0.1.0","manifest_path":"/Users/bradyjeong/Documents/Projects/Amp/gta4/gta_game/gameplay_sim/Cargo.toml","target":{"kind":["lib"],"crate_types":["lib"],"name":"gameplay_sim","src_path":"/Users/bradyjeong/Documents/Projects/Amp/gta4/gta_game/gameplay_sim/src/lib.rs","edition":"2021","doc":true,"doctest":true,"test":true},"message":{"rendered":"warning: function `get_yaw_input` is never used\n   --> gameplay_sim/src/input/control_manager.rs:792:8\n    |\n792 | pub fn get_yaw_input(control_manager: &ControlManager) -> f32 {\n    |        ^^^^^^^^^^^^^\n\n","$message_type":"diagnostic","children":[],"code":{"code":"dead_code","explanation":null},"level":"warning","message":"function `get_yaw_input` is never used","spans":[{"byte_end":30086,"byte_start":30073,"column_end":21,"column_start":8,"expansion":null,"file_name":"gameplay_sim/src/input/control_manager.rs","is_primary":true,"label":null,"line_end":792,"line_start":792,"suggested_replacement":null,"suggestion_applicability":null,"text":[{"highlight_end":21,"highlight_start":8,"text":"pub fn get_yaw_input(control_manager: &ControlManager) -> f32 {"}]}]}}
{"reason":"compiler-message","package_id":"path+file:///Users/bradyjeong/Documents/Projects/Amp/gta4/gta_game/gameplay_sim#0.1.0","manifest_path":"/Users/bradyjeong/Documents/Projects/Amp/gta4/gta_game/gameplay_sim/Cargo.toml","target":{"kind":["lib"],"crate_types":["lib"],"name":"gameplay_sim","src_path":"/Users/bradyjeong/Documents/Projects/Amp/gta4/gta_game/gameplay_sim/src/lib.rs","edition":"2021","doc":true,"doctest":true,"test":true},"message":{"rendered":"warning: function `get_throttle_input` is never used\n   --> gameplay_sim/src/input/control_manager.rs:796:8\n    |\n796 | pub fn get_throttle_input(control_manager: &ControlManager) -> f32 {\n    |        ^^^^^^^^^^^^^^^^^^\n\n","$message_type":"diagnostic","children":[],"code":{"code":"dead_code","explanation":null},"level":"warning","message":"function `get_throttle_input` is never used","spans":[{"byte_end":30216,"byte_start":30198,"column_end":26,"column_start":8,"expansion":null,"file_name":"gameplay_sim/src/input/control_manager.rs","is_primary":true,"label":null,"line_end":796,"line_start":796,"suggested_replacement":null,"suggestion_applicability":null,"text":[{"highlight_end":26,"highlight_start":8,"text":"pub fn get_throttle_input(control_manager: &ControlManager) -> f32 {"}]}]}}
{"reason":"compiler-message","package_id":"path+file:///Users/bradyjeong/Documents/Projects/Amp/gta4/gta_game/gameplay_sim#0.1.0","manifest_path":"/Users/bradyjeong/Documents/Projects/Amp/gta4/gta_game/gameplay_sim/Cargo.toml","target":{"kind":["lib"],"crate_types":["lib"],"name":"gameplay_sim","src_path":"/Users/bradyjeong/Documents/Projects/Amp/gta4/gta_game/gameplay_sim/src/lib.rs","edition":"2021","doc":true,"doctest":true,"test":true},"message":{"rendered":"warning: function `npc_ai_control_system` is never used\n   --> gameplay_sim/src/input/control_manager.rs:801:8\n    |\n801 | pub fn npc_ai_control_system(\n    |        ^^^^^^^^^^^^^^^^^^^^^\n\n","$message_type":"diagnostic","children":[],"code":{"code":"dead_code","explanation":null},"level":"warning","message":"function `npc_ai_control_system` is never used","spans":[{"byte_end":30429,"byte_start":30408,"column_end":29,"column_start":8,"expansion":null,"file_name":"gameplay_sim/src/input/control_manager.rs","is_primary":true,"label":null,"line_end":801,"line_start":801,"suggested_replacement":null,"suggestion_applicability":null,"text":[{"highlight_end":29,"highlight_start":8,"text":"pub fn npc_ai_control_system("}]}]}}
{"reason":"compiler-message","package_id":"path+file:///Users/bradyjeong/Documents/Projects/Amp/gta4/gta_game/gameplay_sim#0.1.0","manifest_path":"/Users/bradyjeong/Documents/Projects/Amp/gta4/gta_game/gameplay_sim/Cargo.toml","target":{"kind":["lib"],"crate_types":["lib"],"name":"gameplay_sim","src_path":"/Users/bradyjeong/Documents/Projects/Amp/gta4/gta_game/gameplay_sim/src/lib.rs","edition":"2021","doc":true,"doctest":true,"test":true},"message":{"rendered":"warning: multiple methods are never used\n  --> gameplay_sim/src/input/control_manager_ext.rs:17:8\n   |\n16 | pub trait ControlManagerExt {\n   |           ----------------- methods in this trait\n17 |     fn is_accelerating(&self) -> bool;\n   |        ^^^^^^^^^^^^^^^\n18 |     fn is_braking(&self) -> bool;\n   |        ^^^^^^^^^^\n19 |     fn is_turning_left(&self) -> bool;\n   |        ^^^^^^^^^^^^^^^\n20 |     fn is_turning_right(&self) -> bool;\n   |        ^^^^^^^^^^^^^^^^\n21 |     fn is_moving_forward(&self) -> bool;\n   |        ^^^^^^^^^^^^^^^^^\n22 |     fn is_moving_backward(&self) -> bool;\n   |        ^^^^^^^^^^^^^^^^^^\n23 |     fn axis(&self, axis_name: &str) -> f32;\n   |        ^^^^\n24 |     fn get_steering_input(&self) -> f32;\n   |        ^^^^^^^^^^^^^^^^^^\n25 |     fn get_throttle_input(&self) -> f32;\n   |        ^^^^^^^^^^^^^^^^^^\n26 |     fn get_brake_input(&self) -> f32;\n   |        ^^^^^^^^^^^^^^^\n27 |     fn get_pitch_input(&self) -> f32;\n   |        ^^^^^^^^^^^^^^^\n28 |     fn get_yaw_input(&self) -> f32;\n   |        ^^^^^^^^^^^^^\n29 |     fn get_roll_input(&self) -> f32;\n   |        ^^^^^^^^^^^^^^\n\n","$message_type":"diagnostic","children":[],"code":{"code":"dead_code","explanation":null},"level":"warning","message":"multiple methods are never used","spans":[{"byte_end":707,"byte_start":690,"column_end":28,"column_start":11,"expansion":null,"file_name":"gameplay_sim/src/input/control_manager_ext.rs","is_primary":false,"label":"methods in this trait","line_end":16,"line_start":16,"suggested_replacement":null,"suggestion_applicability":null,"text":[{"highlight_end":28,"highlight_start":11,"text":"pub trait ControlManagerExt {"}]},{"byte_end":732,"byte_start":717,"column_end":23,"column_start":8,"expansion":null,"file_name":"gameplay_sim/src/input/control_manager_ext.rs","is_primary":true,"label":null,"line_end":17,"line_start":17,"suggested_replacement":null,"suggestion_applicability":null,"text":[{"highlight_end":23,"highlight_start":8,"text":"    fn is_accelerating(&self) -> bool;"}]},{"byte_end":766,"byte_start":756,"column_end":18,"column_start":8,"expansion":null,"file_name":"gameplay_sim/src/input/control_manager_ext.rs","is_primary":true,"label":null,"line_end":18,"line_start":18,"suggested_replacement":null,"suggestion_applicability":null,"text":[{"highlight_end":18,"highlight_start":8,"text":"    fn is_braking(&self) -> bool;"}]},{"byte_end":805,"byte_start":790,"column_end":23,"column_start":8,"expansion":null,"file_name":"gameplay_sim/src/input/control_manager_ext.rs","is_primary":true,"label":null,"line_end":19,"line_start":19,"suggested_replacement":null,"suggestion_applicability":null,"text":[{"highlight_end":23,"highlight_start":8,"text":"    fn is_turning_left(&self) -> bool;"}]},{"byte_end":845,"byte_start":829,"column_end":24,"column_start":8,"expansion":null,"file_name":"gameplay_sim/src/input/control_manager_ext.rs","is_primary":true,"label":null,"line_end":20,"line_start":20,"suggested_replacement":null,"suggestion_applicability":null,"text":[{"highlight_end":24,"highlight_start":8,"text":"    fn is_turning_right(&self) -> bool;"}]},{"byte_end":886,"byte_start":869,"column_end":25,"column_start":8,"expansion":null,"file_name":"gameplay_sim/src/input/control_manager_ext.rs","is_primary":true,"label":null,"line_end":21,"line_start":21,"suggested_replacement":null,"suggestion_applicability":null,"text":[{"highlight_end":25,"highlight_start":8,"text":"    fn is_moving_forward(&self) -> bool;"}]},{"byte_end":928,"byte_start":910,"column_end":26,"column_start":8,"expansion":null,"file_name":"gameplay_sim/src/input/control_manager_ext.rs","is_primary":true,"label":null,"line_end":22,"line_start":22,"suggested_replacement":null,"suggestion_applicability":null,"text":[{"highlight_end":26,"highlight_start":8,"text":"    fn is_moving_backward(&self) -> bool;"}]},{"byte_end":956,"byte_start":952,"column_end":12,"column_start":8,"expansion":null,"file_name":"gameplay_sim/src/input/control_manager_ext.rs","is_primary":true,"label":null,"line_end":23,"line_start":23,"suggested_replacement":null,"suggestion_applicability":null,"text":[{"highlight_end":12,"highlight_start":8,"text":"    fn axis(&self, axis_name: &str) -> f32;"}]},{"byte_end":1014,"byte_start":996,"column_end":26,"column_start":8,"expansion":null,"file_name":"gameplay_sim/src/input/control_manager_ext.rs","is_primary":true,"label":null,"line_end":24,"line_start":24,"suggested_replacement":null,"suggestion_applicability":null,"text":[{"highlight_end":26,"highlight_start":8,"text":"    fn get_steering_input(&self) -> f32;"}]},{"byte_end":1055,"byte_start":1037,"column_end":26,"column_start":8,"expansion":null,"file_name":"gameplay_sim/src/input/control_manager_ext.rs","is_primary":true,"label":null,"line_end":25,"line_start":25,"suggested_replacement":null,"suggestion_applicability":null,"text":[{"highlight_end":26,"highlight_start":8,"text":"    fn get_throttle_input(&self) -> f32;"}]},{"byte_end":1093,"byte_start":1078,"column_end":23,"column_start":8,"expansion":null,"file_name":"gameplay_sim/src/input/control_manager_ext.rs","is_primary":true,"label":null,"line_end":26,"line_start":26,"suggested_replacement":null,"suggestion_applicability":null,"text":[{"highlight_end":23,"highlight_start":8,"text":"    fn get_brake_input(&self) -> f32;"}]},{"byte_end":1131,"byte_start":1116,"column_end":23,"column_start":8,"expansion":null,"file_name":"gameplay_sim/src/input/control_manager_ext.rs","is_primary":true,"label":null,"line_end":27,"line_start":27,"suggested_replacement":null,"suggestion_applicability":null,"text":[{"highlight_end":23,"highlight_start":8,"text":"    fn get_pitch_input(&self) -> f32;"}]},{"byte_end":1167,"byte_start":1154,"column_end":21,"column_start":8,"expansion":null,"file_name":"gameplay_sim/src/input/control_manager_ext.rs","is_primary":true,"label":null,"line_end":28,"line_start":28,"suggested_replacement":null,"suggestion_applicability":null,"text":[{"highlight_end":21,"highlight_start":8,"text":"    fn get_yaw_input(&self) -> f32;"}]},{"byte_end":1204,"byte_start":1190,"column_end":22,"column_start":8,"expansion":null,"file_name":"gameplay_sim/src/input/control_manager_ext.rs","is_primary":true,"label":null,"line_end":29,"line_start":29,"suggested_replacement":null,"suggestion_applicability":null,"text":[{"highlight_end":22,"highlight_start":8,"text":"    fn get_roll_input(&self) -> f32;"}]}]}}
{"reason":"compiler-message","package_id":"path+file:///Users/bradyjeong/Documents/Projects/Amp/gta4/gta_game/gameplay_sim#0.1.0","manifest_path":"/Users/bradyjeong/Documents/Projects/Amp/gta4/gta_game/gameplay_sim/Cargo.toml","target":{"kind":["lib"],"crate_types":["lib"],"name":"gameplay_sim","src_path":"/Users/bradyjeong/Documents/Projects/Amp/gta4/gta_game/gameplay_sim/src/lib.rs","edition":"2021","doc":true,"doctest":true,"test":true},"message":{"rendered":"warning: function `is_accelerating` is never used\n  --> gameplay_sim/src/input/control_manager_ext.rs:87:8\n   |\n87 | pub fn is_accelerating(control_manager: &ControlManager) -> bool {\n   |        ^^^^^^^^^^^^^^^\n\n","$message_type":"diagnostic","children":[],"code":{"code":"dead_code","explanation":null},"level":"warning","message":"function `is_accelerating` is never used","spans":[{"byte_end":2622,"byte_start":2607,"column_end":23,"column_start":8,"expansion":null,"file_name":"gameplay_sim/src/input/control_manager_ext.rs","is_primary":true,"label":null,"line_end":87,"line_start":87,"suggested_replacement":null,"suggestion_applicability":null,"text":[{"highlight_end":23,"highlight_start":8,"text":"pub fn is_accelerating(control_manager: &ControlManager) -> bool {"}]}]}}
{"reason":"compiler-message","package_id":"path+file:///Users/bradyjeong/Documents/Projects/Amp/gta4/gta_game/gameplay_sim#0.1.0","manifest_path":"/Users/bradyjeong/Documents/Projects/Amp/gta4/gta_game/gameplay_sim/Cargo.toml","target":{"kind":["lib"],"crate_types":["lib"],"name":"gameplay_sim","src_path":"/Users/bradyjeong/Documents/Projects/Amp/gta4/gta_game/gameplay_sim/src/lib.rs","edition":"2021","doc":true,"doctest":true,"test":true},"message":{"rendered":"warning: function `is_braking` is never used\n  --> gameplay_sim/src/input/control_manager_ext.rs:91:8\n   |\n91 | pub fn is_braking(control_manager: &ControlManager) -> bool {\n   |        ^^^^^^^^^^\n\n","$message_type":"diagnostic","children":[],"code":{"code":"dead_code","explanation":null},"level":"warning","message":"function `is_braking` is never used","spans":[{"byte_end":2725,"byte_start":2715,"column_end":18,"column_start":8,"expansion":null,"file_name":"gameplay_sim/src/input/control_manager_ext.rs","is_primary":true,"label":null,"line_end":91,"line_start":91,"suggested_replacement":null,"suggestion_applicability":null,"text":[{"highlight_end":18,"highlight_start":8,"text":"pub fn is_braking(control_manager: &ControlManager) -> bool {"}]}]}}
{"reason":"compiler-message","package_id":"path+file:///Users/bradyjeong/Documents/Projects/Amp/gta4/gta_game/gameplay_sim#0.1.0","manifest_path":"/Users/bradyjeong/Documents/Projects/Amp/gta4/gta_game/gameplay_sim/Cargo.toml","target":{"kind":["lib"],"crate_types":["lib"],"name":"gameplay_sim","src_path":"/Users/bradyjeong/Documents/Projects/Amp/gta4/gta_game/gameplay_sim/src/lib.rs","edition":"2021","doc":true,"doctest":true,"test":true},"message":{"rendered":"warning: function `is_turning_left` is never used\n  --> gameplay_sim/src/input/control_manager_ext.rs:95:8\n   |\n95 | pub fn is_turning_left(control_manager: &ControlManager) -> bool {\n   |        ^^^^^^^^^^^^^^^\n\n","$message_type":"diagnostic","children":[],"code":{"code":"dead_code","explanation":null},"level":"warning","message":"function `is_turning_left` is never used","spans":[{"byte_end":2828,"byte_start":2813,"column_end":23,"column_start":8,"expansion":null,"file_name":"gameplay_sim/src/input/control_manager_ext.rs","is_primary":true,"label":null,"line_end":95,"line_start":95,"suggested_replacement":null,"suggestion_applicability":null,"text":[{"highlight_end":23,"highlight_start":8,"text":"pub fn is_turning_left(control_manager: &ControlManager) -> bool {"}]}]}}
{"reason":"compiler-message","package_id":"path+file:///Users/bradyjeong/Documents/Projects/Amp/gta4/gta_game/gameplay_sim#0.1.0","manifest_path":"/Users/bradyjeong/Documents/Projects/Amp/gta4/gta_game/gameplay_sim/Cargo.toml","target":{"kind":["lib"],"crate_types":["lib"],"name":"gameplay_sim","src_path":"/Users/bradyjeong/Documents/Projects/Amp/gta4/gta_game/gameplay_sim/src/lib.rs","edition":"2021","doc":true,"doctest":true,"test":true},"message":{"rendered":"warning: function `is_turning_right` is never used\n  --> gameplay_sim/src/input/control_manager_ext.rs:99:8\n   |\n99 | pub fn is_turning_right(control_manager: &ControlManager) -> bool {\n   |        ^^^^^^^^^^^^^^^^\n\n","$message_type":"diagnostic","children":[],"code":{"code":"dead_code","explanation":null},"level":"warning","message":"function `is_turning_right` is never used","spans":[{"byte_end":2937,"byte_start":2921,"column_end":24,"column_start":8,"expansion":null,"file_name":"gameplay_sim/src/input/control_manager_ext.rs","is_primary":true,"label":null,"line_end":99,"line_start":99,"suggested_replacement":null,"suggestion_applicability":null,"text":[{"highlight_end":24,"highlight_start":8,"text":"pub fn is_turning_right(control_manager: &ControlManager) -> bool {"}]}]}}
{"reason":"compiler-message","package_id":"path+file:///Users/bradyjeong/Documents/Projects/Amp/gta4/gta_game/gameplay_sim#0.1.0","manifest_path":"/Users/bradyjeong/Documents/Projects/Amp/gta4/gta_game/gameplay_sim/Cargo.toml","target":{"kind":["lib"],"crate_types":["lib"],"name":"gameplay_sim","src_path":"/Users/bradyjeong/Documents/Projects/Amp/gta4/gta_game/gameplay_sim/src/lib.rs","edition":"2021","doc":true,"doctest":true,"test":true},"message":{"rendered":"warning: function `setup_basic_world` is never used\n  --> gameplay_sim/src/setup/world.rs:14:8\n   |\n14 | pub fn setup_basic_world(\n   |        ^^^^^^^^^^^^^^^^^\n\n","$message_type":"diagnostic","children":[],"code":{"code":"dead_code","explanation":null},"level":"warning","message":"function `setup_basic_world` is never used","spans":[{"byte_end":595,"byte_start":578,"column_end":25,"column_start":8,"expansion":null,"file_name":"gameplay_sim/src/setup/world.rs","is_primary":true,"label":null,"line_end":14,"line_start":14,"suggested_replacement":null,"suggestion_applicability":null,"text":[{"highlight_end":25,"highlight_start":8,"text":"pub fn setup_basic_world("}]}]}}
{"reason":"compiler-message","package_id":"path+file:///Users/bradyjeong/Documents/Projects/Amp/gta4/gta_game/gameplay_sim#0.1.0","manifest_path":"/Users/bradyjeong/Documents/Projects/Amp/gta4/gta_game/gameplay_sim/Cargo.toml","target":{"kind":["lib"],"crate_types":["lib"],"name":"gameplay_sim","src_path":"/Users/bradyjeong/Documents/Projects/Amp/gta4/gta_game/gameplay_sim/src/lib.rs","edition":"2021","doc":true,"doctest":true,"test":true},"message":{"rendered":"warning: function `setup_dubai_noon_lighting` is never used\n   --> gameplay_sim/src/setup/world.rs:271:8\n    |\n271 | pub fn setup_dubai_noon_lighting(mut commands: Commands) {\n    |        ^^^^^^^^^^^^^^^^^^^^^^^^^\n\n","$message_type":"diagnostic","children":[],"code":{"code":"dead_code","explanation":null},"level":"warning","message":"function `setup_dubai_noon_lighting` is never used","spans":[{"byte_end":9682,"byte_start":9657,"column_end":33,"column_start":8,"expansion":null,"file_name":"gameplay_sim/src/setup/world.rs","is_primary":true,"label":null,"line_end":271,"line_start":271,"suggested_replacement":null,"suggestion_applicability":null,"text":[{"highlight_end":33,"highlight_start":8,"text":"pub fn setup_dubai_noon_lighting(mut commands: Commands) {"}]}]}}
{"reason":"compiler-message","package_id":"path+file:///Users/bradyjeong/Documents/Projects/Amp/gta4/gta_game/gameplay_sim#0.1.0","manifest_path":"/Users/bradyjeong/Documents/Projects/Amp/gta4/gta_game/gameplay_sim/Cargo.toml","target":{"kind":["lib"],"crate_types":["lib"],"name":"gameplay_sim","src_path":"/Users/bradyjeong/Documents/Projects/Amp/gta4/gta_game/gameplay_sim/src/lib.rs","edition":"2021","doc":true,"doctest":true,"test":true},"message":{"rendered":"warning: enum `BugattiColorScheme` is never used\n --> gameplay_sim/src/setup/vehicles.rs:9:10\n  |\n9 | pub enum BugattiColorScheme {\n  |          ^^^^^^^^^^^^^^^^^^\n  |\n  = note: `BugattiColorScheme` has a derived impl for the trait `Clone`, but this is intentionally ignored during dead code analysis\n\n","$message_type":"diagnostic","children":[{"children":[],"code":null,"level":"note","message":"`BugattiColorScheme` has a derived impl for the trait `Clone`, but this is intentionally ignored during dead code analysis","rendered":null,"spans":[]}],"code":{"code":"dead_code","explanation":null},"level":"warning","message":"enum `BugattiColorScheme` is never used","spans":[{"byte_end":311,"byte_start":293,"column_end":28,"column_start":10,"expansion":null,"file_name":"gameplay_sim/src/setup/vehicles.rs","is_primary":true,"label":null,"line_end":9,"line_start":9,"suggested_replacement":null,"suggestion_applicability":null,"text":[{"highlight_end":28,"highlight_start":10,"text":"pub enum BugattiColorScheme {"}]}]}}
{"reason":"compiler-message","package_id":"path+file:///Users/bradyjeong/Documents/Projects/Amp/gta4/gta_game/gameplay_sim#0.1.0","manifest_path":"/Users/bradyjeong/Documents/Projects/Amp/gta4/gta_game/gameplay_sim/Cargo.toml","target":{"kind":["lib"],"crate_types":["lib"],"name":"gameplay_sim","src_path":"/Users/bradyjeong/Documents/Projects/Amp/gta4/gta_game/gameplay_sim/src/lib.rs","edition":"2021","doc":true,"doctest":true,"test":true},"message":{"rendered":"warning: method `get_material` is never used\n  --> gameplay_sim/src/setup/vehicles.rs:18:12\n   |\n17 | impl BugattiColorScheme {\n   | ----------------------- method in this implementation\n18 |     pub fn get_material(&self) -> StandardMaterial {\n   |            ^^^^^^^^^^^^\n\n","$message_type":"diagnostic","children":[],"code":{"code":"dead_code","explanation":null},"level":"warning","message":"method `get_material` is never used","spans":[{"byte_end":590,"byte_start":567,"column_end":24,"column_start":1,"expansion":null,"file_name":"gameplay_sim/src/setup/vehicles.rs","is_primary":false,"label":"method in this implementation","line_end":17,"line_start":17,"suggested_replacement":null,"suggestion_applicability":null,"text":[{"highlight_end":24,"highlight_start":1,"text":"impl BugattiColorScheme {"}]},{"byte_end":616,"byte_start":604,"column_end":24,"column_start":12,"expansion":null,"file_name":"gameplay_sim/src/setup/vehicles.rs","is_primary":true,"label":null,"line_end":18,"line_start":18,"suggested_replacement":null,"suggestion_applicability":null,"text":[{"highlight_end":24,"highlight_start":12,"text":"    pub fn get_material(&self) -> StandardMaterial {"}]}]}}
{"reason":"compiler-message","package_id":"path+file:///Users/bradyjeong/Documents/Projects/Amp/gta4/gta_game/gameplay_sim#0.1.0","manifest_path":"/Users/bradyjeong/Documents/Projects/Amp/gta4/gta_game/gameplay_sim/Cargo.toml","target":{"kind":["lib"],"crate_types":["lib"],"name":"gameplay_sim","src_path":"/Users/bradyjeong/Documents/Projects/Amp/gta4/gta_game/gameplay_sim/src/lib.rs","edition":"2021","doc":true,"doctest":true,"test":true},"message":{"rendered":"warning: function `setup_luxury_bugatti_chiron` is never used\n  --> gameplay_sim/src/setup/vehicles.rs:81:8\n   |\n81 | pub fn setup_luxury_bugatti_chiron(\n   |        ^^^^^^^^^^^^^^^^^^^^^^^^^^^\n\n","$message_type":"diagnostic","children":[],"code":{"code":"dead_code","explanation":null},"level":"warning","message":"function `setup_luxury_bugatti_chiron` is never used","spans":[{"byte_end":2915,"byte_start":2888,"column_end":35,"column_start":8,"expansion":null,"file_name":"gameplay_sim/src/setup/vehicles.rs","is_primary":true,"label":null,"line_end":81,"line_start":81,"suggested_replacement":null,"suggestion_applicability":null,"text":[{"highlight_end":35,"highlight_start":8,"text":"pub fn setup_luxury_bugatti_chiron("}]}]}}
{"reason":"compiler-message","package_id":"path+file:///Users/bradyjeong/Documents/Projects/Amp/gta4/gta_game/gameplay_sim#0.1.0","manifest_path":"/Users/bradyjeong/Documents/Projects/Amp/gta4/gta_game/gameplay_sim/Cargo.toml","target":{"kind":["lib"],"crate_types":["lib"],"name":"gameplay_sim","src_path":"/Users/bradyjeong/Documents/Projects/Amp/gta4/gta_game/gameplay_sim/src/lib.rs","edition":"2021","doc":true,"doctest":true,"test":true},"message":{"rendered":"warning: function `setup_palm_trees` is never used\n  --> gameplay_sim/src/setup/environment.rs:10:8\n   |\n10 | pub fn setup_palm_trees(\n   |        ^^^^^^^^^^^^^^^^\n\n","$message_type":"diagnostic","children":[],"code":{"code":"dead_code","explanation":null},"level":"warning","message":"function `setup_palm_trees` is never used","spans":[{"byte_end":308,"byte_start":292,"column_end":24,"column_start":8,"expansion":null,"file_name":"gameplay_sim/src/setup/environment.rs","is_primary":true,"label":null,"line_end":10,"line_start":10,"suggested_replacement":null,"suggestion_applicability":null,"text":[{"highlight_end":24,"highlight_start":8,"text":"pub fn setup_palm_trees("}]}]}}
{"reason":"compiler-message","package_id":"path+file:///Users/bradyjeong/Documents/Projects/Amp/gta4/gta_game/gameplay_sim#0.1.0","manifest_path":"/Users/bradyjeong/Documents/Projects/Amp/gta4/gta_game/gameplay_sim/Cargo.toml","target":{"kind":["lib"],"crate_types":["lib"],"name":"gameplay_sim","src_path":"/Users/bradyjeong/Documents/Projects/Amp/gta4/gta_game/gameplay_sim/src/lib.rs","edition":"2021","doc":true,"doctest":true,"test":true},"message":{"rendered":"warning: function `setup_initial_vehicles_unified` is never used\n  --> gameplay_sim/src/setup/unified_vehicles.rs:25:8\n   |\n25 | pub fn setup_initial_vehicles_unified(\n   |        ^^^^^^^^^^^^^^^^^^^^^^^^^^^^^^\n\n","$message_type":"diagnostic","children":[],"code":{"code":"dead_code","explanation":null},"level":"warning","message":"function `setup_initial_vehicles_unified` is never used","spans":[{"byte_end":1171,"byte_start":1141,"column_end":38,"column_start":8,"expansion":null,"file_name":"gameplay_sim/src/setup/unified_vehicles.rs","is_primary":true,"label":null,"line_end":25,"line_start":25,"suggested_replacement":null,"suggestion_applicability":null,"text":[{"highlight_end":38,"highlight_start":8,"text":"pub fn setup_initial_vehicles_unified("}]}]}}
{"reason":"compiler-message","package_id":"path+file:///Users/bradyjeong/Documents/Projects/Amp/gta4/gta_game/gameplay_sim#0.1.0","manifest_path":"/Users/bradyjeong/Documents/Projects/Amp/gta4/gta_game/gameplay_sim/Cargo.toml","target":{"kind":["lib"],"crate_types":["lib"],"name":"gameplay_sim","src_path":"/Users/bradyjeong/Documents/Projects/Amp/gta4/gta_game/gameplay_sim/src/lib.rs","edition":"2021","doc":true,"doctest":true,"test":true},"message":{"rendered":"warning: function `setup_starter_vehicles_unified` is never used\n  --> gameplay_sim/src/setup/unified_vehicles.rs:86:4\n   |\n86 | fn setup_starter_vehicles_unified(\n   |    ^^^^^^^^^^^^^^^^^^^^^^^^^^^^^^\n\n","$message_type":"diagnostic","children":[],"code":{"code":"dead_code","explanation":null},"level":"warning","message":"function `setup_starter_vehicles_unified` is never used","spans":[{"byte_end":3215,"byte_start":3185,"column_end":34,"column_start":4,"expansion":null,"file_name":"gameplay_sim/src/setup/unified_vehicles.rs","is_primary":true,"label":null,"line_end":86,"line_start":86,"suggested_replacement":null,"suggestion_applicability":null,"text":[{"highlight_end":34,"highlight_start":4,"text":"fn setup_starter_vehicles_unified("}]}]}}
{"reason":"compiler-message","package_id":"path+file:///Users/bradyjeong/Documents/Projects/Amp/gta4/gta_game/gameplay_sim#0.1.0","manifest_path":"/Users/bradyjeong/Documents/Projects/Amp/gta4/gta_game/gameplay_sim/Cargo.toml","target":{"kind":["lib"],"crate_types":["lib"],"name":"gameplay_sim","src_path":"/Users/bradyjeong/Documents/Projects/Amp/gta4/gta_game/gameplay_sim/src/lib.rs","edition":"2021","doc":true,"doctest":true,"test":true},"message":{"rendered":"warning: function `setup_supercar_unified` is never used\n   --> gameplay_sim/src/setup/unified_vehicles.rs:199:4\n    |\n199 | fn setup_supercar_unified(\n    |    ^^^^^^^^^^^^^^^^^^^^^^\n\n","$message_type":"diagnostic","children":[],"code":{"code":"dead_code","explanation":null},"level":"warning","message":"function `setup_supercar_unified` is never used","spans":[{"byte_end":8287,"byte_start":8265,"column_end":26,"column_start":4,"expansion":null,"file_name":"gameplay_sim/src/setup/unified_vehicles.rs","is_primary":true,"label":null,"line_end":199,"line_start":199,"suggested_replacement":null,"suggestion_applicability":null,"text":[{"highlight_end":26,"highlight_start":4,"text":"fn setup_supercar_unified("}]}]}}
{"reason":"compiler-message","package_id":"path+file:///Users/bradyjeong/Documents/Projects/Amp/gta4/gta_game/gameplay_sim#0.1.0","manifest_path":"/Users/bradyjeong/Documents/Projects/Amp/gta4/gta_game/gameplay_sim/Cargo.toml","target":{"kind":["lib"],"crate_types":["lib"],"name":"gameplay_sim","src_path":"/Users/bradyjeong/Documents/Projects/Amp/gta4/gta_game/gameplay_sim/src/lib.rs","edition":"2021","doc":true,"doctest":true,"test":true},"message":{"rendered":"warning: function `setup_luxury_cars_unified` is never used\n   --> gameplay_sim/src/setup/unified_vehicles.rs:310:4\n    |\n310 | fn setup_luxury_cars_unified(\n    |    ^^^^^^^^^^^^^^^^^^^^^^^^^\n\n","$message_type":"diagnostic","children":[],"code":{"code":"dead_code","explanation":null},"level":"warning","message":"function `setup_luxury_cars_unified` is never used","spans":[{"byte_end":13101,"byte_start":13076,"column_end":29,"column_start":4,"expansion":null,"file_name":"gameplay_sim/src/setup/unified_vehicles.rs","is_primary":true,"label":null,"line_end":310,"line_start":310,"suggested_replacement":null,"suggestion_applicability":null,"text":[{"highlight_end":29,"highlight_start":4,"text":"fn setup_luxury_cars_unified("}]}]}}
{"reason":"compiler-message","package_id":"path+file:///Users/bradyjeong/Documents/Projects/Amp/gta4/gta_game/gameplay_sim#0.1.0","manifest_path":"/Users/bradyjeong/Documents/Projects/Amp/gta4/gta_game/gameplay_sim/Cargo.toml","target":{"kind":["lib"],"crate_types":["lib"],"name":"gameplay_sim","src_path":"/Users/bradyjeong/Documents/Projects/Amp/gta4/gta_game/gameplay_sim/src/lib.rs","edition":"2021","doc":true,"doctest":true,"test":true},"message":{"rendered":"warning: function `setup_initial_npcs_unified` is never used\n  --> gameplay_sim/src/setup/unified_npcs.rs:16:8\n   |\n16 | pub fn setup_initial_npcs_unified(\n   |        ^^^^^^^^^^^^^^^^^^^^^^^^^^\n\n","$message_type":"diagnostic","children":[],"code":{"code":"dead_code","explanation":null},"level":"warning","message":"function `setup_initial_npcs_unified` is never used","spans":[{"byte_end":636,"byte_start":610,"column_end":34,"column_start":8,"expansion":null,"file_name":"gameplay_sim/src/setup/unified_npcs.rs","is_primary":true,"label":null,"line_end":16,"line_start":16,"suggested_replacement":null,"suggestion_applicability":null,"text":[{"highlight_end":34,"highlight_start":8,"text":"pub fn setup_initial_npcs_unified("}]}]}}
{"reason":"compiler-message","package_id":"path+file:///Users/bradyjeong/Documents/Projects/Amp/gta4/gta_game/gameplay_sim#0.1.0","manifest_path":"/Users/bradyjeong/Documents/Projects/Amp/gta4/gta_game/gameplay_sim/Cargo.toml","target":{"kind":["lib"],"crate_types":["lib"],"name":"gameplay_sim","src_path":"/Users/bradyjeong/Documents/Projects/Amp/gta4/gta_game/gameplay_sim/src/lib.rs","edition":"2021","doc":true,"doctest":true,"test":true},"message":{"rendered":"warning: variants `Helicopter` and `F16` are never constructed\n  --> gameplay_sim/src/setup/unified_aircraft.rs:15:5\n   |\n14 | pub enum AircraftType {\n   |          ------------ variants in this enum\n15 |     Helicopter,  // Complex multi-component aircraft\n   |     ^^^^^^^^^^\n16 |     F16,         // Simple fighter jet\n   |     ^^^\n   |\n   = note: `AircraftType` has derived impls for the traits `Clone` and `Debug`, but these are intentionally ignored during dead code analysis\n\n","$message_type":"diagnostic","children":[{"children":[],"code":null,"level":"note","message":"`AircraftType` has derived impls for the traits `Clone` and `Debug`, but these are intentionally ignored during dead code analysis","rendered":null,"spans":[]}],"code":{"code":"dead_code","explanation":null},"level":"warning","message":"variants `Helicopter` and `F16` are never constructed","spans":[{"byte_end":599,"byte_start":587,"column_end":22,"column_start":10,"expansion":null,"file_name":"gameplay_sim/src/setup/unified_aircraft.rs","is_primary":false,"label":"variants in this enum","line_end":14,"line_start":14,"suggested_replacement":null,"suggestion_applicability":null,"text":[{"highlight_end":22,"highlight_start":10,"text":"pub enum AircraftType {"}]},{"byte_end":616,"byte_start":606,"column_end":15,"column_start":5,"expansion":null,"file_name":"gameplay_sim/src/setup/unified_aircraft.rs","is_primary":true,"label":null,"line_end":15,"line_start":15,"suggested_replacement":null,"suggestion_applicability":null,"text":[{"highlight_end":15,"highlight_start":5,"text":"    Helicopter,  // Complex multi-component aircraft"}]},{"byte_end":662,"byte_start":659,"column_end":8,"column_start":5,"expansion":null,"file_name":"gameplay_sim/src/setup/unified_aircraft.rs","is_primary":true,"label":null,"line_end":16,"line_start":16,"suggested_replacement":null,"suggestion_applicability":null,"text":[{"highlight_end":8,"highlight_start":5,"text":"    F16,         // Simple fighter jet"}]}]}}
{"reason":"compiler-message","package_id":"path+file:///Users/bradyjeong/Documents/Projects/Amp/gta4/gta_game/gameplay_sim#0.1.0","manifest_path":"/Users/bradyjeong/Documents/Projects/Amp/gta4/gta_game/gameplay_sim/Cargo.toml","target":{"kind":["lib"],"crate_types":["lib"],"name":"gameplay_sim","src_path":"/Users/bradyjeong/Documents/Projects/Amp/gta4/gta_game/gameplay_sim/src/lib.rs","edition":"2021","doc":true,"doctest":true,"test":true},"message":{"rendered":"warning: function `setup_initial_aircraft_unified` is never used\n  --> gameplay_sim/src/setup/unified_aircraft.rs:29:8\n   |\n29 | pub fn setup_initial_aircraft_unified(\n   |        ^^^^^^^^^^^^^^^^^^^^^^^^^^^^^^\n\n","$message_type":"diagnostic","children":[],"code":{"code":"dead_code","explanation":null},"level":"warning","message":"function `setup_initial_aircraft_unified` is never used","spans":[{"byte_end":1283,"byte_start":1253,"column_end":38,"column_start":8,"expansion":null,"file_name":"gameplay_sim/src/setup/unified_aircraft.rs","is_primary":true,"label":null,"line_end":29,"line_start":29,"suggested_replacement":null,"suggestion_applicability":null,"text":[{"highlight_end":38,"highlight_start":8,"text":"pub fn setup_initial_aircraft_unified("}]}]}}
{"reason":"compiler-message","package_id":"path+file:///Users/bradyjeong/Documents/Projects/Amp/gta4/gta_game/gameplay_sim#0.1.0","manifest_path":"/Users/bradyjeong/Documents/Projects/Amp/gta4/gta_game/gameplay_sim/Cargo.toml","target":{"kind":["lib"],"crate_types":["lib"],"name":"gameplay_sim","src_path":"/Users/bradyjeong/Documents/Projects/Amp/gta4/gta_game/gameplay_sim/src/lib.rs","edition":"2021","doc":true,"doctest":true,"test":true},"message":{"rendered":"warning: function `spawn_aircraft_unified` is never used\n  --> gameplay_sim/src/setup/unified_aircraft.rs:63:4\n   |\n63 | fn spawn_aircraft_unified(\n   |    ^^^^^^^^^^^^^^^^^^^^^^\n\n","$message_type":"diagnostic","children":[],"code":{"code":"dead_code","explanation":null},"level":"warning","message":"function `spawn_aircraft_unified` is never used","spans":[{"byte_end":2398,"byte_start":2376,"column_end":26,"column_start":4,"expansion":null,"file_name":"gameplay_sim/src/setup/unified_aircraft.rs","is_primary":true,"label":null,"line_end":63,"line_start":63,"suggested_replacement":null,"suggestion_applicability":null,"text":[{"highlight_end":26,"highlight_start":4,"text":"fn spawn_aircraft_unified("}]}]}}
{"reason":"compiler-message","package_id":"path+file:///Users/bradyjeong/Documents/Projects/Amp/gta4/gta_game/gameplay_sim#0.1.0","manifest_path":"/Users/bradyjeong/Documents/Projects/Amp/gta4/gta_game/gameplay_sim/Cargo.toml","target":{"kind":["lib"],"crate_types":["lib"],"name":"gameplay_sim","src_path":"/Users/bradyjeong/Documents/Projects/Amp/gta4/gta_game/gameplay_sim/src/lib.rs","edition":"2021","doc":true,"doctest":true,"test":true},"message":{"rendered":"warning: function `spawn_helicopter_unified` is never used\n   --> gameplay_sim/src/setup/unified_aircraft.rs:124:4\n    |\n124 | fn spawn_helicopter_unified(\n    |    ^^^^^^^^^^^^^^^^^^^^^^^^\n\n","$message_type":"diagnostic","children":[],"code":{"code":"dead_code","explanation":null},"level":"warning","message":"function `spawn_helicopter_unified` is never used","spans":[{"byte_end":4436,"byte_start":4412,"column_end":28,"column_start":4,"expansion":null,"file_name":"gameplay_sim/src/setup/unified_aircraft.rs","is_primary":true,"label":null,"line_end":124,"line_start":124,"suggested_replacement":null,"suggestion_applicability":null,"text":[{"highlight_end":28,"highlight_start":4,"text":"fn spawn_helicopter_unified("}]}]}}
{"reason":"compiler-message","package_id":"path+file:///Users/bradyjeong/Documents/Projects/Amp/gta4/gta_game/gameplay_sim#0.1.0","manifest_path":"/Users/bradyjeong/Documents/Projects/Amp/gta4/gta_game/gameplay_sim/Cargo.toml","target":{"kind":["lib"],"crate_types":["lib"],"name":"gameplay_sim","src_path":"/Users/bradyjeong/Documents/Projects/Amp/gta4/gta_game/gameplay_sim/src/lib.rs","edition":"2021","doc":true,"doctest":true,"test":true},"message":{"rendered":"warning: function `spawn_f16_unified` is never used\n   --> gameplay_sim/src/setup/unified_aircraft.rs:228:4\n    |\n228 | fn spawn_f16_unified(\n    |    ^^^^^^^^^^^^^^^^^\n\n","$message_type":"diagnostic","children":[],"code":{"code":"dead_code","explanation":null},"level":"warning","message":"function `spawn_f16_unified` is never used","spans":[{"byte_end":8115,"byte_start":8098,"column_end":21,"column_start":4,"expansion":null,"file_name":"gameplay_sim/src/setup/unified_aircraft.rs","is_primary":true,"label":null,"line_end":228,"line_start":228,"suggested_replacement":null,"suggestion_applicability":null,"text":[{"highlight_end":21,"highlight_start":4,"text":"fn spawn_f16_unified("}]}]}}
{"reason":"compiler-message","package_id":"path+file:///Users/bradyjeong/Documents/Projects/Amp/gta4/gta_game/gameplay_sim#0.1.0","manifest_path":"/Users/bradyjeong/Documents/Projects/Amp/gta4/gta_game/gameplay_sim/Cargo.toml","target":{"kind":["lib"],"crate_types":["lib"],"name":"gameplay_sim","src_path":"/Users/bradyjeong/Documents/Projects/Amp/gta4/gta_game/gameplay_sim/src/lib.rs","edition":"2021","doc":true,"doctest":true,"test":true},"message":{"rendered":"warning: function `bevy_resource_entity_creation_system` is never used\n --> gameplay_sim/src/entity_creation.rs:8:8\n  |\n8 | pub fn bevy_resource_entity_creation_system(\n  |        ^^^^^^^^^^^^^^^^^^^^^^^^^^^^^^^^^^^^\n\n","$message_type":"diagnostic","children":[],"code":{"code":"dead_code","explanation":null},"level":"warning","message":"function `bevy_resource_entity_creation_system` is never used","spans":[{"byte_end":339,"byte_start":303,"column_end":44,"column_start":8,"expansion":null,"file_name":"gameplay_sim/src/entity_creation.rs","is_primary":true,"label":null,"line_end":8,"line_start":8,"suggested_replacement":null,"suggestion_applicability":null,"text":[{"highlight_end":44,"highlight_start":8,"text":"pub fn bevy_resource_entity_creation_system("}]}]}}
{"reason":"compiler-message","package_id":"path+file:///Users/bradyjeong/Documents/Projects/Amp/gta4/gta_game/gameplay_sim#0.1.0","manifest_path":"/Users/bradyjeong/Documents/Projects/Amp/gta4/gta_game/gameplay_sim/Cargo.toml","target":{"kind":["lib"],"crate_types":["lib"],"name":"gameplay_sim","src_path":"/Users/bradyjeong/Documents/Projects/Amp/gta4/gta_game/gameplay_sim/src/lib.rs","edition":"2021","doc":true,"doctest":true,"test":true},"message":{"rendered":"warning: function `bevy_resource_config_update_system` is never used\n  --> gameplay_sim/src/entity_creation.rs:79:8\n   |\n79 | pub fn bevy_resource_config_update_system(\n   |        ^^^^^^^^^^^^^^^^^^^^^^^^^^^^^^^^^^\n\n","$message_type":"diagnostic","children":[],"code":{"code":"dead_code","explanation":null},"level":"warning","message":"function `bevy_resource_config_update_system` is never used","spans":[{"byte_end":2986,"byte_start":2952,"column_end":42,"column_start":8,"expansion":null,"file_name":"gameplay_sim/src/entity_creation.rs","is_primary":true,"label":null,"line_end":79,"line_start":79,"suggested_replacement":null,"suggestion_applicability":null,"text":[{"highlight_end":42,"highlight_start":8,"text":"pub fn bevy_resource_config_update_system("}]}]}}
{"reason":"compiler-message","package_id":"path+file:///Users/bradyjeong/Documents/Projects/Amp/gta4/gta_game/gameplay_sim#0.1.0","manifest_path":"/Users/bradyjeong/Documents/Projects/Amp/gta4/gta_game/gameplay_sim/Cargo.toml","target":{"kind":["lib"],"crate_types":["lib"],"name":"gameplay_sim","src_path":"/Users/bradyjeong/Documents/Projects/Amp/gta4/gta_game/gameplay_sim/src/lib.rs","edition":"2021","doc":true,"doctest":true,"test":true},"message":{"rendered":"warning: function `bevy_asset_cleanup_system` is never used\n  --> gameplay_sim/src/entity_creation.rs:93:8\n   |\n93 | pub fn bevy_asset_cleanup_system(\n   |        ^^^^^^^^^^^^^^^^^^^^^^^^^\n\n","$message_type":"diagnostic","children":[],"code":{"code":"dead_code","explanation":null},"level":"warning","message":"function `bevy_asset_cleanup_system` is never used","spans":[{"byte_end":3452,"byte_start":3427,"column_end":33,"column_start":8,"expansion":null,"file_name":"gameplay_sim/src/entity_creation.rs","is_primary":true,"label":null,"line_end":93,"line_start":93,"suggested_replacement":null,"suggestion_applicability":null,"text":[{"highlight_end":33,"highlight_start":8,"text":"pub fn bevy_asset_cleanup_system("}]}]}}
{"reason":"compiler-message","package_id":"path+file:///Users/bradyjeong/Documents/Projects/Amp/gta4/gta_game/gameplay_sim#0.1.0","manifest_path":"/Users/bradyjeong/Documents/Projects/Amp/gta4/gta_game/gameplay_sim/Cargo.toml","target":{"kind":["lib"],"crate_types":["lib"],"name":"gameplay_sim","src_path":"/Users/bradyjeong/Documents/Projects/Amp/gta4/gta_game/gameplay_sim/src/lib.rs","edition":"2021","doc":true,"doctest":true,"test":true},"message":{"rendered":"warning: function `bevy_resource_factory_system` is never used\n   --> gameplay_sim/src/entity_creation.rs:105:8\n    |\n105 | pub fn bevy_resource_factory_system(\n    |        ^^^^^^^^^^^^^^^^^^^^^^^^^^^^\n\n","$message_type":"diagnostic","children":[],"code":{"code":"dead_code","explanation":null},"level":"warning","message":"function `bevy_resource_factory_system` is never used","spans":[{"byte_end":3874,"byte_start":3846,"column_end":36,"column_start":8,"expansion":null,"file_name":"gameplay_sim/src/entity_creation.rs","is_primary":true,"label":null,"line_end":105,"line_start":105,"suggested_replacement":null,"suggestion_applicability":null,"text":[{"highlight_end":36,"highlight_start":8,"text":"pub fn bevy_resource_factory_system("}]}]}}
{"reason":"compiler-message","package_id":"path+file:///Users/bradyjeong/Documents/Projects/Amp/gta4/gta_game/gameplay_sim#0.1.0","manifest_path":"/Users/bradyjeong/Documents/Projects/Amp/gta4/gta_game/gameplay_sim/Cargo.toml","target":{"kind":["lib"],"crate_types":["lib"],"name":"gameplay_sim","src_path":"/Users/bradyjeong/Documents/Projects/Amp/gta4/gta_game/gameplay_sim/src/lib.rs","edition":"2021","doc":true,"doctest":true,"test":true},"message":{"rendered":"warning: multiple variants are never constructed\n  --> gameplay_sim/src/spawn_validation.rs:10:5\n   |\n9  | pub enum SpawnableType {\n   |          ------------- variants in this enum\n10 |     Vehicle,\n   |     ^^^^^^^\n11 |     Aircraft,\n   |     ^^^^^^^^\n12 |     NPC,\n   |     ^^^\n13 |     Building,\n   |     ^^^^^^^^\n14 |     Tree,\n   |     ^^^^\n15 |     EnvironmentObject,\n   |     ^^^^^^^^^^^^^^^^^\n16 |     Player,\n   |     ^^^^^^\n   |\n   = note: `SpawnableType` has derived impls for the traits `Clone` and `Debug`, but these are intentionally ignored during dead code analysis\n\n","$message_type":"diagnostic","children":[{"children":[],"code":null,"level":"note","message":"`SpawnableType` has derived impls for the traits `Clone` and `Debug`, but these are intentionally ignored during dead code analysis","rendered":null,"spans":[]}],"code":{"code":"dead_code","explanation":null},"level":"warning","message":"multiple variants are never constructed","spans":[{"byte_end":251,"byte_start":238,"column_end":23,"column_start":10,"expansion":null,"file_name":"gameplay_sim/src/spawn_validation.rs","is_primary":false,"label":"variants in this enum","line_end":9,"line_start":9,"suggested_replacement":null,"suggestion_applicability":null,"text":[{"highlight_end":23,"highlight_start":10,"text":"pub enum SpawnableType {"}]},{"byte_end":265,"byte_start":258,"column_end":12,"column_start":5,"expansion":null,"file_name":"gameplay_sim/src/spawn_validation.rs","is_primary":true,"label":null,"line_end":10,"line_start":10,"suggested_replacement":null,"suggestion_applicability":null,"text":[{"highlight_end":12,"highlight_start":5,"text":"    Vehicle,"}]},{"byte_end":279,"byte_start":271,"column_end":13,"column_start":5,"expansion":null,"file_name":"gameplay_sim/src/spawn_validation.rs","is_primary":true,"label":null,"line_end":11,"line_start":11,"suggested_replacement":null,"suggestion_applicability":null,"text":[{"highlight_end":13,"highlight_start":5,"text":"    Aircraft,"}]},{"byte_end":288,"byte_start":285,"column_end":8,"column_start":5,"expansion":null,"file_name":"gameplay_sim/src/spawn_validation.rs","is_primary":true,"label":null,"line_end":12,"line_start":12,"suggested_replacement":null,"suggestion_applicability":null,"text":[{"highlight_end":8,"highlight_start":5,"text":"    NPC,"}]},{"byte_end":302,"byte_start":294,"column_end":13,"column_start":5,"expansion":null,"file_name":"gameplay_sim/src/spawn_validation.rs","is_primary":true,"label":null,"line_end":13,"line_start":13,"suggested_replacement":null,"suggestion_applicability":null,"text":[{"highlight_end":13,"highlight_start":5,"text":"    Building,"}]},{"byte_end":312,"byte_start":308,"column_end":9,"column_start":5,"expansion":null,"file_name":"gameplay_sim/src/spawn_validation.rs","is_primary":true,"label":null,"line_end":14,"line_start":14,"suggested_replacement":null,"suggestion_applicability":null,"text":[{"highlight_end":9,"highlight_start":5,"text":"    Tree,"}]},{"byte_end":335,"byte_start":318,"column_end":22,"column_start":5,"expansion":null,"file_name":"gameplay_sim/src/spawn_validation.rs","is_primary":true,"label":null,"line_end":15,"line_start":15,"suggested_replacement":null,"suggestion_applicability":null,"text":[{"highlight_end":22,"highlight_start":5,"text":"    EnvironmentObject,"}]},{"byte_end":347,"byte_start":341,"column_end":11,"column_start":5,"expansion":null,"file_name":"gameplay_sim/src/spawn_validation.rs","is_primary":true,"label":null,"line_end":16,"line_start":16,"suggested_replacement":null,"suggestion_applicability":null,"text":[{"highlight_end":11,"highlight_start":5,"text":"    Player,"}]}]}}
{"reason":"compiler-message","package_id":"path+file:///Users/bradyjeong/Documents/Projects/Amp/gta4/gta_game/gameplay_sim#0.1.0","manifest_path":"/Users/bradyjeong/Documents/Projects/Amp/gta4/gta_game/gameplay_sim/Cargo.toml","target":{"kind":["lib"],"crate_types":["lib"],"name":"gameplay_sim","src_path":"/Users/bradyjeong/Documents/Projects/Amp/gta4/gta_game/gameplay_sim/src/lib.rs","edition":"2021","doc":true,"doctest":true,"test":true},"message":{"rendered":"warning: associated items `from_content_type`, `clearance_radius`, and `minimum_spacing` are never used\n  --> gameplay_sim/src/spawn_validation.rs:21:12\n   |\n19 | impl SpawnableType {\n   | ------------------ associated items in this implementation\n20 |     /// Convert from unified ContentType to SpawnableType\n21 |     pub fn from_content_type(content_type: ContentType) -> Self {\n   |            ^^^^^^^^^^^^^^^^^\n...\n32 |     pub fn clearance_radius(&self) -> f32 {\n   |            ^^^^^^^^^^^^^^^^\n...\n45 |     pub fn minimum_spacing(&self, other: &SpawnableType) -> f32 {\n   |            ^^^^^^^^^^^^^^^\n\n","$message_type":"diagnostic","children":[],"code":{"code":"dead_code","explanation":null},"level":"warning","message":"associated items `from_content_type`, `clearance_radius`, and `minimum_spacing` are never used","spans":[{"byte_end":370,"byte_start":352,"column_end":19,"column_start":1,"expansion":null,"file_name":"gameplay_sim/src/spawn_validation.rs","is_primary":false,"label":"associated items in this implementation","line_end":19,"line_start":19,"suggested_replacement":null,"suggestion_applicability":null,"text":[{"highlight_end":19,"highlight_start":1,"text":"impl SpawnableType {"}]},{"byte_end":459,"byte_start":442,"column_end":29,"column_start":12,"expansion":null,"file_name":"gameplay_sim/src/spawn_validation.rs","is_primary":true,"label":null,"line_end":21,"line_start":21,"suggested_replacement":null,"suggestion_applicability":null,"text":[{"highlight_end":29,"highlight_start":12,"text":"    pub fn from_content_type(content_type: ContentType) -> Self {"}]},{"byte_end":931,"byte_start":915,"column_end":28,"column_start":12,"expansion":null,"file_name":"gameplay_sim/src/spawn_validation.rs","is_primary":true,"label":null,"line_end":32,"line_start":32,"suggested_replacement":null,"suggestion_applicability":null,"text":[{"highlight_end":28,"highlight_start":12,"text":"    pub fn clearance_radius(&self) -> f32 {"}]},{"byte_end":1697,"byte_start":1682,"column_end":27,"column_start":12,"expansion":null,"file_name":"gameplay_sim/src/spawn_validation.rs","is_primary":true,"label":null,"line_end":45,"line_start":45,"suggested_replacement":null,"suggestion_applicability":null,"text":[{"highlight_end":27,"highlight_start":12,"text":"    pub fn minimum_spacing(&self, other: &SpawnableType) -> f32 {"}]}]}}
{"reason":"compiler-message","package_id":"path+file:///Users/bradyjeong/Documents/Projects/Amp/gta4/gta_game/gameplay_sim#0.1.0","manifest_path":"/Users/bradyjeong/Documents/Projects/Amp/gta4/gta_game/gameplay_sim/Cargo.toml","target":{"kind":["lib"],"crate_types":["lib"],"name":"gameplay_sim","src_path":"/Users/bradyjeong/Documents/Projects/Amp/gta4/gta_game/gameplay_sim/src/lib.rs","edition":"2021","doc":true,"doctest":true,"test":true},"message":{"rendered":"warning: fields `entity_type`, `entity_id`, and `radius` are never read\n  --> gameplay_sim/src/spawn_validation.rs:65:9\n   |\n63 | pub struct SpawnedEntity {\n   |            ------------- fields in this struct\n64 |     pub position: Vec3,\n65 |     pub entity_type: SpawnableType,\n   |         ^^^^^^^^^^^\n66 |     pub entity_id: Entity,\n   |         ^^^^^^^^^\n67 |     pub radius: f32,\n   |         ^^^^^^\n   |\n   = note: `SpawnedEntity` has derived impls for the traits `Clone` and `Debug`, but these are intentionally ignored during dead code analysis\n\n","$message_type":"diagnostic","children":[{"children":[],"code":null,"level":"note","message":"`SpawnedEntity` has derived impls for the traits `Clone` and `Debug`, but these are intentionally ignored during dead code analysis","rendered":null,"spans":[]}],"code":{"code":"dead_code","explanation":null},"level":"warning","message":"fields `entity_type`, `entity_id`, and `radius` are never read","spans":[{"byte_end":2463,"byte_start":2450,"column_end":25,"column_start":12,"expansion":null,"file_name":"gameplay_sim/src/spawn_validation.rs","is_primary":false,"label":"fields in this struct","line_end":63,"line_start":63,"suggested_replacement":null,"suggestion_applicability":null,"text":[{"highlight_end":25,"highlight_start":12,"text":"pub struct SpawnedEntity {"}]},{"byte_end":2509,"byte_start":2498,"column_end":20,"column_start":9,"expansion":null,"file_name":"gameplay_sim/src/spawn_validation.rs","is_primary":true,"label":null,"line_end":65,"line_start":65,"suggested_replacement":null,"suggestion_applicability":null,"text":[{"highlight_end":20,"highlight_start":9,"text":"    pub entity_type: SpawnableType,"}]},{"byte_end":2543,"byte_start":2534,"column_end":18,"column_start":9,"expansion":null,"file_name":"gameplay_sim/src/spawn_validation.rs","is_primary":true,"label":null,"line_end":66,"line_start":66,"suggested_replacement":null,"suggestion_applicability":null,"text":[{"highlight_end":18,"highlight_start":9,"text":"    pub entity_id: Entity,"}]},{"byte_end":2567,"byte_start":2561,"column_end":15,"column_start":9,"expansion":null,"file_name":"gameplay_sim/src/spawn_validation.rs","is_primary":true,"label":null,"line_end":67,"line_start":67,"suggested_replacement":null,"suggestion_applicability":null,"text":[{"highlight_end":15,"highlight_start":9,"text":"    pub radius: f32,"}]}]}}
{"reason":"compiler-message","package_id":"path+file:///Users/bradyjeong/Documents/Projects/Amp/gta4/gta_game/gameplay_sim#0.1.0","manifest_path":"/Users/bradyjeong/Documents/Projects/Amp/gta4/gta_game/gameplay_sim/Cargo.toml","target":{"kind":["lib"],"crate_types":["lib"],"name":"gameplay_sim","src_path":"/Users/bradyjeong/Documents/Projects/Amp/gta4/gta_game/gameplay_sim/src/lib.rs","edition":"2021","doc":true,"doctest":true,"test":true},"message":{"rendered":"warning: methods `add_entity` and `get_nearby_entities` are never used\n   --> gameplay_sim/src/spawn_validation.rs:99:8\n    |\n84  | impl SpatialGrid {\n    | ---------------- methods in this implementation\n...\n99  |     fn add_entity(&mut self, entity: Entity, position: Vec3) {\n    |        ^^^^^^^^^^\n...\n111 |     fn get_nearby_entities(&self, position: Vec3, radius: f32) -> Vec<Entity> {\n    |        ^^^^^^^^^^^^^^^^^^^\n\n","$message_type":"diagnostic","children":[],"code":{"code":"dead_code","explanation":null},"level":"warning","message":"methods `add_entity` and `get_nearby_entities` are never used","spans":[{"byte_end":2960,"byte_start":2944,"column_end":17,"column_start":1,"expansion":null,"file_name":"gameplay_sim/src/spawn_validation.rs","is_primary":false,"label":"methods in this implementation","line_end":84,"line_start":84,"suggested_replacement":null,"suggestion_applicability":null,"text":[{"highlight_end":17,"highlight_start":1,"text":"impl SpatialGrid {"}]},{"byte_end":3319,"byte_start":3309,"column_end":18,"column_start":8,"expansion":null,"file_name":"gameplay_sim/src/spawn_validation.rs","is_primary":true,"label":null,"line_end":99,"line_start":99,"suggested_replacement":null,"suggestion_applicability":null,"text":[{"highlight_end":18,"highlight_start":8,"text":"    fn add_entity(&mut self, entity: Entity, position: Vec3) {"}]},{"byte_end":3758,"byte_start":3739,"column_end":27,"column_start":8,"expansion":null,"file_name":"gameplay_sim/src/spawn_validation.rs","is_primary":true,"label":null,"line_end":111,"line_start":111,"suggested_replacement":null,"suggestion_applicability":null,"text":[{"highlight_end":27,"highlight_start":8,"text":"    fn get_nearby_entities(&self, position: Vec3, radius: f32) -> Vec<Entity> {"}]}]}}
{"reason":"compiler-message","package_id":"path+file:///Users/bradyjeong/Documents/Projects/Amp/gta4/gta_game/gameplay_sim#0.1.0","manifest_path":"/Users/bradyjeong/Documents/Projects/Amp/gta4/gta_game/gameplay_sim/Cargo.toml","target":{"kind":["lib"],"crate_types":["lib"],"name":"gameplay_sim","src_path":"/Users/bradyjeong/Documents/Projects/Amp/gta4/gta_game/gameplay_sim/src/lib.rs","edition":"2021","doc":true,"doctest":true,"test":true},"message":{"rendered":"warning: methods `register_entity`, `unregister_entity`, `update_entity_position`, `is_position_safe`, `find_safe_spawn_position`, and `get_entities_in_radius` are never used\n   --> gameplay_sim/src/spawn_validation.rs:147:12\n    |\n138 | impl SpawnRegistry {\n    | ------------------ methods in this implementation\n...\n147 |     pub fn register_entity(&mut self, entity: Entity, position: Vec3, entity_type: SpawnableType) {\n    |            ^^^^^^^^^^^^^^^\n...\n163 |     pub fn unregister_entity(&mut self, entity: Entity) {\n    |            ^^^^^^^^^^^^^^^^^\n...\n170 |     pub fn update_entity_position(&mut self, entity: Entity, new_position: Vec3) {\n    |            ^^^^^^^^^^^^^^^^^^^^^^\n...\n179 |     pub fn is_position_safe(&self, position: Vec3, entity_type: SpawnableType) -> bool {\n    |            ^^^^^^^^^^^^^^^^\n...\n207 |     pub fn find_safe_spawn_position(\n    |            ^^^^^^^^^^^^^^^^^^^^^^^^\n...\n244 |     pub fn get_entities_in_radius(&self, position: Vec3, radius: f32) -> Vec<&SpawnedEntity> {\n    |            ^^^^^^^^^^^^^^^^^^^^^^\n\n","$message_type":"diagnostic","children":[],"code":{"code":"dead_code","explanation":null},"level":"warning","message":"methods `register_entity`, `unregister_entity`, `update_entity_position`, `is_position_safe`, `find_safe_spawn_position`, and `get_entities_in_radius` are never used","spans":[{"byte_end":4685,"byte_start":4667,"column_end":19,"column_start":1,"expansion":null,"file_name":"gameplay_sim/src/spawn_validation.rs","is_primary":false,"label":"methods in this implementation","line_end":138,"line_start":138,"suggested_replacement":null,"suggestion_applicability":null,"text":[{"highlight_end":19,"highlight_start":1,"text":"impl SpawnRegistry {"}]},{"byte_end":4927,"byte_start":4912,"column_end":27,"column_start":12,"expansion":null,"file_name":"gameplay_sim/src/spawn_validation.rs","is_primary":true,"label":null,"line_end":147,"line_start":147,"suggested_replacement":null,"suggestion_applicability":null,"text":[{"highlight_end":27,"highlight_start":12,"text":"    pub fn register_entity(&mut self, entity: Entity, position: Vec3, entity_type: SpawnableType) {"}]},{"byte_end":5528,"byte_start":5511,"column_end":29,"column_start":12,"expansion":null,"file_name":"gameplay_sim/src/spawn_validation.rs","is_primary":true,"label":null,"line_end":163,"line_start":163,"suggested_replacement":null,"suggestion_applicability":null,"text":[{"highlight_end":29,"highlight_start":12,"text":"    pub fn unregister_entity(&mut self, entity: Entity) {"}]},{"byte_end":5812,"byte_start":5790,"column_end":34,"column_start":12,"expansion":null,"file_name":"gameplay_sim/src/spawn_validation.rs","is_primary":true,"label":null,"line_end":170,"line_start":170,"suggested_replacement":null,"suggestion_applicability":null,"text":[{"highlight_end":34,"highlight_start":12,"text":"    pub fn update_entity_position(&mut self, entity: Entity, new_position: Vec3) {"}]},{"byte_end":6246,"byte_start":6230,"column_end":28,"column_start":12,"expansion":null,"file_name":"gameplay_sim/src/spawn_validation.rs","is_primary":true,"label":null,"line_end":179,"line_start":179,"suggested_replacement":null,"suggestion_applicability":null,"text":[{"highlight_end":28,"highlight_start":12,"text":"    pub fn is_position_safe(&self, position: Vec3, entity_type: SpawnableType) -> bool {"}]},{"byte_end":7839,"byte_start":7815,"column_end":36,"column_start":12,"expansion":null,"file_name":"gameplay_sim/src/spawn_validation.rs","is_primary":true,"label":null,"line_end":207,"line_start":207,"suggested_replacement":null,"suggestion_applicability":null,"text":[{"highlight_end":36,"highlight_start":12,"text":"    pub fn find_safe_spawn_position("}]},{"byte_end":9153,"byte_start":9131,"column_end":34,"column_start":12,"expansion":null,"file_name":"gameplay_sim/src/spawn_validation.rs","is_primary":true,"label":null,"line_end":244,"line_start":244,"suggested_replacement":null,"suggestion_applicability":null,"text":[{"highlight_end":34,"highlight_start":12,"text":"    pub fn get_entities_in_radius(&self, position: Vec3, radius: f32) -> Vec<&SpawnedEntity> {"}]}]}}
{"reason":"compiler-message","package_id":"path+file:///Users/bradyjeong/Documents/Projects/Amp/gta4/gta_game/gameplay_sim#0.1.0","manifest_path":"/Users/bradyjeong/Documents/Projects/Amp/gta4/gta_game/gameplay_sim/Cargo.toml","target":{"kind":["lib"],"crate_types":["lib"],"name":"gameplay_sim","src_path":"/Users/bradyjeong/Documents/Projects/Amp/gta4/gta_game/gameplay_sim/src/lib.rs","edition":"2021","doc":true,"doctest":true,"test":true},"message":{"rendered":"warning: struct `SpawnValidator` is never constructed\n   --> gameplay_sim/src/spawn_validation.rs:308:12\n    |\n308 | pub struct SpawnValidator;\n    |            ^^^^^^^^^^^^^^\n\n","$message_type":"diagnostic","children":[],"code":{"code":"dead_code","explanation":null},"level":"warning","message":"struct `SpawnValidator` is never constructed","spans":[{"byte_end":11250,"byte_start":11236,"column_end":26,"column_start":12,"expansion":null,"file_name":"gameplay_sim/src/spawn_validation.rs","is_primary":true,"label":null,"line_end":308,"line_start":308,"suggested_replacement":null,"suggestion_applicability":null,"text":[{"highlight_end":26,"highlight_start":12,"text":"pub struct SpawnValidator;"}]}]}}
{"reason":"compiler-message","package_id":"path+file:///Users/bradyjeong/Documents/Projects/Amp/gta4/gta_game/gameplay_sim#0.1.0","manifest_path":"/Users/bradyjeong/Documents/Projects/Amp/gta4/gta_game/gameplay_sim/Cargo.toml","target":{"kind":["lib"],"crate_types":["lib"],"name":"gameplay_sim","src_path":"/Users/bradyjeong/Documents/Projects/Amp/gta4/gta_game/gameplay_sim/src/lib.rs","edition":"2021","doc":true,"doctest":true,"test":true},"message":{"rendered":"warning: associated functions `spawn_entity_safely` and `is_clear` are never used\n   --> gameplay_sim/src/spawn_validation.rs:312:12\n    |\n310 | impl SpawnValidator {\n    | ------------------- associated functions in this implementation\n311 |     /// Validate and register a spawn location\n312 |     pub fn spawn_entity_safely(\n    |            ^^^^^^^^^^^^^^^^^^^\n...\n336 |     pub fn is_clear(\n    |            ^^^^^^^^\n\n","$message_type":"diagnostic","children":[],"code":{"code":"dead_code","explanation":null},"level":"warning","message":"associated functions `spawn_entity_safely` and `is_clear` are never used","spans":[{"byte_end":11272,"byte_start":11253,"column_end":20,"column_start":1,"expansion":null,"file_name":"gameplay_sim/src/spawn_validation.rs","is_primary":false,"label":"associated functions in this implementation","line_end":310,"line_start":310,"suggested_replacement":null,"suggestion_applicability":null,"text":[{"highlight_end":20,"highlight_start":1,"text":"impl SpawnValidator {"}]},{"byte_end":11352,"byte_start":11333,"column_end":31,"column_start":12,"expansion":null,"file_name":"gameplay_sim/src/spawn_validation.rs","is_primary":true,"label":null,"line_end":312,"line_start":312,"suggested_replacement":null,"suggestion_applicability":null,"text":[{"highlight_end":31,"highlight_start":12,"text":"    pub fn spawn_entity_safely("}]},{"byte_end":12136,"byte_start":12128,"column_end":20,"column_start":12,"expansion":null,"file_name":"gameplay_sim/src/spawn_validation.rs","is_primary":true,"label":null,"line_end":336,"line_start":336,"suggested_replacement":null,"suggestion_applicability":null,"text":[{"highlight_end":20,"highlight_start":12,"text":"    pub fn is_clear("}]}]}}
{"reason":"compiler-message","package_id":"path+file:///Users/bradyjeong/Documents/Projects/Amp/gta4/gta_game/gameplay_sim#0.1.0","manifest_path":"/Users/bradyjeong/Documents/Projects/Amp/gta4/gta_game/gameplay_sim/Cargo.toml","target":{"kind":["lib"],"crate_types":["lib"],"name":"gameplay_sim","src_path":"/Users/bradyjeong/Documents/Projects/Amp/gta4/gta_game/gameplay_sim/src/lib.rs","edition":"2021","doc":true,"doctest":true,"test":true},"message":{"rendered":"warning: associated function `new` is never used\n  --> gameplay_sim/src/transform_sync.rs:13:12\n   |\n12 | impl TransformSync {\n   | ------------------ associated function in this implementation\n13 |     pub fn new(smoothing_speed: f32) -> Self {\n   |            ^^^\n\n","$message_type":"diagnostic","children":[],"code":{"code":"dead_code","explanation":null},"level":"warning","message":"associated function `new` is never used","spans":[{"byte_end":328,"byte_start":310,"column_end":19,"column_start":1,"expansion":null,"file_name":"gameplay_sim/src/transform_sync.rs","is_primary":false,"label":"associated function in this implementation","line_end":12,"line_start":12,"suggested_replacement":null,"suggestion_applicability":null,"text":[{"highlight_end":19,"highlight_start":1,"text":"impl TransformSync {"}]},{"byte_end":345,"byte_start":342,"column_end":15,"column_start":12,"expansion":null,"file_name":"gameplay_sim/src/transform_sync.rs","is_primary":true,"label":null,"line_end":13,"line_start":13,"suggested_replacement":null,"suggestion_applicability":null,"text":[{"highlight_end":15,"highlight_start":12,"text":"    pub fn new(smoothing_speed: f32) -> Self {"}]}]}}
{"reason":"compiler-message","package_id":"path+file:///Users/bradyjeong/Documents/Projects/Amp/gta4/gta_game/gameplay_sim#0.1.0","manifest_path":"/Users/bradyjeong/Documents/Projects/Amp/gta4/gta_game/gameplay_sim/Cargo.toml","target":{"kind":["lib"],"crate_types":["lib"],"name":"gameplay_sim","src_path":"/Users/bradyjeong/Documents/Projects/Amp/gta4/gta_game/gameplay_sim/src/lib.rs","edition":"2021","doc":true,"doctest":true,"test":true},"message":{"rendered":"warning: function `setup_lake` is never used\n --> gameplay_sim/src/water.rs:6:8\n  |\n6 | pub fn setup_lake(\n  |        ^^^^^^^^^^\n\n","$message_type":"diagnostic","children":[],"code":{"code":"dead_code","explanation":null},"level":"warning","message":"function `setup_lake` is never used","spans":[{"byte_end":204,"byte_start":194,"column_end":18,"column_start":8,"expansion":null,"file_name":"gameplay_sim/src/water.rs","is_primary":true,"label":null,"line_end":6,"line_start":6,"suggested_replacement":null,"suggestion_applicability":null,"text":[{"highlight_end":18,"highlight_start":8,"text":"pub fn setup_lake("}]}]}}
{"reason":"compiler-message","package_id":"path+file:///Users/bradyjeong/Documents/Projects/Amp/gta4/gta_game/gameplay_sim#0.1.0","manifest_path":"/Users/bradyjeong/Documents/Projects/Amp/gta4/gta_game/gameplay_sim/Cargo.toml","target":{"kind":["lib"],"crate_types":["lib"],"name":"gameplay_sim","src_path":"/Users/bradyjeong/Documents/Projects/Amp/gta4/gta_game/gameplay_sim/src/lib.rs","edition":"2021","doc":true,"doctest":true,"test":true},"message":{"rendered":"warning: function `setup_yacht` is never used\n  --> gameplay_sim/src/water.rs:75:8\n   |\n75 | pub fn setup_yacht(\n   |        ^^^^^^^^^^^\n\n","$message_type":"diagnostic","children":[],"code":{"code":"dead_code","explanation":null},"level":"warning","message":"function `setup_yacht` is never used","spans":[{"byte_end":2538,"byte_start":2527,"column_end":19,"column_start":8,"expansion":null,"file_name":"gameplay_sim/src/water.rs","is_primary":true,"label":null,"line_end":75,"line_start":75,"suggested_replacement":null,"suggestion_applicability":null,"text":[{"highlight_end":19,"highlight_start":8,"text":"pub fn setup_yacht("}]}]}}
{"reason":"compiler-message","package_id":"path+file:///Users/bradyjeong/Documents/Projects/Amp/gta4/gta_game/gameplay_sim#0.1.0","manifest_path":"/Users/bradyjeong/Documents/Projects/Amp/gta4/gta_game/gameplay_sim/Cargo.toml","target":{"kind":["lib"],"crate_types":["lib"],"name":"gameplay_sim","src_path":"/Users/bradyjeong/Documents/Projects/Amp/gta4/gta_game/gameplay_sim/src/lib.rs","edition":"2021","doc":true,"doctest":true,"test":true},"message":{"rendered":"warning: function `yacht_movement_system` is never used\n   --> gameplay_sim/src/water.rs:137:8\n    |\n137 | pub fn yacht_movement_system(\n    |        ^^^^^^^^^^^^^^^^^^^^^\n\n","$message_type":"diagnostic","children":[],"code":{"code":"dead_code","explanation":null},"level":"warning","message":"function `yacht_movement_system` is never used","spans":[{"byte_end":4398,"byte_start":4377,"column_end":29,"column_start":8,"expansion":null,"file_name":"gameplay_sim/src/water.rs","is_primary":true,"label":null,"line_end":137,"line_start":137,"suggested_replacement":null,"suggestion_applicability":null,"text":[{"highlight_end":29,"highlight_start":8,"text":"pub fn yacht_movement_system("}]}]}}
{"reason":"compiler-message","package_id":"path+file:///Users/bradyjeong/Documents/Projects/Amp/gta4/gta_game/gameplay_sim#0.1.0","manifest_path":"/Users/bradyjeong/Documents/Projects/Amp/gta4/gta_game/gameplay_sim/Cargo.toml","target":{"kind":["lib"],"crate_types":["lib"],"name":"gameplay_sim","src_path":"/Users/bradyjeong/Documents/Projects/Amp/gta4/gta_game/gameplay_sim/src/lib.rs","edition":"2021","doc":true,"doctest":true,"test":true},"message":{"rendered":"warning: function `water_wave_system` is never used\n   --> gameplay_sim/src/water.rs:176:8\n    |\n176 | pub fn water_wave_system(\n    |        ^^^^^^^^^^^^^^^^^\n\n","$message_type":"diagnostic","children":[],"code":{"code":"dead_code","explanation":null},"level":"warning","message":"function `water_wave_system` is never used","spans":[{"byte_end":5681,"byte_start":5664,"column_end":25,"column_start":8,"expansion":null,"file_name":"gameplay_sim/src/water.rs","is_primary":true,"label":null,"line_end":176,"line_start":176,"suggested_replacement":null,"suggestion_applicability":null,"text":[{"highlight_end":25,"highlight_start":8,"text":"pub fn water_wave_system("}]}]}}
{"reason":"compiler-message","package_id":"path+file:///Users/bradyjeong/Documents/Projects/Amp/gta4/gta_game/gameplay_sim#0.1.0","manifest_path":"/Users/bradyjeong/Documents/Projects/Amp/gta4/gta_game/gameplay_sim/Cargo.toml","target":{"kind":["lib"],"crate_types":["lib"],"name":"gameplay_sim","src_path":"/Users/bradyjeong/Documents/Projects/Amp/gta4/gta_game/gameplay_sim/src/lib.rs","edition":"2021","doc":true,"doctest":true,"test":true},"message":{"rendered":"warning: function `yacht_buoyancy_system` is never used\n   --> gameplay_sim/src/water.rs:186:8\n    |\n186 | pub fn yacht_buoyancy_system(\n    |        ^^^^^^^^^^^^^^^^^^^^^\n\n","$message_type":"diagnostic","children":[],"code":{"code":"dead_code","explanation":null},"level":"warning","message":"function `yacht_buoyancy_system` is never used","spans":[{"byte_end":6016,"byte_start":5995,"column_end":29,"column_start":8,"expansion":null,"file_name":"gameplay_sim/src/water.rs","is_primary":true,"label":null,"line_end":186,"line_start":186,"suggested_replacement":null,"suggestion_applicability":null,"text":[{"highlight_end":29,"highlight_start":8,"text":"pub fn yacht_buoyancy_system("}]}]}}
{"reason":"compiler-message","package_id":"path+file:///Users/bradyjeong/Documents/Projects/Amp/gta4/gta_game/gameplay_sim#0.1.0","manifest_path":"/Users/bradyjeong/Documents/Projects/Amp/gta4/gta_game/gameplay_sim/Cargo.toml","target":{"kind":["lib"],"crate_types":["lib"],"name":"gameplay_sim","src_path":"/Users/bradyjeong/Documents/Projects/Amp/gta4/gta_game/gameplay_sim/src/lib.rs","edition":"2021","doc":true,"doctest":true,"test":true},"message":{"rendered":"warning: function `yacht_water_constraint_system` is never used\n   --> gameplay_sim/src/water.rs:226:8\n    |\n226 | pub fn yacht_water_constraint_system(\n    |        ^^^^^^^^^^^^^^^^^^^^^^^^^^^^^\n\n","$message_type":"diagnostic","children":[],"code":{"code":"dead_code","explanation":null},"level":"warning","message":"function `yacht_water_constraint_system` is never used","spans":[{"byte_end":7728,"byte_start":7699,"column_end":37,"column_start":8,"expansion":null,"file_name":"gameplay_sim/src/water.rs","is_primary":true,"label":null,"line_end":226,"line_start":226,"suggested_replacement":null,"suggestion_applicability":null,"text":[{"highlight_end":37,"highlight_start":8,"text":"pub fn yacht_water_constraint_system("}]}]}}
{"reason":"compiler-message","package_id":"path+file:///Users/bradyjeong/Documents/Projects/Amp/gta4/gta_game/gameplay_sim#0.1.0","manifest_path":"/Users/bradyjeong/Documents/Projects/Amp/gta4/gta_game/gameplay_sim/Cargo.toml","target":{"kind":["lib"],"crate_types":["lib"],"name":"gameplay_sim","src_path":"/Users/bradyjeong/Documents/Projects/Amp/gta4/gta_game/gameplay_sim/src/lib.rs","edition":"2021","doc":true,"doctest":true,"test":true},"message":{"rendered":"warning: methods `get_single` and `get_single_mut` are never used\n  --> gameplay_sim/src/bevy16_compat.rs:37:8\n   |\n36 | pub trait QueryExt<'w, 's, D: QueryData, F: QueryFilter> {\n   |           -------- methods in this trait\n37 |     fn get_single(&self) -> Result<D::Item<'_>, bevy::ecs::query::QuerySingleError>;\n   |        ^^^^^^^^^^\n38 |     fn get_single_mut(&mut self) -> Result<D::Item<'_>, bevy::ecs::query::QuerySingleError>;\n   |        ^^^^^^^^^^^^^^\n\n","$message_type":"diagnostic","children":[],"code":{"code":"dead_code","explanation":null},"level":"warning","message":"methods `get_single` and `get_single_mut` are never used","spans":[{"byte_end":914,"byte_start":906,"column_end":19,"column_start":11,"expansion":null,"file_name":"gameplay_sim/src/bevy16_compat.rs","is_primary":false,"label":"methods in this trait","line_end":36,"line_start":36,"suggested_replacement":null,"suggestion_applicability":null,"text":[{"highlight_end":19,"highlight_start":11,"text":"pub trait QueryExt<'w, 's, D: QueryData, F: QueryFilter> {"}]},{"byte_end":972,"byte_start":962,"column_end":18,"column_start":8,"expansion":null,"file_name":"gameplay_sim/src/bevy16_compat.rs","is_primary":true,"label":null,"line_end":37,"line_start":37,"suggested_replacement":null,"suggestion_applicability":null,"text":[{"highlight_end":18,"highlight_start":8,"text":"    fn get_single(&self) -> Result<D::Item<'_>, bevy::ecs::query::QuerySingleError>;"}]},{"byte_end":1061,"byte_start":1047,"column_end":22,"column_start":8,"expansion":null,"file_name":"gameplay_sim/src/bevy16_compat.rs","is_primary":true,"label":null,"line_end":38,"line_start":38,"suggested_replacement":null,"suggestion_applicability":null,"text":[{"highlight_end":22,"highlight_start":8,"text":"    fn get_single_mut(&mut self) -> Result<D::Item<'_>, bevy::ecs::query::QuerySingleError>;"}]}]}}
{"reason":"compiler-message","package_id":"path+file:///Users/bradyjeong/Documents/Projects/Amp/gta4/gta_game/gameplay_sim#0.1.0","manifest_path":"/Users/bradyjeong/Documents/Projects/Amp/gta4/gta_game/gameplay_sim/Cargo.toml","target":{"kind":["lib"],"crate_types":["lib"],"name":"gameplay_sim","src_path":"/Users/bradyjeong/Documents/Projects/Amp/gta4/gta_game/gameplay_sim/src/lib.rs","edition":"2021","doc":true,"doctest":true,"test":true},"message":{"rendered":"warning: method `despawn_recursive` is never used\n  --> gameplay_sim/src/bevy16_compat.rs:57:8\n   |\n56 | pub trait EntityCommandsExt {\n   |           ----------------- method in this trait\n57 |     fn despawn_recursive(&mut self) -> &mut Self;\n   |        ^^^^^^^^^^^^^^^^^\n\n","$message_type":"diagnostic","children":[],"code":{"code":"dead_code","explanation":null},"level":"warning","message":"method `despawn_recursive` is never used","spans":[{"byte_end":1658,"byte_start":1641,"column_end":28,"column_start":11,"expansion":null,"file_name":"gameplay_sim/src/bevy16_compat.rs","is_primary":false,"label":"method in this trait","line_end":56,"line_start":56,"suggested_replacement":null,"suggestion_applicability":null,"text":[{"highlight_end":28,"highlight_start":11,"text":"pub trait EntityCommandsExt {"}]},{"byte_end":1685,"byte_start":1668,"column_end":25,"column_start":8,"expansion":null,"file_name":"gameplay_sim/src/bevy16_compat.rs","is_primary":true,"label":null,"line_end":57,"line_start":57,"suggested_replacement":null,"suggestion_applicability":null,"text":[{"highlight_end":25,"highlight_start":8,"text":"    fn despawn_recursive(&mut self) -> &mut Self;"}]}]}}
{"reason":"compiler-message","package_id":"path+file:///Users/bradyjeong/Documents/Projects/Amp/gta4/gta_game/gameplay_sim#0.1.0","manifest_path":"/Users/bradyjeong/Documents/Projects/Amp/gta4/gta_game/gameplay_sim/Cargo.toml","target":{"kind":["lib"],"crate_types":["lib"],"name":"gameplay_sim","src_path":"/Users/bradyjeong/Documents/Projects/Amp/gta4/gta_game/gameplay_sim/src/lib.rs","edition":"2021","doc":true,"doctest":true,"test":true},"message":{"rendered":"warning: method `set_indices` is never used\n  --> gameplay_sim/src/bevy16_compat.rs:69:8\n   |\n68 | pub trait MeshExt {\n   |           ------- method in this trait\n69 |     fn set_indices(&mut self, indices: Option<bevy::render::mesh::Indices>);\n   |        ^^^^^^^^^^^\n\n","$message_type":"diagnostic","children":[],"code":{"code":"dead_code","explanation":null},"level":"warning","message":"method `set_indices` is never used","spans":[{"byte_end":1923,"byte_start":1916,"column_end":18,"column_start":11,"expansion":null,"file_name":"gameplay_sim/src/bevy16_compat.rs","is_primary":false,"label":"method in this trait","line_end":68,"line_start":68,"suggested_replacement":null,"suggestion_applicability":null,"text":[{"highlight_end":18,"highlight_start":11,"text":"pub trait MeshExt {"}]},{"byte_end":1944,"byte_start":1933,"column_end":19,"column_start":8,"expansion":null,"file_name":"gameplay_sim/src/bevy16_compat.rs","is_primary":true,"label":null,"line_end":69,"line_start":69,"suggested_replacement":null,"suggestion_applicability":null,"text":[{"highlight_end":19,"highlight_start":8,"text":"    fn set_indices(&mut self, indices: Option<bevy::render::mesh::Indices>);"}]}]}}
{"reason":"compiler-message","package_id":"path+file:///Users/bradyjeong/Documents/Projects/Amp/gta4/gta_game/gameplay_sim#0.1.0","manifest_path":"/Users/bradyjeong/Documents/Projects/Amp/gta4/gta_game/gameplay_sim/Cargo.toml","target":{"kind":["lib"],"crate_types":["lib"],"name":"gameplay_sim","src_path":"/Users/bradyjeong/Documents/Projects/Amp/gta4/gta_game/gameplay_sim/src/lib.rs","edition":"2021","doc":true,"doctest":true,"test":true},"message":{"rendered":"warning: function `empty_mesh` is never used\n  --> gameplay_sim/src/bevy16_compat.rs:13:12\n   |\n13 |     pub fn empty_mesh() -> Mesh {\n   |            ^^^^^^^^^^\n\n","$message_type":"diagnostic","children":[],"code":{"code":"dead_code","explanation":null},"level":"warning","message":"function `empty_mesh` is never used","spans":[{"byte_end":370,"byte_start":360,"column_end":22,"column_start":12,"expansion":null,"file_name":"gameplay_sim/src/bevy16_compat.rs","is_primary":true,"label":null,"line_end":13,"line_start":13,"suggested_replacement":null,"suggestion_applicability":null,"text":[{"highlight_end":22,"highlight_start":12,"text":"    pub fn empty_mesh() -> Mesh {"}]}]}}
{"reason":"compiler-message","package_id":"path+file:///Users/bradyjeong/Documents/Projects/Amp/gta4/gta_game/gameplay_sim#0.1.0","manifest_path":"/Users/bradyjeong/Documents/Projects/Amp/gta4/gta_game/gameplay_sim/Cargo.toml","target":{"kind":["lib"],"crate_types":["lib"],"name":"gameplay_sim","src_path":"/Users/bradyjeong/Documents/Projects/Amp/gta4/gta_game/gameplay_sim/src/lib.rs","edition":"2021","doc":true,"doctest":true,"test":true},"message":{"rendered":"warning: variants `HighPoly` and `LowPoly` are never constructed\n  --> gameplay_sim/src/factories/mod.rs:28:5\n   |\n25 | pub enum StandardRenderingPattern {\n   |          ------------------------ variants in this enum\n...\n28 |     HighPoly,\n   |     ^^^^^^^^\n29 |     LowPoly,\n   |     ^^^^^^^\n   |\n   = note: `StandardRenderingPattern` has derived impls for the traits `Clone` and `Debug`, but these are intentionally ignored during dead code analysis\n\n","$message_type":"diagnostic","children":[{"children":[],"code":null,"level":"note","message":"`StandardRenderingPattern` has derived impls for the traits `Clone` and `Debug`, but these are intentionally ignored during dead code analysis","rendered":null,"spans":[]}],"code":{"code":"dead_code","explanation":null},"level":"warning","message":"variants `HighPoly` and `LowPoly` are never constructed","spans":[{"byte_end":774,"byte_start":750,"column_end":34,"column_start":10,"expansion":null,"file_name":"gameplay_sim/src/factories/mod.rs","is_primary":false,"label":"variants in this enum","line_end":25,"line_start":25,"suggested_replacement":null,"suggestion_applicability":null,"text":[{"highlight_end":34,"highlight_start":10,"text":"pub enum StandardRenderingPattern {"}]},{"byte_end":817,"byte_start":809,"column_end":13,"column_start":5,"expansion":null,"file_name":"gameplay_sim/src/factories/mod.rs","is_primary":true,"label":null,"line_end":28,"line_start":28,"suggested_replacement":null,"suggestion_applicability":null,"text":[{"highlight_end":13,"highlight_start":5,"text":"    HighPoly,"}]},{"byte_end":830,"byte_start":823,"column_end":12,"column_start":5,"expansion":null,"file_name":"gameplay_sim/src/factories/mod.rs","is_primary":true,"label":null,"line_end":29,"line_start":29,"suggested_replacement":null,"suggestion_applicability":null,"text":[{"highlight_end":12,"highlight_start":5,"text":"    LowPoly,"}]}]}}
{"reason":"compiler-message","package_id":"path+file:///Users/bradyjeong/Documents/Projects/Amp/gta4/gta_game/gameplay_sim#0.1.0","manifest_path":"/Users/bradyjeong/Documents/Projects/Amp/gta4/gta_game/gameplay_sim/Cargo.toml","target":{"kind":["lib"],"crate_types":["lib"],"name":"gameplay_sim","src_path":"/Users/bradyjeong/Documents/Projects/Amp/gta4/gta_game/gameplay_sim/src/lib.rs","edition":"2021","doc":true,"doctest":true,"test":true},"message":{"rendered":"warning: variants `Vehicle`, `Building`, and `NPC` are never constructed\n  --> gameplay_sim/src/factories/mod.rs:37:5\n   |\n34 | pub enum RenderingBundleType {\n   |          ------------------- variants in this enum\n...\n37 |     Vehicle,\n   |     ^^^^^^^\n38 |     Building,\n   |     ^^^^^^^^\n39 |     NPC,\n   |     ^^^\n   |\n   = note: `RenderingBundleType` has derived impls for the traits `Clone` and `Debug`, but these are intentionally ignored during dead code analysis\n\n","$message_type":"diagnostic","children":[{"children":[],"code":null,"level":"note","message":"`RenderingBundleType` has derived impls for the traits `Clone` and `Debug`, but these are intentionally ignored during dead code analysis","rendered":null,"spans":[]}],"code":{"code":"dead_code","explanation":null},"level":"warning","message":"variants `Vehicle`, `Building`, and `NPC` are never constructed","spans":[{"byte_end":909,"byte_start":890,"column_end":29,"column_start":10,"expansion":null,"file_name":"gameplay_sim/src/factories/mod.rs","is_primary":false,"label":"variants in this enum","line_end":34,"line_start":34,"suggested_replacement":null,"suggestion_applicability":null,"text":[{"highlight_end":29,"highlight_start":10,"text":"pub enum RenderingBundleType {"}]},{"byte_end":951,"byte_start":944,"column_end":12,"column_start":5,"expansion":null,"file_name":"gameplay_sim/src/factories/mod.rs","is_primary":true,"label":null,"line_end":37,"line_start":37,"suggested_replacement":null,"suggestion_applicability":null,"text":[{"highlight_end":12,"highlight_start":5,"text":"    Vehicle,"}]},{"byte_end":965,"byte_start":957,"column_end":13,"column_start":5,"expansion":null,"file_name":"gameplay_sim/src/factories/mod.rs","is_primary":true,"label":null,"line_end":38,"line_start":38,"suggested_replacement":null,"suggestion_applicability":null,"text":[{"highlight_end":13,"highlight_start":5,"text":"    Building,"}]},{"byte_end":974,"byte_start":971,"column_end":8,"column_start":5,"expansion":null,"file_name":"gameplay_sim/src/factories/mod.rs","is_primary":true,"label":null,"line_end":39,"line_start":39,"suggested_replacement":null,"suggestion_applicability":null,"text":[{"highlight_end":8,"highlight_start":5,"text":"    NPC,"}]}]}}
{"reason":"compiler-message","package_id":"path+file:///Users/bradyjeong/Documents/Projects/Amp/gta4/gta_game/gameplay_sim#0.1.0","manifest_path":"/Users/bradyjeong/Documents/Projects/Amp/gta4/gta_game/gameplay_sim/Cargo.toml","target":{"kind":["lib"],"crate_types":["lib"],"name":"gameplay_sim","src_path":"/Users/bradyjeong/Documents/Projects/Amp/gta4/gta_game/gameplay_sim/src/lib.rs","edition":"2021","doc":true,"doctest":true,"test":true},"message":{"rendered":"warning: variants `SUV`, `Sports`, and `Truck` are never constructed\n  --> gameplay_sim/src/factories/mod.rs:46:5\n   |\n43 | pub enum VehicleBodyType {\n   |          --------------- variants in this enum\n...\n46 |     SUV,\n   |     ^^^\n47 |     Sports,\n   |     ^^^^^^\n48 |     Truck,\n   |     ^^^^^\n   |\n   = note: `VehicleBodyType` has derived impls for the traits `Clone` and `Debug`, but these are intentionally ignored during dead code analysis\n\n","$message_type":"diagnostic","children":[{"children":[],"code":null,"level":"note","message":"`VehicleBodyType` has derived impls for the traits `Clone` and `Debug`, but these are intentionally ignored during dead code analysis","rendered":null,"spans":[]}],"code":{"code":"dead_code","explanation":null},"level":"warning","message":"variants `SUV`, `Sports`, and `Truck` are never constructed","spans":[{"byte_end":1036,"byte_start":1021,"column_end":25,"column_start":10,"expansion":null,"file_name":"gameplay_sim/src/factories/mod.rs","is_primary":false,"label":"variants in this enum","line_end":43,"line_start":43,"suggested_replacement":null,"suggestion_applicability":null,"text":[{"highlight_end":25,"highlight_start":10,"text":"pub enum VehicleBodyType {"}]},{"byte_end":1072,"byte_start":1069,"column_end":8,"column_start":5,"expansion":null,"file_name":"gameplay_sim/src/factories/mod.rs","is_primary":true,"label":null,"line_end":46,"line_start":46,"suggested_replacement":null,"suggestion_applicability":null,"text":[{"highlight_end":8,"highlight_start":5,"text":"    SUV,"}]},{"byte_end":1084,"byte_start":1078,"column_end":11,"column_start":5,"expansion":null,"file_name":"gameplay_sim/src/factories/mod.rs","is_primary":true,"label":null,"line_end":47,"line_start":47,"suggested_replacement":null,"suggestion_applicability":null,"text":[{"highlight_end":11,"highlight_start":5,"text":"    Sports,"}]},{"byte_end":1095,"byte_start":1090,"column_end":10,"column_start":5,"expansion":null,"file_name":"gameplay_sim/src/factories/mod.rs","is_primary":true,"label":null,"line_end":48,"line_start":48,"suggested_replacement":null,"suggestion_applicability":null,"text":[{"highlight_end":10,"highlight_start":5,"text":"    Truck,"}]}]}}
{"reason":"compiler-message","package_id":"path+file:///Users/bradyjeong/Documents/Projects/Amp/gta4/gta_game/gameplay_sim#0.1.0","manifest_path":"/Users/bradyjeong/Documents/Projects/Amp/gta4/gta_game/gameplay_sim/Cargo.toml","target":{"kind":["lib"],"crate_types":["lib"],"name":"gameplay_sim","src_path":"/Users/bradyjeong/Documents/Projects/Amp/gta4/gta_game/gameplay_sim/src/lib.rs","edition":"2021","doc":true,"doctest":true,"test":true},"message":{"rendered":"warning: variants `Metal`, `Glass`, and `Plastic` are never constructed\n  --> gameplay_sim/src/factories/mod.rs:55:5\n   |\n52 | pub enum MaterialType {\n   |          ------------ variants in this enum\n...\n55 |     Metal,\n   |     ^^^^^\n56 |     Glass,\n   |     ^^^^^\n57 |     Plastic,\n   |     ^^^^^^^\n   |\n   = note: `MaterialType` has derived impls for the traits `Clone` and `Debug`, but these are intentionally ignored during dead code analysis\n\n","$message_type":"diagnostic","children":[{"children":[],"code":null,"level":"note","message":"`MaterialType` has derived impls for the traits `Clone` and `Debug`, but these are intentionally ignored during dead code analysis","rendered":null,"spans":[]}],"code":{"code":"dead_code","explanation":null},"level":"warning","message":"variants `Metal`, `Glass`, and `Plastic` are never constructed","spans":[{"byte_end":1154,"byte_start":1142,"column_end":22,"column_start":10,"expansion":null,"file_name":"gameplay_sim/src/factories/mod.rs","is_primary":false,"label":"variants in this enum","line_end":52,"line_start":52,"suggested_replacement":null,"suggestion_applicability":null,"text":[{"highlight_end":22,"highlight_start":10,"text":"pub enum MaterialType {"}]},{"byte_end":1194,"byte_start":1189,"column_end":10,"column_start":5,"expansion":null,"file_name":"gameplay_sim/src/factories/mod.rs","is_primary":true,"label":null,"line_end":55,"line_start":55,"suggested_replacement":null,"suggestion_applicability":null,"text":[{"highlight_end":10,"highlight_start":5,"text":"    Metal,"}]},{"byte_end":1205,"byte_start":1200,"column_end":10,"column_start":5,"expansion":null,"file_name":"gameplay_sim/src/factories/mod.rs","is_primary":true,"label":null,"line_end":56,"line_start":56,"suggested_replacement":null,"suggestion_applicability":null,"text":[{"highlight_end":10,"highlight_start":5,"text":"    Glass,"}]},{"byte_end":1218,"byte_start":1211,"column_end":12,"column_start":5,"expansion":null,"file_name":"gameplay_sim/src/factories/mod.rs","is_primary":true,"label":null,"line_end":57,"line_start":57,"suggested_replacement":null,"suggestion_applicability":null,"text":[{"highlight_end":12,"highlight_start":5,"text":"    Plastic,"}]}]}}
{"reason":"compiler-message","package_id":"path+file:///Users/bradyjeong/Documents/Projects/Amp/gta4/gta_game/gameplay_sim#0.1.0","manifest_path":"/Users/bradyjeong/Documents/Projects/Amp/gta4/gta_game/gameplay_sim/Cargo.toml","target":{"kind":["lib"],"crate_types":["lib"],"name":"gameplay_sim","src_path":"/Users/bradyjeong/Documents/Projects/Amp/gta4/gta_game/gameplay_sim/src/lib.rs","edition":"2021","doc":true,"doctest":true,"test":true},"message":{"rendered":"warning: function `validate_collider_size` is never used\n  --> gameplay_sim/src/factories/entity_factory/validation.rs:17:8\n   |\n17 | pub fn validate_collider_size(size: Vec3) -> Vec3 {\n   |        ^^^^^^^^^^^^^^^^^^^^^^\n\n","$message_type":"diagnostic","children":[],"code":{"code":"dead_code","explanation":null},"level":"warning","message":"function `validate_collider_size` is never used","spans":[{"byte_end":445,"byte_start":423,"column_end":30,"column_start":8,"expansion":null,"file_name":"gameplay_sim/src/factories/entity_factory/validation.rs","is_primary":true,"label":null,"line_end":17,"line_start":17,"suggested_replacement":null,"suggestion_applicability":null,"text":[{"highlight_end":30,"highlight_start":8,"text":"pub fn validate_collider_size(size: Vec3) -> Vec3 {"}]}]}}
{"reason":"compiler-message","package_id":"path+file:///Users/bradyjeong/Documents/Projects/Amp/gta4/gta_game/gameplay_sim#0.1.0","manifest_path":"/Users/bradyjeong/Documents/Projects/Amp/gta4/gta_game/gameplay_sim/Cargo.toml","target":{"kind":["lib"],"crate_types":["lib"],"name":"gameplay_sim","src_path":"/Users/bradyjeong/Documents/Projects/Amp/gta4/gta_game/gameplay_sim/src/lib.rs","edition":"2021","doc":true,"doctest":true,"test":true},"message":{"rendered":"warning: function `validate_mass` is never used\n  --> gameplay_sim/src/factories/entity_factory/validation.rs:29:8\n   |\n29 | pub fn validate_mass(mass: f32) -> f32 {\n   |        ^^^^^^^^^^^^^\n\n","$message_type":"diagnostic","children":[],"code":{"code":"dead_code","explanation":null},"level":"warning","message":"function `validate_mass` is never used","spans":[{"byte_end":733,"byte_start":720,"column_end":21,"column_start":8,"expansion":null,"file_name":"gameplay_sim/src/factories/entity_factory/validation.rs","is_primary":true,"label":null,"line_end":29,"line_start":29,"suggested_replacement":null,"suggestion_applicability":null,"text":[{"highlight_end":21,"highlight_start":8,"text":"pub fn validate_mass(mass: f32) -> f32 {"}]}]}}
{"reason":"compiler-message","package_id":"path+file:///Users/bradyjeong/Documents/Projects/Amp/gta4/gta_game/gameplay_sim#0.1.0","manifest_path":"/Users/bradyjeong/Documents/Projects/Amp/gta4/gta_game/gameplay_sim/Cargo.toml","target":{"kind":["lib"],"crate_types":["lib"],"name":"gameplay_sim","src_path":"/Users/bradyjeong/Documents/Projects/Amp/gta4/gta_game/gameplay_sim/src/lib.rs","edition":"2021","doc":true,"doctest":true,"test":true},"message":{"rendered":"warning: function `is_in_water_area` is never used\n  --> gameplay_sim/src/factories/entity_factory/validation.rs:34:8\n   |\n34 | pub fn is_in_water_area(position: Vec3) -> bool {\n   |        ^^^^^^^^^^^^^^^^\n\n","$message_type":"diagnostic","children":[],"code":{"code":"dead_code","explanation":null},"level":"warning","message":"function `is_in_water_area` is never used","spans":[{"byte_end":849,"byte_start":833,"column_end":24,"column_start":8,"expansion":null,"file_name":"gameplay_sim/src/factories/entity_factory/validation.rs","is_primary":true,"label":null,"line_end":34,"line_start":34,"suggested_replacement":null,"suggestion_applicability":null,"text":[{"highlight_end":24,"highlight_start":8,"text":"pub fn is_in_water_area(position: Vec3) -> bool {"}]}]}}
{"reason":"compiler-message","package_id":"path+file:///Users/bradyjeong/Documents/Projects/Amp/gta4/gta_game/gameplay_sim#0.1.0","manifest_path":"/Users/bradyjeong/Documents/Projects/Amp/gta4/gta_game/gameplay_sim/Cargo.toml","target":{"kind":["lib"],"crate_types":["lib"],"name":"gameplay_sim","src_path":"/Users/bradyjeong/Documents/Projects/Amp/gta4/gta_game/gameplay_sim/src/lib.rs","edition":"2021","doc":true,"doctest":true,"test":true},"message":{"rendered":"warning: function `is_on_road_spline` is never used\n  --> gameplay_sim/src/factories/entity_factory/validation.rs:40:8\n   |\n40 | pub fn is_on_road_spline(position: Vec3, _road_network: &RoadNetwork, tolerance: f32) -> bool {\n   |        ^^^^^^^^^^^^^^^^^\n\n","$message_type":"diagnostic","children":[],"code":{"code":"dead_code","explanation":null},"level":"warning","message":"function `is_on_road_spline` is never used","spans":[{"byte_end":1041,"byte_start":1024,"column_end":25,"column_start":8,"expansion":null,"file_name":"gameplay_sim/src/factories/entity_factory/validation.rs","is_primary":true,"label":null,"line_end":40,"line_start":40,"suggested_replacement":null,"suggestion_applicability":null,"text":[{"highlight_end":25,"highlight_start":8,"text":"pub fn is_on_road_spline(position: Vec3, _road_network: &RoadNetwork, tolerance: f32) -> bool {"}]}]}}
{"reason":"compiler-message","package_id":"path+file:///Users/bradyjeong/Documents/Projects/Amp/gta4/gta_game/gameplay_sim#0.1.0","manifest_path":"/Users/bradyjeong/Documents/Projects/Amp/gta4/gta_game/gameplay_sim/Cargo.toml","target":{"kind":["lib"],"crate_types":["lib"],"name":"gameplay_sim","src_path":"/Users/bradyjeong/Documents/Projects/Amp/gta4/gta_game/gameplay_sim/src/lib.rs","edition":"2021","doc":true,"doctest":true,"test":true},"message":{"rendered":"warning: method `new_entity` is never used\n --> gameplay_sim/src/factories/entity_builder_unified.rs:7:8\n  |\n6 | pub trait EntityBuilderExt {\n  |           ---------------- method in this trait\n7 |     fn new_entity(&mut self, commands: &mut Commands) -> Entity;\n  |        ^^^^^^^^^^\n\n","$message_type":"diagnostic","children":[],"code":{"code":"dead_code","explanation":null},"level":"warning","message":"method `new_entity` is never used","spans":[{"byte_end":194,"byte_start":178,"column_end":27,"column_start":11,"expansion":null,"file_name":"gameplay_sim/src/factories/entity_builder_unified.rs","is_primary":false,"label":"method in this trait","line_end":6,"line_start":6,"suggested_replacement":null,"suggestion_applicability":null,"text":[{"highlight_end":27,"highlight_start":11,"text":"pub trait EntityBuilderExt {"}]},{"byte_end":214,"byte_start":204,"column_end":18,"column_start":8,"expansion":null,"file_name":"gameplay_sim/src/factories/entity_builder_unified.rs","is_primary":true,"label":null,"line_end":7,"line_start":7,"suggested_replacement":null,"suggestion_applicability":null,"text":[{"highlight_end":18,"highlight_start":8,"text":"    fn new_entity(&mut self, commands: &mut Commands) -> Entity;"}]}]}}
{"reason":"compiler-message","package_id":"path+file:///Users/bradyjeong/Documents/Projects/Amp/gta4/gta_game/gameplay_sim#0.1.0","manifest_path":"/Users/bradyjeong/Documents/Projects/Amp/gta4/gta_game/gameplay_sim/Cargo.toml","target":{"kind":["lib"],"crate_types":["lib"],"name":"gameplay_sim","src_path":"/Users/bradyjeong/Documents/Projects/Amp/gta4/gta_game/gameplay_sim/src/lib.rs","edition":"2021","doc":true,"doctest":true,"test":true},"message":{"rendered":"warning: fields `vehicle_glass_template`, `vehicle_wheel_template`, `road_asphalt_template`, `water_surface_template`, and `building_concrete_template` are never read\n  --> gameplay_sim/src/factories/material_factory.rs:8:5\n   |\n6  | pub struct MaterialFactory {\n   |            --------------- fields in this struct\n7  |     // Pre-cached standard material templates\n8  |     vehicle_glass_template: Handle<StandardMaterial>,\n   |     ^^^^^^^^^^^^^^^^^^^^^^\n9  |     vehicle_wheel_template: Handle<StandardMaterial>,\n   |     ^^^^^^^^^^^^^^^^^^^^^^\n10 |     road_asphalt_template: Handle<StandardMaterial>,\n   |     ^^^^^^^^^^^^^^^^^^^^^\n11 |     water_surface_template: Handle<StandardMaterial>,\n   |     ^^^^^^^^^^^^^^^^^^^^^^\n12 |     building_concrete_template: Handle<StandardMaterial>,\n   |     ^^^^^^^^^^^^^^^^^^^^^^^^^^\n\n","$message_type":"diagnostic","children":[],"code":{"code":"dead_code","explanation":null},"level":"warning","message":"fields `vehicle_glass_template`, `vehicle_wheel_template`, `road_asphalt_template`, `water_surface_template`, and `building_concrete_template` are never read","spans":[{"byte_end":230,"byte_start":215,"column_end":27,"column_start":12,"expansion":null,"file_name":"gameplay_sim/src/factories/material_factory.rs","is_primary":false,"label":"fields in this struct","line_end":6,"line_start":6,"suggested_replacement":null,"suggestion_applicability":null,"text":[{"highlight_end":27,"highlight_start":12,"text":"pub struct MaterialFactory {"}]},{"byte_end":305,"byte_start":283,"column_end":27,"column_start":5,"expansion":null,"file_name":"gameplay_sim/src/factories/material_factory.rs","is_primary":true,"label":null,"line_end":8,"line_start":8,"suggested_replacement":null,"suggestion_applicability":null,"text":[{"highlight_end":27,"highlight_start":5,"text":"    vehicle_glass_template: Handle<StandardMaterial>,"}]},{"byte_end":359,"byte_start":337,"column_end":27,"column_start":5,"expansion":null,"file_name":"gameplay_sim/src/factories/material_factory.rs","is_primary":true,"label":null,"line_end":9,"line_start":9,"suggested_replacement":null,"suggestion_applicability":null,"text":[{"highlight_end":27,"highlight_start":5,"text":"    vehicle_wheel_template: Handle<StandardMaterial>,"}]},{"byte_end":412,"byte_start":391,"column_end":26,"column_start":5,"expansion":null,"file_name":"gameplay_sim/src/factories/material_factory.rs","is_primary":true,"label":null,"line_end":10,"line_start":10,"suggested_replacement":null,"suggestion_applicability":null,"text":[{"highlight_end":26,"highlight_start":5,"text":"    road_asphalt_template: Handle<StandardMaterial>,"}]},{"byte_end":466,"byte_start":444,"column_end":27,"column_start":5,"expansion":null,"file_name":"gameplay_sim/src/factories/material_factory.rs","is_primary":true,"label":null,"line_end":11,"line_start":11,"suggested_replacement":null,"suggestion_applicability":null,"text":[{"highlight_end":27,"highlight_start":5,"text":"    water_surface_template: Handle<StandardMaterial>,"}]},{"byte_end":524,"byte_start":498,"column_end":31,"column_start":5,"expansion":null,"file_name":"gameplay_sim/src/factories/material_factory.rs","is_primary":true,"label":null,"line_end":12,"line_start":12,"suggested_replacement":null,"suggestion_applicability":null,"text":[{"highlight_end":31,"highlight_start":5,"text":"    building_concrete_template: Handle<StandardMaterial>,"}]}]}}
{"reason":"compiler-message","package_id":"path+file:///Users/bradyjeong/Documents/Projects/Amp/gta4/gta_game/gameplay_sim#0.1.0","manifest_path":"/Users/bradyjeong/Documents/Projects/Amp/gta4/gta_game/gameplay_sim/Cargo.toml","target":{"kind":["lib"],"crate_types":["lib"],"name":"gameplay_sim","src_path":"/Users/bradyjeong/Documents/Projects/Amp/gta4/gta_game/gameplay_sim/src/lib.rs","edition":"2021","doc":true,"doctest":true,"test":true},"message":{"rendered":"warning: multiple associated items are never used\n   --> gameplay_sim/src/factories/material_factory.rs:65:12\n    |\n15  | impl MaterialFactory {\n    | -------------------- associated items in this implementation\n...\n65  |     pub fn get_vehicle_glass(&self) -> Handle<StandardMaterial> {\n    |            ^^^^^^^^^^^^^^^^^\n...\n70  |     pub fn get_vehicle_wheel(&self) -> Handle<StandardMaterial> {\n    |            ^^^^^^^^^^^^^^^^^\n...\n75  |     pub fn get_road_asphalt(&self) -> Handle<StandardMaterial> {\n    |            ^^^^^^^^^^^^^^^^\n...\n80  |     pub fn get_water_surface(&self) -> Handle<StandardMaterial> {\n    |            ^^^^^^^^^^^^^^^^^\n...\n85  |     pub fn get_building_concrete(&self) -> Handle<StandardMaterial> {\n    |            ^^^^^^^^^^^^^^^^^^^^^\n...\n90  |     pub fn create_metallic_material(\n    |            ^^^^^^^^^^^^^^^^^^^^^^^^\n...\n105 |     pub fn create_emissive_material(\n    |            ^^^^^^^^^^^^^^^^^^^^^^^^\n...\n154 |     pub fn create_water_bottom_material(\n    |            ^^^^^^^^^^^^^^^^^^^^^^^^^^^^\n...\n205 |     pub fn create_mesh_and_material(\n    |            ^^^^^^^^^^^^^^^^^^^^^^^^\n\n","$message_type":"diagnostic","children":[],"code":{"code":"dead_code","explanation":null},"level":"warning","message":"multiple associated items are never used","spans":[{"byte_end":575,"byte_start":555,"column_end":21,"column_start":1,"expansion":null,"file_name":"gameplay_sim/src/factories/material_factory.rs","is_primary":false,"label":"associated items in this implementation","line_end":15,"line_start":15,"suggested_replacement":null,"suggestion_applicability":null,"text":[{"highlight_end":21,"highlight_start":1,"text":"impl MaterialFactory {"}]},{"byte_end":2336,"byte_start":2319,"column_end":29,"column_start":12,"expansion":null,"file_name":"gameplay_sim/src/factories/material_factory.rs","is_primary":true,"label":null,"line_end":65,"line_start":65,"suggested_replacement":null,"suggestion_applicability":null,"text":[{"highlight_end":29,"highlight_start":12,"text":"    pub fn get_vehicle_glass(&self) -> Handle<StandardMaterial> {"}]},{"byte_end":2501,"byte_start":2484,"column_end":29,"column_start":12,"expansion":null,"file_name":"gameplay_sim/src/factories/material_factory.rs","is_primary":true,"label":null,"line_end":70,"line_start":70,"suggested_replacement":null,"suggestion_applicability":null,"text":[{"highlight_end":29,"highlight_start":12,"text":"    pub fn get_vehicle_wheel(&self) -> Handle<StandardMaterial> {"}]},{"byte_end":2664,"byte_start":2648,"column_end":28,"column_start":12,"expansion":null,"file_name":"gameplay_sim/src/factories/material_factory.rs","is_primary":true,"label":null,"line_end":75,"line_start":75,"suggested_replacement":null,"suggestion_applicability":null,"text":[{"highlight_end":28,"highlight_start":12,"text":"    pub fn get_road_asphalt(&self) -> Handle<StandardMaterial> {"}]},{"byte_end":2828,"byte_start":2811,"column_end":29,"column_start":12,"expansion":null,"file_name":"gameplay_sim/src/factories/material_factory.rs","is_primary":true,"label":null,"line_end":80,"line_start":80,"suggested_replacement":null,"suggestion_applicability":null,"text":[{"highlight_end":29,"highlight_start":12,"text":"    pub fn get_water_surface(&self) -> Handle<StandardMaterial> {"}]},{"byte_end":3001,"byte_start":2980,"column_end":33,"column_start":12,"expansion":null,"file_name":"gameplay_sim/src/factories/material_factory.rs","is_primary":true,"label":null,"line_end":85,"line_start":85,"suggested_replacement":null,"suggestion_applicability":null,"text":[{"highlight_end":33,"highlight_start":12,"text":"    pub fn get_building_concrete(&self) -> Handle<StandardMaterial> {"}]},{"byte_end":3189,"byte_start":3165,"column_end":36,"column_start":12,"expansion":null,"file_name":"gameplay_sim/src/factories/material_factory.rs","is_primary":true,"label":null,"line_end":90,"line_start":90,"suggested_replacement":null,"suggestion_applicability":null,"text":[{"highlight_end":36,"highlight_start":12,"text":"    pub fn create_metallic_material("}]},{"byte_end":3653,"byte_start":3629,"column_end":36,"column_start":12,"expansion":null,"file_name":"gameplay_sim/src/factories/material_factory.rs","is_primary":true,"label":null,"line_end":105,"line_start":105,"suggested_replacement":null,"suggestion_applicability":null,"text":[{"highlight_end":36,"highlight_start":12,"text":"    pub fn create_emissive_material("}]},{"byte_end":5090,"byte_start":5062,"column_end":40,"column_start":12,"expansion":null,"file_name":"gameplay_sim/src/factories/material_factory.rs","is_primary":true,"label":null,"line_end":154,"line_start":154,"suggested_replacement":null,"suggestion_applicability":null,"text":[{"highlight_end":40,"highlight_start":12,"text":"    pub fn create_water_bottom_material("}]},{"byte_end":6589,"byte_start":6565,"column_end":36,"column_start":12,"expansion":null,"file_name":"gameplay_sim/src/factories/material_factory.rs","is_primary":true,"label":null,"line_end":205,"line_start":205,"suggested_replacement":null,"suggestion_applicability":null,"text":[{"highlight_end":36,"highlight_start":12,"text":"    pub fn create_mesh_and_material("}]}]}}
{"reason":"compiler-message","package_id":"path+file:///Users/bradyjeong/Documents/Projects/Amp/gta4/gta_game/gameplay_sim#0.1.0","manifest_path":"/Users/bradyjeong/Documents/Projects/Amp/gta4/gta_game/gameplay_sim/Cargo.toml","target":{"kind":["lib"],"crate_types":["lib"],"name":"gameplay_sim","src_path":"/Users/bradyjeong/Documents/Projects/Amp/gta4/gta_game/gameplay_sim/src/lib.rs","edition":"2021","doc":true,"doctest":true,"test":true},"message":{"rendered":"warning: multiple associated functions are never used\n  --> gameplay_sim/src/factories/mesh_factory.rs:29:12\n   |\n7  | impl MeshFactory {\n   | ---------------- associated functions in this implementation\n...\n29 |     pub fn create_suv_body(meshes: &mut ResMut<Assets<Mesh>>) -> Handle<Mesh> {\n   |            ^^^^^^^^^^^^^^^\n...\n38 |     pub fn create_building_mesh(meshes: &mut ResMut<Assets<Mesh>>, width: f32, height: f32, depth: f32) -> Handle<Mesh> {\n   |            ^^^^^^^^^^^^^^^^^^^^\n...\n55 |     pub fn create_f16_body(meshes: &mut ResMut<Assets<Mesh>>) -> Handle<Mesh> {\n   |            ^^^^^^^^^^^^^^^\n...\n60 |     pub fn create_tree_trunk(meshes: &mut ResMut<Assets<Mesh>>) -> Handle<Mesh> {\n   |            ^^^^^^^^^^^^^^^^^\n...\n64 |     pub fn create_road_segment(meshes: &mut ResMut<Assets<Mesh>>, width: f32, length: f32) -> Handle<Mesh> {\n   |            ^^^^^^^^^^^^^^^^^^^\n...\n69 |     pub fn create_water_plane(meshes: &mut ResMut<Assets<Mesh>>, size: f32) -> Handle<Mesh> {\n   |            ^^^^^^^^^^^^^^^^^^\n...\n73 |     pub fn create_terrain_chunk(meshes: &mut ResMut<Assets<Mesh>>, size: f32) -> Handle<Mesh> {\n   |            ^^^^^^^^^^^^^^^^^^^^\n\n","$message_type":"diagnostic","children":[],"code":{"code":"dead_code","explanation":null},"level":"warning","message":"multiple associated functions are never used","spans":[{"byte_end":158,"byte_start":142,"column_end":17,"column_start":1,"expansion":null,"file_name":"gameplay_sim/src/factories/mesh_factory.rs","is_primary":false,"label":"associated functions in this implementation","line_end":7,"line_start":7,"suggested_replacement":null,"suggestion_applicability":null,"text":[{"highlight_end":17,"highlight_start":1,"text":"impl MeshFactory {"}]},{"byte_end":805,"byte_start":790,"column_end":27,"column_start":12,"expansion":null,"file_name":"gameplay_sim/src/factories/mesh_factory.rs","is_primary":true,"label":null,"line_end":29,"line_start":29,"suggested_replacement":null,"suggestion_applicability":null,"text":[{"highlight_end":27,"highlight_start":12,"text":"    pub fn create_suv_body(meshes: &mut ResMut<Assets<Mesh>>) -> Handle<Mesh> {"}]},{"byte_end":1103,"byte_start":1083,"column_end":32,"column_start":12,"expansion":null,"file_name":"gameplay_sim/src/factories/mesh_factory.rs","is_primary":true,"label":null,"line_end":38,"line_start":38,"suggested_replacement":null,"suggestion_applicability":null,"text":[{"highlight_end":32,"highlight_start":12,"text":"    pub fn create_building_mesh(meshes: &mut ResMut<Assets<Mesh>>, width: f32, height: f32, depth: f32) -> Handle<Mesh> {"}]},{"byte_end":1735,"byte_start":1720,"column_end":27,"column_start":12,"expansion":null,"file_name":"gameplay_sim/src/factories/mesh_factory.rs","is_primary":true,"label":null,"line_end":55,"line_start":55,"suggested_replacement":null,"suggestion_applicability":null,"text":[{"highlight_end":27,"highlight_start":12,"text":"    pub fn create_f16_body(meshes: &mut ResMut<Assets<Mesh>>) -> Handle<Mesh> {"}]},{"byte_end":1897,"byte_start":1880,"column_end":29,"column_start":12,"expansion":null,"file_name":"gameplay_sim/src/factories/mesh_factory.rs","is_primary":true,"label":null,"line_end":60,"line_start":60,"suggested_replacement":null,"suggestion_applicability":null,"text":[{"highlight_end":29,"highlight_start":12,"text":"    pub fn create_tree_trunk(meshes: &mut ResMut<Assets<Mesh>>) -> Handle<Mesh> {"}]},{"byte_end":2032,"byte_start":2013,"column_end":31,"column_start":12,"expansion":null,"file_name":"gameplay_sim/src/factories/mesh_factory.rs","is_primary":true,"label":null,"line_end":64,"line_start":64,"suggested_replacement":null,"suggestion_applicability":null,"text":[{"highlight_end":31,"highlight_start":12,"text":"    pub fn create_road_segment(meshes: &mut ResMut<Assets<Mesh>>, width: f32, length: f32) -> Handle<Mesh> {"}]},{"byte_end":2231,"byte_start":2213,"column_end":30,"column_start":12,"expansion":null,"file_name":"gameplay_sim/src/factories/mesh_factory.rs","is_primary":true,"label":null,"line_end":69,"line_start":69,"suggested_replacement":null,"suggestion_applicability":null,"text":[{"highlight_end":30,"highlight_start":12,"text":"    pub fn create_water_plane(meshes: &mut ResMut<Assets<Mesh>>, size: f32) -> Handle<Mesh> {"}]},{"byte_end":2397,"byte_start":2377,"column_end":32,"column_start":12,"expansion":null,"file_name":"gameplay_sim/src/factories/mesh_factory.rs","is_primary":true,"label":null,"line_end":73,"line_start":73,"suggested_replacement":null,"suggestion_applicability":null,"text":[{"highlight_end":32,"highlight_start":12,"text":"    pub fn create_terrain_chunk(meshes: &mut ResMut<Assets<Mesh>>, size: f32) -> Handle<Mesh> {"}]}]}}
{"reason":"compiler-message","package_id":"path+file:///Users/bradyjeong/Documents/Projects/Amp/gta4/gta_game/gameplay_sim#0.1.0","manifest_path":"/Users/bradyjeong/Documents/Projects/Amp/gta4/gta_game/gameplay_sim/Cargo.toml","target":{"kind":["lib"],"crate_types":["lib"],"name":"gameplay_sim","src_path":"/Users/bradyjeong/Documents/Projects/Amp/gta4/gta_game/gameplay_sim/src/lib.rs","edition":"2021","doc":true,"doctest":true,"test":true},"message":{"rendered":"warning: multiple associated functions are never used\n  --> gameplay_sim/src/factories/transform_factory.rs:13:12\n   |\n7  | impl TransformFactory {\n   | --------------------- associated functions in this implementation\n...\n13 |     pub fn at_ground_level(x: f32, z: f32) -> Transform {\n   |            ^^^^^^^^^^^^^^^\n...\n17 |     pub fn at_position(x: f32, y: f32, z: f32) -> Transform {\n   |            ^^^^^^^^^^^\n...\n22 |     pub fn vehicle_spawn(x: f32, z: f32) -> Transform {\n   |            ^^^^^^^^^^^^^\n...\n26 |     pub fn vehicle_elevated(x: f32, y: f32, z: f32) -> Transform {\n   |            ^^^^^^^^^^^^^^^^\n...\n31 |     pub fn helicopter_spawn(x: f32, y: f32, z: f32) -> Transform {\n   |            ^^^^^^^^^^^^^^^^\n...\n35 |     pub fn aircraft_spawn(x: f32, y: f32, z: f32) -> Transform {\n   |            ^^^^^^^^^^^^^^\n...\n40 |     pub fn building_spawn(x: f32, z: f32, height: f32) -> Transform {\n   |            ^^^^^^^^^^^^^^\n...\n45 |     pub fn npc_spawn(x: f32, z: f32) -> Transform {\n   |            ^^^^^^^^^\n...\n50 |     pub fn tree_spawn(x: f32, z: f32) -> Transform {\n   |            ^^^^^^^^^^\n...\n55 |     pub fn with_rotation(position: Vec3, rotation: Quat) -> Transform {\n   |            ^^^^^^^^^^^^^\n...\n63 |     pub fn with_scale(position: Vec3, scale: Vec3) -> Transform {\n   |            ^^^^^^^^^^\n...\n71 |     pub fn random_rotation_y() -> Quat {\n   |            ^^^^^^^^^^^^^^^^^\n...\n84 |     pub fn landing_skid_right() -> Transform {\n   |            ^^^^^^^^^^^^^^^^^^\n\n","$message_type":"diagnostic","children":[],"code":{"code":"dead_code","explanation":null},"level":"warning","message":"multiple associated functions are never used","spans":[{"byte_end":158,"byte_start":137,"column_end":22,"column_start":1,"expansion":null,"file_name":"gameplay_sim/src/factories/transform_factory.rs","is_primary":false,"label":"associated functions in this implementation","line_end":7,"line_start":7,"suggested_replacement":null,"suggestion_applicability":null,"text":[{"highlight_end":22,"highlight_start":1,"text":"impl TransformFactory {"}]},{"byte_end":259,"byte_start":244,"column_end":27,"column_start":12,"expansion":null,"file_name":"gameplay_sim/src/factories/transform_factory.rs","is_primary":true,"label":null,"line_end":13,"line_start":13,"suggested_replacement":null,"suggestion_applicability":null,"text":[{"highlight_end":27,"highlight_start":12,"text":"    pub fn at_ground_level(x: f32, z: f32) -> Transform {"}]},{"byte_end":359,"byte_start":348,"column_end":23,"column_start":12,"expansion":null,"file_name":"gameplay_sim/src/factories/transform_factory.rs","is_primary":true,"label":null,"line_end":17,"line_start":17,"suggested_replacement":null,"suggestion_applicability":null,"text":[{"highlight_end":23,"highlight_start":12,"text":"    pub fn at_position(x: f32, y: f32, z: f32) -> Transform {"}]},{"byte_end":493,"byte_start":480,"column_end":25,"column_start":12,"expansion":null,"file_name":"gameplay_sim/src/factories/transform_factory.rs","is_primary":true,"label":null,"line_end":22,"line_start":22,"suggested_replacement":null,"suggestion_applicability":null,"text":[{"highlight_end":25,"highlight_start":12,"text":"    pub fn vehicle_spawn(x: f32, z: f32) -> Transform {"}]},{"byte_end":598,"byte_start":582,"column_end":28,"column_start":12,"expansion":null,"file_name":"gameplay_sim/src/factories/transform_factory.rs","is_primary":true,"label":null,"line_end":26,"line_start":26,"suggested_replacement":null,"suggestion_applicability":null,"text":[{"highlight_end":28,"highlight_start":12,"text":"    pub fn vehicle_elevated(x: f32, y: f32, z: f32) -> Transform {"}]},{"byte_end":736,"byte_start":720,"column_end":28,"column_start":12,"expansion":null,"file_name":"gameplay_sim/src/factories/transform_factory.rs","is_primary":true,"label":null,"line_end":31,"line_start":31,"suggested_replacement":null,"suggestion_applicability":null,"text":[{"highlight_end":28,"highlight_start":12,"text":"    pub fn helicopter_spawn(x: f32, y: f32, z: f32) -> Transform {"}]},{"byte_end":845,"byte_start":831,"column_end":26,"column_start":12,"expansion":null,"file_name":"gameplay_sim/src/factories/transform_factory.rs","is_primary":true,"label":null,"line_end":35,"line_start":35,"suggested_replacement":null,"suggestion_applicability":null,"text":[{"highlight_end":26,"highlight_start":12,"text":"    pub fn aircraft_spawn(x: f32, y: f32, z: f32) -> Transform {"}]},{"byte_end":981,"byte_start":967,"column_end":26,"column_start":12,"expansion":null,"file_name":"gameplay_sim/src/factories/transform_factory.rs","is_primary":true,"label":null,"line_end":40,"line_start":40,"suggested_replacement":null,"suggestion_applicability":null,"text":[{"highlight_end":26,"highlight_start":12,"text":"    pub fn building_spawn(x: f32, z: f32, height: f32) -> Transform {"}]},{"byte_end":1123,"byte_start":1114,"column_end":21,"column_start":12,"expansion":null,"file_name":"gameplay_sim/src/factories/transform_factory.rs","is_primary":true,"label":null,"line_end":45,"line_start":45,"suggested_replacement":null,"suggestion_applicability":null,"text":[{"highlight_end":21,"highlight_start":12,"text":"    pub fn npc_spawn(x: f32, z: f32) -> Transform {"}]},{"byte_end":1273,"byte_start":1263,"column_end":22,"column_start":12,"expansion":null,"file_name":"gameplay_sim/src/factories/transform_factory.rs","is_primary":true,"label":null,"line_end":50,"line_start":50,"suggested_replacement":null,"suggestion_applicability":null,"text":[{"highlight_end":22,"highlight_start":12,"text":"    pub fn tree_spawn(x: f32, z: f32) -> Transform {"}]},{"byte_end":1423,"byte_start":1410,"column_end":25,"column_start":12,"expansion":null,"file_name":"gameplay_sim/src/factories/transform_factory.rs","is_primary":true,"label":null,"line_end":55,"line_start":55,"suggested_replacement":null,"suggestion_applicability":null,"text":[{"highlight_end":25,"highlight_start":12,"text":"    pub fn with_rotation(position: Vec3, rotation: Quat) -> Transform {"}]},{"byte_end":1616,"byte_start":1606,"column_end":22,"column_start":12,"expansion":null,"file_name":"gameplay_sim/src/factories/transform_factory.rs","is_primary":true,"label":null,"line_end":63,"line_start":63,"suggested_replacement":null,"suggestion_applicability":null,"text":[{"highlight_end":22,"highlight_start":12,"text":"    pub fn with_scale(position: Vec3, scale: Vec3) -> Transform {"}]},{"byte_end":1818,"byte_start":1801,"column_end":29,"column_start":12,"expansion":null,"file_name":"gameplay_sim/src/factories/transform_factory.rs","is_primary":true,"label":null,"line_end":71,"line_start":71,"suggested_replacement":null,"suggestion_applicability":null,"text":[{"highlight_end":29,"highlight_start":12,"text":"    pub fn random_rotation_y() -> Quat {"}]},{"byte_end":2157,"byte_start":2139,"column_end":30,"column_start":12,"expansion":null,"file_name":"gameplay_sim/src/factories/transform_factory.rs","is_primary":true,"label":null,"line_end":84,"line_start":84,"suggested_replacement":null,"suggestion_applicability":null,"text":[{"highlight_end":30,"highlight_start":12,"text":"    pub fn landing_skid_right() -> Transform {"}]}]}}
{"reason":"compiler-message","package_id":"path+file:///Users/bradyjeong/Documents/Projects/Amp/gta4/gta_game/gameplay_sim#0.1.0","manifest_path":"/Users/bradyjeong/Documents/Projects/Amp/gta4/gta_game/gameplay_sim/Cargo.toml","target":{"kind":["lib"],"crate_types":["lib"],"name":"gameplay_sim","src_path":"/Users/bradyjeong/Documents/Projects/Amp/gta4/gta_game/gameplay_sim/src/lib.rs","edition":"2021","doc":true,"doctest":true,"test":true},"message":{"rendered":"warning: trait `BundleSpec` is never used\n --> gameplay_sim/src/factories/generic_bundle.rs:6:11\n  |\n6 | pub trait BundleSpec: Send + Sync + 'static {\n  |           ^^^^^^^^^^\n\n","$message_type":"diagnostic","children":[],"code":{"code":"dead_code","explanation":null},"level":"warning","message":"trait `BundleSpec` is never used","spans":[{"byte_end":168,"byte_start":158,"column_end":21,"column_start":11,"expansion":null,"file_name":"gameplay_sim/src/factories/generic_bundle.rs","is_primary":true,"label":null,"line_end":6,"line_start":6,"suggested_replacement":null,"suggestion_applicability":null,"text":[{"highlight_end":21,"highlight_start":11,"text":"pub trait BundleSpec: Send + Sync + 'static {"}]}]}}
{"reason":"compiler-message","package_id":"path+file:///Users/bradyjeong/Documents/Projects/Amp/gta4/gta_game/gameplay_sim#0.1.0","manifest_path":"/Users/bradyjeong/Documents/Projects/Amp/gta4/gta_game/gameplay_sim/Cargo.toml","target":{"kind":["lib"],"crate_types":["lib"],"name":"gameplay_sim","src_path":"/Users/bradyjeong/Documents/Projects/Amp/gta4/gta_game/gameplay_sim/src/lib.rs","edition":"2021","doc":true,"doctest":true,"test":true},"message":{"rendered":"warning: variants `InvalidPosition`, `InvalidSize`, `InvalidMass`, and `NotImplemented` are never constructed\n  --> gameplay_sim/src/factories/generic_bundle.rs:14:5\n   |\n13 | pub enum BundleError {\n   |          ----------- variants in this enum\n14 |     InvalidPosition,\n   |     ^^^^^^^^^^^^^^^\n15 |     InvalidSize { size: Vec3, min_size: f32, max_size: f32 },\n   |     ^^^^^^^^^^^\n16 |     InvalidMass { mass: f32, min_mass: f32, max_mass: f32 },\n   |     ^^^^^^^^^^^\n17 |     NotImplemented,\n   |     ^^^^^^^^^^^^^^\n   |\n   = note: `BundleError` has derived impls for the traits `Clone` and `Debug`, but these are intentionally ignored during dead code analysis\n\n","$message_type":"diagnostic","children":[{"children":[],"code":null,"level":"note","message":"`BundleError` has derived impls for the traits `Clone` and `Debug`, but these are intentionally ignored during dead code analysis","rendered":null,"spans":[]}],"code":{"code":"dead_code","explanation":null},"level":"warning","message":"variants `InvalidPosition`, `InvalidSize`, `InvalidMass`, and `NotImplemented` are never constructed","spans":[{"byte_end":387,"byte_start":376,"column_end":21,"column_start":10,"expansion":null,"file_name":"gameplay_sim/src/factories/generic_bundle.rs","is_primary":false,"label":"variants in this enum","line_end":13,"line_start":13,"suggested_replacement":null,"suggestion_applicability":null,"text":[{"highlight_end":21,"highlight_start":10,"text":"pub enum BundleError {"}]},{"byte_end":409,"byte_start":394,"column_end":20,"column_start":5,"expansion":null,"file_name":"gameplay_sim/src/factories/generic_bundle.rs","is_primary":true,"label":null,"line_end":14,"line_start":14,"suggested_replacement":null,"suggestion_applicability":null,"text":[{"highlight_end":20,"highlight_start":5,"text":"    InvalidPosition,"}]},{"byte_end":426,"byte_start":415,"column_end":16,"column_start":5,"expansion":null,"file_name":"gameplay_sim/src/factories/generic_bundle.rs","is_primary":true,"label":null,"line_end":15,"line_start":15,"suggested_replacement":null,"suggestion_applicability":null,"text":[{"highlight_end":16,"highlight_start":5,"text":"    InvalidSize { size: Vec3, min_size: f32, max_size: f32 },"}]},{"byte_end":488,"byte_start":477,"column_end":16,"column_start":5,"expansion":null,"file_name":"gameplay_sim/src/factories/generic_bundle.rs","is_primary":true,"label":null,"line_end":16,"line_start":16,"suggested_replacement":null,"suggestion_applicability":null,"text":[{"highlight_end":16,"highlight_start":5,"text":"    InvalidMass { mass: f32, min_mass: f32, max_mass: f32 },"}]},{"byte_end":552,"byte_start":538,"column_end":19,"column_start":5,"expansion":null,"file_name":"gameplay_sim/src/factories/generic_bundle.rs","is_primary":true,"label":null,"line_end":17,"line_start":17,"suggested_replacement":null,"suggestion_applicability":null,"text":[{"highlight_end":19,"highlight_start":5,"text":"    NotImplemented,"}]}]}}
{"reason":"compiler-message","package_id":"path+file:///Users/bradyjeong/Documents/Projects/Amp/gta4/gta_game/gameplay_sim#0.1.0","manifest_path":"/Users/bradyjeong/Documents/Projects/Amp/gta4/gta_game/gameplay_sim/Cargo.toml","target":{"kind":["lib"],"crate_types":["lib"],"name":"gameplay_sim","src_path":"/Users/bradyjeong/Documents/Projects/Amp/gta4/gta_game/gameplay_sim/src/lib.rs","edition":"2021","doc":true,"doctest":true,"test":true},"message":{"rendered":"warning: field `physics_config` is never read\n  --> gameplay_sim/src/factories/generic_bundle.rs:40:5\n   |\n39 | pub struct GenericBundleFactory {\n   |            -------------------- field in this struct\n40 |     physics_config: PhysicsConfig,\n   |     ^^^^^^^^^^^^^^\n\n","$message_type":"diagnostic","children":[],"code":{"code":"dead_code","explanation":null},"level":"warning","message":"field `physics_config` is never read","spans":[{"byte_end":1412,"byte_start":1392,"column_end":32,"column_start":12,"expansion":null,"file_name":"gameplay_sim/src/factories/generic_bundle.rs","is_primary":false,"label":"field in this struct","line_end":39,"line_start":39,"suggested_replacement":null,"suggestion_applicability":null,"text":[{"highlight_end":32,"highlight_start":12,"text":"pub struct GenericBundleFactory {"}]},{"byte_end":1433,"byte_start":1419,"column_end":19,"column_start":5,"expansion":null,"file_name":"gameplay_sim/src/factories/generic_bundle.rs","is_primary":true,"label":null,"line_end":40,"line_start":40,"suggested_replacement":null,"suggestion_applicability":null,"text":[{"highlight_end":19,"highlight_start":5,"text":"    physics_config: PhysicsConfig,"}]}]}}
{"reason":"compiler-message","package_id":"path+file:///Users/bradyjeong/Documents/Projects/Amp/gta4/gta_game/gameplay_sim#0.1.0","manifest_path":"/Users/bradyjeong/Documents/Projects/Amp/gta4/gta_game/gameplay_sim/Cargo.toml","target":{"kind":["lib"],"crate_types":["lib"],"name":"gameplay_sim","src_path":"/Users/bradyjeong/Documents/Projects/Amp/gta4/gta_game/gameplay_sim/src/lib.rs","edition":"2021","doc":true,"doctest":true,"test":true},"message":{"rendered":"warning: multiple associated items are never used\n   --> gameplay_sim/src/factories/generic_bundle.rs:44:12\n    |\n43  | impl GenericBundleFactory {\n    | ------------------------- associated items in this implementation\n44  |     pub fn new(config: &GameConfig) -> Self {\n    |            ^^^\n...\n51  |     pub fn validate_position(&self, position: Vec3) -> Result<Vec3, BundleError> {\n    |            ^^^^^^^^^^^^^^^^^\n...\n69  |     pub fn validate_collider_size(&self, size: Vec3) -> Result<Vec3, BundleError> {\n    |            ^^^^^^^^^^^^^^^^^^^^^^\n...\n83  |     pub fn validate_mass(&self, mass: f32) -> Result<f32, BundleError> {\n    |            ^^^^^^^^^^^^^\n...\n95  |     pub fn create_vehicle_bundle(\n    |            ^^^^^^^^^^^^^^^^^^^^^\n...\n127 |     pub fn create_building_bundle(\n    |            ^^^^^^^^^^^^^^^^^^^^^^\n...\n159 |     pub fn create_npc_bundle(\n    |            ^^^^^^^^^^^^^^^^^\n\n","$message_type":"diagnostic","children":[],"code":{"code":"dead_code","explanation":null},"level":"warning","message":"multiple associated items are never used","spans":[{"byte_end":1478,"byte_start":1453,"column_end":26,"column_start":1,"expansion":null,"file_name":"gameplay_sim/src/factories/generic_bundle.rs","is_primary":false,"label":"associated items in this implementation","line_end":43,"line_start":43,"suggested_replacement":null,"suggestion_applicability":null,"text":[{"highlight_end":26,"highlight_start":1,"text":"impl GenericBundleFactory {"}]},{"byte_end":1495,"byte_start":1492,"column_end":15,"column_start":12,"expansion":null,"file_name":"gameplay_sim/src/factories/generic_bundle.rs","is_primary":true,"label":null,"line_end":44,"line_start":44,"suggested_replacement":null,"suggestion_applicability":null,"text":[{"highlight_end":15,"highlight_start":12,"text":"    pub fn new(config: &GameConfig) -> Self {"}]},{"byte_end":1687,"byte_start":1670,"column_end":29,"column_start":12,"expansion":null,"file_name":"gameplay_sim/src/factories/generic_bundle.rs","is_primary":true,"label":null,"line_end":51,"line_start":51,"suggested_replacement":null,"suggestion_applicability":null,"text":[{"highlight_end":29,"highlight_start":12,"text":"    pub fn validate_position(&self, position: Vec3) -> Result<Vec3, BundleError> {"}]},{"byte_end":2376,"byte_start":2354,"column_end":34,"column_start":12,"expansion":null,"file_name":"gameplay_sim/src/factories/generic_bundle.rs","is_primary":true,"label":null,"line_end":69,"line_start":69,"suggested_replacement":null,"suggestion_applicability":null,"text":[{"highlight_end":34,"highlight_start":12,"text":"    pub fn validate_collider_size(&self, size: Vec3) -> Result<Vec3, BundleError> {"}]},{"byte_end":2886,"byte_start":2873,"column_end":25,"column_start":12,"expansion":null,"file_name":"gameplay_sim/src/factories/generic_bundle.rs","is_primary":true,"label":null,"line_end":83,"line_start":83,"suggested_replacement":null,"suggestion_applicability":null,"text":[{"highlight_end":25,"highlight_start":12,"text":"    pub fn validate_mass(&self, mass: f32) -> Result<f32, BundleError> {"}]},{"byte_end":3290,"byte_start":3269,"column_end":33,"column_start":12,"expansion":null,"file_name":"gameplay_sim/src/factories/generic_bundle.rs","is_primary":true,"label":null,"line_end":95,"line_start":95,"suggested_replacement":null,"suggestion_applicability":null,"text":[{"highlight_end":33,"highlight_start":12,"text":"    pub fn create_vehicle_bundle("}]},{"byte_end":4230,"byte_start":4208,"column_end":34,"column_start":12,"expansion":null,"file_name":"gameplay_sim/src/factories/generic_bundle.rs","is_primary":true,"label":null,"line_end":127,"line_start":127,"suggested_replacement":null,"suggestion_applicability":null,"text":[{"highlight_end":34,"highlight_start":12,"text":"    pub fn create_building_bundle("}]},{"byte_end":5127,"byte_start":5110,"column_end":29,"column_start":12,"expansion":null,"file_name":"gameplay_sim/src/factories/generic_bundle.rs","is_primary":true,"label":null,"line_end":159,"line_start":159,"suggested_replacement":null,"suggestion_applicability":null,"text":[{"highlight_end":29,"highlight_start":12,"text":"    pub fn create_npc_bundle("}]}]}}
{"reason":"compiler-message","package_id":"path+file:///Users/bradyjeong/Documents/Projects/Amp/gta4/gta_game/gameplay_sim#0.1.0","manifest_path":"/Users/bradyjeong/Documents/Projects/Amp/gta4/gta_game/gameplay_sim/Cargo.toml","target":{"kind":["lib"],"crate_types":["lib"],"name":"gameplay_sim","src_path":"/Users/bradyjeong/Documents/Projects/Amp/gta4/gta_game/gameplay_sim/src/lib.rs","edition":"2021","doc":true,"doctest":true,"test":true},"message":{"rendered":"warning: associated functions `create_rendered_entity`, `create_rendered_vehicle`, `create_rendered_building`, `create_rendered_tree`, and `create_rendered_npc` are never used\n  --> gameplay_sim/src/factories/rendering_factory.rs:15:12\n   |\n9  | impl RenderingFactory {\n   | --------------------- associated functions in this implementation\n...\n15 |     pub fn create_rendered_entity(\n   |            ^^^^^^^^^^^^^^^^^^^^^^\n...\n29 |     pub fn create_rendered_vehicle(\n   |            ^^^^^^^^^^^^^^^^^^^^^^^\n...\n45 |     pub fn create_rendered_building(\n   |            ^^^^^^^^^^^^^^^^^^^^^^^^\n...\n64 |     pub fn create_rendered_tree(\n   |            ^^^^^^^^^^^^^^^^^^^^\n...\n80 |     pub fn create_rendered_npc(\n   |            ^^^^^^^^^^^^^^^^^^^\n\n","$message_type":"diagnostic","children":[],"code":{"code":"dead_code","explanation":null},"level":"warning","message":"associated functions `create_rendered_entity`, `create_rendered_vehicle`, `create_rendered_building`, `create_rendered_tree`, and `create_rendered_npc` are never used","spans":[{"byte_end":234,"byte_start":213,"column_end":22,"column_start":1,"expansion":null,"file_name":"gameplay_sim/src/factories/rendering_factory.rs","is_primary":false,"label":"associated functions in this implementation","line_end":9,"line_start":9,"suggested_replacement":null,"suggestion_applicability":null,"text":[{"highlight_end":22,"highlight_start":1,"text":"impl RenderingFactory {"}]},{"byte_end":379,"byte_start":357,"column_end":34,"column_start":12,"expansion":null,"file_name":"gameplay_sim/src/factories/rendering_factory.rs","is_primary":true,"label":null,"line_end":15,"line_start":15,"suggested_replacement":null,"suggestion_applicability":null,"text":[{"highlight_end":34,"highlight_start":12,"text":"    pub fn create_rendered_entity("}]},{"byte_end":771,"byte_start":748,"column_end":35,"column_start":12,"expansion":null,"file_name":"gameplay_sim/src/factories/rendering_factory.rs","is_primary":true,"label":null,"line_end":29,"line_start":29,"suggested_replacement":null,"suggestion_applicability":null,"text":[{"highlight_end":35,"highlight_start":12,"text":"    pub fn create_rendered_vehicle("}]},{"byte_end":1315,"byte_start":1291,"column_end":36,"column_start":12,"expansion":null,"file_name":"gameplay_sim/src/factories/rendering_factory.rs","is_primary":true,"label":null,"line_end":45,"line_start":45,"suggested_replacement":null,"suggestion_applicability":null,"text":[{"highlight_end":36,"highlight_start":12,"text":"    pub fn create_rendered_building("}]},{"byte_end":1919,"byte_start":1899,"column_end":32,"column_start":12,"expansion":null,"file_name":"gameplay_sim/src/factories/rendering_factory.rs","is_primary":true,"label":null,"line_end":64,"line_start":64,"suggested_replacement":null,"suggestion_applicability":null,"text":[{"highlight_end":32,"highlight_start":12,"text":"    pub fn create_rendered_tree("}]},{"byte_end":2475,"byte_start":2456,"column_end":31,"column_start":12,"expansion":null,"file_name":"gameplay_sim/src/factories/rendering_factory.rs","is_primary":true,"label":null,"line_end":80,"line_start":80,"suggested_replacement":null,"suggestion_applicability":null,"text":[{"highlight_end":31,"highlight_start":12,"text":"    pub fn create_rendered_npc("}]}]}}
{"reason":"compiler-message","package_id":"path+file:///Users/bradyjeong/Documents/Projects/Amp/gta4/gta_game/gameplay_sim#0.1.0","manifest_path":"/Users/bradyjeong/Documents/Projects/Amp/gta4/gta_game/gameplay_sim/Cargo.toml","target":{"kind":["lib"],"crate_types":["lib"],"name":"gameplay_sim","src_path":"/Users/bradyjeong/Documents/Projects/Amp/gta4/gta_game/gameplay_sim/src/lib.rs","edition":"2021","doc":true,"doctest":true,"test":true},"message":{"rendered":"warning: constant `CHARACTER_GROUP` is never used\n --> gameplay_sim/src/constants.rs:8:11\n  |\n8 | pub const CHARACTER_GROUP: Group = Group::GROUP_3;\n  |           ^^^^^^^^^^^^^^^\n\n","$message_type":"diagnostic","children":[],"code":{"code":"dead_code","explanation":null},"level":"warning","message":"constant `CHARACTER_GROUP` is never used","spans":[{"byte_end":219,"byte_start":204,"column_end":26,"column_start":11,"expansion":null,"file_name":"gameplay_sim/src/constants.rs","is_primary":true,"label":null,"line_end":8,"line_start":8,"suggested_replacement":null,"suggestion_applicability":null,"text":[{"highlight_end":26,"highlight_start":11,"text":"pub const CHARACTER_GROUP: Group = Group::GROUP_3;"}]}]}}
{"reason":"compiler-message","package_id":"path+file:///Users/bradyjeong/Documents/Projects/Amp/gta4/gta_game/gameplay_sim#0.1.0","manifest_path":"/Users/bradyjeong/Documents/Projects/Amp/gta4/gta_game/gameplay_sim/Cargo.toml","target":{"kind":["lib"],"crate_types":["lib"],"name":"gameplay_sim","src_path":"/Users/bradyjeong/Documents/Projects/Amp/gta4/gta_game/gameplay_sim/src/lib.rs","edition":"2021","doc":true,"doctest":true,"test":true},"message":{"rendered":"warning: constant `CHUNK_SIZE` is never used\n  --> gameplay_sim/src/constants.rs:11:11\n   |\n11 | pub const CHUNK_SIZE: f32 = 64.0;\n   |           ^^^^^^^^^^\n\n","$message_type":"diagnostic","children":[],"code":{"code":"dead_code","explanation":null},"level":"warning","message":"constant `CHUNK_SIZE` is never used","spans":[{"byte_end":287,"byte_start":277,"column_end":21,"column_start":11,"expansion":null,"file_name":"gameplay_sim/src/constants.rs","is_primary":true,"label":null,"line_end":11,"line_start":11,"suggested_replacement":null,"suggestion_applicability":null,"text":[{"highlight_end":21,"highlight_start":11,"text":"pub const CHUNK_SIZE: f32 = 64.0;"}]}]}}
{"reason":"compiler-message","package_id":"path+file:///Users/bradyjeong/Documents/Projects/Amp/gta4/gta_game/gameplay_sim#0.1.0","manifest_path":"/Users/bradyjeong/Documents/Projects/Amp/gta4/gta_game/gameplay_sim/Cargo.toml","target":{"kind":["lib"],"crate_types":["lib"],"name":"gameplay_sim","src_path":"/Users/bradyjeong/Documents/Projects/Amp/gta4/gta_game/gameplay_sim/src/lib.rs","edition":"2021","doc":true,"doctest":true,"test":true},"message":{"rendered":"warning: constant `UNIFIED_CHUNK_SIZE` is never used\n  --> gameplay_sim/src/constants.rs:12:11\n   |\n12 | pub const UNIFIED_CHUNK_SIZE: f32 = 128.0;\n   |           ^^^^^^^^^^^^^^^^^^\n\n","$message_type":"diagnostic","children":[],"code":{"code":"dead_code","explanation":null},"level":"warning","message":"constant `UNIFIED_CHUNK_SIZE` is never used","spans":[{"byte_end":329,"byte_start":311,"column_end":29,"column_start":11,"expansion":null,"file_name":"gameplay_sim/src/constants.rs","is_primary":true,"label":null,"line_end":12,"line_start":12,"suggested_replacement":null,"suggestion_applicability":null,"text":[{"highlight_end":29,"highlight_start":11,"text":"pub const UNIFIED_CHUNK_SIZE: f32 = 128.0;"}]}]}}
{"reason":"compiler-message","package_id":"path+file:///Users/bradyjeong/Documents/Projects/Amp/gta4/gta_game/gameplay_sim#0.1.0","manifest_path":"/Users/bradyjeong/Documents/Projects/Amp/gta4/gta_game/gameplay_sim/Cargo.toml","target":{"kind":["lib"],"crate_types":["lib"],"name":"gameplay_sim","src_path":"/Users/bradyjeong/Documents/Projects/Amp/gta4/gta_game/gameplay_sim/src/lib.rs","edition":"2021","doc":true,"doctest":true,"test":true},"message":{"rendered":"warning: constant `UNIFIED_STREAMING_RADIUS` is never used\n  --> gameplay_sim/src/constants.rs:13:11\n   |\n13 | pub const UNIFIED_STREAMING_RADIUS: f32 = 300.0;\n   |           ^^^^^^^^^^^^^^^^^^^^^^^^\n\n","$message_type":"diagnostic","children":[],"code":{"code":"dead_code","explanation":null},"level":"warning","message":"constant `UNIFIED_STREAMING_RADIUS` is never used","spans":[{"byte_end":378,"byte_start":354,"column_end":35,"column_start":11,"expansion":null,"file_name":"gameplay_sim/src/constants.rs","is_primary":true,"label":null,"line_end":13,"line_start":13,"suggested_replacement":null,"suggestion_applicability":null,"text":[{"highlight_end":35,"highlight_start":11,"text":"pub const UNIFIED_STREAMING_RADIUS: f32 = 300.0;"}]}]}}
{"reason":"compiler-message","package_id":"path+file:///Users/bradyjeong/Documents/Projects/Amp/gta4/gta_game/gameplay_sim#0.1.0","manifest_path":"/Users/bradyjeong/Documents/Projects/Amp/gta4/gta_game/gameplay_sim/Cargo.toml","target":{"kind":["lib"],"crate_types":["lib"],"name":"gameplay_sim","src_path":"/Users/bradyjeong/Documents/Projects/Amp/gta4/gta_game/gameplay_sim/src/lib.rs","edition":"2021","doc":true,"doctest":true,"test":true},"message":{"rendered":"warning: constant `MAX_ENTITIES_PER_CHUNK` is never used\n  --> gameplay_sim/src/constants.rs:16:11\n   |\n16 | pub const MAX_ENTITIES_PER_CHUNK: usize = 100;\n   |           ^^^^^^^^^^^^^^^^^^^^^^\n\n","$message_type":"diagnostic","children":[],"code":{"code":"dead_code","explanation":null},"level":"warning","message":"constant `MAX_ENTITIES_PER_CHUNK` is never used","spans":[{"byte_end":452,"byte_start":430,"column_end":33,"column_start":11,"expansion":null,"file_name":"gameplay_sim/src/constants.rs","is_primary":true,"label":null,"line_end":16,"line_start":16,"suggested_replacement":null,"suggestion_applicability":null,"text":[{"highlight_end":33,"highlight_start":11,"text":"pub const MAX_ENTITIES_PER_CHUNK: usize = 100;"}]}]}}
{"reason":"compiler-message","package_id":"path+file:///Users/bradyjeong/Documents/Projects/Amp/gta4/gta_game/gameplay_sim#0.1.0","manifest_path":"/Users/bradyjeong/Documents/Projects/Amp/gta4/gta_game/gameplay_sim/Cargo.toml","target":{"kind":["lib"],"crate_types":["lib"],"name":"gameplay_sim","src_path":"/Users/bradyjeong/Documents/Projects/Amp/gta4/gta_game/gameplay_sim/src/lib.rs","edition":"2021","doc":true,"doctest":true,"test":true},"message":{"rendered":"warning: constant `DISTANCE_CACHE_SIZE` is never used\n  --> gameplay_sim/src/constants.rs:17:11\n   |\n17 | pub const DISTANCE_CACHE_SIZE: usize = 2048;\n   |           ^^^^^^^^^^^^^^^^^^^\n\n","$message_type":"diagnostic","children":[],"code":{"code":"dead_code","explanation":null},"level":"warning","message":"constant `DISTANCE_CACHE_SIZE` is never used","spans":[{"byte_end":496,"byte_start":477,"column_end":30,"column_start":11,"expansion":null,"file_name":"gameplay_sim/src/constants.rs","is_primary":true,"label":null,"line_end":17,"line_start":17,"suggested_replacement":null,"suggestion_applicability":null,"text":[{"highlight_end":30,"highlight_start":11,"text":"pub const DISTANCE_CACHE_SIZE: usize = 2048;"}]}]}}
{"reason":"compiler-message","package_id":"path+file:///Users/bradyjeong/Documents/Projects/Amp/gta4/gta_game/gameplay_sim#0.1.0","manifest_path":"/Users/bradyjeong/Documents/Projects/Amp/gta4/gta_game/gameplay_sim/Cargo.toml","target":{"kind":["lib"],"crate_types":["lib"],"name":"gameplay_sim","src_path":"/Users/bradyjeong/Documents/Projects/Amp/gta4/gta_game/gameplay_sim/src/lib.rs","edition":"2021","doc":true,"doctest":true,"test":true},"message":{"rendered":"warning: variants `Pine` and `Birch` are never constructed\n  --> gameplay_sim/src/compat.rs:66:5\n   |\n64 | pub enum TreeType {\n   |          -------- variants in this enum\n65 |     Oak,\n66 |     Pine,\n   |     ^^^^\n67 |     Birch,\n   |     ^^^^^\n   |\n   = note: `TreeType` has derived impls for the traits `Clone` and `Debug`, but these are intentionally ignored during dead code analysis\n\n","$message_type":"diagnostic","children":[{"children":[],"code":null,"level":"note","message":"`TreeType` has derived impls for the traits `Clone` and `Debug`, but these are intentionally ignored during dead code analysis","rendered":null,"spans":[]}],"code":{"code":"dead_code","explanation":null},"level":"warning","message":"variants `Pine` and `Birch` are never constructed","spans":[{"byte_end":2090,"byte_start":2082,"column_end":18,"column_start":10,"expansion":null,"file_name":"gameplay_sim/src/compat.rs","is_primary":false,"label":"variants in this enum","line_end":64,"line_start":64,"suggested_replacement":null,"suggestion_applicability":null,"text":[{"highlight_end":18,"highlight_start":10,"text":"pub enum TreeType {"}]},{"byte_end":2110,"byte_start":2106,"column_end":9,"column_start":5,"expansion":null,"file_name":"gameplay_sim/src/compat.rs","is_primary":true,"label":null,"line_end":66,"line_start":66,"suggested_replacement":null,"suggestion_applicability":null,"text":[{"highlight_end":9,"highlight_start":5,"text":"    Pine,"}]},{"byte_end":2121,"byte_start":2116,"column_end":10,"column_start":5,"expansion":null,"file_name":"gameplay_sim/src/compat.rs","is_primary":true,"label":null,"line_end":67,"line_start":67,"suggested_replacement":null,"suggestion_applicability":null,"text":[{"highlight_end":10,"highlight_start":5,"text":"    Birch,"}]}]}}
{"reason":"compiler-message","package_id":"path+file:///Users/bradyjeong/Documents/Projects/Amp/gta4/gta_game/gameplay_sim#0.1.0","manifest_path":"/Users/bradyjeong/Documents/Projects/Amp/gta4/gta_game/gameplay_sim/Cargo.toml","target":{"kind":["lib"],"crate_types":["lib"],"name":"gameplay_sim","src_path":"/Users/bradyjeong/Documents/Projects/Amp/gta4/gta_game/gameplay_sim/src/lib.rs","edition":"2021","doc":true,"doctest":true,"test":true},"message":{"rendered":"warning: variants `Walking`, `Running`, and `Driving` are never constructed\n  --> gameplay_sim/src/compat.rs:80:5\n   |\n78 | pub enum NPCBehaviorState {\n   |          ---------------- variants in this enum\n79 |     Idle,\n80 |     Walking,\n   |     ^^^^^^^\n81 |     Running,\n   |     ^^^^^^^\n82 |     Driving,\n   |     ^^^^^^^\n   |\n   = note: `NPCBehaviorState` has derived impls for the traits `Clone` and `Debug`, but these are intentionally ignored during dead code analysis\n\n","$message_type":"diagnostic","children":[{"children":[],"code":null,"level":"note","message":"`NPCBehaviorState` has derived impls for the traits `Clone` and `Debug`, but these are intentionally ignored during dead code analysis","rendered":null,"spans":[]}],"code":{"code":"dead_code","explanation":null},"level":"warning","message":"variants `Walking`, `Running`, and `Driving` are never constructed","spans":[{"byte_end":2318,"byte_start":2302,"column_end":26,"column_start":10,"expansion":null,"file_name":"gameplay_sim/src/compat.rs","is_primary":false,"label":"variants in this enum","line_end":78,"line_start":78,"suggested_replacement":null,"suggestion_applicability":null,"text":[{"highlight_end":26,"highlight_start":10,"text":"pub enum NPCBehaviorState {"}]},{"byte_end":2342,"byte_start":2335,"column_end":12,"column_start":5,"expansion":null,"file_name":"gameplay_sim/src/compat.rs","is_primary":true,"label":null,"line_end":80,"line_start":80,"suggested_replacement":null,"suggestion_applicability":null,"text":[{"highlight_end":12,"highlight_start":5,"text":"    Walking,"}]},{"byte_end":2355,"byte_start":2348,"column_end":12,"column_start":5,"expansion":null,"file_name":"gameplay_sim/src/compat.rs","is_primary":true,"label":null,"line_end":81,"line_start":81,"suggested_replacement":null,"suggestion_applicability":null,"text":[{"highlight_end":12,"highlight_start":5,"text":"    Running,"}]},{"byte_end":2368,"byte_start":2361,"column_end":12,"column_start":5,"expansion":null,"file_name":"gameplay_sim/src/compat.rs","is_primary":true,"label":null,"line_end":82,"line_start":82,"suggested_replacement":null,"suggestion_applicability":null,"text":[{"highlight_end":12,"highlight_start":5,"text":"    Driving,"}]}]}}
{"reason":"compiler-message","package_id":"path+file:///Users/bradyjeong/Documents/Projects/Amp/gta4/gta_game/gameplay_sim#0.1.0","manifest_path":"/Users/bradyjeong/Documents/Projects/Amp/gta4/gta_game/gameplay_sim/Cargo.toml","target":{"kind":["lib"],"crate_types":["lib"],"name":"gameplay_sim","src_path":"/Users/bradyjeong/Documents/Projects/Amp/gta4/gta_game/gameplay_sim/src/lib.rs","edition":"2021","doc":true,"doctest":true,"test":true},"message":{"rendered":"warning: variants `NotImplemented`, `InvalidConfiguration`, and `MissingComponent` are never constructed\n  --> gameplay_sim/src/compat.rs:94:5\n   |\n93 | pub enum BundleError {\n   |          ----------- variants in this enum\n94 |     NotImplemented,\n   |     ^^^^^^^^^^^^^^\n95 |     InvalidConfiguration,\n   |     ^^^^^^^^^^^^^^^^^^^^\n96 |     MissingComponent,\n   |     ^^^^^^^^^^^^^^^^\n   |\n   = note: `BundleError` has derived impls for the traits `Clone` and `Debug`, but these are intentionally ignored during dead code analysis\n\n","$message_type":"diagnostic","children":[{"children":[],"code":null,"level":"note","message":"`BundleError` has derived impls for the traits `Clone` and `Debug`, but these are intentionally ignored during dead code analysis","rendered":null,"spans":[]}],"code":{"code":"dead_code","explanation":null},"level":"warning","message":"variants `NotImplemented`, `InvalidConfiguration`, and `MissingComponent` are never constructed","spans":[{"byte_end":2559,"byte_start":2548,"column_end":21,"column_start":10,"expansion":null,"file_name":"gameplay_sim/src/compat.rs","is_primary":false,"label":"variants in this enum","line_end":93,"line_start":93,"suggested_replacement":null,"suggestion_applicability":null,"text":[{"highlight_end":21,"highlight_start":10,"text":"pub enum BundleError {"}]},{"byte_end":2580,"byte_start":2566,"column_end":19,"column_start":5,"expansion":null,"file_name":"gameplay_sim/src/compat.rs","is_primary":true,"label":null,"line_end":94,"line_start":94,"suggested_replacement":null,"suggestion_applicability":null,"text":[{"highlight_end":19,"highlight_start":5,"text":"    NotImplemented,"}]},{"byte_end":2606,"byte_start":2586,"column_end":25,"column_start":5,"expansion":null,"file_name":"gameplay_sim/src/compat.rs","is_primary":true,"label":null,"line_end":95,"line_start":95,"suggested_replacement":null,"suggestion_applicability":null,"text":[{"highlight_end":25,"highlight_start":5,"text":"    InvalidConfiguration,"}]},{"byte_end":2628,"byte_start":2612,"column_end":21,"column_start":5,"expansion":null,"file_name":"gameplay_sim/src/compat.rs","is_primary":true,"label":null,"line_end":96,"line_start":96,"suggested_replacement":null,"suggestion_applicability":null,"text":[{"highlight_end":21,"highlight_start":5,"text":"    MissingComponent,"}]}]}}
{"reason":"compiler-message","package_id":"path+file:///Users/bradyjeong/Documents/Projects/Amp/gta4/gta_game/gameplay_sim#0.1.0","manifest_path":"/Users/bradyjeong/Documents/Projects/Amp/gta4/gta_game/gameplay_sim/Cargo.toml","target":{"kind":["lib"],"crate_types":["lib"],"name":"gameplay_sim","src_path":"/Users/bradyjeong/Documents/Projects/Amp/gta4/gta_game/gameplay_sim/src/lib.rs","edition":"2021","doc":true,"doctest":true,"test":true},"message":{"rendered":"warning: struct `ConfigService` is never constructed\n  --> gameplay_sim/src/services/simple_services.rs:12:12\n   |\n12 | pub struct ConfigService {\n   |            ^^^^^^^^^^^^^\n   |\n   = note: `#[warn(dead_code)]` on by default\n\n","$message_type":"diagnostic","children":[{"children":[],"code":null,"level":"note","message":"`#[warn(dead_code)]` on by default","rendered":null,"spans":[]}],"code":{"code":"dead_code","explanation":null},"level":"warning","message":"struct `ConfigService` is never constructed","spans":[{"byte_end":427,"byte_start":414,"column_end":25,"column_start":12,"expansion":null,"file_name":"gameplay_sim/src/services/simple_services.rs","is_primary":true,"label":null,"line_end":12,"line_start":12,"suggested_replacement":null,"suggestion_applicability":null,"text":[{"highlight_end":25,"highlight_start":12,"text":"pub struct ConfigService {"}]}]}}
{"reason":"compiler-message","package_id":"path+file:///Users/bradyjeong/Documents/Projects/Amp/gta4/gta_game/gameplay_sim#0.1.0","manifest_path":"/Users/bradyjeong/Documents/Projects/Amp/gta4/gta_game/gameplay_sim/Cargo.toml","target":{"kind":["lib"],"crate_types":["lib"],"name":"gameplay_sim","src_path":"/Users/bradyjeong/Documents/Projects/Amp/gta4/gta_game/gameplay_sim/src/lib.rs","edition":"2021","doc":true,"doctest":true,"test":true},"message":{"rendered":"warning: fields `loading` and `progress` are never read\n   --> gameplay_sim/src/compat.rs:136:9\n    |\n135 | pub struct LoadState {\n    |            --------- fields in this struct\n136 |     pub loading: bool,\n    |         ^^^^^^^\n137 |     pub progress: f32,\n    |         ^^^^^^^^\n    |\n    = note: `LoadState` has derived impls for the traits `Clone` and `Debug`, but these are intentionally ignored during dead code analysis\n\n","$message_type":"diagnostic","children":[{"children":[],"code":null,"level":"note","message":"`LoadState` has derived impls for the traits `Clone` and `Debug`, but these are intentionally ignored during dead code analysis","rendered":null,"spans":[]}],"code":{"code":"dead_code","explanation":null},"level":"warning","message":"fields `loading` and `progress` are never read","spans":[{"byte_end":3762,"byte_start":3753,"column_end":21,"column_start":12,"expansion":null,"file_name":"gameplay_sim/src/compat.rs","is_primary":false,"label":"fields in this struct","line_end":135,"line_start":135,"suggested_replacement":null,"suggestion_applicability":null,"text":[{"highlight_end":21,"highlight_start":12,"text":"pub struct LoadState {"}]},{"byte_end":3780,"byte_start":3773,"column_end":16,"column_start":9,"expansion":null,"file_name":"gameplay_sim/src/compat.rs","is_primary":true,"label":null,"line_end":136,"line_start":136,"suggested_replacement":null,"suggestion_applicability":null,"text":[{"highlight_end":16,"highlight_start":9,"text":"    pub loading: bool,"}]},{"byte_end":3804,"byte_start":3796,"column_end":17,"column_start":9,"expansion":null,"file_name":"gameplay_sim/src/compat.rs","is_primary":true,"label":null,"line_end":137,"line_start":137,"suggested_replacement":null,"suggestion_applicability":null,"text":[{"highlight_end":17,"highlight_start":9,"text":"    pub progress: f32,"}]}]}}
{"reason":"compiler-message","package_id":"path+file:///Users/bradyjeong/Documents/Projects/Amp/gta4/gta_game/gameplay_sim#0.1.0","manifest_path":"/Users/bradyjeong/Documents/Projects/Amp/gta4/gta_game/gameplay_sim/Cargo.toml","target":{"kind":["lib"],"crate_types":["lib"],"name":"gameplay_sim","src_path":"/Users/bradyjeong/Documents/Projects/Amp/gta4/gta_game/gameplay_sim/src/lib.rs","edition":"2021","doc":true,"doctest":true,"test":true},"message":{"rendered":"warning: fields `tree_type`, `height`, and `age` are never read\n   --> gameplay_sim/src/compat.rs:143:9\n    |\n142 | pub struct Tree {\n    |            ---- fields in this struct\n143 |     pub tree_type: TreeType,\n    |         ^^^^^^^^^\n144 |     pub height: f32,\n    |         ^^^^^^\n145 |     pub age: f32,\n    |         ^^^\n    |\n    = note: `Tree` has derived impls for the traits `Clone` and `Debug`, but these are intentionally ignored during dead code analysis\n\n","$message_type":"diagnostic","children":[{"children":[],"code":null,"level":"note","message":"`Tree` has derived impls for the traits `Clone` and `Debug`, but these are intentionally ignored during dead code analysis","rendered":null,"spans":[]}],"code":{"code":"dead_code","explanation":null},"level":"warning","message":"fields `tree_type`, `height`, and `age` are never read","spans":[{"byte_end":3922,"byte_start":3918,"column_end":16,"column_start":12,"expansion":null,"file_name":"gameplay_sim/src/compat.rs","is_primary":false,"label":"fields in this struct","line_end":142,"line_start":142,"suggested_replacement":null,"suggestion_applicability":null,"text":[{"highlight_end":16,"highlight_start":12,"text":"pub struct Tree {"}]},{"byte_end":3942,"byte_start":3933,"column_end":18,"column_start":9,"expansion":null,"file_name":"gameplay_sim/src/compat.rs","is_primary":true,"label":null,"line_end":143,"line_start":143,"suggested_replacement":null,"suggestion_applicability":null,"text":[{"highlight_end":18,"highlight_start":9,"text":"    pub tree_type: TreeType,"}]},{"byte_end":3968,"byte_start":3962,"column_end":15,"column_start":9,"expansion":null,"file_name":"gameplay_sim/src/compat.rs","is_primary":true,"label":null,"line_end":144,"line_start":144,"suggested_replacement":null,"suggestion_applicability":null,"text":[{"highlight_end":15,"highlight_start":9,"text":"    pub height: f32,"}]},{"byte_end":3986,"byte_start":3983,"column_end":12,"column_start":9,"expansion":null,"file_name":"gameplay_sim/src/compat.rs","is_primary":true,"label":null,"line_end":145,"line_start":145,"suggested_replacement":null,"suggestion_applicability":null,"text":[{"highlight_end":12,"highlight_start":9,"text":"    pub age: f32,"}]}]}}
{"reason":"compiler-message","package_id":"path+file:///Users/bradyjeong/Documents/Projects/Amp/gta4/gta_game/gameplay_sim#0.1.0","manifest_path":"/Users/bradyjeong/Documents/Projects/Amp/gta4/gta_game/gameplay_sim/Cargo.toml","target":{"kind":["lib"],"crate_types":["lib"],"name":"gameplay_sim","src_path":"/Users/bradyjeong/Documents/Projects/Amp/gta4/gta_game/gameplay_sim/src/lib.rs","edition":"2021","doc":true,"doctest":true,"test":true},"message":{"rendered":"warning: associated items `new`, `get_config`, `update_config`, and `validate_and_clamp` are never used\n  --> gameplay_sim/src/services/simple_services.rs:17:12\n   |\n16 | impl ConfigService {\n   | ------------------ associated items in this implementation\n17 |     pub fn new(config: GameConfig) -> Self {\n   |            ^^^\n...\n21 |     pub fn get_config(&self) -> &GameConfig {\n   |            ^^^^^^^^^^\n...\n25 |     pub fn update_config(&mut self, config: GameConfig) {\n   |            ^^^^^^^^^^^^^\n...\n29 |     pub fn validate_and_clamp(&mut self) {\n   |            ^^^^^^^^^^^^^^^^^^\n\n","$message_type":"diagnostic","children":[],"code":{"code":"dead_code","explanation":null},"level":"warning","message":"associated items `new`, `get_config`, `update_config`, and `validate_and_clamp` are never used","spans":[{"byte_end":475,"byte_start":457,"column_end":19,"column_start":1,"expansion":null,"file_name":"gameplay_sim/src/services/simple_services.rs","is_primary":false,"label":"associated items in this implementation","line_end":16,"line_start":16,"suggested_replacement":null,"suggestion_applicability":null,"text":[{"highlight_end":19,"highlight_start":1,"text":"impl ConfigService {"}]},{"byte_end":492,"byte_start":489,"column_end":15,"column_start":12,"expansion":null,"file_name":"gameplay_sim/src/services/simple_services.rs","is_primary":true,"label":null,"line_end":17,"line_start":17,"suggested_replacement":null,"suggestion_applicability":null,"text":[{"highlight_end":15,"highlight_start":12,"text":"    pub fn new(config: GameConfig) -> Self {"}]},{"byte_end":579,"byte_start":569,"column_end":22,"column_start":12,"expansion":null,"file_name":"gameplay_sim/src/services/simple_services.rs","is_primary":true,"label":null,"line_end":21,"line_start":21,"suggested_replacement":null,"suggestion_applicability":null,"text":[{"highlight_end":22,"highlight_start":12,"text":"    pub fn get_config(&self) -> &GameConfig {"}]},{"byte_end":660,"byte_start":647,"column_end":25,"column_start":12,"expansion":null,"file_name":"gameplay_sim/src/services/simple_services.rs","is_primary":true,"label":null,"line_end":25,"line_start":25,"suggested_replacement":null,"suggestion_applicability":null,"text":[{"highlight_end":25,"highlight_start":12,"text":"    pub fn update_config(&mut self, config: GameConfig) {"}]},{"byte_end":764,"byte_start":746,"column_end":30,"column_start":12,"expansion":null,"file_name":"gameplay_sim/src/services/simple_services.rs","is_primary":true,"label":null,"line_end":29,"line_start":29,"suggested_replacement":null,"suggestion_applicability":null,"text":[{"highlight_end":30,"highlight_start":12,"text":"    pub fn validate_and_clamp(&mut self) {"}]}]}}
{"reason":"compiler-message","package_id":"path+file:///Users/bradyjeong/Documents/Projects/Amp/gta4/gta_game/gameplay_sim#0.1.0","manifest_path":"/Users/bradyjeong/Documents/Projects/Amp/gta4/gta_game/gameplay_sim/Cargo.toml","target":{"kind":["lib"],"crate_types":["lib"],"name":"gameplay_sim","src_path":"/Users/bradyjeong/Documents/Projects/Amp/gta4/gta_game/gameplay_sim/src/lib.rs","edition":"2021","doc":true,"doctest":true,"test":true},"message":{"rendered":"warning: multiple fields are never read\n   --> gameplay_sim/src/compat.rs:150:9\n    |\n149 | pub struct NPC {\n    |            --- fields in this struct\n150 |     pub target_position: Vec3,\n    |         ^^^^^^^^^^^^^^^\n151 |     pub speed: f32,\n    |         ^^^^^\n152 |     pub last_update: f32,\n    |         ^^^^^^^^^^^\n153 |     pub update_interval: f32,\n    |         ^^^^^^^^^^^^^^^\n154 |     pub health: f32,\n    |         ^^^^^^\n155 |     pub max_health: f32,\n    |         ^^^^^^^^^^\n156 |     pub behavior_state: NPCBehaviorState,\n    |         ^^^^^^^^^^^^^^\n157 |     pub spawn_time: f32,\n    |         ^^^^^^^^^^\n    |\n    = note: `NPC` has derived impls for the traits `Clone` and `Debug`, but these are intentionally ignored during dead code analysis\n\n","$message_type":"diagnostic","children":[{"children":[],"code":null,"level":"note","message":"`NPC` has derived impls for the traits `Clone` and `Debug`, but these are intentionally ignored during dead code analysis","rendered":null,"spans":[]}],"code":{"code":"dead_code","explanation":null},"level":"warning","message":"multiple fields are never read","spans":[{"byte_end":4069,"byte_start":4066,"column_end":15,"column_start":12,"expansion":null,"file_name":"gameplay_sim/src/compat.rs","is_primary":false,"label":"fields in this struct","line_end":149,"line_start":149,"suggested_replacement":null,"suggestion_applicability":null,"text":[{"highlight_end":15,"highlight_start":12,"text":"pub struct NPC {"}]},{"byte_end":4095,"byte_start":4080,"column_end":24,"column_start":9,"expansion":null,"file_name":"gameplay_sim/src/compat.rs","is_primary":true,"label":null,"line_end":150,"line_start":150,"suggested_replacement":null,"suggestion_applicability":null,"text":[{"highlight_end":24,"highlight_start":9,"text":"    pub target_position: Vec3,"}]},{"byte_end":4116,"byte_start":4111,"column_end":14,"column_start":9,"expansion":null,"file_name":"gameplay_sim/src/compat.rs","is_primary":true,"label":null,"line_end":151,"line_start":151,"suggested_replacement":null,"suggestion_applicability":null,"text":[{"highlight_end":14,"highlight_start":9,"text":"    pub speed: f32,"}]},{"byte_end":4142,"byte_start":4131,"column_end":20,"column_start":9,"expansion":null,"file_name":"gameplay_sim/src/compat.rs","is_primary":true,"label":null,"line_end":152,"line_start":152,"suggested_replacement":null,"suggestion_applicability":null,"text":[{"highlight_end":20,"highlight_start":9,"text":"    pub last_update: f32,"}]},{"byte_end":4172,"byte_start":4157,"column_end":24,"column_start":9,"expansion":null,"file_name":"gameplay_sim/src/compat.rs","is_primary":true,"label":null,"line_end":153,"line_start":153,"suggested_replacement":null,"suggestion_applicability":null,"text":[{"highlight_end":24,"highlight_start":9,"text":"    pub update_interval: f32,"}]},{"byte_end":4193,"byte_start":4187,"column_end":15,"column_start":9,"expansion":null,"file_name":"gameplay_sim/src/compat.rs","is_primary":true,"label":null,"line_end":154,"line_start":154,"suggested_replacement":null,"suggestion_applicability":null,"text":[{"highlight_end":15,"highlight_start":9,"text":"    pub health: f32,"}]},{"byte_end":4218,"byte_start":4208,"column_end":19,"column_start":9,"expansion":null,"file_name":"gameplay_sim/src/compat.rs","is_primary":true,"label":null,"line_end":155,"line_start":155,"suggested_replacement":null,"suggestion_applicability":null,"text":[{"highlight_end":19,"highlight_start":9,"text":"    pub max_health: f32,"}]},{"byte_end":4247,"byte_start":4233,"column_end":23,"column_start":9,"expansion":null,"file_name":"gameplay_sim/src/compat.rs","is_primary":true,"label":null,"line_end":156,"line_start":156,"suggested_replacement":null,"suggestion_applicability":null,"text":[{"highlight_end":23,"highlight_start":9,"text":"    pub behavior_state: NPCBehaviorState,"}]},{"byte_end":4285,"byte_start":4275,"column_end":19,"column_start":9,"expansion":null,"file_name":"gameplay_sim/src/compat.rs","is_primary":true,"label":null,"line_end":157,"line_start":157,"suggested_replacement":null,"suggestion_applicability":null,"text":[{"highlight_end":19,"highlight_start":9,"text":"    pub spawn_time: f32,"}]}]}}
{"reason":"compiler-message","package_id":"path+file:///Users/bradyjeong/Documents/Projects/Amp/gta4/gta_game/gameplay_sim#0.1.0","manifest_path":"/Users/bradyjeong/Documents/Projects/Amp/gta4/gta_game/gameplay_sim/Cargo.toml","target":{"kind":["lib"],"crate_types":["lib"],"name":"gameplay_sim","src_path":"/Users/bradyjeong/Documents/Projects/Amp/gta4/gta_game/gameplay_sim/src/lib.rs","edition":"2021","doc":true,"doctest":true,"test":true},"message":{"rendered":"warning: variants `Highway`, `MainStreet`, and `Alley` are never constructed\n   --> gameplay_sim/src/compat.rs:163:5\n    |\n162 | pub enum RoadType {\n    |          -------- variants in this enum\n163 |     Highway,\n    |     ^^^^^^^\n164 |     MainStreet, \n    |     ^^^^^^^^^^\n165 |     SideStreet,\n166 |     Alley,\n    |     ^^^^^\n    |\n    = note: `RoadType` has derived impls for the traits `Clone` and `Debug`, but these are intentionally ignored during dead code analysis\n\n","$message_type":"diagnostic","children":[{"children":[],"code":null,"level":"note","message":"`RoadType` has derived impls for the traits `Clone` and `Debug`, but these are intentionally ignored during dead code analysis","rendered":null,"spans":[]}],"code":{"code":"dead_code","explanation":null},"level":"warning","message":"variants `Highway`, `MainStreet`, and `Alley` are never constructed","spans":[{"byte_end":4395,"byte_start":4387,"column_end":18,"column_start":10,"expansion":null,"file_name":"gameplay_sim/src/compat.rs","is_primary":false,"label":"variants in this enum","line_end":162,"line_start":162,"suggested_replacement":null,"suggestion_applicability":null,"text":[{"highlight_end":18,"highlight_start":10,"text":"pub enum RoadType {"}]},{"byte_end":4409,"byte_start":4402,"column_end":12,"column_start":5,"expansion":null,"file_name":"gameplay_sim/src/compat.rs","is_primary":true,"label":null,"line_end":163,"line_start":163,"suggested_replacement":null,"suggestion_applicability":null,"text":[{"highlight_end":12,"highlight_start":5,"text":"    Highway,"}]},{"byte_end":4425,"byte_start":4415,"column_end":15,"column_start":5,"expansion":null,"file_name":"gameplay_sim/src/compat.rs","is_primary":true,"label":null,"line_end":164,"line_start":164,"suggested_replacement":null,"suggestion_applicability":null,"text":[{"highlight_end":15,"highlight_start":5,"text":"    MainStreet, "}]},{"byte_end":4453,"byte_start":4448,"column_end":10,"column_start":5,"expansion":null,"file_name":"gameplay_sim/src/compat.rs","is_primary":true,"label":null,"line_end":166,"line_start":166,"suggested_replacement":null,"suggestion_applicability":null,"text":[{"highlight_end":10,"highlight_start":5,"text":"    Alley,"}]}]}}
{"reason":"compiler-message","package_id":"path+file:///Users/bradyjeong/Documents/Projects/Amp/gta4/gta_game/gameplay_sim#0.1.0","manifest_path":"/Users/bradyjeong/Documents/Projects/Amp/gta4/gta_game/gameplay_sim/Cargo.toml","target":{"kind":["lib"],"crate_types":["lib"],"name":"gameplay_sim","src_path":"/Users/bradyjeong/Documents/Projects/Amp/gta4/gta_game/gameplay_sim/src/lib.rs","edition":"2021","doc":true,"doctest":true,"test":true},"message":{"rendered":"warning: fields `points`, `road_type`, and `width` are never read\n   --> gameplay_sim/src/compat.rs:181:9\n    |\n180 | pub struct RoadSpline {\n    |            ---------- fields in this struct\n181 |     pub points: Vec<Vec3>,\n    |         ^^^^^^\n182 |     pub road_type: RoadType,\n    |         ^^^^^^^^^\n183 |     pub width: f32,\n    |         ^^^^^\n    |\n    = note: `RoadSpline` has derived impls for the traits `Clone` and `Debug`, but these are intentionally ignored during dead code analysis\n\n","$message_type":"diagnostic","children":[{"children":[],"code":null,"level":"note","message":"`RoadSpline` has derived impls for the traits `Clone` and `Debug`, but these are intentionally ignored during dead code analysis","rendered":null,"spans":[]}],"code":{"code":"dead_code","explanation":null},"level":"warning","message":"fields `points`, `road_type`, and `width` are never read","spans":[{"byte_end":4712,"byte_start":4702,"column_end":22,"column_start":12,"expansion":null,"file_name":"gameplay_sim/src/compat.rs","is_primary":false,"label":"fields in this struct","line_end":180,"line_start":180,"suggested_replacement":null,"suggestion_applicability":null,"text":[{"highlight_end":22,"highlight_start":12,"text":"pub struct RoadSpline {"}]},{"byte_end":4729,"byte_start":4723,"column_end":15,"column_start":9,"expansion":null,"file_name":"gameplay_sim/src/compat.rs","is_primary":true,"label":null,"line_end":181,"line_start":181,"suggested_replacement":null,"suggestion_applicability":null,"text":[{"highlight_end":15,"highlight_start":9,"text":"    pub points: Vec<Vec3>,"}]},{"byte_end":4759,"byte_start":4750,"column_end":18,"column_start":9,"expansion":null,"file_name":"gameplay_sim/src/compat.rs","is_primary":true,"label":null,"line_end":182,"line_start":182,"suggested_replacement":null,"suggestion_applicability":null,"text":[{"highlight_end":18,"highlight_start":9,"text":"    pub road_type: RoadType,"}]},{"byte_end":4784,"byte_start":4779,"column_end":14,"column_start":9,"expansion":null,"file_name":"gameplay_sim/src/compat.rs","is_primary":true,"label":null,"line_end":183,"line_start":183,"suggested_replacement":null,"suggestion_applicability":null,"text":[{"highlight_end":14,"highlight_start":9,"text":"    pub width: f32,"}]}]}}
{"reason":"compiler-message","package_id":"path+file:///Users/bradyjeong/Documents/Projects/Amp/gta4/gta_game/gameplay_sim#0.1.0","manifest_path":"/Users/bradyjeong/Documents/Projects/Amp/gta4/gta_game/gameplay_sim/Cargo.toml","target":{"kind":["lib"],"crate_types":["lib"],"name":"gameplay_sim","src_path":"/Users/bradyjeong/Documents/Projects/Amp/gta4/gta_game/gameplay_sim/src/lib.rs","edition":"2021","doc":true,"doctest":true,"test":true},"message":{"rendered":"warning: variants `Loading` and `Loaded` are never constructed\n   --> gameplay_sim/src/compat.rs:199:5\n    |\n198 | pub enum ChunkState {\n    |          ---------- variants in this enum\n199 |     Loading,\n    |     ^^^^^^^\n200 |     Loaded { entity_count: usize },\n    |     ^^^^^^\n    |\n    = note: `ChunkState` has derived impls for the traits `Clone` and `Debug`, but these are intentionally ignored during dead code analysis\n\n","$message_type":"diagnostic","children":[{"children":[],"code":null,"level":"note","message":"`ChunkState` has derived impls for the traits `Clone` and `Debug`, but these are intentionally ignored during dead code analysis","rendered":null,"spans":[]}],"code":{"code":"dead_code","explanation":null},"level":"warning","message":"variants `Loading` and `Loaded` are never constructed","spans":[{"byte_end":5073,"byte_start":5063,"column_end":20,"column_start":10,"expansion":null,"file_name":"gameplay_sim/src/compat.rs","is_primary":false,"label":"variants in this enum","line_end":198,"line_start":198,"suggested_replacement":null,"suggestion_applicability":null,"text":[{"highlight_end":20,"highlight_start":10,"text":"pub enum ChunkState {"}]},{"byte_end":5087,"byte_start":5080,"column_end":12,"column_start":5,"expansion":null,"file_name":"gameplay_sim/src/compat.rs","is_primary":true,"label":null,"line_end":199,"line_start":199,"suggested_replacement":null,"suggestion_applicability":null,"text":[{"highlight_end":12,"highlight_start":5,"text":"    Loading,"}]},{"byte_end":5099,"byte_start":5093,"column_end":11,"column_start":5,"expansion":null,"file_name":"gameplay_sim/src/compat.rs","is_primary":true,"label":null,"line_end":200,"line_start":200,"suggested_replacement":null,"suggestion_applicability":null,"text":[{"highlight_end":11,"highlight_start":5,"text":"    Loaded { entity_count: usize },"}]}]}}
{"reason":"compiler-message","package_id":"path+file:///Users/bradyjeong/Documents/Projects/Amp/gta4/gta_game/gameplay_sim#0.1.0","manifest_path":"/Users/bradyjeong/Documents/Projects/Amp/gta4/gta_game/gameplay_sim/Cargo.toml","target":{"kind":["lib"],"crate_types":["lib"],"name":"gameplay_sim","src_path":"/Users/bradyjeong/Documents/Projects/Amp/gta4/gta_game/gameplay_sim/src/lib.rs","edition":"2021","doc":true,"doctest":true,"test":true},"message":{"rendered":"warning: struct `PhysicsService` is never constructed\n  --> gameplay_sim/src/services/simple_services.rs:36:12\n   |\n36 | pub struct PhysicsService {\n   |            ^^^^^^^^^^^^^^\n\n","$message_type":"diagnostic","children":[],"code":{"code":"dead_code","explanation":null},"level":"warning","message":"struct `PhysicsService` is never constructed","spans":[{"byte_end":903,"byte_start":889,"column_end":26,"column_start":12,"expansion":null,"file_name":"gameplay_sim/src/services/simple_services.rs","is_primary":true,"label":null,"line_end":36,"line_start":36,"suggested_replacement":null,"suggestion_applicability":null,"text":[{"highlight_end":26,"highlight_start":12,"text":"pub struct PhysicsService {"}]}]}}
{"reason":"compiler-message","package_id":"path+file:///Users/bradyjeong/Documents/Projects/Amp/gta4/gta_game/gameplay_sim#0.1.0","manifest_path":"/Users/bradyjeong/Documents/Projects/Amp/gta4/gta_game/gameplay_sim/Cargo.toml","target":{"kind":["lib"],"crate_types":["lib"],"name":"gameplay_sim","src_path":"/Users/bradyjeong/Documents/Projects/Amp/gta4/gta_game/gameplay_sim/src/lib.rs","edition":"2021","doc":true,"doctest":true,"test":true},"message":{"rendered":"warning: type alias `UnifiedPerformanceTracker` is never used\n   --> gameplay_sim/src/compat.rs:211:10\n    |\n211 | pub type UnifiedPerformanceTracker = engine_bevy::services::performance_service::UnifiedPerformanceTracker;\n    |          ^^^^^^^^^^^^^^^^^^^^^^^^^\n\n","$message_type":"diagnostic","children":[],"code":{"code":"dead_code","explanation":null},"level":"warning","message":"type alias `UnifiedPerformanceTracker` is never used","spans":[{"byte_end":5311,"byte_start":5286,"column_end":35,"column_start":10,"expansion":null,"file_name":"gameplay_sim/src/compat.rs","is_primary":true,"label":null,"line_end":211,"line_start":211,"suggested_replacement":null,"suggestion_applicability":null,"text":[{"highlight_end":35,"highlight_start":10,"text":"pub type UnifiedPerformanceTracker = engine_bevy::services::performance_service::UnifiedPerformanceTracker;"}]}]}}
{"reason":"compiler-message","package_id":"path+file:///Users/bradyjeong/Documents/Projects/Amp/gta4/gta_game/gameplay_sim#0.1.0","manifest_path":"/Users/bradyjeong/Documents/Projects/Amp/gta4/gta_game/gameplay_sim/Cargo.toml","target":{"kind":["lib"],"crate_types":["lib"],"name":"gameplay_sim","src_path":"/Users/bradyjeong/Documents/Projects/Amp/gta4/gta_game/gameplay_sim/src/lib.rs","edition":"2021","doc":true,"doctest":true,"test":true},"message":{"rendered":"warning: function `save_game_system` is never used\n   --> gameplay_sim/src/compat.rs:214:8\n    |\n214 | pub fn save_game_system() {}\n    |        ^^^^^^^^^^^^^^^^\n\n","$message_type":"diagnostic","children":[],"code":{"code":"dead_code","explanation":null},"level":"warning","message":"function `save_game_system` is never used","spans":[{"byte_end":5437,"byte_start":5421,"column_end":24,"column_start":8,"expansion":null,"file_name":"gameplay_sim/src/compat.rs","is_primary":true,"label":null,"line_end":214,"line_start":214,"suggested_replacement":null,"suggestion_applicability":null,"text":[{"highlight_end":24,"highlight_start":8,"text":"pub fn save_game_system() {}"}]}]}}
{"reason":"compiler-message","package_id":"path+file:///Users/bradyjeong/Documents/Projects/Amp/gta4/gta_game/gameplay_sim#0.1.0","manifest_path":"/Users/bradyjeong/Documents/Projects/Amp/gta4/gta_game/gameplay_sim/Cargo.toml","target":{"kind":["lib"],"crate_types":["lib"],"name":"gameplay_sim","src_path":"/Users/bradyjeong/Documents/Projects/Amp/gta4/gta_game/gameplay_sim/src/lib.rs","edition":"2021","doc":true,"doctest":true,"test":true},"message":{"rendered":"warning: function `load_game_system` is never used\n   --> gameplay_sim/src/compat.rs:215:8\n    |\n215 | pub fn load_game_system() {}\n    |        ^^^^^^^^^^^^^^^^\n\n","$message_type":"diagnostic","children":[],"code":{"code":"dead_code","explanation":null},"level":"warning","message":"function `load_game_system` is never used","spans":[{"byte_end":5466,"byte_start":5450,"column_end":24,"column_start":8,"expansion":null,"file_name":"gameplay_sim/src/compat.rs","is_primary":true,"label":null,"line_end":215,"line_start":215,"suggested_replacement":null,"suggestion_applicability":null,"text":[{"highlight_end":24,"highlight_start":8,"text":"pub fn load_game_system() {}"}]}]}}
{"reason":"compiler-message","package_id":"path+file:///Users/bradyjeong/Documents/Projects/Amp/gta4/gta_game/gameplay_sim#0.1.0","manifest_path":"/Users/bradyjeong/Documents/Projects/Amp/gta4/gta_game/gameplay_sim/Cargo.toml","target":{"kind":["lib"],"crate_types":["lib"],"name":"gameplay_sim","src_path":"/Users/bradyjeong/Documents/Projects/Amp/gta4/gta_game/gameplay_sim/src/lib.rs","edition":"2021","doc":true,"doctest":true,"test":true},"message":{"rendered":"warning: function `water_wave_system` is never used\n   --> gameplay_sim/src/compat.rs:216:8\n    |\n216 | pub fn water_wave_system() {}\n    |        ^^^^^^^^^^^^^^^^^\n\n","$message_type":"diagnostic","children":[],"code":{"code":"dead_code","explanation":null},"level":"warning","message":"function `water_wave_system` is never used","spans":[{"byte_end":5496,"byte_start":5479,"column_end":25,"column_start":8,"expansion":null,"file_name":"gameplay_sim/src/compat.rs","is_primary":true,"label":null,"line_end":216,"line_start":216,"suggested_replacement":null,"suggestion_applicability":null,"text":[{"highlight_end":25,"highlight_start":8,"text":"pub fn water_wave_system() {}"}]}]}}
{"reason":"compiler-message","package_id":"path+file:///Users/bradyjeong/Documents/Projects/Amp/gta4/gta_game/gameplay_sim#0.1.0","manifest_path":"/Users/bradyjeong/Documents/Projects/Amp/gta4/gta_game/gameplay_sim/Cargo.toml","target":{"kind":["lib"],"crate_types":["lib"],"name":"gameplay_sim","src_path":"/Users/bradyjeong/Documents/Projects/Amp/gta4/gta_game/gameplay_sim/src/lib.rs","edition":"2021","doc":true,"doctest":true,"test":true},"message":{"rendered":"warning: function `yacht_buoyancy_system` is never used\n   --> gameplay_sim/src/compat.rs:217:8\n    |\n217 | pub fn yacht_buoyancy_system() {}\n    |        ^^^^^^^^^^^^^^^^^^^^^\n\n","$message_type":"diagnostic","children":[],"code":{"code":"dead_code","explanation":null},"level":"warning","message":"function `yacht_buoyancy_system` is never used","spans":[{"byte_end":5530,"byte_start":5509,"column_end":29,"column_start":8,"expansion":null,"file_name":"gameplay_sim/src/compat.rs","is_primary":true,"label":null,"line_end":217,"line_start":217,"suggested_replacement":null,"suggestion_applicability":null,"text":[{"highlight_end":29,"highlight_start":8,"text":"pub fn yacht_buoyancy_system() {}"}]}]}}
{"reason":"compiler-message","package_id":"path+file:///Users/bradyjeong/Documents/Projects/Amp/gta4/gta_game/gameplay_sim#0.1.0","manifest_path":"/Users/bradyjeong/Documents/Projects/Amp/gta4/gta_game/gameplay_sim/Cargo.toml","target":{"kind":["lib"],"crate_types":["lib"],"name":"gameplay_sim","src_path":"/Users/bradyjeong/Documents/Projects/Amp/gta4/gta_game/gameplay_sim/src/lib.rs","edition":"2021","doc":true,"doctest":true,"test":true},"message":{"rendered":"warning: function `yacht_water_constraint_system` is never used\n   --> gameplay_sim/src/compat.rs:218:8\n    |\n218 | pub fn yacht_water_constraint_system() {}\n    |        ^^^^^^^^^^^^^^^^^^^^^^^^^^^^^\n\n","$message_type":"diagnostic","children":[],"code":{"code":"dead_code","explanation":null},"level":"warning","message":"function `yacht_water_constraint_system` is never used","spans":[{"byte_end":5572,"byte_start":5543,"column_end":37,"column_start":8,"expansion":null,"file_name":"gameplay_sim/src/compat.rs","is_primary":true,"label":null,"line_end":218,"line_start":218,"suggested_replacement":null,"suggestion_applicability":null,"text":[{"highlight_end":37,"highlight_start":8,"text":"pub fn yacht_water_constraint_system() {}"}]}]}}
{"reason":"compiler-message","package_id":"path+file:///Users/bradyjeong/Documents/Projects/Amp/gta4/gta_game/gameplay_sim#0.1.0","manifest_path":"/Users/bradyjeong/Documents/Projects/Amp/gta4/gta_game/gameplay_sim/Cargo.toml","target":{"kind":["lib"],"crate_types":["lib"],"name":"gameplay_sim","src_path":"/Users/bradyjeong/Documents/Projects/Amp/gta4/gta_game/gameplay_sim/src/lib.rs","edition":"2021","doc":true,"doctest":true,"test":true},"message":{"rendered":"warning: associated items `new`, `validate_position`, `validate_velocity`, `validate_mass`, `validate_collider_size`, and `get_collision_groups` are never used\n  --> gameplay_sim/src/services/simple_services.rs:41:12\n   |\n40 | impl PhysicsService {\n   | ------------------- associated items in this implementation\n41 |     pub fn new(physics_config: PhysicsConfig) -> Self {\n   |            ^^^\n...\n45 |     pub fn validate_position(&self, position: Vec3) -> Vec3 {\n   |            ^^^^^^^^^^^^^^^^^\n...\n53 |     pub fn validate_velocity(&self, velocity: Vec3) -> Vec3 {\n   |            ^^^^^^^^^^^^^^^^^\n...\n62 |     pub fn validate_mass(&self, mass: f32) -> f32 {\n   |            ^^^^^^^^^^^^^\n...\n66 |     pub fn validate_collider_size(&self, size: Vec3) -> Vec3 {\n   |            ^^^^^^^^^^^^^^^^^^^^^^\n...\n74 |     pub fn get_collision_groups(&self) -> (bevy_rapier3d::prelude::Group, bevy_rapier3d::prelude::Group, bevy_rapier3d::prelude::Group) {\n   |            ^^^^^^^^^^^^^^^^^^^^\n\n","$message_type":"diagnostic","children":[],"code":{"code":"dead_code","explanation":null},"level":"warning","message":"associated items `new`, `validate_position`, `validate_velocity`, `validate_mass`, `validate_collider_size`, and `get_collision_groups` are never used","spans":[{"byte_end":963,"byte_start":944,"column_end":20,"column_start":1,"expansion":null,"file_name":"gameplay_sim/src/services/simple_services.rs","is_primary":false,"label":"associated items in this implementation","line_end":40,"line_start":40,"suggested_replacement":null,"suggestion_applicability":null,"text":[{"highlight_end":20,"highlight_start":1,"text":"impl PhysicsService {"}]},{"byte_end":980,"byte_start":977,"column_end":15,"column_start":12,"expansion":null,"file_name":"gameplay_sim/src/services/simple_services.rs","is_primary":true,"label":null,"line_end":41,"line_start":41,"suggested_replacement":null,"suggestion_applicability":null,"text":[{"highlight_end":15,"highlight_start":12,"text":"    pub fn new(physics_config: PhysicsConfig) -> Self {"}]},{"byte_end":1093,"byte_start":1076,"column_end":29,"column_start":12,"expansion":null,"file_name":"gameplay_sim/src/services/simple_services.rs","is_primary":true,"label":null,"line_end":45,"line_start":45,"suggested_replacement":null,"suggestion_applicability":null,"text":[{"highlight_end":29,"highlight_start":12,"text":"    pub fn validate_position(&self, position: Vec3) -> Vec3 {"}]},{"byte_end":1507,"byte_start":1490,"column_end":29,"column_start":12,"expansion":null,"file_name":"gameplay_sim/src/services/simple_services.rs","is_primary":true,"label":null,"line_end":53,"line_start":53,"suggested_replacement":null,"suggestion_applicability":null,"text":[{"highlight_end":29,"highlight_start":12,"text":"    pub fn validate_velocity(&self, velocity: Vec3) -> Vec3 {"}]},{"byte_end":1785,"byte_start":1772,"column_end":25,"column_start":12,"expansion":null,"file_name":"gameplay_sim/src/services/simple_services.rs","is_primary":true,"label":null,"line_end":62,"line_start":62,"suggested_replacement":null,"suggestion_applicability":null,"text":[{"highlight_end":25,"highlight_start":12,"text":"    pub fn validate_mass(&self, mass: f32) -> f32 {"}]},{"byte_end":1936,"byte_start":1914,"column_end":34,"column_start":12,"expansion":null,"file_name":"gameplay_sim/src/services/simple_services.rs","is_primary":true,"label":null,"line_end":66,"line_start":66,"suggested_replacement":null,"suggestion_applicability":null,"text":[{"highlight_end":34,"highlight_start":12,"text":"    pub fn validate_collider_size(&self, size: Vec3) -> Vec3 {"}]},{"byte_end":2349,"byte_start":2329,"column_end":32,"column_start":12,"expansion":null,"file_name":"gameplay_sim/src/services/simple_services.rs","is_primary":true,"label":null,"line_end":74,"line_start":74,"suggested_replacement":null,"suggestion_applicability":null,"text":[{"highlight_end":32,"highlight_start":12,"text":"    pub fn get_collision_groups(&self) -> (bevy_rapier3d::prelude::Group, bevy_rapier3d::prelude::Group, bevy_rapier3d::prelude::Group) {"}]}]}}
{"reason":"compiler-message","package_id":"path+file:///Users/bradyjeong/Documents/Projects/Amp/gta4/gta_game/gameplay_sim#0.1.0","manifest_path":"/Users/bradyjeong/Documents/Projects/Amp/gta4/gta_game/gameplay_sim/Cargo.toml","target":{"kind":["lib"],"crate_types":["lib"],"name":"gameplay_sim","src_path":"/Users/bradyjeong/Documents/Projects/Amp/gta4/gta_game/gameplay_sim/src/lib.rs","edition":"2021","doc":true,"doctest":true,"test":true},"message":{"rendered":"warning: struct `EnhancedTimingService` is never constructed\n  --> gameplay_sim/src/services/simple_services.rs:85:12\n   |\n85 | pub struct EnhancedTimingService {\n   |            ^^^^^^^^^^^^^^^^^^^^^\n\n","$message_type":"diagnostic","children":[],"code":{"code":"dead_code","explanation":null},"level":"warning","message":"struct `EnhancedTimingService` is never constructed","spans":[{"byte_end":2753,"byte_start":2732,"column_end":33,"column_start":12,"expansion":null,"file_name":"gameplay_sim/src/services/simple_services.rs","is_primary":true,"label":null,"line_end":85,"line_start":85,"suggested_replacement":null,"suggestion_applicability":null,"text":[{"highlight_end":33,"highlight_start":12,"text":"pub struct EnhancedTimingService {"}]}]}}
{"reason":"compiler-message","package_id":"path+file:///Users/bradyjeong/Documents/Projects/Amp/gta4/gta_game/gameplay_sim#0.1.0","manifest_path":"/Users/bradyjeong/Documents/Projects/Amp/gta4/gta_game/gameplay_sim/Cargo.toml","target":{"kind":["lib"],"crate_types":["lib"],"name":"gameplay_sim","src_path":"/Users/bradyjeong/Documents/Projects/Amp/gta4/gta_game/gameplay_sim/src/lib.rs","edition":"2021","doc":true,"doctest":true,"test":true},"message":{"rendered":"warning: associated items `new`, `update_time`, `should_run_system`, `current_time`, and `delta_time` are never used\n   --> gameplay_sim/src/services/simple_services.rs:90:12\n    |\n89  | impl EnhancedTimingService {\n    | -------------------------- associated items in this implementation\n90  |     pub fn new() -> Self {\n    |            ^^^\n...\n96  |     pub fn update_time(&mut self, time: &Time) {\n    |            ^^^^^^^^^^^\n...\n100 |     pub fn should_run_system(&mut self, system_type: crate::systems::timing_service::SystemType) -> bool {\n    |            ^^^^^^^^^^^^^^^^^\n...\n104 |     pub fn current_time(&self) -> f32 {\n    |            ^^^^^^^^^^^^\n...\n108 |     pub fn delta_time(&self) -> f32 {\n    |            ^^^^^^^^^^\n\n","$message_type":"diagnostic","children":[],"code":{"code":"dead_code","explanation":null},"level":"warning","message":"associated items `new`, `update_time`, `should_run_system`, `current_time`, and `delta_time` are never used","spans":[{"byte_end":2822,"byte_start":2796,"column_end":27,"column_start":1,"expansion":null,"file_name":"gameplay_sim/src/services/simple_services.rs","is_primary":false,"label":"associated items in this implementation","line_end":89,"line_start":89,"suggested_replacement":null,"suggestion_applicability":null,"text":[{"highlight_end":27,"highlight_start":1,"text":"impl EnhancedTimingService {"}]},{"byte_end":2839,"byte_start":2836,"column_end":15,"column_start":12,"expansion":null,"file_name":"gameplay_sim/src/services/simple_services.rs","is_primary":true,"label":null,"line_end":90,"line_start":90,"suggested_replacement":null,"suggestion_applicability":null,"text":[{"highlight_end":15,"highlight_start":12,"text":"    pub fn new() -> Self {"}]},{"byte_end":2966,"byte_start":2955,"column_end":23,"column_start":12,"expansion":null,"file_name":"gameplay_sim/src/services/simple_services.rs","is_primary":true,"label":null,"line_end":96,"line_start":96,"suggested_replacement":null,"suggestion_applicability":null,"text":[{"highlight_end":23,"highlight_start":12,"text":"    pub fn update_time(&mut self, time: &Time) {"}]},{"byte_end":3072,"byte_start":3055,"column_end":29,"column_start":12,"expansion":null,"file_name":"gameplay_sim/src/services/simple_services.rs","is_primary":true,"label":null,"line_end":100,"line_start":100,"suggested_replacement":null,"suggestion_applicability":null,"text":[{"highlight_end":29,"highlight_start":12,"text":"    pub fn should_run_system(&mut self, system_type: crate::systems::timing_service::SystemType) -> bool {"}]},{"byte_end":3242,"byte_start":3230,"column_end":24,"column_start":12,"expansion":null,"file_name":"gameplay_sim/src/services/simple_services.rs","is_primary":true,"label":null,"line_end":104,"line_start":104,"suggested_replacement":null,"suggestion_applicability":null,"text":[{"highlight_end":24,"highlight_start":12,"text":"    pub fn current_time(&self) -> f32 {"}]},{"byte_end":3332,"byte_start":3322,"column_end":22,"column_start":12,"expansion":null,"file_name":"gameplay_sim/src/services/simple_services.rs","is_primary":true,"label":null,"line_end":108,"line_start":108,"suggested_replacement":null,"suggestion_applicability":null,"text":[{"highlight_end":22,"highlight_start":12,"text":"    pub fn delta_time(&self) -> f32 {"}]}]}}
{"reason":"compiler-message","package_id":"path+file:///Users/bradyjeong/Documents/Projects/Amp/gta4/gta_game/gameplay_sim#0.1.0","manifest_path":"/Users/bradyjeong/Documents/Projects/Amp/gta4/gta_game/gameplay_sim/Cargo.toml","target":{"kind":["lib"],"crate_types":["lib"],"name":"gameplay_sim","src_path":"/Users/bradyjeong/Documents/Projects/Amp/gta4/gta_game/gameplay_sim/src/lib.rs","edition":"2021","doc":true,"doctest":true,"test":true},"message":{"rendered":"warning: function `initialize_simple_services` is never used\n   --> gameplay_sim/src/services/simple_services.rs:114:8\n    |\n114 | pub fn initialize_simple_services(\n    |        ^^^^^^^^^^^^^^^^^^^^^^^^^^\n\n","$message_type":"diagnostic","children":[],"code":{"code":"dead_code","explanation":null},"level":"warning","message":"function `initialize_simple_services` is never used","spans":[{"byte_end":3471,"byte_start":3445,"column_end":34,"column_start":8,"expansion":null,"file_name":"gameplay_sim/src/services/simple_services.rs","is_primary":true,"label":null,"line_end":114,"line_start":114,"suggested_replacement":null,"suggestion_applicability":null,"text":[{"highlight_end":34,"highlight_start":8,"text":"pub fn initialize_simple_services("}]}]}}
{"reason":"compiler-message","package_id":"path+file:///Users/bradyjeong/Documents/Projects/Amp/gta4/gta_game/gameplay_sim#0.1.0","manifest_path":"/Users/bradyjeong/Documents/Projects/Amp/gta4/gta_game/gameplay_sim/Cargo.toml","target":{"kind":["lib"],"crate_types":["lib"],"name":"gameplay_sim","src_path":"/Users/bradyjeong/Documents/Projects/Amp/gta4/gta_game/gameplay_sim/src/lib.rs","edition":"2021","doc":true,"doctest":true,"test":true},"message":{"rendered":"warning: function `update_timing_service_system` is never used\n   --> gameplay_sim/src/services/simple_services.rs:127:8\n    |\n127 | pub fn update_timing_service_system(\n    |        ^^^^^^^^^^^^^^^^^^^^^^^^^^^^\n\n","$message_type":"diagnostic","children":[],"code":{"code":"dead_code","explanation":null},"level":"warning","message":"function `update_timing_service_system` is never used","spans":[{"byte_end":3948,"byte_start":3920,"column_end":36,"column_start":8,"expansion":null,"file_name":"gameplay_sim/src/services/simple_services.rs","is_primary":true,"label":null,"line_end":127,"line_start":127,"suggested_replacement":null,"suggestion_applicability":null,"text":[{"highlight_end":36,"highlight_start":8,"text":"pub fn update_timing_service_system("}]}]}}
{"reason":"compiler-message","package_id":"path+file:///Users/bradyjeong/Documents/Projects/Amp/gta4/gta_game/gameplay_sim#0.1.0","manifest_path":"/Users/bradyjeong/Documents/Projects/Amp/gta4/gta_game/gameplay_sim/Cargo.toml","target":{"kind":["lib"],"crate_types":["lib"],"name":"gameplay_sim","src_path":"/Users/bradyjeong/Documents/Projects/Amp/gta4/gta_game/gameplay_sim/src/lib.rs","edition":"2021","doc":true,"doctest":true,"test":true},"message":{"rendered":"warning: missing documentation for a module\n  --> gameplay_sim/src/lib.rs:23:1\n   |\n23 | pub mod distance;\n   | ^^^^^^^^^^^^^^^^\n   |\nnote: the lint level is defined here\n  --> gameplay_sim/src/lib.rs:3:9\n   |\n3  | #![warn(missing_docs)]\n   |         ^^^^^^^^^^^^\n\n","$message_type":"diagnostic","children":[{"children":[],"code":null,"level":"note","message":"the lint level is defined here","rendered":null,"spans":[{"byte_end":105,"byte_start":93,"column_end":21,"column_start":9,"expansion":null,"file_name":"gameplay_sim/src/lib.rs","is_primary":true,"label":null,"line_end":3,"line_start":3,"suggested_replacement":null,"suggestion_applicability":null,"text":[{"highlight_end":21,"highlight_start":9,"text":"#![warn(missing_docs)]"}]}]}],"code":{"code":"missing_docs","explanation":null},"level":"warning","message":"missing documentation for a module","spans":[{"byte_end":584,"byte_start":568,"column_end":17,"column_start":1,"expansion":null,"file_name":"gameplay_sim/src/lib.rs","is_primary":true,"label":null,"line_end":23,"line_start":23,"suggested_replacement":null,"suggestion_applicability":null,"text":[{"highlight_end":17,"highlight_start":1,"text":"pub mod distance;"}]}]}}
{"reason":"compiler-message","package_id":"path+file:///Users/bradyjeong/Documents/Projects/Amp/gta4/gta_game/gameplay_sim#0.1.0","manifest_path":"/Users/bradyjeong/Documents/Projects/Amp/gta4/gta_game/gameplay_sim/Cargo.toml","target":{"kind":["lib"],"crate_types":["lib"],"name":"gameplay_sim","src_path":"/Users/bradyjeong/Documents/Projects/Amp/gta4/gta_game/gameplay_sim/src/lib.rs","edition":"2021","doc":true,"doctest":true,"test":true},"message":{"rendered":"warning: multiple associated functions are never used\n   --> gameplay_sim/src/physics/utilities.rs:14:12\n    |\n12  | impl PhysicsUtilities {\n    | --------------------- associated functions in this implementation\n13  |     /// Validate and clamp velocity to safe ranges for physics stability\n14  |     pub fn validate_velocity(velocity: &mut Velocity, config: &GameConfig) {\n    |            ^^^^^^^^^^^^^^^^^\n...\n29  |     pub fn validate_external_force(force: &mut ExternalForce, max_force: f32) {\n    |            ^^^^^^^^^^^^^^^^^^^^^^^\n...\n44  |     pub fn apply_force_safe(\n    |            ^^^^^^^^^^^^^^^^\n...\n65  |     pub fn apply_external_force_safe(\n    |            ^^^^^^^^^^^^^^^^^^^^^^^^^\n...\n85  |     pub fn apply_ground_collision(\n    |            ^^^^^^^^^^^^^^^^^^^^^^\n...\n102 |     pub fn apply_world_bounds(\n    |            ^^^^^^^^^^^^^^^^^^\n...\n125 |     pub fn calculate_drag_force(\n    |            ^^^^^^^^^^^^^^^^^^^^\n...\n137 |     pub fn apply_natural_deceleration(\n    |            ^^^^^^^^^^^^^^^^^^^^^^^^^^\n...\n152 |     pub fn smooth_velocity_transition(\n    |            ^^^^^^^^^^^^^^^^^^^^^^^^^^\n\n","$message_type":"diagnostic","children":[],"code":{"code":"dead_code","explanation":null},"level":"warning","message":"multiple associated functions are never used","spans":[{"byte_end":416,"byte_start":395,"column_end":22,"column_start":1,"expansion":null,"file_name":"gameplay_sim/src/physics/utilities.rs","is_primary":false,"label":"associated functions in this implementation","line_end":12,"line_start":12,"suggested_replacement":null,"suggestion_applicability":null,"text":[{"highlight_end":22,"highlight_start":1,"text":"impl PhysicsUtilities {"}]},{"byte_end":520,"byte_start":503,"column_end":29,"column_start":12,"expansion":null,"file_name":"gameplay_sim/src/physics/utilities.rs","is_primary":true,"label":null,"line_end":14,"line_start":14,"suggested_replacement":null,"suggestion_applicability":null,"text":[{"highlight_end":29,"highlight_start":12,"text":"    pub fn validate_velocity(velocity: &mut Velocity, config: &GameConfig) {"}]},{"byte_end":1173,"byte_start":1150,"column_end":35,"column_start":12,"expansion":null,"file_name":"gameplay_sim/src/physics/utilities.rs","is_primary":true,"label":null,"line_end":29,"line_start":29,"suggested_replacement":null,"suggestion_applicability":null,"text":[{"highlight_end":35,"highlight_start":12,"text":"    pub fn validate_external_force(force: &mut ExternalForce, max_force: f32) {"}]},{"byte_end":1696,"byte_start":1680,"column_end":28,"column_start":12,"expansion":null,"file_name":"gameplay_sim/src/physics/utilities.rs","is_primary":true,"label":null,"line_end":44,"line_start":44,"suggested_replacement":null,"suggestion_applicability":null,"text":[{"highlight_end":28,"highlight_start":12,"text":"    pub fn apply_force_safe("}]},{"byte_end":2373,"byte_start":2348,"column_end":37,"column_start":12,"expansion":null,"file_name":"gameplay_sim/src/physics/utilities.rs","is_primary":true,"label":null,"line_end":65,"line_start":65,"suggested_replacement":null,"suggestion_applicability":null,"text":[{"highlight_end":37,"highlight_start":12,"text":"    pub fn apply_external_force_safe("}]},{"byte_end":2968,"byte_start":2946,"column_end":34,"column_start":12,"expansion":null,"file_name":"gameplay_sim/src/physics/utilities.rs","is_primary":true,"label":null,"line_end":85,"line_start":85,"suggested_replacement":null,"suggestion_applicability":null,"text":[{"highlight_end":34,"highlight_start":12,"text":"    pub fn apply_ground_collision("}]},{"byte_end":3525,"byte_start":3507,"column_end":30,"column_start":12,"expansion":null,"file_name":"gameplay_sim/src/physics/utilities.rs","is_primary":true,"label":null,"line_end":102,"line_start":102,"suggested_replacement":null,"suggestion_applicability":null,"text":[{"highlight_end":30,"highlight_start":12,"text":"    pub fn apply_world_bounds("}]},{"byte_end":4378,"byte_start":4358,"column_end":32,"column_start":12,"expansion":null,"file_name":"gameplay_sim/src/physics/utilities.rs","is_primary":true,"label":null,"line_end":125,"line_start":125,"suggested_replacement":null,"suggestion_applicability":null,"text":[{"highlight_end":32,"highlight_start":12,"text":"    pub fn calculate_drag_force("}]},{"byte_end":4809,"byte_start":4783,"column_end":38,"column_start":12,"expansion":null,"file_name":"gameplay_sim/src/physics/utilities.rs","is_primary":true,"label":null,"line_end":137,"line_start":137,"suggested_replacement":null,"suggestion_applicability":null,"text":[{"highlight_end":38,"highlight_start":12,"text":"    pub fn apply_natural_deceleration("}]},{"byte_end":5338,"byte_start":5312,"column_end":38,"column_start":12,"expansion":null,"file_name":"gameplay_sim/src/physics/utilities.rs","is_primary":true,"label":null,"line_end":152,"line_start":152,"suggested_replacement":null,"suggestion_applicability":null,"text":[{"highlight_end":38,"highlight_start":12,"text":"    pub fn smooth_velocity_transition("}]}]}}
{"reason":"compiler-message","package_id":"path+file:///Users/bradyjeong/Documents/Projects/Amp/gta4/gta_game/gameplay_sim#0.1.0","manifest_path":"/Users/bradyjeong/Documents/Projects/Amp/gta4/gta_game/gameplay_sim/Cargo.toml","target":{"kind":["lib"],"crate_types":["lib"],"name":"gameplay_sim","src_path":"/Users/bradyjeong/Documents/Projects/Amp/gta4/gta_game/gameplay_sim/src/lib.rs","edition":"2021","doc":true,"doctest":true,"test":true},"message":{"rendered":"warning: struct `CollisionGroupHelper` is never constructed\n   --> gameplay_sim/src/physics/utilities.rs:164:12\n    |\n164 | pub struct CollisionGroupHelper;\n    |            ^^^^^^^^^^^^^^^^^^^^\n\n","$message_type":"diagnostic","children":[],"code":{"code":"dead_code","explanation":null},"level":"warning","message":"struct `CollisionGroupHelper` is never constructed","spans":[{"byte_end":5709,"byte_start":5689,"column_end":32,"column_start":12,"expansion":null,"file_name":"gameplay_sim/src/physics/utilities.rs","is_primary":true,"label":null,"line_end":164,"line_start":164,"suggested_replacement":null,"suggestion_applicability":null,"text":[{"highlight_end":32,"highlight_start":12,"text":"pub struct CollisionGroupHelper;"}]}]}}
{"reason":"compiler-message","package_id":"path+file:///Users/bradyjeong/Documents/Projects/Amp/gta4/gta_game/gameplay_sim#0.1.0","manifest_path":"/Users/bradyjeong/Documents/Projects/Amp/gta4/gta_game/gameplay_sim/Cargo.toml","target":{"kind":["lib"],"crate_types":["lib"],"name":"gameplay_sim","src_path":"/Users/bradyjeong/Documents/Projects/Amp/gta4/gta_game/gameplay_sim/src/lib.rs","edition":"2021","doc":true,"doctest":true,"test":true},"message":{"rendered":"warning: associated functions `static_groups`, `vehicle_groups`, `character_groups`, and `from_config` are never used\n   --> gameplay_sim/src/physics/utilities.rs:168:12\n    |\n166 | impl CollisionGroupHelper {\n    | ------------------------- associated functions in this implementation\n167 |     /// Get collision groups for static objects (buildings, terrain)\n168 |     pub fn static_groups() -> CollisionGroups {\n    |            ^^^^^^^^^^^^^\n...\n173 |     pub fn vehicle_groups() -> CollisionGroups {\n    |            ^^^^^^^^^^^^^^\n...\n178 |     pub fn character_groups() -> CollisionGroups {\n    |            ^^^^^^^^^^^^^^^^\n...\n183 |     pub fn from_config(\n    |            ^^^^^^^^^^^\n\n","$message_type":"diagnostic","children":[],"code":{"code":"dead_code","explanation":null},"level":"warning","message":"associated functions `static_groups`, `vehicle_groups`, `character_groups`, and `from_config` are never used","spans":[{"byte_end":5737,"byte_start":5712,"column_end":26,"column_start":1,"expansion":null,"file_name":"gameplay_sim/src/physics/utilities.rs","is_primary":false,"label":"associated functions in this implementation","line_end":166,"line_start":166,"suggested_replacement":null,"suggestion_applicability":null,"text":[{"highlight_end":26,"highlight_start":1,"text":"impl CollisionGroupHelper {"}]},{"byte_end":5833,"byte_start":5820,"column_end":25,"column_start":12,"expansion":null,"file_name":"gameplay_sim/src/physics/utilities.rs","is_primary":true,"label":null,"line_end":168,"line_start":168,"suggested_replacement":null,"suggestion_applicability":null,"text":[{"highlight_end":25,"highlight_start":12,"text":"    pub fn static_groups() -> CollisionGroups {"}]},{"byte_end":6007,"byte_start":5993,"column_end":26,"column_start":12,"expansion":null,"file_name":"gameplay_sim/src/physics/utilities.rs","is_primary":true,"label":null,"line_end":173,"line_start":173,"suggested_replacement":null,"suggestion_applicability":null,"text":[{"highlight_end":26,"highlight_start":12,"text":"    pub fn vehicle_groups() -> CollisionGroups {"}]},{"byte_end":6220,"byte_start":6204,"column_end":28,"column_start":12,"expansion":null,"file_name":"gameplay_sim/src/physics/utilities.rs","is_primary":true,"label":null,"line_end":178,"line_start":178,"suggested_replacement":null,"suggestion_applicability":null,"text":[{"highlight_end":28,"highlight_start":12,"text":"    pub fn character_groups() -> CollisionGroups {"}]},{"byte_end":6418,"byte_start":6407,"column_end":23,"column_start":12,"expansion":null,"file_name":"gameplay_sim/src/physics/utilities.rs","is_primary":true,"label":null,"line_end":183,"line_start":183,"suggested_replacement":null,"suggestion_applicability":null,"text":[{"highlight_end":23,"highlight_start":12,"text":"    pub fn from_config("}]}]}}
{"reason":"compiler-message","package_id":"path+file:///Users/bradyjeong/Documents/Projects/Amp/gta4/gta_game/gameplay_sim#0.1.0","manifest_path":"/Users/bradyjeong/Documents/Projects/Amp/gta4/gta_game/gameplay_sim/Cargo.toml","target":{"kind":["lib"],"crate_types":["lib"],"name":"gameplay_sim","src_path":"/Users/bradyjeong/Documents/Projects/Amp/gta4/gta_game/gameplay_sim/src/lib.rs","edition":"2021","doc":true,"doctest":true,"test":true},"message":{"rendered":"warning: struct `PhysicsBodySetup` is never constructed\n   --> gameplay_sim/src/physics/utilities.rs:192:12\n    |\n192 | pub struct PhysicsBodySetup;\n    |            ^^^^^^^^^^^^^^^^\n\n","$message_type":"diagnostic","children":[],"code":{"code":"dead_code","explanation":null},"level":"warning","message":"struct `PhysicsBodySetup` is never constructed","spans":[{"byte_end":6671,"byte_start":6655,"column_end":28,"column_start":12,"expansion":null,"file_name":"gameplay_sim/src/physics/utilities.rs","is_primary":true,"label":null,"line_end":192,"line_start":192,"suggested_replacement":null,"suggestion_applicability":null,"text":[{"highlight_end":28,"highlight_start":12,"text":"pub struct PhysicsBodySetup;"}]}]}}
{"reason":"compiler-message","package_id":"path+file:///Users/bradyjeong/Documents/Projects/Amp/gta4/gta_game/gameplay_sim#0.1.0","manifest_path":"/Users/bradyjeong/Documents/Projects/Amp/gta4/gta_game/gameplay_sim/Cargo.toml","target":{"kind":["lib"],"crate_types":["lib"],"name":"gameplay_sim","src_path":"/Users/bradyjeong/Documents/Projects/Amp/gta4/gta_game/gameplay_sim/src/lib.rs","edition":"2021","doc":true,"doctest":true,"test":true},"message":{"rendered":"warning: associated functions `create_dynamic_body`, `create_static_body`, `create_collider_safe`, and `create_mass_properties` are never used\n   --> gameplay_sim/src/physics/utilities.rs:196:12\n    |\n194 | impl PhysicsBodySetup {\n    | --------------------- associated functions in this implementation\n195 |     /// Create a dynamic physics body for moving entities\n196 |     pub fn create_dynamic_body(\n    |            ^^^^^^^^^^^^^^^^^^^\n...\n212 |     pub fn create_static_body(collision_groups: CollisionGroups) -> (RigidBody, CollisionGroups) {\n    |            ^^^^^^^^^^^^^^^^^^\n...\n217 |     pub fn create_collider_safe(\n    |            ^^^^^^^^^^^^^^^^^^^^\n...\n235 |     pub fn create_mass_properties(mass: f32, config: &GameConfig) -> Option<AdditionalMassProperties> {\n    |            ^^^^^^^^^^^^^^^^^^^^^^\n\n","$message_type":"diagnostic","children":[],"code":{"code":"dead_code","explanation":null},"level":"warning","message":"associated functions `create_dynamic_body`, `create_static_body`, `create_collider_safe`, and `create_mass_properties` are never used","spans":[{"byte_end":6695,"byte_start":6674,"column_end":22,"column_start":1,"expansion":null,"file_name":"gameplay_sim/src/physics/utilities.rs","is_primary":false,"label":"associated functions in this implementation","line_end":194,"line_start":194,"suggested_replacement":null,"suggestion_applicability":null,"text":[{"highlight_end":22,"highlight_start":1,"text":"impl PhysicsBodySetup {"}]},{"byte_end":6786,"byte_start":6767,"column_end":31,"column_start":12,"expansion":null,"file_name":"gameplay_sim/src/physics/utilities.rs","is_primary":true,"label":null,"line_end":196,"line_start":196,"suggested_replacement":null,"suggestion_applicability":null,"text":[{"highlight_end":31,"highlight_start":12,"text":"    pub fn create_dynamic_body("}]},{"byte_end":7220,"byte_start":7202,"column_end":30,"column_start":12,"expansion":null,"file_name":"gameplay_sim/src/physics/utilities.rs","is_primary":true,"label":null,"line_end":212,"line_start":212,"suggested_replacement":null,"suggestion_applicability":null,"text":[{"highlight_end":30,"highlight_start":12,"text":"    pub fn create_static_body(collision_groups: CollisionGroups) -> (RigidBody, CollisionGroups) {"}]},{"byte_end":7417,"byte_start":7397,"column_end":32,"column_start":12,"expansion":null,"file_name":"gameplay_sim/src/physics/utilities.rs","is_primary":true,"label":null,"line_end":217,"line_start":217,"suggested_replacement":null,"suggestion_applicability":null,"text":[{"highlight_end":32,"highlight_start":12,"text":"    pub fn create_collider_safe("}]},{"byte_end":8080,"byte_start":8058,"column_end":34,"column_start":12,"expansion":null,"file_name":"gameplay_sim/src/physics/utilities.rs","is_primary":true,"label":null,"line_end":235,"line_start":235,"suggested_replacement":null,"suggestion_applicability":null,"text":[{"highlight_end":34,"highlight_start":12,"text":"    pub fn create_mass_properties(mass: f32, config: &GameConfig) -> Option<AdditionalMassProperties> {"}]}]}}
{"reason":"compiler-message","package_id":"path+file:///Users/bradyjeong/Documents/Projects/Amp/gta4/gta_game/gameplay_sim#0.1.0","manifest_path":"/Users/bradyjeong/Documents/Projects/Amp/gta4/gta_game/gameplay_sim/Cargo.toml","target":{"kind":["lib"],"crate_types":["lib"],"name":"gameplay_sim","src_path":"/Users/bradyjeong/Documents/Projects/Amp/gta4/gta_game/gameplay_sim/src/lib.rs","edition":"2021","doc":true,"doctest":true,"test":true},"message":{"rendered":"warning: multiple fields are never read\n   --> gameplay_sim/src/physics/utilities.rs:249:9\n    |\n248 | pub struct MovementInputs {\n    |            -------------- fields in this struct\n249 |     pub throttle: f32,\n    |         ^^^^^^^^\n250 |     pub brake: f32,\n    |         ^^^^^\n251 |     pub steering: f32,\n    |         ^^^^^^^^\n252 |     pub pitch: f32,\n    |         ^^^^^\n253 |     pub roll: f32,\n    |         ^^^^\n254 |     pub yaw: f32,\n    |         ^^^\n255 |     pub thrust: f32,\n    |         ^^^^^^\n256 |     pub forward: f32,\n    |         ^^^^^^^\n257 |     pub backward: f32,\n    |         ^^^^^^^^\n258 |     pub left: f32,\n    |         ^^^^\n259 |     pub right: f32,\n    |         ^^^^^\n260 |     pub jump: f32,\n    |         ^^^^\n    |\n    = note: `MovementInputs` has derived impls for the traits `Debug` and `Clone`, but these are intentionally ignored during dead code analysis\n\n","$message_type":"diagnostic","children":[{"children":[],"code":null,"level":"note","message":"`MovementInputs` has derived impls for the traits `Debug` and `Clone`, but these are intentionally ignored during dead code analysis","rendered":null,"spans":[]}],"code":{"code":"dead_code","explanation":null},"level":"warning","message":"multiple fields are never read","spans":[{"byte_end":8549,"byte_start":8535,"column_end":26,"column_start":12,"expansion":null,"file_name":"gameplay_sim/src/physics/utilities.rs","is_primary":false,"label":"fields in this struct","line_end":248,"line_start":248,"suggested_replacement":null,"suggestion_applicability":null,"text":[{"highlight_end":26,"highlight_start":12,"text":"pub struct MovementInputs {"}]},{"byte_end":8568,"byte_start":8560,"column_end":17,"column_start":9,"expansion":null,"file_name":"gameplay_sim/src/physics/utilities.rs","is_primary":true,"label":null,"line_end":249,"line_start":249,"suggested_replacement":null,"suggestion_applicability":null,"text":[{"highlight_end":17,"highlight_start":9,"text":"    pub throttle: f32,"}]},{"byte_end":8588,"byte_start":8583,"column_end":14,"column_start":9,"expansion":null,"file_name":"gameplay_sim/src/physics/utilities.rs","is_primary":true,"label":null,"line_end":250,"line_start":250,"suggested_replacement":null,"suggestion_applicability":null,"text":[{"highlight_end":14,"highlight_start":9,"text":"    pub brake: f32,"}]},{"byte_end":8611,"byte_start":8603,"column_end":17,"column_start":9,"expansion":null,"file_name":"gameplay_sim/src/physics/utilities.rs","is_primary":true,"label":null,"line_end":251,"line_start":251,"suggested_replacement":null,"suggestion_applicability":null,"text":[{"highlight_end":17,"highlight_start":9,"text":"    pub steering: f32,"}]},{"byte_end":8631,"byte_start":8626,"column_end":14,"column_start":9,"expansion":null,"file_name":"gameplay_sim/src/physics/utilities.rs","is_primary":true,"label":null,"line_end":252,"line_start":252,"suggested_replacement":null,"suggestion_applicability":null,"text":[{"highlight_end":14,"highlight_start":9,"text":"    pub pitch: f32,"}]},{"byte_end":8650,"byte_start":8646,"column_end":13,"column_start":9,"expansion":null,"file_name":"gameplay_sim/src/physics/utilities.rs","is_primary":true,"label":null,"line_end":253,"line_start":253,"suggested_replacement":null,"suggestion_applicability":null,"text":[{"highlight_end":13,"highlight_start":9,"text":"    pub roll: f32,"}]},{"byte_end":8668,"byte_start":8665,"column_end":12,"column_start":9,"expansion":null,"file_name":"gameplay_sim/src/physics/utilities.rs","is_primary":true,"label":null,"line_end":254,"line_start":254,"suggested_replacement":null,"suggestion_applicability":null,"text":[{"highlight_end":12,"highlight_start":9,"text":"    pub yaw: f32,"}]},{"byte_end":8689,"byte_start":8683,"column_end":15,"column_start":9,"expansion":null,"file_name":"gameplay_sim/src/physics/utilities.rs","is_primary":true,"label":null,"line_end":255,"line_start":255,"suggested_replacement":null,"suggestion_applicability":null,"text":[{"highlight_end":15,"highlight_start":9,"text":"    pub thrust: f32,"}]},{"byte_end":8711,"byte_start":8704,"column_end":16,"column_start":9,"expansion":null,"file_name":"gameplay_sim/src/physics/utilities.rs","is_primary":true,"label":null,"line_end":256,"line_start":256,"suggested_replacement":null,"suggestion_applicability":null,"text":[{"highlight_end":16,"highlight_start":9,"text":"    pub forward: f32,"}]},{"byte_end":8734,"byte_start":8726,"column_end":17,"column_start":9,"expansion":null,"file_name":"gameplay_sim/src/physics/utilities.rs","is_primary":true,"label":null,"line_end":257,"line_start":257,"suggested_replacement":null,"suggestion_applicability":null,"text":[{"highlight_end":17,"highlight_start":9,"text":"    pub backward: f32,"}]},{"byte_end":8753,"byte_start":8749,"column_end":13,"column_start":9,"expansion":null,"file_name":"gameplay_sim/src/physics/utilities.rs","is_primary":true,"label":null,"line_end":258,"line_start":258,"suggested_replacement":null,"suggestion_applicability":null,"text":[{"highlight_end":13,"highlight_start":9,"text":"    pub left: f32,"}]},{"byte_end":8773,"byte_start":8768,"column_end":14,"column_start":9,"expansion":null,"file_name":"gameplay_sim/src/physics/utilities.rs","is_primary":true,"label":null,"line_end":259,"line_start":259,"suggested_replacement":null,"suggestion_applicability":null,"text":[{"highlight_end":14,"highlight_start":9,"text":"    pub right: f32,"}]},{"byte_end":8792,"byte_start":8788,"column_end":13,"column_start":9,"expansion":null,"file_name":"gameplay_sim/src/physics/utilities.rs","is_primary":true,"label":null,"line_end":260,"line_start":260,"suggested_replacement":null,"suggestion_applicability":null,"text":[{"highlight_end":13,"highlight_start":9,"text":"    pub jump: f32,"}]}]}}
{"reason":"compiler-message","package_id":"path+file:///Users/bradyjeong/Documents/Projects/Amp/gta4/gta_game/gameplay_sim#0.1.0","manifest_path":"/Users/bradyjeong/Documents/Projects/Amp/gta4/gta_game/gameplay_sim/Cargo.toml","target":{"kind":["lib"],"crate_types":["lib"],"name":"gameplay_sim","src_path":"/Users/bradyjeong/Documents/Projects/Amp/gta4/gta_game/gameplay_sim/src/lib.rs","edition":"2021","doc":true,"doctest":true,"test":true},"message":{"rendered":"warning: struct `InputProcessor` is never constructed\n   --> gameplay_sim/src/physics/utilities.rs:264:12\n    |\n264 | pub struct InputProcessor;\n    |            ^^^^^^^^^^^^^^\n\n","$message_type":"diagnostic","children":[],"code":{"code":"dead_code","explanation":null},"level":"warning","message":"struct `InputProcessor` is never constructed","spans":[{"byte_end":8890,"byte_start":8876,"column_end":26,"column_start":12,"expansion":null,"file_name":"gameplay_sim/src/physics/utilities.rs","is_primary":true,"label":null,"line_end":264,"line_start":264,"suggested_replacement":null,"suggestion_applicability":null,"text":[{"highlight_end":26,"highlight_start":12,"text":"pub struct InputProcessor;"}]}]}}
{"reason":"compiler-message","package_id":"path+file:///Users/bradyjeong/Documents/Projects/Amp/gta4/gta_game/gameplay_sim#0.1.0","manifest_path":"/Users/bradyjeong/Documents/Projects/Amp/gta4/gta_game/gameplay_sim/Cargo.toml","target":{"kind":["lib"],"crate_types":["lib"],"name":"gameplay_sim","src_path":"/Users/bradyjeong/Documents/Projects/Amp/gta4/gta_game/gameplay_sim/src/lib.rs","edition":"2021","doc":true,"doctest":true,"test":true},"message":{"rendered":"warning: associated functions `process_unified_inputs`, `process_acceleration_input`, `apply_speed_dependent_steering`, and `calculate_force_from_input` are never used\n   --> gameplay_sim/src/physics/utilities.rs:268:12\n    |\n266 | impl InputProcessor {\n    | ------------------- associated functions in this implementation\n267 |     /// Unified input processing for all movement systems\n268 |     pub fn process_unified_inputs(control_manager: &ControlManager) -> MovementInputs {\n    |            ^^^^^^^^^^^^^^^^^^^^^^\n...\n286 |     pub fn process_acceleration_input(\n    |            ^^^^^^^^^^^^^^^^^^^^^^^^^^\n...\n299 |     pub fn apply_speed_dependent_steering(\n    |            ^^^^^^^^^^^^^^^^^^^^^^^^^^^^^^\n...\n311 |     pub fn calculate_force_from_input(\n    |            ^^^^^^^^^^^^^^^^^^^^^^^^^^\n\n","$message_type":"diagnostic","children":[],"code":{"code":"dead_code","explanation":null},"level":"warning","message":"associated functions `process_unified_inputs`, `process_acceleration_input`, `apply_speed_dependent_steering`, and `calculate_force_from_input` are never used","spans":[{"byte_end":8912,"byte_start":8893,"column_end":20,"column_start":1,"expansion":null,"file_name":"gameplay_sim/src/physics/utilities.rs","is_primary":false,"label":"associated functions in this implementation","line_end":266,"line_start":266,"suggested_replacement":null,"suggestion_applicability":null,"text":[{"highlight_end":20,"highlight_start":1,"text":"impl InputProcessor {"}]},{"byte_end":9006,"byte_start":8984,"column_end":34,"column_start":12,"expansion":null,"file_name":"gameplay_sim/src/physics/utilities.rs","is_primary":true,"label":null,"line_end":268,"line_start":268,"suggested_replacement":null,"suggestion_applicability":null,"text":[{"highlight_end":34,"highlight_start":12,"text":"    pub fn process_unified_inputs(control_manager: &ControlManager) -> MovementInputs {"}]},{"byte_end":10196,"byte_start":10170,"column_end":38,"column_start":12,"expansion":null,"file_name":"gameplay_sim/src/physics/utilities.rs","is_primary":true,"label":null,"line_end":286,"line_start":286,"suggested_replacement":null,"suggestion_applicability":null,"text":[{"highlight_end":38,"highlight_start":12,"text":"    pub fn process_acceleration_input("}]},{"byte_end":10650,"byte_start":10620,"column_end":42,"column_start":12,"expansion":null,"file_name":"gameplay_sim/src/physics/utilities.rs","is_primary":true,"label":null,"line_end":299,"line_start":299,"suggested_replacement":null,"suggestion_applicability":null,"text":[{"highlight_end":42,"highlight_start":12,"text":"    pub fn apply_speed_dependent_steering("}]},{"byte_end":11073,"byte_start":11047,"column_end":38,"column_start":12,"expansion":null,"file_name":"gameplay_sim/src/physics/utilities.rs","is_primary":true,"label":null,"line_end":311,"line_start":311,"suggested_replacement":null,"suggestion_applicability":null,"text":[{"highlight_end":38,"highlight_start":12,"text":"    pub fn calculate_force_from_input("}]}]}}
{"reason":"compiler-message","package_id":"path+file:///Users/bradyjeong/Documents/Projects/Amp/gta4/gta_game/gameplay_sim#0.1.0","manifest_path":"/Users/bradyjeong/Documents/Projects/Amp/gta4/gta_game/gameplay_sim/Cargo.toml","target":{"kind":["lib"],"crate_types":["lib"],"name":"gameplay_sim","src_path":"/Users/bradyjeong/Documents/Projects/Amp/gta4/gta_game/gameplay_sim/src/lib.rs","edition":"2021","doc":true,"doctest":true,"test":true},"message":{"rendered":"warning: function `apply_universal_physics_safeguards` is never used\n   --> gameplay_sim/src/physics/utilities.rs:321:8\n    |\n321 | pub fn apply_universal_physics_safeguards(\n    |        ^^^^^^^^^^^^^^^^^^^^^^^^^^^^^^^^^^\n\n","$message_type":"diagnostic","children":[],"code":{"code":"dead_code","explanation":null},"level":"warning","message":"function `apply_universal_physics_safeguards` is never used","spans":[{"byte_end":11337,"byte_start":11303,"column_end":42,"column_start":8,"expansion":null,"file_name":"gameplay_sim/src/physics/utilities.rs","is_primary":true,"label":null,"line_end":321,"line_start":321,"suggested_replacement":null,"suggestion_applicability":null,"text":[{"highlight_end":42,"highlight_start":8,"text":"pub fn apply_universal_physics_safeguards("}]}]}}
{"reason":"compiler-message","package_id":"path+file:///Users/bradyjeong/Documents/Projects/Amp/gta4/gta_game/gameplay_sim#0.1.0","manifest_path":"/Users/bradyjeong/Documents/Projects/Amp/gta4/gta_game/gameplay_sim/Cargo.toml","target":{"kind":["lib"],"crate_types":["lib"],"name":"gameplay_sim","src_path":"/Users/bradyjeong/Documents/Projects/Amp/gta4/gta_game/gameplay_sim/src/lib.rs","edition":"2021","doc":true,"doctest":true,"test":true},"message":{"rendered":"warning: function `player_collision_resolution_system` is never used\n --> gameplay_sim/src/physics/collision_resolution.rs:6:8\n  |\n6 | pub fn player_collision_resolution_system(\n  |        ^^^^^^^^^^^^^^^^^^^^^^^^^^^^^^^^^^\n\n","$message_type":"diagnostic","children":[],"code":{"code":"dead_code","explanation":null},"level":"warning","message":"function `player_collision_resolution_system` is never used","spans":[{"byte_end":204,"byte_start":170,"column_end":42,"column_start":8,"expansion":null,"file_name":"gameplay_sim/src/physics/collision_resolution.rs","is_primary":true,"label":null,"line_end":6,"line_start":6,"suggested_replacement":null,"suggestion_applicability":null,"text":[{"highlight_end":42,"highlight_start":8,"text":"pub fn player_collision_resolution_system("}]}]}}
{"reason":"compiler-message","package_id":"path+file:///Users/bradyjeong/Documents/Projects/Amp/gta4/gta_game/gameplay_sim#0.1.0","manifest_path":"/Users/bradyjeong/Documents/Projects/Amp/gta4/gta_game/gameplay_sim/Cargo.toml","target":{"kind":["lib"],"crate_types":["lib"],"name":"gameplay_sim","src_path":"/Users/bradyjeong/Documents/Projects/Amp/gta4/gta_game/gameplay_sim/src/lib.rs","edition":"2021","doc":true,"doctest":true,"test":true},"message":{"rendered":"warning: function `player_movement_validation_system` is never used\n  --> gameplay_sim/src/physics/collision_resolution.rs:35:8\n   |\n35 | pub fn player_movement_validation_system(\n   |        ^^^^^^^^^^^^^^^^^^^^^^^^^^^^^^^^^\n\n","$message_type":"diagnostic","children":[],"code":{"code":"dead_code","explanation":null},"level":"warning","message":"function `player_movement_validation_system` is never used","spans":[{"byte_end":1425,"byte_start":1392,"column_end":41,"column_start":8,"expansion":null,"file_name":"gameplay_sim/src/physics/collision_resolution.rs","is_primary":true,"label":null,"line_end":35,"line_start":35,"suggested_replacement":null,"suggestion_applicability":null,"text":[{"highlight_end":41,"highlight_start":8,"text":"pub fn player_movement_validation_system("}]}]}}
{"reason":"compiler-message","package_id":"path+file:///Users/bradyjeong/Documents/Projects/Amp/gta4/gta_game/gameplay_sim#0.1.0","manifest_path":"/Users/bradyjeong/Documents/Projects/Amp/gta4/gta_game/gameplay_sim/Cargo.toml","target":{"kind":["lib"],"crate_types":["lib"],"name":"gameplay_sim","src_path":"/Users/bradyjeong/Documents/Projects/Amp/gta4/gta_game/gameplay_sim/src/lib.rs","edition":"2021","doc":true,"doctest":true,"test":true},"message":{"rendered":"warning: function `human_player_movement` is never used\n  --> gameplay_sim/src/movement/player.rs:24:8\n   |\n24 | pub fn human_player_movement(\n   |        ^^^^^^^^^^^^^^^^^^^^^\n\n","$message_type":"diagnostic","children":[],"code":{"code":"dead_code","explanation":null},"level":"warning","message":"function `human_player_movement` is never used","spans":[{"byte_end":999,"byte_start":978,"column_end":29,"column_start":8,"expansion":null,"file_name":"gameplay_sim/src/movement/player.rs","is_primary":true,"label":null,"line_end":24,"line_start":24,"suggested_replacement":null,"suggestion_applicability":null,"text":[{"highlight_end":29,"highlight_start":8,"text":"pub fn human_player_movement("}]}]}}
{"reason":"compiler-message","package_id":"path+file:///Users/bradyjeong/Documents/Projects/Amp/gta4/gta_game/gameplay_sim#0.1.0","manifest_path":"/Users/bradyjeong/Documents/Projects/Amp/gta4/gta_game/gameplay_sim/Cargo.toml","target":{"kind":["lib"],"crate_types":["lib"],"name":"gameplay_sim","src_path":"/Users/bradyjeong/Documents/Projects/Amp/gta4/gta_game/gameplay_sim/src/lib.rs","edition":"2021","doc":true,"doctest":true,"test":true},"message":{"rendered":"warning: function `human_player_animation` is never used\n   --> gameplay_sim/src/movement/player.rs:123:8\n    |\n123 | pub fn human_player_animation(\n    |        ^^^^^^^^^^^^^^^^^^^^^^\n\n","$message_type":"diagnostic","children":[],"code":{"code":"dead_code","explanation":null},"level":"warning","message":"function `human_player_animation` is never used","spans":[{"byte_end":4543,"byte_start":4521,"column_end":30,"column_start":8,"expansion":null,"file_name":"gameplay_sim/src/movement/player.rs","is_primary":true,"label":null,"line_end":123,"line_start":123,"suggested_replacement":null,"suggestion_applicability":null,"text":[{"highlight_end":30,"highlight_start":8,"text":"pub fn human_player_animation("}]}]}}
{"reason":"compiler-message","package_id":"path+file:///Users/bradyjeong/Documents/Projects/Amp/gta4/gta_game/gameplay_sim#0.1.0","manifest_path":"/Users/bradyjeong/Documents/Projects/Amp/gta4/gta_game/gameplay_sim/Cargo.toml","target":{"kind":["lib"],"crate_types":["lib"],"name":"gameplay_sim","src_path":"/Users/bradyjeong/Documents/Projects/Amp/gta4/gta_game/gameplay_sim/src/lib.rs","edition":"2021","doc":true,"doctest":true,"test":true},"message":{"rendered":"warning: function `car_movement` is never used\n  --> gameplay_sim/src/movement/vehicles.rs:21:8\n   |\n21 | pub fn car_movement(\n   |        ^^^^^^^^^^^^\n\n","$message_type":"diagnostic","children":[],"code":{"code":"dead_code","explanation":null},"level":"warning","message":"function `car_movement` is never used","spans":[{"byte_end":977,"byte_start":965,"column_end":20,"column_start":8,"expansion":null,"file_name":"gameplay_sim/src/movement/vehicles.rs","is_primary":true,"label":null,"line_end":21,"line_start":21,"suggested_replacement":null,"suggestion_applicability":null,"text":[{"highlight_end":20,"highlight_start":8,"text":"pub fn car_movement("}]}]}}
{"reason":"compiler-message","package_id":"path+file:///Users/bradyjeong/Documents/Projects/Amp/gta4/gta_game/gameplay_sim#0.1.0","manifest_path":"/Users/bradyjeong/Documents/Projects/Amp/gta4/gta_game/gameplay_sim/Cargo.toml","target":{"kind":["lib"],"crate_types":["lib"],"name":"gameplay_sim","src_path":"/Users/bradyjeong/Documents/Projects/Amp/gta4/gta_game/gameplay_sim/src/lib.rs","edition":"2021","doc":true,"doctest":true,"test":true},"message":{"rendered":"warning: function `supercar_movement_deprecated` is never used\n  --> gameplay_sim/src/movement/vehicles.rs:85:8\n   |\n85 | pub fn supercar_movement_deprecated(\n   |        ^^^^^^^^^^^^^^^^^^^^^^^^^^^^\n\n","$message_type":"diagnostic","children":[],"code":{"code":"dead_code","explanation":null},"level":"warning","message":"function `supercar_movement_deprecated` is never used","spans":[{"byte_end":3511,"byte_start":3483,"column_end":36,"column_start":8,"expansion":null,"file_name":"gameplay_sim/src/movement/vehicles.rs","is_primary":true,"label":null,"line_end":85,"line_start":85,"suggested_replacement":null,"suggestion_applicability":null,"text":[{"highlight_end":36,"highlight_start":8,"text":"pub fn supercar_movement_deprecated("}]}]}}
{"reason":"compiler-message","package_id":"path+file:///Users/bradyjeong/Documents/Projects/Amp/gta4/gta_game/gameplay_sim#0.1.0","manifest_path":"/Users/bradyjeong/Documents/Projects/Amp/gta4/gta_game/gameplay_sim/Cargo.toml","target":{"kind":["lib"],"crate_types":["lib"],"name":"gameplay_sim","src_path":"/Users/bradyjeong/Documents/Projects/Amp/gta4/gta_game/gameplay_sim/src/lib.rs","edition":"2021","doc":true,"doctest":true,"test":true},"message":{"rendered":"warning: function `spawn_hypercar_exhaust_effects` is never used\n   --> gameplay_sim/src/movement/vehicles.rs:206:4\n    |\n206 | fn spawn_hypercar_exhaust_effects(\n    |    ^^^^^^^^^^^^^^^^^^^^^^^^^^^^^^\n\n","$message_type":"diagnostic","children":[],"code":{"code":"dead_code","explanation":null},"level":"warning","message":"function `spawn_hypercar_exhaust_effects` is never used","spans":[{"byte_end":9080,"byte_start":9050,"column_end":34,"column_start":4,"expansion":null,"file_name":"gameplay_sim/src/movement/vehicles.rs","is_primary":true,"label":null,"line_end":206,"line_start":206,"suggested_replacement":null,"suggestion_applicability":null,"text":[{"highlight_end":34,"highlight_start":4,"text":"fn spawn_hypercar_exhaust_effects("}]}]}}
{"reason":"compiler-message","package_id":"path+file:///Users/bradyjeong/Documents/Projects/Amp/gta4/gta_game/gameplay_sim#0.1.0","manifest_path":"/Users/bradyjeong/Documents/Projects/Amp/gta4/gta_game/gameplay_sim/Cargo.toml","target":{"kind":["lib"],"crate_types":["lib"],"name":"gameplay_sim","src_path":"/Users/bradyjeong/Documents/Projects/Amp/gta4/gta_game/gameplay_sim/src/lib.rs","edition":"2021","doc":true,"doctest":true,"test":true},"message":{"rendered":"warning: function `handle_driving_mode_changes` is never used\n   --> gameplay_sim/src/movement/vehicles.rs:319:4\n    |\n319 | fn handle_driving_mode_changes(supercar: &mut SuperCar, _control_manager: &ControlManager) {\n    |    ^^^^^^^^^^^^^^^^^^^^^^^^^^^\n\n","$message_type":"diagnostic","children":[],"code":{"code":"dead_code","explanation":null},"level":"warning","message":"function `handle_driving_mode_changes` is never used","spans":[{"byte_end":13804,"byte_start":13777,"column_end":31,"column_start":4,"expansion":null,"file_name":"gameplay_sim/src/movement/vehicles.rs","is_primary":true,"label":null,"line_end":319,"line_start":319,"suggested_replacement":null,"suggestion_applicability":null,"text":[{"highlight_end":31,"highlight_start":4,"text":"fn handle_driving_mode_changes(supercar: &mut SuperCar, _control_manager: &ControlManager) {"}]}]}}
{"reason":"compiler-message","package_id":"path+file:///Users/bradyjeong/Documents/Projects/Amp/gta4/gta_game/gameplay_sim#0.1.0","manifest_path":"/Users/bradyjeong/Documents/Projects/Amp/gta4/gta_game/gameplay_sim/Cargo.toml","target":{"kind":["lib"],"crate_types":["lib"],"name":"gameplay_sim","src_path":"/Users/bradyjeong/Documents/Projects/Amp/gta4/gta_game/gameplay_sim/src/lib.rs","edition":"2021","doc":true,"doctest":true,"test":true},"message":{"rendered":"warning: function `update_gear_and_rpm` is never used\n   --> gameplay_sim/src/movement/vehicles.rs:338:4\n    |\n338 | fn update_gear_and_rpm(supercar: &mut SuperCar, current_speed_mph: f32, dt: f32) {\n    |    ^^^^^^^^^^^^^^^^^^^\n\n","$message_type":"diagnostic","children":[],"code":{"code":"dead_code","explanation":null},"level":"warning","message":"function `update_gear_and_rpm` is never used","spans":[{"byte_end":14688,"byte_start":14669,"column_end":23,"column_start":4,"expansion":null,"file_name":"gameplay_sim/src/movement/vehicles.rs","is_primary":true,"label":null,"line_end":338,"line_start":338,"suggested_replacement":null,"suggestion_applicability":null,"text":[{"highlight_end":23,"highlight_start":4,"text":"fn update_gear_and_rpm(supercar: &mut SuperCar, current_speed_mph: f32, dt: f32) {"}]}]}}
{"reason":"compiler-message","package_id":"path+file:///Users/bradyjeong/Documents/Projects/Amp/gta4/gta_game/gameplay_sim#0.1.0","manifest_path":"/Users/bradyjeong/Documents/Projects/Amp/gta4/gta_game/gameplay_sim/Cargo.toml","target":{"kind":["lib"],"crate_types":["lib"],"name":"gameplay_sim","src_path":"/Users/bradyjeong/Documents/Projects/Amp/gta4/gta_game/gameplay_sim/src/lib.rs","edition":"2021","doc":true,"doctest":true,"test":true},"message":{"rendered":"warning: function `update_advanced_turbo_system` is never used\n   --> gameplay_sim/src/movement/vehicles.rs:359:4\n    |\n359 | fn update_advanced_turbo_system(supercar: &mut SuperCar, dt: f32, turbo_requested: bool, current_speed_mph: f32) {\n    |    ^^^^^^^^^^^^^^^^^^^^^^^^^^^^\n\n","$message_type":"diagnostic","children":[],"code":{"code":"dead_code","explanation":null},"level":"warning","message":"function `update_advanced_turbo_system` is never used","spans":[{"byte_end":15724,"byte_start":15696,"column_end":32,"column_start":4,"expansion":null,"file_name":"gameplay_sim/src/movement/vehicles.rs","is_primary":true,"label":null,"line_end":359,"line_start":359,"suggested_replacement":null,"suggestion_applicability":null,"text":[{"highlight_end":32,"highlight_start":4,"text":"fn update_advanced_turbo_system(supercar: &mut SuperCar, dt: f32, turbo_requested: bool, current_speed_mph: f32) {"}]}]}}
{"reason":"compiler-message","package_id":"path+file:///Users/bradyjeong/Documents/Projects/Amp/gta4/gta_game/gameplay_sim#0.1.0","manifest_path":"/Users/bradyjeong/Documents/Projects/Amp/gta4/gta_game/gameplay_sim/Cargo.toml","target":{"kind":["lib"],"crate_types":["lib"],"name":"gameplay_sim","src_path":"/Users/bradyjeong/Documents/Projects/Amp/gta4/gta_game/gameplay_sim/src/lib.rs","edition":"2021","doc":true,"doctest":true,"test":true},"message":{"rendered":"warning: function `handle_launch_control` is never used\n   --> gameplay_sim/src/movement/vehicles.rs:405:4\n    |\n405 | fn handle_launch_control(supercar: &mut SuperCar, control_manager: &ControlManager, current_speed_mph: f32) {\n    |    ^^^^^^^^^^^^^^^^^^^^^\n\n","$message_type":"diagnostic","children":[],"code":{"code":"dead_code","explanation":null},"level":"warning","message":"function `handle_launch_control` is never used","spans":[{"byte_end":17648,"byte_start":17627,"column_end":25,"column_start":4,"expansion":null,"file_name":"gameplay_sim/src/movement/vehicles.rs","is_primary":true,"label":null,"line_end":405,"line_start":405,"suggested_replacement":null,"suggestion_applicability":null,"text":[{"highlight_end":25,"highlight_start":4,"text":"fn handle_launch_control(supercar: &mut SuperCar, control_manager: &ControlManager, current_speed_mph: f32) {"}]}]}}
{"reason":"compiler-message","package_id":"path+file:///Users/bradyjeong/Documents/Projects/Amp/gta4/gta_game/gameplay_sim#0.1.0","manifest_path":"/Users/bradyjeong/Documents/Projects/Amp/gta4/gta_game/gameplay_sim/Cargo.toml","target":{"kind":["lib"],"crate_types":["lib"],"name":"gameplay_sim","src_path":"/Users/bradyjeong/Documents/Projects/Amp/gta4/gta_game/gameplay_sim/src/lib.rs","edition":"2021","doc":true,"doctest":true,"test":true},"message":{"rendered":"warning: function `update_enhanced_traction_control` is never used\n   --> gameplay_sim/src/movement/vehicles.rs:427:4\n    |\n427 | fn update_enhanced_traction_control(supercar: &mut SuperCar, current_speed_mph: f32, dt: f32) {\n    |    ^^^^^^^^^^^^^^^^^^^^^^^^^^^^^^^^\n\n","$message_type":"diagnostic","children":[],"code":{"code":"dead_code","explanation":null},"level":"warning","message":"function `update_enhanced_traction_control` is never used","spans":[{"byte_end":18636,"byte_start":18604,"column_end":36,"column_start":4,"expansion":null,"file_name":"gameplay_sim/src/movement/vehicles.rs","is_primary":true,"label":null,"line_end":427,"line_start":427,"suggested_replacement":null,"suggestion_applicability":null,"text":[{"highlight_end":36,"highlight_start":4,"text":"fn update_enhanced_traction_control(supercar: &mut SuperCar, current_speed_mph: f32, dt: f32) {"}]}]}}
{"reason":"compiler-message","package_id":"path+file:///Users/bradyjeong/Documents/Projects/Amp/gta4/gta_game/gameplay_sim#0.1.0","manifest_path":"/Users/bradyjeong/Documents/Projects/Amp/gta4/gta_game/gameplay_sim/Cargo.toml","target":{"kind":["lib"],"crate_types":["lib"],"name":"gameplay_sim","src_path":"/Users/bradyjeong/Documents/Projects/Amp/gta4/gta_game/gameplay_sim/src/lib.rs","edition":"2021","doc":true,"doctest":true,"test":true},"message":{"rendered":"warning: function `update_active_aerodynamics` is never used\n   --> gameplay_sim/src/movement/vehicles.rs:458:4\n    |\n458 | fn update_active_aerodynamics(supercar: &mut SuperCar, current_speed_mph: f32, dt: f32) {\n    |    ^^^^^^^^^^^^^^^^^^^^^^^^^^\n\n","$message_type":"diagnostic","children":[],"code":{"code":"dead_code","explanation":null},"level":"warning","message":"function `update_active_aerodynamics` is never used","spans":[{"byte_end":19999,"byte_start":19973,"column_end":30,"column_start":4,"expansion":null,"file_name":"gameplay_sim/src/movement/vehicles.rs","is_primary":true,"label":null,"line_end":458,"line_start":458,"suggested_replacement":null,"suggestion_applicability":null,"text":[{"highlight_end":30,"highlight_start":4,"text":"fn update_active_aerodynamics(supercar: &mut SuperCar, current_speed_mph: f32, dt: f32) {"}]}]}}
{"reason":"compiler-message","package_id":"path+file:///Users/bradyjeong/Documents/Projects/Amp/gta4/gta_game/gameplay_sim#0.1.0","manifest_path":"/Users/bradyjeong/Documents/Projects/Amp/gta4/gta_game/gameplay_sim/Cargo.toml","target":{"kind":["lib"],"crate_types":["lib"],"name":"gameplay_sim","src_path":"/Users/bradyjeong/Documents/Projects/Amp/gta4/gta_game/gameplay_sim/src/lib.rs","edition":"2021","doc":true,"doctest":true,"test":true},"message":{"rendered":"warning: function `calculate_performance_metrics` is never used\n   --> gameplay_sim/src/movement/vehicles.rs:482:4\n    |\n482 | fn calculate_performance_metrics(supercar: &mut SuperCar, velocity: &Velocity, dt: f32) {\n    |    ^^^^^^^^^^^^^^^^^^^^^^^^^^^^^\n\n","$message_type":"diagnostic","children":[],"code":{"code":"dead_code","explanation":null},"level":"warning","message":"function `calculate_performance_metrics` is never used","spans":[{"byte_end":21027,"byte_start":20998,"column_end":33,"column_start":4,"expansion":null,"file_name":"gameplay_sim/src/movement/vehicles.rs","is_primary":true,"label":null,"line_end":482,"line_start":482,"suggested_replacement":null,"suggestion_applicability":null,"text":[{"highlight_end":33,"highlight_start":4,"text":"fn calculate_performance_metrics(supercar: &mut SuperCar, velocity: &Velocity, dt: f32) {"}]}]}}
{"reason":"compiler-message","package_id":"path+file:///Users/bradyjeong/Documents/Projects/Amp/gta4/gta_game/gameplay_sim#0.1.0","manifest_path":"/Users/bradyjeong/Documents/Projects/Amp/gta4/gta_game/gameplay_sim/Cargo.toml","target":{"kind":["lib"],"crate_types":["lib"],"name":"gameplay_sim","src_path":"/Users/bradyjeong/Documents/Projects/Amp/gta4/gta_game/gameplay_sim/src/lib.rs","edition":"2021","doc":true,"doctest":true,"test":true},"message":{"rendered":"warning: function `calculate_enhanced_power_curve` is never used\n   --> gameplay_sim/src/movement/vehicles.rs:498:4\n    |\n498 | fn calculate_enhanced_power_curve(supercar: &SuperCar) -> f32 {\n    |    ^^^^^^^^^^^^^^^^^^^^^^^^^^^^^^\n\n","$message_type":"diagnostic","children":[],"code":{"code":"dead_code","explanation":null},"level":"warning","message":"function `calculate_enhanced_power_curve` is never used","spans":[{"byte_end":21610,"byte_start":21580,"column_end":34,"column_start":4,"expansion":null,"file_name":"gameplay_sim/src/movement/vehicles.rs","is_primary":true,"label":null,"line_end":498,"line_start":498,"suggested_replacement":null,"suggestion_applicability":null,"text":[{"highlight_end":34,"highlight_start":4,"text":"fn calculate_enhanced_power_curve(supercar: &SuperCar) -> f32 {"}]}]}}
{"reason":"compiler-message","package_id":"path+file:///Users/bradyjeong/Documents/Projects/Amp/gta4/gta_game/gameplay_sim#0.1.0","manifest_path":"/Users/bradyjeong/Documents/Projects/Amp/gta4/gta_game/gameplay_sim/Cargo.toml","target":{"kind":["lib"],"crate_types":["lib"],"name":"gameplay_sim","src_path":"/Users/bradyjeong/Documents/Projects/Amp/gta4/gta_game/gameplay_sim/src/lib.rs","edition":"2021","doc":true,"doctest":true,"test":true},"message":{"rendered":"warning: function `calculate_turbo_multiplier` is never used\n   --> gameplay_sim/src/movement/vehicles.rs:514:4\n    |\n514 | fn calculate_turbo_multiplier(supercar: &SuperCar) -> f32 {\n    |    ^^^^^^^^^^^^^^^^^^^^^^^^^^\n\n","$message_type":"diagnostic","children":[],"code":{"code":"dead_code","explanation":null},"level":"warning","message":"function `calculate_turbo_multiplier` is never used","spans":[{"byte_end":22433,"byte_start":22407,"column_end":30,"column_start":4,"expansion":null,"file_name":"gameplay_sim/src/movement/vehicles.rs","is_primary":true,"label":null,"line_end":514,"line_start":514,"suggested_replacement":null,"suggestion_applicability":null,"text":[{"highlight_end":30,"highlight_start":4,"text":"fn calculate_turbo_multiplier(supercar: &SuperCar) -> f32 {"}]}]}}
{"reason":"compiler-message","package_id":"path+file:///Users/bradyjeong/Documents/Projects/Amp/gta4/gta_game/gameplay_sim#0.1.0","manifest_path":"/Users/bradyjeong/Documents/Projects/Amp/gta4/gta_game/gameplay_sim/Cargo.toml","target":{"kind":["lib"],"crate_types":["lib"],"name":"gameplay_sim","src_path":"/Users/bradyjeong/Documents/Projects/Amp/gta4/gta_game/gameplay_sim/src/lib.rs","edition":"2021","doc":true,"doctest":true,"test":true},"message":{"rendered":"warning: function `get_driving_mode_multiplier` is never used\n   --> gameplay_sim/src/movement/vehicles.rs:523:4\n    |\n523 | fn get_driving_mode_multiplier(supercar: &SuperCar) -> f32 {\n    |    ^^^^^^^^^^^^^^^^^^^^^^^^^^^\n\n","$message_type":"diagnostic","children":[],"code":{"code":"dead_code","explanation":null},"level":"warning","message":"function `get_driving_mode_multiplier` is never used","spans":[{"byte_end":22702,"byte_start":22675,"column_end":31,"column_start":4,"expansion":null,"file_name":"gameplay_sim/src/movement/vehicles.rs","is_primary":true,"label":null,"line_end":523,"line_start":523,"suggested_replacement":null,"suggestion_applicability":null,"text":[{"highlight_end":31,"highlight_start":4,"text":"fn get_driving_mode_multiplier(supercar: &SuperCar) -> f32 {"}]}]}}
{"reason":"compiler-message","package_id":"path+file:///Users/bradyjeong/Documents/Projects/Amp/gta4/gta_game/gameplay_sim#0.1.0","manifest_path":"/Users/bradyjeong/Documents/Projects/Amp/gta4/gta_game/gameplay_sim/Cargo.toml","target":{"kind":["lib"],"crate_types":["lib"],"name":"gameplay_sim","src_path":"/Users/bradyjeong/Documents/Projects/Amp/gta4/gta_game/gameplay_sim/src/lib.rs","edition":"2021","doc":true,"doctest":true,"test":true},"message":{"rendered":"warning: function `calculate_acceleration_force` is never used\n   --> gameplay_sim/src/movement/vehicles.rs:532:4\n    |\n532 | fn calculate_acceleration_force(supercar: &SuperCar, effective_power: f32, current_speed_ms: f32) -> f32 {\n    |    ^^^^^^^^^^^^^^^^^^^^^^^^^^^^\n\n","$message_type":"diagnostic","children":[],"code":{"code":"dead_code","explanation":null},"level":"warning","message":"function `calculate_acceleration_force` is never used","spans":[{"byte_end":23054,"byte_start":23026,"column_end":32,"column_start":4,"expansion":null,"file_name":"gameplay_sim/src/movement/vehicles.rs","is_primary":true,"label":null,"line_end":532,"line_start":532,"suggested_replacement":null,"suggestion_applicability":null,"text":[{"highlight_end":32,"highlight_start":4,"text":"fn calculate_acceleration_force(supercar: &SuperCar, effective_power: f32, current_speed_ms: f32) -> f32 {"}]}]}}
{"reason":"compiler-message","package_id":"path+file:///Users/bradyjeong/Documents/Projects/Amp/gta4/gta_game/gameplay_sim#0.1.0","manifest_path":"/Users/bradyjeong/Documents/Projects/Amp/gta4/gta_game/gameplay_sim/Cargo.toml","target":{"kind":["lib"],"crate_types":["lib"],"name":"gameplay_sim","src_path":"/Users/bradyjeong/Documents/Projects/Amp/gta4/gta_game/gameplay_sim/src/lib.rs","edition":"2021","doc":true,"doctest":true,"test":true},"message":{"rendered":"warning: function `calculate_aerodynamic_drag` is never used\n   --> gameplay_sim/src/movement/vehicles.rs:544:4\n    |\n544 | fn calculate_aerodynamic_drag(supercar: &SuperCar, current_speed_ms: f32) -> f32 {\n    |    ^^^^^^^^^^^^^^^^^^^^^^^^^^\n\n","$message_type":"diagnostic","children":[],"code":{"code":"dead_code","explanation":null},"level":"warning","message":"function `calculate_aerodynamic_drag` is never used","spans":[{"byte_end":23500,"byte_start":23474,"column_end":30,"column_start":4,"expansion":null,"file_name":"gameplay_sim/src/movement/vehicles.rs","is_primary":true,"label":null,"line_end":544,"line_start":544,"suggested_replacement":null,"suggestion_applicability":null,"text":[{"highlight_end":30,"highlight_start":4,"text":"fn calculate_aerodynamic_drag(supercar: &SuperCar, current_speed_ms: f32) -> f32 {"}]}]}}
{"reason":"compiler-message","package_id":"path+file:///Users/bradyjeong/Documents/Projects/Amp/gta4/gta_game/gameplay_sim#0.1.0","manifest_path":"/Users/bradyjeong/Documents/Projects/Amp/gta4/gta_game/gameplay_sim/Cargo.toml","target":{"kind":["lib"],"crate_types":["lib"],"name":"gameplay_sim","src_path":"/Users/bradyjeong/Documents/Projects/Amp/gta4/gta_game/gameplay_sim/src/lib.rs","edition":"2021","doc":true,"doctest":true,"test":true},"message":{"rendered":"warning: function `calculate_braking_force` is never used\n   --> gameplay_sim/src/movement/vehicles.rs:555:4\n    |\n555 | fn calculate_braking_force(supercar: &SuperCar, brake_value: f32, current_speed_mph: f32) -> f32 {\n    |    ^^^^^^^^^^^^^^^^^^^^^^^\n\n","$message_type":"diagnostic","children":[],"code":{"code":"dead_code","explanation":null},"level":"warning","message":"function `calculate_braking_force` is never used","spans":[{"byte_end":24000,"byte_start":23977,"column_end":27,"column_start":4,"expansion":null,"file_name":"gameplay_sim/src/movement/vehicles.rs","is_primary":true,"label":null,"line_end":555,"line_start":555,"suggested_replacement":null,"suggestion_applicability":null,"text":[{"highlight_end":27,"highlight_start":4,"text":"fn calculate_braking_force(supercar: &SuperCar, brake_value: f32, current_speed_mph: f32) -> f32 {"}]}]}}
{"reason":"compiler-message","package_id":"path+file:///Users/bradyjeong/Documents/Projects/Amp/gta4/gta_game/gameplay_sim#0.1.0","manifest_path":"/Users/bradyjeong/Documents/Projects/Amp/gta4/gta_game/gameplay_sim/Cargo.toml","target":{"kind":["lib"],"crate_types":["lib"],"name":"gameplay_sim","src_path":"/Users/bradyjeong/Documents/Projects/Amp/gta4/gta_game/gameplay_sim/src/lib.rs","edition":"2021","doc":true,"doctest":true,"test":true},"message":{"rendered":"warning: function `calculate_natural_deceleration` is never used\n   --> gameplay_sim/src/movement/vehicles.rs:569:4\n    |\n569 | fn calculate_natural_deceleration(supercar: &SuperCar, _current_speed_ms: f32) -> f32 {\n    |    ^^^^^^^^^^^^^^^^^^^^^^^^^^^^^^\n\n","$message_type":"diagnostic","children":[],"code":{"code":"dead_code","explanation":null},"level":"warning","message":"function `calculate_natural_deceleration` is never used","spans":[{"byte_end":24516,"byte_start":24486,"column_end":34,"column_start":4,"expansion":null,"file_name":"gameplay_sim/src/movement/vehicles.rs","is_primary":true,"label":null,"line_end":569,"line_start":569,"suggested_replacement":null,"suggestion_applicability":null,"text":[{"highlight_end":34,"highlight_start":4,"text":"fn calculate_natural_deceleration(supercar: &SuperCar, _current_speed_ms: f32) -> f32 {"}]}]}}
{"reason":"compiler-message","package_id":"path+file:///Users/bradyjeong/Documents/Projects/Amp/gta4/gta_game/gameplay_sim#0.1.0","manifest_path":"/Users/bradyjeong/Documents/Projects/Amp/gta4/gta_game/gameplay_sim/Cargo.toml","target":{"kind":["lib"],"crate_types":["lib"],"name":"gameplay_sim","src_path":"/Users/bradyjeong/Documents/Projects/Amp/gta4/gta_game/gameplay_sim/src/lib.rs","edition":"2021","doc":true,"doctest":true,"test":true},"message":{"rendered":"warning: function `calculate_hypercar_steering` is never used\n   --> gameplay_sim/src/movement/vehicles.rs:579:4\n    |\n579 | fn calculate_hypercar_steering(supercar: &SuperCar, steering_input: f32, current_speed_mph: f32) -> Vec3 {\n    |    ^^^^^^^^^^^^^^^^^^^^^^^^^^^\n\n","$message_type":"diagnostic","children":[],"code":{"code":"dead_code","explanation":null},"level":"warning","message":"function `calculate_hypercar_steering` is never used","spans":[{"byte_end":24869,"byte_start":24842,"column_end":31,"column_start":4,"expansion":null,"file_name":"gameplay_sim/src/movement/vehicles.rs","is_primary":true,"label":null,"line_end":579,"line_start":579,"suggested_replacement":null,"suggestion_applicability":null,"text":[{"highlight_end":31,"highlight_start":4,"text":"fn calculate_hypercar_steering(supercar: &SuperCar, steering_input: f32, current_speed_mph: f32) -> Vec3 {"}]}]}}
{"reason":"compiler-message","package_id":"path+file:///Users/bradyjeong/Documents/Projects/Amp/gta4/gta_game/gameplay_sim#0.1.0","manifest_path":"/Users/bradyjeong/Documents/Projects/Amp/gta4/gta_game/gameplay_sim/Cargo.toml","target":{"kind":["lib"],"crate_types":["lib"],"name":"gameplay_sim","src_path":"/Users/bradyjeong/Documents/Projects/Amp/gta4/gta_game/gameplay_sim/src/lib.rs","edition":"2021","doc":true,"doctest":true,"test":true},"message":{"rendered":"warning: function `apply_suspension_damping` is never used\n   --> gameplay_sim/src/movement/vehicles.rs:618:4\n    |\n618 | fn apply_suspension_damping(supercar: &SuperCar, velocity_change: Vec3, dt: f32) -> Vec3 {\n    |    ^^^^^^^^^^^^^^^^^^^^^^^^\n\n","$message_type":"diagnostic","children":[],"code":{"code":"dead_code","explanation":null},"level":"warning","message":"function `apply_suspension_damping` is never used","spans":[{"byte_end":26549,"byte_start":26525,"column_end":28,"column_start":4,"expansion":null,"file_name":"gameplay_sim/src/movement/vehicles.rs","is_primary":true,"label":null,"line_end":618,"line_start":618,"suggested_replacement":null,"suggestion_applicability":null,"text":[{"highlight_end":28,"highlight_start":4,"text":"fn apply_suspension_damping(supercar: &SuperCar, velocity_change: Vec3, dt: f32) -> Vec3 {"}]}]}}
{"reason":"compiler-message","package_id":"path+file:///Users/bradyjeong/Documents/Projects/Amp/gta4/gta_game/gameplay_sim#0.1.0","manifest_path":"/Users/bradyjeong/Documents/Projects/Amp/gta4/gta_game/gameplay_sim/Cargo.toml","target":{"kind":["lib"],"crate_types":["lib"],"name":"gameplay_sim","src_path":"/Users/bradyjeong/Documents/Projects/Amp/gta4/gta_game/gameplay_sim/src/lib.rs","edition":"2021","doc":true,"doctest":true,"test":true},"message":{"rendered":"warning: function `update_engine_protection` is never used\n   --> gameplay_sim/src/movement/vehicles.rs:630:4\n    |\n630 | fn update_engine_protection(supercar: &mut SuperCar, dt: f32, _current_speed_mph: f32) {\n    |    ^^^^^^^^^^^^^^^^^^^^^^^^\n\n","$message_type":"diagnostic","children":[],"code":{"code":"dead_code","explanation":null},"level":"warning","message":"function `update_engine_protection` is never used","spans":[{"byte_end":27150,"byte_start":27126,"column_end":28,"column_start":4,"expansion":null,"file_name":"gameplay_sim/src/movement/vehicles.rs","is_primary":true,"label":null,"line_end":630,"line_start":630,"suggested_replacement":null,"suggestion_applicability":null,"text":[{"highlight_end":28,"highlight_start":4,"text":"fn update_engine_protection(supercar: &mut SuperCar, dt: f32, _current_speed_mph: f32) {"}]}]}}
{"reason":"compiler-message","package_id":"path+file:///Users/bradyjeong/Documents/Projects/Amp/gta4/gta_game/gameplay_sim#0.1.0","manifest_path":"/Users/bradyjeong/Documents/Projects/Amp/gta4/gta_game/gameplay_sim/Cargo.toml","target":{"kind":["lib"],"crate_types":["lib"],"name":"gameplay_sim","src_path":"/Users/bradyjeong/Documents/Projects/Amp/gta4/gta_game/gameplay_sim/src/lib.rs","edition":"2021","doc":true,"doctest":true,"test":true},"message":{"rendered":"warning: function `helicopter_movement` is never used\n  --> gameplay_sim/src/movement/aircraft.rs:21:8\n   |\n21 | pub fn helicopter_movement(\n   |        ^^^^^^^^^^^^^^^^^^^\n\n","$message_type":"diagnostic","children":[],"code":{"code":"dead_code","explanation":null},"level":"warning","message":"function `helicopter_movement` is never used","spans":[{"byte_end":1027,"byte_start":1008,"column_end":27,"column_start":8,"expansion":null,"file_name":"gameplay_sim/src/movement/aircraft.rs","is_primary":true,"label":null,"line_end":21,"line_start":21,"suggested_replacement":null,"suggestion_applicability":null,"text":[{"highlight_end":27,"highlight_start":8,"text":"pub fn helicopter_movement("}]}]}}
{"reason":"compiler-message","package_id":"path+file:///Users/bradyjeong/Documents/Projects/Amp/gta4/gta_game/gameplay_sim#0.1.0","manifest_path":"/Users/bradyjeong/Documents/Projects/Amp/gta4/gta_game/gameplay_sim/Cargo.toml","target":{"kind":["lib"],"crate_types":["lib"],"name":"gameplay_sim","src_path":"/Users/bradyjeong/Documents/Projects/Amp/gta4/gta_game/gameplay_sim/src/lib.rs","edition":"2021","doc":true,"doctest":true,"test":true},"message":{"rendered":"warning: function `rotate_helicopter_rotors` is never used\n  --> gameplay_sim/src/movement/aircraft.rs:73:8\n   |\n73 | pub fn rotate_helicopter_rotors(\n   |        ^^^^^^^^^^^^^^^^^^^^^^^^\n\n","$message_type":"diagnostic","children":[],"code":{"code":"dead_code","explanation":null},"level":"warning","message":"function `rotate_helicopter_rotors` is never used","spans":[{"byte_end":2938,"byte_start":2914,"column_end":32,"column_start":8,"expansion":null,"file_name":"gameplay_sim/src/movement/aircraft.rs","is_primary":true,"label":null,"line_end":73,"line_start":73,"suggested_replacement":null,"suggestion_applicability":null,"text":[{"highlight_end":32,"highlight_start":8,"text":"pub fn rotate_helicopter_rotors("}]}]}}
{"reason":"compiler-message","package_id":"path+file:///Users/bradyjeong/Documents/Projects/Amp/gta4/gta_game/gameplay_sim#0.1.0","manifest_path":"/Users/bradyjeong/Documents/Projects/Amp/gta4/gta_game/gameplay_sim/Cargo.toml","target":{"kind":["lib"],"crate_types":["lib"],"name":"gameplay_sim","src_path":"/Users/bradyjeong/Documents/Projects/Amp/gta4/gta_game/gameplay_sim/src/lib.rs","edition":"2021","doc":true,"doctest":true,"test":true},"message":{"rendered":"warning: function `f16_movement` is never used\n  --> gameplay_sim/src/movement/aircraft.rs:94:8\n   |\n94 | pub fn f16_movement(\n   |        ^^^^^^^^^^^^\n\n","$message_type":"diagnostic","children":[],"code":{"code":"dead_code","explanation":null},"level":"warning","message":"function `f16_movement` is never used","spans":[{"byte_end":3751,"byte_start":3739,"column_end":20,"column_start":8,"expansion":null,"file_name":"gameplay_sim/src/movement/aircraft.rs","is_primary":true,"label":null,"line_end":94,"line_start":94,"suggested_replacement":null,"suggestion_applicability":null,"text":[{"highlight_end":20,"highlight_start":8,"text":"pub fn f16_movement("}]}]}}
{"reason":"compiler-message","package_id":"path+file:///Users/bradyjeong/Documents/Projects/Amp/gta4/gta_game/gameplay_sim#0.1.0","manifest_path":"/Users/bradyjeong/Documents/Projects/Amp/gta4/gta_game/gameplay_sim/Cargo.toml","target":{"kind":["lib"],"crate_types":["lib"],"name":"gameplay_sim","src_path":"/Users/bradyjeong/Documents/Projects/Amp/gta4/gta_game/gameplay_sim/src/lib.rs","edition":"2021","doc":true,"doctest":true,"test":true},"message":{"rendered":"warning: function `realistic_vehicle_physics_system` is never used\n  --> gameplay_sim/src/movement/realistic_vehicle_physics.rs:23:8\n   |\n23 | pub fn realistic_vehicle_physics_system(\n   |        ^^^^^^^^^^^^^^^^^^^^^^^^^^^^^^^^\n\n","$message_type":"diagnostic","children":[],"code":{"code":"dead_code","explanation":null},"level":"warning","message":"function `realistic_vehicle_physics_system` is never used","spans":[{"byte_end":1161,"byte_start":1129,"column_end":40,"column_start":8,"expansion":null,"file_name":"gameplay_sim/src/movement/realistic_vehicle_physics.rs","is_primary":true,"label":null,"line_end":23,"line_start":23,"suggested_replacement":null,"suggestion_applicability":null,"text":[{"highlight_end":40,"highlight_start":8,"text":"pub fn realistic_vehicle_physics_system("}]}]}}
{"reason":"compiler-message","package_id":"path+file:///Users/bradyjeong/Documents/Projects/Amp/gta4/gta_game/gameplay_sim#0.1.0","manifest_path":"/Users/bradyjeong/Documents/Projects/Amp/gta4/gta_game/gameplay_sim/Cargo.toml","target":{"kind":["lib"],"crate_types":["lib"],"name":"gameplay_sim","src_path":"/Users/bradyjeong/Documents/Projects/Amp/gta4/gta_game/gameplay_sim/src/lib.rs","edition":"2021","doc":true,"doctest":true,"test":true},"message":{"rendered":"warning: function `process_simplified_vehicle_physics` is never used\n   --> gameplay_sim/src/movement/realistic_vehicle_physics.rs:153:4\n    |\n153 | fn process_simplified_vehicle_physics(\n    |    ^^^^^^^^^^^^^^^^^^^^^^^^^^^^^^^^^^\n\n","$message_type":"diagnostic","children":[],"code":{"code":"dead_code","explanation":null},"level":"warning","message":"function `process_simplified_vehicle_physics` is never used","spans":[{"byte_end":6112,"byte_start":6078,"column_end":38,"column_start":4,"expansion":null,"file_name":"gameplay_sim/src/movement/realistic_vehicle_physics.rs","is_primary":true,"label":null,"line_end":153,"line_start":153,"suggested_replacement":null,"suggestion_applicability":null,"text":[{"highlight_end":38,"highlight_start":4,"text":"fn process_simplified_vehicle_physics("}]}]}}
{"reason":"compiler-message","package_id":"path+file:///Users/bradyjeong/Documents/Projects/Amp/gta4/gta_game/gameplay_sim#0.1.0","manifest_path":"/Users/bradyjeong/Documents/Projects/Amp/gta4/gta_game/gameplay_sim/Cargo.toml","target":{"kind":["lib"],"crate_types":["lib"],"name":"gameplay_sim","src_path":"/Users/bradyjeong/Documents/Projects/Amp/gta4/gta_game/gameplay_sim/src/lib.rs","edition":"2021","doc":true,"doctest":true,"test":true},"message":{"rendered":"warning: function `process_vehicle_input` is never used\n   --> gameplay_sim/src/movement/realistic_vehicle_physics.rs:179:4\n    |\n179 | fn process_vehicle_input(\n    |    ^^^^^^^^^^^^^^^^^^^^^\n\n","$message_type":"diagnostic","children":[],"code":{"code":"dead_code","explanation":null},"level":"warning","message":"function `process_vehicle_input` is never used","spans":[{"byte_end":6814,"byte_start":6793,"column_end":25,"column_start":4,"expansion":null,"file_name":"gameplay_sim/src/movement/realistic_vehicle_physics.rs","is_primary":true,"label":null,"line_end":179,"line_start":179,"suggested_replacement":null,"suggestion_applicability":null,"text":[{"highlight_end":25,"highlight_start":4,"text":"fn process_vehicle_input("}]}]}}
{"reason":"compiler-message","package_id":"path+file:///Users/bradyjeong/Documents/Projects/Amp/gta4/gta_game/gameplay_sim#0.1.0","manifest_path":"/Users/bradyjeong/Documents/Projects/Amp/gta4/gta_game/gameplay_sim/Cargo.toml","target":{"kind":["lib"],"crate_types":["lib"],"name":"gameplay_sim","src_path":"/Users/bradyjeong/Documents/Projects/Amp/gta4/gta_game/gameplay_sim/src/lib.rs","edition":"2021","doc":true,"doctest":true,"test":true},"message":{"rendered":"warning: function `calculate_engine_force` is never used\n   --> gameplay_sim/src/movement/realistic_vehicle_physics.rs:217:4\n    |\n217 | fn calculate_engine_force(\n    |    ^^^^^^^^^^^^^^^^^^^^^^\n\n","$message_type":"diagnostic","children":[],"code":{"code":"dead_code","explanation":null},"level":"warning","message":"function `calculate_engine_force` is never used","spans":[{"byte_end":8230,"byte_start":8208,"column_end":26,"column_start":4,"expansion":null,"file_name":"gameplay_sim/src/movement/realistic_vehicle_physics.rs","is_primary":true,"label":null,"line_end":217,"line_start":217,"suggested_replacement":null,"suggestion_applicability":null,"text":[{"highlight_end":26,"highlight_start":4,"text":"fn calculate_engine_force("}]}]}}
{"reason":"compiler-message","package_id":"path+file:///Users/bradyjeong/Documents/Projects/Amp/gta4/gta_game/gameplay_sim#0.1.0","manifest_path":"/Users/bradyjeong/Documents/Projects/Amp/gta4/gta_game/gameplay_sim/Cargo.toml","target":{"kind":["lib"],"crate_types":["lib"],"name":"gameplay_sim","src_path":"/Users/bradyjeong/Documents/Projects/Amp/gta4/gta_game/gameplay_sim/src/lib.rs","edition":"2021","doc":true,"doctest":true,"test":true},"message":{"rendered":"warning: function `calculate_tire_forces` is never used\n   --> gameplay_sim/src/movement/realistic_vehicle_physics.rs:262:4\n    |\n262 | fn calculate_tire_forces(\n    |    ^^^^^^^^^^^^^^^^^^^^^\n\n","$message_type":"diagnostic","children":[],"code":{"code":"dead_code","explanation":null},"level":"warning","message":"function `calculate_tire_forces` is never used","spans":[{"byte_end":10004,"byte_start":9983,"column_end":25,"column_start":4,"expansion":null,"file_name":"gameplay_sim/src/movement/realistic_vehicle_physics.rs","is_primary":true,"label":null,"line_end":262,"line_start":262,"suggested_replacement":null,"suggestion_applicability":null,"text":[{"highlight_end":25,"highlight_start":4,"text":"fn calculate_tire_forces("}]}]}}
{"reason":"compiler-message","package_id":"path+file:///Users/bradyjeong/Documents/Projects/Amp/gta4/gta_game/gameplay_sim#0.1.0","manifest_path":"/Users/bradyjeong/Documents/Projects/Amp/gta4/gta_game/gameplay_sim/Cargo.toml","target":{"kind":["lib"],"crate_types":["lib"],"name":"gameplay_sim","src_path":"/Users/bradyjeong/Documents/Projects/Amp/gta4/gta_game/gameplay_sim/src/lib.rs","edition":"2021","doc":true,"doctest":true,"test":true},"message":{"rendered":"warning: function `calculate_aerodynamic_forces` is never used\n   --> gameplay_sim/src/movement/realistic_vehicle_physics.rs:333:4\n    |\n333 | fn calculate_aerodynamic_forces(\n    |    ^^^^^^^^^^^^^^^^^^^^^^^^^^^^\n\n","$message_type":"diagnostic","children":[],"code":{"code":"dead_code","explanation":null},"level":"warning","message":"function `calculate_aerodynamic_forces` is never used","spans":[{"byte_end":12821,"byte_start":12793,"column_end":32,"column_start":4,"expansion":null,"file_name":"gameplay_sim/src/movement/realistic_vehicle_physics.rs","is_primary":true,"label":null,"line_end":333,"line_start":333,"suggested_replacement":null,"suggestion_applicability":null,"text":[{"highlight_end":32,"highlight_start":4,"text":"fn calculate_aerodynamic_forces("}]}]}}
{"reason":"compiler-message","package_id":"path+file:///Users/bradyjeong/Documents/Projects/Amp/gta4/gta_game/gameplay_sim#0.1.0","manifest_path":"/Users/bradyjeong/Documents/Projects/Amp/gta4/gta_game/gameplay_sim/Cargo.toml","target":{"kind":["lib"],"crate_types":["lib"],"name":"gameplay_sim","src_path":"/Users/bradyjeong/Documents/Projects/Amp/gta4/gta_game/gameplay_sim/src/lib.rs","edition":"2021","doc":true,"doctest":true,"test":true},"message":{"rendered":"warning: function `calculate_weight_transfer` is never used\n   --> gameplay_sim/src/movement/realistic_vehicle_physics.rs:353:4\n    |\n353 | fn calculate_weight_transfer(\n    |    ^^^^^^^^^^^^^^^^^^^^^^^^^\n\n","$message_type":"diagnostic","children":[],"code":{"code":"dead_code","explanation":null},"level":"warning","message":"function `calculate_weight_transfer` is never used","spans":[{"byte_end":13504,"byte_start":13479,"column_end":29,"column_start":4,"expansion":null,"file_name":"gameplay_sim/src/movement/realistic_vehicle_physics.rs","is_primary":true,"label":null,"line_end":353,"line_start":353,"suggested_replacement":null,"suggestion_applicability":null,"text":[{"highlight_end":29,"highlight_start":4,"text":"fn calculate_weight_transfer("}]}]}}
{"reason":"compiler-message","package_id":"path+file:///Users/bradyjeong/Documents/Projects/Amp/gta4/gta_game/gameplay_sim#0.1.0","manifest_path":"/Users/bradyjeong/Documents/Projects/Amp/gta4/gta_game/gameplay_sim/Cargo.toml","target":{"kind":["lib"],"crate_types":["lib"],"name":"gameplay_sim","src_path":"/Users/bradyjeong/Documents/Projects/Amp/gta4/gta_game/gameplay_sim/src/lib.rs","edition":"2021","doc":true,"doctest":true,"test":true},"message":{"rendered":"warning: function `apply_forces_to_vehicle` is never used\n   --> gameplay_sim/src/movement/realistic_vehicle_physics.rs:371:4\n    |\n371 | fn apply_forces_to_vehicle(\n    |    ^^^^^^^^^^^^^^^^^^^^^^^\n\n","$message_type":"diagnostic","children":[],"code":{"code":"dead_code","explanation":null},"level":"warning","message":"function `apply_forces_to_vehicle` is never used","spans":[{"byte_end":14144,"byte_start":14121,"column_end":27,"column_start":4,"expansion":null,"file_name":"gameplay_sim/src/movement/realistic_vehicle_physics.rs","is_primary":true,"label":null,"line_end":371,"line_start":371,"suggested_replacement":null,"suggestion_applicability":null,"text":[{"highlight_end":27,"highlight_start":4,"text":"fn apply_forces_to_vehicle("}]}]}}
{"reason":"compiler-message","package_id":"path+file:///Users/bradyjeong/Documents/Projects/Amp/gta4/gta_game/gameplay_sim#0.1.0","manifest_path":"/Users/bradyjeong/Documents/Projects/Amp/gta4/gta_game/gameplay_sim/Cargo.toml","target":{"kind":["lib"],"crate_types":["lib"],"name":"gameplay_sim","src_path":"/Users/bradyjeong/Documents/Projects/Amp/gta4/gta_game/gameplay_sim/src/lib.rs","edition":"2021","doc":true,"doctest":true,"test":true},"message":{"rendered":"warning: function `apply_physics_safeguards` is never used\n   --> gameplay_sim/src/movement/realistic_vehicle_physics.rs:415:4\n    |\n415 | fn apply_physics_safeguards(\n    |    ^^^^^^^^^^^^^^^^^^^^^^^^\n\n","$message_type":"diagnostic","children":[],"code":{"code":"dead_code","explanation":null},"level":"warning","message":"function `apply_physics_safeguards` is never used","spans":[{"byte_end":15597,"byte_start":15573,"column_end":28,"column_start":4,"expansion":null,"file_name":"gameplay_sim/src/movement/realistic_vehicle_physics.rs","is_primary":true,"label":null,"line_end":415,"line_start":415,"suggested_replacement":null,"suggestion_applicability":null,"text":[{"highlight_end":28,"highlight_start":4,"text":"fn apply_physics_safeguards("}]}]}}
{"reason":"compiler-message","package_id":"path+file:///Users/bradyjeong/Documents/Projects/Amp/gta4/gta_game/gameplay_sim#0.1.0","manifest_path":"/Users/bradyjeong/Documents/Projects/Amp/gta4/gta_game/gameplay_sim/Cargo.toml","target":{"kind":["lib"],"crate_types":["lib"],"name":"gameplay_sim","src_path":"/Users/bradyjeong/Documents/Projects/Amp/gta4/gta_game/gameplay_sim/src/lib.rs","edition":"2021","doc":true,"doctest":true,"test":true},"message":{"rendered":"warning: function `vehicle_wheel_update_system` is never used\n   --> gameplay_sim/src/movement/realistic_vehicle_physics.rs:431:8\n    |\n431 | pub fn vehicle_wheel_update_system(\n    |        ^^^^^^^^^^^^^^^^^^^^^^^^^^^\n\n","$message_type":"diagnostic","children":[],"code":{"code":"dead_code","explanation":null},"level":"warning","message":"function `vehicle_wheel_update_system` is never used","spans":[{"byte_end":16122,"byte_start":16095,"column_end":35,"column_start":8,"expansion":null,"file_name":"gameplay_sim/src/movement/realistic_vehicle_physics.rs","is_primary":true,"label":null,"line_end":431,"line_start":431,"suggested_replacement":null,"suggestion_applicability":null,"text":[{"highlight_end":35,"highlight_start":8,"text":"pub fn vehicle_wheel_update_system("}]}]}}
{"reason":"compiler-message","package_id":"path+file:///Users/bradyjeong/Documents/Projects/Amp/gta4/gta_game/gameplay_sim#0.1.0","manifest_path":"/Users/bradyjeong/Documents/Projects/Amp/gta4/gta_game/gameplay_sim/Cargo.toml","target":{"kind":["lib"],"crate_types":["lib"],"name":"gameplay_sim","src_path":"/Users/bradyjeong/Documents/Projects/Amp/gta4/gta_game/gameplay_sim/src/lib.rs","edition":"2021","doc":true,"doctest":true,"test":true},"message":{"rendered":"warning: function `realistic_vehicle_performance_system` is never used\n   --> gameplay_sim/src/movement/realistic_vehicle_physics.rs:452:8\n    |\n452 | pub fn realistic_vehicle_performance_system(\n    |        ^^^^^^^^^^^^^^^^^^^^^^^^^^^^^^^^^^^^\n\n","$message_type":"diagnostic","children":[],"code":{"code":"dead_code","explanation":null},"level":"warning","message":"function `realistic_vehicle_performance_system` is never used","spans":[{"byte_end":17075,"byte_start":17039,"column_end":44,"column_start":8,"expansion":null,"file_name":"gameplay_sim/src/movement/realistic_vehicle_physics.rs","is_primary":true,"label":null,"line_end":452,"line_start":452,"suggested_replacement":null,"suggestion_applicability":null,"text":[{"highlight_end":44,"highlight_start":8,"text":"pub fn realistic_vehicle_performance_system("}]}]}}
{"reason":"compiler-message","package_id":"path+file:///Users/bradyjeong/Documents/Projects/Amp/gta4/gta_game/gameplay_sim#0.1.0","manifest_path":"/Users/bradyjeong/Documents/Projects/Amp/gta4/gta_game/gameplay_sim/Cargo.toml","target":{"kind":["lib"],"crate_types":["lib"],"name":"gameplay_sim","src_path":"/Users/bradyjeong/Documents/Projects/Amp/gta4/gta_game/gameplay_sim/src/lib.rs","edition":"2021","doc":true,"doctest":true,"test":true},"message":{"rendered":"warning: function `realistic_vehicle_input_system` is never used\n  --> gameplay_sim/src/movement/realistic_vehicle_input.rs:18:8\n   |\n18 | pub fn realistic_vehicle_input_system(\n   |        ^^^^^^^^^^^^^^^^^^^^^^^^^^^^^^\n\n","$message_type":"diagnostic","children":[],"code":{"code":"dead_code","explanation":null},"level":"warning","message":"function `realistic_vehicle_input_system` is never used","spans":[{"byte_end":875,"byte_start":845,"column_end":38,"column_start":8,"expansion":null,"file_name":"gameplay_sim/src/movement/realistic_vehicle_input.rs","is_primary":true,"label":null,"line_end":18,"line_start":18,"suggested_replacement":null,"suggestion_applicability":null,"text":[{"highlight_end":38,"highlight_start":8,"text":"pub fn realistic_vehicle_input_system("}]}]}}
{"reason":"compiler-message","package_id":"path+file:///Users/bradyjeong/Documents/Projects/Amp/gta4/gta_game/gameplay_sim#0.1.0","manifest_path":"/Users/bradyjeong/Documents/Projects/Amp/gta4/gta_game/gameplay_sim/Cargo.toml","target":{"kind":["lib"],"crate_types":["lib"],"name":"gameplay_sim","src_path":"/Users/bradyjeong/Documents/Projects/Amp/gta4/gta_game/gameplay_sim/src/lib.rs","edition":"2021","doc":true,"doctest":true,"test":true},"message":{"rendered":"warning: function `process_vehicle_input` is never used\n  --> gameplay_sim/src/movement/realistic_vehicle_input.rs:32:4\n   |\n32 | fn process_vehicle_input(\n   |    ^^^^^^^^^^^^^^^^^^^^^\n\n","$message_type":"diagnostic","children":[],"code":{"code":"dead_code","explanation":null},"level":"warning","message":"function `process_vehicle_input` is never used","spans":[{"byte_end":1384,"byte_start":1363,"column_end":25,"column_start":4,"expansion":null,"file_name":"gameplay_sim/src/movement/realistic_vehicle_input.rs","is_primary":true,"label":null,"line_end":32,"line_start":32,"suggested_replacement":null,"suggestion_applicability":null,"text":[{"highlight_end":25,"highlight_start":4,"text":"fn process_vehicle_input("}]}]}}
{"reason":"compiler-message","package_id":"path+file:///Users/bradyjeong/Documents/Projects/Amp/gta4/gta_game/gameplay_sim#0.1.0","manifest_path":"/Users/bradyjeong/Documents/Projects/Amp/gta4/gta_game/gameplay_sim/Cargo.toml","target":{"kind":["lib"],"crate_types":["lib"],"name":"gameplay_sim","src_path":"/Users/bradyjeong/Documents/Projects/Amp/gta4/gta_game/gameplay_sim/src/lib.rs","edition":"2021","doc":true,"doctest":true,"test":true},"message":{"rendered":"warning: function `realistic_vehicle_physics_core_system` is never used\n  --> gameplay_sim/src/movement/realistic_vehicle_physics_core.rs:21:8\n   |\n21 | pub fn realistic_vehicle_physics_core_system(\n   |        ^^^^^^^^^^^^^^^^^^^^^^^^^^^^^^^^^^^^^\n\n","$message_type":"diagnostic","children":[],"code":{"code":"dead_code","explanation":null},"level":"warning","message":"function `realistic_vehicle_physics_core_system` is never used","spans":[{"byte_end":1015,"byte_start":978,"column_end":45,"column_start":8,"expansion":null,"file_name":"gameplay_sim/src/movement/realistic_vehicle_physics_core.rs","is_primary":true,"label":null,"line_end":21,"line_start":21,"suggested_replacement":null,"suggestion_applicability":null,"text":[{"highlight_end":45,"highlight_start":8,"text":"pub fn realistic_vehicle_physics_core_system("}]}]}}
{"reason":"compiler-message","package_id":"path+file:///Users/bradyjeong/Documents/Projects/Amp/gta4/gta_game/gameplay_sim#0.1.0","manifest_path":"/Users/bradyjeong/Documents/Projects/Amp/gta4/gta_game/gameplay_sim/Cargo.toml","target":{"kind":["lib"],"crate_types":["lib"],"name":"gameplay_sim","src_path":"/Users/bradyjeong/Documents/Projects/Amp/gta4/gta_game/gameplay_sim/src/lib.rs","edition":"2021","doc":true,"doctest":true,"test":true},"message":{"rendered":"warning: function `process_simplified_vehicle_physics` is never used\n   --> gameplay_sim/src/movement/realistic_vehicle_physics_core.rs:146:4\n    |\n146 | fn process_simplified_vehicle_physics(\n    |    ^^^^^^^^^^^^^^^^^^^^^^^^^^^^^^^^^^\n\n","$message_type":"diagnostic","children":[],"code":{"code":"dead_code","explanation":null},"level":"warning","message":"function `process_simplified_vehicle_physics` is never used","spans":[{"byte_end":5686,"byte_start":5652,"column_end":38,"column_start":4,"expansion":null,"file_name":"gameplay_sim/src/movement/realistic_vehicle_physics_core.rs","is_primary":true,"label":null,"line_end":146,"line_start":146,"suggested_replacement":null,"suggestion_applicability":null,"text":[{"highlight_end":38,"highlight_start":4,"text":"fn process_simplified_vehicle_physics("}]}]}}
{"reason":"compiler-message","package_id":"path+file:///Users/bradyjeong/Documents/Projects/Amp/gta4/gta_game/gameplay_sim#0.1.0","manifest_path":"/Users/bradyjeong/Documents/Projects/Amp/gta4/gta_game/gameplay_sim/Cargo.toml","target":{"kind":["lib"],"crate_types":["lib"],"name":"gameplay_sim","src_path":"/Users/bradyjeong/Documents/Projects/Amp/gta4/gta_game/gameplay_sim/src/lib.rs","edition":"2021","doc":true,"doctest":true,"test":true},"message":{"rendered":"warning: function `calculate_engine_force` is never used\n   --> gameplay_sim/src/movement/realistic_vehicle_physics_core.rs:172:4\n    |\n172 | fn calculate_engine_force(\n    |    ^^^^^^^^^^^^^^^^^^^^^^\n\n","$message_type":"diagnostic","children":[],"code":{"code":"dead_code","explanation":null},"level":"warning","message":"function `calculate_engine_force` is never used","spans":[{"byte_end":6381,"byte_start":6359,"column_end":26,"column_start":4,"expansion":null,"file_name":"gameplay_sim/src/movement/realistic_vehicle_physics_core.rs","is_primary":true,"label":null,"line_end":172,"line_start":172,"suggested_replacement":null,"suggestion_applicability":null,"text":[{"highlight_end":26,"highlight_start":4,"text":"fn calculate_engine_force("}]}]}}
{"reason":"compiler-message","package_id":"path+file:///Users/bradyjeong/Documents/Projects/Amp/gta4/gta_game/gameplay_sim#0.1.0","manifest_path":"/Users/bradyjeong/Documents/Projects/Amp/gta4/gta_game/gameplay_sim/Cargo.toml","target":{"kind":["lib"],"crate_types":["lib"],"name":"gameplay_sim","src_path":"/Users/bradyjeong/Documents/Projects/Amp/gta4/gta_game/gameplay_sim/src/lib.rs","edition":"2021","doc":true,"doctest":true,"test":true},"message":{"rendered":"warning: function `calculate_tire_forces` is never used\n   --> gameplay_sim/src/movement/realistic_vehicle_physics_core.rs:215:4\n    |\n215 | fn calculate_tire_forces(\n    |    ^^^^^^^^^^^^^^^^^^^^^\n\n","$message_type":"diagnostic","children":[],"code":{"code":"dead_code","explanation":null},"level":"warning","message":"function `calculate_tire_forces` is never used","spans":[{"byte_end":8153,"byte_start":8132,"column_end":25,"column_start":4,"expansion":null,"file_name":"gameplay_sim/src/movement/realistic_vehicle_physics_core.rs","is_primary":true,"label":null,"line_end":215,"line_start":215,"suggested_replacement":null,"suggestion_applicability":null,"text":[{"highlight_end":25,"highlight_start":4,"text":"fn calculate_tire_forces("}]}]}}
{"reason":"compiler-message","package_id":"path+file:///Users/bradyjeong/Documents/Projects/Amp/gta4/gta_game/gameplay_sim#0.1.0","manifest_path":"/Users/bradyjeong/Documents/Projects/Amp/gta4/gta_game/gameplay_sim/Cargo.toml","target":{"kind":["lib"],"crate_types":["lib"],"name":"gameplay_sim","src_path":"/Users/bradyjeong/Documents/Projects/Amp/gta4/gta_game/gameplay_sim/src/lib.rs","edition":"2021","doc":true,"doctest":true,"test":true},"message":{"rendered":"warning: function `calculate_aerodynamic_forces` is never used\n   --> gameplay_sim/src/movement/realistic_vehicle_physics_core.rs:286:4\n    |\n286 | fn calculate_aerodynamic_forces(\n    |    ^^^^^^^^^^^^^^^^^^^^^^^^^^^^\n\n","$message_type":"diagnostic","children":[],"code":{"code":"dead_code","explanation":null},"level":"warning","message":"function `calculate_aerodynamic_forces` is never used","spans":[{"byte_end":10970,"byte_start":10942,"column_end":32,"column_start":4,"expansion":null,"file_name":"gameplay_sim/src/movement/realistic_vehicle_physics_core.rs","is_primary":true,"label":null,"line_end":286,"line_start":286,"suggested_replacement":null,"suggestion_applicability":null,"text":[{"highlight_end":32,"highlight_start":4,"text":"fn calculate_aerodynamic_forces("}]}]}}
{"reason":"compiler-message","package_id":"path+file:///Users/bradyjeong/Documents/Projects/Amp/gta4/gta_game/gameplay_sim#0.1.0","manifest_path":"/Users/bradyjeong/Documents/Projects/Amp/gta4/gta_game/gameplay_sim/Cargo.toml","target":{"kind":["lib"],"crate_types":["lib"],"name":"gameplay_sim","src_path":"/Users/bradyjeong/Documents/Projects/Amp/gta4/gta_game/gameplay_sim/src/lib.rs","edition":"2021","doc":true,"doctest":true,"test":true},"message":{"rendered":"warning: function `calculate_weight_transfer` is never used\n   --> gameplay_sim/src/movement/realistic_vehicle_physics_core.rs:306:4\n    |\n306 | fn calculate_weight_transfer(\n    |    ^^^^^^^^^^^^^^^^^^^^^^^^^\n\n","$message_type":"diagnostic","children":[],"code":{"code":"dead_code","explanation":null},"level":"warning","message":"function `calculate_weight_transfer` is never used","spans":[{"byte_end":11653,"byte_start":11628,"column_end":29,"column_start":4,"expansion":null,"file_name":"gameplay_sim/src/movement/realistic_vehicle_physics_core.rs","is_primary":true,"label":null,"line_end":306,"line_start":306,"suggested_replacement":null,"suggestion_applicability":null,"text":[{"highlight_end":29,"highlight_start":4,"text":"fn calculate_weight_transfer("}]}]}}
{"reason":"compiler-message","package_id":"path+file:///Users/bradyjeong/Documents/Projects/Amp/gta4/gta_game/gameplay_sim#0.1.0","manifest_path":"/Users/bradyjeong/Documents/Projects/Amp/gta4/gta_game/gameplay_sim/Cargo.toml","target":{"kind":["lib"],"crate_types":["lib"],"name":"gameplay_sim","src_path":"/Users/bradyjeong/Documents/Projects/Amp/gta4/gta_game/gameplay_sim/src/lib.rs","edition":"2021","doc":true,"doctest":true,"test":true},"message":{"rendered":"warning: function `apply_forces_to_vehicle` is never used\n   --> gameplay_sim/src/movement/realistic_vehicle_physics_core.rs:324:4\n    |\n324 | fn apply_forces_to_vehicle(\n    |    ^^^^^^^^^^^^^^^^^^^^^^^\n\n","$message_type":"diagnostic","children":[],"code":{"code":"dead_code","explanation":null},"level":"warning","message":"function `apply_forces_to_vehicle` is never used","spans":[{"byte_end":12293,"byte_start":12270,"column_end":27,"column_start":4,"expansion":null,"file_name":"gameplay_sim/src/movement/realistic_vehicle_physics_core.rs","is_primary":true,"label":null,"line_end":324,"line_start":324,"suggested_replacement":null,"suggestion_applicability":null,"text":[{"highlight_end":27,"highlight_start":4,"text":"fn apply_forces_to_vehicle("}]}]}}
{"reason":"compiler-message","package_id":"path+file:///Users/bradyjeong/Documents/Projects/Amp/gta4/gta_game/gameplay_sim#0.1.0","manifest_path":"/Users/bradyjeong/Documents/Projects/Amp/gta4/gta_game/gameplay_sim/Cargo.toml","target":{"kind":["lib"],"crate_types":["lib"],"name":"gameplay_sim","src_path":"/Users/bradyjeong/Documents/Projects/Amp/gta4/gta_game/gameplay_sim/src/lib.rs","edition":"2021","doc":true,"doctest":true,"test":true},"message":{"rendered":"warning: function `apply_physics_safeguards` is never used\n   --> gameplay_sim/src/movement/realistic_vehicle_physics_core.rs:368:4\n    |\n368 | fn apply_physics_safeguards(\n    |    ^^^^^^^^^^^^^^^^^^^^^^^^\n\n","$message_type":"diagnostic","children":[],"code":{"code":"dead_code","explanation":null},"level":"warning","message":"function `apply_physics_safeguards` is never used","spans":[{"byte_end":13746,"byte_start":13722,"column_end":28,"column_start":4,"expansion":null,"file_name":"gameplay_sim/src/movement/realistic_vehicle_physics_core.rs","is_primary":true,"label":null,"line_end":368,"line_start":368,"suggested_replacement":null,"suggestion_applicability":null,"text":[{"highlight_end":28,"highlight_start":4,"text":"fn apply_physics_safeguards("}]}]}}
{"reason":"compiler-message","package_id":"path+file:///Users/bradyjeong/Documents/Projects/Amp/gta4/gta_game/gameplay_sim#0.1.0","manifest_path":"/Users/bradyjeong/Documents/Projects/Amp/gta4/gta_game/gameplay_sim/Cargo.toml","target":{"kind":["lib"],"crate_types":["lib"],"name":"gameplay_sim","src_path":"/Users/bradyjeong/Documents/Projects/Amp/gta4/gta_game/gameplay_sim/src/lib.rs","edition":"2021","doc":true,"doctest":true,"test":true},"message":{"rendered":"warning: function `supercar_input_system` is never used\n  --> gameplay_sim/src/movement/supercar_input.rs:17:8\n   |\n17 | pub fn supercar_input_system(\n   |        ^^^^^^^^^^^^^^^^^^^^^\n\n","$message_type":"diagnostic","children":[],"code":{"code":"dead_code","explanation":null},"level":"warning","message":"function `supercar_input_system` is never used","spans":[{"byte_end":815,"byte_start":794,"column_end":29,"column_start":8,"expansion":null,"file_name":"gameplay_sim/src/movement/supercar_input.rs","is_primary":true,"label":null,"line_end":17,"line_start":17,"suggested_replacement":null,"suggestion_applicability":null,"text":[{"highlight_end":29,"highlight_start":8,"text":"pub fn supercar_input_system("}]}]}}
{"reason":"compiler-message","package_id":"path+file:///Users/bradyjeong/Documents/Projects/Amp/gta4/gta_game/gameplay_sim#0.1.0","manifest_path":"/Users/bradyjeong/Documents/Projects/Amp/gta4/gta_game/gameplay_sim/Cargo.toml","target":{"kind":["lib"],"crate_types":["lib"],"name":"gameplay_sim","src_path":"/Users/bradyjeong/Documents/Projects/Amp/gta4/gta_game/gameplay_sim/src/lib.rs","edition":"2021","doc":true,"doctest":true,"test":true},"message":{"rendered":"warning: function `handle_driving_mode_changes` is never used\n  --> gameplay_sim/src/movement/supercar_input.rs:36:4\n   |\n36 | fn handle_driving_mode_changes(supercar: &mut SuperCar, _control_manager: &ControlManager) {\n   |    ^^^^^^^^^^^^^^^^^^^^^^^^^^^\n\n","$message_type":"diagnostic","children":[],"code":{"code":"dead_code","explanation":null},"level":"warning","message":"function `handle_driving_mode_changes` is never used","spans":[{"byte_end":1536,"byte_start":1509,"column_end":31,"column_start":4,"expansion":null,"file_name":"gameplay_sim/src/movement/supercar_input.rs","is_primary":true,"label":null,"line_end":36,"line_start":36,"suggested_replacement":null,"suggestion_applicability":null,"text":[{"highlight_end":31,"highlight_start":4,"text":"fn handle_driving_mode_changes(supercar: &mut SuperCar, _control_manager: &ControlManager) {"}]}]}}
{"reason":"compiler-message","package_id":"path+file:///Users/bradyjeong/Documents/Projects/Amp/gta4/gta_game/gameplay_sim#0.1.0","manifest_path":"/Users/bradyjeong/Documents/Projects/Amp/gta4/gta_game/gameplay_sim/Cargo.toml","target":{"kind":["lib"],"crate_types":["lib"],"name":"gameplay_sim","src_path":"/Users/bradyjeong/Documents/Projects/Amp/gta4/gta_game/gameplay_sim/src/lib.rs","edition":"2021","doc":true,"doctest":true,"test":true},"message":{"rendered":"warning: function `handle_launch_control` is never used\n  --> gameplay_sim/src/movement/supercar_input.rs:51:4\n   |\n51 | fn handle_launch_control(supercar: &mut SuperCar, control_manager: &ControlManager) {\n   |    ^^^^^^^^^^^^^^^^^^^^^\n\n","$message_type":"diagnostic","children":[],"code":{"code":"dead_code","explanation":null},"level":"warning","message":"function `handle_launch_control` is never used","spans":[{"byte_end":2199,"byte_start":2178,"column_end":25,"column_start":4,"expansion":null,"file_name":"gameplay_sim/src/movement/supercar_input.rs","is_primary":true,"label":null,"line_end":51,"line_start":51,"suggested_replacement":null,"suggestion_applicability":null,"text":[{"highlight_end":25,"highlight_start":4,"text":"fn handle_launch_control(supercar: &mut SuperCar, control_manager: &ControlManager) {"}]}]}}
{"reason":"compiler-message","package_id":"path+file:///Users/bradyjeong/Documents/Projects/Amp/gta4/gta_game/gameplay_sim#0.1.0","manifest_path":"/Users/bradyjeong/Documents/Projects/Amp/gta4/gta_game/gameplay_sim/Cargo.toml","target":{"kind":["lib"],"crate_types":["lib"],"name":"gameplay_sim","src_path":"/Users/bradyjeong/Documents/Projects/Amp/gta4/gta_game/gameplay_sim/src/lib.rs","edition":"2021","doc":true,"doctest":true,"test":true},"message":{"rendered":"warning: function `supercar_physics_system` is never used\n  --> gameplay_sim/src/movement/supercar_physics.rs:22:8\n   |\n22 | pub fn supercar_physics_system(\n   |        ^^^^^^^^^^^^^^^^^^^^^^^\n\n","$message_type":"diagnostic","children":[],"code":{"code":"dead_code","explanation":null},"level":"warning","message":"function `supercar_physics_system` is never used","spans":[{"byte_end":1041,"byte_start":1018,"column_end":31,"column_start":8,"expansion":null,"file_name":"gameplay_sim/src/movement/supercar_physics.rs","is_primary":true,"label":null,"line_end":22,"line_start":22,"suggested_replacement":null,"suggestion_applicability":null,"text":[{"highlight_end":31,"highlight_start":8,"text":"pub fn supercar_physics_system("}]}]}}
{"reason":"compiler-message","package_id":"path+file:///Users/bradyjeong/Documents/Projects/Amp/gta4/gta_game/gameplay_sim#0.1.0","manifest_path":"/Users/bradyjeong/Documents/Projects/Amp/gta4/gta_game/gameplay_sim/Cargo.toml","target":{"kind":["lib"],"crate_types":["lib"],"name":"gameplay_sim","src_path":"/Users/bradyjeong/Documents/Projects/Amp/gta4/gta_game/gameplay_sim/src/lib.rs","edition":"2021","doc":true,"doctest":true,"test":true},"message":{"rendered":"warning: function `update_gear_and_rpm` is never used\n   --> gameplay_sim/src/movement/supercar_physics.rs:142:4\n    |\n142 | fn update_gear_and_rpm(supercar: &mut SuperCar, current_speed_mph: f32, dt: f32) {\n    |    ^^^^^^^^^^^^^^^^^^^\n\n","$message_type":"diagnostic","children":[],"code":{"code":"dead_code","explanation":null},"level":"warning","message":"function `update_gear_and_rpm` is never used","spans":[{"byte_end":6292,"byte_start":6273,"column_end":23,"column_start":4,"expansion":null,"file_name":"gameplay_sim/src/movement/supercar_physics.rs","is_primary":true,"label":null,"line_end":142,"line_start":142,"suggested_replacement":null,"suggestion_applicability":null,"text":[{"highlight_end":23,"highlight_start":4,"text":"fn update_gear_and_rpm(supercar: &mut SuperCar, current_speed_mph: f32, dt: f32) {"}]}]}}
{"reason":"compiler-message","package_id":"path+file:///Users/bradyjeong/Documents/Projects/Amp/gta4/gta_game/gameplay_sim#0.1.0","manifest_path":"/Users/bradyjeong/Documents/Projects/Amp/gta4/gta_game/gameplay_sim/Cargo.toml","target":{"kind":["lib"],"crate_types":["lib"],"name":"gameplay_sim","src_path":"/Users/bradyjeong/Documents/Projects/Amp/gta4/gta_game/gameplay_sim/src/lib.rs","edition":"2021","doc":true,"doctest":true,"test":true},"message":{"rendered":"warning: function `update_advanced_turbo_system` is never used\n   --> gameplay_sim/src/movement/supercar_physics.rs:163:4\n    |\n163 | fn update_advanced_turbo_system(supercar: &mut SuperCar, dt: f32, turbo_requested: bool, current_speed_mph: f32) {\n    |    ^^^^^^^^^^^^^^^^^^^^^^^^^^^^\n\n","$message_type":"diagnostic","children":[],"code":{"code":"dead_code","explanation":null},"level":"warning","message":"function `update_advanced_turbo_system` is never used","spans":[{"byte_end":7328,"byte_start":7300,"column_end":32,"column_start":4,"expansion":null,"file_name":"gameplay_sim/src/movement/supercar_physics.rs","is_primary":true,"label":null,"line_end":163,"line_start":163,"suggested_replacement":null,"suggestion_applicability":null,"text":[{"highlight_end":32,"highlight_start":4,"text":"fn update_advanced_turbo_system(supercar: &mut SuperCar, dt: f32, turbo_requested: bool, current_speed_mph: f32) {"}]}]}}
{"reason":"compiler-message","package_id":"path+file:///Users/bradyjeong/Documents/Projects/Amp/gta4/gta_game/gameplay_sim#0.1.0","manifest_path":"/Users/bradyjeong/Documents/Projects/Amp/gta4/gta_game/gameplay_sim/Cargo.toml","target":{"kind":["lib"],"crate_types":["lib"],"name":"gameplay_sim","src_path":"/Users/bradyjeong/Documents/Projects/Amp/gta4/gta_game/gameplay_sim/src/lib.rs","edition":"2021","doc":true,"doctest":true,"test":true},"message":{"rendered":"warning: function `update_enhanced_traction_control` is never used\n   --> gameplay_sim/src/movement/supercar_physics.rs:209:4\n    |\n209 | fn update_enhanced_traction_control(supercar: &mut SuperCar, current_speed_mph: f32, dt: f32) {\n    |    ^^^^^^^^^^^^^^^^^^^^^^^^^^^^^^^^\n\n","$message_type":"diagnostic","children":[],"code":{"code":"dead_code","explanation":null},"level":"warning","message":"function `update_enhanced_traction_control` is never used","spans":[{"byte_end":9263,"byte_start":9231,"column_end":36,"column_start":4,"expansion":null,"file_name":"gameplay_sim/src/movement/supercar_physics.rs","is_primary":true,"label":null,"line_end":209,"line_start":209,"suggested_replacement":null,"suggestion_applicability":null,"text":[{"highlight_end":36,"highlight_start":4,"text":"fn update_enhanced_traction_control(supercar: &mut SuperCar, current_speed_mph: f32, dt: f32) {"}]}]}}
{"reason":"compiler-message","package_id":"path+file:///Users/bradyjeong/Documents/Projects/Amp/gta4/gta_game/gameplay_sim#0.1.0","manifest_path":"/Users/bradyjeong/Documents/Projects/Amp/gta4/gta_game/gameplay_sim/Cargo.toml","target":{"kind":["lib"],"crate_types":["lib"],"name":"gameplay_sim","src_path":"/Users/bradyjeong/Documents/Projects/Amp/gta4/gta_game/gameplay_sim/src/lib.rs","edition":"2021","doc":true,"doctest":true,"test":true},"message":{"rendered":"warning: function `update_active_aerodynamics` is never used\n   --> gameplay_sim/src/movement/supercar_physics.rs:240:4\n    |\n240 | fn update_active_aerodynamics(supercar: &mut SuperCar, current_speed_mph: f32, dt: f32) {\n    |    ^^^^^^^^^^^^^^^^^^^^^^^^^^\n\n","$message_type":"diagnostic","children":[],"code":{"code":"dead_code","explanation":null},"level":"warning","message":"function `update_active_aerodynamics` is never used","spans":[{"byte_end":10626,"byte_start":10600,"column_end":30,"column_start":4,"expansion":null,"file_name":"gameplay_sim/src/movement/supercar_physics.rs","is_primary":true,"label":null,"line_end":240,"line_start":240,"suggested_replacement":null,"suggestion_applicability":null,"text":[{"highlight_end":30,"highlight_start":4,"text":"fn update_active_aerodynamics(supercar: &mut SuperCar, current_speed_mph: f32, dt: f32) {"}]}]}}
{"reason":"compiler-message","package_id":"path+file:///Users/bradyjeong/Documents/Projects/Amp/gta4/gta_game/gameplay_sim#0.1.0","manifest_path":"/Users/bradyjeong/Documents/Projects/Amp/gta4/gta_game/gameplay_sim/Cargo.toml","target":{"kind":["lib"],"crate_types":["lib"],"name":"gameplay_sim","src_path":"/Users/bradyjeong/Documents/Projects/Amp/gta4/gta_game/gameplay_sim/src/lib.rs","edition":"2021","doc":true,"doctest":true,"test":true},"message":{"rendered":"warning: function `calculate_performance_metrics` is never used\n   --> gameplay_sim/src/movement/supercar_physics.rs:264:4\n    |\n264 | fn calculate_performance_metrics(supercar: &mut SuperCar, velocity: &Velocity, dt: f32) {\n    |    ^^^^^^^^^^^^^^^^^^^^^^^^^^^^^\n\n","$message_type":"diagnostic","children":[],"code":{"code":"dead_code","explanation":null},"level":"warning","message":"function `calculate_performance_metrics` is never used","spans":[{"byte_end":11654,"byte_start":11625,"column_end":33,"column_start":4,"expansion":null,"file_name":"gameplay_sim/src/movement/supercar_physics.rs","is_primary":true,"label":null,"line_end":264,"line_start":264,"suggested_replacement":null,"suggestion_applicability":null,"text":[{"highlight_end":33,"highlight_start":4,"text":"fn calculate_performance_metrics(supercar: &mut SuperCar, velocity: &Velocity, dt: f32) {"}]}]}}
{"reason":"compiler-message","package_id":"path+file:///Users/bradyjeong/Documents/Projects/Amp/gta4/gta_game/gameplay_sim#0.1.0","manifest_path":"/Users/bradyjeong/Documents/Projects/Amp/gta4/gta_game/gameplay_sim/Cargo.toml","target":{"kind":["lib"],"crate_types":["lib"],"name":"gameplay_sim","src_path":"/Users/bradyjeong/Documents/Projects/Amp/gta4/gta_game/gameplay_sim/src/lib.rs","edition":"2021","doc":true,"doctest":true,"test":true},"message":{"rendered":"warning: function `calculate_enhanced_power_curve` is never used\n   --> gameplay_sim/src/movement/supercar_physics.rs:280:4\n    |\n280 | fn calculate_enhanced_power_curve(supercar: &SuperCar) -> f32 {\n    |    ^^^^^^^^^^^^^^^^^^^^^^^^^^^^^^\n\n","$message_type":"diagnostic","children":[],"code":{"code":"dead_code","explanation":null},"level":"warning","message":"function `calculate_enhanced_power_curve` is never used","spans":[{"byte_end":12237,"byte_start":12207,"column_end":34,"column_start":4,"expansion":null,"file_name":"gameplay_sim/src/movement/supercar_physics.rs","is_primary":true,"label":null,"line_end":280,"line_start":280,"suggested_replacement":null,"suggestion_applicability":null,"text":[{"highlight_end":34,"highlight_start":4,"text":"fn calculate_enhanced_power_curve(supercar: &SuperCar) -> f32 {"}]}]}}
{"reason":"compiler-message","package_id":"path+file:///Users/bradyjeong/Documents/Projects/Amp/gta4/gta_game/gameplay_sim#0.1.0","manifest_path":"/Users/bradyjeong/Documents/Projects/Amp/gta4/gta_game/gameplay_sim/Cargo.toml","target":{"kind":["lib"],"crate_types":["lib"],"name":"gameplay_sim","src_path":"/Users/bradyjeong/Documents/Projects/Amp/gta4/gta_game/gameplay_sim/src/lib.rs","edition":"2021","doc":true,"doctest":true,"test":true},"message":{"rendered":"warning: function `calculate_turbo_multiplier` is never used\n   --> gameplay_sim/src/movement/supercar_physics.rs:296:4\n    |\n296 | fn calculate_turbo_multiplier(supercar: &SuperCar) -> f32 {\n    |    ^^^^^^^^^^^^^^^^^^^^^^^^^^\n\n","$message_type":"diagnostic","children":[],"code":{"code":"dead_code","explanation":null},"level":"warning","message":"function `calculate_turbo_multiplier` is never used","spans":[{"byte_end":13060,"byte_start":13034,"column_end":30,"column_start":4,"expansion":null,"file_name":"gameplay_sim/src/movement/supercar_physics.rs","is_primary":true,"label":null,"line_end":296,"line_start":296,"suggested_replacement":null,"suggestion_applicability":null,"text":[{"highlight_end":30,"highlight_start":4,"text":"fn calculate_turbo_multiplier(supercar: &SuperCar) -> f32 {"}]}]}}
{"reason":"compiler-message","package_id":"path+file:///Users/bradyjeong/Documents/Projects/Amp/gta4/gta_game/gameplay_sim#0.1.0","manifest_path":"/Users/bradyjeong/Documents/Projects/Amp/gta4/gta_game/gameplay_sim/Cargo.toml","target":{"kind":["lib"],"crate_types":["lib"],"name":"gameplay_sim","src_path":"/Users/bradyjeong/Documents/Projects/Amp/gta4/gta_game/gameplay_sim/src/lib.rs","edition":"2021","doc":true,"doctest":true,"test":true},"message":{"rendered":"warning: function `get_driving_mode_multiplier` is never used\n   --> gameplay_sim/src/movement/supercar_physics.rs:305:4\n    |\n305 | fn get_driving_mode_multiplier(supercar: &SuperCar) -> f32 {\n    |    ^^^^^^^^^^^^^^^^^^^^^^^^^^^\n\n","$message_type":"diagnostic","children":[],"code":{"code":"dead_code","explanation":null},"level":"warning","message":"function `get_driving_mode_multiplier` is never used","spans":[{"byte_end":13329,"byte_start":13302,"column_end":31,"column_start":4,"expansion":null,"file_name":"gameplay_sim/src/movement/supercar_physics.rs","is_primary":true,"label":null,"line_end":305,"line_start":305,"suggested_replacement":null,"suggestion_applicability":null,"text":[{"highlight_end":31,"highlight_start":4,"text":"fn get_driving_mode_multiplier(supercar: &SuperCar) -> f32 {"}]}]}}
{"reason":"compiler-message","package_id":"path+file:///Users/bradyjeong/Documents/Projects/Amp/gta4/gta_game/gameplay_sim#0.1.0","manifest_path":"/Users/bradyjeong/Documents/Projects/Amp/gta4/gta_game/gameplay_sim/Cargo.toml","target":{"kind":["lib"],"crate_types":["lib"],"name":"gameplay_sim","src_path":"/Users/bradyjeong/Documents/Projects/Amp/gta4/gta_game/gameplay_sim/src/lib.rs","edition":"2021","doc":true,"doctest":true,"test":true},"message":{"rendered":"warning: function `calculate_acceleration_force` is never used\n   --> gameplay_sim/src/movement/supercar_physics.rs:314:4\n    |\n314 | fn calculate_acceleration_force(supercar: &SuperCar, effective_power: f32, current_speed_ms: f32) -> f32 {\n    |    ^^^^^^^^^^^^^^^^^^^^^^^^^^^^\n\n","$message_type":"diagnostic","children":[],"code":{"code":"dead_code","explanation":null},"level":"warning","message":"function `calculate_acceleration_force` is never used","spans":[{"byte_end":13681,"byte_start":13653,"column_end":32,"column_start":4,"expansion":null,"file_name":"gameplay_sim/src/movement/supercar_physics.rs","is_primary":true,"label":null,"line_end":314,"line_start":314,"suggested_replacement":null,"suggestion_applicability":null,"text":[{"highlight_end":32,"highlight_start":4,"text":"fn calculate_acceleration_force(supercar: &SuperCar, effective_power: f32, current_speed_ms: f32) -> f32 {"}]}]}}
{"reason":"compiler-message","package_id":"path+file:///Users/bradyjeong/Documents/Projects/Amp/gta4/gta_game/gameplay_sim#0.1.0","manifest_path":"/Users/bradyjeong/Documents/Projects/Amp/gta4/gta_game/gameplay_sim/Cargo.toml","target":{"kind":["lib"],"crate_types":["lib"],"name":"gameplay_sim","src_path":"/Users/bradyjeong/Documents/Projects/Amp/gta4/gta_game/gameplay_sim/src/lib.rs","edition":"2021","doc":true,"doctest":true,"test":true},"message":{"rendered":"warning: function `calculate_aerodynamic_drag` is never used\n   --> gameplay_sim/src/movement/supercar_physics.rs:326:4\n    |\n326 | fn calculate_aerodynamic_drag(supercar: &SuperCar, current_speed_ms: f32) -> f32 {\n    |    ^^^^^^^^^^^^^^^^^^^^^^^^^^\n\n","$message_type":"diagnostic","children":[],"code":{"code":"dead_code","explanation":null},"level":"warning","message":"function `calculate_aerodynamic_drag` is never used","spans":[{"byte_end":14127,"byte_start":14101,"column_end":30,"column_start":4,"expansion":null,"file_name":"gameplay_sim/src/movement/supercar_physics.rs","is_primary":true,"label":null,"line_end":326,"line_start":326,"suggested_replacement":null,"suggestion_applicability":null,"text":[{"highlight_end":30,"highlight_start":4,"text":"fn calculate_aerodynamic_drag(supercar: &SuperCar, current_speed_ms: f32) -> f32 {"}]}]}}
{"reason":"compiler-message","package_id":"path+file:///Users/bradyjeong/Documents/Projects/Amp/gta4/gta_game/gameplay_sim#0.1.0","manifest_path":"/Users/bradyjeong/Documents/Projects/Amp/gta4/gta_game/gameplay_sim/Cargo.toml","target":{"kind":["lib"],"crate_types":["lib"],"name":"gameplay_sim","src_path":"/Users/bradyjeong/Documents/Projects/Amp/gta4/gta_game/gameplay_sim/src/lib.rs","edition":"2021","doc":true,"doctest":true,"test":true},"message":{"rendered":"warning: function `calculate_braking_force` is never used\n   --> gameplay_sim/src/movement/supercar_physics.rs:337:4\n    |\n337 | fn calculate_braking_force(supercar: &SuperCar, brake_value: f32, current_speed_mph: f32) -> f32 {\n    |    ^^^^^^^^^^^^^^^^^^^^^^^\n\n","$message_type":"diagnostic","children":[],"code":{"code":"dead_code","explanation":null},"level":"warning","message":"function `calculate_braking_force` is never used","spans":[{"byte_end":14627,"byte_start":14604,"column_end":27,"column_start":4,"expansion":null,"file_name":"gameplay_sim/src/movement/supercar_physics.rs","is_primary":true,"label":null,"line_end":337,"line_start":337,"suggested_replacement":null,"suggestion_applicability":null,"text":[{"highlight_end":27,"highlight_start":4,"text":"fn calculate_braking_force(supercar: &SuperCar, brake_value: f32, current_speed_mph: f32) -> f32 {"}]}]}}
{"reason":"compiler-message","package_id":"path+file:///Users/bradyjeong/Documents/Projects/Amp/gta4/gta_game/gameplay_sim#0.1.0","manifest_path":"/Users/bradyjeong/Documents/Projects/Amp/gta4/gta_game/gameplay_sim/Cargo.toml","target":{"kind":["lib"],"crate_types":["lib"],"name":"gameplay_sim","src_path":"/Users/bradyjeong/Documents/Projects/Amp/gta4/gta_game/gameplay_sim/src/lib.rs","edition":"2021","doc":true,"doctest":true,"test":true},"message":{"rendered":"warning: function `calculate_natural_deceleration` is never used\n   --> gameplay_sim/src/movement/supercar_physics.rs:351:4\n    |\n351 | fn calculate_natural_deceleration(supercar: &SuperCar, _current_speed_ms: f32) -> f32 {\n    |    ^^^^^^^^^^^^^^^^^^^^^^^^^^^^^^\n\n","$message_type":"diagnostic","children":[],"code":{"code":"dead_code","explanation":null},"level":"warning","message":"function `calculate_natural_deceleration` is never used","spans":[{"byte_end":15143,"byte_start":15113,"column_end":34,"column_start":4,"expansion":null,"file_name":"gameplay_sim/src/movement/supercar_physics.rs","is_primary":true,"label":null,"line_end":351,"line_start":351,"suggested_replacement":null,"suggestion_applicability":null,"text":[{"highlight_end":34,"highlight_start":4,"text":"fn calculate_natural_deceleration(supercar: &SuperCar, _current_speed_ms: f32) -> f32 {"}]}]}}
{"reason":"compiler-message","package_id":"path+file:///Users/bradyjeong/Documents/Projects/Amp/gta4/gta_game/gameplay_sim#0.1.0","manifest_path":"/Users/bradyjeong/Documents/Projects/Amp/gta4/gta_game/gameplay_sim/Cargo.toml","target":{"kind":["lib"],"crate_types":["lib"],"name":"gameplay_sim","src_path":"/Users/bradyjeong/Documents/Projects/Amp/gta4/gta_game/gameplay_sim/src/lib.rs","edition":"2021","doc":true,"doctest":true,"test":true},"message":{"rendered":"warning: function `calculate_hypercar_steering` is never used\n   --> gameplay_sim/src/movement/supercar_physics.rs:361:4\n    |\n361 | fn calculate_hypercar_steering(supercar: &SuperCar, steering_input: f32, current_speed_mph: f32) -> Vec3 {\n    |    ^^^^^^^^^^^^^^^^^^^^^^^^^^^\n\n","$message_type":"diagnostic","children":[],"code":{"code":"dead_code","explanation":null},"level":"warning","message":"function `calculate_hypercar_steering` is never used","spans":[{"byte_end":15496,"byte_start":15469,"column_end":31,"column_start":4,"expansion":null,"file_name":"gameplay_sim/src/movement/supercar_physics.rs","is_primary":true,"label":null,"line_end":361,"line_start":361,"suggested_replacement":null,"suggestion_applicability":null,"text":[{"highlight_end":31,"highlight_start":4,"text":"fn calculate_hypercar_steering(supercar: &SuperCar, steering_input: f32, current_speed_mph: f32) -> Vec3 {"}]}]}}
{"reason":"compiler-message","package_id":"path+file:///Users/bradyjeong/Documents/Projects/Amp/gta4/gta_game/gameplay_sim#0.1.0","manifest_path":"/Users/bradyjeong/Documents/Projects/Amp/gta4/gta_game/gameplay_sim/Cargo.toml","target":{"kind":["lib"],"crate_types":["lib"],"name":"gameplay_sim","src_path":"/Users/bradyjeong/Documents/Projects/Amp/gta4/gta_game/gameplay_sim/src/lib.rs","edition":"2021","doc":true,"doctest":true,"test":true},"message":{"rendered":"warning: function `apply_suspension_damping` is never used\n   --> gameplay_sim/src/movement/supercar_physics.rs:400:4\n    |\n400 | fn apply_suspension_damping(supercar: &SuperCar, velocity_change: Vec3, dt: f32) -> Vec3 {\n    |    ^^^^^^^^^^^^^^^^^^^^^^^^\n\n","$message_type":"diagnostic","children":[],"code":{"code":"dead_code","explanation":null},"level":"warning","message":"function `apply_suspension_damping` is never used","spans":[{"byte_end":17176,"byte_start":17152,"column_end":28,"column_start":4,"expansion":null,"file_name":"gameplay_sim/src/movement/supercar_physics.rs","is_primary":true,"label":null,"line_end":400,"line_start":400,"suggested_replacement":null,"suggestion_applicability":null,"text":[{"highlight_end":28,"highlight_start":4,"text":"fn apply_suspension_damping(supercar: &SuperCar, velocity_change: Vec3, dt: f32) -> Vec3 {"}]}]}}
{"reason":"compiler-message","package_id":"path+file:///Users/bradyjeong/Documents/Projects/Amp/gta4/gta_game/gameplay_sim#0.1.0","manifest_path":"/Users/bradyjeong/Documents/Projects/Amp/gta4/gta_game/gameplay_sim/Cargo.toml","target":{"kind":["lib"],"crate_types":["lib"],"name":"gameplay_sim","src_path":"/Users/bradyjeong/Documents/Projects/Amp/gta4/gta_game/gameplay_sim/src/lib.rs","edition":"2021","doc":true,"doctest":true,"test":true},"message":{"rendered":"warning: function `update_engine_protection` is never used\n   --> gameplay_sim/src/movement/supercar_physics.rs:412:4\n    |\n412 | fn update_engine_protection(supercar: &mut SuperCar, dt: f32, _current_speed_mph: f32) {\n    |    ^^^^^^^^^^^^^^^^^^^^^^^^\n\n","$message_type":"diagnostic","children":[],"code":{"code":"dead_code","explanation":null},"level":"warning","message":"function `update_engine_protection` is never used","spans":[{"byte_end":17777,"byte_start":17753,"column_end":28,"column_start":4,"expansion":null,"file_name":"gameplay_sim/src/movement/supercar_physics.rs","is_primary":true,"label":null,"line_end":412,"line_start":412,"suggested_replacement":null,"suggestion_applicability":null,"text":[{"highlight_end":28,"highlight_start":4,"text":"fn update_engine_protection(supercar: &mut SuperCar, dt: f32, _current_speed_mph: f32) {"}]}]}}
{"reason":"compiler-message","package_id":"path+file:///Users/bradyjeong/Documents/Projects/Amp/gta4/gta_game/gameplay_sim#0.1.0","manifest_path":"/Users/bradyjeong/Documents/Projects/Amp/gta4/gta_game/gameplay_sim/Cargo.toml","target":{"kind":["lib"],"crate_types":["lib"],"name":"gameplay_sim","src_path":"/Users/bradyjeong/Documents/Projects/Amp/gta4/gta_game/gameplay_sim/src/lib.rs","edition":"2021","doc":true,"doctest":true,"test":true},"message":{"rendered":"warning: fields `flames`, `available_flames`, and `max_flames` are never read\n  --> gameplay_sim/src/movement/supercar_effects.rs:19:9\n   |\n18 | pub struct ExhaustFlamePool {\n   |            ---------------- fields in this struct\n19 |     pub flames: Vec<Entity>,\n   |         ^^^^^^\n20 |     pub available_flames: Vec<Entity>,\n   |         ^^^^^^^^^^^^^^^^\n21 |     pub max_flames: usize,\n   |         ^^^^^^^^^^\n\n","$message_type":"diagnostic","children":[],"code":{"code":"dead_code","explanation":null},"level":"warning","message":"fields `flames`, `available_flames`, and `max_flames` are never read","spans":[{"byte_end":861,"byte_start":845,"column_end":28,"column_start":12,"expansion":null,"file_name":"gameplay_sim/src/movement/supercar_effects.rs","is_primary":false,"label":"fields in this struct","line_end":18,"line_start":18,"suggested_replacement":null,"suggestion_applicability":null,"text":[{"highlight_end":28,"highlight_start":12,"text":"pub struct ExhaustFlamePool {"}]},{"byte_end":878,"byte_start":872,"column_end":15,"column_start":9,"expansion":null,"file_name":"gameplay_sim/src/movement/supercar_effects.rs","is_primary":true,"label":null,"line_end":19,"line_start":19,"suggested_replacement":null,"suggestion_applicability":null,"text":[{"highlight_end":15,"highlight_start":9,"text":"    pub flames: Vec<Entity>,"}]},{"byte_end":917,"byte_start":901,"column_end":25,"column_start":9,"expansion":null,"file_name":"gameplay_sim/src/movement/supercar_effects.rs","is_primary":true,"label":null,"line_end":20,"line_start":20,"suggested_replacement":null,"suggestion_applicability":null,"text":[{"highlight_end":25,"highlight_start":9,"text":"    pub available_flames: Vec<Entity>,"}]},{"byte_end":950,"byte_start":940,"column_end":19,"column_start":9,"expansion":null,"file_name":"gameplay_sim/src/movement/supercar_effects.rs","is_primary":true,"label":null,"line_end":21,"line_start":21,"suggested_replacement":null,"suggestion_applicability":null,"text":[{"highlight_end":19,"highlight_start":9,"text":"    pub max_flames: usize,"}]}]}}
{"reason":"compiler-message","package_id":"path+file:///Users/bradyjeong/Documents/Projects/Amp/gta4/gta_game/gameplay_sim#0.1.0","manifest_path":"/Users/bradyjeong/Documents/Projects/Amp/gta4/gta_game/gameplay_sim/Cargo.toml","target":{"kind":["lib"],"crate_types":["lib"],"name":"gameplay_sim","src_path":"/Users/bradyjeong/Documents/Projects/Amp/gta4/gta_game/gameplay_sim/src/lib.rs","edition":"2021","doc":true,"doctest":true,"test":true},"message":{"rendered":"warning: function `initialize_exhaust_pool_system` is never used\n  --> gameplay_sim/src/movement/supercar_effects.rs:35:8\n   |\n35 | pub fn initialize_exhaust_pool_system(\n   |        ^^^^^^^^^^^^^^^^^^^^^^^^^^^^^^\n\n","$message_type":"diagnostic","children":[],"code":{"code":"dead_code","explanation":null},"level":"warning","message":"function `initialize_exhaust_pool_system` is never used","spans":[{"byte_end":1270,"byte_start":1240,"column_end":38,"column_start":8,"expansion":null,"file_name":"gameplay_sim/src/movement/supercar_effects.rs","is_primary":true,"label":null,"line_end":35,"line_start":35,"suggested_replacement":null,"suggestion_applicability":null,"text":[{"highlight_end":38,"highlight_start":8,"text":"pub fn initialize_exhaust_pool_system("}]}]}}
{"reason":"compiler-message","package_id":"path+file:///Users/bradyjeong/Documents/Projects/Amp/gta4/gta_game/gameplay_sim#0.1.0","manifest_path":"/Users/bradyjeong/Documents/Projects/Amp/gta4/gta_game/gameplay_sim/Cargo.toml","target":{"kind":["lib"],"crate_types":["lib"],"name":"gameplay_sim","src_path":"/Users/bradyjeong/Documents/Projects/Amp/gta4/gta_game/gameplay_sim/src/lib.rs","edition":"2021","doc":true,"doctest":true,"test":true},"message":{"rendered":"warning: function `supercar_effects_system` is never used\n  --> gameplay_sim/src/movement/supercar_effects.rs:62:8\n   |\n62 | pub fn supercar_effects_system(\n   |        ^^^^^^^^^^^^^^^^^^^^^^^\n\n","$message_type":"diagnostic","children":[],"code":{"code":"dead_code","explanation":null},"level":"warning","message":"function `supercar_effects_system` is never used","spans":[{"byte_end":2245,"byte_start":2222,"column_end":31,"column_start":8,"expansion":null,"file_name":"gameplay_sim/src/movement/supercar_effects.rs","is_primary":true,"label":null,"line_end":62,"line_start":62,"suggested_replacement":null,"suggestion_applicability":null,"text":[{"highlight_end":31,"highlight_start":8,"text":"pub fn supercar_effects_system("}]}]}}
{"reason":"compiler-message","package_id":"path+file:///Users/bradyjeong/Documents/Projects/Amp/gta4/gta_game/gameplay_sim#0.1.0","manifest_path":"/Users/bradyjeong/Documents/Projects/Amp/gta4/gta_game/gameplay_sim/Cargo.toml","target":{"kind":["lib"],"crate_types":["lib"],"name":"gameplay_sim","src_path":"/Users/bradyjeong/Documents/Projects/Amp/gta4/gta_game/gameplay_sim/src/lib.rs","edition":"2021","doc":true,"doctest":true,"test":true},"message":{"rendered":"warning: function `exhaust_flame_cleanup_system` is never used\n   --> gameplay_sim/src/movement/supercar_effects.rs:162:8\n    |\n162 | pub fn exhaust_flame_cleanup_system(\n    |        ^^^^^^^^^^^^^^^^^^^^^^^^^^^^\n\n","$message_type":"diagnostic","children":[],"code":{"code":"dead_code","explanation":null},"level":"warning","message":"function `exhaust_flame_cleanup_system` is never used","spans":[{"byte_end":7115,"byte_start":7087,"column_end":36,"column_start":8,"expansion":null,"file_name":"gameplay_sim/src/movement/supercar_effects.rs","is_primary":true,"label":null,"line_end":162,"line_start":162,"suggested_replacement":null,"suggestion_applicability":null,"text":[{"highlight_end":36,"highlight_start":8,"text":"pub fn exhaust_flame_cleanup_system("}]}]}}
{"reason":"compiler-message","package_id":"path+file:///Users/bradyjeong/Documents/Projects/Amp/gta4/gta_game/gameplay_sim#0.1.0","manifest_path":"/Users/bradyjeong/Documents/Projects/Amp/gta4/gta_game/gameplay_sim/Cargo.toml","target":{"kind":["lib"],"crate_types":["lib"],"name":"gameplay_sim","src_path":"/Users/bradyjeong/Documents/Projects/Amp/gta4/gta_game/gameplay_sim/src/lib.rs","edition":"2021","doc":true,"doctest":true,"test":true},"message":{"rendered":"warning: variants `Input`, `Physics`, `Audio`, `Effects`, and `Performance` are never constructed\n  --> gameplay_sim/src/movement/vehicle_sets.rs:18:5\n   |\n16 | pub enum VehicleSet {\n   |          ---------- variants in this enum\n17 |     /// Input handling systems (read controls, convert to component data)\n18 |     Input,\n   |     ^^^^^\n19 |     /// Physics systems (apply forces, handle suspension, aerodynamics)\n20 |     Physics,\n   |     ^^^^^^^\n21 |     /// Audio systems (engine sounds, effects)\n22 |     Audio,\n   |     ^^^^^\n23 |     /// Visual effects systems (particles, lighting)\n24 |     Effects,\n   |     ^^^^^^^\n25 |     /// Performance monitoring and metrics\n26 |     Performance,\n   |     ^^^^^^^^^^^\n   |\n   = note: `VehicleSet` has derived impls for the traits `Clone` and `Debug`, but these are intentionally ignored during dead code analysis\n\n","$message_type":"diagnostic","children":[{"children":[],"code":null,"level":"note","message":"`VehicleSet` has derived impls for the traits `Clone` and `Debug`, but these are intentionally ignored during dead code analysis","rendered":null,"spans":[]}],"code":{"code":"dead_code","explanation":null},"level":"warning","message":"variants `Input`, `Physics`, `Audio`, `Effects`, and `Performance` are never constructed","spans":[{"byte_end":687,"byte_start":677,"column_end":20,"column_start":10,"expansion":null,"file_name":"gameplay_sim/src/movement/vehicle_sets.rs","is_primary":false,"label":"variants in this enum","line_end":16,"line_start":16,"suggested_replacement":null,"suggestion_applicability":null,"text":[{"highlight_end":20,"highlight_start":10,"text":"pub enum VehicleSet {"}]},{"byte_end":773,"byte_start":768,"column_end":10,"column_start":5,"expansion":null,"file_name":"gameplay_sim/src/movement/vehicle_sets.rs","is_primary":true,"label":null,"line_end":18,"line_start":18,"suggested_replacement":null,"suggestion_applicability":null,"text":[{"highlight_end":10,"highlight_start":5,"text":"    Input,"}]},{"byte_end":858,"byte_start":851,"column_end":12,"column_start":5,"expansion":null,"file_name":"gameplay_sim/src/movement/vehicle_sets.rs","is_primary":true,"label":null,"line_end":20,"line_start":20,"suggested_replacement":null,"suggestion_applicability":null,"text":[{"highlight_end":12,"highlight_start":5,"text":"    Physics,"}]},{"byte_end":916,"byte_start":911,"column_end":10,"column_start":5,"expansion":null,"file_name":"gameplay_sim/src/movement/vehicle_sets.rs","is_primary":true,"label":null,"line_end":22,"line_start":22,"suggested_replacement":null,"suggestion_applicability":null,"text":[{"highlight_end":10,"highlight_start":5,"text":"    Audio,"}]},{"byte_end":982,"byte_start":975,"column_end":12,"column_start":5,"expansion":null,"file_name":"gameplay_sim/src/movement/vehicle_sets.rs","is_primary":true,"label":null,"line_end":24,"line_start":24,"suggested_replacement":null,"suggestion_applicability":null,"text":[{"highlight_end":12,"highlight_start":5,"text":"    Effects,"}]},{"byte_end":1042,"byte_start":1031,"column_end":16,"column_start":5,"expansion":null,"file_name":"gameplay_sim/src/movement/vehicle_sets.rs","is_primary":true,"label":null,"line_end":26,"line_start":26,"suggested_replacement":null,"suggestion_applicability":null,"text":[{"highlight_end":16,"highlight_start":5,"text":"    Performance,"}]}]}}
{"reason":"compiler-message","package_id":"path+file:///Users/bradyjeong/Documents/Projects/Amp/gta4/gta_game/gameplay_sim#0.1.0","manifest_path":"/Users/bradyjeong/Documents/Projects/Amp/gta4/gta_game/gameplay_sim/Cargo.toml","target":{"kind":["lib"],"crate_types":["lib"],"name":"gameplay_sim","src_path":"/Users/bradyjeong/Documents/Projects/Amp/gta4/gta_game/gameplay_sim/src/lib.rs","edition":"2021","doc":true,"doctest":true,"test":true},"message":{"rendered":"warning: function `configure_vehicle_system_sets` is never used\n  --> gameplay_sim/src/movement/vehicle_sets.rs:30:8\n   |\n30 | pub fn configure_vehicle_system_sets(app: &mut App) {\n   |        ^^^^^^^^^^^^^^^^^^^^^^^^^^^^^\n\n","$message_type":"diagnostic","children":[],"code":{"code":"dead_code","explanation":null},"level":"warning","message":"function `configure_vehicle_system_sets` is never used","spans":[{"byte_end":1128,"byte_start":1099,"column_end":37,"column_start":8,"expansion":null,"file_name":"gameplay_sim/src/movement/vehicle_sets.rs","is_primary":true,"label":null,"line_end":30,"line_start":30,"suggested_replacement":null,"suggestion_applicability":null,"text":[{"highlight_end":37,"highlight_start":8,"text":"pub fn configure_vehicle_system_sets(app: &mut App) {"}]}]}}
{"reason":"compiler-message","package_id":"path+file:///Users/bradyjeong/Documents/Projects/Amp/gta4/gta_game/gameplay_sim#0.1.0","manifest_path":"/Users/bradyjeong/Documents/Projects/Amp/gta4/gta_game/gameplay_sim/Cargo.toml","target":{"kind":["lib"],"crate_types":["lib"],"name":"gameplay_sim","src_path":"/Users/bradyjeong/Documents/Projects/Amp/gta4/gta_game/gameplay_sim/src/lib.rs","edition":"2021","doc":true,"doctest":true,"test":true},"message":{"rendered":"warning: fields `stress_level`, `energy_level`, `mood`, and `last_mood_change` are never read\n  --> gameplay_sim/src/behavior/human_behavior.rs:12:9\n   |\n11 | pub struct HumanEmotions {\n   |            ------------- fields in this struct\n12 |     pub stress_level: f32,\n   |         ^^^^^^^^^^^^\n13 |     pub energy_level: f32,\n   |         ^^^^^^^^^^^^\n14 |     pub mood: Mood,\n   |         ^^^^\n15 |     pub last_mood_change: f32,\n   |         ^^^^^^^^^^^^^^^^\n\n","$message_type":"diagnostic","children":[],"code":{"code":"dead_code","explanation":null},"level":"warning","message":"fields `stress_level`, `energy_level`, `mood`, and `last_mood_change` are never read","spans":[{"byte_end":312,"byte_start":299,"column_end":25,"column_start":12,"expansion":null,"file_name":"gameplay_sim/src/behavior/human_behavior.rs","is_primary":false,"label":"fields in this struct","line_end":11,"line_start":11,"suggested_replacement":null,"suggestion_applicability":null,"text":[{"highlight_end":25,"highlight_start":12,"text":"pub struct HumanEmotions {"}]},{"byte_end":335,"byte_start":323,"column_end":21,"column_start":9,"expansion":null,"file_name":"gameplay_sim/src/behavior/human_behavior.rs","is_primary":true,"label":null,"line_end":12,"line_start":12,"suggested_replacement":null,"suggestion_applicability":null,"text":[{"highlight_end":21,"highlight_start":9,"text":"    pub stress_level: f32,"}]},{"byte_end":362,"byte_start":350,"column_end":21,"column_start":9,"expansion":null,"file_name":"gameplay_sim/src/behavior/human_behavior.rs","is_primary":true,"label":null,"line_end":13,"line_start":13,"suggested_replacement":null,"suggestion_applicability":null,"text":[{"highlight_end":21,"highlight_start":9,"text":"    pub energy_level: f32,"}]},{"byte_end":381,"byte_start":377,"column_end":13,"column_start":9,"expansion":null,"file_name":"gameplay_sim/src/behavior/human_behavior.rs","is_primary":true,"label":null,"line_end":14,"line_start":14,"suggested_replacement":null,"suggestion_applicability":null,"text":[{"highlight_end":13,"highlight_start":9,"text":"    pub mood: Mood,"}]},{"byte_end":413,"byte_start":397,"column_end":25,"column_start":9,"expansion":null,"file_name":"gameplay_sim/src/behavior/human_behavior.rs","is_primary":true,"label":null,"line_end":15,"line_start":15,"suggested_replacement":null,"suggestion_applicability":null,"text":[{"highlight_end":25,"highlight_start":9,"text":"    pub last_mood_change: f32,"}]}]}}
{"reason":"compiler-message","package_id":"path+file:///Users/bradyjeong/Documents/Projects/Amp/gta4/gta_game/gameplay_sim#0.1.0","manifest_path":"/Users/bradyjeong/Documents/Projects/Amp/gta4/gta_game/gameplay_sim/Cargo.toml","target":{"kind":["lib"],"crate_types":["lib"],"name":"gameplay_sim","src_path":"/Users/bradyjeong/Documents/Projects/Amp/gta4/gta_game/gameplay_sim/src/lib.rs","edition":"2021","doc":true,"doctest":true,"test":true},"message":{"rendered":"warning: variants `Excited`, `Tired`, `Anxious`, and `Confident` are never constructed\n  --> gameplay_sim/src/behavior/human_behavior.rs:21:5\n   |\n19 | pub enum Mood {\n   |          ---- variants in this enum\n20 |     Calm,\n21 |     Excited,\n   |     ^^^^^^^\n22 |     Tired,\n   |     ^^^^^\n23 |     Anxious,\n   |     ^^^^^^^\n24 |     Confident,\n   |     ^^^^^^^^^\n   |\n   = note: `Mood` has a derived impl for the trait `Clone`, but this is intentionally ignored during dead code analysis\n\n","$message_type":"diagnostic","children":[{"children":[],"code":null,"level":"note","message":"`Mood` has a derived impl for the trait `Clone`, but this is intentionally ignored during dead code analysis","rendered":null,"spans":[]}],"code":{"code":"dead_code","explanation":null},"level":"warning","message":"variants `Excited`, `Tired`, `Anxious`, and `Confident` are never constructed","spans":[{"byte_end":464,"byte_start":460,"column_end":14,"column_start":10,"expansion":null,"file_name":"gameplay_sim/src/behavior/human_behavior.rs","is_primary":false,"label":"variants in this enum","line_end":19,"line_start":19,"suggested_replacement":null,"suggestion_applicability":null,"text":[{"highlight_end":14,"highlight_start":10,"text":"pub enum Mood {"}]},{"byte_end":488,"byte_start":481,"column_end":12,"column_start":5,"expansion":null,"file_name":"gameplay_sim/src/behavior/human_behavior.rs","is_primary":true,"label":null,"line_end":21,"line_start":21,"suggested_replacement":null,"suggestion_applicability":null,"text":[{"highlight_end":12,"highlight_start":5,"text":"    Excited,"}]},{"byte_end":499,"byte_start":494,"column_end":10,"column_start":5,"expansion":null,"file_name":"gameplay_sim/src/behavior/human_behavior.rs","is_primary":true,"label":null,"line_end":22,"line_start":22,"suggested_replacement":null,"suggestion_applicability":null,"text":[{"highlight_end":10,"highlight_start":5,"text":"    Tired,"}]},{"byte_end":512,"byte_start":505,"column_end":12,"column_start":5,"expansion":null,"file_name":"gameplay_sim/src/behavior/human_behavior.rs","is_primary":true,"label":null,"line_end":23,"line_start":23,"suggested_replacement":null,"suggestion_applicability":null,"text":[{"highlight_end":12,"highlight_start":5,"text":"    Anxious,"}]},{"byte_end":527,"byte_start":518,"column_end":14,"column_start":5,"expansion":null,"file_name":"gameplay_sim/src/behavior/human_behavior.rs","is_primary":true,"label":null,"line_end":24,"line_start":24,"suggested_replacement":null,"suggestion_applicability":null,"text":[{"highlight_end":14,"highlight_start":5,"text":"    Confident,"}]}]}}
{"reason":"compiler-message","package_id":"path+file:///Users/bradyjeong/Documents/Projects/Amp/gta4/gta_game/gameplay_sim#0.1.0","manifest_path":"/Users/bradyjeong/Documents/Projects/Amp/gta4/gta_game/gameplay_sim/Cargo.toml","target":{"kind":["lib"],"crate_types":["lib"],"name":"gameplay_sim","src_path":"/Users/bradyjeong/Documents/Projects/Amp/gta4/gta_game/gameplay_sim/src/lib.rs","edition":"2021","doc":true,"doctest":true,"test":true},"message":{"rendered":"warning: function `human_emotional_state_system` is never used\n  --> gameplay_sim/src/behavior/human_behavior.rs:39:8\n   |\n39 | pub fn human_emotional_state_system(\n   |        ^^^^^^^^^^^^^^^^^^^^^^^^^^^^\n\n","$message_type":"diagnostic","children":[],"code":{"code":"dead_code","explanation":null},"level":"warning","message":"function `human_emotional_state_system` is never used","spans":[{"byte_end":865,"byte_start":837,"column_end":36,"column_start":8,"expansion":null,"file_name":"gameplay_sim/src/behavior/human_behavior.rs","is_primary":true,"label":null,"line_end":39,"line_start":39,"suggested_replacement":null,"suggestion_applicability":null,"text":[{"highlight_end":36,"highlight_start":8,"text":"pub fn human_emotional_state_system("}]}]}}
{"reason":"compiler-message","package_id":"path+file:///Users/bradyjeong/Documents/Projects/Amp/gta4/gta_game/gameplay_sim#0.1.0","manifest_path":"/Users/bradyjeong/Documents/Projects/Amp/gta4/gta_game/gameplay_sim/Cargo.toml","target":{"kind":["lib"],"crate_types":["lib"],"name":"gameplay_sim","src_path":"/Users/bradyjeong/Documents/Projects/Amp/gta4/gta_game/gameplay_sim/src/lib.rs","edition":"2021","doc":true,"doctest":true,"test":true},"message":{"rendered":"warning: function `human_fidget_system` is never used\n   --> gameplay_sim/src/behavior/human_behavior.rs:122:8\n    |\n122 | pub fn human_fidget_system(\n    |        ^^^^^^^^^^^^^^^^^^^\n\n","$message_type":"diagnostic","children":[],"code":{"code":"dead_code","explanation":null},"level":"warning","message":"function `human_fidget_system` is never used","spans":[{"byte_end":4208,"byte_start":4189,"column_end":27,"column_start":8,"expansion":null,"file_name":"gameplay_sim/src/behavior/human_behavior.rs","is_primary":true,"label":null,"line_end":122,"line_start":122,"suggested_replacement":null,"suggestion_applicability":null,"text":[{"highlight_end":27,"highlight_start":8,"text":"pub fn human_fidget_system("}]}]}}
{"reason":"compiler-message","package_id":"path+file:///Users/bradyjeong/Documents/Projects/Amp/gta4/gta_game/gameplay_sim#0.1.0","manifest_path":"/Users/bradyjeong/Documents/Projects/Amp/gta4/gta_game/gameplay_sim/Cargo.toml","target":{"kind":["lib"],"crate_types":["lib"],"name":"gameplay_sim","src_path":"/Users/bradyjeong/Documents/Projects/Amp/gta4/gta_game/gameplay_sim/src/lib.rs","edition":"2021","doc":true,"doctest":true,"test":true},"message":{"rendered":"warning: function `interaction_system` is never used\n --> gameplay_sim/src/behavior/interaction.rs:6:8\n  |\n6 | pub fn interaction_system(\n  |        ^^^^^^^^^^^^^^^^^^\n\n","$message_type":"diagnostic","children":[],"code":{"code":"dead_code","explanation":null},"level":"warning","message":"function `interaction_system` is never used","spans":[{"byte_end":194,"byte_start":176,"column_end":26,"column_start":8,"expansion":null,"file_name":"gameplay_sim/src/behavior/interaction.rs","is_primary":true,"label":null,"line_end":6,"line_start":6,"suggested_replacement":null,"suggestion_applicability":null,"text":[{"highlight_end":26,"highlight_start":8,"text":"pub fn interaction_system("}]}]}}
{"reason":"compiler-message","package_id":"path+file:///Users/bradyjeong/Documents/Projects/Amp/gta4/gta_game/gameplay_sim#0.1.0","manifest_path":"/Users/bradyjeong/Documents/Projects/Amp/gta4/gta_game/gameplay_sim/Cargo.toml","target":{"kind":["lib"],"crate_types":["lib"],"name":"gameplay_sim","src_path":"/Users/bradyjeong/Documents/Projects/Amp/gta4/gta_game/gameplay_sim/src/lib.rs","edition":"2021","doc":true,"doctest":true,"test":true},"message":{"rendered":"warning: field `use_fallback` is never read\n  --> gameplay_sim/src/input/input_config.rs:54:5\n   |\n50 | pub struct InputConfig {\n   |            ----------- field in this struct\n...\n54 |     use_fallback: bool,\n   |     ^^^^^^^^^^^^\n   |\n   = note: `InputConfig` has derived impls for the traits `Clone` and `Debug`, but these are intentionally ignored during dead code analysis\n\n","$message_type":"diagnostic","children":[{"children":[],"code":null,"level":"note","message":"`InputConfig` has derived impls for the traits `Clone` and `Debug`, but these are intentionally ignored during dead code analysis","rendered":null,"spans":[]}],"code":{"code":"dead_code","explanation":null},"level":"warning","message":"field `use_fallback` is never read","spans":[{"byte_end":1176,"byte_start":1165,"column_end":23,"column_start":12,"expansion":null,"file_name":"gameplay_sim/src/input/input_config.rs","is_primary":false,"label":"field in this struct","line_end":50,"line_start":50,"suggested_replacement":null,"suggestion_applicability":null,"text":[{"highlight_end":23,"highlight_start":12,"text":"pub struct InputConfig {"}]},{"byte_end":1343,"byte_start":1331,"column_end":17,"column_start":5,"expansion":null,"file_name":"gameplay_sim/src/input/input_config.rs","is_primary":true,"label":null,"line_end":54,"line_start":54,"suggested_replacement":null,"suggestion_applicability":null,"text":[{"highlight_end":17,"highlight_start":5,"text":"    use_fallback: bool,"}]}]}}
{"reason":"compiler-message","package_id":"path+file:///Users/bradyjeong/Documents/Projects/Amp/gta4/gta_game/gameplay_sim#0.1.0","manifest_path":"/Users/bradyjeong/Documents/Projects/Amp/gta4/gta_game/gameplay_sim/Cargo.toml","target":{"kind":["lib"],"crate_types":["lib"],"name":"gameplay_sim","src_path":"/Users/bradyjeong/Documents/Projects/Amp/gta4/gta_game/gameplay_sim/src/lib.rs","edition":"2021","doc":true,"doctest":true,"test":true},"message":{"rendered":"warning: methods `reset_to_defaults`, `enable_fallback`, `disable_fallback`, `is_fallback_enabled`, `get_state_bindings`, and `is_action_available` are never used\n   --> gameplay_sim/src/input/input_config.rs:151:12\n    |\n125 | impl InputConfig {\n    | ---------------- methods in this implementation\n...\n151 |     pub fn reset_to_defaults(&mut self) {\n    |            ^^^^^^^^^^^^^^^^^\n...\n155 |     pub fn enable_fallback(&mut self) {\n    |            ^^^^^^^^^^^^^^^\n...\n159 |     pub fn disable_fallback(&mut self) {\n    |            ^^^^^^^^^^^^^^^^\n...\n163 |     pub fn is_fallback_enabled(&self) -> bool {\n    |            ^^^^^^^^^^^^^^^^^^^\n...\n168 |     pub fn get_state_bindings(&self, state: &GameState) -> Option<&HashMap<InputAction, KeyCode>> {\n    |            ^^^^^^^^^^^^^^^^^^\n...\n173 |     pub fn is_action_available(&self, state: &GameState, action: InputAction) -> bool {\n    |            ^^^^^^^^^^^^^^^^^^^\n\n","$message_type":"diagnostic","children":[],"code":{"code":"dead_code","explanation":null},"level":"warning","message":"methods `reset_to_defaults`, `enable_fallback`, `disable_fallback`, `is_fallback_enabled`, `get_state_bindings`, and `is_action_available` are never used","spans":[{"byte_end":5322,"byte_start":5306,"column_end":17,"column_start":1,"expansion":null,"file_name":"gameplay_sim/src/input/input_config.rs","is_primary":false,"label":"methods in this implementation","line_end":125,"line_start":125,"suggested_replacement":null,"suggestion_applicability":null,"text":[{"highlight_end":17,"highlight_start":1,"text":"impl InputConfig {"}]},{"byte_end":6312,"byte_start":6295,"column_end":29,"column_start":12,"expansion":null,"file_name":"gameplay_sim/src/input/input_config.rs","is_primary":true,"label":null,"line_end":151,"line_start":151,"suggested_replacement":null,"suggestion_applicability":null,"text":[{"highlight_end":29,"highlight_start":12,"text":"    pub fn reset_to_defaults(&mut self) {"}]},{"byte_end":6403,"byte_start":6388,"column_end":27,"column_start":12,"expansion":null,"file_name":"gameplay_sim/src/input/input_config.rs","is_primary":true,"label":null,"line_end":155,"line_start":155,"suggested_replacement":null,"suggestion_applicability":null,"text":[{"highlight_end":27,"highlight_start":12,"text":"    pub fn enable_fallback(&mut self) {"}]},{"byte_end":6489,"byte_start":6473,"column_end":28,"column_start":12,"expansion":null,"file_name":"gameplay_sim/src/input/input_config.rs","is_primary":true,"label":null,"line_end":159,"line_start":159,"suggested_replacement":null,"suggestion_applicability":null,"text":[{"highlight_end":28,"highlight_start":12,"text":"    pub fn disable_fallback(&mut self) {"}]},{"byte_end":6579,"byte_start":6560,"column_end":31,"column_start":12,"expansion":null,"file_name":"gameplay_sim/src/input/input_config.rs","is_primary":true,"label":null,"line_end":163,"line_start":163,"suggested_replacement":null,"suggestion_applicability":null,"text":[{"highlight_end":31,"highlight_start":12,"text":"    pub fn is_fallback_enabled(&self) -> bool {"}]},{"byte_end":6709,"byte_start":6691,"column_end":30,"column_start":12,"expansion":null,"file_name":"gameplay_sim/src/input/input_config.rs","is_primary":true,"label":null,"line_end":168,"line_start":168,"suggested_replacement":null,"suggestion_applicability":null,"text":[{"highlight_end":30,"highlight_start":12,"text":"    pub fn get_state_bindings(&self, state: &GameState) -> Option<&HashMap<InputAction, KeyCode>> {"}]},{"byte_end":6911,"byte_start":6892,"column_end":31,"column_start":12,"expansion":null,"file_name":"gameplay_sim/src/input/input_config.rs","is_primary":true,"label":null,"line_end":173,"line_start":173,"suggested_replacement":null,"suggestion_applicability":null,"text":[{"highlight_end":31,"highlight_start":12,"text":"    pub fn is_action_available(&self, state: &GameState, action: InputAction) -> bool {"}]}]}}
{"reason":"compiler-message","package_id":"path+file:///Users/bradyjeong/Documents/Projects/Amp/gta4/gta_game/gameplay_sim#0.1.0","manifest_path":"/Users/bradyjeong/Documents/Projects/Amp/gta4/gta_game/gameplay_sim/Cargo.toml","target":{"kind":["lib"],"crate_types":["lib"],"name":"gameplay_sim","src_path":"/Users/bradyjeong/Documents/Projects/Amp/gta4/gta_game/gameplay_sim/src/lib.rs","edition":"2021","doc":true,"doctest":true,"test":true},"message":{"rendered":"warning: fields `active_actions`, `just_pressed_actions`, `just_released_actions`, `last_process_time`, `max_process_time_us`, and `frame_count` are never read\n  --> gameplay_sim/src/input/input_manager.rs:21:5\n   |\n19 | pub struct InputManager {\n   |            ------------ fields in this struct\n20 |     // Track active actions this frame\n21 |     active_actions: HashSet<InputAction>,\n   |     ^^^^^^^^^^^^^^\n22 |     just_pressed_actions: HashSet<InputAction>,\n   |     ^^^^^^^^^^^^^^^^^^^^\n23 |     just_released_actions: HashSet<InputAction>,\n   |     ^^^^^^^^^^^^^^^^^^^^^\n...\n26 |     last_process_time: Option<Instant>,\n   |     ^^^^^^^^^^^^^^^^^\n27 |     max_process_time_us: u128,\n   |     ^^^^^^^^^^^^^^^^^^^\n28 |     frame_count: u64,\n   |     ^^^^^^^^^^^\n\n","$message_type":"diagnostic","children":[],"code":{"code":"dead_code","explanation":null},"level":"warning","message":"fields `active_actions`, `just_pressed_actions`, `just_released_actions`, `last_process_time`, `max_process_time_us`, and `frame_count` are never read","spans":[{"byte_end":815,"byte_start":803,"column_end":24,"column_start":12,"expansion":null,"file_name":"gameplay_sim/src/input/input_manager.rs","is_primary":false,"label":"fields in this struct","line_end":19,"line_start":19,"suggested_replacement":null,"suggestion_applicability":null,"text":[{"highlight_end":24,"highlight_start":12,"text":"pub struct InputManager {"}]},{"byte_end":875,"byte_start":861,"column_end":19,"column_start":5,"expansion":null,"file_name":"gameplay_sim/src/input/input_manager.rs","is_primary":true,"label":null,"line_end":21,"line_start":21,"suggested_replacement":null,"suggestion_applicability":null,"text":[{"highlight_end":19,"highlight_start":5,"text":"    active_actions: HashSet<InputAction>,"}]},{"byte_end":923,"byte_start":903,"column_end":25,"column_start":5,"expansion":null,"file_name":"gameplay_sim/src/input/input_manager.rs","is_primary":true,"label":null,"line_end":22,"line_start":22,"suggested_replacement":null,"suggestion_applicability":null,"text":[{"highlight_end":25,"highlight_start":5,"text":"    just_pressed_actions: HashSet<InputAction>,"}]},{"byte_end":972,"byte_start":951,"column_end":26,"column_start":5,"expansion":null,"file_name":"gameplay_sim/src/input/input_manager.rs","is_primary":true,"label":null,"line_end":23,"line_start":23,"suggested_replacement":null,"suggestion_applicability":null,"text":[{"highlight_end":26,"highlight_start":5,"text":"    just_released_actions: HashSet<InputAction>,"}]},{"byte_end":1052,"byte_start":1035,"column_end":22,"column_start":5,"expansion":null,"file_name":"gameplay_sim/src/input/input_manager.rs","is_primary":true,"label":null,"line_end":26,"line_start":26,"suggested_replacement":null,"suggestion_applicability":null,"text":[{"highlight_end":22,"highlight_start":5,"text":"    last_process_time: Option<Instant>,"}]},{"byte_end":1094,"byte_start":1075,"column_end":24,"column_start":5,"expansion":null,"file_name":"gameplay_sim/src/input/input_manager.rs","is_primary":true,"label":null,"line_end":27,"line_start":27,"suggested_replacement":null,"suggestion_applicability":null,"text":[{"highlight_end":24,"highlight_start":5,"text":"    max_process_time_us: u128,"}]},{"byte_end":1117,"byte_start":1106,"column_end":16,"column_start":5,"expansion":null,"file_name":"gameplay_sim/src/input/input_manager.rs","is_primary":true,"label":null,"line_end":28,"line_start":28,"suggested_replacement":null,"suggestion_applicability":null,"text":[{"highlight_end":16,"highlight_start":5,"text":"    frame_count: u64,"}]}]}}
{"reason":"compiler-message","package_id":"path+file:///Users/bradyjeong/Documents/Projects/Amp/gta4/gta_game/gameplay_sim#0.1.0","manifest_path":"/Users/bradyjeong/Documents/Projects/Amp/gta4/gta_game/gameplay_sim/Cargo.toml","target":{"kind":["lib"],"crate_types":["lib"],"name":"gameplay_sim","src_path":"/Users/bradyjeong/Documents/Projects/Amp/gta4/gta_game/gameplay_sim/src/lib.rs","edition":"2021","doc":true,"doctest":true,"test":true},"message":{"rendered":"warning: multiple methods are never used\n   --> gameplay_sim/src/input/input_manager.rs:33:12\n    |\n31  | impl InputManager {\n    | ----------------- methods in this implementation\n32  |     /// Process input for the current frame - PERFORMANCE CRITICAL <1ms\n33  |     pub fn process_input(\n    |            ^^^^^^^^^^^^^\n...\n85  |     fn process_fallback_input(\n    |        ^^^^^^^^^^^^^^^^^^^^^^\n...\n155 |     pub fn is_action_pressed(&self, action: InputAction) -> bool {\n    |            ^^^^^^^^^^^^^^^^^\n...\n160 |     pub fn is_action_just_pressed(&self, action: InputAction) -> bool {\n    |            ^^^^^^^^^^^^^^^^^^^^^^\n...\n165 |     pub fn is_action_just_released(&self, action: InputAction) -> bool {\n    |            ^^^^^^^^^^^^^^^^^^^^^^^\n...\n170 |     pub fn get_active_actions(&self) -> &HashSet<InputAction> {\n    |            ^^^^^^^^^^^^^^^^^^\n...\n175 |     pub fn get_performance_stats(&self) -> (u128, u64) {\n    |            ^^^^^^^^^^^^^^^^^^^^^\n...\n180 |     pub fn reset_performance_stats(&mut self) {\n    |            ^^^^^^^^^^^^^^^^^^^^^^^\n...\n186 |     pub fn clear_all_input(&mut self) {\n    |            ^^^^^^^^^^^^^^^\n\n","$message_type":"diagnostic","children":[],"code":{"code":"dead_code","explanation":null},"level":"warning","message":"multiple methods are never used","spans":[{"byte_end":1144,"byte_start":1127,"column_end":18,"column_start":1,"expansion":null,"file_name":"gameplay_sim/src/input/input_manager.rs","is_primary":false,"label":"methods in this implementation","line_end":31,"line_start":31,"suggested_replacement":null,"suggestion_applicability":null,"text":[{"highlight_end":18,"highlight_start":1,"text":"impl InputManager {"}]},{"byte_end":1243,"byte_start":1230,"column_end":25,"column_start":12,"expansion":null,"file_name":"gameplay_sim/src/input/input_manager.rs","is_primary":true,"label":null,"line_end":33,"line_start":33,"suggested_replacement":null,"suggestion_applicability":null,"text":[{"highlight_end":25,"highlight_start":12,"text":"    pub fn process_input("}]},{"byte_end":3250,"byte_start":3228,"column_end":30,"column_start":8,"expansion":null,"file_name":"gameplay_sim/src/input/input_manager.rs","is_primary":true,"label":null,"line_end":85,"line_start":85,"suggested_replacement":null,"suggestion_applicability":null,"text":[{"highlight_end":30,"highlight_start":8,"text":"    fn process_fallback_input("}]},{"byte_end":7710,"byte_start":7693,"column_end":29,"column_start":12,"expansion":null,"file_name":"gameplay_sim/src/input/input_manager.rs","is_primary":true,"label":null,"line_end":155,"line_start":155,"suggested_replacement":null,"suggestion_applicability":null,"text":[{"highlight_end":29,"highlight_start":12,"text":"    pub fn is_action_pressed(&self, action: InputAction) -> bool {"}]},{"byte_end":7894,"byte_start":7872,"column_end":34,"column_start":12,"expansion":null,"file_name":"gameplay_sim/src/input/input_manager.rs","is_primary":true,"label":null,"line_end":160,"line_start":160,"suggested_replacement":null,"suggestion_applicability":null,"text":[{"highlight_end":34,"highlight_start":12,"text":"    pub fn is_action_just_pressed(&self, action: InputAction) -> bool {"}]},{"byte_end":8086,"byte_start":8063,"column_end":35,"column_start":12,"expansion":null,"file_name":"gameplay_sim/src/input/input_manager.rs","is_primary":true,"label":null,"line_end":165,"line_start":165,"suggested_replacement":null,"suggestion_applicability":null,"text":[{"highlight_end":35,"highlight_start":12,"text":"    pub fn is_action_just_released(&self, action: InputAction) -> bool {"}]},{"byte_end":8259,"byte_start":8241,"column_end":30,"column_start":12,"expansion":null,"file_name":"gameplay_sim/src/input/input_manager.rs","is_primary":true,"label":null,"line_end":170,"line_start":170,"suggested_replacement":null,"suggestion_applicability":null,"text":[{"highlight_end":30,"highlight_start":12,"text":"    pub fn get_active_actions(&self) -> &HashSet<InputAction> {"}]},{"byte_end":8401,"byte_start":8380,"column_end":33,"column_start":12,"expansion":null,"file_name":"gameplay_sim/src/input/input_manager.rs","is_primary":true,"label":null,"line_end":175,"line_start":175,"suggested_replacement":null,"suggestion_applicability":null,"text":[{"highlight_end":33,"highlight_start":12,"text":"    pub fn get_performance_stats(&self) -> (u128, u64) {"}]},{"byte_end":8561,"byte_start":8538,"column_end":35,"column_start":12,"expansion":null,"file_name":"gameplay_sim/src/input/input_manager.rs","is_primary":true,"label":null,"line_end":180,"line_start":180,"suggested_replacement":null,"suggestion_applicability":null,"text":[{"highlight_end":35,"highlight_start":12,"text":"    pub fn reset_performance_stats(&mut self) {"}]},{"byte_end":8739,"byte_start":8724,"column_end":27,"column_start":12,"expansion":null,"file_name":"gameplay_sim/src/input/input_manager.rs","is_primary":true,"label":null,"line_end":186,"line_start":186,"suggested_replacement":null,"suggestion_applicability":null,"text":[{"highlight_end":27,"highlight_start":12,"text":"    pub fn clear_all_input(&mut self) {"}]}]}}
{"reason":"compiler-message","package_id":"path+file:///Users/bradyjeong/Documents/Projects/Amp/gta4/gta_game/gameplay_sim#0.1.0","manifest_path":"/Users/bradyjeong/Documents/Projects/Amp/gta4/gta_game/gameplay_sim/Cargo.toml","target":{"kind":["lib"],"crate_types":["lib"],"name":"gameplay_sim","src_path":"/Users/bradyjeong/Documents/Projects/Amp/gta4/gta_game/gameplay_sim/src/lib.rs","edition":"2021","doc":true,"doctest":true,"test":true},"message":{"rendered":"warning: function `process_input_system` is never used\n   --> gameplay_sim/src/input/input_manager.rs:194:8\n    |\n194 | pub fn process_input_system(\n    |        ^^^^^^^^^^^^^^^^^^^^\n\n","$message_type":"diagnostic","children":[],"code":{"code":"dead_code","explanation":null},"level":"warning","message":"function `process_input_system` is never used","spans":[{"byte_end":8952,"byte_start":8932,"column_end":28,"column_start":8,"expansion":null,"file_name":"gameplay_sim/src/input/input_manager.rs","is_primary":true,"label":null,"line_end":194,"line_start":194,"suggested_replacement":null,"suggestion_applicability":null,"text":[{"highlight_end":28,"highlight_start":8,"text":"pub fn process_input_system("}]}]}}
{"reason":"compiler-message","package_id":"path+file:///Users/bradyjeong/Documents/Projects/Amp/gta4/gta_game/gameplay_sim#0.1.0","manifest_path":"/Users/bradyjeong/Documents/Projects/Amp/gta4/gta_game/gameplay_sim/Cargo.toml","target":{"kind":["lib"],"crate_types":["lib"],"name":"gameplay_sim","src_path":"/Users/bradyjeong/Documents/Projects/Amp/gta4/gta_game/gameplay_sim/src/lib.rs","edition":"2021","doc":true,"doctest":true,"test":true},"message":{"rendered":"warning: multiple fields are never read\n   --> gameplay_sim/src/input/input_manager.rs:207:9\n    |\n205 | pub struct InputCompatLayer {\n    |            ---------------- fields in this struct\n206 |     // Cache the last input state for backwards compatibility\n207 |     pub arrow_up: bool,\n    |         ^^^^^^^^\n208 |     pub arrow_down: bool,\n    |         ^^^^^^^^^^\n209 |     pub arrow_left: bool,\n    |         ^^^^^^^^^^\n210 |     pub arrow_right: bool,\n    |         ^^^^^^^^^^^\n211 |     pub shift_left: bool,\n    |         ^^^^^^^^^^\n212 |     pub control_left: bool,\n    |         ^^^^^^^^^^^^\n213 |     pub space: bool,\n    |         ^^^^^\n214 |     pub key_f: bool,\n    |         ^^^^^\n215 |     pub key_w: bool,\n    |         ^^^^^\n216 |     pub key_s: bool,\n    |         ^^^^^\n217 |     pub key_a: bool,\n    |         ^^^^^\n218 |     pub key_d: bool,\n    |         ^^^^^\n219 |     pub key_q: bool,\n    |         ^^^^^\n220 |     pub key_e: bool,\n    |         ^^^^^\n221 |     pub f1: bool,\n    |         ^^\n222 |     pub f2: bool,\n    |         ^^\n...\n225 |     pub f_just_pressed: bool,\n    |         ^^^^^^^^^^^^^^\n226 |     pub f1_just_pressed: bool,\n    |         ^^^^^^^^^^^^^^^\n227 |     pub f2_just_pressed: bool,\n    |         ^^^^^^^^^^^^^^^\n\n","$message_type":"diagnostic","children":[],"code":{"code":"dead_code","explanation":null},"level":"warning","message":"multiple fields are never read","spans":[{"byte_end":9328,"byte_start":9312,"column_end":28,"column_start":12,"expansion":null,"file_name":"gameplay_sim/src/input/input_manager.rs","is_primary":false,"label":"fields in this struct","line_end":205,"line_start":205,"suggested_replacement":null,"suggestion_applicability":null,"text":[{"highlight_end":28,"highlight_start":12,"text":"pub struct InputCompatLayer {"}]},{"byte_end":9409,"byte_start":9401,"column_end":17,"column_start":9,"expansion":null,"file_name":"gameplay_sim/src/input/input_manager.rs","is_primary":true,"label":null,"line_end":207,"line_start":207,"suggested_replacement":null,"suggestion_applicability":null,"text":[{"highlight_end":17,"highlight_start":9,"text":"    pub arrow_up: bool,"}]},{"byte_end":9435,"byte_start":9425,"column_end":19,"column_start":9,"expansion":null,"file_name":"gameplay_sim/src/input/input_manager.rs","is_primary":true,"label":null,"line_end":208,"line_start":208,"suggested_replacement":null,"suggestion_applicability":null,"text":[{"highlight_end":19,"highlight_start":9,"text":"    pub arrow_down: bool,"}]},{"byte_end":9461,"byte_start":9451,"column_end":19,"column_start":9,"expansion":null,"file_name":"gameplay_sim/src/input/input_manager.rs","is_primary":true,"label":null,"line_end":209,"line_start":209,"suggested_replacement":null,"suggestion_applicability":null,"text":[{"highlight_end":19,"highlight_start":9,"text":"    pub arrow_left: bool,"}]},{"byte_end":9488,"byte_start":9477,"column_end":20,"column_start":9,"expansion":null,"file_name":"gameplay_sim/src/input/input_manager.rs","is_primary":true,"label":null,"line_end":210,"line_start":210,"suggested_replacement":null,"suggestion_applicability":null,"text":[{"highlight_end":20,"highlight_start":9,"text":"    pub arrow_right: bool,"}]},{"byte_end":9514,"byte_start":9504,"column_end":19,"column_start":9,"expansion":null,"file_name":"gameplay_sim/src/input/input_manager.rs","is_primary":true,"label":null,"line_end":211,"line_start":211,"suggested_replacement":null,"suggestion_applicability":null,"text":[{"highlight_end":19,"highlight_start":9,"text":"    pub shift_left: bool,"}]},{"byte_end":9542,"byte_start":9530,"column_end":21,"column_start":9,"expansion":null,"file_name":"gameplay_sim/src/input/input_manager.rs","is_primary":true,"label":null,"line_end":212,"line_start":212,"suggested_replacement":null,"suggestion_applicability":null,"text":[{"highlight_end":21,"highlight_start":9,"text":"    pub control_left: bool,"}]},{"byte_end":9563,"byte_start":9558,"column_end":14,"column_start":9,"expansion":null,"file_name":"gameplay_sim/src/input/input_manager.rs","is_primary":true,"label":null,"line_end":213,"line_start":213,"suggested_replacement":null,"suggestion_applicability":null,"text":[{"highlight_end":14,"highlight_start":9,"text":"    pub space: bool,"}]},{"byte_end":9584,"byte_start":9579,"column_end":14,"column_start":9,"expansion":null,"file_name":"gameplay_sim/src/input/input_manager.rs","is_primary":true,"label":null,"line_end":214,"line_start":214,"suggested_replacement":null,"suggestion_applicability":null,"text":[{"highlight_end":14,"highlight_start":9,"text":"    pub key_f: bool,"}]},{"byte_end":9605,"byte_start":9600,"column_end":14,"column_start":9,"expansion":null,"file_name":"gameplay_sim/src/input/input_manager.rs","is_primary":true,"label":null,"line_end":215,"line_start":215,"suggested_replacement":null,"suggestion_applicability":null,"text":[{"highlight_end":14,"highlight_start":9,"text":"    pub key_w: bool,"}]},{"byte_end":9626,"byte_start":9621,"column_end":14,"column_start":9,"expansion":null,"file_name":"gameplay_sim/src/input/input_manager.rs","is_primary":true,"label":null,"line_end":216,"line_start":216,"suggested_replacement":null,"suggestion_applicability":null,"text":[{"highlight_end":14,"highlight_start":9,"text":"    pub key_s: bool,"}]},{"byte_end":9647,"byte_start":9642,"column_end":14,"column_start":9,"expansion":null,"file_name":"gameplay_sim/src/input/input_manager.rs","is_primary":true,"label":null,"line_end":217,"line_start":217,"suggested_replacement":null,"suggestion_applicability":null,"text":[{"highlight_end":14,"highlight_start":9,"text":"    pub key_a: bool,"}]},{"byte_end":9668,"byte_start":9663,"column_end":14,"column_start":9,"expansion":null,"file_name":"gameplay_sim/src/input/input_manager.rs","is_primary":true,"label":null,"line_end":218,"line_start":218,"suggested_replacement":null,"suggestion_applicability":null,"text":[{"highlight_end":14,"highlight_start":9,"text":"    pub key_d: bool,"}]},{"byte_end":9689,"byte_start":9684,"column_end":14,"column_start":9,"expansion":null,"file_name":"gameplay_sim/src/input/input_manager.rs","is_primary":true,"label":null,"line_end":219,"line_start":219,"suggested_replacement":null,"suggestion_applicability":null,"text":[{"highlight_end":14,"highlight_start":9,"text":"    pub key_q: bool,"}]},{"byte_end":9710,"byte_start":9705,"column_end":14,"column_start":9,"expansion":null,"file_name":"gameplay_sim/src/input/input_manager.rs","is_primary":true,"label":null,"line_end":220,"line_start":220,"suggested_replacement":null,"suggestion_applicability":null,"text":[{"highlight_end":14,"highlight_start":9,"text":"    pub key_e: bool,"}]},{"byte_end":9728,"byte_start":9726,"column_end":11,"column_start":9,"expansion":null,"file_name":"gameplay_sim/src/input/input_manager.rs","is_primary":true,"label":null,"line_end":221,"line_start":221,"suggested_replacement":null,"suggestion_applicability":null,"text":[{"highlight_end":11,"highlight_start":9,"text":"    pub f1: bool,"}]},{"byte_end":9746,"byte_start":9744,"column_end":11,"column_start":9,"expansion":null,"file_name":"gameplay_sim/src/input/input_manager.rs","is_primary":true,"label":null,"line_end":222,"line_start":222,"suggested_replacement":null,"suggestion_applicability":null,"text":[{"highlight_end":11,"highlight_start":9,"text":"    pub f2: bool,"}]},{"byte_end":9808,"byte_start":9794,"column_end":23,"column_start":9,"expansion":null,"file_name":"gameplay_sim/src/input/input_manager.rs","is_primary":true,"label":null,"line_end":225,"line_start":225,"suggested_replacement":null,"suggestion_applicability":null,"text":[{"highlight_end":23,"highlight_start":9,"text":"    pub f_just_pressed: bool,"}]},{"byte_end":9839,"byte_start":9824,"column_end":24,"column_start":9,"expansion":null,"file_name":"gameplay_sim/src/input/input_manager.rs","is_primary":true,"label":null,"line_end":226,"line_start":226,"suggested_replacement":null,"suggestion_applicability":null,"text":[{"highlight_end":24,"highlight_start":9,"text":"    pub f1_just_pressed: bool,"}]},{"byte_end":9870,"byte_start":9855,"column_end":24,"column_start":9,"expansion":null,"file_name":"gameplay_sim/src/input/input_manager.rs","is_primary":true,"label":null,"line_end":227,"line_start":227,"suggested_replacement":null,"suggestion_applicability":null,"text":[{"highlight_end":24,"highlight_start":9,"text":"    pub f2_just_pressed: bool,"}]}]}}
{"reason":"compiler-message","package_id":"path+file:///Users/bradyjeong/Documents/Projects/Amp/gta4/gta_game/gameplay_sim#0.1.0","manifest_path":"/Users/bradyjeong/Documents/Projects/Amp/gta4/gta_game/gameplay_sim/Cargo.toml","target":{"kind":["lib"],"crate_types":["lib"],"name":"gameplay_sim","src_path":"/Users/bradyjeong/Documents/Projects/Amp/gta4/gta_game/gameplay_sim/src/lib.rs","edition":"2021","doc":true,"doctest":true,"test":true},"message":{"rendered":"warning: function `update_input_compat_layer` is never used\n   --> gameplay_sim/src/input/input_manager.rs:257:8\n    |\n257 | pub fn update_input_compat_layer(\n    |        ^^^^^^^^^^^^^^^^^^^^^^^^^\n\n","$message_type":"diagnostic","children":[],"code":{"code":"dead_code","explanation":null},"level":"warning","message":"function `update_input_compat_layer` is never used","spans":[{"byte_end":10609,"byte_start":10584,"column_end":33,"column_start":8,"expansion":null,"file_name":"gameplay_sim/src/input/input_manager.rs","is_primary":true,"label":null,"line_end":257,"line_start":257,"suggested_replacement":null,"suggestion_applicability":null,"text":[{"highlight_end":33,"highlight_start":8,"text":"pub fn update_input_compat_layer("}]}]}}
{"reason":"compiler-message","package_id":"path+file:///Users/bradyjeong/Documents/Projects/Amp/gta4/gta_game/gameplay_sim#0.1.0","manifest_path":"/Users/bradyjeong/Documents/Projects/Amp/gta4/gta_game/gameplay_sim/Cargo.toml","target":{"kind":["lib"],"crate_types":["lib"],"name":"gameplay_sim","src_path":"/Users/bradyjeong/Documents/Projects/Amp/gta4/gta_game/gameplay_sim/src/lib.rs","edition":"2021","doc":true,"doctest":true,"test":true},"message":{"rendered":"warning: missing documentation for a struct\n  --> gameplay_sim/src/world/culling.rs:19:1\n   |\n19 | pub struct CullingTimer {\n   | ^^^^^^^^^^^^^^^^^^^^^^^\n\n","$message_type":"diagnostic","children":[],"code":{"code":"missing_docs","explanation":null},"level":"warning","message":"missing documentation for a struct","spans":[{"byte_end":921,"byte_start":898,"column_end":24,"column_start":1,"expansion":null,"file_name":"gameplay_sim/src/world/culling.rs","is_primary":true,"label":null,"line_end":19,"line_start":19,"suggested_replacement":null,"suggestion_applicability":null,"text":[{"highlight_end":24,"highlight_start":1,"text":"pub struct CullingTimer {"}]}]}}
{"reason":"compiler-message","package_id":"path+file:///Users/bradyjeong/Documents/Projects/Amp/gta4/gta_game/gameplay_sim#0.1.0","manifest_path":"/Users/bradyjeong/Documents/Projects/Amp/gta4/gta_game/gameplay_sim/Cargo.toml","target":{"kind":["lib"],"crate_types":["lib"],"name":"gameplay_sim","src_path":"/Users/bradyjeong/Documents/Projects/Amp/gta4/gta_game/gameplay_sim/src/lib.rs","edition":"2021","doc":true,"doctest":true,"test":true},"message":{"rendered":"warning: methods `get_vehicle_controls`, `get_available_actions`, `is_action_available_for_vehicle`, `get_controls_for_state`, `add_control`, and `reset_to_defaults` are never used\n   --> gameplay_sim/src/input/vehicle_control_config.rs:416:12\n    |\n62  | impl VehicleControlConfig {\n    | ------------------------- methods in this implementation\n...\n416 |     pub fn get_vehicle_controls(&self, vehicle_type: VehicleType) -> Option<&Vec<ControlBinding>> {\n    |            ^^^^^^^^^^^^^^^^^^^^\n...\n433 |     pub fn get_available_actions(&self, vehicle_type: VehicleType) -> Vec<InputAction> {\n    |            ^^^^^^^^^^^^^^^^^^^^^\n...\n441 |     pub fn is_action_available_for_vehicle(&self, vehicle_type: VehicleType, action: InputAction) -> bool {\n    |            ^^^^^^^^^^^^^^^^^^^^^^^^^^^^^^^\n...\n459 |     pub fn get_controls_for_state(&self, state: &GameState) -> Option<&Vec<ControlBinding>> {\n    |            ^^^^^^^^^^^^^^^^^^^^^^\n...\n488 |     pub fn add_control(&mut self, vehicle_type: VehicleType, binding: ControlBinding) -> Result<(), String> {\n    |            ^^^^^^^^^^^\n...\n528 |     pub fn reset_to_defaults(&mut self) {\n    |            ^^^^^^^^^^^^^^^^^\n\n","$message_type":"diagnostic","children":[],"code":{"code":"dead_code","explanation":null},"level":"warning","message":"methods `get_vehicle_controls`, `get_available_actions`, `is_action_available_for_vehicle`, `get_controls_for_state`, `add_control`, and `reset_to_defaults` are never used","spans":[{"byte_end":1864,"byte_start":1839,"column_end":26,"column_start":1,"expansion":null,"file_name":"gameplay_sim/src/input/vehicle_control_config.rs","is_primary":false,"label":"methods in this implementation","line_end":62,"line_start":62,"suggested_replacement":null,"suggestion_applicability":null,"text":[{"highlight_end":26,"highlight_start":1,"text":"impl VehicleControlConfig {"}]},{"byte_end":15877,"byte_start":15857,"column_end":32,"column_start":12,"expansion":null,"file_name":"gameplay_sim/src/input/vehicle_control_config.rs","is_primary":true,"label":null,"line_end":416,"line_start":416,"suggested_replacement":null,"suggestion_applicability":null,"text":[{"highlight_end":32,"highlight_start":12,"text":"    pub fn get_vehicle_controls(&self, vehicle_type: VehicleType) -> Option<&Vec<ControlBinding>> {"}]},{"byte_end":16546,"byte_start":16525,"column_end":33,"column_start":12,"expansion":null,"file_name":"gameplay_sim/src/input/vehicle_control_config.rs","is_primary":true,"label":null,"line_end":433,"line_start":433,"suggested_replacement":null,"suggestion_applicability":null,"text":[{"highlight_end":33,"highlight_start":12,"text":"    pub fn get_available_actions(&self, vehicle_type: VehicleType) -> Vec<InputAction> {"}]},{"byte_end":16883,"byte_start":16852,"column_end":43,"column_start":12,"expansion":null,"file_name":"gameplay_sim/src/input/vehicle_control_config.rs","is_primary":true,"label":null,"line_end":441,"line_start":441,"suggested_replacement":null,"suggestion_applicability":null,"text":[{"highlight_end":43,"highlight_start":12,"text":"    pub fn is_action_available_for_vehicle(&self, vehicle_type: VehicleType, action: InputAction) -> bool {"}]},{"byte_end":17635,"byte_start":17613,"column_end":34,"column_start":12,"expansion":null,"file_name":"gameplay_sim/src/input/vehicle_control_config.rs","is_primary":true,"label":null,"line_end":459,"line_start":459,"suggested_replacement":null,"suggestion_applicability":null,"text":[{"highlight_end":34,"highlight_start":12,"text":"    pub fn get_controls_for_state(&self, state: &GameState) -> Option<&Vec<ControlBinding>> {"}]},{"byte_end":18939,"byte_start":18928,"column_end":23,"column_start":12,"expansion":null,"file_name":"gameplay_sim/src/input/vehicle_control_config.rs","is_primary":true,"label":null,"line_end":488,"line_start":488,"suggested_replacement":null,"suggestion_applicability":null,"text":[{"highlight_end":23,"highlight_start":12,"text":"    pub fn add_control(&mut self, vehicle_type: VehicleType, binding: ControlBinding) -> Result<(), String> {"}]},{"byte_end":20473,"byte_start":20456,"column_end":29,"column_start":12,"expansion":null,"file_name":"gameplay_sim/src/input/vehicle_control_config.rs","is_primary":true,"label":null,"line_end":528,"line_start":528,"suggested_replacement":null,"suggestion_applicability":null,"text":[{"highlight_end":29,"highlight_start":12,"text":"    pub fn reset_to_defaults(&mut self) {"}]}]}}
{"reason":"compiler-message","package_id":"path+file:///Users/bradyjeong/Documents/Projects/Amp/gta4/gta_game/gameplay_sim#0.1.0","manifest_path":"/Users/bradyjeong/Documents/Projects/Amp/gta4/gta_game/gameplay_sim/Cargo.toml","target":{"kind":["lib"],"crate_types":["lib"],"name":"gameplay_sim","src_path":"/Users/bradyjeong/Documents/Projects/Amp/gta4/gta_game/gameplay_sim/src/lib.rs","edition":"2021","doc":true,"doctest":true,"test":true},"message":{"rendered":"warning: missing documentation for a function\n  --> gameplay_sim/src/world/culling.rs:23:1\n   |\n23 | / pub fn distance_culling_system(\n24 | |     mut cullable_query: Query<(Entity, &mut Cullable, &mut Visibility, &Transform), Without<ActiveEntity>>,\n25 | |     active_query: Query<(Entity, &Transform), (With<ActiveEntity>, Without<Cullable>)>,\n26 | |     _settings: Res<CullingSettings>,\n...  |\n29 | |     mut distance_cache: ResMut<DistanceCache>,\n30 | | ) {\n   | |_^\n\n","$message_type":"diagnostic","children":[],"code":{"code":"missing_docs","explanation":null},"level":"warning","message":"missing documentation for a function","spans":[{"byte_end":1313,"byte_start":943,"column_end":2,"column_start":1,"expansion":null,"file_name":"gameplay_sim/src/world/culling.rs","is_primary":true,"label":null,"line_end":30,"line_start":23,"suggested_replacement":null,"suggestion_applicability":null,"text":[{"highlight_end":32,"highlight_start":1,"text":"pub fn distance_culling_system("},{"highlight_end":108,"highlight_start":1,"text":"    mut cullable_query: Query<(Entity, &mut Cullable, &mut Visibility, &Transform), Without<ActiveEntity>>,"},{"highlight_end":88,"highlight_start":1,"text":"    active_query: Query<(Entity, &Transform), (With<ActiveEntity>, Without<Cullable>)>,"},{"highlight_end":37,"highlight_start":1,"text":"    _settings: Res<CullingSettings>,"},{"highlight_end":21,"highlight_start":1,"text":"    time: Res<Time>,"},{"highlight_end":36,"highlight_start":1,"text":"    mut timer: Local<CullingTimer>,"},{"highlight_end":47,"highlight_start":1,"text":"    mut distance_cache: ResMut<DistanceCache>,"},{"highlight_end":2,"highlight_start":1,"text":") {"}]}]}}
{"reason":"compiler-message","package_id":"path+file:///Users/bradyjeong/Documents/Projects/Amp/gta4/gta_game/gameplay_sim#0.1.0","manifest_path":"/Users/bradyjeong/Documents/Projects/Amp/gta4/gta_game/gameplay_sim/Cargo.toml","target":{"kind":["lib"],"crate_types":["lib"],"name":"gameplay_sim","src_path":"/Users/bradyjeong/Documents/Projects/Amp/gta4/gta_game/gameplay_sim/src/lib.rs","edition":"2021","doc":true,"doctest":true,"test":true},"message":{"rendered":"warning: missing documentation for a function\n  --> gameplay_sim/src/world/dynamic_content.rs:29:1\n   |\n29 | / pub fn dynamic_terrain_system(\n30 | |     mut terrain_query: Query<&mut Transform, (With<DynamicTerrain>, Without<ActiveEntity>)>,\n31 | |     active_query: Query<&Transform, (With<ActiveEntity>, Without<DynamicTerrain>)>,\n32 | | ) {\n   | |_^\n\n","$message_type":"diagnostic","children":[],"code":{"code":"missing_docs","explanation":null},"level":"warning","message":"missing documentation for a function","spans":[{"byte_end":1391,"byte_start":1182,"column_end":2,"column_start":1,"expansion":null,"file_name":"gameplay_sim/src/world/dynamic_content.rs","is_primary":true,"label":null,"line_end":32,"line_start":29,"suggested_replacement":null,"suggestion_applicability":null,"text":[{"highlight_end":31,"highlight_start":1,"text":"pub fn dynamic_terrain_system("},{"highlight_end":93,"highlight_start":1,"text":"    mut terrain_query: Query<&mut Transform, (With<DynamicTerrain>, Without<ActiveEntity>)>,"},{"highlight_end":84,"highlight_start":1,"text":"    active_query: Query<&Transform, (With<ActiveEntity>, Without<DynamicTerrain>)>,"},{"highlight_end":2,"highlight_start":1,"text":") {"}]}]}}
{"reason":"compiler-message","package_id":"path+file:///Users/bradyjeong/Documents/Projects/Amp/gta4/gta_game/gameplay_sim#0.1.0","manifest_path":"/Users/bradyjeong/Documents/Projects/Amp/gta4/gta_game/gameplay_sim/Cargo.toml","target":{"kind":["lib"],"crate_types":["lib"],"name":"gameplay_sim","src_path":"/Users/bradyjeong/Documents/Projects/Amp/gta4/gta_game/gameplay_sim/src/lib.rs","edition":"2021","doc":true,"doctest":true,"test":true},"message":{"rendered":"warning: missing documentation for a struct\n  --> gameplay_sim/src/world/dynamic_content.rs:49:1\n   |\n49 | pub struct DynamicContentTimer {\n   | ^^^^^^^^^^^^^^^^^^^^^^^^^^^^^^\n\n","$message_type":"diagnostic","children":[],"code":{"code":"missing_docs","explanation":null},"level":"warning","message":"missing documentation for a struct","spans":[{"byte_end":2232,"byte_start":2202,"column_end":31,"column_start":1,"expansion":null,"file_name":"gameplay_sim/src/world/dynamic_content.rs","is_primary":true,"label":null,"line_end":49,"line_start":49,"suggested_replacement":null,"suggestion_applicability":null,"text":[{"highlight_end":31,"highlight_start":1,"text":"pub struct DynamicContentTimer {"}]}]}}
{"reason":"compiler-message","package_id":"path+file:///Users/bradyjeong/Documents/Projects/Amp/gta4/gta_game/gameplay_sim#0.1.0","manifest_path":"/Users/bradyjeong/Documents/Projects/Amp/gta4/gta_game/gameplay_sim/Cargo.toml","target":{"kind":["lib"],"crate_types":["lib"],"name":"gameplay_sim","src_path":"/Users/bradyjeong/Documents/Projects/Amp/gta4/gta_game/gameplay_sim/src/lib.rs","edition":"2021","doc":true,"doctest":true,"test":true},"message":{"rendered":"warning: multiple variants are never constructed\n  --> gameplay_sim/src/input/control_manager.rs:28:5\n   |\n26 | pub enum ControlAction {\n   |          ------------- variants in this enum\n27 |     // Movement\n28 |     Accelerate,\n   |     ^^^^^^^^^^\n29 |     Brake,\n   |     ^^^^^\n30 |     Steer,\n   |     ^^^^^\n...\n33 |     Pitch,\n   |     ^^^^^\n34 |     Roll,\n   |     ^^^^\n35 |     Yaw,\n   |     ^^^\n36 |     Throttle,\n   |     ^^^^^^^^\n...\n39 |     Turbo,\n   |     ^^^^^\n40 |     Afterburner,\n   |     ^^^^^^^^^^^\n41 |     EmergencyBrake,\n   |     ^^^^^^^^^^^^^^\n...\n44 |     NPCMove,\n   |     ^^^^^^^\n45 |     NPCTurn,\n   |     ^^^^^^^\n46 |     NPCWander,\n   |     ^^^^^^^^^\n...\n49 |     Interact,\n   |     ^^^^^^^^\n50 |     DebugInfo,\n   |     ^^^^^^^^^\n51 |     EmergencyReset,\n   |     ^^^^^^^^^^^^^^\n   |\n   = note: `ControlAction` has derived impls for the traits `Clone` and `Debug`, but these are intentionally ignored during dead code analysis\n\n","$message_type":"diagnostic","children":[{"children":[],"code":null,"level":"note","message":"`ControlAction` has derived impls for the traits `Clone` and `Debug`, but these are intentionally ignored during dead code analysis","rendered":null,"spans":[]}],"code":{"code":"dead_code","explanation":null},"level":"warning","message":"multiple variants are never constructed","spans":[{"byte_end":1208,"byte_start":1195,"column_end":23,"column_start":10,"expansion":null,"file_name":"gameplay_sim/src/input/control_manager.rs","is_primary":false,"label":"variants in this enum","line_end":26,"line_start":26,"suggested_replacement":null,"suggestion_applicability":null,"text":[{"highlight_end":23,"highlight_start":10,"text":"pub enum ControlAction {"}]},{"byte_end":1241,"byte_start":1231,"column_end":15,"column_start":5,"expansion":null,"file_name":"gameplay_sim/src/input/control_manager.rs","is_primary":true,"label":null,"line_end":28,"line_start":28,"suggested_replacement":null,"suggestion_applicability":null,"text":[{"highlight_end":15,"highlight_start":5,"text":"    Accelerate,"}]},{"byte_end":1252,"byte_start":1247,"column_end":10,"column_start":5,"expansion":null,"file_name":"gameplay_sim/src/input/control_manager.rs","is_primary":true,"label":null,"line_end":29,"line_start":29,"suggested_replacement":null,"suggestion_applicability":null,"text":[{"highlight_end":10,"highlight_start":5,"text":"    Brake,"}]},{"byte_end":1263,"byte_start":1258,"column_end":10,"column_start":5,"expansion":null,"file_name":"gameplay_sim/src/input/control_manager.rs","is_primary":true,"label":null,"line_end":30,"line_start":30,"suggested_replacement":null,"suggestion_applicability":null,"text":[{"highlight_end":10,"highlight_start":5,"text":"    Steer,"}]},{"byte_end":1317,"byte_start":1312,"column_end":10,"column_start":5,"expansion":null,"file_name":"gameplay_sim/src/input/control_manager.rs","is_primary":true,"label":null,"line_end":33,"line_start":33,"suggested_replacement":null,"suggestion_applicability":null,"text":[{"highlight_end":10,"highlight_start":5,"text":"    Pitch,"}]},{"byte_end":1327,"byte_start":1323,"column_end":9,"column_start":5,"expansion":null,"file_name":"gameplay_sim/src/input/control_manager.rs","is_primary":true,"label":null,"line_end":34,"line_start":34,"suggested_replacement":null,"suggestion_applicability":null,"text":[{"highlight_end":9,"highlight_start":5,"text":"    Roll,"}]},{"byte_end":1336,"byte_start":1333,"column_end":8,"column_start":5,"expansion":null,"file_name":"gameplay_sim/src/input/control_manager.rs","is_primary":true,"label":null,"line_end":35,"line_start":35,"suggested_replacement":null,"suggestion_applicability":null,"text":[{"highlight_end":8,"highlight_start":5,"text":"    Yaw,"}]},{"byte_end":1350,"byte_start":1342,"column_end":13,"column_start":5,"expansion":null,"file_name":"gameplay_sim/src/input/control_manager.rs","is_primary":true,"label":null,"line_end":36,"line_start":36,"suggested_replacement":null,"suggestion_applicability":null,"text":[{"highlight_end":13,"highlight_start":5,"text":"    Throttle,"}]},{"byte_end":1381,"byte_start":1376,"column_end":10,"column_start":5,"expansion":null,"file_name":"gameplay_sim/src/input/control_manager.rs","is_primary":true,"label":null,"line_end":39,"line_start":39,"suggested_replacement":null,"suggestion_applicability":null,"text":[{"highlight_end":10,"highlight_start":5,"text":"    Turbo,"}]},{"byte_end":1398,"byte_start":1387,"column_end":16,"column_start":5,"expansion":null,"file_name":"gameplay_sim/src/input/control_manager.rs","is_primary":true,"label":null,"line_end":40,"line_start":40,"suggested_replacement":null,"suggestion_applicability":null,"text":[{"highlight_end":16,"highlight_start":5,"text":"    Afterburner,"}]},{"byte_end":1418,"byte_start":1404,"column_end":19,"column_start":5,"expansion":null,"file_name":"gameplay_sim/src/input/control_manager.rs","is_primary":true,"label":null,"line_end":41,"line_start":41,"suggested_replacement":null,"suggestion_applicability":null,"text":[{"highlight_end":19,"highlight_start":5,"text":"    EmergencyBrake,"}]},{"byte_end":1458,"byte_start":1451,"column_end":12,"column_start":5,"expansion":null,"file_name":"gameplay_sim/src/input/control_manager.rs","is_primary":true,"label":null,"line_end":44,"line_start":44,"suggested_replacement":null,"suggestion_applicability":null,"text":[{"highlight_end":12,"highlight_start":5,"text":"    NPCMove,"}]},{"byte_end":1471,"byte_start":1464,"column_end":12,"column_start":5,"expansion":null,"file_name":"gameplay_sim/src/input/control_manager.rs","is_primary":true,"label":null,"line_end":45,"line_start":45,"suggested_replacement":null,"suggestion_applicability":null,"text":[{"highlight_end":12,"highlight_start":5,"text":"    NPCTurn,"}]},{"byte_end":1486,"byte_start":1477,"column_end":14,"column_start":5,"expansion":null,"file_name":"gameplay_sim/src/input/control_manager.rs","is_primary":true,"label":null,"line_end":46,"line_start":46,"suggested_replacement":null,"suggestion_applicability":null,"text":[{"highlight_end":14,"highlight_start":5,"text":"    NPCWander,"}]},{"byte_end":1524,"byte_start":1516,"column_end":13,"column_start":5,"expansion":null,"file_name":"gameplay_sim/src/input/control_manager.rs","is_primary":true,"label":null,"line_end":49,"line_start":49,"suggested_replacement":null,"suggestion_applicability":null,"text":[{"highlight_end":13,"highlight_start":5,"text":"    Interact,"}]},{"byte_end":1539,"byte_start":1530,"column_end":14,"column_start":5,"expansion":null,"file_name":"gameplay_sim/src/input/control_manager.rs","is_primary":true,"label":null,"line_end":50,"line_start":50,"suggested_replacement":null,"suggestion_applicability":null,"text":[{"highlight_end":14,"highlight_start":5,"text":"    DebugInfo,"}]},{"byte_end":1559,"byte_start":1545,"column_end":19,"column_start":5,"expansion":null,"file_name":"gameplay_sim/src/input/control_manager.rs","is_primary":true,"label":null,"line_end":51,"line_start":51,"suggested_replacement":null,"suggestion_applicability":null,"text":[{"highlight_end":19,"highlight_start":5,"text":"    EmergencyReset,"}]}]}}
{"reason":"compiler-message","package_id":"path+file:///Users/bradyjeong/Documents/Projects/Amp/gta4/gta_game/gameplay_sim#0.1.0","manifest_path":"/Users/bradyjeong/Documents/Projects/Amp/gta4/gta_game/gameplay_sim/Cargo.toml","target":{"kind":["lib"],"crate_types":["lib"],"name":"gameplay_sim","src_path":"/Users/bradyjeong/Documents/Projects/Amp/gta4/gta_game/gameplay_sim/src/lib.rs","edition":"2021","doc":true,"doctest":true,"test":true},"message":{"rendered":"warning: trait `Controllable` is never used\n  --> gameplay_sim/src/input/control_manager.rs:55:11\n   |\n55 | pub trait Controllable {\n   |           ^^^^^^^^^^^^\n\n","$message_type":"diagnostic","children":[],"code":{"code":"dead_code","explanation":null},"level":"warning","message":"trait `Controllable` is never used","spans":[{"byte_end":1632,"byte_start":1620,"column_end":23,"column_start":11,"expansion":null,"file_name":"gameplay_sim/src/input/control_manager.rs","is_primary":true,"label":null,"line_end":55,"line_start":55,"suggested_replacement":null,"suggestion_applicability":null,"text":[{"highlight_end":23,"highlight_start":11,"text":"pub trait Controllable {"}]}]}}
{"reason":"compiler-message","package_id":"path+file:///Users/bradyjeong/Documents/Projects/Amp/gta4/gta_game/gameplay_sim#0.1.0","manifest_path":"/Users/bradyjeong/Documents/Projects/Amp/gta4/gta_game/gameplay_sim/Cargo.toml","target":{"kind":["lib"],"crate_types":["lib"],"name":"gameplay_sim","src_path":"/Users/bradyjeong/Documents/Projects/Amp/gta4/gta_game/gameplay_sim/src/lib.rs","edition":"2021","doc":true,"doctest":true,"test":true},"message":{"rendered":"warning: missing documentation for a function\n  --> gameplay_sim/src/world/dynamic_content.rs:54:1\n   |\n54 | / pub fn dynamic_content_system(\n55 | |     mut commands: Commands,\n56 | |     active_query: Query<&Transform, (With<ActiveEntity>, Without<DynamicContent>)>,\n57 | |     content_query: Query<(Entity, &Transform, &DynamicContent)>,\n...  |\n66 | |     game_config: Res<GameConfig>,\n67 | | ) {\n   | |_^\n\n","$message_type":"diagnostic","children":[],"code":{"code":"missing_docs","explanation":null},"level":"warning","message":"missing documentation for a function","spans":[{"byte_end":2906,"byte_start":2289,"column_end":2,"column_start":1,"expansion":null,"file_name":"gameplay_sim/src/world/dynamic_content.rs","is_primary":true,"label":null,"line_end":67,"line_start":54,"suggested_replacement":null,"suggestion_applicability":null,"text":[{"highlight_end":31,"highlight_start":1,"text":"pub fn dynamic_content_system("},{"highlight_end":28,"highlight_start":1,"text":"    mut commands: Commands,"},{"highlight_end":84,"highlight_start":1,"text":"    active_query: Query<&Transform, (With<ActiveEntity>, Without<DynamicContent>)>,"},{"highlight_end":65,"highlight_start":1,"text":"    content_query: Query<(Entity, &Transform, &DynamicContent)>,"},{"highlight_end":86,"highlight_start":1,"text":"    existing_vehicles_query: Query<&Transform, (With<Car>, Without<DynamicContent>)>,"},{"highlight_end":38,"highlight_start":1,"text":"    mut meshes: ResMut<Assets<Mesh>>,"},{"highlight_end":53,"highlight_start":1,"text":"    mut materials: ResMut<Assets<StandardMaterial>>,"},{"highlight_end":42,"highlight_start":1,"text":"    _entity_limits: ResMut<EntityLimits>,"},{"highlight_end":55,"highlight_start":1,"text":"    mut unified_factory: ResMut<UnifiedEntityFactory>,"},{"highlight_end":36,"highlight_start":1,"text":"    road_network: Res<RoadNetwork>,"},{"highlight_end":21,"highlight_start":1,"text":"    time: Res<Time>,"},{"highlight_end":43,"highlight_start":1,"text":"    mut timer: Local<DynamicContentTimer>,"},{"highlight_end":34,"highlight_start":1,"text":"    game_config: Res<GameConfig>,"},{"highlight_end":2,"highlight_start":1,"text":") {"}]}]}}
{"reason":"compiler-message","package_id":"path+file:///Users/bradyjeong/Documents/Projects/Amp/gta4/gta_game/gameplay_sim#0.1.0","manifest_path":"/Users/bradyjeong/Documents/Projects/Amp/gta4/gta_game/gameplay_sim/Cargo.toml","target":{"kind":["lib"],"crate_types":["lib"],"name":"gameplay_sim","src_path":"/Users/bradyjeong/Documents/Projects/Amp/gta4/gta_game/gameplay_sim/src/lib.rs","edition":"2021","doc":true,"doctest":true,"test":true},"message":{"rendered":"warning: variants `Player`, `Vehicle`, `SuperVehicle`, `Helicopter`, `Aircraft`, and `NPC` are never constructed\n  --> gameplay_sim/src/input/control_manager.rs:66:5\n   |\n65 | pub enum ControlEntityType {\n   |          ----------------- variants in this enum\n66 |     Player,\n   |     ^^^^^^\n67 |     Vehicle,\n   |     ^^^^^^^\n68 |     SuperVehicle,\n   |     ^^^^^^^^^^^^\n69 |     Helicopter,\n   |     ^^^^^^^^^^\n70 |     Aircraft,\n   |     ^^^^^^^^\n71 |     NPC,\n   |     ^^^\n   |\n   = note: `ControlEntityType` has derived impls for the traits `Clone` and `Debug`, but these are intentionally ignored during dead code analysis\n\n","$message_type":"diagnostic","children":[{"children":[],"code":null,"level":"note","message":"`ControlEntityType` has derived impls for the traits `Clone` and `Debug`, but these are intentionally ignored during dead code analysis","rendered":null,"spans":[]}],"code":{"code":"dead_code","explanation":null},"level":"warning","message":"variants `Player`, `Vehicle`, `SuperVehicle`, `Helicopter`, `Aircraft`, and `NPC` are never constructed","spans":[{"byte_end":1993,"byte_start":1976,"column_end":27,"column_start":10,"expansion":null,"file_name":"gameplay_sim/src/input/control_manager.rs","is_primary":false,"label":"variants in this enum","line_end":65,"line_start":65,"suggested_replacement":null,"suggestion_applicability":null,"text":[{"highlight_end":27,"highlight_start":10,"text":"pub enum ControlEntityType {"}]},{"byte_end":2006,"byte_start":2000,"column_end":11,"column_start":5,"expansion":null,"file_name":"gameplay_sim/src/input/control_manager.rs","is_primary":true,"label":null,"line_end":66,"line_start":66,"suggested_replacement":null,"suggestion_applicability":null,"text":[{"highlight_end":11,"highlight_start":5,"text":"    Player,"}]},{"byte_end":2019,"byte_start":2012,"column_end":12,"column_start":5,"expansion":null,"file_name":"gameplay_sim/src/input/control_manager.rs","is_primary":true,"label":null,"line_end":67,"line_start":67,"suggested_replacement":null,"suggestion_applicability":null,"text":[{"highlight_end":12,"highlight_start":5,"text":"    Vehicle,"}]},{"byte_end":2037,"byte_start":2025,"column_end":17,"column_start":5,"expansion":null,"file_name":"gameplay_sim/src/input/control_manager.rs","is_primary":true,"label":null,"line_end":68,"line_start":68,"suggested_replacement":null,"suggestion_applicability":null,"text":[{"highlight_end":17,"highlight_start":5,"text":"    SuperVehicle,"}]},{"byte_end":2053,"byte_start":2043,"column_end":15,"column_start":5,"expansion":null,"file_name":"gameplay_sim/src/input/control_manager.rs","is_primary":true,"label":null,"line_end":69,"line_start":69,"suggested_replacement":null,"suggestion_applicability":null,"text":[{"highlight_end":15,"highlight_start":5,"text":"    Helicopter,"}]},{"byte_end":2067,"byte_start":2059,"column_end":13,"column_start":5,"expansion":null,"file_name":"gameplay_sim/src/input/control_manager.rs","is_primary":true,"label":null,"line_end":70,"line_start":70,"suggested_replacement":null,"suggestion_applicability":null,"text":[{"highlight_end":13,"highlight_start":5,"text":"    Aircraft,"}]},{"byte_end":2076,"byte_start":2073,"column_end":8,"column_start":5,"expansion":null,"file_name":"gameplay_sim/src/input/control_manager.rs","is_primary":true,"label":null,"line_end":71,"line_start":71,"suggested_replacement":null,"suggestion_applicability":null,"text":[{"highlight_end":8,"highlight_start":5,"text":"    NPC,"}]}]}}
{"reason":"compiler-message","package_id":"path+file:///Users/bradyjeong/Documents/Projects/Amp/gta4/gta_game/gameplay_sim#0.1.0","manifest_path":"/Users/bradyjeong/Documents/Projects/Amp/gta4/gta_game/gameplay_sim/Cargo.toml","target":{"kind":["lib"],"crate_types":["lib"],"name":"gameplay_sim","src_path":"/Users/bradyjeong/Documents/Projects/Amp/gta4/gta_game/gameplay_sim/src/lib.rs","edition":"2021","doc":true,"doctest":true,"test":true},"message":{"rendered":"warning: missing documentation for a function\n   --> gameplay_sim/src/world/dynamic_content.rs:191:1\n    |\n191 | / pub fn vehicle_separation_system(\n192 | |     mut vehicle_query: Query<(&mut Transform, &mut Velocity), (With<Car>, With<DynamicContent>)>,\n193 | | ) {\n    | |_^\n\n","$message_type":"diagnostic","children":[],"code":{"code":"missing_docs","explanation":null},"level":"warning","message":"missing documentation for a function","spans":[{"byte_end":8362,"byte_start":8229,"column_end":2,"column_start":1,"expansion":null,"file_name":"gameplay_sim/src/world/dynamic_content.rs","is_primary":true,"label":null,"line_end":193,"line_start":191,"suggested_replacement":null,"suggestion_applicability":null,"text":[{"highlight_end":34,"highlight_start":1,"text":"pub fn vehicle_separation_system("},{"highlight_end":98,"highlight_start":1,"text":"    mut vehicle_query: Query<(&mut Transform, &mut Velocity), (With<Car>, With<DynamicContent>)>,"},{"highlight_end":2,"highlight_start":1,"text":") {"}]}]}}
{"reason":"compiler-message","package_id":"path+file:///Users/bradyjeong/Documents/Projects/Amp/gta4/gta_game/gameplay_sim#0.1.0","manifest_path":"/Users/bradyjeong/Documents/Projects/Amp/gta4/gta_game/gameplay_sim/Cargo.toml","target":{"kind":["lib"],"crate_types":["lib"],"name":"gameplay_sim","src_path":"/Users/bradyjeong/Documents/Projects/Amp/gta4/gta_game/gameplay_sim/src/lib.rs","edition":"2021","doc":true,"doctest":true,"test":true},"message":{"rendered":"warning: fields `movement_direction`, `rotation_target`, `speed_factor`, and `action_priority` are never read\n  --> gameplay_sim/src/input/control_manager.rs:77:9\n   |\n76 | pub struct AIControlDecision {\n   |            ----------------- fields in this struct\n77 |     pub movement_direction: Vec3,\n   |         ^^^^^^^^^^^^^^^^^^\n78 |     pub rotation_target: f32,\n   |         ^^^^^^^^^^^^^^^\n79 |     pub speed_factor: f32,\n   |         ^^^^^^^^^^^^\n80 |     pub action_priority: f32,\n   |         ^^^^^^^^^^^^^^^\n   |\n   = note: `AIControlDecision` has derived impls for the traits `Clone` and `Debug`, but these are intentionally ignored during dead code analysis\n\n","$message_type":"diagnostic","children":[{"children":[],"code":null,"level":"note","message":"`AIControlDecision` has derived impls for the traits `Clone` and `Debug`, but these are intentionally ignored during dead code analysis","rendered":null,"spans":[]}],"code":{"code":"dead_code","explanation":null},"level":"warning","message":"fields `movement_direction`, `rotation_target`, `speed_factor`, and `action_priority` are never read","spans":[{"byte_end":2166,"byte_start":2149,"column_end":29,"column_start":12,"expansion":null,"file_name":"gameplay_sim/src/input/control_manager.rs","is_primary":false,"label":"fields in this struct","line_end":76,"line_start":76,"suggested_replacement":null,"suggestion_applicability":null,"text":[{"highlight_end":29,"highlight_start":12,"text":"pub struct AIControlDecision {"}]},{"byte_end":2195,"byte_start":2177,"column_end":27,"column_start":9,"expansion":null,"file_name":"gameplay_sim/src/input/control_manager.rs","is_primary":true,"label":null,"line_end":77,"line_start":77,"suggested_replacement":null,"suggestion_applicability":null,"text":[{"highlight_end":27,"highlight_start":9,"text":"    pub movement_direction: Vec3,"}]},{"byte_end":2226,"byte_start":2211,"column_end":24,"column_start":9,"expansion":null,"file_name":"gameplay_sim/src/input/control_manager.rs","is_primary":true,"label":null,"line_end":78,"line_start":78,"suggested_replacement":null,"suggestion_applicability":null,"text":[{"highlight_end":24,"highlight_start":9,"text":"    pub rotation_target: f32,"}]},{"byte_end":2253,"byte_start":2241,"column_end":21,"column_start":9,"expansion":null,"file_name":"gameplay_sim/src/input/control_manager.rs","is_primary":true,"label":null,"line_end":79,"line_start":79,"suggested_replacement":null,"suggestion_applicability":null,"text":[{"highlight_end":21,"highlight_start":9,"text":"    pub speed_factor: f32,"}]},{"byte_end":2283,"byte_start":2268,"column_end":24,"column_start":9,"expansion":null,"file_name":"gameplay_sim/src/input/control_manager.rs","is_primary":true,"label":null,"line_end":80,"line_start":80,"suggested_replacement":null,"suggestion_applicability":null,"text":[{"highlight_end":24,"highlight_start":9,"text":"    pub action_priority: f32,"}]}]}}
{"reason":"compiler-message","package_id":"path+file:///Users/bradyjeong/Documents/Projects/Amp/gta4/gta_game/gameplay_sim#0.1.0","manifest_path":"/Users/bradyjeong/Documents/Projects/Amp/gta4/gta_game/gameplay_sim/Cargo.toml","target":{"kind":["lib"],"crate_types":["lib"],"name":"gameplay_sim","src_path":"/Users/bradyjeong/Documents/Projects/Amp/gta4/gta_game/gameplay_sim/src/lib.rs","edition":"2021","doc":true,"doctest":true,"test":true},"message":{"rendered":"warning: missing documentation for a function\n  --> gameplay_sim/src/world/performance.rs:16:1\n   |\n16 | / pub fn performance_monitoring_system(\n17 | |     time: Res<Time>,\n18 | |     mut stats: ResMut<PerformanceStats>,\n19 | |     entity_query: Query<Entity>,\n20 | |     cullable_query: Query<&Cullable>,\n21 | |     diagnostics: Res<DiagnosticsStore>,\n22 | | ) {\n   | |_^\n\n","$message_type":"diagnostic","children":[],"code":{"code":"missing_docs","explanation":null},"level":"warning","message":"missing documentation for a function","spans":[{"byte_end":933,"byte_start":721,"column_end":2,"column_start":1,"expansion":null,"file_name":"gameplay_sim/src/world/performance.rs","is_primary":true,"label":null,"line_end":22,"line_start":16,"suggested_replacement":null,"suggestion_applicability":null,"text":[{"highlight_end":38,"highlight_start":1,"text":"pub fn performance_monitoring_system("},{"highlight_end":21,"highlight_start":1,"text":"    time: Res<Time>,"},{"highlight_end":41,"highlight_start":1,"text":"    mut stats: ResMut<PerformanceStats>,"},{"highlight_end":33,"highlight_start":1,"text":"    entity_query: Query<Entity>,"},{"highlight_end":38,"highlight_start":1,"text":"    cullable_query: Query<&Cullable>,"},{"highlight_end":40,"highlight_start":1,"text":"    diagnostics: Res<DiagnosticsStore>,"},{"highlight_end":2,"highlight_start":1,"text":") {"}]}]}}
{"reason":"compiler-message","package_id":"path+file:///Users/bradyjeong/Documents/Projects/Amp/gta4/gta_game/gameplay_sim#0.1.0","manifest_path":"/Users/bradyjeong/Documents/Projects/Amp/gta4/gta_game/gameplay_sim/Cargo.toml","target":{"kind":["lib"],"crate_types":["lib"],"name":"gameplay_sim","src_path":"/Users/bradyjeong/Documents/Projects/Amp/gta4/gta_game/gameplay_sim/src/lib.rs","edition":"2021","doc":true,"doctest":true,"test":true},"message":{"rendered":"warning: multiple fields are never read\n   --> gameplay_sim/src/input/control_manager.rs:96:9\n    |\n95  | pub struct VehiclePhysicsConfig {\n    |            -------------------- fields in this struct\n96  |     pub max_speed: f32,\n    |         ^^^^^^^^^\n97  |     pub acceleration: f32,\n    |         ^^^^^^^^^^^^\n98  |     pub turn_speed: f32,\n    |         ^^^^^^^^^^\n99  |     pub brake_force: f32,\n    |         ^^^^^^^^^^^\n...\n102 |     pub max_acceleration: f32,\n    |         ^^^^^^^^^^^^^^^^\n103 |     pub max_angular_velocity: f32,\n    |         ^^^^^^^^^^^^^^^^^^^^\n104 |     pub position_clamp: Vec3,\n    |         ^^^^^^^^^^^^^^\n...\n107 |     pub acceleration_sensitivity: f32,\n    |         ^^^^^^^^^^^^^^^^^^^^^^^^\n108 |     pub steering_sensitivity: f32,\n    |         ^^^^^^^^^^^^^^^^^^^^\n109 |     pub brake_sensitivity: f32,\n    |         ^^^^^^^^^^^^^^^^^\n...\n112 |     pub enable_safety_limits: bool,\n    |         ^^^^^^^^^^^^^^^^^^^^\n113 |     pub max_safe_speed: f32,\n    |         ^^^^^^^^^^^^^^\n114 |     pub stability_assist: bool,\n    |         ^^^^^^^^^^^^^^^^\n    |\n    = note: `VehiclePhysicsConfig` has derived impls for the traits `Clone` and `Debug`, but these are intentionally ignored during dead code analysis\n\n","$message_type":"diagnostic","children":[{"children":[],"code":null,"level":"note","message":"`VehiclePhysicsConfig` has derived impls for the traits `Clone` and `Debug`, but these are intentionally ignored during dead code analysis","rendered":null,"spans":[]}],"code":{"code":"dead_code","explanation":null},"level":"warning","message":"multiple fields are never read","spans":[{"byte_end":2589,"byte_start":2569,"column_end":32,"column_start":12,"expansion":null,"file_name":"gameplay_sim/src/input/control_manager.rs","is_primary":false,"label":"fields in this struct","line_end":95,"line_start":95,"suggested_replacement":null,"suggestion_applicability":null,"text":[{"highlight_end":32,"highlight_start":12,"text":"pub struct VehiclePhysicsConfig {"}]},{"byte_end":2609,"byte_start":2600,"column_end":18,"column_start":9,"expansion":null,"file_name":"gameplay_sim/src/input/control_manager.rs","is_primary":true,"label":null,"line_end":96,"line_start":96,"suggested_replacement":null,"suggestion_applicability":null,"text":[{"highlight_end":18,"highlight_start":9,"text":"    pub max_speed: f32,"}]},{"byte_end":2636,"byte_start":2624,"column_end":21,"column_start":9,"expansion":null,"file_name":"gameplay_sim/src/input/control_manager.rs","is_primary":true,"label":null,"line_end":97,"line_start":97,"suggested_replacement":null,"suggestion_applicability":null,"text":[{"highlight_end":21,"highlight_start":9,"text":"    pub acceleration: f32,"}]},{"byte_end":2661,"byte_start":2651,"column_end":19,"column_start":9,"expansion":null,"file_name":"gameplay_sim/src/input/control_manager.rs","is_primary":true,"label":null,"line_end":98,"line_start":98,"suggested_replacement":null,"suggestion_applicability":null,"text":[{"highlight_end":19,"highlight_start":9,"text":"    pub turn_speed: f32,"}]},{"byte_end":2687,"byte_start":2676,"column_end":20,"column_start":9,"expansion":null,"file_name":"gameplay_sim/src/input/control_manager.rs","is_primary":true,"label":null,"line_end":99,"line_start":99,"suggested_replacement":null,"suggestion_applicability":null,"text":[{"highlight_end":20,"highlight_start":9,"text":"    pub brake_force: f32,"}]},{"byte_end":2750,"byte_start":2734,"column_end":25,"column_start":9,"expansion":null,"file_name":"gameplay_sim/src/input/control_manager.rs","is_primary":true,"label":null,"line_end":102,"line_start":102,"suggested_replacement":null,"suggestion_applicability":null,"text":[{"highlight_end":25,"highlight_start":9,"text":"    pub max_acceleration: f32,"}]},{"byte_end":2785,"byte_start":2765,"column_end":29,"column_start":9,"expansion":null,"file_name":"gameplay_sim/src/input/control_manager.rs","is_primary":true,"label":null,"line_end":103,"line_start":103,"suggested_replacement":null,"suggestion_applicability":null,"text":[{"highlight_end":29,"highlight_start":9,"text":"    pub max_angular_velocity: f32,"}]},{"byte_end":2814,"byte_start":2800,"column_end":23,"column_start":9,"expansion":null,"file_name":"gameplay_sim/src/input/control_manager.rs","is_primary":true,"label":null,"line_end":104,"line_start":104,"suggested_replacement":null,"suggestion_applicability":null,"text":[{"highlight_end":23,"highlight_start":9,"text":"    pub position_clamp: Vec3,"}]},{"byte_end":2884,"byte_start":2860,"column_end":33,"column_start":9,"expansion":null,"file_name":"gameplay_sim/src/input/control_manager.rs","is_primary":true,"label":null,"line_end":107,"line_start":107,"suggested_replacement":null,"suggestion_applicability":null,"text":[{"highlight_end":33,"highlight_start":9,"text":"    pub acceleration_sensitivity: f32,"}]},{"byte_end":2919,"byte_start":2899,"column_end":29,"column_start":9,"expansion":null,"file_name":"gameplay_sim/src/input/control_manager.rs","is_primary":true,"label":null,"line_end":108,"line_start":108,"suggested_replacement":null,"suggestion_applicability":null,"text":[{"highlight_end":29,"highlight_start":9,"text":"    pub steering_sensitivity: f32,"}]},{"byte_end":2951,"byte_start":2934,"column_end":26,"column_start":9,"expansion":null,"file_name":"gameplay_sim/src/input/control_manager.rs","is_primary":true,"label":null,"line_end":109,"line_start":109,"suggested_replacement":null,"suggestion_applicability":null,"text":[{"highlight_end":26,"highlight_start":9,"text":"    pub brake_sensitivity: f32,"}]},{"byte_end":3012,"byte_start":2992,"column_end":29,"column_start":9,"expansion":null,"file_name":"gameplay_sim/src/input/control_manager.rs","is_primary":true,"label":null,"line_end":112,"line_start":112,"suggested_replacement":null,"suggestion_applicability":null,"text":[{"highlight_end":29,"highlight_start":9,"text":"    pub enable_safety_limits: bool,"}]},{"byte_end":3042,"byte_start":3028,"column_end":23,"column_start":9,"expansion":null,"file_name":"gameplay_sim/src/input/control_manager.rs","is_primary":true,"label":null,"line_end":113,"line_start":113,"suggested_replacement":null,"suggestion_applicability":null,"text":[{"highlight_end":23,"highlight_start":9,"text":"    pub max_safe_speed: f32,"}]},{"byte_end":3073,"byte_start":3057,"column_end":25,"column_start":9,"expansion":null,"file_name":"gameplay_sim/src/input/control_manager.rs","is_primary":true,"label":null,"line_end":114,"line_start":114,"suggested_replacement":null,"suggestion_applicability":null,"text":[{"highlight_end":25,"highlight_start":9,"text":"    pub stability_assist: bool,"}]}]}}
{"reason":"compiler-message","package_id":"path+file:///Users/bradyjeong/Documents/Projects/Amp/gta4/gta_game/gameplay_sim#0.1.0","manifest_path":"/Users/bradyjeong/Documents/Projects/Amp/gta4/gta_game/gameplay_sim/Cargo.toml","target":{"kind":["lib"],"crate_types":["lib"],"name":"gameplay_sim","src_path":"/Users/bradyjeong/Documents/Projects/Amp/gta4/gta_game/gameplay_sim/src/lib.rs","edition":"2021","doc":true,"doctest":true,"test":true},"message":{"rendered":"warning: missing documentation for an enum\n  --> gameplay_sim/src/world/road_network.rs:21:1\n   |\n21 | pub enum RoadType {\n   | ^^^^^^^^^^^^^^^^^\n\n","$message_type":"diagnostic","children":[],"code":{"code":"missing_docs","explanation":null},"level":"warning","message":"missing documentation for an enum","spans":[{"byte_end":903,"byte_start":886,"column_end":18,"column_start":1,"expansion":null,"file_name":"gameplay_sim/src/world/road_network.rs","is_primary":true,"label":null,"line_end":21,"line_start":21,"suggested_replacement":null,"suggestion_applicability":null,"text":[{"highlight_end":18,"highlight_start":1,"text":"pub enum RoadType {"}]}]}}
{"reason":"compiler-message","package_id":"path+file:///Users/bradyjeong/Documents/Projects/Amp/gta4/gta_game/gameplay_sim#0.1.0","manifest_path":"/Users/bradyjeong/Documents/Projects/Amp/gta4/gta_game/gameplay_sim/Cargo.toml","target":{"kind":["lib"],"crate_types":["lib"],"name":"gameplay_sim","src_path":"/Users/bradyjeong/Documents/Projects/Amp/gta4/gta_game/gameplay_sim/src/lib.rs","edition":"2021","doc":true,"doctest":true,"test":true},"message":{"rendered":"warning: missing documentation for a variant\n  --> gameplay_sim/src/world/road_network.rs:22:5\n   |\n22 |     Street,\n   |     ^^^^^^\n\n","$message_type":"diagnostic","children":[],"code":{"code":"missing_docs","explanation":null},"level":"warning","message":"missing documentation for a variant","spans":[{"byte_end":916,"byte_start":910,"column_end":11,"column_start":5,"expansion":null,"file_name":"gameplay_sim/src/world/road_network.rs","is_primary":true,"label":null,"line_end":22,"line_start":22,"suggested_replacement":null,"suggestion_applicability":null,"text":[{"highlight_end":11,"highlight_start":5,"text":"    Street,"}]}]}}
{"reason":"compiler-message","package_id":"path+file:///Users/bradyjeong/Documents/Projects/Amp/gta4/gta_game/gameplay_sim#0.1.0","manifest_path":"/Users/bradyjeong/Documents/Projects/Amp/gta4/gta_game/gameplay_sim/Cargo.toml","target":{"kind":["lib"],"crate_types":["lib"],"name":"gameplay_sim","src_path":"/Users/bradyjeong/Documents/Projects/Amp/gta4/gta_game/gameplay_sim/src/lib.rs","edition":"2021","doc":true,"doctest":true,"test":true},"message":{"rendered":"warning: multiple fields are never read\n   --> gameplay_sim/src/input/control_manager.rs:143:5\n    |\n138 | pub struct ControlManager {\n    |            -------------- fields in this struct\n...\n143 |     active_controls: HashMap<ControlAction, f32>,\n    |     ^^^^^^^^^^^^^^^\n...\n146 |     ai_decisions: HashMap<Entity, AIControlDecision>,\n    |     ^^^^^^^^^^^^\n...\n149 |     entity_types: HashMap<Entity, ControlEntityType>,\n    |     ^^^^^^^^^^^^\n...\n152 |     last_update_time: Option<Instant>,\n    |     ^^^^^^^^^^^^^^^^\n153 |     max_update_time_us: u128,\n    |     ^^^^^^^^^^^^^^^^^^\n154 |     validation_failures: u32,\n    |     ^^^^^^^^^^^^^^^^^^^\n...\n157 |     emergency_brake_active: bool,\n    |     ^^^^^^^^^^^^^^^^^^^^^^\n158 |     stability_intervention: bool,\n    |     ^^^^^^^^^^^^^^^^^^^^^^\n159 |     safety_override: bool,\n    |     ^^^^^^^^^^^^^^^\n\n","$message_type":"diagnostic","children":[],"code":{"code":"dead_code","explanation":null},"level":"warning","message":"multiple fields are never read","spans":[{"byte_end":3715,"byte_start":3701,"column_end":26,"column_start":12,"expansion":null,"file_name":"gameplay_sim/src/input/control_manager.rs","is_primary":false,"label":"fields in this struct","line_end":138,"line_start":138,"suggested_replacement":null,"suggestion_applicability":null,"text":[{"highlight_end":26,"highlight_start":12,"text":"pub struct ControlManager {"}]},{"byte_end":3914,"byte_start":3899,"column_end":20,"column_start":5,"expansion":null,"file_name":"gameplay_sim/src/input/control_manager.rs","is_primary":true,"label":null,"line_end":143,"line_start":143,"suggested_replacement":null,"suggestion_applicability":null,"text":[{"highlight_end":20,"highlight_start":5,"text":"    active_controls: HashMap<ControlAction, f32>,"}]},{"byte_end":4003,"byte_start":3991,"column_end":17,"column_start":5,"expansion":null,"file_name":"gameplay_sim/src/input/control_manager.rs","is_primary":true,"label":null,"line_end":146,"line_start":146,"suggested_replacement":null,"suggestion_applicability":null,"text":[{"highlight_end":17,"highlight_start":5,"text":"    ai_decisions: HashMap<Entity, AIControlDecision>,"}]},{"byte_end":4090,"byte_start":4078,"column_end":17,"column_start":5,"expansion":null,"file_name":"gameplay_sim/src/input/control_manager.rs","is_primary":true,"label":null,"line_end":149,"line_start":149,"suggested_replacement":null,"suggestion_applicability":null,"text":[{"highlight_end":17,"highlight_start":5,"text":"    entity_types: HashMap<Entity, ControlEntityType>,"}]},{"byte_end":4183,"byte_start":4167,"column_end":21,"column_start":5,"expansion":null,"file_name":"gameplay_sim/src/input/control_manager.rs","is_primary":true,"label":null,"line_end":152,"line_start":152,"suggested_replacement":null,"suggestion_applicability":null,"text":[{"highlight_end":21,"highlight_start":5,"text":"    last_update_time: Option<Instant>,"}]},{"byte_end":4224,"byte_start":4206,"column_end":23,"column_start":5,"expansion":null,"file_name":"gameplay_sim/src/input/control_manager.rs","is_primary":true,"label":null,"line_end":153,"line_start":153,"suggested_replacement":null,"suggestion_applicability":null,"text":[{"highlight_end":23,"highlight_start":5,"text":"    max_update_time_us: u128,"}]},{"byte_end":4255,"byte_start":4236,"column_end":24,"column_start":5,"expansion":null,"file_name":"gameplay_sim/src/input/control_manager.rs","is_primary":true,"label":null,"line_end":154,"line_start":154,"suggested_replacement":null,"suggestion_applicability":null,"text":[{"highlight_end":24,"highlight_start":5,"text":"    validation_failures: u32,"}]},{"byte_end":4315,"byte_start":4293,"column_end":27,"column_start":5,"expansion":null,"file_name":"gameplay_sim/src/input/control_manager.rs","is_primary":true,"label":null,"line_end":157,"line_start":157,"suggested_replacement":null,"suggestion_applicability":null,"text":[{"highlight_end":27,"highlight_start":5,"text":"    emergency_brake_active: bool,"}]},{"byte_end":4349,"byte_start":4327,"column_end":27,"column_start":5,"expansion":null,"file_name":"gameplay_sim/src/input/control_manager.rs","is_primary":true,"label":null,"line_end":158,"line_start":158,"suggested_replacement":null,"suggestion_applicability":null,"text":[{"highlight_end":27,"highlight_start":5,"text":"    stability_intervention: bool,"}]},{"byte_end":4376,"byte_start":4361,"column_end":20,"column_start":5,"expansion":null,"file_name":"gameplay_sim/src/input/control_manager.rs","is_primary":true,"label":null,"line_end":159,"line_start":159,"suggested_replacement":null,"suggestion_applicability":null,"text":[{"highlight_end":20,"highlight_start":5,"text":"    safety_override: bool,"}]}]}}
{"reason":"compiler-message","package_id":"path+file:///Users/bradyjeong/Documents/Projects/Amp/gta4/gta_game/gameplay_sim#0.1.0","manifest_path":"/Users/bradyjeong/Documents/Projects/Amp/gta4/gta_game/gameplay_sim/Cargo.toml","target":{"kind":["lib"],"crate_types":["lib"],"name":"gameplay_sim","src_path":"/Users/bradyjeong/Documents/Projects/Amp/gta4/gta_game/gameplay_sim/src/lib.rs","edition":"2021","doc":true,"doctest":true,"test":true},"message":{"rendered":"warning: missing documentation for a variant\n  --> gameplay_sim/src/world/road_network.rs:23:5\n   |\n23 |     Highway,\n   |     ^^^^^^^\n\n","$message_type":"diagnostic","children":[],"code":{"code":"missing_docs","explanation":null},"level":"warning","message":"missing documentation for a variant","spans":[{"byte_end":929,"byte_start":922,"column_end":12,"column_start":5,"expansion":null,"file_name":"gameplay_sim/src/world/road_network.rs","is_primary":true,"label":null,"line_end":23,"line_start":23,"suggested_replacement":null,"suggestion_applicability":null,"text":[{"highlight_end":12,"highlight_start":5,"text":"    Highway,"}]}]}}
{"reason":"compiler-message","package_id":"path+file:///Users/bradyjeong/Documents/Projects/Amp/gta4/gta_game/gameplay_sim#0.1.0","manifest_path":"/Users/bradyjeong/Documents/Projects/Amp/gta4/gta_game/gameplay_sim/Cargo.toml","target":{"kind":["lib"],"crate_types":["lib"],"name":"gameplay_sim","src_path":"/Users/bradyjeong/Documents/Projects/Amp/gta4/gta_game/gameplay_sim/src/lib.rs","edition":"2021","doc":true,"doctest":true,"test":true},"message":{"rendered":"warning: missing documentation for a variant\n  --> gameplay_sim/src/world/road_network.rs:24:5\n   |\n24 |     Residential,\n   |     ^^^^^^^^^^^\n\n","$message_type":"diagnostic","children":[],"code":{"code":"missing_docs","explanation":null},"level":"warning","message":"missing documentation for a variant","spans":[{"byte_end":946,"byte_start":935,"column_end":16,"column_start":5,"expansion":null,"file_name":"gameplay_sim/src/world/road_network.rs","is_primary":true,"label":null,"line_end":24,"line_start":24,"suggested_replacement":null,"suggestion_applicability":null,"text":[{"highlight_end":16,"highlight_start":5,"text":"    Residential,"}]}]}}
{"reason":"compiler-message","package_id":"path+file:///Users/bradyjeong/Documents/Projects/Amp/gta4/gta_game/gameplay_sim#0.1.0","manifest_path":"/Users/bradyjeong/Documents/Projects/Amp/gta4/gta_game/gameplay_sim/Cargo.toml","target":{"kind":["lib"],"crate_types":["lib"],"name":"gameplay_sim","src_path":"/Users/bradyjeong/Documents/Projects/Amp/gta4/gta_game/gameplay_sim/src/lib.rs","edition":"2021","doc":true,"doctest":true,"test":true},"message":{"rendered":"warning: missing documentation for a variant\n  --> gameplay_sim/src/world/road_network.rs:25:5\n   |\n25 |     Commercial,\n   |     ^^^^^^^^^^\n\n","$message_type":"diagnostic","children":[],"code":{"code":"missing_docs","explanation":null},"level":"warning","message":"missing documentation for a variant","spans":[{"byte_end":962,"byte_start":952,"column_end":15,"column_start":5,"expansion":null,"file_name":"gameplay_sim/src/world/road_network.rs","is_primary":true,"label":null,"line_end":25,"line_start":25,"suggested_replacement":null,"suggestion_applicability":null,"text":[{"highlight_end":15,"highlight_start":5,"text":"    Commercial,"}]}]}}
{"reason":"compiler-message","package_id":"path+file:///Users/bradyjeong/Documents/Projects/Amp/gta4/gta_game/gameplay_sim#0.1.0","manifest_path":"/Users/bradyjeong/Documents/Projects/Amp/gta4/gta_game/gameplay_sim/Cargo.toml","target":{"kind":["lib"],"crate_types":["lib"],"name":"gameplay_sim","src_path":"/Users/bradyjeong/Documents/Projects/Amp/gta4/gta_game/gameplay_sim/src/lib.rs","edition":"2021","doc":true,"doctest":true,"test":true},"message":{"rendered":"warning: missing documentation for an enum\n  --> gameplay_sim/src/world/road_network.rs:29:1\n   |\n29 | pub enum SurfaceType {\n   | ^^^^^^^^^^^^^^^^^^^^\n\n","$message_type":"diagnostic","children":[],"code":{"code":"missing_docs","explanation":null},"level":"warning","message":"missing documentation for an enum","spans":[{"byte_end":1028,"byte_start":1008,"column_end":21,"column_start":1,"expansion":null,"file_name":"gameplay_sim/src/world/road_network.rs","is_primary":true,"label":null,"line_end":29,"line_start":29,"suggested_replacement":null,"suggestion_applicability":null,"text":[{"highlight_end":21,"highlight_start":1,"text":"pub enum SurfaceType {"}]}]}}
{"reason":"compiler-message","package_id":"path+file:///Users/bradyjeong/Documents/Projects/Amp/gta4/gta_game/gameplay_sim#0.1.0","manifest_path":"/Users/bradyjeong/Documents/Projects/Amp/gta4/gta_game/gameplay_sim/Cargo.toml","target":{"kind":["lib"],"crate_types":["lib"],"name":"gameplay_sim","src_path":"/Users/bradyjeong/Documents/Projects/Amp/gta4/gta_game/gameplay_sim/src/lib.rs","edition":"2021","doc":true,"doctest":true,"test":true},"message":{"rendered":"warning: missing documentation for a variant\n  --> gameplay_sim/src/world/road_network.rs:30:5\n   |\n30 |     Asphalt,\n   |     ^^^^^^^\n\n","$message_type":"diagnostic","children":[],"code":{"code":"missing_docs","explanation":null},"level":"warning","message":"missing documentation for a variant","spans":[{"byte_end":1042,"byte_start":1035,"column_end":12,"column_start":5,"expansion":null,"file_name":"gameplay_sim/src/world/road_network.rs","is_primary":true,"label":null,"line_end":30,"line_start":30,"suggested_replacement":null,"suggestion_applicability":null,"text":[{"highlight_end":12,"highlight_start":5,"text":"    Asphalt,"}]}]}}
{"reason":"compiler-message","package_id":"path+file:///Users/bradyjeong/Documents/Projects/Amp/gta4/gta_game/gameplay_sim#0.1.0","manifest_path":"/Users/bradyjeong/Documents/Projects/Amp/gta4/gta_game/gameplay_sim/Cargo.toml","target":{"kind":["lib"],"crate_types":["lib"],"name":"gameplay_sim","src_path":"/Users/bradyjeong/Documents/Projects/Amp/gta4/gta_game/gameplay_sim/src/lib.rs","edition":"2021","doc":true,"doctest":true,"test":true},"message":{"rendered":"warning: missing documentation for a variant\n  --> gameplay_sim/src/world/road_network.rs:31:5\n   |\n31 |     Concrete,\n   |     ^^^^^^^^\n\n","$message_type":"diagnostic","children":[],"code":{"code":"missing_docs","explanation":null},"level":"warning","message":"missing documentation for a variant","spans":[{"byte_end":1056,"byte_start":1048,"column_end":13,"column_start":5,"expansion":null,"file_name":"gameplay_sim/src/world/road_network.rs","is_primary":true,"label":null,"line_end":31,"line_start":31,"suggested_replacement":null,"suggestion_applicability":null,"text":[{"highlight_end":13,"highlight_start":5,"text":"    Concrete,"}]}]}}
{"reason":"compiler-message","package_id":"path+file:///Users/bradyjeong/Documents/Projects/Amp/gta4/gta_game/gameplay_sim#0.1.0","manifest_path":"/Users/bradyjeong/Documents/Projects/Amp/gta4/gta_game/gameplay_sim/Cargo.toml","target":{"kind":["lib"],"crate_types":["lib"],"name":"gameplay_sim","src_path":"/Users/bradyjeong/Documents/Projects/Amp/gta4/gta_game/gameplay_sim/src/lib.rs","edition":"2021","doc":true,"doctest":true,"test":true},"message":{"rendered":"warning: missing documentation for a variant\n  --> gameplay_sim/src/world/road_network.rs:32:5\n   |\n32 |     Dirt,\n   |     ^^^^\n\n","$message_type":"diagnostic","children":[],"code":{"code":"missing_docs","explanation":null},"level":"warning","message":"missing documentation for a variant","spans":[{"byte_end":1066,"byte_start":1062,"column_end":9,"column_start":5,"expansion":null,"file_name":"gameplay_sim/src/world/road_network.rs","is_primary":true,"label":null,"line_end":32,"line_start":32,"suggested_replacement":null,"suggestion_applicability":null,"text":[{"highlight_end":9,"highlight_start":5,"text":"    Dirt,"}]}]}}
{"reason":"compiler-message","package_id":"path+file:///Users/bradyjeong/Documents/Projects/Amp/gta4/gta_game/gameplay_sim#0.1.0","manifest_path":"/Users/bradyjeong/Documents/Projects/Amp/gta4/gta_game/gameplay_sim/Cargo.toml","target":{"kind":["lib"],"crate_types":["lib"],"name":"gameplay_sim","src_path":"/Users/bradyjeong/Documents/Projects/Amp/gta4/gta_game/gameplay_sim/src/lib.rs","edition":"2021","doc":true,"doctest":true,"test":true},"message":{"rendered":"warning: missing documentation for a variant\n  --> gameplay_sim/src/world/road_network.rs:33:5\n   |\n33 |     Gravel,\n   |     ^^^^^^\n\n","$message_type":"diagnostic","children":[],"code":{"code":"missing_docs","explanation":null},"level":"warning","message":"missing documentation for a variant","spans":[{"byte_end":1078,"byte_start":1072,"column_end":11,"column_start":5,"expansion":null,"file_name":"gameplay_sim/src/world/road_network.rs","is_primary":true,"label":null,"line_end":33,"line_start":33,"suggested_replacement":null,"suggestion_applicability":null,"text":[{"highlight_end":11,"highlight_start":5,"text":"    Gravel,"}]}]}}
{"reason":"compiler-message","package_id":"path+file:///Users/bradyjeong/Documents/Projects/Amp/gta4/gta_game/gameplay_sim#0.1.0","manifest_path":"/Users/bradyjeong/Documents/Projects/Amp/gta4/gta_game/gameplay_sim/Cargo.toml","target":{"kind":["lib"],"crate_types":["lib"],"name":"gameplay_sim","src_path":"/Users/bradyjeong/Documents/Projects/Amp/gta4/gta_game/gameplay_sim/src/lib.rs","edition":"2021","doc":true,"doctest":true,"test":true},"message":{"rendered":"warning: missing documentation for a function\n  --> gameplay_sim/src/world/road_network.rs:37:1\n   |\n37 | pub fn generate_road_mesh(width: f32, length: f32) -> Vec<Vec3> {\n   | ^^^^^^^^^^^^^^^^^^^^^^^^^^^^^^^^^^^^^^^^^^^^^^^^^^^^^^^^^^^^^^^\n\n","$message_type":"diagnostic","children":[],"code":{"code":"missing_docs","explanation":null},"level":"warning","message":"missing documentation for a function","spans":[{"byte_end":1192,"byte_start":1129,"column_end":64,"column_start":1,"expansion":null,"file_name":"gameplay_sim/src/world/road_network.rs","is_primary":true,"label":null,"line_end":37,"line_start":37,"suggested_replacement":null,"suggestion_applicability":null,"text":[{"highlight_end":64,"highlight_start":1,"text":"pub fn generate_road_mesh(width: f32, length: f32) -> Vec<Vec3> {"}]}]}}
{"reason":"compiler-message","package_id":"path+file:///Users/bradyjeong/Documents/Projects/Amp/gta4/gta_game/gameplay_sim#0.1.0","manifest_path":"/Users/bradyjeong/Documents/Projects/Amp/gta4/gta_game/gameplay_sim/Cargo.toml","target":{"kind":["lib"],"crate_types":["lib"],"name":"gameplay_sim","src_path":"/Users/bradyjeong/Documents/Projects/Amp/gta4/gta_game/gameplay_sim/src/lib.rs","edition":"2021","doc":true,"doctest":true,"test":true},"message":{"rendered":"warning: missing documentation for a function\n  --> gameplay_sim/src/world/road_network.rs:46:1\n   |\n46 | pub fn calculate_road_curvature(start: Vec3, end: Vec3, control: Vec3) -> f32 {\n   | ^^^^^^^^^^^^^^^^^^^^^^^^^^^^^^^^^^^^^^^^^^^^^^^^^^^^^^^^^^^^^^^^^^^^^^^^^^^^^\n\n","$message_type":"diagnostic","children":[],"code":{"code":"missing_docs","explanation":null},"level":"warning","message":"missing documentation for a function","spans":[{"byte_end":1483,"byte_start":1406,"column_end":78,"column_start":1,"expansion":null,"file_name":"gameplay_sim/src/world/road_network.rs","is_primary":true,"label":null,"line_end":46,"line_start":46,"suggested_replacement":null,"suggestion_applicability":null,"text":[{"highlight_end":78,"highlight_start":1,"text":"pub fn calculate_road_curvature(start: Vec3, end: Vec3, control: Vec3) -> f32 {"}]}]}}
{"reason":"compiler-message","package_id":"path+file:///Users/bradyjeong/Documents/Projects/Amp/gta4/gta_game/gameplay_sim#0.1.0","manifest_path":"/Users/bradyjeong/Documents/Projects/Amp/gta4/gta_game/gameplay_sim/Cargo.toml","target":{"kind":["lib"],"crate_types":["lib"],"name":"gameplay_sim","src_path":"/Users/bradyjeong/Documents/Projects/Amp/gta4/gta_game/gameplay_sim/src/lib.rs","edition":"2021","doc":true,"doctest":true,"test":true},"message":{"rendered":"warning: multiple methods are never used\n   --> gameplay_sim/src/input/control_manager.rs:272:12\n    |\n183 | impl ControlManager {\n    | ------------------- methods in this implementation\n...\n272 |     pub fn update_controls(\n    |            ^^^^^^^^^^^^^^^\n...\n313 |     fn map_input_to_controls(\n    |        ^^^^^^^^^^^^^^^^^^^^^\n...\n422 |     fn validate_and_clamp_controls(\n    |        ^^^^^^^^^^^^^^^^^^^^^^^^^^^\n...\n464 |     fn apply_safety_systems(\n    |        ^^^^^^^^^^^^^^^^^^^^\n...\n509 |     pub fn get_control_value(&self, action: ControlAction) -> f32 {\n    |            ^^^^^^^^^^^^^^^^^\n...\n514 |     pub fn is_control_active(&self, action: ControlAction) -> bool {\n    |            ^^^^^^^^^^^^^^^^^\n...\n519 |     pub fn get_active_controls(&self) -> &HashMap<ControlAction, f32> {\n    |            ^^^^^^^^^^^^^^^^^^^\n...\n524 |     pub fn get_physics_config(&self, vehicle_type: ConfigVehicleType) -> Option<&VehiclePhysicsConfig> {\n    |            ^^^^^^^^^^^^^^^^^^\n...\n529 |     pub fn update_physics_config(&mut self, vehicle_type: ConfigVehicleType, config: VehiclePhysicsConfig) {\n    |            ^^^^^^^^^^^^^^^^^^^^^\n...\n534 |     pub fn get_performance_stats(&self) -> (u128, u32) {\n    |            ^^^^^^^^^^^^^^^^^^^^^\n...\n539 |     pub fn reset_performance_stats(&mut self) {\n    |            ^^^^^^^^^^^^^^^^^^^^^^^\n...\n545 |     pub fn is_emergency_active(&self) -> bool {\n    |            ^^^^^^^^^^^^^^^^^^^\n...\n550 |     pub fn is_stability_active(&self) -> bool {\n    |            ^^^^^^^^^^^^^^^^^^^\n...\n555 |     pub fn set_safety_override(&mut self, enabled: bool) {\n    |            ^^^^^^^^^^^^^^^^^^^\n...\n560 |     pub fn clear_all_controls(&mut self) {\n    |            ^^^^^^^^^^^^^^^^^^\n...\n567 |     pub fn register_entity(&mut self, entity: Entity, entity_type: ControlEntityType) {\n    |            ^^^^^^^^^^^^^^^\n...\n572 |     pub fn unregister_entity(&mut self, entity: Entity) {\n    |            ^^^^^^^^^^^^^^^^^\n...\n578 |     pub fn update_ai_decision(&mut self, entity: Entity, decision: AIControlDecision) {\n    |            ^^^^^^^^^^^^^^^^^^\n...\n583 |     pub fn get_ai_decision(&self, entity: Entity) -> Option<&AIControlDecision> {\n    |            ^^^^^^^^^^^^^^^\n...\n588 |     pub fn ai_decision_to_controls(&self, decision: &AIControlDecision) -> HashMap<ControlAction, f32> {\n    |            ^^^^^^^^^^^^^^^^^^^^^^^\n...\n603 |     pub fn process_entity_controls(&mut self, \n    |            ^^^^^^^^^^^^^^^^^^^^^^^\n\n","$message_type":"diagnostic","children":[],"code":{"code":"dead_code","explanation":null},"level":"warning","message":"multiple methods are never used","spans":[{"byte_end":5083,"byte_start":5064,"column_end":20,"column_start":1,"expansion":null,"file_name":"gameplay_sim/src/input/control_manager.rs","is_primary":false,"label":"methods in this implementation","line_end":183,"line_start":183,"suggested_replacement":null,"suggestion_applicability":null,"text":[{"highlight_end":20,"highlight_start":1,"text":"impl ControlManager {"}]},{"byte_end":8382,"byte_start":8367,"column_end":27,"column_start":12,"expansion":null,"file_name":"gameplay_sim/src/input/control_manager.rs","is_primary":true,"label":null,"line_end":272,"line_start":272,"suggested_replacement":null,"suggestion_applicability":null,"text":[{"highlight_end":27,"highlight_start":12,"text":"    pub fn update_controls("}]},{"byte_end":10014,"byte_start":9993,"column_end":29,"column_start":8,"expansion":null,"file_name":"gameplay_sim/src/input/control_manager.rs","is_primary":true,"label":null,"line_end":313,"line_start":313,"suggested_replacement":null,"suggestion_applicability":null,"text":[{"highlight_end":29,"highlight_start":8,"text":"    fn map_input_to_controls("}]},{"byte_end":16026,"byte_start":15999,"column_end":35,"column_start":8,"expansion":null,"file_name":"gameplay_sim/src/input/control_manager.rs","is_primary":true,"label":null,"line_end":422,"line_start":422,"suggested_replacement":null,"suggestion_applicability":null,"text":[{"highlight_end":35,"highlight_start":8,"text":"    fn validate_and_clamp_controls("}]},{"byte_end":17657,"byte_start":17637,"column_end":28,"column_start":8,"expansion":null,"file_name":"gameplay_sim/src/input/control_manager.rs","is_primary":true,"label":null,"line_end":464,"line_start":464,"suggested_replacement":null,"suggestion_applicability":null,"text":[{"highlight_end":28,"highlight_start":8,"text":"    fn apply_safety_systems("}]},{"byte_end":19621,"byte_start":19604,"column_end":29,"column_start":12,"expansion":null,"file_name":"gameplay_sim/src/input/control_manager.rs","is_primary":true,"label":null,"line_end":509,"line_start":509,"suggested_replacement":null,"suggestion_applicability":null,"text":[{"highlight_end":29,"highlight_start":12,"text":"    pub fn get_control_value(&self, action: ControlAction) -> f32 {"}]},{"byte_end":19810,"byte_start":19793,"column_end":29,"column_start":12,"expansion":null,"file_name":"gameplay_sim/src/input/control_manager.rs","is_primary":true,"label":null,"line_end":514,"line_start":514,"suggested_replacement":null,"suggestion_applicability":null,"text":[{"highlight_end":29,"highlight_start":12,"text":"    pub fn is_control_active(&self, action: ControlAction) -> bool {"}]},{"byte_end":19982,"byte_start":19963,"column_end":31,"column_start":12,"expansion":null,"file_name":"gameplay_sim/src/input/control_manager.rs","is_primary":true,"label":null,"line_end":519,"line_start":519,"suggested_replacement":null,"suggestion_applicability":null,"text":[{"highlight_end":31,"highlight_start":12,"text":"    pub fn get_active_controls(&self) -> &HashMap<ControlAction, f32> {"}]},{"byte_end":20147,"byte_start":20129,"column_end":30,"column_start":12,"expansion":null,"file_name":"gameplay_sim/src/input/control_manager.rs","is_primary":true,"label":null,"line_end":524,"line_start":524,"suggested_replacement":null,"suggestion_applicability":null,"text":[{"highlight_end":30,"highlight_start":12,"text":"    pub fn get_physics_config(&self, vehicle_type: ConfigVehicleType) -> Option<&VehiclePhysicsConfig> {"}]},{"byte_end":20351,"byte_start":20330,"column_end":33,"column_start":12,"expansion":null,"file_name":"gameplay_sim/src/input/control_manager.rs","is_primary":true,"label":null,"line_end":529,"line_start":529,"suggested_replacement":null,"suggestion_applicability":null,"text":[{"highlight_end":33,"highlight_start":12,"text":"    pub fn update_physics_config(&mut self, vehicle_type: ConfigVehicleType, config: VehiclePhysicsConfig) {"}]},{"byte_end":20565,"byte_start":20544,"column_end":33,"column_start":12,"expansion":null,"file_name":"gameplay_sim/src/input/control_manager.rs","is_primary":true,"label":null,"line_end":534,"line_start":534,"suggested_replacement":null,"suggestion_applicability":null,"text":[{"highlight_end":33,"highlight_start":12,"text":"    pub fn get_performance_stats(&self) -> (u128, u32) {"}]},{"byte_end":20732,"byte_start":20709,"column_end":35,"column_start":12,"expansion":null,"file_name":"gameplay_sim/src/input/control_manager.rs","is_primary":true,"label":null,"line_end":539,"line_start":539,"suggested_replacement":null,"suggestion_applicability":null,"text":[{"highlight_end":35,"highlight_start":12,"text":"    pub fn reset_performance_stats(&mut self) {"}]},{"byte_end":20908,"byte_start":20889,"column_end":31,"column_start":12,"expansion":null,"file_name":"gameplay_sim/src/input/control_manager.rs","is_primary":true,"label":null,"line_end":545,"line_start":545,"suggested_replacement":null,"suggestion_applicability":null,"text":[{"highlight_end":31,"highlight_start":12,"text":"    pub fn is_emergency_active(&self) -> bool {"}]},{"byte_end":21052,"byte_start":21033,"column_end":31,"column_start":12,"expansion":null,"file_name":"gameplay_sim/src/input/control_manager.rs","is_primary":true,"label":null,"line_end":550,"line_start":550,"suggested_replacement":null,"suggestion_applicability":null,"text":[{"highlight_end":31,"highlight_start":12,"text":"    pub fn is_stability_active(&self) -> bool {"}]},{"byte_end":21186,"byte_start":21167,"column_end":31,"column_start":12,"expansion":null,"file_name":"gameplay_sim/src/input/control_manager.rs","is_primary":true,"label":null,"line_end":555,"line_start":555,"suggested_replacement":null,"suggestion_applicability":null,"text":[{"highlight_end":31,"highlight_start":12,"text":"    pub fn set_safety_override(&mut self, enabled: bool) {"}]},{"byte_end":21327,"byte_start":21309,"column_end":30,"column_start":12,"expansion":null,"file_name":"gameplay_sim/src/input/control_manager.rs","is_primary":true,"label":null,"line_end":560,"line_start":560,"suggested_replacement":null,"suggestion_applicability":null,"text":[{"highlight_end":30,"highlight_start":12,"text":"    pub fn clear_all_controls(&mut self) {"}]},{"byte_end":21556,"byte_start":21541,"column_end":27,"column_start":12,"expansion":null,"file_name":"gameplay_sim/src/input/control_manager.rs","is_primary":true,"label":null,"line_end":567,"line_start":567,"suggested_replacement":null,"suggestion_applicability":null,"text":[{"highlight_end":27,"highlight_start":12,"text":"    pub fn register_entity(&mut self, entity: Entity, entity_type: ControlEntityType) {"}]},{"byte_end":21741,"byte_start":21724,"column_end":29,"column_start":12,"expansion":null,"file_name":"gameplay_sim/src/input/control_manager.rs","is_primary":true,"label":null,"line_end":572,"line_start":572,"suggested_replacement":null,"suggestion_applicability":null,"text":[{"highlight_end":29,"highlight_start":12,"text":"    pub fn unregister_entity(&mut self, entity: Entity) {"}]},{"byte_end":21950,"byte_start":21932,"column_end":30,"column_start":12,"expansion":null,"file_name":"gameplay_sim/src/input/control_manager.rs","is_primary":true,"label":null,"line_end":578,"line_start":578,"suggested_replacement":null,"suggestion_applicability":null,"text":[{"highlight_end":30,"highlight_start":12,"text":"    pub fn update_ai_decision(&mut self, entity: Entity, decision: AIControlDecision) {"}]},{"byte_end":22144,"byte_start":22129,"column_end":27,"column_start":12,"expansion":null,"file_name":"gameplay_sim/src/input/control_manager.rs","is_primary":true,"label":null,"line_end":583,"line_start":583,"suggested_replacement":null,"suggestion_applicability":null,"text":[{"highlight_end":27,"highlight_start":12,"text":"    pub fn get_ai_decision(&self, entity: Entity) -> Option<&AIControlDecision> {"}]},{"byte_end":22331,"byte_start":22308,"column_end":35,"column_start":12,"expansion":null,"file_name":"gameplay_sim/src/input/control_manager.rs","is_primary":true,"label":null,"line_end":588,"line_start":588,"suggested_replacement":null,"suggestion_applicability":null,"text":[{"highlight_end":35,"highlight_start":12,"text":"    pub fn ai_decision_to_controls(&self, decision: &AIControlDecision) -> HashMap<ControlAction, f32> {"}]},{"byte_end":22868,"byte_start":22845,"column_end":35,"column_start":12,"expansion":null,"file_name":"gameplay_sim/src/input/control_manager.rs","is_primary":true,"label":null,"line_end":603,"line_start":603,"suggested_replacement":null,"suggestion_applicability":null,"text":[{"highlight_end":35,"highlight_start":12,"text":"    pub fn process_entity_controls(&mut self, "}]}]}}
{"reason":"compiler-message","package_id":"path+file:///Users/bradyjeong/Documents/Projects/Amp/gta4/gta_game/gameplay_sim#0.1.0","manifest_path":"/Users/bradyjeong/Documents/Projects/Amp/gta4/gta_game/gameplay_sim/Cargo.toml","target":{"kind":["lib"],"crate_types":["lib"],"name":"gameplay_sim","src_path":"/Users/bradyjeong/Documents/Projects/Amp/gta4/gta_game/gameplay_sim/src/lib.rs","edition":"2021","doc":true,"doctest":true,"test":true},"message":{"rendered":"warning: function `unified_control_system` is never used\n   --> gameplay_sim/src/input/control_manager.rs:642:8\n    |\n642 | pub fn unified_control_system(\n    |        ^^^^^^^^^^^^^^^^^^^^^^\n\n","$message_type":"diagnostic","children":[],"code":{"code":"dead_code","explanation":null},"level":"warning","message":"function `unified_control_system` is never used","spans":[{"byte_end":24342,"byte_start":24320,"column_end":30,"column_start":8,"expansion":null,"file_name":"gameplay_sim/src/input/control_manager.rs","is_primary":true,"label":null,"line_end":642,"line_start":642,"suggested_replacement":null,"suggestion_applicability":null,"text":[{"highlight_end":30,"highlight_start":8,"text":"pub fn unified_control_system("}]}]}}
{"reason":"compiler-message","package_id":"path+file:///Users/bradyjeong/Documents/Projects/Amp/gta4/gta_game/gameplay_sim#0.1.0","manifest_path":"/Users/bradyjeong/Documents/Projects/Amp/gta4/gta_game/gameplay_sim/Cargo.toml","target":{"kind":["lib"],"crate_types":["lib"],"name":"gameplay_sim","src_path":"/Users/bradyjeong/Documents/Projects/Amp/gta4/gta_game/gameplay_sim/src/lib.rs","edition":"2021","doc":true,"doctest":true,"test":true},"message":{"rendered":"warning: function `control_action_system` is never used\n   --> gameplay_sim/src/input/control_manager.rs:692:8\n    |\n692 | pub fn control_action_system(\n    |        ^^^^^^^^^^^^^^^^^^^^^\n\n","$message_type":"diagnostic","children":[],"code":{"code":"dead_code","explanation":null},"level":"warning","message":"function `control_action_system` is never used","spans":[{"byte_end":26437,"byte_start":26416,"column_end":29,"column_start":8,"expansion":null,"file_name":"gameplay_sim/src/input/control_manager.rs","is_primary":true,"label":null,"line_end":692,"line_start":692,"suggested_replacement":null,"suggestion_applicability":null,"text":[{"highlight_end":29,"highlight_start":8,"text":"pub fn control_action_system("}]}]}}
{"reason":"compiler-message","package_id":"path+file:///Users/bradyjeong/Documents/Projects/Amp/gta4/gta_game/gameplay_sim#0.1.0","manifest_path":"/Users/bradyjeong/Documents/Projects/Amp/gta4/gta_game/gameplay_sim/Cargo.toml","target":{"kind":["lib"],"crate_types":["lib"],"name":"gameplay_sim","src_path":"/Users/bradyjeong/Documents/Projects/Amp/gta4/gta_game/gameplay_sim/src/lib.rs","edition":"2021","doc":true,"doctest":true,"test":true},"message":{"rendered":"warning: missing documentation for a function\n  --> gameplay_sim/src/world/road_mesh.rs:19:1\n   |\n19 | / pub fn generate_road_mesh_cached(\n20 | |     road: &RoadSpline, \n21 | |     mesh_cache: &mut MeshCache, \n22 | |     meshes: &mut Assets<Mesh>\n23 | | ) -> Handle<Mesh> {\n   | |_________________^\n\n","$message_type":"diagnostic","children":[],"code":{"code":"missing_docs","explanation":null},"level":"warning","message":"missing documentation for a function","spans":[{"byte_end":954,"byte_start":816,"column_end":18,"column_start":1,"expansion":null,"file_name":"gameplay_sim/src/world/road_mesh.rs","is_primary":true,"label":null,"line_end":23,"line_start":19,"suggested_replacement":null,"suggestion_applicability":null,"text":[{"highlight_end":34,"highlight_start":1,"text":"pub fn generate_road_mesh_cached("},{"highlight_end":24,"highlight_start":1,"text":"    road: &RoadSpline, "},{"highlight_end":33,"highlight_start":1,"text":"    mesh_cache: &mut MeshCache, "},{"highlight_end":30,"highlight_start":1,"text":"    meshes: &mut Assets<Mesh>"},{"highlight_end":18,"highlight_start":1,"text":") -> Handle<Mesh> {"}]}]}}
{"reason":"compiler-message","package_id":"path+file:///Users/bradyjeong/Documents/Projects/Amp/gta4/gta_game/gameplay_sim#0.1.0","manifest_path":"/Users/bradyjeong/Documents/Projects/Amp/gta4/gta_game/gameplay_sim/Cargo.toml","target":{"kind":["lib"],"crate_types":["lib"],"name":"gameplay_sim","src_path":"/Users/bradyjeong/Documents/Projects/Amp/gta4/gta_game/gameplay_sim/src/lib.rs","edition":"2021","doc":true,"doctest":true,"test":true},"message":{"rendered":"warning: function `control_validation_system` is never used\n   --> gameplay_sim/src/input/control_manager.rs:726:8\n    |\n726 | pub fn control_validation_system(\n    |        ^^^^^^^^^^^^^^^^^^^^^^^^^\n\n","$message_type":"diagnostic","children":[],"code":{"code":"dead_code","explanation":null},"level":"warning","message":"function `control_validation_system` is never used","spans":[{"byte_end":27654,"byte_start":27629,"column_end":33,"column_start":8,"expansion":null,"file_name":"gameplay_sim/src/input/control_manager.rs","is_primary":true,"label":null,"line_end":726,"line_start":726,"suggested_replacement":null,"suggestion_applicability":null,"text":[{"highlight_end":33,"highlight_start":8,"text":"pub fn control_validation_system("}]}]}}
{"reason":"compiler-message","package_id":"path+file:///Users/bradyjeong/Documents/Projects/Amp/gta4/gta_game/gameplay_sim#0.1.0","manifest_path":"/Users/bradyjeong/Documents/Projects/Amp/gta4/gta_game/gameplay_sim/Cargo.toml","target":{"kind":["lib"],"crate_types":["lib"],"name":"gameplay_sim","src_path":"/Users/bradyjeong/Documents/Projects/Amp/gta4/gta_game/gameplay_sim/src/lib.rs","edition":"2021","doc":true,"doctest":true,"test":true},"message":{"rendered":"warning: function `get_control_value` is never used\n   --> gameplay_sim/src/input/control_manager.rs:760:8\n    |\n760 | pub fn get_control_value(control_manager: &ControlManager, action: ControlAction) -> f32 {\n    |        ^^^^^^^^^^^^^^^^^\n\n","$message_type":"diagnostic","children":[],"code":{"code":"dead_code","explanation":null},"level":"warning","message":"function `get_control_value` is never used","spans":[{"byte_end":29030,"byte_start":29013,"column_end":25,"column_start":8,"expansion":null,"file_name":"gameplay_sim/src/input/control_manager.rs","is_primary":true,"label":null,"line_end":760,"line_start":760,"suggested_replacement":null,"suggestion_applicability":null,"text":[{"highlight_end":25,"highlight_start":8,"text":"pub fn get_control_value(control_manager: &ControlManager, action: ControlAction) -> f32 {"}]}]}}
{"reason":"compiler-message","package_id":"path+file:///Users/bradyjeong/Documents/Projects/Amp/gta4/gta_game/gameplay_sim#0.1.0","manifest_path":"/Users/bradyjeong/Documents/Projects/Amp/gta4/gta_game/gameplay_sim/Cargo.toml","target":{"kind":["lib"],"crate_types":["lib"],"name":"gameplay_sim","src_path":"/Users/bradyjeong/Documents/Projects/Amp/gta4/gta_game/gameplay_sim/src/lib.rs","edition":"2021","doc":true,"doctest":true,"test":true},"message":{"rendered":"warning: function `is_accelerating` is never used\n   --> gameplay_sim/src/input/control_manager.rs:764:8\n    |\n764 | pub fn is_accelerating(control_manager: &ControlManager) -> bool {\n    |        ^^^^^^^^^^^^^^^\n\n","$message_type":"diagnostic","children":[],"code":{"code":"dead_code","explanation":null},"level":"warning","message":"function `is_accelerating` is never used","spans":[{"byte_end":29168,"byte_start":29153,"column_end":23,"column_start":8,"expansion":null,"file_name":"gameplay_sim/src/input/control_manager.rs","is_primary":true,"label":null,"line_end":764,"line_start":764,"suggested_replacement":null,"suggestion_applicability":null,"text":[{"highlight_end":23,"highlight_start":8,"text":"pub fn is_accelerating(control_manager: &ControlManager) -> bool {"}]}]}}
{"reason":"compiler-message","package_id":"path+file:///Users/bradyjeong/Documents/Projects/Amp/gta4/gta_game/gameplay_sim#0.1.0","manifest_path":"/Users/bradyjeong/Documents/Projects/Amp/gta4/gta_game/gameplay_sim/Cargo.toml","target":{"kind":["lib"],"crate_types":["lib"],"name":"gameplay_sim","src_path":"/Users/bradyjeong/Documents/Projects/Amp/gta4/gta_game/gameplay_sim/src/lib.rs","edition":"2021","doc":true,"doctest":true,"test":true},"message":{"rendered":"warning: missing documentation for a function\n  --> gameplay_sim/src/world/road_mesh.rs:52:1\n   |\n52 | pub fn generate_road_mesh(road: &RoadSpline) -> Mesh {\n   | ^^^^^^^^^^^^^^^^^^^^^^^^^^^^^^^^^^^^^^^^^^^^^^^^^^^^\n\n","$message_type":"diagnostic","children":[],"code":{"code":"missing_docs","explanation":null},"level":"warning","message":"missing documentation for a function","spans":[{"byte_end":1882,"byte_start":1830,"column_end":53,"column_start":1,"expansion":null,"file_name":"gameplay_sim/src/world/road_mesh.rs","is_primary":true,"label":null,"line_end":52,"line_start":52,"suggested_replacement":null,"suggestion_applicability":null,"text":[{"highlight_end":53,"highlight_start":1,"text":"pub fn generate_road_mesh(road: &RoadSpline) -> Mesh {"}]}]}}
{"reason":"compiler-message","package_id":"path+file:///Users/bradyjeong/Documents/Projects/Amp/gta4/gta_game/gameplay_sim#0.1.0","manifest_path":"/Users/bradyjeong/Documents/Projects/Amp/gta4/gta_game/gameplay_sim/Cargo.toml","target":{"kind":["lib"],"crate_types":["lib"],"name":"gameplay_sim","src_path":"/Users/bradyjeong/Documents/Projects/Amp/gta4/gta_game/gameplay_sim/src/lib.rs","edition":"2021","doc":true,"doctest":true,"test":true},"message":{"rendered":"warning: function `is_braking` is never used\n   --> gameplay_sim/src/input/control_manager.rs:768:8\n    |\n768 | pub fn is_braking(control_manager: &ControlManager) -> bool {\n    |        ^^^^^^^^^^\n\n","$message_type":"diagnostic","children":[],"code":{"code":"dead_code","explanation":null},"level":"warning","message":"function `is_braking` is never used","spans":[{"byte_end":29298,"byte_start":29288,"column_end":18,"column_start":8,"expansion":null,"file_name":"gameplay_sim/src/input/control_manager.rs","is_primary":true,"label":null,"line_end":768,"line_start":768,"suggested_replacement":null,"suggestion_applicability":null,"text":[{"highlight_end":18,"highlight_start":8,"text":"pub fn is_braking(control_manager: &ControlManager) -> bool {"}]}]}}
{"reason":"compiler-message","package_id":"path+file:///Users/bradyjeong/Documents/Projects/Amp/gta4/gta_game/gameplay_sim#0.1.0","manifest_path":"/Users/bradyjeong/Documents/Projects/Amp/gta4/gta_game/gameplay_sim/Cargo.toml","target":{"kind":["lib"],"crate_types":["lib"],"name":"gameplay_sim","src_path":"/Users/bradyjeong/Documents/Projects/Amp/gta4/gta_game/gameplay_sim/src/lib.rs","edition":"2021","doc":true,"doctest":true,"test":true},"message":{"rendered":"warning: function `get_steering_input` is never used\n   --> gameplay_sim/src/input/control_manager.rs:772:8\n    |\n772 | pub fn get_steering_input(control_manager: &ControlManager) -> f32 {\n    |        ^^^^^^^^^^^^^^^^^^\n\n","$message_type":"diagnostic","children":[],"code":{"code":"dead_code","explanation":null},"level":"warning","message":"function `get_steering_input` is never used","spans":[{"byte_end":29431,"byte_start":29413,"column_end":26,"column_start":8,"expansion":null,"file_name":"gameplay_sim/src/input/control_manager.rs","is_primary":true,"label":null,"line_end":772,"line_start":772,"suggested_replacement":null,"suggestion_applicability":null,"text":[{"highlight_end":26,"highlight_start":8,"text":"pub fn get_steering_input(control_manager: &ControlManager) -> f32 {"}]}]}}
{"reason":"compiler-message","package_id":"path+file:///Users/bradyjeong/Documents/Projects/Amp/gta4/gta_game/gameplay_sim#0.1.0","manifest_path":"/Users/bradyjeong/Documents/Projects/Amp/gta4/gta_game/gameplay_sim/Cargo.toml","target":{"kind":["lib"],"crate_types":["lib"],"name":"gameplay_sim","src_path":"/Users/bradyjeong/Documents/Projects/Amp/gta4/gta_game/gameplay_sim/src/lib.rs","edition":"2021","doc":true,"doctest":true,"test":true},"message":{"rendered":"warning: function `is_turbo_active` is never used\n   --> gameplay_sim/src/input/control_manager.rs:776:8\n    |\n776 | pub fn is_turbo_active(control_manager: &ControlManager) -> bool {\n    |        ^^^^^^^^^^^^^^^\n\n","$message_type":"diagnostic","children":[],"code":{"code":"dead_code","explanation":null},"level":"warning","message":"function `is_turbo_active` is never used","spans":[{"byte_end":29560,"byte_start":29545,"column_end":23,"column_start":8,"expansion":null,"file_name":"gameplay_sim/src/input/control_manager.rs","is_primary":true,"label":null,"line_end":776,"line_start":776,"suggested_replacement":null,"suggestion_applicability":null,"text":[{"highlight_end":23,"highlight_start":8,"text":"pub fn is_turbo_active(control_manager: &ControlManager) -> bool {"}]}]}}
{"reason":"compiler-message","package_id":"path+file:///Users/bradyjeong/Documents/Projects/Amp/gta4/gta_game/gameplay_sim#0.1.0","manifest_path":"/Users/bradyjeong/Documents/Projects/Amp/gta4/gta_game/gameplay_sim/Cargo.toml","target":{"kind":["lib"],"crate_types":["lib"],"name":"gameplay_sim","src_path":"/Users/bradyjeong/Documents/Projects/Amp/gta4/gta_game/gameplay_sim/src/lib.rs","edition":"2021","doc":true,"doctest":true,"test":true},"message":{"rendered":"warning: missing documentation for a function\n   --> gameplay_sim/src/world/road_mesh.rs:118:1\n    |\n118 | pub fn generate_road_markings_mesh(road: &RoadSpline) -> Vec<Mesh> {\n    | ^^^^^^^^^^^^^^^^^^^^^^^^^^^^^^^^^^^^^^^^^^^^^^^^^^^^^^^^^^^^^^^^^^\n\n","$message_type":"diagnostic","children":[],"code":{"code":"missing_docs","explanation":null},"level":"warning","message":"missing documentation for a function","spans":[{"byte_end":4204,"byte_start":4138,"column_end":67,"column_start":1,"expansion":null,"file_name":"gameplay_sim/src/world/road_mesh.rs","is_primary":true,"label":null,"line_end":118,"line_start":118,"suggested_replacement":null,"suggestion_applicability":null,"text":[{"highlight_end":67,"highlight_start":1,"text":"pub fn generate_road_markings_mesh(road: &RoadSpline) -> Vec<Mesh> {"}]}]}}
{"reason":"compiler-message","package_id":"path+file:///Users/bradyjeong/Documents/Projects/Amp/gta4/gta_game/gameplay_sim#0.1.0","manifest_path":"/Users/bradyjeong/Documents/Projects/Amp/gta4/gta_game/gameplay_sim/Cargo.toml","target":{"kind":["lib"],"crate_types":["lib"],"name":"gameplay_sim","src_path":"/Users/bradyjeong/Documents/Projects/Amp/gta4/gta_game/gameplay_sim/src/lib.rs","edition":"2021","doc":true,"doctest":true,"test":true},"message":{"rendered":"warning: function `is_afterburner_active` is never used\n   --> gameplay_sim/src/input/control_manager.rs:780:8\n    |\n780 | pub fn is_afterburner_active(control_manager: &ControlManager) -> bool {\n    |        ^^^^^^^^^^^^^^^^^^^^^\n\n","$message_type":"diagnostic","children":[],"code":{"code":"dead_code","explanation":null},"level":"warning","message":"function `is_afterburner_active` is never used","spans":[{"byte_end":29696,"byte_start":29675,"column_end":29,"column_start":8,"expansion":null,"file_name":"gameplay_sim/src/input/control_manager.rs","is_primary":true,"label":null,"line_end":780,"line_start":780,"suggested_replacement":null,"suggestion_applicability":null,"text":[{"highlight_end":29,"highlight_start":8,"text":"pub fn is_afterburner_active(control_manager: &ControlManager) -> bool {"}]}]}}
{"reason":"compiler-message","package_id":"path+file:///Users/bradyjeong/Documents/Projects/Amp/gta4/gta_game/gameplay_sim#0.1.0","manifest_path":"/Users/bradyjeong/Documents/Projects/Amp/gta4/gta_game/gameplay_sim/Cargo.toml","target":{"kind":["lib"],"crate_types":["lib"],"name":"gameplay_sim","src_path":"/Users/bradyjeong/Documents/Projects/Amp/gta4/gta_game/gameplay_sim/src/lib.rs","edition":"2021","doc":true,"doctest":true,"test":true},"message":{"rendered":"warning: function `get_pitch_input` is never used\n   --> gameplay_sim/src/input/control_manager.rs:784:8\n    |\n784 | pub fn get_pitch_input(control_manager: &ControlManager) -> f32 {\n    |        ^^^^^^^^^^^^^^^\n\n","$message_type":"diagnostic","children":[],"code":{"code":"dead_code","explanation":null},"level":"warning","message":"function `get_pitch_input` is never used","spans":[{"byte_end":29832,"byte_start":29817,"column_end":23,"column_start":8,"expansion":null,"file_name":"gameplay_sim/src/input/control_manager.rs","is_primary":true,"label":null,"line_end":784,"line_start":784,"suggested_replacement":null,"suggestion_applicability":null,"text":[{"highlight_end":23,"highlight_start":8,"text":"pub fn get_pitch_input(control_manager: &ControlManager) -> f32 {"}]}]}}
{"reason":"compiler-message","package_id":"path+file:///Users/bradyjeong/Documents/Projects/Amp/gta4/gta_game/gameplay_sim#0.1.0","manifest_path":"/Users/bradyjeong/Documents/Projects/Amp/gta4/gta_game/gameplay_sim/Cargo.toml","target":{"kind":["lib"],"crate_types":["lib"],"name":"gameplay_sim","src_path":"/Users/bradyjeong/Documents/Projects/Amp/gta4/gta_game/gameplay_sim/src/lib.rs","edition":"2021","doc":true,"doctest":true,"test":true},"message":{"rendered":"warning: function `get_roll_input` is never used\n   --> gameplay_sim/src/input/control_manager.rs:788:8\n    |\n788 | pub fn get_roll_input(control_manager: &ControlManager) -> f32 {\n    |        ^^^^^^^^^^^^^^\n\n","$message_type":"diagnostic","children":[],"code":{"code":"dead_code","explanation":null},"level":"warning","message":"function `get_roll_input` is never used","spans":[{"byte_end":29960,"byte_start":29946,"column_end":22,"column_start":8,"expansion":null,"file_name":"gameplay_sim/src/input/control_manager.rs","is_primary":true,"label":null,"line_end":788,"line_start":788,"suggested_replacement":null,"suggestion_applicability":null,"text":[{"highlight_end":22,"highlight_start":8,"text":"pub fn get_roll_input(control_manager: &ControlManager) -> f32 {"}]}]}}
{"reason":"compiler-message","package_id":"path+file:///Users/bradyjeong/Documents/Projects/Amp/gta4/gta_game/gameplay_sim#0.1.0","manifest_path":"/Users/bradyjeong/Documents/Projects/Amp/gta4/gta_game/gameplay_sim/Cargo.toml","target":{"kind":["lib"],"crate_types":["lib"],"name":"gameplay_sim","src_path":"/Users/bradyjeong/Documents/Projects/Amp/gta4/gta_game/gameplay_sim/src/lib.rs","edition":"2021","doc":true,"doctest":true,"test":true},"message":{"rendered":"warning: function `get_yaw_input` is never used\n   --> gameplay_sim/src/input/control_manager.rs:792:8\n    |\n792 | pub fn get_yaw_input(control_manager: &ControlManager) -> f32 {\n    |        ^^^^^^^^^^^^^\n\n","$message_type":"diagnostic","children":[],"code":{"code":"dead_code","explanation":null},"level":"warning","message":"function `get_yaw_input` is never used","spans":[{"byte_end":30086,"byte_start":30073,"column_end":21,"column_start":8,"expansion":null,"file_name":"gameplay_sim/src/input/control_manager.rs","is_primary":true,"label":null,"line_end":792,"line_start":792,"suggested_replacement":null,"suggestion_applicability":null,"text":[{"highlight_end":21,"highlight_start":8,"text":"pub fn get_yaw_input(control_manager: &ControlManager) -> f32 {"}]}]}}
{"reason":"compiler-message","package_id":"path+file:///Users/bradyjeong/Documents/Projects/Amp/gta4/gta_game/gameplay_sim#0.1.0","manifest_path":"/Users/bradyjeong/Documents/Projects/Amp/gta4/gta_game/gameplay_sim/Cargo.toml","target":{"kind":["lib"],"crate_types":["lib"],"name":"gameplay_sim","src_path":"/Users/bradyjeong/Documents/Projects/Amp/gta4/gta_game/gameplay_sim/src/lib.rs","edition":"2021","doc":true,"doctest":true,"test":true},"message":{"rendered":"warning: function `get_throttle_input` is never used\n   --> gameplay_sim/src/input/control_manager.rs:796:8\n    |\n796 | pub fn get_throttle_input(control_manager: &ControlManager) -> f32 {\n    |        ^^^^^^^^^^^^^^^^^^\n\n","$message_type":"diagnostic","children":[],"code":{"code":"dead_code","explanation":null},"level":"warning","message":"function `get_throttle_input` is never used","spans":[{"byte_end":30216,"byte_start":30198,"column_end":26,"column_start":8,"expansion":null,"file_name":"gameplay_sim/src/input/control_manager.rs","is_primary":true,"label":null,"line_end":796,"line_start":796,"suggested_replacement":null,"suggestion_applicability":null,"text":[{"highlight_end":26,"highlight_start":8,"text":"pub fn get_throttle_input(control_manager: &ControlManager) -> f32 {"}]}]}}
{"reason":"compiler-message","package_id":"path+file:///Users/bradyjeong/Documents/Projects/Amp/gta4/gta_game/gameplay_sim#0.1.0","manifest_path":"/Users/bradyjeong/Documents/Projects/Amp/gta4/gta_game/gameplay_sim/Cargo.toml","target":{"kind":["lib"],"crate_types":["lib"],"name":"gameplay_sim","src_path":"/Users/bradyjeong/Documents/Projects/Amp/gta4/gta_game/gameplay_sim/src/lib.rs","edition":"2021","doc":true,"doctest":true,"test":true},"message":{"rendered":"warning: function `npc_ai_control_system` is never used\n   --> gameplay_sim/src/input/control_manager.rs:801:8\n    |\n801 | pub fn npc_ai_control_system(\n    |        ^^^^^^^^^^^^^^^^^^^^^\n\n","$message_type":"diagnostic","children":[],"code":{"code":"dead_code","explanation":null},"level":"warning","message":"function `npc_ai_control_system` is never used","spans":[{"byte_end":30429,"byte_start":30408,"column_end":29,"column_start":8,"expansion":null,"file_name":"gameplay_sim/src/input/control_manager.rs","is_primary":true,"label":null,"line_end":801,"line_start":801,"suggested_replacement":null,"suggestion_applicability":null,"text":[{"highlight_end":29,"highlight_start":8,"text":"pub fn npc_ai_control_system("}]}]}}
{"reason":"compiler-message","package_id":"path+file:///Users/bradyjeong/Documents/Projects/Amp/gta4/gta_game/gameplay_sim#0.1.0","manifest_path":"/Users/bradyjeong/Documents/Projects/Amp/gta4/gta_game/gameplay_sim/Cargo.toml","target":{"kind":["lib"],"crate_types":["lib"],"name":"gameplay_sim","src_path":"/Users/bradyjeong/Documents/Projects/Amp/gta4/gta_game/gameplay_sim/src/lib.rs","edition":"2021","doc":true,"doctest":true,"test":true},"message":{"rendered":"warning: missing documentation for a function\n   --> gameplay_sim/src/world/road_mesh.rs:380:1\n    |\n380 | pub fn generate_intersection_mesh(intersection: &RoadIntersection, connected_roads: &[&RoadSpline]) -> Mesh {\n    | ^^^^^^^^^^^^^^^^^^^^^^^^^^^^^^^^^^^^^^^^^^^^^^^^^^^^^^^^^^^^^^^^^^^^^^^^^^^^^^^^^^^^^^^^^^^^^^^^^^^^^^^^^^^\n\n","$message_type":"diagnostic","children":[],"code":{"code":"missing_docs","explanation":null},"level":"warning","message":"missing documentation for a function","spans":[{"byte_end":13661,"byte_start":13554,"column_end":108,"column_start":1,"expansion":null,"file_name":"gameplay_sim/src/world/road_mesh.rs","is_primary":true,"label":null,"line_end":380,"line_start":380,"suggested_replacement":null,"suggestion_applicability":null,"text":[{"highlight_end":108,"highlight_start":1,"text":"pub fn generate_intersection_mesh(intersection: &RoadIntersection, connected_roads: &[&RoadSpline]) -> Mesh {"}]}]}}
{"reason":"compiler-message","package_id":"path+file:///Users/bradyjeong/Documents/Projects/Amp/gta4/gta_game/gameplay_sim#0.1.0","manifest_path":"/Users/bradyjeong/Documents/Projects/Amp/gta4/gta_game/gameplay_sim/Cargo.toml","target":{"kind":["lib"],"crate_types":["lib"],"name":"gameplay_sim","src_path":"/Users/bradyjeong/Documents/Projects/Amp/gta4/gta_game/gameplay_sim/src/lib.rs","edition":"2021","doc":true,"doctest":true,"test":true},"message":{"rendered":"warning: multiple methods are never used\n  --> gameplay_sim/src/input/control_manager_ext.rs:17:8\n   |\n16 | pub trait ControlManagerExt {\n   |           ----------------- methods in this trait\n17 |     fn is_accelerating(&self) -> bool;\n   |        ^^^^^^^^^^^^^^^\n18 |     fn is_braking(&self) -> bool;\n   |        ^^^^^^^^^^\n19 |     fn is_turning_left(&self) -> bool;\n   |        ^^^^^^^^^^^^^^^\n20 |     fn is_turning_right(&self) -> bool;\n   |        ^^^^^^^^^^^^^^^^\n21 |     fn is_moving_forward(&self) -> bool;\n   |        ^^^^^^^^^^^^^^^^^\n22 |     fn is_moving_backward(&self) -> bool;\n   |        ^^^^^^^^^^^^^^^^^^\n23 |     fn axis(&self, axis_name: &str) -> f32;\n   |        ^^^^\n24 |     fn get_steering_input(&self) -> f32;\n   |        ^^^^^^^^^^^^^^^^^^\n25 |     fn get_throttle_input(&self) -> f32;\n   |        ^^^^^^^^^^^^^^^^^^\n26 |     fn get_brake_input(&self) -> f32;\n   |        ^^^^^^^^^^^^^^^\n27 |     fn get_pitch_input(&self) -> f32;\n   |        ^^^^^^^^^^^^^^^\n28 |     fn get_yaw_input(&self) -> f32;\n   |        ^^^^^^^^^^^^^\n29 |     fn get_roll_input(&self) -> f32;\n   |        ^^^^^^^^^^^^^^\n\n","$message_type":"diagnostic","children":[],"code":{"code":"dead_code","explanation":null},"level":"warning","message":"multiple methods are never used","spans":[{"byte_end":707,"byte_start":690,"column_end":28,"column_start":11,"expansion":null,"file_name":"gameplay_sim/src/input/control_manager_ext.rs","is_primary":false,"label":"methods in this trait","line_end":16,"line_start":16,"suggested_replacement":null,"suggestion_applicability":null,"text":[{"highlight_end":28,"highlight_start":11,"text":"pub trait ControlManagerExt {"}]},{"byte_end":732,"byte_start":717,"column_end":23,"column_start":8,"expansion":null,"file_name":"gameplay_sim/src/input/control_manager_ext.rs","is_primary":true,"label":null,"line_end":17,"line_start":17,"suggested_replacement":null,"suggestion_applicability":null,"text":[{"highlight_end":23,"highlight_start":8,"text":"    fn is_accelerating(&self) -> bool;"}]},{"byte_end":766,"byte_start":756,"column_end":18,"column_start":8,"expansion":null,"file_name":"gameplay_sim/src/input/control_manager_ext.rs","is_primary":true,"label":null,"line_end":18,"line_start":18,"suggested_replacement":null,"suggestion_applicability":null,"text":[{"highlight_end":18,"highlight_start":8,"text":"    fn is_braking(&self) -> bool;"}]},{"byte_end":805,"byte_start":790,"column_end":23,"column_start":8,"expansion":null,"file_name":"gameplay_sim/src/input/control_manager_ext.rs","is_primary":true,"label":null,"line_end":19,"line_start":19,"suggested_replacement":null,"suggestion_applicability":null,"text":[{"highlight_end":23,"highlight_start":8,"text":"    fn is_turning_left(&self) -> bool;"}]},{"byte_end":845,"byte_start":829,"column_end":24,"column_start":8,"expansion":null,"file_name":"gameplay_sim/src/input/control_manager_ext.rs","is_primary":true,"label":null,"line_end":20,"line_start":20,"suggested_replacement":null,"suggestion_applicability":null,"text":[{"highlight_end":24,"highlight_start":8,"text":"    fn is_turning_right(&self) -> bool;"}]},{"byte_end":886,"byte_start":869,"column_end":25,"column_start":8,"expansion":null,"file_name":"gameplay_sim/src/input/control_manager_ext.rs","is_primary":true,"label":null,"line_end":21,"line_start":21,"suggested_replacement":null,"suggestion_applicability":null,"text":[{"highlight_end":25,"highlight_start":8,"text":"    fn is_moving_forward(&self) -> bool;"}]},{"byte_end":928,"byte_start":910,"column_end":26,"column_start":8,"expansion":null,"file_name":"gameplay_sim/src/input/control_manager_ext.rs","is_primary":true,"label":null,"line_end":22,"line_start":22,"suggested_replacement":null,"suggestion_applicability":null,"text":[{"highlight_end":26,"highlight_start":8,"text":"    fn is_moving_backward(&self) -> bool;"}]},{"byte_end":956,"byte_start":952,"column_end":12,"column_start":8,"expansion":null,"file_name":"gameplay_sim/src/input/control_manager_ext.rs","is_primary":true,"label":null,"line_end":23,"line_start":23,"suggested_replacement":null,"suggestion_applicability":null,"text":[{"highlight_end":12,"highlight_start":8,"text":"    fn axis(&self, axis_name: &str) -> f32;"}]},{"byte_end":1014,"byte_start":996,"column_end":26,"column_start":8,"expansion":null,"file_name":"gameplay_sim/src/input/control_manager_ext.rs","is_primary":true,"label":null,"line_end":24,"line_start":24,"suggested_replacement":null,"suggestion_applicability":null,"text":[{"highlight_end":26,"highlight_start":8,"text":"    fn get_steering_input(&self) -> f32;"}]},{"byte_end":1055,"byte_start":1037,"column_end":26,"column_start":8,"expansion":null,"file_name":"gameplay_sim/src/input/control_manager_ext.rs","is_primary":true,"label":null,"line_end":25,"line_start":25,"suggested_replacement":null,"suggestion_applicability":null,"text":[{"highlight_end":26,"highlight_start":8,"text":"    fn get_throttle_input(&self) -> f32;"}]},{"byte_end":1093,"byte_start":1078,"column_end":23,"column_start":8,"expansion":null,"file_name":"gameplay_sim/src/input/control_manager_ext.rs","is_primary":true,"label":null,"line_end":26,"line_start":26,"suggested_replacement":null,"suggestion_applicability":null,"text":[{"highlight_end":23,"highlight_start":8,"text":"    fn get_brake_input(&self) -> f32;"}]},{"byte_end":1131,"byte_start":1116,"column_end":23,"column_start":8,"expansion":null,"file_name":"gameplay_sim/src/input/control_manager_ext.rs","is_primary":true,"label":null,"line_end":27,"line_start":27,"suggested_replacement":null,"suggestion_applicability":null,"text":[{"highlight_end":23,"highlight_start":8,"text":"    fn get_pitch_input(&self) -> f32;"}]},{"byte_end":1167,"byte_start":1154,"column_end":21,"column_start":8,"expansion":null,"file_name":"gameplay_sim/src/input/control_manager_ext.rs","is_primary":true,"label":null,"line_end":28,"line_start":28,"suggested_replacement":null,"suggestion_applicability":null,"text":[{"highlight_end":21,"highlight_start":8,"text":"    fn get_yaw_input(&self) -> f32;"}]},{"byte_end":1204,"byte_start":1190,"column_end":22,"column_start":8,"expansion":null,"file_name":"gameplay_sim/src/input/control_manager_ext.rs","is_primary":true,"label":null,"line_end":29,"line_start":29,"suggested_replacement":null,"suggestion_applicability":null,"text":[{"highlight_end":22,"highlight_start":8,"text":"    fn get_roll_input(&self) -> f32;"}]}]}}
{"reason":"compiler-message","package_id":"path+file:///Users/bradyjeong/Documents/Projects/Amp/gta4/gta_game/gameplay_sim#0.1.0","manifest_path":"/Users/bradyjeong/Documents/Projects/Amp/gta4/gta_game/gameplay_sim/Cargo.toml","target":{"kind":["lib"],"crate_types":["lib"],"name":"gameplay_sim","src_path":"/Users/bradyjeong/Documents/Projects/Amp/gta4/gta_game/gameplay_sim/src/lib.rs","edition":"2021","doc":true,"doctest":true,"test":true},"message":{"rendered":"warning: function `is_accelerating` is never used\n  --> gameplay_sim/src/input/control_manager_ext.rs:87:8\n   |\n87 | pub fn is_accelerating(control_manager: &ControlManager) -> bool {\n   |        ^^^^^^^^^^^^^^^\n\n","$message_type":"diagnostic","children":[],"code":{"code":"dead_code","explanation":null},"level":"warning","message":"function `is_accelerating` is never used","spans":[{"byte_end":2622,"byte_start":2607,"column_end":23,"column_start":8,"expansion":null,"file_name":"gameplay_sim/src/input/control_manager_ext.rs","is_primary":true,"label":null,"line_end":87,"line_start":87,"suggested_replacement":null,"suggestion_applicability":null,"text":[{"highlight_end":23,"highlight_start":8,"text":"pub fn is_accelerating(control_manager: &ControlManager) -> bool {"}]}]}}
{"reason":"compiler-message","package_id":"path+file:///Users/bradyjeong/Documents/Projects/Amp/gta4/gta_game/gameplay_sim#0.1.0","manifest_path":"/Users/bradyjeong/Documents/Projects/Amp/gta4/gta_game/gameplay_sim/Cargo.toml","target":{"kind":["lib"],"crate_types":["lib"],"name":"gameplay_sim","src_path":"/Users/bradyjeong/Documents/Projects/Amp/gta4/gta_game/gameplay_sim/src/lib.rs","edition":"2021","doc":true,"doctest":true,"test":true},"message":{"rendered":"warning: function `is_braking` is never used\n  --> gameplay_sim/src/input/control_manager_ext.rs:91:8\n   |\n91 | pub fn is_braking(control_manager: &ControlManager) -> bool {\n   |        ^^^^^^^^^^\n\n","$message_type":"diagnostic","children":[],"code":{"code":"dead_code","explanation":null},"level":"warning","message":"function `is_braking` is never used","spans":[{"byte_end":2725,"byte_start":2715,"column_end":18,"column_start":8,"expansion":null,"file_name":"gameplay_sim/src/input/control_manager_ext.rs","is_primary":true,"label":null,"line_end":91,"line_start":91,"suggested_replacement":null,"suggestion_applicability":null,"text":[{"highlight_end":18,"highlight_start":8,"text":"pub fn is_braking(control_manager: &ControlManager) -> bool {"}]}]}}
{"reason":"compiler-message","package_id":"path+file:///Users/bradyjeong/Documents/Projects/Amp/gta4/gta_game/gameplay_sim#0.1.0","manifest_path":"/Users/bradyjeong/Documents/Projects/Amp/gta4/gta_game/gameplay_sim/Cargo.toml","target":{"kind":["lib"],"crate_types":["lib"],"name":"gameplay_sim","src_path":"/Users/bradyjeong/Documents/Projects/Amp/gta4/gta_game/gameplay_sim/src/lib.rs","edition":"2021","doc":true,"doctest":true,"test":true},"message":{"rendered":"warning: missing documentation for a trait\n  --> gameplay_sim/src/world/road_generation.rs:22:1\n   |\n22 | pub trait RoadNetworkExtensions {\n   | ^^^^^^^^^^^^^^^^^^^^^^^^^^^^^^^\n\n","$message_type":"diagnostic","children":[],"code":{"code":"missing_docs","explanation":null},"level":"warning","message":"missing documentation for a trait","spans":[{"byte_end":1024,"byte_start":993,"column_end":32,"column_start":1,"expansion":null,"file_name":"gameplay_sim/src/world/road_generation.rs","is_primary":true,"label":null,"line_end":22,"line_start":22,"suggested_replacement":null,"suggestion_applicability":null,"text":[{"highlight_end":32,"highlight_start":1,"text":"pub trait RoadNetworkExtensions {"}]}]}}
{"reason":"compiler-message","package_id":"path+file:///Users/bradyjeong/Documents/Projects/Amp/gta4/gta_game/gameplay_sim#0.1.0","manifest_path":"/Users/bradyjeong/Documents/Projects/Amp/gta4/gta_game/gameplay_sim/Cargo.toml","target":{"kind":["lib"],"crate_types":["lib"],"name":"gameplay_sim","src_path":"/Users/bradyjeong/Documents/Projects/Amp/gta4/gta_game/gameplay_sim/src/lib.rs","edition":"2021","doc":true,"doctest":true,"test":true},"message":{"rendered":"warning: function `is_turning_left` is never used\n  --> gameplay_sim/src/input/control_manager_ext.rs:95:8\n   |\n95 | pub fn is_turning_left(control_manager: &ControlManager) -> bool {\n   |        ^^^^^^^^^^^^^^^\n\n","$message_type":"diagnostic","children":[],"code":{"code":"dead_code","explanation":null},"level":"warning","message":"function `is_turning_left` is never used","spans":[{"byte_end":2828,"byte_start":2813,"column_end":23,"column_start":8,"expansion":null,"file_name":"gameplay_sim/src/input/control_manager_ext.rs","is_primary":true,"label":null,"line_end":95,"line_start":95,"suggested_replacement":null,"suggestion_applicability":null,"text":[{"highlight_end":23,"highlight_start":8,"text":"pub fn is_turning_left(control_manager: &ControlManager) -> bool {"}]}]}}
{"reason":"compiler-message","package_id":"path+file:///Users/bradyjeong/Documents/Projects/Amp/gta4/gta_game/gameplay_sim#0.1.0","manifest_path":"/Users/bradyjeong/Documents/Projects/Amp/gta4/gta_game/gameplay_sim/Cargo.toml","target":{"kind":["lib"],"crate_types":["lib"],"name":"gameplay_sim","src_path":"/Users/bradyjeong/Documents/Projects/Amp/gta4/gta_game/gameplay_sim/src/lib.rs","edition":"2021","doc":true,"doctest":true,"test":true},"message":{"rendered":"warning: missing documentation for a method\n  --> gameplay_sim/src/world/road_generation.rs:23:5\n   |\n23 |     fn clear_cache(&mut self);\n   |     ^^^^^^^^^^^^^^^^^^^^^^^^^^\n\n","$message_type":"diagnostic","children":[],"code":{"code":"missing_docs","explanation":null},"level":"warning","message":"missing documentation for a method","spans":[{"byte_end":1057,"byte_start":1031,"column_end":31,"column_start":5,"expansion":null,"file_name":"gameplay_sim/src/world/road_generation.rs","is_primary":true,"label":null,"line_end":23,"line_start":23,"suggested_replacement":null,"suggestion_applicability":null,"text":[{"highlight_end":31,"highlight_start":5,"text":"    fn clear_cache(&mut self);"}]}]}}
{"reason":"compiler-message","package_id":"path+file:///Users/bradyjeong/Documents/Projects/Amp/gta4/gta_game/gameplay_sim#0.1.0","manifest_path":"/Users/bradyjeong/Documents/Projects/Amp/gta4/gta_game/gameplay_sim/Cargo.toml","target":{"kind":["lib"],"crate_types":["lib"],"name":"gameplay_sim","src_path":"/Users/bradyjeong/Documents/Projects/Amp/gta4/gta_game/gameplay_sim/src/lib.rs","edition":"2021","doc":true,"doctest":true,"test":true},"message":{"rendered":"warning: function `is_turning_right` is never used\n  --> gameplay_sim/src/input/control_manager_ext.rs:99:8\n   |\n99 | pub fn is_turning_right(control_manager: &ControlManager) -> bool {\n   |        ^^^^^^^^^^^^^^^^\n\n","$message_type":"diagnostic","children":[],"code":{"code":"dead_code","explanation":null},"level":"warning","message":"function `is_turning_right` is never used","spans":[{"byte_end":2937,"byte_start":2921,"column_end":24,"column_start":8,"expansion":null,"file_name":"gameplay_sim/src/input/control_manager_ext.rs","is_primary":true,"label":null,"line_end":99,"line_start":99,"suggested_replacement":null,"suggestion_applicability":null,"text":[{"highlight_end":24,"highlight_start":8,"text":"pub fn is_turning_right(control_manager: &ControlManager) -> bool {"}]}]}}
{"reason":"compiler-message","package_id":"path+file:///Users/bradyjeong/Documents/Projects/Amp/gta4/gta_game/gameplay_sim#0.1.0","manifest_path":"/Users/bradyjeong/Documents/Projects/Amp/gta4/gta_game/gameplay_sim/Cargo.toml","target":{"kind":["lib"],"crate_types":["lib"],"name":"gameplay_sim","src_path":"/Users/bradyjeong/Documents/Projects/Amp/gta4/gta_game/gameplay_sim/src/lib.rs","edition":"2021","doc":true,"doctest":true,"test":true},"message":{"rendered":"warning: missing documentation for a method\n  --> gameplay_sim/src/world/road_generation.rs:24:5\n   |\n24 |     fn generate_chunk_roads(&mut self, chunk_x: i32, chunk_z: i32) -> Vec<u32>;\n   |     ^^^^^^^^^^^^^^^^^^^^^^^^^^^^^^^^^^^^^^^^^^^^^^^^^^^^^^^^^^^^^^^^^^^^^^^^^^^\n\n","$message_type":"diagnostic","children":[],"code":{"code":"missing_docs","explanation":null},"level":"warning","message":"missing documentation for a method","spans":[{"byte_end":1137,"byte_start":1062,"column_end":80,"column_start":5,"expansion":null,"file_name":"gameplay_sim/src/world/road_generation.rs","is_primary":true,"label":null,"line_end":24,"line_start":24,"suggested_replacement":null,"suggestion_applicability":null,"text":[{"highlight_end":80,"highlight_start":5,"text":"    fn generate_chunk_roads(&mut self, chunk_x: i32, chunk_z: i32) -> Vec<u32>;"}]}]}}
{"reason":"compiler-message","package_id":"path+file:///Users/bradyjeong/Documents/Projects/Amp/gta4/gta_game/gameplay_sim#0.1.0","manifest_path":"/Users/bradyjeong/Documents/Projects/Amp/gta4/gta_game/gameplay_sim/Cargo.toml","target":{"kind":["lib"],"crate_types":["lib"],"name":"gameplay_sim","src_path":"/Users/bradyjeong/Documents/Projects/Amp/gta4/gta_game/gameplay_sim/src/lib.rs","edition":"2021","doc":true,"doctest":true,"test":true},"message":{"rendered":"warning: function `setup_basic_world` is never used\n  --> gameplay_sim/src/setup/world.rs:14:8\n   |\n14 | pub fn setup_basic_world(\n   |        ^^^^^^^^^^^^^^^^^\n\n","$message_type":"diagnostic","children":[],"code":{"code":"dead_code","explanation":null},"level":"warning","message":"function `setup_basic_world` is never used","spans":[{"byte_end":595,"byte_start":578,"column_end":25,"column_start":8,"expansion":null,"file_name":"gameplay_sim/src/setup/world.rs","is_primary":true,"label":null,"line_end":14,"line_start":14,"suggested_replacement":null,"suggestion_applicability":null,"text":[{"highlight_end":25,"highlight_start":8,"text":"pub fn setup_basic_world("}]}]}}
{"reason":"compiler-message","package_id":"path+file:///Users/bradyjeong/Documents/Projects/Amp/gta4/gta_game/gameplay_sim#0.1.0","manifest_path":"/Users/bradyjeong/Documents/Projects/Amp/gta4/gta_game/gameplay_sim/Cargo.toml","target":{"kind":["lib"],"crate_types":["lib"],"name":"gameplay_sim","src_path":"/Users/bradyjeong/Documents/Projects/Amp/gta4/gta_game/gameplay_sim/src/lib.rs","edition":"2021","doc":true,"doctest":true,"test":true},"message":{"rendered":"warning: missing documentation for a struct\n  --> gameplay_sim/src/world/road_generation.rs:46:1\n   |\n46 | pub struct RoadGenerationTimer {\n   | ^^^^^^^^^^^^^^^^^^^^^^^^^^^^^^\n\n","$message_type":"diagnostic","children":[],"code":{"code":"missing_docs","explanation":null},"level":"warning","message":"missing documentation for a struct","spans":[{"byte_end":1913,"byte_start":1883,"column_end":31,"column_start":1,"expansion":null,"file_name":"gameplay_sim/src/world/road_generation.rs","is_primary":true,"label":null,"line_end":46,"line_start":46,"suggested_replacement":null,"suggestion_applicability":null,"text":[{"highlight_end":31,"highlight_start":1,"text":"pub struct RoadGenerationTimer {"}]}]}}
{"reason":"compiler-message","package_id":"path+file:///Users/bradyjeong/Documents/Projects/Amp/gta4/gta_game/gameplay_sim#0.1.0","manifest_path":"/Users/bradyjeong/Documents/Projects/Amp/gta4/gta_game/gameplay_sim/Cargo.toml","target":{"kind":["lib"],"crate_types":["lib"],"name":"gameplay_sim","src_path":"/Users/bradyjeong/Documents/Projects/Amp/gta4/gta_game/gameplay_sim/src/lib.rs","edition":"2021","doc":true,"doctest":true,"test":true},"message":{"rendered":"warning: function `setup_dubai_noon_lighting` is never used\n   --> gameplay_sim/src/setup/world.rs:271:8\n    |\n271 | pub fn setup_dubai_noon_lighting(mut commands: Commands) {\n    |        ^^^^^^^^^^^^^^^^^^^^^^^^^\n\n","$message_type":"diagnostic","children":[],"code":{"code":"dead_code","explanation":null},"level":"warning","message":"function `setup_dubai_noon_lighting` is never used","spans":[{"byte_end":9682,"byte_start":9657,"column_end":33,"column_start":8,"expansion":null,"file_name":"gameplay_sim/src/setup/world.rs","is_primary":true,"label":null,"line_end":271,"line_start":271,"suggested_replacement":null,"suggestion_applicability":null,"text":[{"highlight_end":33,"highlight_start":8,"text":"pub fn setup_dubai_noon_lighting(mut commands: Commands) {"}]}]}}
{"reason":"compiler-message","package_id":"path+file:///Users/bradyjeong/Documents/Projects/Amp/gta4/gta_game/gameplay_sim#0.1.0","manifest_path":"/Users/bradyjeong/Documents/Projects/Amp/gta4/gta_game/gameplay_sim/Cargo.toml","target":{"kind":["lib"],"crate_types":["lib"],"name":"gameplay_sim","src_path":"/Users/bradyjeong/Documents/Projects/Amp/gta4/gta_game/gameplay_sim/src/lib.rs","edition":"2021","doc":true,"doctest":true,"test":true},"message":{"rendered":"warning: enum `BugattiColorScheme` is never used\n --> gameplay_sim/src/setup/vehicles.rs:9:10\n  |\n9 | pub enum BugattiColorScheme {\n  |          ^^^^^^^^^^^^^^^^^^\n  |\n  = note: `BugattiColorScheme` has a derived impl for the trait `Clone`, but this is intentionally ignored during dead code analysis\n\n","$message_type":"diagnostic","children":[{"children":[],"code":null,"level":"note","message":"`BugattiColorScheme` has a derived impl for the trait `Clone`, but this is intentionally ignored during dead code analysis","rendered":null,"spans":[]}],"code":{"code":"dead_code","explanation":null},"level":"warning","message":"enum `BugattiColorScheme` is never used","spans":[{"byte_end":311,"byte_start":293,"column_end":28,"column_start":10,"expansion":null,"file_name":"gameplay_sim/src/setup/vehicles.rs","is_primary":true,"label":null,"line_end":9,"line_start":9,"suggested_replacement":null,"suggestion_applicability":null,"text":[{"highlight_end":28,"highlight_start":10,"text":"pub enum BugattiColorScheme {"}]}]}}
{"reason":"compiler-message","package_id":"path+file:///Users/bradyjeong/Documents/Projects/Amp/gta4/gta_game/gameplay_sim#0.1.0","manifest_path":"/Users/bradyjeong/Documents/Projects/Amp/gta4/gta_game/gameplay_sim/Cargo.toml","target":{"kind":["lib"],"crate_types":["lib"],"name":"gameplay_sim","src_path":"/Users/bradyjeong/Documents/Projects/Amp/gta4/gta_game/gameplay_sim/src/lib.rs","edition":"2021","doc":true,"doctest":true,"test":true},"message":{"rendered":"warning: missing documentation for a function\n  --> gameplay_sim/src/world/road_generation.rs:51:1\n   |\n51 | / pub fn road_network_system(\n52 | |     mut commands: Commands,\n53 | |     mut road_network: ResMut<RoadNetwork>,\n54 | |     active_query: Query<&Transform, With<ActiveEntity>>,\n...  |\n60 | |     mut timer: Local<RoadGenerationTimer>,\n61 | | ) {\n   | |_^\n\n","$message_type":"diagnostic","children":[],"code":{"code":"missing_docs","explanation":null},"level":"warning","message":"missing documentation for a function","spans":[{"byte_end":2354,"byte_start":1978,"column_end":2,"column_start":1,"expansion":null,"file_name":"gameplay_sim/src/world/road_generation.rs","is_primary":true,"label":null,"line_end":61,"line_start":51,"suggested_replacement":null,"suggestion_applicability":null,"text":[{"highlight_end":28,"highlight_start":1,"text":"pub fn road_network_system("},{"highlight_end":28,"highlight_start":1,"text":"    mut commands: Commands,"},{"highlight_end":43,"highlight_start":1,"text":"    mut road_network: ResMut<RoadNetwork>,"},{"highlight_end":57,"highlight_start":1,"text":"    active_query: Query<&Transform, With<ActiveEntity>>,"},{"highlight_end":38,"highlight_start":1,"text":"    mut meshes: ResMut<Assets<Mesh>>,"},{"highlight_end":53,"highlight_start":1,"text":"    mut materials: ResMut<Assets<StandardMaterial>>,"},{"highlight_end":63,"highlight_start":1,"text":"    road_query: Query<(Entity, &Transform), With<RoadEntity>>,"},{"highlight_end":1,"highlight_start":1,"text":""},{"highlight_end":21,"highlight_start":1,"text":"    time: Res<Time>,"},{"highlight_end":43,"highlight_start":1,"text":"    mut timer: Local<RoadGenerationTimer>,"},{"highlight_end":2,"highlight_start":1,"text":") {"}]}]}}
{"reason":"compiler-message","package_id":"path+file:///Users/bradyjeong/Documents/Projects/Amp/gta4/gta_game/gameplay_sim#0.1.0","manifest_path":"/Users/bradyjeong/Documents/Projects/Amp/gta4/gta_game/gameplay_sim/Cargo.toml","target":{"kind":["lib"],"crate_types":["lib"],"name":"gameplay_sim","src_path":"/Users/bradyjeong/Documents/Projects/Amp/gta4/gta_game/gameplay_sim/src/lib.rs","edition":"2021","doc":true,"doctest":true,"test":true},"message":{"rendered":"warning: method `get_material` is never used\n  --> gameplay_sim/src/setup/vehicles.rs:18:12\n   |\n17 | impl BugattiColorScheme {\n   | ----------------------- method in this implementation\n18 |     pub fn get_material(&self) -> StandardMaterial {\n   |            ^^^^^^^^^^^^\n\n","$message_type":"diagnostic","children":[],"code":{"code":"dead_code","explanation":null},"level":"warning","message":"method `get_material` is never used","spans":[{"byte_end":590,"byte_start":567,"column_end":24,"column_start":1,"expansion":null,"file_name":"gameplay_sim/src/setup/vehicles.rs","is_primary":false,"label":"method in this implementation","line_end":17,"line_start":17,"suggested_replacement":null,"suggestion_applicability":null,"text":[{"highlight_end":24,"highlight_start":1,"text":"impl BugattiColorScheme {"}]},{"byte_end":616,"byte_start":604,"column_end":24,"column_start":12,"expansion":null,"file_name":"gameplay_sim/src/setup/vehicles.rs","is_primary":true,"label":null,"line_end":18,"line_start":18,"suggested_replacement":null,"suggestion_applicability":null,"text":[{"highlight_end":24,"highlight_start":12,"text":"    pub fn get_material(&self) -> StandardMaterial {"}]}]}}
{"reason":"compiler-message","package_id":"path+file:///Users/bradyjeong/Documents/Projects/Amp/gta4/gta_game/gameplay_sim#0.1.0","manifest_path":"/Users/bradyjeong/Documents/Projects/Amp/gta4/gta_game/gameplay_sim/Cargo.toml","target":{"kind":["lib"],"crate_types":["lib"],"name":"gameplay_sim","src_path":"/Users/bradyjeong/Documents/Projects/Amp/gta4/gta_game/gameplay_sim/src/lib.rs","edition":"2021","doc":true,"doctest":true,"test":true},"message":{"rendered":"warning: function `setup_luxury_bugatti_chiron` is never used\n  --> gameplay_sim/src/setup/vehicles.rs:81:8\n   |\n81 | pub fn setup_luxury_bugatti_chiron(\n   |        ^^^^^^^^^^^^^^^^^^^^^^^^^^^\n\n","$message_type":"diagnostic","children":[],"code":{"code":"dead_code","explanation":null},"level":"warning","message":"function `setup_luxury_bugatti_chiron` is never used","spans":[{"byte_end":2915,"byte_start":2888,"column_end":35,"column_start":8,"expansion":null,"file_name":"gameplay_sim/src/setup/vehicles.rs","is_primary":true,"label":null,"line_end":81,"line_start":81,"suggested_replacement":null,"suggestion_applicability":null,"text":[{"highlight_end":35,"highlight_start":8,"text":"pub fn setup_luxury_bugatti_chiron("}]}]}}
{"reason":"compiler-message","package_id":"path+file:///Users/bradyjeong/Documents/Projects/Amp/gta4/gta_game/gameplay_sim#0.1.0","manifest_path":"/Users/bradyjeong/Documents/Projects/Amp/gta4/gta_game/gameplay_sim/Cargo.toml","target":{"kind":["lib"],"crate_types":["lib"],"name":"gameplay_sim","src_path":"/Users/bradyjeong/Documents/Projects/Amp/gta4/gta_game/gameplay_sim/src/lib.rs","edition":"2021","doc":true,"doctest":true,"test":true},"message":{"rendered":"warning: function `setup_palm_trees` is never used\n  --> gameplay_sim/src/setup/environment.rs:10:8\n   |\n10 | pub fn setup_palm_trees(\n   |        ^^^^^^^^^^^^^^^^\n\n","$message_type":"diagnostic","children":[],"code":{"code":"dead_code","explanation":null},"level":"warning","message":"function `setup_palm_trees` is never used","spans":[{"byte_end":308,"byte_start":292,"column_end":24,"column_start":8,"expansion":null,"file_name":"gameplay_sim/src/setup/environment.rs","is_primary":true,"label":null,"line_end":10,"line_start":10,"suggested_replacement":null,"suggestion_applicability":null,"text":[{"highlight_end":24,"highlight_start":8,"text":"pub fn setup_palm_trees("}]}]}}
{"reason":"compiler-message","package_id":"path+file:///Users/bradyjeong/Documents/Projects/Amp/gta4/gta_game/gameplay_sim#0.1.0","manifest_path":"/Users/bradyjeong/Documents/Projects/Amp/gta4/gta_game/gameplay_sim/Cargo.toml","target":{"kind":["lib"],"crate_types":["lib"],"name":"gameplay_sim","src_path":"/Users/bradyjeong/Documents/Projects/Amp/gta4/gta_game/gameplay_sim/src/lib.rs","edition":"2021","doc":true,"doctest":true,"test":true},"message":{"rendered":"warning: function `setup_initial_vehicles_unified` is never used\n  --> gameplay_sim/src/setup/unified_vehicles.rs:25:8\n   |\n25 | pub fn setup_initial_vehicles_unified(\n   |        ^^^^^^^^^^^^^^^^^^^^^^^^^^^^^^\n\n","$message_type":"diagnostic","children":[],"code":{"code":"dead_code","explanation":null},"level":"warning","message":"function `setup_initial_vehicles_unified` is never used","spans":[{"byte_end":1171,"byte_start":1141,"column_end":38,"column_start":8,"expansion":null,"file_name":"gameplay_sim/src/setup/unified_vehicles.rs","is_primary":true,"label":null,"line_end":25,"line_start":25,"suggested_replacement":null,"suggestion_applicability":null,"text":[{"highlight_end":38,"highlight_start":8,"text":"pub fn setup_initial_vehicles_unified("}]}]}}
{"reason":"compiler-message","package_id":"path+file:///Users/bradyjeong/Documents/Projects/Amp/gta4/gta_game/gameplay_sim#0.1.0","manifest_path":"/Users/bradyjeong/Documents/Projects/Amp/gta4/gta_game/gameplay_sim/Cargo.toml","target":{"kind":["lib"],"crate_types":["lib"],"name":"gameplay_sim","src_path":"/Users/bradyjeong/Documents/Projects/Amp/gta4/gta_game/gameplay_sim/src/lib.rs","edition":"2021","doc":true,"doctest":true,"test":true},"message":{"rendered":"warning: function `setup_starter_vehicles_unified` is never used\n  --> gameplay_sim/src/setup/unified_vehicles.rs:86:4\n   |\n86 | fn setup_starter_vehicles_unified(\n   |    ^^^^^^^^^^^^^^^^^^^^^^^^^^^^^^\n\n","$message_type":"diagnostic","children":[],"code":{"code":"dead_code","explanation":null},"level":"warning","message":"function `setup_starter_vehicles_unified` is never used","spans":[{"byte_end":3215,"byte_start":3185,"column_end":34,"column_start":4,"expansion":null,"file_name":"gameplay_sim/src/setup/unified_vehicles.rs","is_primary":true,"label":null,"line_end":86,"line_start":86,"suggested_replacement":null,"suggestion_applicability":null,"text":[{"highlight_end":34,"highlight_start":4,"text":"fn setup_starter_vehicles_unified("}]}]}}
{"reason":"compiler-message","package_id":"path+file:///Users/bradyjeong/Documents/Projects/Amp/gta4/gta_game/gameplay_sim#0.1.0","manifest_path":"/Users/bradyjeong/Documents/Projects/Amp/gta4/gta_game/gameplay_sim/Cargo.toml","target":{"kind":["lib"],"crate_types":["lib"],"name":"gameplay_sim","src_path":"/Users/bradyjeong/Documents/Projects/Amp/gta4/gta_game/gameplay_sim/src/lib.rs","edition":"2021","doc":true,"doctest":true,"test":true},"message":{"rendered":"warning: missing documentation for a function\n   --> gameplay_sim/src/world/road_generation.rs:240:1\n    |\n240 | pub fn is_on_road_spline(position: Vec3, road_network: &RoadNetwork, tolerance: f32) -> bool {\n    | ^^^^^^^^^^^^^^^^^^^^^^^^^^^^^^^^^^^^^^^^^^^^^^^^^^^^^^^^^^^^^^^^^^^^^^^^^^^^^^^^^^^^^^^^^^^^\n\n","$message_type":"diagnostic","children":[],"code":{"code":"missing_docs","explanation":null},"level":"warning","message":"missing documentation for a function","spans":[{"byte_end":9734,"byte_start":9642,"column_end":93,"column_start":1,"expansion":null,"file_name":"gameplay_sim/src/world/road_generation.rs","is_primary":true,"label":null,"line_end":240,"line_start":240,"suggested_replacement":null,"suggestion_applicability":null,"text":[{"highlight_end":93,"highlight_start":1,"text":"pub fn is_on_road_spline(position: Vec3, road_network: &RoadNetwork, tolerance: f32) -> bool {"}]}]}}
{"reason":"compiler-message","package_id":"path+file:///Users/bradyjeong/Documents/Projects/Amp/gta4/gta_game/gameplay_sim#0.1.0","manifest_path":"/Users/bradyjeong/Documents/Projects/Amp/gta4/gta_game/gameplay_sim/Cargo.toml","target":{"kind":["lib"],"crate_types":["lib"],"name":"gameplay_sim","src_path":"/Users/bradyjeong/Documents/Projects/Amp/gta4/gta_game/gameplay_sim/src/lib.rs","edition":"2021","doc":true,"doctest":true,"test":true},"message":{"rendered":"warning: function `setup_supercar_unified` is never used\n   --> gameplay_sim/src/setup/unified_vehicles.rs:199:4\n    |\n199 | fn setup_supercar_unified(\n    |    ^^^^^^^^^^^^^^^^^^^^^^\n\n","$message_type":"diagnostic","children":[],"code":{"code":"dead_code","explanation":null},"level":"warning","message":"function `setup_supercar_unified` is never used","spans":[{"byte_end":8287,"byte_start":8265,"column_end":26,"column_start":4,"expansion":null,"file_name":"gameplay_sim/src/setup/unified_vehicles.rs","is_primary":true,"label":null,"line_end":199,"line_start":199,"suggested_replacement":null,"suggestion_applicability":null,"text":[{"highlight_end":26,"highlight_start":4,"text":"fn setup_supercar_unified("}]}]}}
{"reason":"compiler-message","package_id":"path+file:///Users/bradyjeong/Documents/Projects/Amp/gta4/gta_game/gameplay_sim#0.1.0","manifest_path":"/Users/bradyjeong/Documents/Projects/Amp/gta4/gta_game/gameplay_sim/Cargo.toml","target":{"kind":["lib"],"crate_types":["lib"],"name":"gameplay_sim","src_path":"/Users/bradyjeong/Documents/Projects/Amp/gta4/gta_game/gameplay_sim/src/lib.rs","edition":"2021","doc":true,"doctest":true,"test":true},"message":{"rendered":"warning: function `setup_luxury_cars_unified` is never used\n   --> gameplay_sim/src/setup/unified_vehicles.rs:310:4\n    |\n310 | fn setup_luxury_cars_unified(\n    |    ^^^^^^^^^^^^^^^^^^^^^^^^^\n\n","$message_type":"diagnostic","children":[],"code":{"code":"dead_code","explanation":null},"level":"warning","message":"function `setup_luxury_cars_unified` is never used","spans":[{"byte_end":13101,"byte_start":13076,"column_end":29,"column_start":4,"expansion":null,"file_name":"gameplay_sim/src/setup/unified_vehicles.rs","is_primary":true,"label":null,"line_end":310,"line_start":310,"suggested_replacement":null,"suggestion_applicability":null,"text":[{"highlight_end":29,"highlight_start":4,"text":"fn setup_luxury_cars_unified("}]}]}}
{"reason":"compiler-message","package_id":"path+file:///Users/bradyjeong/Documents/Projects/Amp/gta4/gta_game/gameplay_sim#0.1.0","manifest_path":"/Users/bradyjeong/Documents/Projects/Amp/gta4/gta_game/gameplay_sim/Cargo.toml","target":{"kind":["lib"],"crate_types":["lib"],"name":"gameplay_sim","src_path":"/Users/bradyjeong/Documents/Projects/Amp/gta4/gta_game/gameplay_sim/src/lib.rs","edition":"2021","doc":true,"doctest":true,"test":true},"message":{"rendered":"warning: function `setup_initial_npcs_unified` is never used\n  --> gameplay_sim/src/setup/unified_npcs.rs:16:8\n   |\n16 | pub fn setup_initial_npcs_unified(\n   |        ^^^^^^^^^^^^^^^^^^^^^^^^^^\n\n","$message_type":"diagnostic","children":[],"code":{"code":"dead_code","explanation":null},"level":"warning","message":"function `setup_initial_npcs_unified` is never used","spans":[{"byte_end":636,"byte_start":610,"column_end":34,"column_start":8,"expansion":null,"file_name":"gameplay_sim/src/setup/unified_npcs.rs","is_primary":true,"label":null,"line_end":16,"line_start":16,"suggested_replacement":null,"suggestion_applicability":null,"text":[{"highlight_end":34,"highlight_start":8,"text":"pub fn setup_initial_npcs_unified("}]}]}}
{"reason":"compiler-message","package_id":"path+file:///Users/bradyjeong/Documents/Projects/Amp/gta4/gta_game/gameplay_sim#0.1.0","manifest_path":"/Users/bradyjeong/Documents/Projects/Amp/gta4/gta_game/gameplay_sim/Cargo.toml","target":{"kind":["lib"],"crate_types":["lib"],"name":"gameplay_sim","src_path":"/Users/bradyjeong/Documents/Projects/Amp/gta4/gta_game/gameplay_sim/src/lib.rs","edition":"2021","doc":true,"doctest":true,"test":true},"message":{"rendered":"warning: missing documentation for a function\n   --> gameplay_sim/src/world/road_generation.rs:267:1\n    |\n267 | / pub fn update_road_dependent_systems(\n268 | |     road_network: Res<RoadNetwork>,\n269 | |     mut vehicle_query: Query<&mut Transform, (With<crate::components::Car>, Without<ActiveEntity>)>,\n270 | |     mut npc_query: Query<&mut Transform, (With<NPC>, Without<crate::components::Car>, Without<ActiveEntity>)>,\n271 | | ) {\n    | |_^\n\n","$message_type":"diagnostic","children":[],"code":{"code":"missing_docs","explanation":null},"level":"warning","message":"missing documentation for a function","spans":[{"byte_end":10766,"byte_start":10479,"column_end":2,"column_start":1,"expansion":null,"file_name":"gameplay_sim/src/world/road_generation.rs","is_primary":true,"label":null,"line_end":271,"line_start":267,"suggested_replacement":null,"suggestion_applicability":null,"text":[{"highlight_end":38,"highlight_start":1,"text":"pub fn update_road_dependent_systems("},{"highlight_end":36,"highlight_start":1,"text":"    road_network: Res<RoadNetwork>,"},{"highlight_end":101,"highlight_start":1,"text":"    mut vehicle_query: Query<&mut Transform, (With<crate::components::Car>, Without<ActiveEntity>)>,"},{"highlight_end":111,"highlight_start":1,"text":"    mut npc_query: Query<&mut Transform, (With<NPC>, Without<crate::components::Car>, Without<ActiveEntity>)>,"},{"highlight_end":2,"highlight_start":1,"text":") {"}]}]}}
{"reason":"compiler-message","package_id":"path+file:///Users/bradyjeong/Documents/Projects/Amp/gta4/gta_game/gameplay_sim#0.1.0","manifest_path":"/Users/bradyjeong/Documents/Projects/Amp/gta4/gta_game/gameplay_sim/Cargo.toml","target":{"kind":["lib"],"crate_types":["lib"],"name":"gameplay_sim","src_path":"/Users/bradyjeong/Documents/Projects/Amp/gta4/gta_game/gameplay_sim/src/lib.rs","edition":"2021","doc":true,"doctest":true,"test":true},"message":{"rendered":"warning: variants `Helicopter` and `F16` are never constructed\n  --> gameplay_sim/src/setup/unified_aircraft.rs:15:5\n   |\n14 | pub enum AircraftType {\n   |          ------------ variants in this enum\n15 |     Helicopter,  // Complex multi-component aircraft\n   |     ^^^^^^^^^^\n16 |     F16,         // Simple fighter jet\n   |     ^^^\n   |\n   = note: `AircraftType` has derived impls for the traits `Clone` and `Debug`, but these are intentionally ignored during dead code analysis\n\n","$message_type":"diagnostic","children":[{"children":[],"code":null,"level":"note","message":"`AircraftType` has derived impls for the traits `Clone` and `Debug`, but these are intentionally ignored during dead code analysis","rendered":null,"spans":[]}],"code":{"code":"dead_code","explanation":null},"level":"warning","message":"variants `Helicopter` and `F16` are never constructed","spans":[{"byte_end":599,"byte_start":587,"column_end":22,"column_start":10,"expansion":null,"file_name":"gameplay_sim/src/setup/unified_aircraft.rs","is_primary":false,"label":"variants in this enum","line_end":14,"line_start":14,"suggested_replacement":null,"suggestion_applicability":null,"text":[{"highlight_end":22,"highlight_start":10,"text":"pub enum AircraftType {"}]},{"byte_end":616,"byte_start":606,"column_end":15,"column_start":5,"expansion":null,"file_name":"gameplay_sim/src/setup/unified_aircraft.rs","is_primary":true,"label":null,"line_end":15,"line_start":15,"suggested_replacement":null,"suggestion_applicability":null,"text":[{"highlight_end":15,"highlight_start":5,"text":"    Helicopter,  // Complex multi-component aircraft"}]},{"byte_end":662,"byte_start":659,"column_end":8,"column_start":5,"expansion":null,"file_name":"gameplay_sim/src/setup/unified_aircraft.rs","is_primary":true,"label":null,"line_end":16,"line_start":16,"suggested_replacement":null,"suggestion_applicability":null,"text":[{"highlight_end":8,"highlight_start":5,"text":"    F16,         // Simple fighter jet"}]}]}}
{"reason":"compiler-message","package_id":"path+file:///Users/bradyjeong/Documents/Projects/Amp/gta4/gta_game/gameplay_sim#0.1.0","manifest_path":"/Users/bradyjeong/Documents/Projects/Amp/gta4/gta_game/gameplay_sim/Cargo.toml","target":{"kind":["lib"],"crate_types":["lib"],"name":"gameplay_sim","src_path":"/Users/bradyjeong/Documents/Projects/Amp/gta4/gta_game/gameplay_sim/src/lib.rs","edition":"2021","doc":true,"doctest":true,"test":true},"message":{"rendered":"warning: function `setup_initial_aircraft_unified` is never used\n  --> gameplay_sim/src/setup/unified_aircraft.rs:29:8\n   |\n29 | pub fn setup_initial_aircraft_unified(\n   |        ^^^^^^^^^^^^^^^^^^^^^^^^^^^^^^\n\n","$message_type":"diagnostic","children":[],"code":{"code":"dead_code","explanation":null},"level":"warning","message":"function `setup_initial_aircraft_unified` is never used","spans":[{"byte_end":1283,"byte_start":1253,"column_end":38,"column_start":8,"expansion":null,"file_name":"gameplay_sim/src/setup/unified_aircraft.rs","is_primary":true,"label":null,"line_end":29,"line_start":29,"suggested_replacement":null,"suggestion_applicability":null,"text":[{"highlight_end":38,"highlight_start":8,"text":"pub fn setup_initial_aircraft_unified("}]}]}}
{"reason":"compiler-message","package_id":"path+file:///Users/bradyjeong/Documents/Projects/Amp/gta4/gta_game/gameplay_sim#0.1.0","manifest_path":"/Users/bradyjeong/Documents/Projects/Amp/gta4/gta_game/gameplay_sim/Cargo.toml","target":{"kind":["lib"],"crate_types":["lib"],"name":"gameplay_sim","src_path":"/Users/bradyjeong/Documents/Projects/Amp/gta4/gta_game/gameplay_sim/src/lib.rs","edition":"2021","doc":true,"doctest":true,"test":true},"message":{"rendered":"warning: function `spawn_aircraft_unified` is never used\n  --> gameplay_sim/src/setup/unified_aircraft.rs:63:4\n   |\n63 | fn spawn_aircraft_unified(\n   |    ^^^^^^^^^^^^^^^^^^^^^^\n\n","$message_type":"diagnostic","children":[],"code":{"code":"dead_code","explanation":null},"level":"warning","message":"function `spawn_aircraft_unified` is never used","spans":[{"byte_end":2398,"byte_start":2376,"column_end":26,"column_start":4,"expansion":null,"file_name":"gameplay_sim/src/setup/unified_aircraft.rs","is_primary":true,"label":null,"line_end":63,"line_start":63,"suggested_replacement":null,"suggestion_applicability":null,"text":[{"highlight_end":26,"highlight_start":4,"text":"fn spawn_aircraft_unified("}]}]}}
{"reason":"compiler-message","package_id":"path+file:///Users/bradyjeong/Documents/Projects/Amp/gta4/gta_game/gameplay_sim#0.1.0","manifest_path":"/Users/bradyjeong/Documents/Projects/Amp/gta4/gta_game/gameplay_sim/Cargo.toml","target":{"kind":["lib"],"crate_types":["lib"],"name":"gameplay_sim","src_path":"/Users/bradyjeong/Documents/Projects/Amp/gta4/gta_game/gameplay_sim/src/lib.rs","edition":"2021","doc":true,"doctest":true,"test":true},"message":{"rendered":"warning: function `spawn_helicopter_unified` is never used\n   --> gameplay_sim/src/setup/unified_aircraft.rs:124:4\n    |\n124 | fn spawn_helicopter_unified(\n    |    ^^^^^^^^^^^^^^^^^^^^^^^^\n\n","$message_type":"diagnostic","children":[],"code":{"code":"dead_code","explanation":null},"level":"warning","message":"function `spawn_helicopter_unified` is never used","spans":[{"byte_end":4436,"byte_start":4412,"column_end":28,"column_start":4,"expansion":null,"file_name":"gameplay_sim/src/setup/unified_aircraft.rs","is_primary":true,"label":null,"line_end":124,"line_start":124,"suggested_replacement":null,"suggestion_applicability":null,"text":[{"highlight_end":28,"highlight_start":4,"text":"fn spawn_helicopter_unified("}]}]}}
{"reason":"compiler-message","package_id":"path+file:///Users/bradyjeong/Documents/Projects/Amp/gta4/gta_game/gameplay_sim#0.1.0","manifest_path":"/Users/bradyjeong/Documents/Projects/Amp/gta4/gta_game/gameplay_sim/Cargo.toml","target":{"kind":["lib"],"crate_types":["lib"],"name":"gameplay_sim","src_path":"/Users/bradyjeong/Documents/Projects/Amp/gta4/gta_game/gameplay_sim/src/lib.rs","edition":"2021","doc":true,"doctest":true,"test":true},"message":{"rendered":"warning: missing documentation for a function\n  --> gameplay_sim/src/world/debug.rs:16:1\n   |\n16 | / pub fn debug_player_position(\n17 | |     _player_query: Query<&Transform, (With<Player>, With<ActiveEntity>)>,\n18 | |     _car_query: Query<&Transform, (With<Car>, With<ActiveEntity>)>,\n19 | |     _helicopter_query: Query<&Transform, (With<Helicopter>, With<ActiveEntity>)>,\n20 | |     _f16_query: Query<&Transform, (With<F16>, With<ActiveEntity>)>,\n21 | |     _state: Res<State<GameState>>,\n22 | | ) {\n   | |_^\n\n","$message_type":"diagnostic","children":[],"code":{"code":"missing_docs","explanation":null},"level":"warning","message":"missing documentation for a function","spans":[{"byte_end":1054,"byte_start":696,"column_end":2,"column_start":1,"expansion":null,"file_name":"gameplay_sim/src/world/debug.rs","is_primary":true,"label":null,"line_end":22,"line_start":16,"suggested_replacement":null,"suggestion_applicability":null,"text":[{"highlight_end":30,"highlight_start":1,"text":"pub fn debug_player_position("},{"highlight_end":74,"highlight_start":1,"text":"    _player_query: Query<&Transform, (With<Player>, With<ActiveEntity>)>,"},{"highlight_end":68,"highlight_start":1,"text":"    _car_query: Query<&Transform, (With<Car>, With<ActiveEntity>)>,"},{"highlight_end":82,"highlight_start":1,"text":"    _helicopter_query: Query<&Transform, (With<Helicopter>, With<ActiveEntity>)>,"},{"highlight_end":68,"highlight_start":1,"text":"    _f16_query: Query<&Transform, (With<F16>, With<ActiveEntity>)>,"},{"highlight_end":35,"highlight_start":1,"text":"    _state: Res<State<GameState>>,"},{"highlight_end":2,"highlight_start":1,"text":") {"}]}]}}
{"reason":"compiler-message","package_id":"path+file:///Users/bradyjeong/Documents/Projects/Amp/gta4/gta_game/gameplay_sim#0.1.0","manifest_path":"/Users/bradyjeong/Documents/Projects/Amp/gta4/gta_game/gameplay_sim/Cargo.toml","target":{"kind":["lib"],"crate_types":["lib"],"name":"gameplay_sim","src_path":"/Users/bradyjeong/Documents/Projects/Amp/gta4/gta_game/gameplay_sim/src/lib.rs","edition":"2021","doc":true,"doctest":true,"test":true},"message":{"rendered":"warning: function `spawn_f16_unified` is never used\n   --> gameplay_sim/src/setup/unified_aircraft.rs:228:4\n    |\n228 | fn spawn_f16_unified(\n    |    ^^^^^^^^^^^^^^^^^\n\n","$message_type":"diagnostic","children":[],"code":{"code":"dead_code","explanation":null},"level":"warning","message":"function `spawn_f16_unified` is never used","spans":[{"byte_end":8115,"byte_start":8098,"column_end":21,"column_start":4,"expansion":null,"file_name":"gameplay_sim/src/setup/unified_aircraft.rs","is_primary":true,"label":null,"line_end":228,"line_start":228,"suggested_replacement":null,"suggestion_applicability":null,"text":[{"highlight_end":21,"highlight_start":4,"text":"fn spawn_f16_unified("}]}]}}
{"reason":"compiler-message","package_id":"path+file:///Users/bradyjeong/Documents/Projects/Amp/gta4/gta_game/gameplay_sim#0.1.0","manifest_path":"/Users/bradyjeong/Documents/Projects/Amp/gta4/gta_game/gameplay_sim/Cargo.toml","target":{"kind":["lib"],"crate_types":["lib"],"name":"gameplay_sim","src_path":"/Users/bradyjeong/Documents/Projects/Amp/gta4/gta_game/gameplay_sim/src/lib.rs","edition":"2021","doc":true,"doctest":true,"test":true},"message":{"rendered":"warning: function `bevy_resource_entity_creation_system` is never used\n --> gameplay_sim/src/entity_creation.rs:8:8\n  |\n8 | pub fn bevy_resource_entity_creation_system(\n  |        ^^^^^^^^^^^^^^^^^^^^^^^^^^^^^^^^^^^^\n\n","$message_type":"diagnostic","children":[],"code":{"code":"dead_code","explanation":null},"level":"warning","message":"function `bevy_resource_entity_creation_system` is never used","spans":[{"byte_end":339,"byte_start":303,"column_end":44,"column_start":8,"expansion":null,"file_name":"gameplay_sim/src/entity_creation.rs","is_primary":true,"label":null,"line_end":8,"line_start":8,"suggested_replacement":null,"suggestion_applicability":null,"text":[{"highlight_end":44,"highlight_start":8,"text":"pub fn bevy_resource_entity_creation_system("}]}]}}
{"reason":"compiler-message","package_id":"path+file:///Users/bradyjeong/Documents/Projects/Amp/gta4/gta_game/gameplay_sim#0.1.0","manifest_path":"/Users/bradyjeong/Documents/Projects/Amp/gta4/gta_game/gameplay_sim/Cargo.toml","target":{"kind":["lib"],"crate_types":["lib"],"name":"gameplay_sim","src_path":"/Users/bradyjeong/Documents/Projects/Amp/gta4/gta_game/gameplay_sim/src/lib.rs","edition":"2021","doc":true,"doctest":true,"test":true},"message":{"rendered":"warning: function `bevy_resource_config_update_system` is never used\n  --> gameplay_sim/src/entity_creation.rs:79:8\n   |\n79 | pub fn bevy_resource_config_update_system(\n   |        ^^^^^^^^^^^^^^^^^^^^^^^^^^^^^^^^^^\n\n","$message_type":"diagnostic","children":[],"code":{"code":"dead_code","explanation":null},"level":"warning","message":"function `bevy_resource_config_update_system` is never used","spans":[{"byte_end":2986,"byte_start":2952,"column_end":42,"column_start":8,"expansion":null,"file_name":"gameplay_sim/src/entity_creation.rs","is_primary":true,"label":null,"line_end":79,"line_start":79,"suggested_replacement":null,"suggestion_applicability":null,"text":[{"highlight_end":42,"highlight_start":8,"text":"pub fn bevy_resource_config_update_system("}]}]}}
{"reason":"compiler-message","package_id":"path+file:///Users/bradyjeong/Documents/Projects/Amp/gta4/gta_game/gameplay_sim#0.1.0","manifest_path":"/Users/bradyjeong/Documents/Projects/Amp/gta4/gta_game/gameplay_sim/Cargo.toml","target":{"kind":["lib"],"crate_types":["lib"],"name":"gameplay_sim","src_path":"/Users/bradyjeong/Documents/Projects/Amp/gta4/gta_game/gameplay_sim/src/lib.rs","edition":"2021","doc":true,"doctest":true,"test":true},"message":{"rendered":"warning: function `bevy_asset_cleanup_system` is never used\n  --> gameplay_sim/src/entity_creation.rs:93:8\n   |\n93 | pub fn bevy_asset_cleanup_system(\n   |        ^^^^^^^^^^^^^^^^^^^^^^^^^\n\n","$message_type":"diagnostic","children":[],"code":{"code":"dead_code","explanation":null},"level":"warning","message":"function `bevy_asset_cleanup_system` is never used","spans":[{"byte_end":3452,"byte_start":3427,"column_end":33,"column_start":8,"expansion":null,"file_name":"gameplay_sim/src/entity_creation.rs","is_primary":true,"label":null,"line_end":93,"line_start":93,"suggested_replacement":null,"suggestion_applicability":null,"text":[{"highlight_end":33,"highlight_start":8,"text":"pub fn bevy_asset_cleanup_system("}]}]}}
{"reason":"compiler-message","package_id":"path+file:///Users/bradyjeong/Documents/Projects/Amp/gta4/gta_game/gameplay_sim#0.1.0","manifest_path":"/Users/bradyjeong/Documents/Projects/Amp/gta4/gta_game/gameplay_sim/Cargo.toml","target":{"kind":["lib"],"crate_types":["lib"],"name":"gameplay_sim","src_path":"/Users/bradyjeong/Documents/Projects/Amp/gta4/gta_game/gameplay_sim/src/lib.rs","edition":"2021","doc":true,"doctest":true,"test":true},"message":{"rendered":"warning: function `bevy_resource_factory_system` is never used\n   --> gameplay_sim/src/entity_creation.rs:105:8\n    |\n105 | pub fn bevy_resource_factory_system(\n    |        ^^^^^^^^^^^^^^^^^^^^^^^^^^^^\n\n","$message_type":"diagnostic","children":[],"code":{"code":"dead_code","explanation":null},"level":"warning","message":"function `bevy_resource_factory_system` is never used","spans":[{"byte_end":3874,"byte_start":3846,"column_end":36,"column_start":8,"expansion":null,"file_name":"gameplay_sim/src/entity_creation.rs","is_primary":true,"label":null,"line_end":105,"line_start":105,"suggested_replacement":null,"suggestion_applicability":null,"text":[{"highlight_end":36,"highlight_start":8,"text":"pub fn bevy_resource_factory_system("}]}]}}
{"reason":"compiler-message","package_id":"path+file:///Users/bradyjeong/Documents/Projects/Amp/gta4/gta_game/gameplay_sim#0.1.0","manifest_path":"/Users/bradyjeong/Documents/Projects/Amp/gta4/gta_game/gameplay_sim/Cargo.toml","target":{"kind":["lib"],"crate_types":["lib"],"name":"gameplay_sim","src_path":"/Users/bradyjeong/Documents/Projects/Amp/gta4/gta_game/gameplay_sim/src/lib.rs","edition":"2021","doc":true,"doctest":true,"test":true},"message":{"rendered":"warning: missing documentation for a struct\n  --> gameplay_sim/src/world/map_system.rs:29:1\n   |\n29 | pub struct MapChunk {\n   | ^^^^^^^^^^^^^^^^^^^\n\n","$message_type":"diagnostic","children":[],"code":{"code":"missing_docs","explanation":null},"level":"warning","message":"missing documentation for a struct","spans":[{"byte_end":1195,"byte_start":1176,"column_end":20,"column_start":1,"expansion":null,"file_name":"gameplay_sim/src/world/map_system.rs","is_primary":true,"label":null,"line_end":29,"line_start":29,"suggested_replacement":null,"suggestion_applicability":null,"text":[{"highlight_end":20,"highlight_start":1,"text":"pub struct MapChunk {"}]}]}}
{"reason":"compiler-message","package_id":"path+file:///Users/bradyjeong/Documents/Projects/Amp/gta4/gta_game/gameplay_sim#0.1.0","manifest_path":"/Users/bradyjeong/Documents/Projects/Amp/gta4/gta_game/gameplay_sim/Cargo.toml","target":{"kind":["lib"],"crate_types":["lib"],"name":"gameplay_sim","src_path":"/Users/bradyjeong/Documents/Projects/Amp/gta4/gta_game/gameplay_sim/src/lib.rs","edition":"2021","doc":true,"doctest":true,"test":true},"message":{"rendered":"warning: missing documentation for a struct field\n  --> gameplay_sim/src/world/map_system.rs:30:5\n   |\n30 |     pub coord: IVec2,\n   |     ^^^^^^^^^^^^^^^^\n\n","$message_type":"diagnostic","children":[],"code":{"code":"missing_docs","explanation":null},"level":"warning","message":"missing documentation for a struct field","spans":[{"byte_end":1218,"byte_start":1202,"column_end":21,"column_start":5,"expansion":null,"file_name":"gameplay_sim/src/world/map_system.rs","is_primary":true,"label":null,"line_end":30,"line_start":30,"suggested_replacement":null,"suggestion_applicability":null,"text":[{"highlight_end":21,"highlight_start":5,"text":"    pub coord: IVec2,"}]}]}}
{"reason":"compiler-message","package_id":"path+file:///Users/bradyjeong/Documents/Projects/Amp/gta4/gta_game/gameplay_sim#0.1.0","manifest_path":"/Users/bradyjeong/Documents/Projects/Amp/gta4/gta_game/gameplay_sim/Cargo.toml","target":{"kind":["lib"],"crate_types":["lib"],"name":"gameplay_sim","src_path":"/Users/bradyjeong/Documents/Projects/Amp/gta4/gta_game/gameplay_sim/src/lib.rs","edition":"2021","doc":true,"doctest":true,"test":true},"message":{"rendered":"warning: missing documentation for a struct field\n  --> gameplay_sim/src/world/map_system.rs:31:5\n   |\n31 |     pub lod_level: usize,\n   |     ^^^^^^^^^^^^^^^^^^^^\n\n","$message_type":"diagnostic","children":[],"code":{"code":"missing_docs","explanation":null},"level":"warning","message":"missing documentation for a struct field","spans":[{"byte_end":1244,"byte_start":1224,"column_end":25,"column_start":5,"expansion":null,"file_name":"gameplay_sim/src/world/map_system.rs","is_primary":true,"label":null,"line_end":31,"line_start":31,"suggested_replacement":null,"suggestion_applicability":null,"text":[{"highlight_end":25,"highlight_start":5,"text":"    pub lod_level: usize,"}]}]}}
{"reason":"compiler-message","package_id":"path+file:///Users/bradyjeong/Documents/Projects/Amp/gta4/gta_game/gameplay_sim#0.1.0","manifest_path":"/Users/bradyjeong/Documents/Projects/Amp/gta4/gta_game/gameplay_sim/Cargo.toml","target":{"kind":["lib"],"crate_types":["lib"],"name":"gameplay_sim","src_path":"/Users/bradyjeong/Documents/Projects/Amp/gta4/gta_game/gameplay_sim/src/lib.rs","edition":"2021","doc":true,"doctest":true,"test":true},"message":{"rendered":"warning: missing documentation for a struct field\n  --> gameplay_sim/src/world/map_system.rs:32:5\n   |\n32 |     pub entities: Vec<Entity>,\n   |     ^^^^^^^^^^^^^^^^^^^^^^^^^\n\n","$message_type":"diagnostic","children":[],"code":{"code":"missing_docs","explanation":null},"level":"warning","message":"missing documentation for a struct field","spans":[{"byte_end":1275,"byte_start":1250,"column_end":30,"column_start":5,"expansion":null,"file_name":"gameplay_sim/src/world/map_system.rs","is_primary":true,"label":null,"line_end":32,"line_start":32,"suggested_replacement":null,"suggestion_applicability":null,"text":[{"highlight_end":30,"highlight_start":5,"text":"    pub entities: Vec<Entity>,"}]}]}}
{"reason":"compiler-message","package_id":"path+file:///Users/bradyjeong/Documents/Projects/Amp/gta4/gta_game/gameplay_sim#0.1.0","manifest_path":"/Users/bradyjeong/Documents/Projects/Amp/gta4/gta_game/gameplay_sim/Cargo.toml","target":{"kind":["lib"],"crate_types":["lib"],"name":"gameplay_sim","src_path":"/Users/bradyjeong/Documents/Projects/Amp/gta4/gta_game/gameplay_sim/src/lib.rs","edition":"2021","doc":true,"doctest":true,"test":true},"message":{"rendered":"warning: multiple variants are never constructed\n  --> gameplay_sim/src/spawn_validation.rs:10:5\n   |\n9  | pub enum SpawnableType {\n   |          ------------- variants in this enum\n10 |     Vehicle,\n   |     ^^^^^^^\n11 |     Aircraft,\n   |     ^^^^^^^^\n12 |     NPC,\n   |     ^^^\n13 |     Building,\n   |     ^^^^^^^^\n14 |     Tree,\n   |     ^^^^\n15 |     EnvironmentObject,\n   |     ^^^^^^^^^^^^^^^^^\n16 |     Player,\n   |     ^^^^^^\n   |\n   = note: `SpawnableType` has derived impls for the traits `Clone` and `Debug`, but these are intentionally ignored during dead code analysis\n\n","$message_type":"diagnostic","children":[{"children":[],"code":null,"level":"note","message":"`SpawnableType` has derived impls for the traits `Clone` and `Debug`, but these are intentionally ignored during dead code analysis","rendered":null,"spans":[]}],"code":{"code":"dead_code","explanation":null},"level":"warning","message":"multiple variants are never constructed","spans":[{"byte_end":251,"byte_start":238,"column_end":23,"column_start":10,"expansion":null,"file_name":"gameplay_sim/src/spawn_validation.rs","is_primary":false,"label":"variants in this enum","line_end":9,"line_start":9,"suggested_replacement":null,"suggestion_applicability":null,"text":[{"highlight_end":23,"highlight_start":10,"text":"pub enum SpawnableType {"}]},{"byte_end":265,"byte_start":258,"column_end":12,"column_start":5,"expansion":null,"file_name":"gameplay_sim/src/spawn_validation.rs","is_primary":true,"label":null,"line_end":10,"line_start":10,"suggested_replacement":null,"suggestion_applicability":null,"text":[{"highlight_end":12,"highlight_start":5,"text":"    Vehicle,"}]},{"byte_end":279,"byte_start":271,"column_end":13,"column_start":5,"expansion":null,"file_name":"gameplay_sim/src/spawn_validation.rs","is_primary":true,"label":null,"line_end":11,"line_start":11,"suggested_replacement":null,"suggestion_applicability":null,"text":[{"highlight_end":13,"highlight_start":5,"text":"    Aircraft,"}]},{"byte_end":288,"byte_start":285,"column_end":8,"column_start":5,"expansion":null,"file_name":"gameplay_sim/src/spawn_validation.rs","is_primary":true,"label":null,"line_end":12,"line_start":12,"suggested_replacement":null,"suggestion_applicability":null,"text":[{"highlight_end":8,"highlight_start":5,"text":"    NPC,"}]},{"byte_end":302,"byte_start":294,"column_end":13,"column_start":5,"expansion":null,"file_name":"gameplay_sim/src/spawn_validation.rs","is_primary":true,"label":null,"line_end":13,"line_start":13,"suggested_replacement":null,"suggestion_applicability":null,"text":[{"highlight_end":13,"highlight_start":5,"text":"    Building,"}]},{"byte_end":312,"byte_start":308,"column_end":9,"column_start":5,"expansion":null,"file_name":"gameplay_sim/src/spawn_validation.rs","is_primary":true,"label":null,"line_end":14,"line_start":14,"suggested_replacement":null,"suggestion_applicability":null,"text":[{"highlight_end":9,"highlight_start":5,"text":"    Tree,"}]},{"byte_end":335,"byte_start":318,"column_end":22,"column_start":5,"expansion":null,"file_name":"gameplay_sim/src/spawn_validation.rs","is_primary":true,"label":null,"line_end":15,"line_start":15,"suggested_replacement":null,"suggestion_applicability":null,"text":[{"highlight_end":22,"highlight_start":5,"text":"    EnvironmentObject,"}]},{"byte_end":347,"byte_start":341,"column_end":11,"column_start":5,"expansion":null,"file_name":"gameplay_sim/src/spawn_validation.rs","is_primary":true,"label":null,"line_end":16,"line_start":16,"suggested_replacement":null,"suggestion_applicability":null,"text":[{"highlight_end":11,"highlight_start":5,"text":"    Player,"}]}]}}
{"reason":"compiler-message","package_id":"path+file:///Users/bradyjeong/Documents/Projects/Amp/gta4/gta_game/gameplay_sim#0.1.0","manifest_path":"/Users/bradyjeong/Documents/Projects/Amp/gta4/gta_game/gameplay_sim/Cargo.toml","target":{"kind":["lib"],"crate_types":["lib"],"name":"gameplay_sim","src_path":"/Users/bradyjeong/Documents/Projects/Amp/gta4/gta_game/gameplay_sim/src/lib.rs","edition":"2021","doc":true,"doctest":true,"test":true},"message":{"rendered":"warning: missing documentation for a struct field\n  --> gameplay_sim/src/world/map_system.rs:33:5\n   |\n33 |     pub is_loaded: bool,\n   |     ^^^^^^^^^^^^^^^^^^^\n\n","$message_type":"diagnostic","children":[],"code":{"code":"missing_docs","explanation":null},"level":"warning","message":"missing documentation for a struct field","spans":[{"byte_end":1300,"byte_start":1281,"column_end":24,"column_start":5,"expansion":null,"file_name":"gameplay_sim/src/world/map_system.rs","is_primary":true,"label":null,"line_end":33,"line_start":33,"suggested_replacement":null,"suggestion_applicability":null,"text":[{"highlight_end":24,"highlight_start":5,"text":"    pub is_loaded: bool,"}]}]}}
{"reason":"compiler-message","package_id":"path+file:///Users/bradyjeong/Documents/Projects/Amp/gta4/gta_game/gameplay_sim#0.1.0","manifest_path":"/Users/bradyjeong/Documents/Projects/Amp/gta4/gta_game/gameplay_sim/Cargo.toml","target":{"kind":["lib"],"crate_types":["lib"],"name":"gameplay_sim","src_path":"/Users/bradyjeong/Documents/Projects/Amp/gta4/gta_game/gameplay_sim/src/lib.rs","edition":"2021","doc":true,"doctest":true,"test":true},"message":{"rendered":"warning: missing documentation for a struct field\n  --> gameplay_sim/src/world/map_system.rs:34:5\n   |\n34 |     pub distance_to_player: f32,\n   |     ^^^^^^^^^^^^^^^^^^^^^^^^^^^\n\n","$message_type":"diagnostic","children":[],"code":{"code":"missing_docs","explanation":null},"level":"warning","message":"missing documentation for a struct field","spans":[{"byte_end":1333,"byte_start":1306,"column_end":32,"column_start":5,"expansion":null,"file_name":"gameplay_sim/src/world/map_system.rs","is_primary":true,"label":null,"line_end":34,"line_start":34,"suggested_replacement":null,"suggestion_applicability":null,"text":[{"highlight_end":32,"highlight_start":5,"text":"    pub distance_to_player: f32,"}]}]}}
{"reason":"compiler-message","package_id":"path+file:///Users/bradyjeong/Documents/Projects/Amp/gta4/gta_game/gameplay_sim#0.1.0","manifest_path":"/Users/bradyjeong/Documents/Projects/Amp/gta4/gta_game/gameplay_sim/Cargo.toml","target":{"kind":["lib"],"crate_types":["lib"],"name":"gameplay_sim","src_path":"/Users/bradyjeong/Documents/Projects/Amp/gta4/gta_game/gameplay_sim/src/lib.rs","edition":"2021","doc":true,"doctest":true,"test":true},"message":{"rendered":"warning: associated items `from_content_type`, `clearance_radius`, and `minimum_spacing` are never used\n  --> gameplay_sim/src/spawn_validation.rs:21:12\n   |\n19 | impl SpawnableType {\n   | ------------------ associated items in this implementation\n20 |     /// Convert from unified ContentType to SpawnableType\n21 |     pub fn from_content_type(content_type: ContentType) -> Self {\n   |            ^^^^^^^^^^^^^^^^^\n...\n32 |     pub fn clearance_radius(&self) -> f32 {\n   |            ^^^^^^^^^^^^^^^^\n...\n45 |     pub fn minimum_spacing(&self, other: &SpawnableType) -> f32 {\n   |            ^^^^^^^^^^^^^^^\n\n","$message_type":"diagnostic","children":[],"code":{"code":"dead_code","explanation":null},"level":"warning","message":"associated items `from_content_type`, `clearance_radius`, and `minimum_spacing` are never used","spans":[{"byte_end":370,"byte_start":352,"column_end":19,"column_start":1,"expansion":null,"file_name":"gameplay_sim/src/spawn_validation.rs","is_primary":false,"label":"associated items in this implementation","line_end":19,"line_start":19,"suggested_replacement":null,"suggestion_applicability":null,"text":[{"highlight_end":19,"highlight_start":1,"text":"impl SpawnableType {"}]},{"byte_end":459,"byte_start":442,"column_end":29,"column_start":12,"expansion":null,"file_name":"gameplay_sim/src/spawn_validation.rs","is_primary":true,"label":null,"line_end":21,"line_start":21,"suggested_replacement":null,"suggestion_applicability":null,"text":[{"highlight_end":29,"highlight_start":12,"text":"    pub fn from_content_type(content_type: ContentType) -> Self {"}]},{"byte_end":931,"byte_start":915,"column_end":28,"column_start":12,"expansion":null,"file_name":"gameplay_sim/src/spawn_validation.rs","is_primary":true,"label":null,"line_end":32,"line_start":32,"suggested_replacement":null,"suggestion_applicability":null,"text":[{"highlight_end":28,"highlight_start":12,"text":"    pub fn clearance_radius(&self) -> f32 {"}]},{"byte_end":1697,"byte_start":1682,"column_end":27,"column_start":12,"expansion":null,"file_name":"gameplay_sim/src/spawn_validation.rs","is_primary":true,"label":null,"line_end":45,"line_start":45,"suggested_replacement":null,"suggestion_applicability":null,"text":[{"highlight_end":27,"highlight_start":12,"text":"    pub fn minimum_spacing(&self, other: &SpawnableType) -> f32 {"}]}]}}
{"reason":"compiler-message","package_id":"path+file:///Users/bradyjeong/Documents/Projects/Amp/gta4/gta_game/gameplay_sim#0.1.0","manifest_path":"/Users/bradyjeong/Documents/Projects/Amp/gta4/gta_game/gameplay_sim/Cargo.toml","target":{"kind":["lib"],"crate_types":["lib"],"name":"gameplay_sim","src_path":"/Users/bradyjeong/Documents/Projects/Amp/gta4/gta_game/gameplay_sim/src/lib.rs","edition":"2021","doc":true,"doctest":true,"test":true},"message":{"rendered":"warning: fields `entity_type`, `entity_id`, and `radius` are never read\n  --> gameplay_sim/src/spawn_validation.rs:65:9\n   |\n63 | pub struct SpawnedEntity {\n   |            ------------- fields in this struct\n64 |     pub position: Vec3,\n65 |     pub entity_type: SpawnableType,\n   |         ^^^^^^^^^^^\n66 |     pub entity_id: Entity,\n   |         ^^^^^^^^^\n67 |     pub radius: f32,\n   |         ^^^^^^\n   |\n   = note: `SpawnedEntity` has derived impls for the traits `Clone` and `Debug`, but these are intentionally ignored during dead code analysis\n\n","$message_type":"diagnostic","children":[{"children":[],"code":null,"level":"note","message":"`SpawnedEntity` has derived impls for the traits `Clone` and `Debug`, but these are intentionally ignored during dead code analysis","rendered":null,"spans":[]}],"code":{"code":"dead_code","explanation":null},"level":"warning","message":"fields `entity_type`, `entity_id`, and `radius` are never read","spans":[{"byte_end":2463,"byte_start":2450,"column_end":25,"column_start":12,"expansion":null,"file_name":"gameplay_sim/src/spawn_validation.rs","is_primary":false,"label":"fields in this struct","line_end":63,"line_start":63,"suggested_replacement":null,"suggestion_applicability":null,"text":[{"highlight_end":25,"highlight_start":12,"text":"pub struct SpawnedEntity {"}]},{"byte_end":2509,"byte_start":2498,"column_end":20,"column_start":9,"expansion":null,"file_name":"gameplay_sim/src/spawn_validation.rs","is_primary":true,"label":null,"line_end":65,"line_start":65,"suggested_replacement":null,"suggestion_applicability":null,"text":[{"highlight_end":20,"highlight_start":9,"text":"    pub entity_type: SpawnableType,"}]},{"byte_end":2543,"byte_start":2534,"column_end":18,"column_start":9,"expansion":null,"file_name":"gameplay_sim/src/spawn_validation.rs","is_primary":true,"label":null,"line_end":66,"line_start":66,"suggested_replacement":null,"suggestion_applicability":null,"text":[{"highlight_end":18,"highlight_start":9,"text":"    pub entity_id: Entity,"}]},{"byte_end":2567,"byte_start":2561,"column_end":15,"column_start":9,"expansion":null,"file_name":"gameplay_sim/src/spawn_validation.rs","is_primary":true,"label":null,"line_end":67,"line_start":67,"suggested_replacement":null,"suggestion_applicability":null,"text":[{"highlight_end":15,"highlight_start":9,"text":"    pub radius: f32,"}]}]}}
{"reason":"compiler-message","package_id":"path+file:///Users/bradyjeong/Documents/Projects/Amp/gta4/gta_game/gameplay_sim#0.1.0","manifest_path":"/Users/bradyjeong/Documents/Projects/Amp/gta4/gta_game/gameplay_sim/Cargo.toml","target":{"kind":["lib"],"crate_types":["lib"],"name":"gameplay_sim","src_path":"/Users/bradyjeong/Documents/Projects/Amp/gta4/gta_game/gameplay_sim/src/lib.rs","edition":"2021","doc":true,"doctest":true,"test":true},"message":{"rendered":"warning: missing documentation for a struct\n  --> gameplay_sim/src/world/map_system.rs:38:1\n   |\n38 | pub struct MapSystem {\n   | ^^^^^^^^^^^^^^^^^^^^\n\n","$message_type":"diagnostic","children":[],"code":{"code":"missing_docs","explanation":null},"level":"warning","message":"missing documentation for a struct","spans":[{"byte_end":1378,"byte_start":1358,"column_end":21,"column_start":1,"expansion":null,"file_name":"gameplay_sim/src/world/map_system.rs","is_primary":true,"label":null,"line_end":38,"line_start":38,"suggested_replacement":null,"suggestion_applicability":null,"text":[{"highlight_end":21,"highlight_start":1,"text":"pub struct MapSystem {"}]}]}}
{"reason":"compiler-message","package_id":"path+file:///Users/bradyjeong/Documents/Projects/Amp/gta4/gta_game/gameplay_sim#0.1.0","manifest_path":"/Users/bradyjeong/Documents/Projects/Amp/gta4/gta_game/gameplay_sim/Cargo.toml","target":{"kind":["lib"],"crate_types":["lib"],"name":"gameplay_sim","src_path":"/Users/bradyjeong/Documents/Projects/Amp/gta4/gta_game/gameplay_sim/src/lib.rs","edition":"2021","doc":true,"doctest":true,"test":true},"message":{"rendered":"warning: methods `add_entity` and `get_nearby_entities` are never used\n   --> gameplay_sim/src/spawn_validation.rs:99:8\n    |\n84  | impl SpatialGrid {\n    | ---------------- methods in this implementation\n...\n99  |     fn add_entity(&mut self, entity: Entity, position: Vec3) {\n    |        ^^^^^^^^^^\n...\n111 |     fn get_nearby_entities(&self, position: Vec3, radius: f32) -> Vec<Entity> {\n    |        ^^^^^^^^^^^^^^^^^^^\n\n","$message_type":"diagnostic","children":[],"code":{"code":"dead_code","explanation":null},"level":"warning","message":"methods `add_entity` and `get_nearby_entities` are never used","spans":[{"byte_end":2960,"byte_start":2944,"column_end":17,"column_start":1,"expansion":null,"file_name":"gameplay_sim/src/spawn_validation.rs","is_primary":false,"label":"methods in this implementation","line_end":84,"line_start":84,"suggested_replacement":null,"suggestion_applicability":null,"text":[{"highlight_end":17,"highlight_start":1,"text":"impl SpatialGrid {"}]},{"byte_end":3319,"byte_start":3309,"column_end":18,"column_start":8,"expansion":null,"file_name":"gameplay_sim/src/spawn_validation.rs","is_primary":true,"label":null,"line_end":99,"line_start":99,"suggested_replacement":null,"suggestion_applicability":null,"text":[{"highlight_end":18,"highlight_start":8,"text":"    fn add_entity(&mut self, entity: Entity, position: Vec3) {"}]},{"byte_end":3758,"byte_start":3739,"column_end":27,"column_start":8,"expansion":null,"file_name":"gameplay_sim/src/spawn_validation.rs","is_primary":true,"label":null,"line_end":111,"line_start":111,"suggested_replacement":null,"suggestion_applicability":null,"text":[{"highlight_end":27,"highlight_start":8,"text":"    fn get_nearby_entities(&self, position: Vec3, radius: f32) -> Vec<Entity> {"}]}]}}
{"reason":"compiler-message","package_id":"path+file:///Users/bradyjeong/Documents/Projects/Amp/gta4/gta_game/gameplay_sim#0.1.0","manifest_path":"/Users/bradyjeong/Documents/Projects/Amp/gta4/gta_game/gameplay_sim/Cargo.toml","target":{"kind":["lib"],"crate_types":["lib"],"name":"gameplay_sim","src_path":"/Users/bradyjeong/Documents/Projects/Amp/gta4/gta_game/gameplay_sim/src/lib.rs","edition":"2021","doc":true,"doctest":true,"test":true},"message":{"rendered":"warning: missing documentation for a struct field\n  --> gameplay_sim/src/world/map_system.rs:39:5\n   |\n39 |     pub chunks: HashMap<IVec2, Entity>,\n   |     ^^^^^^^^^^^^^^^^^^^^^^^^^^^^^^^^^^\n\n","$message_type":"diagnostic","children":[],"code":{"code":"missing_docs","explanation":null},"level":"warning","message":"missing documentation for a struct field","spans":[{"byte_end":1419,"byte_start":1385,"column_end":39,"column_start":5,"expansion":null,"file_name":"gameplay_sim/src/world/map_system.rs","is_primary":true,"label":null,"line_end":39,"line_start":39,"suggested_replacement":null,"suggestion_applicability":null,"text":[{"highlight_end":39,"highlight_start":5,"text":"    pub chunks: HashMap<IVec2, Entity>,"}]}]}}
{"reason":"compiler-message","package_id":"path+file:///Users/bradyjeong/Documents/Projects/Amp/gta4/gta_game/gameplay_sim#0.1.0","manifest_path":"/Users/bradyjeong/Documents/Projects/Amp/gta4/gta_game/gameplay_sim/Cargo.toml","target":{"kind":["lib"],"crate_types":["lib"],"name":"gameplay_sim","src_path":"/Users/bradyjeong/Documents/Projects/Amp/gta4/gta_game/gameplay_sim/src/lib.rs","edition":"2021","doc":true,"doctest":true,"test":true},"message":{"rendered":"warning: missing documentation for a struct field\n  --> gameplay_sim/src/world/map_system.rs:40:5\n   |\n40 |     pub chunk_templates: Vec<ChunkTemplate>,\n   |     ^^^^^^^^^^^^^^^^^^^^^^^^^^^^^^^^^^^^^^^\n\n","$message_type":"diagnostic","children":[],"code":{"code":"missing_docs","explanation":null},"level":"warning","message":"missing documentation for a struct field","spans":[{"byte_end":1464,"byte_start":1425,"column_end":44,"column_start":5,"expansion":null,"file_name":"gameplay_sim/src/world/map_system.rs","is_primary":true,"label":null,"line_end":40,"line_start":40,"suggested_replacement":null,"suggestion_applicability":null,"text":[{"highlight_end":44,"highlight_start":5,"text":"    pub chunk_templates: Vec<ChunkTemplate>,"}]}]}}
{"reason":"compiler-message","package_id":"path+file:///Users/bradyjeong/Documents/Projects/Amp/gta4/gta_game/gameplay_sim#0.1.0","manifest_path":"/Users/bradyjeong/Documents/Projects/Amp/gta4/gta_game/gameplay_sim/Cargo.toml","target":{"kind":["lib"],"crate_types":["lib"],"name":"gameplay_sim","src_path":"/Users/bradyjeong/Documents/Projects/Amp/gta4/gta_game/gameplay_sim/src/lib.rs","edition":"2021","doc":true,"doctest":true,"test":true},"message":{"rendered":"warning: missing documentation for a struct field\n  --> gameplay_sim/src/world/map_system.rs:41:5\n   |\n41 |     pub streaming_radius: f32,\n   |     ^^^^^^^^^^^^^^^^^^^^^^^^^\n\n","$message_type":"diagnostic","children":[],"code":{"code":"missing_docs","explanation":null},"level":"warning","message":"missing documentation for a struct field","spans":[{"byte_end":1495,"byte_start":1470,"column_end":30,"column_start":5,"expansion":null,"file_name":"gameplay_sim/src/world/map_system.rs","is_primary":true,"label":null,"line_end":41,"line_start":41,"suggested_replacement":null,"suggestion_applicability":null,"text":[{"highlight_end":30,"highlight_start":5,"text":"    pub streaming_radius: f32,"}]}]}}
{"reason":"compiler-message","package_id":"path+file:///Users/bradyjeong/Documents/Projects/Amp/gta4/gta_game/gameplay_sim#0.1.0","manifest_path":"/Users/bradyjeong/Documents/Projects/Amp/gta4/gta_game/gameplay_sim/Cargo.toml","target":{"kind":["lib"],"crate_types":["lib"],"name":"gameplay_sim","src_path":"/Users/bradyjeong/Documents/Projects/Amp/gta4/gta_game/gameplay_sim/src/lib.rs","edition":"2021","doc":true,"doctest":true,"test":true},"message":{"rendered":"warning: methods `register_entity`, `unregister_entity`, `update_entity_position`, `is_position_safe`, `find_safe_spawn_position`, and `get_entities_in_radius` are never used\n   --> gameplay_sim/src/spawn_validation.rs:147:12\n    |\n138 | impl SpawnRegistry {\n    | ------------------ methods in this implementation\n...\n147 |     pub fn register_entity(&mut self, entity: Entity, position: Vec3, entity_type: SpawnableType) {\n    |            ^^^^^^^^^^^^^^^\n...\n163 |     pub fn unregister_entity(&mut self, entity: Entity) {\n    |            ^^^^^^^^^^^^^^^^^\n...\n170 |     pub fn update_entity_position(&mut self, entity: Entity, new_position: Vec3) {\n    |            ^^^^^^^^^^^^^^^^^^^^^^\n...\n179 |     pub fn is_position_safe(&self, position: Vec3, entity_type: SpawnableType) -> bool {\n    |            ^^^^^^^^^^^^^^^^\n...\n207 |     pub fn find_safe_spawn_position(\n    |            ^^^^^^^^^^^^^^^^^^^^^^^^\n...\n244 |     pub fn get_entities_in_radius(&self, position: Vec3, radius: f32) -> Vec<&SpawnedEntity> {\n    |            ^^^^^^^^^^^^^^^^^^^^^^\n\n","$message_type":"diagnostic","children":[],"code":{"code":"dead_code","explanation":null},"level":"warning","message":"methods `register_entity`, `unregister_entity`, `update_entity_position`, `is_position_safe`, `find_safe_spawn_position`, and `get_entities_in_radius` are never used","spans":[{"byte_end":4685,"byte_start":4667,"column_end":19,"column_start":1,"expansion":null,"file_name":"gameplay_sim/src/spawn_validation.rs","is_primary":false,"label":"methods in this implementation","line_end":138,"line_start":138,"suggested_replacement":null,"suggestion_applicability":null,"text":[{"highlight_end":19,"highlight_start":1,"text":"impl SpawnRegistry {"}]},{"byte_end":4927,"byte_start":4912,"column_end":27,"column_start":12,"expansion":null,"file_name":"gameplay_sim/src/spawn_validation.rs","is_primary":true,"label":null,"line_end":147,"line_start":147,"suggested_replacement":null,"suggestion_applicability":null,"text":[{"highlight_end":27,"highlight_start":12,"text":"    pub fn register_entity(&mut self, entity: Entity, position: Vec3, entity_type: SpawnableType) {"}]},{"byte_end":5528,"byte_start":5511,"column_end":29,"column_start":12,"expansion":null,"file_name":"gameplay_sim/src/spawn_validation.rs","is_primary":true,"label":null,"line_end":163,"line_start":163,"suggested_replacement":null,"suggestion_applicability":null,"text":[{"highlight_end":29,"highlight_start":12,"text":"    pub fn unregister_entity(&mut self, entity: Entity) {"}]},{"byte_end":5812,"byte_start":5790,"column_end":34,"column_start":12,"expansion":null,"file_name":"gameplay_sim/src/spawn_validation.rs","is_primary":true,"label":null,"line_end":170,"line_start":170,"suggested_replacement":null,"suggestion_applicability":null,"text":[{"highlight_end":34,"highlight_start":12,"text":"    pub fn update_entity_position(&mut self, entity: Entity, new_position: Vec3) {"}]},{"byte_end":6246,"byte_start":6230,"column_end":28,"column_start":12,"expansion":null,"file_name":"gameplay_sim/src/spawn_validation.rs","is_primary":true,"label":null,"line_end":179,"line_start":179,"suggested_replacement":null,"suggestion_applicability":null,"text":[{"highlight_end":28,"highlight_start":12,"text":"    pub fn is_position_safe(&self, position: Vec3, entity_type: SpawnableType) -> bool {"}]},{"byte_end":7839,"byte_start":7815,"column_end":36,"column_start":12,"expansion":null,"file_name":"gameplay_sim/src/spawn_validation.rs","is_primary":true,"label":null,"line_end":207,"line_start":207,"suggested_replacement":null,"suggestion_applicability":null,"text":[{"highlight_end":36,"highlight_start":12,"text":"    pub fn find_safe_spawn_position("}]},{"byte_end":9153,"byte_start":9131,"column_end":34,"column_start":12,"expansion":null,"file_name":"gameplay_sim/src/spawn_validation.rs","is_primary":true,"label":null,"line_end":244,"line_start":244,"suggested_replacement":null,"suggestion_applicability":null,"text":[{"highlight_end":34,"highlight_start":12,"text":"    pub fn get_entities_in_radius(&self, position: Vec3, radius: f32) -> Vec<&SpawnedEntity> {"}]}]}}
{"reason":"compiler-message","package_id":"path+file:///Users/bradyjeong/Documents/Projects/Amp/gta4/gta_game/gameplay_sim#0.1.0","manifest_path":"/Users/bradyjeong/Documents/Projects/Amp/gta4/gta_game/gameplay_sim/Cargo.toml","target":{"kind":["lib"],"crate_types":["lib"],"name":"gameplay_sim","src_path":"/Users/bradyjeong/Documents/Projects/Amp/gta4/gta_game/gameplay_sim/src/lib.rs","edition":"2021","doc":true,"doctest":true,"test":true},"message":{"rendered":"warning: missing documentation for a struct field\n  --> gameplay_sim/src/world/map_system.rs:42:5\n   |\n42 |     pub lod_distances: [f32; LOD_LEVELS],\n   |     ^^^^^^^^^^^^^^^^^^^^^^^^^^^^^^^^^^^^\n\n","$message_type":"diagnostic","children":[],"code":{"code":"missing_docs","explanation":null},"level":"warning","message":"missing documentation for a struct field","spans":[{"byte_end":1537,"byte_start":1501,"column_end":41,"column_start":5,"expansion":null,"file_name":"gameplay_sim/src/world/map_system.rs","is_primary":true,"label":null,"line_end":42,"line_start":42,"suggested_replacement":null,"suggestion_applicability":null,"text":[{"highlight_end":41,"highlight_start":5,"text":"    pub lod_distances: [f32; LOD_LEVELS],"}]}]}}
{"reason":"compiler-message","package_id":"path+file:///Users/bradyjeong/Documents/Projects/Amp/gta4/gta_game/gameplay_sim#0.1.0","manifest_path":"/Users/bradyjeong/Documents/Projects/Amp/gta4/gta_game/gameplay_sim/Cargo.toml","target":{"kind":["lib"],"crate_types":["lib"],"name":"gameplay_sim","src_path":"/Users/bradyjeong/Documents/Projects/Amp/gta4/gta_game/gameplay_sim/src/lib.rs","edition":"2021","doc":true,"doctest":true,"test":true},"message":{"rendered":"warning: struct `SpawnValidator` is never constructed\n   --> gameplay_sim/src/spawn_validation.rs:308:12\n    |\n308 | pub struct SpawnValidator;\n    |            ^^^^^^^^^^^^^^\n\n","$message_type":"diagnostic","children":[],"code":{"code":"dead_code","explanation":null},"level":"warning","message":"struct `SpawnValidator` is never constructed","spans":[{"byte_end":11250,"byte_start":11236,"column_end":26,"column_start":12,"expansion":null,"file_name":"gameplay_sim/src/spawn_validation.rs","is_primary":true,"label":null,"line_end":308,"line_start":308,"suggested_replacement":null,"suggestion_applicability":null,"text":[{"highlight_end":26,"highlight_start":12,"text":"pub struct SpawnValidator;"}]}]}}
{"reason":"compiler-message","package_id":"path+file:///Users/bradyjeong/Documents/Projects/Amp/gta4/gta_game/gameplay_sim#0.1.0","manifest_path":"/Users/bradyjeong/Documents/Projects/Amp/gta4/gta_game/gameplay_sim/Cargo.toml","target":{"kind":["lib"],"crate_types":["lib"],"name":"gameplay_sim","src_path":"/Users/bradyjeong/Documents/Projects/Amp/gta4/gta_game/gameplay_sim/src/lib.rs","edition":"2021","doc":true,"doctest":true,"test":true},"message":{"rendered":"warning: missing documentation for a struct\n  --> gameplay_sim/src/world/map_system.rs:46:1\n   |\n46 | pub struct ChunkTemplate {\n   | ^^^^^^^^^^^^^^^^^^^^^^^^\n\n","$message_type":"diagnostic","children":[],"code":{"code":"missing_docs","explanation":null},"level":"warning","message":"missing documentation for a struct","spans":[{"byte_end":1583,"byte_start":1559,"column_end":25,"column_start":1,"expansion":null,"file_name":"gameplay_sim/src/world/map_system.rs","is_primary":true,"label":null,"line_end":46,"line_start":46,"suggested_replacement":null,"suggestion_applicability":null,"text":[{"highlight_end":25,"highlight_start":1,"text":"pub struct ChunkTemplate {"}]}]}}
{"reason":"compiler-message","package_id":"path+file:///Users/bradyjeong/Documents/Projects/Amp/gta4/gta_game/gameplay_sim#0.1.0","manifest_path":"/Users/bradyjeong/Documents/Projects/Amp/gta4/gta_game/gameplay_sim/Cargo.toml","target":{"kind":["lib"],"crate_types":["lib"],"name":"gameplay_sim","src_path":"/Users/bradyjeong/Documents/Projects/Amp/gta4/gta_game/gameplay_sim/src/lib.rs","edition":"2021","doc":true,"doctest":true,"test":true},"message":{"rendered":"warning: associated functions `spawn_entity_safely` and `is_clear` are never used\n   --> gameplay_sim/src/spawn_validation.rs:312:12\n    |\n310 | impl SpawnValidator {\n    | ------------------- associated functions in this implementation\n311 |     /// Validate and register a spawn location\n312 |     pub fn spawn_entity_safely(\n    |            ^^^^^^^^^^^^^^^^^^^\n...\n336 |     pub fn is_clear(\n    |            ^^^^^^^^\n\n","$message_type":"diagnostic","children":[],"code":{"code":"dead_code","explanation":null},"level":"warning","message":"associated functions `spawn_entity_safely` and `is_clear` are never used","spans":[{"byte_end":11272,"byte_start":11253,"column_end":20,"column_start":1,"expansion":null,"file_name":"gameplay_sim/src/spawn_validation.rs","is_primary":false,"label":"associated functions in this implementation","line_end":310,"line_start":310,"suggested_replacement":null,"suggestion_applicability":null,"text":[{"highlight_end":20,"highlight_start":1,"text":"impl SpawnValidator {"}]},{"byte_end":11352,"byte_start":11333,"column_end":31,"column_start":12,"expansion":null,"file_name":"gameplay_sim/src/spawn_validation.rs","is_primary":true,"label":null,"line_end":312,"line_start":312,"suggested_replacement":null,"suggestion_applicability":null,"text":[{"highlight_end":31,"highlight_start":12,"text":"    pub fn spawn_entity_safely("}]},{"byte_end":12136,"byte_start":12128,"column_end":20,"column_start":12,"expansion":null,"file_name":"gameplay_sim/src/spawn_validation.rs","is_primary":true,"label":null,"line_end":336,"line_start":336,"suggested_replacement":null,"suggestion_applicability":null,"text":[{"highlight_end":20,"highlight_start":12,"text":"    pub fn is_clear("}]}]}}
{"reason":"compiler-message","package_id":"path+file:///Users/bradyjeong/Documents/Projects/Amp/gta4/gta_game/gameplay_sim#0.1.0","manifest_path":"/Users/bradyjeong/Documents/Projects/Amp/gta4/gta_game/gameplay_sim/Cargo.toml","target":{"kind":["lib"],"crate_types":["lib"],"name":"gameplay_sim","src_path":"/Users/bradyjeong/Documents/Projects/Amp/gta4/gta_game/gameplay_sim/src/lib.rs","edition":"2021","doc":true,"doctest":true,"test":true},"message":{"rendered":"warning: missing documentation for a struct field\n  --> gameplay_sim/src/world/map_system.rs:47:5\n   |\n47 |     pub buildings: Vec<BuildingTemplate>,\n   |     ^^^^^^^^^^^^^^^^^^^^^^^^^^^^^^^^^^^^\n\n","$message_type":"diagnostic","children":[],"code":{"code":"missing_docs","explanation":null},"level":"warning","message":"missing documentation for a struct field","spans":[{"byte_end":1626,"byte_start":1590,"column_end":41,"column_start":5,"expansion":null,"file_name":"gameplay_sim/src/world/map_system.rs","is_primary":true,"label":null,"line_end":47,"line_start":47,"suggested_replacement":null,"suggestion_applicability":null,"text":[{"highlight_end":41,"highlight_start":5,"text":"    pub buildings: Vec<BuildingTemplate>,"}]}]}}
{"reason":"compiler-message","package_id":"path+file:///Users/bradyjeong/Documents/Projects/Amp/gta4/gta_game/gameplay_sim#0.1.0","manifest_path":"/Users/bradyjeong/Documents/Projects/Amp/gta4/gta_game/gameplay_sim/Cargo.toml","target":{"kind":["lib"],"crate_types":["lib"],"name":"gameplay_sim","src_path":"/Users/bradyjeong/Documents/Projects/Amp/gta4/gta_game/gameplay_sim/src/lib.rs","edition":"2021","doc":true,"doctest":true,"test":true},"message":{"rendered":"warning: associated function `new` is never used\n  --> gameplay_sim/src/transform_sync.rs:13:12\n   |\n12 | impl TransformSync {\n   | ------------------ associated function in this implementation\n13 |     pub fn new(smoothing_speed: f32) -> Self {\n   |            ^^^\n\n","$message_type":"diagnostic","children":[],"code":{"code":"dead_code","explanation":null},"level":"warning","message":"associated function `new` is never used","spans":[{"byte_end":328,"byte_start":310,"column_end":19,"column_start":1,"expansion":null,"file_name":"gameplay_sim/src/transform_sync.rs","is_primary":false,"label":"associated function in this implementation","line_end":12,"line_start":12,"suggested_replacement":null,"suggestion_applicability":null,"text":[{"highlight_end":19,"highlight_start":1,"text":"impl TransformSync {"}]},{"byte_end":345,"byte_start":342,"column_end":15,"column_start":12,"expansion":null,"file_name":"gameplay_sim/src/transform_sync.rs","is_primary":true,"label":null,"line_end":13,"line_start":13,"suggested_replacement":null,"suggestion_applicability":null,"text":[{"highlight_end":15,"highlight_start":12,"text":"    pub fn new(smoothing_speed: f32) -> Self {"}]}]}}
{"reason":"compiler-message","package_id":"path+file:///Users/bradyjeong/Documents/Projects/Amp/gta4/gta_game/gameplay_sim#0.1.0","manifest_path":"/Users/bradyjeong/Documents/Projects/Amp/gta4/gta_game/gameplay_sim/Cargo.toml","target":{"kind":["lib"],"crate_types":["lib"],"name":"gameplay_sim","src_path":"/Users/bradyjeong/Documents/Projects/Amp/gta4/gta_game/gameplay_sim/src/lib.rs","edition":"2021","doc":true,"doctest":true,"test":true},"message":{"rendered":"warning: missing documentation for a struct field\n  --> gameplay_sim/src/world/map_system.rs:48:5\n   |\n48 |     pub roads: Vec<RoadSpline>,\n   |     ^^^^^^^^^^^^^^^^^^^^^^^^^^\n\n","$message_type":"diagnostic","children":[],"code":{"code":"missing_docs","explanation":null},"level":"warning","message":"missing documentation for a struct field","spans":[{"byte_end":1658,"byte_start":1632,"column_end":31,"column_start":5,"expansion":null,"file_name":"gameplay_sim/src/world/map_system.rs","is_primary":true,"label":null,"line_end":48,"line_start":48,"suggested_replacement":null,"suggestion_applicability":null,"text":[{"highlight_end":31,"highlight_start":5,"text":"    pub roads: Vec<RoadSpline>,"}]}]}}
{"reason":"compiler-message","package_id":"path+file:///Users/bradyjeong/Documents/Projects/Amp/gta4/gta_game/gameplay_sim#0.1.0","manifest_path":"/Users/bradyjeong/Documents/Projects/Amp/gta4/gta_game/gameplay_sim/Cargo.toml","target":{"kind":["lib"],"crate_types":["lib"],"name":"gameplay_sim","src_path":"/Users/bradyjeong/Documents/Projects/Amp/gta4/gta_game/gameplay_sim/src/lib.rs","edition":"2021","doc":true,"doctest":true,"test":true},"message":{"rendered":"warning: function `setup_lake` is never used\n --> gameplay_sim/src/water.rs:6:8\n  |\n6 | pub fn setup_lake(\n  |        ^^^^^^^^^^\n\n","$message_type":"diagnostic","children":[],"code":{"code":"dead_code","explanation":null},"level":"warning","message":"function `setup_lake` is never used","spans":[{"byte_end":204,"byte_start":194,"column_end":18,"column_start":8,"expansion":null,"file_name":"gameplay_sim/src/water.rs","is_primary":true,"label":null,"line_end":6,"line_start":6,"suggested_replacement":null,"suggestion_applicability":null,"text":[{"highlight_end":18,"highlight_start":8,"text":"pub fn setup_lake("}]}]}}
{"reason":"compiler-message","package_id":"path+file:///Users/bradyjeong/Documents/Projects/Amp/gta4/gta_game/gameplay_sim#0.1.0","manifest_path":"/Users/bradyjeong/Documents/Projects/Amp/gta4/gta_game/gameplay_sim/Cargo.toml","target":{"kind":["lib"],"crate_types":["lib"],"name":"gameplay_sim","src_path":"/Users/bradyjeong/Documents/Projects/Amp/gta4/gta_game/gameplay_sim/src/lib.rs","edition":"2021","doc":true,"doctest":true,"test":true},"message":{"rendered":"warning: missing documentation for a struct field\n  --> gameplay_sim/src/world/map_system.rs:49:5\n   |\n49 |     pub vegetation: Vec<VegetationPatch>,\n   |     ^^^^^^^^^^^^^^^^^^^^^^^^^^^^^^^^^^^^\n\n","$message_type":"diagnostic","children":[],"code":{"code":"missing_docs","explanation":null},"level":"warning","message":"missing documentation for a struct field","spans":[{"byte_end":1700,"byte_start":1664,"column_end":41,"column_start":5,"expansion":null,"file_name":"gameplay_sim/src/world/map_system.rs","is_primary":true,"label":null,"line_end":49,"line_start":49,"suggested_replacement":null,"suggestion_applicability":null,"text":[{"highlight_end":41,"highlight_start":5,"text":"    pub vegetation: Vec<VegetationPatch>,"}]}]}}
{"reason":"compiler-message","package_id":"path+file:///Users/bradyjeong/Documents/Projects/Amp/gta4/gta_game/gameplay_sim#0.1.0","manifest_path":"/Users/bradyjeong/Documents/Projects/Amp/gta4/gta_game/gameplay_sim/Cargo.toml","target":{"kind":["lib"],"crate_types":["lib"],"name":"gameplay_sim","src_path":"/Users/bradyjeong/Documents/Projects/Amp/gta4/gta_game/gameplay_sim/src/lib.rs","edition":"2021","doc":true,"doctest":true,"test":true},"message":{"rendered":"warning: function `setup_yacht` is never used\n  --> gameplay_sim/src/water.rs:75:8\n   |\n75 | pub fn setup_yacht(\n   |        ^^^^^^^^^^^\n\n","$message_type":"diagnostic","children":[],"code":{"code":"dead_code","explanation":null},"level":"warning","message":"function `setup_yacht` is never used","spans":[{"byte_end":2538,"byte_start":2527,"column_end":19,"column_start":8,"expansion":null,"file_name":"gameplay_sim/src/water.rs","is_primary":true,"label":null,"line_end":75,"line_start":75,"suggested_replacement":null,"suggestion_applicability":null,"text":[{"highlight_end":19,"highlight_start":8,"text":"pub fn setup_yacht("}]}]}}
{"reason":"compiler-message","package_id":"path+file:///Users/bradyjeong/Documents/Projects/Amp/gta4/gta_game/gameplay_sim#0.1.0","manifest_path":"/Users/bradyjeong/Documents/Projects/Amp/gta4/gta_game/gameplay_sim/Cargo.toml","target":{"kind":["lib"],"crate_types":["lib"],"name":"gameplay_sim","src_path":"/Users/bradyjeong/Documents/Projects/Amp/gta4/gta_game/gameplay_sim/src/lib.rs","edition":"2021","doc":true,"doctest":true,"test":true},"message":{"rendered":"warning: missing documentation for a struct field\n  --> gameplay_sim/src/world/map_system.rs:50:5\n   |\n50 |     pub landmarks: Vec<LandmarkTemplate>,\n   |     ^^^^^^^^^^^^^^^^^^^^^^^^^^^^^^^^^^^^\n\n","$message_type":"diagnostic","children":[],"code":{"code":"missing_docs","explanation":null},"level":"warning","message":"missing documentation for a struct field","spans":[{"byte_end":1742,"byte_start":1706,"column_end":41,"column_start":5,"expansion":null,"file_name":"gameplay_sim/src/world/map_system.rs","is_primary":true,"label":null,"line_end":50,"line_start":50,"suggested_replacement":null,"suggestion_applicability":null,"text":[{"highlight_end":41,"highlight_start":5,"text":"    pub landmarks: Vec<LandmarkTemplate>,"}]}]}}
{"reason":"compiler-message","package_id":"path+file:///Users/bradyjeong/Documents/Projects/Amp/gta4/gta_game/gameplay_sim#0.1.0","manifest_path":"/Users/bradyjeong/Documents/Projects/Amp/gta4/gta_game/gameplay_sim/Cargo.toml","target":{"kind":["lib"],"crate_types":["lib"],"name":"gameplay_sim","src_path":"/Users/bradyjeong/Documents/Projects/Amp/gta4/gta_game/gameplay_sim/src/lib.rs","edition":"2021","doc":true,"doctest":true,"test":true},"message":{"rendered":"warning: function `yacht_movement_system` is never used\n   --> gameplay_sim/src/water.rs:137:8\n    |\n137 | pub fn yacht_movement_system(\n    |        ^^^^^^^^^^^^^^^^^^^^^\n\n","$message_type":"diagnostic","children":[],"code":{"code":"dead_code","explanation":null},"level":"warning","message":"function `yacht_movement_system` is never used","spans":[{"byte_end":4398,"byte_start":4377,"column_end":29,"column_start":8,"expansion":null,"file_name":"gameplay_sim/src/water.rs","is_primary":true,"label":null,"line_end":137,"line_start":137,"suggested_replacement":null,"suggestion_applicability":null,"text":[{"highlight_end":29,"highlight_start":8,"text":"pub fn yacht_movement_system("}]}]}}
{"reason":"compiler-message","package_id":"path+file:///Users/bradyjeong/Documents/Projects/Amp/gta4/gta_game/gameplay_sim#0.1.0","manifest_path":"/Users/bradyjeong/Documents/Projects/Amp/gta4/gta_game/gameplay_sim/Cargo.toml","target":{"kind":["lib"],"crate_types":["lib"],"name":"gameplay_sim","src_path":"/Users/bradyjeong/Documents/Projects/Amp/gta4/gta_game/gameplay_sim/src/lib.rs","edition":"2021","doc":true,"doctest":true,"test":true},"message":{"rendered":"warning: missing documentation for a struct\n  --> gameplay_sim/src/world/map_system.rs:54:1\n   |\n54 | pub struct BuildingTemplate {\n   | ^^^^^^^^^^^^^^^^^^^^^^^^^^^\n\n","$message_type":"diagnostic","children":[],"code":{"code":"missing_docs","explanation":null},"level":"warning","message":"missing documentation for a struct","spans":[{"byte_end":1791,"byte_start":1764,"column_end":28,"column_start":1,"expansion":null,"file_name":"gameplay_sim/src/world/map_system.rs","is_primary":true,"label":null,"line_end":54,"line_start":54,"suggested_replacement":null,"suggestion_applicability":null,"text":[{"highlight_end":28,"highlight_start":1,"text":"pub struct BuildingTemplate {"}]}]}}
{"reason":"compiler-message","package_id":"path+file:///Users/bradyjeong/Documents/Projects/Amp/gta4/gta_game/gameplay_sim#0.1.0","manifest_path":"/Users/bradyjeong/Documents/Projects/Amp/gta4/gta_game/gameplay_sim/Cargo.toml","target":{"kind":["lib"],"crate_types":["lib"],"name":"gameplay_sim","src_path":"/Users/bradyjeong/Documents/Projects/Amp/gta4/gta_game/gameplay_sim/src/lib.rs","edition":"2021","doc":true,"doctest":true,"test":true},"message":{"rendered":"warning: missing documentation for a struct field\n  --> gameplay_sim/src/world/map_system.rs:55:5\n   |\n55 |     pub position: Vec3,\n   |     ^^^^^^^^^^^^^^^^^^\n\n","$message_type":"diagnostic","children":[],"code":{"code":"missing_docs","explanation":null},"level":"warning","message":"missing documentation for a struct field","spans":[{"byte_end":1816,"byte_start":1798,"column_end":23,"column_start":5,"expansion":null,"file_name":"gameplay_sim/src/world/map_system.rs","is_primary":true,"label":null,"line_end":55,"line_start":55,"suggested_replacement":null,"suggestion_applicability":null,"text":[{"highlight_end":23,"highlight_start":5,"text":"    pub position: Vec3,"}]}]}}
{"reason":"compiler-message","package_id":"path+file:///Users/bradyjeong/Documents/Projects/Amp/gta4/gta_game/gameplay_sim#0.1.0","manifest_path":"/Users/bradyjeong/Documents/Projects/Amp/gta4/gta_game/gameplay_sim/Cargo.toml","target":{"kind":["lib"],"crate_types":["lib"],"name":"gameplay_sim","src_path":"/Users/bradyjeong/Documents/Projects/Amp/gta4/gta_game/gameplay_sim/src/lib.rs","edition":"2021","doc":true,"doctest":true,"test":true},"message":{"rendered":"warning: function `water_wave_system` is never used\n   --> gameplay_sim/src/water.rs:176:8\n    |\n176 | pub fn water_wave_system(\n    |        ^^^^^^^^^^^^^^^^^\n\n","$message_type":"diagnostic","children":[],"code":{"code":"dead_code","explanation":null},"level":"warning","message":"function `water_wave_system` is never used","spans":[{"byte_end":5681,"byte_start":5664,"column_end":25,"column_start":8,"expansion":null,"file_name":"gameplay_sim/src/water.rs","is_primary":true,"label":null,"line_end":176,"line_start":176,"suggested_replacement":null,"suggestion_applicability":null,"text":[{"highlight_end":25,"highlight_start":8,"text":"pub fn water_wave_system("}]}]}}
{"reason":"compiler-message","package_id":"path+file:///Users/bradyjeong/Documents/Projects/Amp/gta4/gta_game/gameplay_sim#0.1.0","manifest_path":"/Users/bradyjeong/Documents/Projects/Amp/gta4/gta_game/gameplay_sim/Cargo.toml","target":{"kind":["lib"],"crate_types":["lib"],"name":"gameplay_sim","src_path":"/Users/bradyjeong/Documents/Projects/Amp/gta4/gta_game/gameplay_sim/src/lib.rs","edition":"2021","doc":true,"doctest":true,"test":true},"message":{"rendered":"warning: missing documentation for a struct field\n  --> gameplay_sim/src/world/map_system.rs:56:5\n   |\n56 |     pub scale: Vec3,\n   |     ^^^^^^^^^^^^^^^\n\n","$message_type":"diagnostic","children":[],"code":{"code":"missing_docs","explanation":null},"level":"warning","message":"missing documentation for a struct field","spans":[{"byte_end":1837,"byte_start":1822,"column_end":20,"column_start":5,"expansion":null,"file_name":"gameplay_sim/src/world/map_system.rs","is_primary":true,"label":null,"line_end":56,"line_start":56,"suggested_replacement":null,"suggestion_applicability":null,"text":[{"highlight_end":20,"highlight_start":5,"text":"    pub scale: Vec3,"}]}]}}
{"reason":"compiler-message","package_id":"path+file:///Users/bradyjeong/Documents/Projects/Amp/gta4/gta_game/gameplay_sim#0.1.0","manifest_path":"/Users/bradyjeong/Documents/Projects/Amp/gta4/gta_game/gameplay_sim/Cargo.toml","target":{"kind":["lib"],"crate_types":["lib"],"name":"gameplay_sim","src_path":"/Users/bradyjeong/Documents/Projects/Amp/gta4/gta_game/gameplay_sim/src/lib.rs","edition":"2021","doc":true,"doctest":true,"test":true},"message":{"rendered":"warning: function `yacht_buoyancy_system` is never used\n   --> gameplay_sim/src/water.rs:186:8\n    |\n186 | pub fn yacht_buoyancy_system(\n    |        ^^^^^^^^^^^^^^^^^^^^^\n\n","$message_type":"diagnostic","children":[],"code":{"code":"dead_code","explanation":null},"level":"warning","message":"function `yacht_buoyancy_system` is never used","spans":[{"byte_end":6016,"byte_start":5995,"column_end":29,"column_start":8,"expansion":null,"file_name":"gameplay_sim/src/water.rs","is_primary":true,"label":null,"line_end":186,"line_start":186,"suggested_replacement":null,"suggestion_applicability":null,"text":[{"highlight_end":29,"highlight_start":8,"text":"pub fn yacht_buoyancy_system("}]}]}}
{"reason":"compiler-message","package_id":"path+file:///Users/bradyjeong/Documents/Projects/Amp/gta4/gta_game/gameplay_sim#0.1.0","manifest_path":"/Users/bradyjeong/Documents/Projects/Amp/gta4/gta_game/gameplay_sim/Cargo.toml","target":{"kind":["lib"],"crate_types":["lib"],"name":"gameplay_sim","src_path":"/Users/bradyjeong/Documents/Projects/Amp/gta4/gta_game/gameplay_sim/src/lib.rs","edition":"2021","doc":true,"doctest":true,"test":true},"message":{"rendered":"warning: missing documentation for a struct field\n  --> gameplay_sim/src/world/map_system.rs:57:5\n   |\n57 |     pub building_type: BuildingType,\n   |     ^^^^^^^^^^^^^^^^^^^^^^^^^^^^^^^\n\n","$message_type":"diagnostic","children":[],"code":{"code":"missing_docs","explanation":null},"level":"warning","message":"missing documentation for a struct field","spans":[{"byte_end":1874,"byte_start":1843,"column_end":36,"column_start":5,"expansion":null,"file_name":"gameplay_sim/src/world/map_system.rs","is_primary":true,"label":null,"line_end":57,"line_start":57,"suggested_replacement":null,"suggestion_applicability":null,"text":[{"highlight_end":36,"highlight_start":5,"text":"    pub building_type: BuildingType,"}]}]}}
{"reason":"compiler-message","package_id":"path+file:///Users/bradyjeong/Documents/Projects/Amp/gta4/gta_game/gameplay_sim#0.1.0","manifest_path":"/Users/bradyjeong/Documents/Projects/Amp/gta4/gta_game/gameplay_sim/Cargo.toml","target":{"kind":["lib"],"crate_types":["lib"],"name":"gameplay_sim","src_path":"/Users/bradyjeong/Documents/Projects/Amp/gta4/gta_game/gameplay_sim/src/lib.rs","edition":"2021","doc":true,"doctest":true,"test":true},"message":{"rendered":"warning: function `yacht_water_constraint_system` is never used\n   --> gameplay_sim/src/water.rs:226:8\n    |\n226 | pub fn yacht_water_constraint_system(\n    |        ^^^^^^^^^^^^^^^^^^^^^^^^^^^^^\n\n","$message_type":"diagnostic","children":[],"code":{"code":"dead_code","explanation":null},"level":"warning","message":"function `yacht_water_constraint_system` is never used","spans":[{"byte_end":7728,"byte_start":7699,"column_end":37,"column_start":8,"expansion":null,"file_name":"gameplay_sim/src/water.rs","is_primary":true,"label":null,"line_end":226,"line_start":226,"suggested_replacement":null,"suggestion_applicability":null,"text":[{"highlight_end":37,"highlight_start":8,"text":"pub fn yacht_water_constraint_system("}]}]}}
{"reason":"compiler-message","package_id":"path+file:///Users/bradyjeong/Documents/Projects/Amp/gta4/gta_game/gameplay_sim#0.1.0","manifest_path":"/Users/bradyjeong/Documents/Projects/Amp/gta4/gta_game/gameplay_sim/Cargo.toml","target":{"kind":["lib"],"crate_types":["lib"],"name":"gameplay_sim","src_path":"/Users/bradyjeong/Documents/Projects/Amp/gta4/gta_game/gameplay_sim/src/lib.rs","edition":"2021","doc":true,"doctest":true,"test":true},"message":{"rendered":"warning: missing documentation for a struct field\n  --> gameplay_sim/src/world/map_system.rs:58:5\n   |\n58 |     pub height: f32,\n   |     ^^^^^^^^^^^^^^^\n\n","$message_type":"diagnostic","children":[],"code":{"code":"missing_docs","explanation":null},"level":"warning","message":"missing documentation for a struct field","spans":[{"byte_end":1895,"byte_start":1880,"column_end":20,"column_start":5,"expansion":null,"file_name":"gameplay_sim/src/world/map_system.rs","is_primary":true,"label":null,"line_end":58,"line_start":58,"suggested_replacement":null,"suggestion_applicability":null,"text":[{"highlight_end":20,"highlight_start":5,"text":"    pub height: f32,"}]}]}}
{"reason":"compiler-message","package_id":"path+file:///Users/bradyjeong/Documents/Projects/Amp/gta4/gta_game/gameplay_sim#0.1.0","manifest_path":"/Users/bradyjeong/Documents/Projects/Amp/gta4/gta_game/gameplay_sim/Cargo.toml","target":{"kind":["lib"],"crate_types":["lib"],"name":"gameplay_sim","src_path":"/Users/bradyjeong/Documents/Projects/Amp/gta4/gta_game/gameplay_sim/src/lib.rs","edition":"2021","doc":true,"doctest":true,"test":true},"message":{"rendered":"warning: missing documentation for a struct\n  --> gameplay_sim/src/world/map_system.rs:62:1\n   |\n62 | pub struct VegetationPatch {\n   | ^^^^^^^^^^^^^^^^^^^^^^^^^^\n\n","$message_type":"diagnostic","children":[],"code":{"code":"missing_docs","explanation":null},"level":"warning","message":"missing documentation for a struct","spans":[{"byte_end":1943,"byte_start":1917,"column_end":27,"column_start":1,"expansion":null,"file_name":"gameplay_sim/src/world/map_system.rs","is_primary":true,"label":null,"line_end":62,"line_start":62,"suggested_replacement":null,"suggestion_applicability":null,"text":[{"highlight_end":27,"highlight_start":1,"text":"pub struct VegetationPatch {"}]}]}}
{"reason":"compiler-message","package_id":"path+file:///Users/bradyjeong/Documents/Projects/Amp/gta4/gta_game/gameplay_sim#0.1.0","manifest_path":"/Users/bradyjeong/Documents/Projects/Amp/gta4/gta_game/gameplay_sim/Cargo.toml","target":{"kind":["lib"],"crate_types":["lib"],"name":"gameplay_sim","src_path":"/Users/bradyjeong/Documents/Projects/Amp/gta4/gta_game/gameplay_sim/src/lib.rs","edition":"2021","doc":true,"doctest":true,"test":true},"message":{"rendered":"warning: methods `get_single` and `get_single_mut` are never used\n  --> gameplay_sim/src/bevy16_compat.rs:37:8\n   |\n36 | pub trait QueryExt<'w, 's, D: QueryData, F: QueryFilter> {\n   |           -------- methods in this trait\n37 |     fn get_single(&self) -> Result<D::Item<'_>, bevy::ecs::query::QuerySingleError>;\n   |        ^^^^^^^^^^\n38 |     fn get_single_mut(&mut self) -> Result<D::Item<'_>, bevy::ecs::query::QuerySingleError>;\n   |        ^^^^^^^^^^^^^^\n\n","$message_type":"diagnostic","children":[],"code":{"code":"dead_code","explanation":null},"level":"warning","message":"methods `get_single` and `get_single_mut` are never used","spans":[{"byte_end":914,"byte_start":906,"column_end":19,"column_start":11,"expansion":null,"file_name":"gameplay_sim/src/bevy16_compat.rs","is_primary":false,"label":"methods in this trait","line_end":36,"line_start":36,"suggested_replacement":null,"suggestion_applicability":null,"text":[{"highlight_end":19,"highlight_start":11,"text":"pub trait QueryExt<'w, 's, D: QueryData, F: QueryFilter> {"}]},{"byte_end":972,"byte_start":962,"column_end":18,"column_start":8,"expansion":null,"file_name":"gameplay_sim/src/bevy16_compat.rs","is_primary":true,"label":null,"line_end":37,"line_start":37,"suggested_replacement":null,"suggestion_applicability":null,"text":[{"highlight_end":18,"highlight_start":8,"text":"    fn get_single(&self) -> Result<D::Item<'_>, bevy::ecs::query::QuerySingleError>;"}]},{"byte_end":1061,"byte_start":1047,"column_end":22,"column_start":8,"expansion":null,"file_name":"gameplay_sim/src/bevy16_compat.rs","is_primary":true,"label":null,"line_end":38,"line_start":38,"suggested_replacement":null,"suggestion_applicability":null,"text":[{"highlight_end":22,"highlight_start":8,"text":"    fn get_single_mut(&mut self) -> Result<D::Item<'_>, bevy::ecs::query::QuerySingleError>;"}]}]}}
{"reason":"compiler-message","package_id":"path+file:///Users/bradyjeong/Documents/Projects/Amp/gta4/gta_game/gameplay_sim#0.1.0","manifest_path":"/Users/bradyjeong/Documents/Projects/Amp/gta4/gta_game/gameplay_sim/Cargo.toml","target":{"kind":["lib"],"crate_types":["lib"],"name":"gameplay_sim","src_path":"/Users/bradyjeong/Documents/Projects/Amp/gta4/gta_game/gameplay_sim/src/lib.rs","edition":"2021","doc":true,"doctest":true,"test":true},"message":{"rendered":"warning: missing documentation for a struct field\n  --> gameplay_sim/src/world/map_system.rs:63:5\n   |\n63 |     pub position: Vec3,\n   |     ^^^^^^^^^^^^^^^^^^\n\n","$message_type":"diagnostic","children":[],"code":{"code":"missing_docs","explanation":null},"level":"warning","message":"missing documentation for a struct field","spans":[{"byte_end":1968,"byte_start":1950,"column_end":23,"column_start":5,"expansion":null,"file_name":"gameplay_sim/src/world/map_system.rs","is_primary":true,"label":null,"line_end":63,"line_start":63,"suggested_replacement":null,"suggestion_applicability":null,"text":[{"highlight_end":23,"highlight_start":5,"text":"    pub position: Vec3,"}]}]}}
{"reason":"compiler-message","package_id":"path+file:///Users/bradyjeong/Documents/Projects/Amp/gta4/gta_game/gameplay_sim#0.1.0","manifest_path":"/Users/bradyjeong/Documents/Projects/Amp/gta4/gta_game/gameplay_sim/Cargo.toml","target":{"kind":["lib"],"crate_types":["lib"],"name":"gameplay_sim","src_path":"/Users/bradyjeong/Documents/Projects/Amp/gta4/gta_game/gameplay_sim/src/lib.rs","edition":"2021","doc":true,"doctest":true,"test":true},"message":{"rendered":"warning: method `despawn_recursive` is never used\n  --> gameplay_sim/src/bevy16_compat.rs:57:8\n   |\n56 | pub trait EntityCommandsExt {\n   |           ----------------- method in this trait\n57 |     fn despawn_recursive(&mut self) -> &mut Self;\n   |        ^^^^^^^^^^^^^^^^^\n\n","$message_type":"diagnostic","children":[],"code":{"code":"dead_code","explanation":null},"level":"warning","message":"method `despawn_recursive` is never used","spans":[{"byte_end":1658,"byte_start":1641,"column_end":28,"column_start":11,"expansion":null,"file_name":"gameplay_sim/src/bevy16_compat.rs","is_primary":false,"label":"method in this trait","line_end":56,"line_start":56,"suggested_replacement":null,"suggestion_applicability":null,"text":[{"highlight_end":28,"highlight_start":11,"text":"pub trait EntityCommandsExt {"}]},{"byte_end":1685,"byte_start":1668,"column_end":25,"column_start":8,"expansion":null,"file_name":"gameplay_sim/src/bevy16_compat.rs","is_primary":true,"label":null,"line_end":57,"line_start":57,"suggested_replacement":null,"suggestion_applicability":null,"text":[{"highlight_end":25,"highlight_start":8,"text":"    fn despawn_recursive(&mut self) -> &mut Self;"}]}]}}
{"reason":"compiler-message","package_id":"path+file:///Users/bradyjeong/Documents/Projects/Amp/gta4/gta_game/gameplay_sim#0.1.0","manifest_path":"/Users/bradyjeong/Documents/Projects/Amp/gta4/gta_game/gameplay_sim/Cargo.toml","target":{"kind":["lib"],"crate_types":["lib"],"name":"gameplay_sim","src_path":"/Users/bradyjeong/Documents/Projects/Amp/gta4/gta_game/gameplay_sim/src/lib.rs","edition":"2021","doc":true,"doctest":true,"test":true},"message":{"rendered":"warning: missing documentation for a struct field\n  --> gameplay_sim/src/world/map_system.rs:64:5\n   |\n64 |     pub radius: f32,\n   |     ^^^^^^^^^^^^^^^\n\n","$message_type":"diagnostic","children":[],"code":{"code":"missing_docs","explanation":null},"level":"warning","message":"missing documentation for a struct field","spans":[{"byte_end":1989,"byte_start":1974,"column_end":20,"column_start":5,"expansion":null,"file_name":"gameplay_sim/src/world/map_system.rs","is_primary":true,"label":null,"line_end":64,"line_start":64,"suggested_replacement":null,"suggestion_applicability":null,"text":[{"highlight_end":20,"highlight_start":5,"text":"    pub radius: f32,"}]}]}}
{"reason":"compiler-message","package_id":"path+file:///Users/bradyjeong/Documents/Projects/Amp/gta4/gta_game/gameplay_sim#0.1.0","manifest_path":"/Users/bradyjeong/Documents/Projects/Amp/gta4/gta_game/gameplay_sim/Cargo.toml","target":{"kind":["lib"],"crate_types":["lib"],"name":"gameplay_sim","src_path":"/Users/bradyjeong/Documents/Projects/Amp/gta4/gta_game/gameplay_sim/src/lib.rs","edition":"2021","doc":true,"doctest":true,"test":true},"message":{"rendered":"warning: method `set_indices` is never used\n  --> gameplay_sim/src/bevy16_compat.rs:69:8\n   |\n68 | pub trait MeshExt {\n   |           ------- method in this trait\n69 |     fn set_indices(&mut self, indices: Option<bevy::render::mesh::Indices>);\n   |        ^^^^^^^^^^^\n\n","$message_type":"diagnostic","children":[],"code":{"code":"dead_code","explanation":null},"level":"warning","message":"method `set_indices` is never used","spans":[{"byte_end":1923,"byte_start":1916,"column_end":18,"column_start":11,"expansion":null,"file_name":"gameplay_sim/src/bevy16_compat.rs","is_primary":false,"label":"method in this trait","line_end":68,"line_start":68,"suggested_replacement":null,"suggestion_applicability":null,"text":[{"highlight_end":18,"highlight_start":11,"text":"pub trait MeshExt {"}]},{"byte_end":1944,"byte_start":1933,"column_end":19,"column_start":8,"expansion":null,"file_name":"gameplay_sim/src/bevy16_compat.rs","is_primary":true,"label":null,"line_end":69,"line_start":69,"suggested_replacement":null,"suggestion_applicability":null,"text":[{"highlight_end":19,"highlight_start":8,"text":"    fn set_indices(&mut self, indices: Option<bevy::render::mesh::Indices>);"}]}]}}
{"reason":"compiler-message","package_id":"path+file:///Users/bradyjeong/Documents/Projects/Amp/gta4/gta_game/gameplay_sim#0.1.0","manifest_path":"/Users/bradyjeong/Documents/Projects/Amp/gta4/gta_game/gameplay_sim/Cargo.toml","target":{"kind":["lib"],"crate_types":["lib"],"name":"gameplay_sim","src_path":"/Users/bradyjeong/Documents/Projects/Amp/gta4/gta_game/gameplay_sim/src/lib.rs","edition":"2021","doc":true,"doctest":true,"test":true},"message":{"rendered":"warning: missing documentation for a struct field\n  --> gameplay_sim/src/world/map_system.rs:65:5\n   |\n65 |     pub density: f32,\n   |     ^^^^^^^^^^^^^^^^\n\n","$message_type":"diagnostic","children":[],"code":{"code":"missing_docs","explanation":null},"level":"warning","message":"missing documentation for a struct field","spans":[{"byte_end":2011,"byte_start":1995,"column_end":21,"column_start":5,"expansion":null,"file_name":"gameplay_sim/src/world/map_system.rs","is_primary":true,"label":null,"line_end":65,"line_start":65,"suggested_replacement":null,"suggestion_applicability":null,"text":[{"highlight_end":21,"highlight_start":5,"text":"    pub density: f32,"}]}]}}
{"reason":"compiler-message","package_id":"path+file:///Users/bradyjeong/Documents/Projects/Amp/gta4/gta_game/gameplay_sim#0.1.0","manifest_path":"/Users/bradyjeong/Documents/Projects/Amp/gta4/gta_game/gameplay_sim/Cargo.toml","target":{"kind":["lib"],"crate_types":["lib"],"name":"gameplay_sim","src_path":"/Users/bradyjeong/Documents/Projects/Amp/gta4/gta_game/gameplay_sim/src/lib.rs","edition":"2021","doc":true,"doctest":true,"test":true},"message":{"rendered":"warning: missing documentation for a struct field\n  --> gameplay_sim/src/world/map_system.rs:66:5\n   |\n66 |     pub vegetation_type: VegetationType,\n   |     ^^^^^^^^^^^^^^^^^^^^^^^^^^^^^^^^^^^\n\n","$message_type":"diagnostic","children":[],"code":{"code":"missing_docs","explanation":null},"level":"warning","message":"missing documentation for a struct field","spans":[{"byte_end":2052,"byte_start":2017,"column_end":40,"column_start":5,"expansion":null,"file_name":"gameplay_sim/src/world/map_system.rs","is_primary":true,"label":null,"line_end":66,"line_start":66,"suggested_replacement":null,"suggestion_applicability":null,"text":[{"highlight_end":40,"highlight_start":5,"text":"    pub vegetation_type: VegetationType,"}]}]}}
{"reason":"compiler-message","package_id":"path+file:///Users/bradyjeong/Documents/Projects/Amp/gta4/gta_game/gameplay_sim#0.1.0","manifest_path":"/Users/bradyjeong/Documents/Projects/Amp/gta4/gta_game/gameplay_sim/Cargo.toml","target":{"kind":["lib"],"crate_types":["lib"],"name":"gameplay_sim","src_path":"/Users/bradyjeong/Documents/Projects/Amp/gta4/gta_game/gameplay_sim/src/lib.rs","edition":"2021","doc":true,"doctest":true,"test":true},"message":{"rendered":"warning: function `empty_mesh` is never used\n  --> gameplay_sim/src/bevy16_compat.rs:13:12\n   |\n13 |     pub fn empty_mesh() -> Mesh {\n   |            ^^^^^^^^^^\n\n","$message_type":"diagnostic","children":[],"code":{"code":"dead_code","explanation":null},"level":"warning","message":"function `empty_mesh` is never used","spans":[{"byte_end":370,"byte_start":360,"column_end":22,"column_start":12,"expansion":null,"file_name":"gameplay_sim/src/bevy16_compat.rs","is_primary":true,"label":null,"line_end":13,"line_start":13,"suggested_replacement":null,"suggestion_applicability":null,"text":[{"highlight_end":22,"highlight_start":12,"text":"    pub fn empty_mesh() -> Mesh {"}]}]}}
{"reason":"compiler-message","package_id":"path+file:///Users/bradyjeong/Documents/Projects/Amp/gta4/gta_game/gameplay_sim#0.1.0","manifest_path":"/Users/bradyjeong/Documents/Projects/Amp/gta4/gta_game/gameplay_sim/Cargo.toml","target":{"kind":["lib"],"crate_types":["lib"],"name":"gameplay_sim","src_path":"/Users/bradyjeong/Documents/Projects/Amp/gta4/gta_game/gameplay_sim/src/lib.rs","edition":"2021","doc":true,"doctest":true,"test":true},"message":{"rendered":"warning: missing documentation for a struct\n  --> gameplay_sim/src/world/map_system.rs:70:1\n   |\n70 | pub struct LandmarkTemplate {\n   | ^^^^^^^^^^^^^^^^^^^^^^^^^^^\n\n","$message_type":"diagnostic","children":[],"code":{"code":"missing_docs","explanation":null},"level":"warning","message":"missing documentation for a struct","spans":[{"byte_end":2101,"byte_start":2074,"column_end":28,"column_start":1,"expansion":null,"file_name":"gameplay_sim/src/world/map_system.rs","is_primary":true,"label":null,"line_end":70,"line_start":70,"suggested_replacement":null,"suggestion_applicability":null,"text":[{"highlight_end":28,"highlight_start":1,"text":"pub struct LandmarkTemplate {"}]}]}}
{"reason":"compiler-message","package_id":"path+file:///Users/bradyjeong/Documents/Projects/Amp/gta4/gta_game/gameplay_sim#0.1.0","manifest_path":"/Users/bradyjeong/Documents/Projects/Amp/gta4/gta_game/gameplay_sim/Cargo.toml","target":{"kind":["lib"],"crate_types":["lib"],"name":"gameplay_sim","src_path":"/Users/bradyjeong/Documents/Projects/Amp/gta4/gta_game/gameplay_sim/src/lib.rs","edition":"2021","doc":true,"doctest":true,"test":true},"message":{"rendered":"warning: missing documentation for a struct field\n  --> gameplay_sim/src/world/map_system.rs:71:5\n   |\n71 |     pub position: Vec3,\n   |     ^^^^^^^^^^^^^^^^^^\n\n","$message_type":"diagnostic","children":[],"code":{"code":"missing_docs","explanation":null},"level":"warning","message":"missing documentation for a struct field","spans":[{"byte_end":2126,"byte_start":2108,"column_end":23,"column_start":5,"expansion":null,"file_name":"gameplay_sim/src/world/map_system.rs","is_primary":true,"label":null,"line_end":71,"line_start":71,"suggested_replacement":null,"suggestion_applicability":null,"text":[{"highlight_end":23,"highlight_start":5,"text":"    pub position: Vec3,"}]}]}}
{"reason":"compiler-message","package_id":"path+file:///Users/bradyjeong/Documents/Projects/Amp/gta4/gta_game/gameplay_sim#0.1.0","manifest_path":"/Users/bradyjeong/Documents/Projects/Amp/gta4/gta_game/gameplay_sim/Cargo.toml","target":{"kind":["lib"],"crate_types":["lib"],"name":"gameplay_sim","src_path":"/Users/bradyjeong/Documents/Projects/Amp/gta4/gta_game/gameplay_sim/src/lib.rs","edition":"2021","doc":true,"doctest":true,"test":true},"message":{"rendered":"warning: variants `HighPoly` and `LowPoly` are never constructed\n  --> gameplay_sim/src/factories/mod.rs:28:5\n   |\n25 | pub enum StandardRenderingPattern {\n   |          ------------------------ variants in this enum\n...\n28 |     HighPoly,\n   |     ^^^^^^^^\n29 |     LowPoly,\n   |     ^^^^^^^\n   |\n   = note: `StandardRenderingPattern` has derived impls for the traits `Clone` and `Debug`, but these are intentionally ignored during dead code analysis\n\n","$message_type":"diagnostic","children":[{"children":[],"code":null,"level":"note","message":"`StandardRenderingPattern` has derived impls for the traits `Clone` and `Debug`, but these are intentionally ignored during dead code analysis","rendered":null,"spans":[]}],"code":{"code":"dead_code","explanation":null},"level":"warning","message":"variants `HighPoly` and `LowPoly` are never constructed","spans":[{"byte_end":774,"byte_start":750,"column_end":34,"column_start":10,"expansion":null,"file_name":"gameplay_sim/src/factories/mod.rs","is_primary":false,"label":"variants in this enum","line_end":25,"line_start":25,"suggested_replacement":null,"suggestion_applicability":null,"text":[{"highlight_end":34,"highlight_start":10,"text":"pub enum StandardRenderingPattern {"}]},{"byte_end":817,"byte_start":809,"column_end":13,"column_start":5,"expansion":null,"file_name":"gameplay_sim/src/factories/mod.rs","is_primary":true,"label":null,"line_end":28,"line_start":28,"suggested_replacement":null,"suggestion_applicability":null,"text":[{"highlight_end":13,"highlight_start":5,"text":"    HighPoly,"}]},{"byte_end":830,"byte_start":823,"column_end":12,"column_start":5,"expansion":null,"file_name":"gameplay_sim/src/factories/mod.rs","is_primary":true,"label":null,"line_end":29,"line_start":29,"suggested_replacement":null,"suggestion_applicability":null,"text":[{"highlight_end":12,"highlight_start":5,"text":"    LowPoly,"}]}]}}
{"reason":"compiler-message","package_id":"path+file:///Users/bradyjeong/Documents/Projects/Amp/gta4/gta_game/gameplay_sim#0.1.0","manifest_path":"/Users/bradyjeong/Documents/Projects/Amp/gta4/gta_game/gameplay_sim/Cargo.toml","target":{"kind":["lib"],"crate_types":["lib"],"name":"gameplay_sim","src_path":"/Users/bradyjeong/Documents/Projects/Amp/gta4/gta_game/gameplay_sim/src/lib.rs","edition":"2021","doc":true,"doctest":true,"test":true},"message":{"rendered":"warning: missing documentation for a struct field\n  --> gameplay_sim/src/world/map_system.rs:72:5\n   |\n72 |     pub landmark_type: LandmarkType,\n   |     ^^^^^^^^^^^^^^^^^^^^^^^^^^^^^^^\n\n","$message_type":"diagnostic","children":[],"code":{"code":"missing_docs","explanation":null},"level":"warning","message":"missing documentation for a struct field","spans":[{"byte_end":2163,"byte_start":2132,"column_end":36,"column_start":5,"expansion":null,"file_name":"gameplay_sim/src/world/map_system.rs","is_primary":true,"label":null,"line_end":72,"line_start":72,"suggested_replacement":null,"suggestion_applicability":null,"text":[{"highlight_end":36,"highlight_start":5,"text":"    pub landmark_type: LandmarkType,"}]}]}}
{"reason":"compiler-message","package_id":"path+file:///Users/bradyjeong/Documents/Projects/Amp/gta4/gta_game/gameplay_sim#0.1.0","manifest_path":"/Users/bradyjeong/Documents/Projects/Amp/gta4/gta_game/gameplay_sim/Cargo.toml","target":{"kind":["lib"],"crate_types":["lib"],"name":"gameplay_sim","src_path":"/Users/bradyjeong/Documents/Projects/Amp/gta4/gta_game/gameplay_sim/src/lib.rs","edition":"2021","doc":true,"doctest":true,"test":true},"message":{"rendered":"warning: missing documentation for a struct field\n  --> gameplay_sim/src/world/map_system.rs:73:5\n   |\n73 |     pub scale: f32,\n   |     ^^^^^^^^^^^^^^\n\n","$message_type":"diagnostic","children":[],"code":{"code":"missing_docs","explanation":null},"level":"warning","message":"missing documentation for a struct field","spans":[{"byte_end":2183,"byte_start":2169,"column_end":19,"column_start":5,"expansion":null,"file_name":"gameplay_sim/src/world/map_system.rs","is_primary":true,"label":null,"line_end":73,"line_start":73,"suggested_replacement":null,"suggestion_applicability":null,"text":[{"highlight_end":19,"highlight_start":5,"text":"    pub scale: f32,"}]}]}}
{"reason":"compiler-message","package_id":"path+file:///Users/bradyjeong/Documents/Projects/Amp/gta4/gta_game/gameplay_sim#0.1.0","manifest_path":"/Users/bradyjeong/Documents/Projects/Amp/gta4/gta_game/gameplay_sim/Cargo.toml","target":{"kind":["lib"],"crate_types":["lib"],"name":"gameplay_sim","src_path":"/Users/bradyjeong/Documents/Projects/Amp/gta4/gta_game/gameplay_sim/src/lib.rs","edition":"2021","doc":true,"doctest":true,"test":true},"message":{"rendered":"warning: variants `Vehicle`, `Building`, and `NPC` are never constructed\n  --> gameplay_sim/src/factories/mod.rs:37:5\n   |\n34 | pub enum RenderingBundleType {\n   |          ------------------- variants in this enum\n...\n37 |     Vehicle,\n   |     ^^^^^^^\n38 |     Building,\n   |     ^^^^^^^^\n39 |     NPC,\n   |     ^^^\n   |\n   = note: `RenderingBundleType` has derived impls for the traits `Clone` and `Debug`, but these are intentionally ignored during dead code analysis\n\n","$message_type":"diagnostic","children":[{"children":[],"code":null,"level":"note","message":"`RenderingBundleType` has derived impls for the traits `Clone` and `Debug`, but these are intentionally ignored during dead code analysis","rendered":null,"spans":[]}],"code":{"code":"dead_code","explanation":null},"level":"warning","message":"variants `Vehicle`, `Building`, and `NPC` are never constructed","spans":[{"byte_end":909,"byte_start":890,"column_end":29,"column_start":10,"expansion":null,"file_name":"gameplay_sim/src/factories/mod.rs","is_primary":false,"label":"variants in this enum","line_end":34,"line_start":34,"suggested_replacement":null,"suggestion_applicability":null,"text":[{"highlight_end":29,"highlight_start":10,"text":"pub enum RenderingBundleType {"}]},{"byte_end":951,"byte_start":944,"column_end":12,"column_start":5,"expansion":null,"file_name":"gameplay_sim/src/factories/mod.rs","is_primary":true,"label":null,"line_end":37,"line_start":37,"suggested_replacement":null,"suggestion_applicability":null,"text":[{"highlight_end":12,"highlight_start":5,"text":"    Vehicle,"}]},{"byte_end":965,"byte_start":957,"column_end":13,"column_start":5,"expansion":null,"file_name":"gameplay_sim/src/factories/mod.rs","is_primary":true,"label":null,"line_end":38,"line_start":38,"suggested_replacement":null,"suggestion_applicability":null,"text":[{"highlight_end":13,"highlight_start":5,"text":"    Building,"}]},{"byte_end":974,"byte_start":971,"column_end":8,"column_start":5,"expansion":null,"file_name":"gameplay_sim/src/factories/mod.rs","is_primary":true,"label":null,"line_end":39,"line_start":39,"suggested_replacement":null,"suggestion_applicability":null,"text":[{"highlight_end":8,"highlight_start":5,"text":"    NPC,"}]}]}}
{"reason":"compiler-message","package_id":"path+file:///Users/bradyjeong/Documents/Projects/Amp/gta4/gta_game/gameplay_sim#0.1.0","manifest_path":"/Users/bradyjeong/Documents/Projects/Amp/gta4/gta_game/gameplay_sim/Cargo.toml","target":{"kind":["lib"],"crate_types":["lib"],"name":"gameplay_sim","src_path":"/Users/bradyjeong/Documents/Projects/Amp/gta4/gta_game/gameplay_sim/src/lib.rs","edition":"2021","doc":true,"doctest":true,"test":true},"message":{"rendered":"warning: missing documentation for an enum\n  --> gameplay_sim/src/world/map_system.rs:77:1\n   |\n77 | pub enum BuildingType {\n   | ^^^^^^^^^^^^^^^^^^^^^\n\n","$message_type":"diagnostic","children":[],"code":{"code":"missing_docs","explanation":null},"level":"warning","message":"missing documentation for an enum","spans":[{"byte_end":2226,"byte_start":2205,"column_end":22,"column_start":1,"expansion":null,"file_name":"gameplay_sim/src/world/map_system.rs","is_primary":true,"label":null,"line_end":77,"line_start":77,"suggested_replacement":null,"suggestion_applicability":null,"text":[{"highlight_end":22,"highlight_start":1,"text":"pub enum BuildingType {"}]}]}}
{"reason":"compiler-message","package_id":"path+file:///Users/bradyjeong/Documents/Projects/Amp/gta4/gta_game/gameplay_sim#0.1.0","manifest_path":"/Users/bradyjeong/Documents/Projects/Amp/gta4/gta_game/gameplay_sim/Cargo.toml","target":{"kind":["lib"],"crate_types":["lib"],"name":"gameplay_sim","src_path":"/Users/bradyjeong/Documents/Projects/Amp/gta4/gta_game/gameplay_sim/src/lib.rs","edition":"2021","doc":true,"doctest":true,"test":true},"message":{"rendered":"warning: missing documentation for a variant\n  --> gameplay_sim/src/world/map_system.rs:78:5\n   |\n78 |     Residential,\n   |     ^^^^^^^^^^^\n\n","$message_type":"diagnostic","children":[],"code":{"code":"missing_docs","explanation":null},"level":"warning","message":"missing documentation for a variant","spans":[{"byte_end":2244,"byte_start":2233,"column_end":16,"column_start":5,"expansion":null,"file_name":"gameplay_sim/src/world/map_system.rs","is_primary":true,"label":null,"line_end":78,"line_start":78,"suggested_replacement":null,"suggestion_applicability":null,"text":[{"highlight_end":16,"highlight_start":5,"text":"    Residential,"}]}]}}
{"reason":"compiler-message","package_id":"path+file:///Users/bradyjeong/Documents/Projects/Amp/gta4/gta_game/gameplay_sim#0.1.0","manifest_path":"/Users/bradyjeong/Documents/Projects/Amp/gta4/gta_game/gameplay_sim/Cargo.toml","target":{"kind":["lib"],"crate_types":["lib"],"name":"gameplay_sim","src_path":"/Users/bradyjeong/Documents/Projects/Amp/gta4/gta_game/gameplay_sim/src/lib.rs","edition":"2021","doc":true,"doctest":true,"test":true},"message":{"rendered":"warning: variants `SUV`, `Sports`, and `Truck` are never constructed\n  --> gameplay_sim/src/factories/mod.rs:46:5\n   |\n43 | pub enum VehicleBodyType {\n   |          --------------- variants in this enum\n...\n46 |     SUV,\n   |     ^^^\n47 |     Sports,\n   |     ^^^^^^\n48 |     Truck,\n   |     ^^^^^\n   |\n   = note: `VehicleBodyType` has derived impls for the traits `Clone` and `Debug`, but these are intentionally ignored during dead code analysis\n\n","$message_type":"diagnostic","children":[{"children":[],"code":null,"level":"note","message":"`VehicleBodyType` has derived impls for the traits `Clone` and `Debug`, but these are intentionally ignored during dead code analysis","rendered":null,"spans":[]}],"code":{"code":"dead_code","explanation":null},"level":"warning","message":"variants `SUV`, `Sports`, and `Truck` are never constructed","spans":[{"byte_end":1036,"byte_start":1021,"column_end":25,"column_start":10,"expansion":null,"file_name":"gameplay_sim/src/factories/mod.rs","is_primary":false,"label":"variants in this enum","line_end":43,"line_start":43,"suggested_replacement":null,"suggestion_applicability":null,"text":[{"highlight_end":25,"highlight_start":10,"text":"pub enum VehicleBodyType {"}]},{"byte_end":1072,"byte_start":1069,"column_end":8,"column_start":5,"expansion":null,"file_name":"gameplay_sim/src/factories/mod.rs","is_primary":true,"label":null,"line_end":46,"line_start":46,"suggested_replacement":null,"suggestion_applicability":null,"text":[{"highlight_end":8,"highlight_start":5,"text":"    SUV,"}]},{"byte_end":1084,"byte_start":1078,"column_end":11,"column_start":5,"expansion":null,"file_name":"gameplay_sim/src/factories/mod.rs","is_primary":true,"label":null,"line_end":47,"line_start":47,"suggested_replacement":null,"suggestion_applicability":null,"text":[{"highlight_end":11,"highlight_start":5,"text":"    Sports,"}]},{"byte_end":1095,"byte_start":1090,"column_end":10,"column_start":5,"expansion":null,"file_name":"gameplay_sim/src/factories/mod.rs","is_primary":true,"label":null,"line_end":48,"line_start":48,"suggested_replacement":null,"suggestion_applicability":null,"text":[{"highlight_end":10,"highlight_start":5,"text":"    Truck,"}]}]}}
{"reason":"compiler-message","package_id":"path+file:///Users/bradyjeong/Documents/Projects/Amp/gta4/gta_game/gameplay_sim#0.1.0","manifest_path":"/Users/bradyjeong/Documents/Projects/Amp/gta4/gta_game/gameplay_sim/Cargo.toml","target":{"kind":["lib"],"crate_types":["lib"],"name":"gameplay_sim","src_path":"/Users/bradyjeong/Documents/Projects/Amp/gta4/gta_game/gameplay_sim/src/lib.rs","edition":"2021","doc":true,"doctest":true,"test":true},"message":{"rendered":"warning: missing documentation for a variant\n  --> gameplay_sim/src/world/map_system.rs:79:5\n   |\n79 |     Commercial,\n   |     ^^^^^^^^^^\n\n","$message_type":"diagnostic","children":[],"code":{"code":"missing_docs","explanation":null},"level":"warning","message":"missing documentation for a variant","spans":[{"byte_end":2260,"byte_start":2250,"column_end":15,"column_start":5,"expansion":null,"file_name":"gameplay_sim/src/world/map_system.rs","is_primary":true,"label":null,"line_end":79,"line_start":79,"suggested_replacement":null,"suggestion_applicability":null,"text":[{"highlight_end":15,"highlight_start":5,"text":"    Commercial,"}]}]}}
{"reason":"compiler-message","package_id":"path+file:///Users/bradyjeong/Documents/Projects/Amp/gta4/gta_game/gameplay_sim#0.1.0","manifest_path":"/Users/bradyjeong/Documents/Projects/Amp/gta4/gta_game/gameplay_sim/Cargo.toml","target":{"kind":["lib"],"crate_types":["lib"],"name":"gameplay_sim","src_path":"/Users/bradyjeong/Documents/Projects/Amp/gta4/gta_game/gameplay_sim/src/lib.rs","edition":"2021","doc":true,"doctest":true,"test":true},"message":{"rendered":"warning: missing documentation for a variant\n  --> gameplay_sim/src/world/map_system.rs:80:5\n   |\n80 |     Industrial,\n   |     ^^^^^^^^^^\n\n","$message_type":"diagnostic","children":[],"code":{"code":"missing_docs","explanation":null},"level":"warning","message":"missing documentation for a variant","spans":[{"byte_end":2276,"byte_start":2266,"column_end":15,"column_start":5,"expansion":null,"file_name":"gameplay_sim/src/world/map_system.rs","is_primary":true,"label":null,"line_end":80,"line_start":80,"suggested_replacement":null,"suggestion_applicability":null,"text":[{"highlight_end":15,"highlight_start":5,"text":"    Industrial,"}]}]}}
{"reason":"compiler-message","package_id":"path+file:///Users/bradyjeong/Documents/Projects/Amp/gta4/gta_game/gameplay_sim#0.1.0","manifest_path":"/Users/bradyjeong/Documents/Projects/Amp/gta4/gta_game/gameplay_sim/Cargo.toml","target":{"kind":["lib"],"crate_types":["lib"],"name":"gameplay_sim","src_path":"/Users/bradyjeong/Documents/Projects/Amp/gta4/gta_game/gameplay_sim/src/lib.rs","edition":"2021","doc":true,"doctest":true,"test":true},"message":{"rendered":"warning: variants `Metal`, `Glass`, and `Plastic` are never constructed\n  --> gameplay_sim/src/factories/mod.rs:55:5\n   |\n52 | pub enum MaterialType {\n   |          ------------ variants in this enum\n...\n55 |     Metal,\n   |     ^^^^^\n56 |     Glass,\n   |     ^^^^^\n57 |     Plastic,\n   |     ^^^^^^^\n   |\n   = note: `MaterialType` has derived impls for the traits `Clone` and `Debug`, but these are intentionally ignored during dead code analysis\n\n","$message_type":"diagnostic","children":[{"children":[],"code":null,"level":"note","message":"`MaterialType` has derived impls for the traits `Clone` and `Debug`, but these are intentionally ignored during dead code analysis","rendered":null,"spans":[]}],"code":{"code":"dead_code","explanation":null},"level":"warning","message":"variants `Metal`, `Glass`, and `Plastic` are never constructed","spans":[{"byte_end":1154,"byte_start":1142,"column_end":22,"column_start":10,"expansion":null,"file_name":"gameplay_sim/src/factories/mod.rs","is_primary":false,"label":"variants in this enum","line_end":52,"line_start":52,"suggested_replacement":null,"suggestion_applicability":null,"text":[{"highlight_end":22,"highlight_start":10,"text":"pub enum MaterialType {"}]},{"byte_end":1194,"byte_start":1189,"column_end":10,"column_start":5,"expansion":null,"file_name":"gameplay_sim/src/factories/mod.rs","is_primary":true,"label":null,"line_end":55,"line_start":55,"suggested_replacement":null,"suggestion_applicability":null,"text":[{"highlight_end":10,"highlight_start":5,"text":"    Metal,"}]},{"byte_end":1205,"byte_start":1200,"column_end":10,"column_start":5,"expansion":null,"file_name":"gameplay_sim/src/factories/mod.rs","is_primary":true,"label":null,"line_end":56,"line_start":56,"suggested_replacement":null,"suggestion_applicability":null,"text":[{"highlight_end":10,"highlight_start":5,"text":"    Glass,"}]},{"byte_end":1218,"byte_start":1211,"column_end":12,"column_start":5,"expansion":null,"file_name":"gameplay_sim/src/factories/mod.rs","is_primary":true,"label":null,"line_end":57,"line_start":57,"suggested_replacement":null,"suggestion_applicability":null,"text":[{"highlight_end":12,"highlight_start":5,"text":"    Plastic,"}]}]}}
{"reason":"compiler-message","package_id":"path+file:///Users/bradyjeong/Documents/Projects/Amp/gta4/gta_game/gameplay_sim#0.1.0","manifest_path":"/Users/bradyjeong/Documents/Projects/Amp/gta4/gta_game/gameplay_sim/Cargo.toml","target":{"kind":["lib"],"crate_types":["lib"],"name":"gameplay_sim","src_path":"/Users/bradyjeong/Documents/Projects/Amp/gta4/gta_game/gameplay_sim/src/lib.rs","edition":"2021","doc":true,"doctest":true,"test":true},"message":{"rendered":"warning: missing documentation for a variant\n  --> gameplay_sim/src/world/map_system.rs:81:5\n   |\n81 |     Skyscraper,\n   |     ^^^^^^^^^^\n\n","$message_type":"diagnostic","children":[],"code":{"code":"missing_docs","explanation":null},"level":"warning","message":"missing documentation for a variant","spans":[{"byte_end":2292,"byte_start":2282,"column_end":15,"column_start":5,"expansion":null,"file_name":"gameplay_sim/src/world/map_system.rs","is_primary":true,"label":null,"line_end":81,"line_start":81,"suggested_replacement":null,"suggestion_applicability":null,"text":[{"highlight_end":15,"highlight_start":5,"text":"    Skyscraper,"}]}]}}
{"reason":"compiler-message","package_id":"path+file:///Users/bradyjeong/Documents/Projects/Amp/gta4/gta_game/gameplay_sim#0.1.0","manifest_path":"/Users/bradyjeong/Documents/Projects/Amp/gta4/gta_game/gameplay_sim/Cargo.toml","target":{"kind":["lib"],"crate_types":["lib"],"name":"gameplay_sim","src_path":"/Users/bradyjeong/Documents/Projects/Amp/gta4/gta_game/gameplay_sim/src/lib.rs","edition":"2021","doc":true,"doctest":true,"test":true},"message":{"rendered":"warning: function `validate_collider_size` is never used\n  --> gameplay_sim/src/factories/entity_factory/validation.rs:17:8\n   |\n17 | pub fn validate_collider_size(size: Vec3) -> Vec3 {\n   |        ^^^^^^^^^^^^^^^^^^^^^^\n\n","$message_type":"diagnostic","children":[],"code":{"code":"dead_code","explanation":null},"level":"warning","message":"function `validate_collider_size` is never used","spans":[{"byte_end":445,"byte_start":423,"column_end":30,"column_start":8,"expansion":null,"file_name":"gameplay_sim/src/factories/entity_factory/validation.rs","is_primary":true,"label":null,"line_end":17,"line_start":17,"suggested_replacement":null,"suggestion_applicability":null,"text":[{"highlight_end":30,"highlight_start":8,"text":"pub fn validate_collider_size(size: Vec3) -> Vec3 {"}]}]}}
{"reason":"compiler-message","package_id":"path+file:///Users/bradyjeong/Documents/Projects/Amp/gta4/gta_game/gameplay_sim#0.1.0","manifest_path":"/Users/bradyjeong/Documents/Projects/Amp/gta4/gta_game/gameplay_sim/Cargo.toml","target":{"kind":["lib"],"crate_types":["lib"],"name":"gameplay_sim","src_path":"/Users/bradyjeong/Documents/Projects/Amp/gta4/gta_game/gameplay_sim/src/lib.rs","edition":"2021","doc":true,"doctest":true,"test":true},"message":{"rendered":"warning: missing documentation for a variant\n  --> gameplay_sim/src/world/map_system.rs:82:5\n   |\n82 |     Apartment,\n   |     ^^^^^^^^^\n\n","$message_type":"diagnostic","children":[],"code":{"code":"missing_docs","explanation":null},"level":"warning","message":"missing documentation for a variant","spans":[{"byte_end":2307,"byte_start":2298,"column_end":14,"column_start":5,"expansion":null,"file_name":"gameplay_sim/src/world/map_system.rs","is_primary":true,"label":null,"line_end":82,"line_start":82,"suggested_replacement":null,"suggestion_applicability":null,"text":[{"highlight_end":14,"highlight_start":5,"text":"    Apartment,"}]}]}}
{"reason":"compiler-message","package_id":"path+file:///Users/bradyjeong/Documents/Projects/Amp/gta4/gta_game/gameplay_sim#0.1.0","manifest_path":"/Users/bradyjeong/Documents/Projects/Amp/gta4/gta_game/gameplay_sim/Cargo.toml","target":{"kind":["lib"],"crate_types":["lib"],"name":"gameplay_sim","src_path":"/Users/bradyjeong/Documents/Projects/Amp/gta4/gta_game/gameplay_sim/src/lib.rs","edition":"2021","doc":true,"doctest":true,"test":true},"message":{"rendered":"warning: function `validate_mass` is never used\n  --> gameplay_sim/src/factories/entity_factory/validation.rs:29:8\n   |\n29 | pub fn validate_mass(mass: f32) -> f32 {\n   |        ^^^^^^^^^^^^^\n\n","$message_type":"diagnostic","children":[],"code":{"code":"dead_code","explanation":null},"level":"warning","message":"function `validate_mass` is never used","spans":[{"byte_end":733,"byte_start":720,"column_end":21,"column_start":8,"expansion":null,"file_name":"gameplay_sim/src/factories/entity_factory/validation.rs","is_primary":true,"label":null,"line_end":29,"line_start":29,"suggested_replacement":null,"suggestion_applicability":null,"text":[{"highlight_end":21,"highlight_start":8,"text":"pub fn validate_mass(mass: f32) -> f32 {"}]}]}}
{"reason":"compiler-message","package_id":"path+file:///Users/bradyjeong/Documents/Projects/Amp/gta4/gta_game/gameplay_sim#0.1.0","manifest_path":"/Users/bradyjeong/Documents/Projects/Amp/gta4/gta_game/gameplay_sim/Cargo.toml","target":{"kind":["lib"],"crate_types":["lib"],"name":"gameplay_sim","src_path":"/Users/bradyjeong/Documents/Projects/Amp/gta4/gta_game/gameplay_sim/src/lib.rs","edition":"2021","doc":true,"doctest":true,"test":true},"message":{"rendered":"warning: missing documentation for an enum\n  --> gameplay_sim/src/world/map_system.rs:86:1\n   |\n86 | pub enum VegetationType {\n   | ^^^^^^^^^^^^^^^^^^^^^^^\n\n","$message_type":"diagnostic","children":[],"code":{"code":"missing_docs","explanation":null},"level":"warning","message":"missing documentation for an enum","spans":[{"byte_end":2352,"byte_start":2329,"column_end":24,"column_start":1,"expansion":null,"file_name":"gameplay_sim/src/world/map_system.rs","is_primary":true,"label":null,"line_end":86,"line_start":86,"suggested_replacement":null,"suggestion_applicability":null,"text":[{"highlight_end":24,"highlight_start":1,"text":"pub enum VegetationType {"}]}]}}
{"reason":"compiler-message","package_id":"path+file:///Users/bradyjeong/Documents/Projects/Amp/gta4/gta_game/gameplay_sim#0.1.0","manifest_path":"/Users/bradyjeong/Documents/Projects/Amp/gta4/gta_game/gameplay_sim/Cargo.toml","target":{"kind":["lib"],"crate_types":["lib"],"name":"gameplay_sim","src_path":"/Users/bradyjeong/Documents/Projects/Amp/gta4/gta_game/gameplay_sim/src/lib.rs","edition":"2021","doc":true,"doctest":true,"test":true},"message":{"rendered":"warning: function `is_in_water_area` is never used\n  --> gameplay_sim/src/factories/entity_factory/validation.rs:34:8\n   |\n34 | pub fn is_in_water_area(position: Vec3) -> bool {\n   |        ^^^^^^^^^^^^^^^^\n\n","$message_type":"diagnostic","children":[],"code":{"code":"dead_code","explanation":null},"level":"warning","message":"function `is_in_water_area` is never used","spans":[{"byte_end":849,"byte_start":833,"column_end":24,"column_start":8,"expansion":null,"file_name":"gameplay_sim/src/factories/entity_factory/validation.rs","is_primary":true,"label":null,"line_end":34,"line_start":34,"suggested_replacement":null,"suggestion_applicability":null,"text":[{"highlight_end":24,"highlight_start":8,"text":"pub fn is_in_water_area(position: Vec3) -> bool {"}]}]}}
{"reason":"compiler-message","package_id":"path+file:///Users/bradyjeong/Documents/Projects/Amp/gta4/gta_game/gameplay_sim#0.1.0","manifest_path":"/Users/bradyjeong/Documents/Projects/Amp/gta4/gta_game/gameplay_sim/Cargo.toml","target":{"kind":["lib"],"crate_types":["lib"],"name":"gameplay_sim","src_path":"/Users/bradyjeong/Documents/Projects/Amp/gta4/gta_game/gameplay_sim/src/lib.rs","edition":"2021","doc":true,"doctest":true,"test":true},"message":{"rendered":"warning: missing documentation for a variant\n  --> gameplay_sim/src/world/map_system.rs:87:5\n   |\n87 |     Trees,\n   |     ^^^^^\n\n","$message_type":"diagnostic","children":[],"code":{"code":"missing_docs","explanation":null},"level":"warning","message":"missing documentation for a variant","spans":[{"byte_end":2364,"byte_start":2359,"column_end":10,"column_start":5,"expansion":null,"file_name":"gameplay_sim/src/world/map_system.rs","is_primary":true,"label":null,"line_end":87,"line_start":87,"suggested_replacement":null,"suggestion_applicability":null,"text":[{"highlight_end":10,"highlight_start":5,"text":"    Trees,"}]}]}}
{"reason":"compiler-message","package_id":"path+file:///Users/bradyjeong/Documents/Projects/Amp/gta4/gta_game/gameplay_sim#0.1.0","manifest_path":"/Users/bradyjeong/Documents/Projects/Amp/gta4/gta_game/gameplay_sim/Cargo.toml","target":{"kind":["lib"],"crate_types":["lib"],"name":"gameplay_sim","src_path":"/Users/bradyjeong/Documents/Projects/Amp/gta4/gta_game/gameplay_sim/src/lib.rs","edition":"2021","doc":true,"doctest":true,"test":true},"message":{"rendered":"warning: function `is_on_road_spline` is never used\n  --> gameplay_sim/src/factories/entity_factory/validation.rs:40:8\n   |\n40 | pub fn is_on_road_spline(position: Vec3, _road_network: &RoadNetwork, tolerance: f32) -> bool {\n   |        ^^^^^^^^^^^^^^^^^\n\n","$message_type":"diagnostic","children":[],"code":{"code":"dead_code","explanation":null},"level":"warning","message":"function `is_on_road_spline` is never used","spans":[{"byte_end":1041,"byte_start":1024,"column_end":25,"column_start":8,"expansion":null,"file_name":"gameplay_sim/src/factories/entity_factory/validation.rs","is_primary":true,"label":null,"line_end":40,"line_start":40,"suggested_replacement":null,"suggestion_applicability":null,"text":[{"highlight_end":25,"highlight_start":8,"text":"pub fn is_on_road_spline(position: Vec3, _road_network: &RoadNetwork, tolerance: f32) -> bool {"}]}]}}
{"reason":"compiler-message","package_id":"path+file:///Users/bradyjeong/Documents/Projects/Amp/gta4/gta_game/gameplay_sim#0.1.0","manifest_path":"/Users/bradyjeong/Documents/Projects/Amp/gta4/gta_game/gameplay_sim/Cargo.toml","target":{"kind":["lib"],"crate_types":["lib"],"name":"gameplay_sim","src_path":"/Users/bradyjeong/Documents/Projects/Amp/gta4/gta_game/gameplay_sim/src/lib.rs","edition":"2021","doc":true,"doctest":true,"test":true},"message":{"rendered":"warning: missing documentation for a variant\n  --> gameplay_sim/src/world/map_system.rs:88:5\n   |\n88 |     Grass,\n   |     ^^^^^\n\n","$message_type":"diagnostic","children":[],"code":{"code":"missing_docs","explanation":null},"level":"warning","message":"missing documentation for a variant","spans":[{"byte_end":2375,"byte_start":2370,"column_end":10,"column_start":5,"expansion":null,"file_name":"gameplay_sim/src/world/map_system.rs","is_primary":true,"label":null,"line_end":88,"line_start":88,"suggested_replacement":null,"suggestion_applicability":null,"text":[{"highlight_end":10,"highlight_start":5,"text":"    Grass,"}]}]}}
{"reason":"compiler-message","package_id":"path+file:///Users/bradyjeong/Documents/Projects/Amp/gta4/gta_game/gameplay_sim#0.1.0","manifest_path":"/Users/bradyjeong/Documents/Projects/Amp/gta4/gta_game/gameplay_sim/Cargo.toml","target":{"kind":["lib"],"crate_types":["lib"],"name":"gameplay_sim","src_path":"/Users/bradyjeong/Documents/Projects/Amp/gta4/gta_game/gameplay_sim/src/lib.rs","edition":"2021","doc":true,"doctest":true,"test":true},"message":{"rendered":"warning: method `new_entity` is never used\n --> gameplay_sim/src/factories/entity_builder_unified.rs:7:8\n  |\n6 | pub trait EntityBuilderExt {\n  |           ---------------- method in this trait\n7 |     fn new_entity(&mut self, commands: &mut Commands) -> Entity;\n  |        ^^^^^^^^^^\n\n","$message_type":"diagnostic","children":[],"code":{"code":"dead_code","explanation":null},"level":"warning","message":"method `new_entity` is never used","spans":[{"byte_end":194,"byte_start":178,"column_end":27,"column_start":11,"expansion":null,"file_name":"gameplay_sim/src/factories/entity_builder_unified.rs","is_primary":false,"label":"method in this trait","line_end":6,"line_start":6,"suggested_replacement":null,"suggestion_applicability":null,"text":[{"highlight_end":27,"highlight_start":11,"text":"pub trait EntityBuilderExt {"}]},{"byte_end":214,"byte_start":204,"column_end":18,"column_start":8,"expansion":null,"file_name":"gameplay_sim/src/factories/entity_builder_unified.rs","is_primary":true,"label":null,"line_end":7,"line_start":7,"suggested_replacement":null,"suggestion_applicability":null,"text":[{"highlight_end":18,"highlight_start":8,"text":"    fn new_entity(&mut self, commands: &mut Commands) -> Entity;"}]}]}}
{"reason":"compiler-message","package_id":"path+file:///Users/bradyjeong/Documents/Projects/Amp/gta4/gta_game/gameplay_sim#0.1.0","manifest_path":"/Users/bradyjeong/Documents/Projects/Amp/gta4/gta_game/gameplay_sim/Cargo.toml","target":{"kind":["lib"],"crate_types":["lib"],"name":"gameplay_sim","src_path":"/Users/bradyjeong/Documents/Projects/Amp/gta4/gta_game/gameplay_sim/src/lib.rs","edition":"2021","doc":true,"doctest":true,"test":true},"message":{"rendered":"warning: missing documentation for a variant\n  --> gameplay_sim/src/world/map_system.rs:89:5\n   |\n89 |     Bushes,\n   |     ^^^^^^\n\n","$message_type":"diagnostic","children":[],"code":{"code":"missing_docs","explanation":null},"level":"warning","message":"missing documentation for a variant","spans":[{"byte_end":2387,"byte_start":2381,"column_end":11,"column_start":5,"expansion":null,"file_name":"gameplay_sim/src/world/map_system.rs","is_primary":true,"label":null,"line_end":89,"line_start":89,"suggested_replacement":null,"suggestion_applicability":null,"text":[{"highlight_end":11,"highlight_start":5,"text":"    Bushes,"}]}]}}
{"reason":"compiler-message","package_id":"path+file:///Users/bradyjeong/Documents/Projects/Amp/gta4/gta_game/gameplay_sim#0.1.0","manifest_path":"/Users/bradyjeong/Documents/Projects/Amp/gta4/gta_game/gameplay_sim/Cargo.toml","target":{"kind":["lib"],"crate_types":["lib"],"name":"gameplay_sim","src_path":"/Users/bradyjeong/Documents/Projects/Amp/gta4/gta_game/gameplay_sim/src/lib.rs","edition":"2021","doc":true,"doctest":true,"test":true},"message":{"rendered":"warning: missing documentation for a variant\n  --> gameplay_sim/src/world/map_system.rs:90:5\n   |\n90 |     Park,\n   |     ^^^^\n\n","$message_type":"diagnostic","children":[],"code":{"code":"missing_docs","explanation":null},"level":"warning","message":"missing documentation for a variant","spans":[{"byte_end":2397,"byte_start":2393,"column_end":9,"column_start":5,"expansion":null,"file_name":"gameplay_sim/src/world/map_system.rs","is_primary":true,"label":null,"line_end":90,"line_start":90,"suggested_replacement":null,"suggestion_applicability":null,"text":[{"highlight_end":9,"highlight_start":5,"text":"    Park,"}]}]}}
{"reason":"compiler-message","package_id":"path+file:///Users/bradyjeong/Documents/Projects/Amp/gta4/gta_game/gameplay_sim#0.1.0","manifest_path":"/Users/bradyjeong/Documents/Projects/Amp/gta4/gta_game/gameplay_sim/Cargo.toml","target":{"kind":["lib"],"crate_types":["lib"],"name":"gameplay_sim","src_path":"/Users/bradyjeong/Documents/Projects/Amp/gta4/gta_game/gameplay_sim/src/lib.rs","edition":"2021","doc":true,"doctest":true,"test":true},"message":{"rendered":"warning: missing documentation for an enum\n  --> gameplay_sim/src/world/map_system.rs:94:1\n   |\n94 | pub enum LandmarkType {\n   | ^^^^^^^^^^^^^^^^^^^^^\n\n","$message_type":"diagnostic","children":[],"code":{"code":"missing_docs","explanation":null},"level":"warning","message":"missing documentation for an enum","spans":[{"byte_end":2440,"byte_start":2419,"column_end":22,"column_start":1,"expansion":null,"file_name":"gameplay_sim/src/world/map_system.rs","is_primary":true,"label":null,"line_end":94,"line_start":94,"suggested_replacement":null,"suggestion_applicability":null,"text":[{"highlight_end":22,"highlight_start":1,"text":"pub enum LandmarkType {"}]}]}}
{"reason":"compiler-message","package_id":"path+file:///Users/bradyjeong/Documents/Projects/Amp/gta4/gta_game/gameplay_sim#0.1.0","manifest_path":"/Users/bradyjeong/Documents/Projects/Amp/gta4/gta_game/gameplay_sim/Cargo.toml","target":{"kind":["lib"],"crate_types":["lib"],"name":"gameplay_sim","src_path":"/Users/bradyjeong/Documents/Projects/Amp/gta4/gta_game/gameplay_sim/src/lib.rs","edition":"2021","doc":true,"doctest":true,"test":true},"message":{"rendered":"warning: fields `vehicle_glass_template`, `vehicle_wheel_template`, `road_asphalt_template`, `water_surface_template`, and `building_concrete_template` are never read\n  --> gameplay_sim/src/factories/material_factory.rs:8:5\n   |\n6  | pub struct MaterialFactory {\n   |            --------------- fields in this struct\n7  |     // Pre-cached standard material templates\n8  |     vehicle_glass_template: Handle<StandardMaterial>,\n   |     ^^^^^^^^^^^^^^^^^^^^^^\n9  |     vehicle_wheel_template: Handle<StandardMaterial>,\n   |     ^^^^^^^^^^^^^^^^^^^^^^\n10 |     road_asphalt_template: Handle<StandardMaterial>,\n   |     ^^^^^^^^^^^^^^^^^^^^^\n11 |     water_surface_template: Handle<StandardMaterial>,\n   |     ^^^^^^^^^^^^^^^^^^^^^^\n12 |     building_concrete_template: Handle<StandardMaterial>,\n   |     ^^^^^^^^^^^^^^^^^^^^^^^^^^\n\n","$message_type":"diagnostic","children":[],"code":{"code":"dead_code","explanation":null},"level":"warning","message":"fields `vehicle_glass_template`, `vehicle_wheel_template`, `road_asphalt_template`, `water_surface_template`, and `building_concrete_template` are never read","spans":[{"byte_end":230,"byte_start":215,"column_end":27,"column_start":12,"expansion":null,"file_name":"gameplay_sim/src/factories/material_factory.rs","is_primary":false,"label":"fields in this struct","line_end":6,"line_start":6,"suggested_replacement":null,"suggestion_applicability":null,"text":[{"highlight_end":27,"highlight_start":12,"text":"pub struct MaterialFactory {"}]},{"byte_end":305,"byte_start":283,"column_end":27,"column_start":5,"expansion":null,"file_name":"gameplay_sim/src/factories/material_factory.rs","is_primary":true,"label":null,"line_end":8,"line_start":8,"suggested_replacement":null,"suggestion_applicability":null,"text":[{"highlight_end":27,"highlight_start":5,"text":"    vehicle_glass_template: Handle<StandardMaterial>,"}]},{"byte_end":359,"byte_start":337,"column_end":27,"column_start":5,"expansion":null,"file_name":"gameplay_sim/src/factories/material_factory.rs","is_primary":true,"label":null,"line_end":9,"line_start":9,"suggested_replacement":null,"suggestion_applicability":null,"text":[{"highlight_end":27,"highlight_start":5,"text":"    vehicle_wheel_template: Handle<StandardMaterial>,"}]},{"byte_end":412,"byte_start":391,"column_end":26,"column_start":5,"expansion":null,"file_name":"gameplay_sim/src/factories/material_factory.rs","is_primary":true,"label":null,"line_end":10,"line_start":10,"suggested_replacement":null,"suggestion_applicability":null,"text":[{"highlight_end":26,"highlight_start":5,"text":"    road_asphalt_template: Handle<StandardMaterial>,"}]},{"byte_end":466,"byte_start":444,"column_end":27,"column_start":5,"expansion":null,"file_name":"gameplay_sim/src/factories/material_factory.rs","is_primary":true,"label":null,"line_end":11,"line_start":11,"suggested_replacement":null,"suggestion_applicability":null,"text":[{"highlight_end":27,"highlight_start":5,"text":"    water_surface_template: Handle<StandardMaterial>,"}]},{"byte_end":524,"byte_start":498,"column_end":31,"column_start":5,"expansion":null,"file_name":"gameplay_sim/src/factories/material_factory.rs","is_primary":true,"label":null,"line_end":12,"line_start":12,"suggested_replacement":null,"suggestion_applicability":null,"text":[{"highlight_end":31,"highlight_start":5,"text":"    building_concrete_template: Handle<StandardMaterial>,"}]}]}}
{"reason":"compiler-message","package_id":"path+file:///Users/bradyjeong/Documents/Projects/Amp/gta4/gta_game/gameplay_sim#0.1.0","manifest_path":"/Users/bradyjeong/Documents/Projects/Amp/gta4/gta_game/gameplay_sim/Cargo.toml","target":{"kind":["lib"],"crate_types":["lib"],"name":"gameplay_sim","src_path":"/Users/bradyjeong/Documents/Projects/Amp/gta4/gta_game/gameplay_sim/src/lib.rs","edition":"2021","doc":true,"doctest":true,"test":true},"message":{"rendered":"warning: missing documentation for a variant\n  --> gameplay_sim/src/world/map_system.rs:95:5\n   |\n95 |     Fountain,\n   |     ^^^^^^^^\n\n","$message_type":"diagnostic","children":[],"code":{"code":"missing_docs","explanation":null},"level":"warning","message":"missing documentation for a variant","spans":[{"byte_end":2455,"byte_start":2447,"column_end":13,"column_start":5,"expansion":null,"file_name":"gameplay_sim/src/world/map_system.rs","is_primary":true,"label":null,"line_end":95,"line_start":95,"suggested_replacement":null,"suggestion_applicability":null,"text":[{"highlight_end":13,"highlight_start":5,"text":"    Fountain,"}]}]}}
{"reason":"compiler-message","package_id":"path+file:///Users/bradyjeong/Documents/Projects/Amp/gta4/gta_game/gameplay_sim#0.1.0","manifest_path":"/Users/bradyjeong/Documents/Projects/Amp/gta4/gta_game/gameplay_sim/Cargo.toml","target":{"kind":["lib"],"crate_types":["lib"],"name":"gameplay_sim","src_path":"/Users/bradyjeong/Documents/Projects/Amp/gta4/gta_game/gameplay_sim/src/lib.rs","edition":"2021","doc":true,"doctest":true,"test":true},"message":{"rendered":"warning: missing documentation for a variant\n  --> gameplay_sim/src/world/map_system.rs:96:5\n   |\n96 |     Statue,\n   |     ^^^^^^\n\n","$message_type":"diagnostic","children":[],"code":{"code":"missing_docs","explanation":null},"level":"warning","message":"missing documentation for a variant","spans":[{"byte_end":2467,"byte_start":2461,"column_end":11,"column_start":5,"expansion":null,"file_name":"gameplay_sim/src/world/map_system.rs","is_primary":true,"label":null,"line_end":96,"line_start":96,"suggested_replacement":null,"suggestion_applicability":null,"text":[{"highlight_end":11,"highlight_start":5,"text":"    Statue,"}]}]}}
{"reason":"compiler-message","package_id":"path+file:///Users/bradyjeong/Documents/Projects/Amp/gta4/gta_game/gameplay_sim#0.1.0","manifest_path":"/Users/bradyjeong/Documents/Projects/Amp/gta4/gta_game/gameplay_sim/Cargo.toml","target":{"kind":["lib"],"crate_types":["lib"],"name":"gameplay_sim","src_path":"/Users/bradyjeong/Documents/Projects/Amp/gta4/gta_game/gameplay_sim/src/lib.rs","edition":"2021","doc":true,"doctest":true,"test":true},"message":{"rendered":"warning: missing documentation for a variant\n  --> gameplay_sim/src/world/map_system.rs:97:5\n   |\n97 |     Monument,\n   |     ^^^^^^^^\n\n","$message_type":"diagnostic","children":[],"code":{"code":"missing_docs","explanation":null},"level":"warning","message":"missing documentation for a variant","spans":[{"byte_end":2481,"byte_start":2473,"column_end":13,"column_start":5,"expansion":null,"file_name":"gameplay_sim/src/world/map_system.rs","is_primary":true,"label":null,"line_end":97,"line_start":97,"suggested_replacement":null,"suggestion_applicability":null,"text":[{"highlight_end":13,"highlight_start":5,"text":"    Monument,"}]}]}}
{"reason":"compiler-message","package_id":"path+file:///Users/bradyjeong/Documents/Projects/Amp/gta4/gta_game/gameplay_sim#0.1.0","manifest_path":"/Users/bradyjeong/Documents/Projects/Amp/gta4/gta_game/gameplay_sim/Cargo.toml","target":{"kind":["lib"],"crate_types":["lib"],"name":"gameplay_sim","src_path":"/Users/bradyjeong/Documents/Projects/Amp/gta4/gta_game/gameplay_sim/src/lib.rs","edition":"2021","doc":true,"doctest":true,"test":true},"message":{"rendered":"warning: missing documentation for a variant\n  --> gameplay_sim/src/world/map_system.rs:98:5\n   |\n98 |     Bridge,\n   |     ^^^^^^\n\n","$message_type":"diagnostic","children":[],"code":{"code":"missing_docs","explanation":null},"level":"warning","message":"missing documentation for a variant","spans":[{"byte_end":2493,"byte_start":2487,"column_end":11,"column_start":5,"expansion":null,"file_name":"gameplay_sim/src/world/map_system.rs","is_primary":true,"label":null,"line_end":98,"line_start":98,"suggested_replacement":null,"suggestion_applicability":null,"text":[{"highlight_end":11,"highlight_start":5,"text":"    Bridge,"}]}]}}
{"reason":"compiler-message","package_id":"path+file:///Users/bradyjeong/Documents/Projects/Amp/gta4/gta_game/gameplay_sim#0.1.0","manifest_path":"/Users/bradyjeong/Documents/Projects/Amp/gta4/gta_game/gameplay_sim/Cargo.toml","target":{"kind":["lib"],"crate_types":["lib"],"name":"gameplay_sim","src_path":"/Users/bradyjeong/Documents/Projects/Amp/gta4/gta_game/gameplay_sim/src/lib.rs","edition":"2021","doc":true,"doctest":true,"test":true},"message":{"rendered":"warning: multiple associated items are never used\n   --> gameplay_sim/src/factories/material_factory.rs:65:12\n    |\n15  | impl MaterialFactory {\n    | -------------------- associated items in this implementation\n...\n65  |     pub fn get_vehicle_glass(&self) -> Handle<StandardMaterial> {\n    |            ^^^^^^^^^^^^^^^^^\n...\n70  |     pub fn get_vehicle_wheel(&self) -> Handle<StandardMaterial> {\n    |            ^^^^^^^^^^^^^^^^^\n...\n75  |     pub fn get_road_asphalt(&self) -> Handle<StandardMaterial> {\n    |            ^^^^^^^^^^^^^^^^\n...\n80  |     pub fn get_water_surface(&self) -> Handle<StandardMaterial> {\n    |            ^^^^^^^^^^^^^^^^^\n...\n85  |     pub fn get_building_concrete(&self) -> Handle<StandardMaterial> {\n    |            ^^^^^^^^^^^^^^^^^^^^^\n...\n90  |     pub fn create_metallic_material(\n    |            ^^^^^^^^^^^^^^^^^^^^^^^^\n...\n105 |     pub fn create_emissive_material(\n    |            ^^^^^^^^^^^^^^^^^^^^^^^^\n...\n154 |     pub fn create_water_bottom_material(\n    |            ^^^^^^^^^^^^^^^^^^^^^^^^^^^^\n...\n205 |     pub fn create_mesh_and_material(\n    |            ^^^^^^^^^^^^^^^^^^^^^^^^\n\n","$message_type":"diagnostic","children":[],"code":{"code":"dead_code","explanation":null},"level":"warning","message":"multiple associated items are never used","spans":[{"byte_end":575,"byte_start":555,"column_end":21,"column_start":1,"expansion":null,"file_name":"gameplay_sim/src/factories/material_factory.rs","is_primary":false,"label":"associated items in this implementation","line_end":15,"line_start":15,"suggested_replacement":null,"suggestion_applicability":null,"text":[{"highlight_end":21,"highlight_start":1,"text":"impl MaterialFactory {"}]},{"byte_end":2336,"byte_start":2319,"column_end":29,"column_start":12,"expansion":null,"file_name":"gameplay_sim/src/factories/material_factory.rs","is_primary":true,"label":null,"line_end":65,"line_start":65,"suggested_replacement":null,"suggestion_applicability":null,"text":[{"highlight_end":29,"highlight_start":12,"text":"    pub fn get_vehicle_glass(&self) -> Handle<StandardMaterial> {"}]},{"byte_end":2501,"byte_start":2484,"column_end":29,"column_start":12,"expansion":null,"file_name":"gameplay_sim/src/factories/material_factory.rs","is_primary":true,"label":null,"line_end":70,"line_start":70,"suggested_replacement":null,"suggestion_applicability":null,"text":[{"highlight_end":29,"highlight_start":12,"text":"    pub fn get_vehicle_wheel(&self) -> Handle<StandardMaterial> {"}]},{"byte_end":2664,"byte_start":2648,"column_end":28,"column_start":12,"expansion":null,"file_name":"gameplay_sim/src/factories/material_factory.rs","is_primary":true,"label":null,"line_end":75,"line_start":75,"suggested_replacement":null,"suggestion_applicability":null,"text":[{"highlight_end":28,"highlight_start":12,"text":"    pub fn get_road_asphalt(&self) -> Handle<StandardMaterial> {"}]},{"byte_end":2828,"byte_start":2811,"column_end":29,"column_start":12,"expansion":null,"file_name":"gameplay_sim/src/factories/material_factory.rs","is_primary":true,"label":null,"line_end":80,"line_start":80,"suggested_replacement":null,"suggestion_applicability":null,"text":[{"highlight_end":29,"highlight_start":12,"text":"    pub fn get_water_surface(&self) -> Handle<StandardMaterial> {"}]},{"byte_end":3001,"byte_start":2980,"column_end":33,"column_start":12,"expansion":null,"file_name":"gameplay_sim/src/factories/material_factory.rs","is_primary":true,"label":null,"line_end":85,"line_start":85,"suggested_replacement":null,"suggestion_applicability":null,"text":[{"highlight_end":33,"highlight_start":12,"text":"    pub fn get_building_concrete(&self) -> Handle<StandardMaterial> {"}]},{"byte_end":3189,"byte_start":3165,"column_end":36,"column_start":12,"expansion":null,"file_name":"gameplay_sim/src/factories/material_factory.rs","is_primary":true,"label":null,"line_end":90,"line_start":90,"suggested_replacement":null,"suggestion_applicability":null,"text":[{"highlight_end":36,"highlight_start":12,"text":"    pub fn create_metallic_material("}]},{"byte_end":3653,"byte_start":3629,"column_end":36,"column_start":12,"expansion":null,"file_name":"gameplay_sim/src/factories/material_factory.rs","is_primary":true,"label":null,"line_end":105,"line_start":105,"suggested_replacement":null,"suggestion_applicability":null,"text":[{"highlight_end":36,"highlight_start":12,"text":"    pub fn create_emissive_material("}]},{"byte_end":5090,"byte_start":5062,"column_end":40,"column_start":12,"expansion":null,"file_name":"gameplay_sim/src/factories/material_factory.rs","is_primary":true,"label":null,"line_end":154,"line_start":154,"suggested_replacement":null,"suggestion_applicability":null,"text":[{"highlight_end":40,"highlight_start":12,"text":"    pub fn create_water_bottom_material("}]},{"byte_end":6589,"byte_start":6565,"column_end":36,"column_start":12,"expansion":null,"file_name":"gameplay_sim/src/factories/material_factory.rs","is_primary":true,"label":null,"line_end":205,"line_start":205,"suggested_replacement":null,"suggestion_applicability":null,"text":[{"highlight_end":36,"highlight_start":12,"text":"    pub fn create_mesh_and_material("}]}]}}
{"reason":"compiler-message","package_id":"path+file:///Users/bradyjeong/Documents/Projects/Amp/gta4/gta_game/gameplay_sim#0.1.0","manifest_path":"/Users/bradyjeong/Documents/Projects/Amp/gta4/gta_game/gameplay_sim/Cargo.toml","target":{"kind":["lib"],"crate_types":["lib"],"name":"gameplay_sim","src_path":"/Users/bradyjeong/Documents/Projects/Amp/gta4/gta_game/gameplay_sim/src/lib.rs","edition":"2021","doc":true,"doctest":true,"test":true},"message":{"rendered":"warning: missing documentation for a variant\n  --> gameplay_sim/src/world/map_system.rs:99:5\n   |\n99 |     Stadium,\n   |     ^^^^^^^\n\n","$message_type":"diagnostic","children":[],"code":{"code":"missing_docs","explanation":null},"level":"warning","message":"missing documentation for a variant","spans":[{"byte_end":2506,"byte_start":2499,"column_end":12,"column_start":5,"expansion":null,"file_name":"gameplay_sim/src/world/map_system.rs","is_primary":true,"label":null,"line_end":99,"line_start":99,"suggested_replacement":null,"suggestion_applicability":null,"text":[{"highlight_end":12,"highlight_start":5,"text":"    Stadium,"}]}]}}
{"reason":"compiler-message","package_id":"path+file:///Users/bradyjeong/Documents/Projects/Amp/gta4/gta_game/gameplay_sim#0.1.0","manifest_path":"/Users/bradyjeong/Documents/Projects/Amp/gta4/gta_game/gameplay_sim/Cargo.toml","target":{"kind":["lib"],"crate_types":["lib"],"name":"gameplay_sim","src_path":"/Users/bradyjeong/Documents/Projects/Amp/gta4/gta_game/gameplay_sim/src/lib.rs","edition":"2021","doc":true,"doctest":true,"test":true},"message":{"rendered":"warning: missing documentation for a function\n   --> gameplay_sim/src/world/map_system.rs:114:1\n    |\n114 | / pub fn map_streaming_system(\n115 | |     mut commands: Commands,\n116 | |     mut map_system: ResMut<MapSystem>,\n117 | |     active_query: Query<&Transform, With<ActiveEntity>>,\n...   |\n121 | |     road_network: Res<RoadNetwork>,\n122 | | ) {\n    | |_^\n\n","$message_type":"diagnostic","children":[],"code":{"code":"missing_docs","explanation":null},"level":"warning","message":"missing documentation for a function","spans":[{"byte_end":3240,"byte_start":2906,"column_end":2,"column_start":1,"expansion":null,"file_name":"gameplay_sim/src/world/map_system.rs","is_primary":true,"label":null,"line_end":122,"line_start":114,"suggested_replacement":null,"suggestion_applicability":null,"text":[{"highlight_end":29,"highlight_start":1,"text":"pub fn map_streaming_system("},{"highlight_end":28,"highlight_start":1,"text":"    mut commands: Commands,"},{"highlight_end":39,"highlight_start":1,"text":"    mut map_system: ResMut<MapSystem>,"},{"highlight_end":57,"highlight_start":1,"text":"    active_query: Query<&Transform, With<ActiveEntity>>,"},{"highlight_end":53,"highlight_start":1,"text":"    mut chunk_query: Query<(Entity, &mut MapChunk)>,"},{"highlight_end":38,"highlight_start":1,"text":"    mut meshes: ResMut<Assets<Mesh>>,"},{"highlight_end":53,"highlight_start":1,"text":"    mut materials: ResMut<Assets<StandardMaterial>>,"},{"highlight_end":36,"highlight_start":1,"text":"    road_network: Res<RoadNetwork>,"},{"highlight_end":2,"highlight_start":1,"text":") {"}]}]}}
{"reason":"compiler-message","package_id":"path+file:///Users/bradyjeong/Documents/Projects/Amp/gta4/gta_game/gameplay_sim#0.1.0","manifest_path":"/Users/bradyjeong/Documents/Projects/Amp/gta4/gta_game/gameplay_sim/Cargo.toml","target":{"kind":["lib"],"crate_types":["lib"],"name":"gameplay_sim","src_path":"/Users/bradyjeong/Documents/Projects/Amp/gta4/gta_game/gameplay_sim/src/lib.rs","edition":"2021","doc":true,"doctest":true,"test":true},"message":{"rendered":"warning: multiple associated functions are never used\n  --> gameplay_sim/src/factories/mesh_factory.rs:29:12\n   |\n7  | impl MeshFactory {\n   | ---------------- associated functions in this implementation\n...\n29 |     pub fn create_suv_body(meshes: &mut ResMut<Assets<Mesh>>) -> Handle<Mesh> {\n   |            ^^^^^^^^^^^^^^^\n...\n38 |     pub fn create_building_mesh(meshes: &mut ResMut<Assets<Mesh>>, width: f32, height: f32, depth: f32) -> Handle<Mesh> {\n   |            ^^^^^^^^^^^^^^^^^^^^\n...\n55 |     pub fn create_f16_body(meshes: &mut ResMut<Assets<Mesh>>) -> Handle<Mesh> {\n   |            ^^^^^^^^^^^^^^^\n...\n60 |     pub fn create_tree_trunk(meshes: &mut ResMut<Assets<Mesh>>) -> Handle<Mesh> {\n   |            ^^^^^^^^^^^^^^^^^\n...\n64 |     pub fn create_road_segment(meshes: &mut ResMut<Assets<Mesh>>, width: f32, length: f32) -> Handle<Mesh> {\n   |            ^^^^^^^^^^^^^^^^^^^\n...\n69 |     pub fn create_water_plane(meshes: &mut ResMut<Assets<Mesh>>, size: f32) -> Handle<Mesh> {\n   |            ^^^^^^^^^^^^^^^^^^\n...\n73 |     pub fn create_terrain_chunk(meshes: &mut ResMut<Assets<Mesh>>, size: f32) -> Handle<Mesh> {\n   |            ^^^^^^^^^^^^^^^^^^^^\n\n","$message_type":"diagnostic","children":[],"code":{"code":"dead_code","explanation":null},"level":"warning","message":"multiple associated functions are never used","spans":[{"byte_end":158,"byte_start":142,"column_end":17,"column_start":1,"expansion":null,"file_name":"gameplay_sim/src/factories/mesh_factory.rs","is_primary":false,"label":"associated functions in this implementation","line_end":7,"line_start":7,"suggested_replacement":null,"suggestion_applicability":null,"text":[{"highlight_end":17,"highlight_start":1,"text":"impl MeshFactory {"}]},{"byte_end":805,"byte_start":790,"column_end":27,"column_start":12,"expansion":null,"file_name":"gameplay_sim/src/factories/mesh_factory.rs","is_primary":true,"label":null,"line_end":29,"line_start":29,"suggested_replacement":null,"suggestion_applicability":null,"text":[{"highlight_end":27,"highlight_start":12,"text":"    pub fn create_suv_body(meshes: &mut ResMut<Assets<Mesh>>) -> Handle<Mesh> {"}]},{"byte_end":1103,"byte_start":1083,"column_end":32,"column_start":12,"expansion":null,"file_name":"gameplay_sim/src/factories/mesh_factory.rs","is_primary":true,"label":null,"line_end":38,"line_start":38,"suggested_replacement":null,"suggestion_applicability":null,"text":[{"highlight_end":32,"highlight_start":12,"text":"    pub fn create_building_mesh(meshes: &mut ResMut<Assets<Mesh>>, width: f32, height: f32, depth: f32) -> Handle<Mesh> {"}]},{"byte_end":1735,"byte_start":1720,"column_end":27,"column_start":12,"expansion":null,"file_name":"gameplay_sim/src/factories/mesh_factory.rs","is_primary":true,"label":null,"line_end":55,"line_start":55,"suggested_replacement":null,"suggestion_applicability":null,"text":[{"highlight_end":27,"highlight_start":12,"text":"    pub fn create_f16_body(meshes: &mut ResMut<Assets<Mesh>>) -> Handle<Mesh> {"}]},{"byte_end":1897,"byte_start":1880,"column_end":29,"column_start":12,"expansion":null,"file_name":"gameplay_sim/src/factories/mesh_factory.rs","is_primary":true,"label":null,"line_end":60,"line_start":60,"suggested_replacement":null,"suggestion_applicability":null,"text":[{"highlight_end":29,"highlight_start":12,"text":"    pub fn create_tree_trunk(meshes: &mut ResMut<Assets<Mesh>>) -> Handle<Mesh> {"}]},{"byte_end":2032,"byte_start":2013,"column_end":31,"column_start":12,"expansion":null,"file_name":"gameplay_sim/src/factories/mesh_factory.rs","is_primary":true,"label":null,"line_end":64,"line_start":64,"suggested_replacement":null,"suggestion_applicability":null,"text":[{"highlight_end":31,"highlight_start":12,"text":"    pub fn create_road_segment(meshes: &mut ResMut<Assets<Mesh>>, width: f32, length: f32) -> Handle<Mesh> {"}]},{"byte_end":2231,"byte_start":2213,"column_end":30,"column_start":12,"expansion":null,"file_name":"gameplay_sim/src/factories/mesh_factory.rs","is_primary":true,"label":null,"line_end":69,"line_start":69,"suggested_replacement":null,"suggestion_applicability":null,"text":[{"highlight_end":30,"highlight_start":12,"text":"    pub fn create_water_plane(meshes: &mut ResMut<Assets<Mesh>>, size: f32) -> Handle<Mesh> {"}]},{"byte_end":2397,"byte_start":2377,"column_end":32,"column_start":12,"expansion":null,"file_name":"gameplay_sim/src/factories/mesh_factory.rs","is_primary":true,"label":null,"line_end":73,"line_start":73,"suggested_replacement":null,"suggestion_applicability":null,"text":[{"highlight_end":32,"highlight_start":12,"text":"    pub fn create_terrain_chunk(meshes: &mut ResMut<Assets<Mesh>>, size: f32) -> Handle<Mesh> {"}]}]}}
{"reason":"compiler-message","package_id":"path+file:///Users/bradyjeong/Documents/Projects/Amp/gta4/gta_game/gameplay_sim#0.1.0","manifest_path":"/Users/bradyjeong/Documents/Projects/Amp/gta4/gta_game/gameplay_sim/Cargo.toml","target":{"kind":["lib"],"crate_types":["lib"],"name":"gameplay_sim","src_path":"/Users/bradyjeong/Documents/Projects/Amp/gta4/gta_game/gameplay_sim/src/lib.rs","edition":"2021","doc":true,"doctest":true,"test":true},"message":{"rendered":"warning: missing documentation for a function\n   --> gameplay_sim/src/world/map_system.rs:167:1\n    |\n167 | / pub fn map_lod_system(\n168 | |     mut chunk_query: Query<&mut MapChunk>,\n169 | |     player_query: Query<&Transform, With<Player>>,\n170 | |     map_system: Res<MapSystem>,\n171 | |     mut visibility_query: Query<&mut Visibility>,\n172 | | ) {\n    | |_^\n\n","$message_type":"diagnostic","children":[],"code":{"code":"missing_docs","explanation":null},"level":"warning","message":"missing documentation for a function","spans":[{"byte_end":5196,"byte_start":4996,"column_end":2,"column_start":1,"expansion":null,"file_name":"gameplay_sim/src/world/map_system.rs","is_primary":true,"label":null,"line_end":172,"line_start":167,"suggested_replacement":null,"suggestion_applicability":null,"text":[{"highlight_end":23,"highlight_start":1,"text":"pub fn map_lod_system("},{"highlight_end":43,"highlight_start":1,"text":"    mut chunk_query: Query<&mut MapChunk>,"},{"highlight_end":51,"highlight_start":1,"text":"    player_query: Query<&Transform, With<Player>>,"},{"highlight_end":32,"highlight_start":1,"text":"    map_system: Res<MapSystem>,"},{"highlight_end":50,"highlight_start":1,"text":"    mut visibility_query: Query<&mut Visibility>,"},{"highlight_end":2,"highlight_start":1,"text":") {"}]}]}}
{"reason":"compiler-message","package_id":"path+file:///Users/bradyjeong/Documents/Projects/Amp/gta4/gta_game/gameplay_sim#0.1.0","manifest_path":"/Users/bradyjeong/Documents/Projects/Amp/gta4/gta_game/gameplay_sim/Cargo.toml","target":{"kind":["lib"],"crate_types":["lib"],"name":"gameplay_sim","src_path":"/Users/bradyjeong/Documents/Projects/Amp/gta4/gta_game/gameplay_sim/src/lib.rs","edition":"2021","doc":true,"doctest":true,"test":true},"message":{"rendered":"warning: multiple associated functions are never used\n  --> gameplay_sim/src/factories/transform_factory.rs:13:12\n   |\n7  | impl TransformFactory {\n   | --------------------- associated functions in this implementation\n...\n13 |     pub fn at_ground_level(x: f32, z: f32) -> Transform {\n   |            ^^^^^^^^^^^^^^^\n...\n17 |     pub fn at_position(x: f32, y: f32, z: f32) -> Transform {\n   |            ^^^^^^^^^^^\n...\n22 |     pub fn vehicle_spawn(x: f32, z: f32) -> Transform {\n   |            ^^^^^^^^^^^^^\n...\n26 |     pub fn vehicle_elevated(x: f32, y: f32, z: f32) -> Transform {\n   |            ^^^^^^^^^^^^^^^^\n...\n31 |     pub fn helicopter_spawn(x: f32, y: f32, z: f32) -> Transform {\n   |            ^^^^^^^^^^^^^^^^\n...\n35 |     pub fn aircraft_spawn(x: f32, y: f32, z: f32) -> Transform {\n   |            ^^^^^^^^^^^^^^\n...\n40 |     pub fn building_spawn(x: f32, z: f32, height: f32) -> Transform {\n   |            ^^^^^^^^^^^^^^\n...\n45 |     pub fn npc_spawn(x: f32, z: f32) -> Transform {\n   |            ^^^^^^^^^\n...\n50 |     pub fn tree_spawn(x: f32, z: f32) -> Transform {\n   |            ^^^^^^^^^^\n...\n55 |     pub fn with_rotation(position: Vec3, rotation: Quat) -> Transform {\n   |            ^^^^^^^^^^^^^\n...\n63 |     pub fn with_scale(position: Vec3, scale: Vec3) -> Transform {\n   |            ^^^^^^^^^^\n...\n71 |     pub fn random_rotation_y() -> Quat {\n   |            ^^^^^^^^^^^^^^^^^\n...\n84 |     pub fn landing_skid_right() -> Transform {\n   |            ^^^^^^^^^^^^^^^^^^\n\n","$message_type":"diagnostic","children":[],"code":{"code":"dead_code","explanation":null},"level":"warning","message":"multiple associated functions are never used","spans":[{"byte_end":158,"byte_start":137,"column_end":22,"column_start":1,"expansion":null,"file_name":"gameplay_sim/src/factories/transform_factory.rs","is_primary":false,"label":"associated functions in this implementation","line_end":7,"line_start":7,"suggested_replacement":null,"suggestion_applicability":null,"text":[{"highlight_end":22,"highlight_start":1,"text":"impl TransformFactory {"}]},{"byte_end":259,"byte_start":244,"column_end":27,"column_start":12,"expansion":null,"file_name":"gameplay_sim/src/factories/transform_factory.rs","is_primary":true,"label":null,"line_end":13,"line_start":13,"suggested_replacement":null,"suggestion_applicability":null,"text":[{"highlight_end":27,"highlight_start":12,"text":"    pub fn at_ground_level(x: f32, z: f32) -> Transform {"}]},{"byte_end":359,"byte_start":348,"column_end":23,"column_start":12,"expansion":null,"file_name":"gameplay_sim/src/factories/transform_factory.rs","is_primary":true,"label":null,"line_end":17,"line_start":17,"suggested_replacement":null,"suggestion_applicability":null,"text":[{"highlight_end":23,"highlight_start":12,"text":"    pub fn at_position(x: f32, y: f32, z: f32) -> Transform {"}]},{"byte_end":493,"byte_start":480,"column_end":25,"column_start":12,"expansion":null,"file_name":"gameplay_sim/src/factories/transform_factory.rs","is_primary":true,"label":null,"line_end":22,"line_start":22,"suggested_replacement":null,"suggestion_applicability":null,"text":[{"highlight_end":25,"highlight_start":12,"text":"    pub fn vehicle_spawn(x: f32, z: f32) -> Transform {"}]},{"byte_end":598,"byte_start":582,"column_end":28,"column_start":12,"expansion":null,"file_name":"gameplay_sim/src/factories/transform_factory.rs","is_primary":true,"label":null,"line_end":26,"line_start":26,"suggested_replacement":null,"suggestion_applicability":null,"text":[{"highlight_end":28,"highlight_start":12,"text":"    pub fn vehicle_elevated(x: f32, y: f32, z: f32) -> Transform {"}]},{"byte_end":736,"byte_start":720,"column_end":28,"column_start":12,"expansion":null,"file_name":"gameplay_sim/src/factories/transform_factory.rs","is_primary":true,"label":null,"line_end":31,"line_start":31,"suggested_replacement":null,"suggestion_applicability":null,"text":[{"highlight_end":28,"highlight_start":12,"text":"    pub fn helicopter_spawn(x: f32, y: f32, z: f32) -> Transform {"}]},{"byte_end":845,"byte_start":831,"column_end":26,"column_start":12,"expansion":null,"file_name":"gameplay_sim/src/factories/transform_factory.rs","is_primary":true,"label":null,"line_end":35,"line_start":35,"suggested_replacement":null,"suggestion_applicability":null,"text":[{"highlight_end":26,"highlight_start":12,"text":"    pub fn aircraft_spawn(x: f32, y: f32, z: f32) -> Transform {"}]},{"byte_end":981,"byte_start":967,"column_end":26,"column_start":12,"expansion":null,"file_name":"gameplay_sim/src/factories/transform_factory.rs","is_primary":true,"label":null,"line_end":40,"line_start":40,"suggested_replacement":null,"suggestion_applicability":null,"text":[{"highlight_end":26,"highlight_start":12,"text":"    pub fn building_spawn(x: f32, z: f32, height: f32) -> Transform {"}]},{"byte_end":1123,"byte_start":1114,"column_end":21,"column_start":12,"expansion":null,"file_name":"gameplay_sim/src/factories/transform_factory.rs","is_primary":true,"label":null,"line_end":45,"line_start":45,"suggested_replacement":null,"suggestion_applicability":null,"text":[{"highlight_end":21,"highlight_start":12,"text":"    pub fn npc_spawn(x: f32, z: f32) -> Transform {"}]},{"byte_end":1273,"byte_start":1263,"column_end":22,"column_start":12,"expansion":null,"file_name":"gameplay_sim/src/factories/transform_factory.rs","is_primary":true,"label":null,"line_end":50,"line_start":50,"suggested_replacement":null,"suggestion_applicability":null,"text":[{"highlight_end":22,"highlight_start":12,"text":"    pub fn tree_spawn(x: f32, z: f32) -> Transform {"}]},{"byte_end":1423,"byte_start":1410,"column_end":25,"column_start":12,"expansion":null,"file_name":"gameplay_sim/src/factories/transform_factory.rs","is_primary":true,"label":null,"line_end":55,"line_start":55,"suggested_replacement":null,"suggestion_applicability":null,"text":[{"highlight_end":25,"highlight_start":12,"text":"    pub fn with_rotation(position: Vec3, rotation: Quat) -> Transform {"}]},{"byte_end":1616,"byte_start":1606,"column_end":22,"column_start":12,"expansion":null,"file_name":"gameplay_sim/src/factories/transform_factory.rs","is_primary":true,"label":null,"line_end":63,"line_start":63,"suggested_replacement":null,"suggestion_applicability":null,"text":[{"highlight_end":22,"highlight_start":12,"text":"    pub fn with_scale(position: Vec3, scale: Vec3) -> Transform {"}]},{"byte_end":1818,"byte_start":1801,"column_end":29,"column_start":12,"expansion":null,"file_name":"gameplay_sim/src/factories/transform_factory.rs","is_primary":true,"label":null,"line_end":71,"line_start":71,"suggested_replacement":null,"suggestion_applicability":null,"text":[{"highlight_end":29,"highlight_start":12,"text":"    pub fn random_rotation_y() -> Quat {"}]},{"byte_end":2157,"byte_start":2139,"column_end":30,"column_start":12,"expansion":null,"file_name":"gameplay_sim/src/factories/transform_factory.rs","is_primary":true,"label":null,"line_end":84,"line_start":84,"suggested_replacement":null,"suggestion_applicability":null,"text":[{"highlight_end":30,"highlight_start":12,"text":"    pub fn landing_skid_right() -> Transform {"}]}]}}
{"reason":"compiler-message","package_id":"path+file:///Users/bradyjeong/Documents/Projects/Amp/gta4/gta_game/gameplay_sim#0.1.0","manifest_path":"/Users/bradyjeong/Documents/Projects/Amp/gta4/gta_game/gameplay_sim/Cargo.toml","target":{"kind":["lib"],"crate_types":["lib"],"name":"gameplay_sim","src_path":"/Users/bradyjeong/Documents/Projects/Amp/gta4/gta_game/gameplay_sim/src/lib.rs","edition":"2021","doc":true,"doctest":true,"test":true},"message":{"rendered":"warning: trait `BundleSpec` is never used\n --> gameplay_sim/src/factories/generic_bundle.rs:6:11\n  |\n6 | pub trait BundleSpec: Send + Sync + 'static {\n  |           ^^^^^^^^^^\n\n","$message_type":"diagnostic","children":[],"code":{"code":"dead_code","explanation":null},"level":"warning","message":"trait `BundleSpec` is never used","spans":[{"byte_end":168,"byte_start":158,"column_end":21,"column_start":11,"expansion":null,"file_name":"gameplay_sim/src/factories/generic_bundle.rs","is_primary":true,"label":null,"line_end":6,"line_start":6,"suggested_replacement":null,"suggestion_applicability":null,"text":[{"highlight_end":21,"highlight_start":11,"text":"pub trait BundleSpec: Send + Sync + 'static {"}]}]}}
{"reason":"compiler-message","package_id":"path+file:///Users/bradyjeong/Documents/Projects/Amp/gta4/gta_game/gameplay_sim#0.1.0","manifest_path":"/Users/bradyjeong/Documents/Projects/Amp/gta4/gta_game/gameplay_sim/Cargo.toml","target":{"kind":["lib"],"crate_types":["lib"],"name":"gameplay_sim","src_path":"/Users/bradyjeong/Documents/Projects/Amp/gta4/gta_game/gameplay_sim/src/lib.rs","edition":"2021","doc":true,"doctest":true,"test":true},"message":{"rendered":"warning: variants `InvalidPosition`, `InvalidSize`, `InvalidMass`, and `NotImplemented` are never constructed\n  --> gameplay_sim/src/factories/generic_bundle.rs:14:5\n   |\n13 | pub enum BundleError {\n   |          ----------- variants in this enum\n14 |     InvalidPosition,\n   |     ^^^^^^^^^^^^^^^\n15 |     InvalidSize { size: Vec3, min_size: f32, max_size: f32 },\n   |     ^^^^^^^^^^^\n16 |     InvalidMass { mass: f32, min_mass: f32, max_mass: f32 },\n   |     ^^^^^^^^^^^\n17 |     NotImplemented,\n   |     ^^^^^^^^^^^^^^\n   |\n   = note: `BundleError` has derived impls for the traits `Clone` and `Debug`, but these are intentionally ignored during dead code analysis\n\n","$message_type":"diagnostic","children":[{"children":[],"code":null,"level":"note","message":"`BundleError` has derived impls for the traits `Clone` and `Debug`, but these are intentionally ignored during dead code analysis","rendered":null,"spans":[]}],"code":{"code":"dead_code","explanation":null},"level":"warning","message":"variants `InvalidPosition`, `InvalidSize`, `InvalidMass`, and `NotImplemented` are never constructed","spans":[{"byte_end":387,"byte_start":376,"column_end":21,"column_start":10,"expansion":null,"file_name":"gameplay_sim/src/factories/generic_bundle.rs","is_primary":false,"label":"variants in this enum","line_end":13,"line_start":13,"suggested_replacement":null,"suggestion_applicability":null,"text":[{"highlight_end":21,"highlight_start":10,"text":"pub enum BundleError {"}]},{"byte_end":409,"byte_start":394,"column_end":20,"column_start":5,"expansion":null,"file_name":"gameplay_sim/src/factories/generic_bundle.rs","is_primary":true,"label":null,"line_end":14,"line_start":14,"suggested_replacement":null,"suggestion_applicability":null,"text":[{"highlight_end":20,"highlight_start":5,"text":"    InvalidPosition,"}]},{"byte_end":426,"byte_start":415,"column_end":16,"column_start":5,"expansion":null,"file_name":"gameplay_sim/src/factories/generic_bundle.rs","is_primary":true,"label":null,"line_end":15,"line_start":15,"suggested_replacement":null,"suggestion_applicability":null,"text":[{"highlight_end":16,"highlight_start":5,"text":"    InvalidSize { size: Vec3, min_size: f32, max_size: f32 },"}]},{"byte_end":488,"byte_start":477,"column_end":16,"column_start":5,"expansion":null,"file_name":"gameplay_sim/src/factories/generic_bundle.rs","is_primary":true,"label":null,"line_end":16,"line_start":16,"suggested_replacement":null,"suggestion_applicability":null,"text":[{"highlight_end":16,"highlight_start":5,"text":"    InvalidMass { mass: f32, min_mass: f32, max_mass: f32 },"}]},{"byte_end":552,"byte_start":538,"column_end":19,"column_start":5,"expansion":null,"file_name":"gameplay_sim/src/factories/generic_bundle.rs","is_primary":true,"label":null,"line_end":17,"line_start":17,"suggested_replacement":null,"suggestion_applicability":null,"text":[{"highlight_end":19,"highlight_start":5,"text":"    NotImplemented,"}]}]}}
{"reason":"compiler-message","package_id":"path+file:///Users/bradyjeong/Documents/Projects/Amp/gta4/gta_game/gameplay_sim#0.1.0","manifest_path":"/Users/bradyjeong/Documents/Projects/Amp/gta4/gta_game/gameplay_sim/Cargo.toml","target":{"kind":["lib"],"crate_types":["lib"],"name":"gameplay_sim","src_path":"/Users/bradyjeong/Documents/Projects/Amp/gta4/gta_game/gameplay_sim/src/lib.rs","edition":"2021","doc":true,"doctest":true,"test":true},"message":{"rendered":"warning: field `physics_config` is never read\n  --> gameplay_sim/src/factories/generic_bundle.rs:40:5\n   |\n39 | pub struct GenericBundleFactory {\n   |            -------------------- field in this struct\n40 |     physics_config: PhysicsConfig,\n   |     ^^^^^^^^^^^^^^\n\n","$message_type":"diagnostic","children":[],"code":{"code":"dead_code","explanation":null},"level":"warning","message":"field `physics_config` is never read","spans":[{"byte_end":1412,"byte_start":1392,"column_end":32,"column_start":12,"expansion":null,"file_name":"gameplay_sim/src/factories/generic_bundle.rs","is_primary":false,"label":"field in this struct","line_end":39,"line_start":39,"suggested_replacement":null,"suggestion_applicability":null,"text":[{"highlight_end":32,"highlight_start":12,"text":"pub struct GenericBundleFactory {"}]},{"byte_end":1433,"byte_start":1419,"column_end":19,"column_start":5,"expansion":null,"file_name":"gameplay_sim/src/factories/generic_bundle.rs","is_primary":true,"label":null,"line_end":40,"line_start":40,"suggested_replacement":null,"suggestion_applicability":null,"text":[{"highlight_end":19,"highlight_start":5,"text":"    physics_config: PhysicsConfig,"}]}]}}
{"reason":"compiler-message","package_id":"path+file:///Users/bradyjeong/Documents/Projects/Amp/gta4/gta_game/gameplay_sim#0.1.0","manifest_path":"/Users/bradyjeong/Documents/Projects/Amp/gta4/gta_game/gameplay_sim/Cargo.toml","target":{"kind":["lib"],"crate_types":["lib"],"name":"gameplay_sim","src_path":"/Users/bradyjeong/Documents/Projects/Amp/gta4/gta_game/gameplay_sim/src/lib.rs","edition":"2021","doc":true,"doctest":true,"test":true},"message":{"rendered":"warning: missing documentation for a struct\n   --> gameplay_sim/src/world/map_system.rs:545:1\n    |\n545 | pub struct Building;\n    | ^^^^^^^^^^^^^^^^^^^\n\n","$message_type":"diagnostic","children":[],"code":{"code":"missing_docs","explanation":null},"level":"warning","message":"missing documentation for a struct","spans":[{"byte_end":18044,"byte_start":18025,"column_end":20,"column_start":1,"expansion":null,"file_name":"gameplay_sim/src/world/map_system.rs","is_primary":true,"label":null,"line_end":545,"line_start":545,"suggested_replacement":null,"suggestion_applicability":null,"text":[{"highlight_end":20,"highlight_start":1,"text":"pub struct Building;"}]}]}}
{"reason":"compiler-message","package_id":"path+file:///Users/bradyjeong/Documents/Projects/Amp/gta4/gta_game/gameplay_sim#0.1.0","manifest_path":"/Users/bradyjeong/Documents/Projects/Amp/gta4/gta_game/gameplay_sim/Cargo.toml","target":{"kind":["lib"],"crate_types":["lib"],"name":"gameplay_sim","src_path":"/Users/bradyjeong/Documents/Projects/Amp/gta4/gta_game/gameplay_sim/src/lib.rs","edition":"2021","doc":true,"doctest":true,"test":true},"message":{"rendered":"warning: missing documentation for a struct\n   --> gameplay_sim/src/world/map_system.rs:548:1\n    |\n548 | pub struct Landmark;\n    | ^^^^^^^^^^^^^^^^^^^\n\n","$message_type":"diagnostic","children":[],"code":{"code":"missing_docs","explanation":null},"level":"warning","message":"missing documentation for a struct","spans":[{"byte_end":18087,"byte_start":18068,"column_end":20,"column_start":1,"expansion":null,"file_name":"gameplay_sim/src/world/map_system.rs","is_primary":true,"label":null,"line_end":548,"line_start":548,"suggested_replacement":null,"suggestion_applicability":null,"text":[{"highlight_end":20,"highlight_start":1,"text":"pub struct Landmark;"}]}]}}
{"reason":"compiler-message","package_id":"path+file:///Users/bradyjeong/Documents/Projects/Amp/gta4/gta_game/gameplay_sim#0.1.0","manifest_path":"/Users/bradyjeong/Documents/Projects/Amp/gta4/gta_game/gameplay_sim/Cargo.toml","target":{"kind":["lib"],"crate_types":["lib"],"name":"gameplay_sim","src_path":"/Users/bradyjeong/Documents/Projects/Amp/gta4/gta_game/gameplay_sim/src/lib.rs","edition":"2021","doc":true,"doctest":true,"test":true},"message":{"rendered":"warning: multiple associated items are never used\n   --> gameplay_sim/src/factories/generic_bundle.rs:44:12\n    |\n43  | impl GenericBundleFactory {\n    | ------------------------- associated items in this implementation\n44  |     pub fn new(config: &GameConfig) -> Self {\n    |            ^^^\n...\n51  |     pub fn validate_position(&self, position: Vec3) -> Result<Vec3, BundleError> {\n    |            ^^^^^^^^^^^^^^^^^\n...\n69  |     pub fn validate_collider_size(&self, size: Vec3) -> Result<Vec3, BundleError> {\n    |            ^^^^^^^^^^^^^^^^^^^^^^\n...\n83  |     pub fn validate_mass(&self, mass: f32) -> Result<f32, BundleError> {\n    |            ^^^^^^^^^^^^^\n...\n95  |     pub fn create_vehicle_bundle(\n    |            ^^^^^^^^^^^^^^^^^^^^^\n...\n127 |     pub fn create_building_bundle(\n    |            ^^^^^^^^^^^^^^^^^^^^^^\n...\n159 |     pub fn create_npc_bundle(\n    |            ^^^^^^^^^^^^^^^^^\n\n","$message_type":"diagnostic","children":[],"code":{"code":"dead_code","explanation":null},"level":"warning","message":"multiple associated items are never used","spans":[{"byte_end":1478,"byte_start":1453,"column_end":26,"column_start":1,"expansion":null,"file_name":"gameplay_sim/src/factories/generic_bundle.rs","is_primary":false,"label":"associated items in this implementation","line_end":43,"line_start":43,"suggested_replacement":null,"suggestion_applicability":null,"text":[{"highlight_end":26,"highlight_start":1,"text":"impl GenericBundleFactory {"}]},{"byte_end":1495,"byte_start":1492,"column_end":15,"column_start":12,"expansion":null,"file_name":"gameplay_sim/src/factories/generic_bundle.rs","is_primary":true,"label":null,"line_end":44,"line_start":44,"suggested_replacement":null,"suggestion_applicability":null,"text":[{"highlight_end":15,"highlight_start":12,"text":"    pub fn new(config: &GameConfig) -> Self {"}]},{"byte_end":1687,"byte_start":1670,"column_end":29,"column_start":12,"expansion":null,"file_name":"gameplay_sim/src/factories/generic_bundle.rs","is_primary":true,"label":null,"line_end":51,"line_start":51,"suggested_replacement":null,"suggestion_applicability":null,"text":[{"highlight_end":29,"highlight_start":12,"text":"    pub fn validate_position(&self, position: Vec3) -> Result<Vec3, BundleError> {"}]},{"byte_end":2376,"byte_start":2354,"column_end":34,"column_start":12,"expansion":null,"file_name":"gameplay_sim/src/factories/generic_bundle.rs","is_primary":true,"label":null,"line_end":69,"line_start":69,"suggested_replacement":null,"suggestion_applicability":null,"text":[{"highlight_end":34,"highlight_start":12,"text":"    pub fn validate_collider_size(&self, size: Vec3) -> Result<Vec3, BundleError> {"}]},{"byte_end":2886,"byte_start":2873,"column_end":25,"column_start":12,"expansion":null,"file_name":"gameplay_sim/src/factories/generic_bundle.rs","is_primary":true,"label":null,"line_end":83,"line_start":83,"suggested_replacement":null,"suggestion_applicability":null,"text":[{"highlight_end":25,"highlight_start":12,"text":"    pub fn validate_mass(&self, mass: f32) -> Result<f32, BundleError> {"}]},{"byte_end":3290,"byte_start":3269,"column_end":33,"column_start":12,"expansion":null,"file_name":"gameplay_sim/src/factories/generic_bundle.rs","is_primary":true,"label":null,"line_end":95,"line_start":95,"suggested_replacement":null,"suggestion_applicability":null,"text":[{"highlight_end":33,"highlight_start":12,"text":"    pub fn create_vehicle_bundle("}]},{"byte_end":4230,"byte_start":4208,"column_end":34,"column_start":12,"expansion":null,"file_name":"gameplay_sim/src/factories/generic_bundle.rs","is_primary":true,"label":null,"line_end":127,"line_start":127,"suggested_replacement":null,"suggestion_applicability":null,"text":[{"highlight_end":34,"highlight_start":12,"text":"    pub fn create_building_bundle("}]},{"byte_end":5127,"byte_start":5110,"column_end":29,"column_start":12,"expansion":null,"file_name":"gameplay_sim/src/factories/generic_bundle.rs","is_primary":true,"label":null,"line_end":159,"line_start":159,"suggested_replacement":null,"suggestion_applicability":null,"text":[{"highlight_end":29,"highlight_start":12,"text":"    pub fn create_npc_bundle("}]}]}}
{"reason":"compiler-message","package_id":"path+file:///Users/bradyjeong/Documents/Projects/Amp/gta4/gta_game/gameplay_sim#0.1.0","manifest_path":"/Users/bradyjeong/Documents/Projects/Amp/gta4/gta_game/gameplay_sim/Cargo.toml","target":{"kind":["lib"],"crate_types":["lib"],"name":"gameplay_sim","src_path":"/Users/bradyjeong/Documents/Projects/Amp/gta4/gta_game/gameplay_sim/src/lib.rs","edition":"2021","doc":true,"doctest":true,"test":true},"message":{"rendered":"warning: missing documentation for a struct\n  --> gameplay_sim/src/world/unified_world.rs:40:1\n   |\n40 | pub struct ChunkData {\n   | ^^^^^^^^^^^^^^^^^^^^\n\n","$message_type":"diagnostic","children":[],"code":{"code":"missing_docs","explanation":null},"level":"warning","message":"missing documentation for a struct","spans":[{"byte_end":1579,"byte_start":1559,"column_end":21,"column_start":1,"expansion":null,"file_name":"gameplay_sim/src/world/unified_world.rs","is_primary":true,"label":null,"line_end":40,"line_start":40,"suggested_replacement":null,"suggestion_applicability":null,"text":[{"highlight_end":21,"highlight_start":1,"text":"pub struct ChunkData {"}]}]}}
{"reason":"compiler-message","package_id":"path+file:///Users/bradyjeong/Documents/Projects/Amp/gta4/gta_game/gameplay_sim#0.1.0","manifest_path":"/Users/bradyjeong/Documents/Projects/Amp/gta4/gta_game/gameplay_sim/Cargo.toml","target":{"kind":["lib"],"crate_types":["lib"],"name":"gameplay_sim","src_path":"/Users/bradyjeong/Documents/Projects/Amp/gta4/gta_game/gameplay_sim/src/lib.rs","edition":"2021","doc":true,"doctest":true,"test":true},"message":{"rendered":"warning: associated functions `create_rendered_entity`, `create_rendered_vehicle`, `create_rendered_building`, `create_rendered_tree`, and `create_rendered_npc` are never used\n  --> gameplay_sim/src/factories/rendering_factory.rs:15:12\n   |\n9  | impl RenderingFactory {\n   | --------------------- associated functions in this implementation\n...\n15 |     pub fn create_rendered_entity(\n   |            ^^^^^^^^^^^^^^^^^^^^^^\n...\n29 |     pub fn create_rendered_vehicle(\n   |            ^^^^^^^^^^^^^^^^^^^^^^^\n...\n45 |     pub fn create_rendered_building(\n   |            ^^^^^^^^^^^^^^^^^^^^^^^^\n...\n64 |     pub fn create_rendered_tree(\n   |            ^^^^^^^^^^^^^^^^^^^^\n...\n80 |     pub fn create_rendered_npc(\n   |            ^^^^^^^^^^^^^^^^^^^\n\n","$message_type":"diagnostic","children":[],"code":{"code":"dead_code","explanation":null},"level":"warning","message":"associated functions `create_rendered_entity`, `create_rendered_vehicle`, `create_rendered_building`, `create_rendered_tree`, and `create_rendered_npc` are never used","spans":[{"byte_end":234,"byte_start":213,"column_end":22,"column_start":1,"expansion":null,"file_name":"gameplay_sim/src/factories/rendering_factory.rs","is_primary":false,"label":"associated functions in this implementation","line_end":9,"line_start":9,"suggested_replacement":null,"suggestion_applicability":null,"text":[{"highlight_end":22,"highlight_start":1,"text":"impl RenderingFactory {"}]},{"byte_end":379,"byte_start":357,"column_end":34,"column_start":12,"expansion":null,"file_name":"gameplay_sim/src/factories/rendering_factory.rs","is_primary":true,"label":null,"line_end":15,"line_start":15,"suggested_replacement":null,"suggestion_applicability":null,"text":[{"highlight_end":34,"highlight_start":12,"text":"    pub fn create_rendered_entity("}]},{"byte_end":771,"byte_start":748,"column_end":35,"column_start":12,"expansion":null,"file_name":"gameplay_sim/src/factories/rendering_factory.rs","is_primary":true,"label":null,"line_end":29,"line_start":29,"suggested_replacement":null,"suggestion_applicability":null,"text":[{"highlight_end":35,"highlight_start":12,"text":"    pub fn create_rendered_vehicle("}]},{"byte_end":1315,"byte_start":1291,"column_end":36,"column_start":12,"expansion":null,"file_name":"gameplay_sim/src/factories/rendering_factory.rs","is_primary":true,"label":null,"line_end":45,"line_start":45,"suggested_replacement":null,"suggestion_applicability":null,"text":[{"highlight_end":36,"highlight_start":12,"text":"    pub fn create_rendered_building("}]},{"byte_end":1919,"byte_start":1899,"column_end":32,"column_start":12,"expansion":null,"file_name":"gameplay_sim/src/factories/rendering_factory.rs","is_primary":true,"label":null,"line_end":64,"line_start":64,"suggested_replacement":null,"suggestion_applicability":null,"text":[{"highlight_end":32,"highlight_start":12,"text":"    pub fn create_rendered_tree("}]},{"byte_end":2475,"byte_start":2456,"column_end":31,"column_start":12,"expansion":null,"file_name":"gameplay_sim/src/factories/rendering_factory.rs","is_primary":true,"label":null,"line_end":80,"line_start":80,"suggested_replacement":null,"suggestion_applicability":null,"text":[{"highlight_end":31,"highlight_start":12,"text":"    pub fn create_rendered_npc("}]}]}}
{"reason":"compiler-message","package_id":"path+file:///Users/bradyjeong/Documents/Projects/Amp/gta4/gta_game/gameplay_sim#0.1.0","manifest_path":"/Users/bradyjeong/Documents/Projects/Amp/gta4/gta_game/gameplay_sim/Cargo.toml","target":{"kind":["lib"],"crate_types":["lib"],"name":"gameplay_sim","src_path":"/Users/bradyjeong/Documents/Projects/Amp/gta4/gta_game/gameplay_sim/src/lib.rs","edition":"2021","doc":true,"doctest":true,"test":true},"message":{"rendered":"warning: missing documentation for a struct field\n  --> gameplay_sim/src/world/unified_world.rs:41:5\n   |\n41 |     pub coord: ChunkCoord,\n   |     ^^^^^^^^^^^^^^^^^^^^^\n\n","$message_type":"diagnostic","children":[],"code":{"code":"missing_docs","explanation":null},"level":"warning","message":"missing documentation for a struct field","spans":[{"byte_end":1607,"byte_start":1586,"column_end":26,"column_start":5,"expansion":null,"file_name":"gameplay_sim/src/world/unified_world.rs","is_primary":true,"label":null,"line_end":41,"line_start":41,"suggested_replacement":null,"suggestion_applicability":null,"text":[{"highlight_end":26,"highlight_start":5,"text":"    pub coord: ChunkCoord,"}]}]}}
{"reason":"compiler-message","package_id":"path+file:///Users/bradyjeong/Documents/Projects/Amp/gta4/gta_game/gameplay_sim#0.1.0","manifest_path":"/Users/bradyjeong/Documents/Projects/Amp/gta4/gta_game/gameplay_sim/Cargo.toml","target":{"kind":["lib"],"crate_types":["lib"],"name":"gameplay_sim","src_path":"/Users/bradyjeong/Documents/Projects/Amp/gta4/gta_game/gameplay_sim/src/lib.rs","edition":"2021","doc":true,"doctest":true,"test":true},"message":{"rendered":"warning: constant `CHARACTER_GROUP` is never used\n --> gameplay_sim/src/constants.rs:8:11\n  |\n8 | pub const CHARACTER_GROUP: Group = Group::GROUP_3;\n  |           ^^^^^^^^^^^^^^^\n\n","$message_type":"diagnostic","children":[],"code":{"code":"dead_code","explanation":null},"level":"warning","message":"constant `CHARACTER_GROUP` is never used","spans":[{"byte_end":219,"byte_start":204,"column_end":26,"column_start":11,"expansion":null,"file_name":"gameplay_sim/src/constants.rs","is_primary":true,"label":null,"line_end":8,"line_start":8,"suggested_replacement":null,"suggestion_applicability":null,"text":[{"highlight_end":26,"highlight_start":11,"text":"pub const CHARACTER_GROUP: Group = Group::GROUP_3;"}]}]}}
{"reason":"compiler-message","package_id":"path+file:///Users/bradyjeong/Documents/Projects/Amp/gta4/gta_game/gameplay_sim#0.1.0","manifest_path":"/Users/bradyjeong/Documents/Projects/Amp/gta4/gta_game/gameplay_sim/Cargo.toml","target":{"kind":["lib"],"crate_types":["lib"],"name":"gameplay_sim","src_path":"/Users/bradyjeong/Documents/Projects/Amp/gta4/gta_game/gameplay_sim/src/lib.rs","edition":"2021","doc":true,"doctest":true,"test":true},"message":{"rendered":"warning: missing documentation for a struct field\n  --> gameplay_sim/src/world/unified_world.rs:42:5\n   |\n42 |     pub state: ChunkState,\n   |     ^^^^^^^^^^^^^^^^^^^^^\n\n","$message_type":"diagnostic","children":[],"code":{"code":"missing_docs","explanation":null},"level":"warning","message":"missing documentation for a struct field","spans":[{"byte_end":1634,"byte_start":1613,"column_end":26,"column_start":5,"expansion":null,"file_name":"gameplay_sim/src/world/unified_world.rs","is_primary":true,"label":null,"line_end":42,"line_start":42,"suggested_replacement":null,"suggestion_applicability":null,"text":[{"highlight_end":26,"highlight_start":5,"text":"    pub state: ChunkState,"}]}]}}
{"reason":"compiler-message","package_id":"path+file:///Users/bradyjeong/Documents/Projects/Amp/gta4/gta_game/gameplay_sim#0.1.0","manifest_path":"/Users/bradyjeong/Documents/Projects/Amp/gta4/gta_game/gameplay_sim/Cargo.toml","target":{"kind":["lib"],"crate_types":["lib"],"name":"gameplay_sim","src_path":"/Users/bradyjeong/Documents/Projects/Amp/gta4/gta_game/gameplay_sim/src/lib.rs","edition":"2021","doc":true,"doctest":true,"test":true},"message":{"rendered":"warning: constant `CHUNK_SIZE` is never used\n  --> gameplay_sim/src/constants.rs:11:11\n   |\n11 | pub const CHUNK_SIZE: f32 = 64.0;\n   |           ^^^^^^^^^^\n\n","$message_type":"diagnostic","children":[],"code":{"code":"dead_code","explanation":null},"level":"warning","message":"constant `CHUNK_SIZE` is never used","spans":[{"byte_end":287,"byte_start":277,"column_end":21,"column_start":11,"expansion":null,"file_name":"gameplay_sim/src/constants.rs","is_primary":true,"label":null,"line_end":11,"line_start":11,"suggested_replacement":null,"suggestion_applicability":null,"text":[{"highlight_end":21,"highlight_start":11,"text":"pub const CHUNK_SIZE: f32 = 64.0;"}]}]}}
{"reason":"compiler-message","package_id":"path+file:///Users/bradyjeong/Documents/Projects/Amp/gta4/gta_game/gameplay_sim#0.1.0","manifest_path":"/Users/bradyjeong/Documents/Projects/Amp/gta4/gta_game/gameplay_sim/Cargo.toml","target":{"kind":["lib"],"crate_types":["lib"],"name":"gameplay_sim","src_path":"/Users/bradyjeong/Documents/Projects/Amp/gta4/gta_game/gameplay_sim/src/lib.rs","edition":"2021","doc":true,"doctest":true,"test":true},"message":{"rendered":"warning: missing documentation for a struct field\n  --> gameplay_sim/src/world/unified_world.rs:43:5\n   |\n43 |     pub distance_to_player: f32,\n   |     ^^^^^^^^^^^^^^^^^^^^^^^^^^^\n\n","$message_type":"diagnostic","children":[],"code":{"code":"missing_docs","explanation":null},"level":"warning","message":"missing documentation for a struct field","spans":[{"byte_end":1667,"byte_start":1640,"column_end":32,"column_start":5,"expansion":null,"file_name":"gameplay_sim/src/world/unified_world.rs","is_primary":true,"label":null,"line_end":43,"line_start":43,"suggested_replacement":null,"suggestion_applicability":null,"text":[{"highlight_end":32,"highlight_start":5,"text":"    pub distance_to_player: f32,"}]}]}}
{"reason":"compiler-message","package_id":"path+file:///Users/bradyjeong/Documents/Projects/Amp/gta4/gta_game/gameplay_sim#0.1.0","manifest_path":"/Users/bradyjeong/Documents/Projects/Amp/gta4/gta_game/gameplay_sim/Cargo.toml","target":{"kind":["lib"],"crate_types":["lib"],"name":"gameplay_sim","src_path":"/Users/bradyjeong/Documents/Projects/Amp/gta4/gta_game/gameplay_sim/src/lib.rs","edition":"2021","doc":true,"doctest":true,"test":true},"message":{"rendered":"warning: constant `UNIFIED_CHUNK_SIZE` is never used\n  --> gameplay_sim/src/constants.rs:12:11\n   |\n12 | pub const UNIFIED_CHUNK_SIZE: f32 = 128.0;\n   |           ^^^^^^^^^^^^^^^^^^\n\n","$message_type":"diagnostic","children":[],"code":{"code":"dead_code","explanation":null},"level":"warning","message":"constant `UNIFIED_CHUNK_SIZE` is never used","spans":[{"byte_end":329,"byte_start":311,"column_end":29,"column_start":11,"expansion":null,"file_name":"gameplay_sim/src/constants.rs","is_primary":true,"label":null,"line_end":12,"line_start":12,"suggested_replacement":null,"suggestion_applicability":null,"text":[{"highlight_end":29,"highlight_start":11,"text":"pub const UNIFIED_CHUNK_SIZE: f32 = 128.0;"}]}]}}
{"reason":"compiler-message","package_id":"path+file:///Users/bradyjeong/Documents/Projects/Amp/gta4/gta_game/gameplay_sim#0.1.0","manifest_path":"/Users/bradyjeong/Documents/Projects/Amp/gta4/gta_game/gameplay_sim/Cargo.toml","target":{"kind":["lib"],"crate_types":["lib"],"name":"gameplay_sim","src_path":"/Users/bradyjeong/Documents/Projects/Amp/gta4/gta_game/gameplay_sim/src/lib.rs","edition":"2021","doc":true,"doctest":true,"test":true},"message":{"rendered":"warning: missing documentation for a struct field\n  --> gameplay_sim/src/world/unified_world.rs:44:5\n   |\n44 |     pub entities: Vec<Entity>,\n   |     ^^^^^^^^^^^^^^^^^^^^^^^^^\n\n","$message_type":"diagnostic","children":[],"code":{"code":"missing_docs","explanation":null},"level":"warning","message":"missing documentation for a struct field","spans":[{"byte_end":1698,"byte_start":1673,"column_end":30,"column_start":5,"expansion":null,"file_name":"gameplay_sim/src/world/unified_world.rs","is_primary":true,"label":null,"line_end":44,"line_start":44,"suggested_replacement":null,"suggestion_applicability":null,"text":[{"highlight_end":30,"highlight_start":5,"text":"    pub entities: Vec<Entity>,"}]}]}}
{"reason":"compiler-message","package_id":"path+file:///Users/bradyjeong/Documents/Projects/Amp/gta4/gta_game/gameplay_sim#0.1.0","manifest_path":"/Users/bradyjeong/Documents/Projects/Amp/gta4/gta_game/gameplay_sim/Cargo.toml","target":{"kind":["lib"],"crate_types":["lib"],"name":"gameplay_sim","src_path":"/Users/bradyjeong/Documents/Projects/Amp/gta4/gta_game/gameplay_sim/src/lib.rs","edition":"2021","doc":true,"doctest":true,"test":true},"message":{"rendered":"warning: constant `UNIFIED_STREAMING_RADIUS` is never used\n  --> gameplay_sim/src/constants.rs:13:11\n   |\n13 | pub const UNIFIED_STREAMING_RADIUS: f32 = 300.0;\n   |           ^^^^^^^^^^^^^^^^^^^^^^^^\n\n","$message_type":"diagnostic","children":[],"code":{"code":"dead_code","explanation":null},"level":"warning","message":"constant `UNIFIED_STREAMING_RADIUS` is never used","spans":[{"byte_end":378,"byte_start":354,"column_end":35,"column_start":11,"expansion":null,"file_name":"gameplay_sim/src/constants.rs","is_primary":true,"label":null,"line_end":13,"line_start":13,"suggested_replacement":null,"suggestion_applicability":null,"text":[{"highlight_end":35,"highlight_start":11,"text":"pub const UNIFIED_STREAMING_RADIUS: f32 = 300.0;"}]}]}}
{"reason":"compiler-message","package_id":"path+file:///Users/bradyjeong/Documents/Projects/Amp/gta4/gta_game/gameplay_sim#0.1.0","manifest_path":"/Users/bradyjeong/Documents/Projects/Amp/gta4/gta_game/gameplay_sim/Cargo.toml","target":{"kind":["lib"],"crate_types":["lib"],"name":"gameplay_sim","src_path":"/Users/bradyjeong/Documents/Projects/Amp/gta4/gta_game/gameplay_sim/src/lib.rs","edition":"2021","doc":true,"doctest":true,"test":true},"message":{"rendered":"warning: missing documentation for a struct field\n  --> gameplay_sim/src/world/unified_world.rs:45:5\n   |\n45 |     pub last_update: f32,\n   |     ^^^^^^^^^^^^^^^^^^^^\n\n","$message_type":"diagnostic","children":[],"code":{"code":"missing_docs","explanation":null},"level":"warning","message":"missing documentation for a struct field","spans":[{"byte_end":1724,"byte_start":1704,"column_end":25,"column_start":5,"expansion":null,"file_name":"gameplay_sim/src/world/unified_world.rs","is_primary":true,"label":null,"line_end":45,"line_start":45,"suggested_replacement":null,"suggestion_applicability":null,"text":[{"highlight_end":25,"highlight_start":5,"text":"    pub last_update: f32,"}]}]}}
{"reason":"compiler-message","package_id":"path+file:///Users/bradyjeong/Documents/Projects/Amp/gta4/gta_game/gameplay_sim#0.1.0","manifest_path":"/Users/bradyjeong/Documents/Projects/Amp/gta4/gta_game/gameplay_sim/Cargo.toml","target":{"kind":["lib"],"crate_types":["lib"],"name":"gameplay_sim","src_path":"/Users/bradyjeong/Documents/Projects/Amp/gta4/gta_game/gameplay_sim/src/lib.rs","edition":"2021","doc":true,"doctest":true,"test":true},"message":{"rendered":"warning: constant `MAX_ENTITIES_PER_CHUNK` is never used\n  --> gameplay_sim/src/constants.rs:16:11\n   |\n16 | pub const MAX_ENTITIES_PER_CHUNK: usize = 100;\n   |           ^^^^^^^^^^^^^^^^^^^^^^\n\n","$message_type":"diagnostic","children":[],"code":{"code":"dead_code","explanation":null},"level":"warning","message":"constant `MAX_ENTITIES_PER_CHUNK` is never used","spans":[{"byte_end":452,"byte_start":430,"column_end":33,"column_start":11,"expansion":null,"file_name":"gameplay_sim/src/constants.rs","is_primary":true,"label":null,"line_end":16,"line_start":16,"suggested_replacement":null,"suggestion_applicability":null,"text":[{"highlight_end":33,"highlight_start":11,"text":"pub const MAX_ENTITIES_PER_CHUNK: usize = 100;"}]}]}}
{"reason":"compiler-message","package_id":"path+file:///Users/bradyjeong/Documents/Projects/Amp/gta4/gta_game/gameplay_sim#0.1.0","manifest_path":"/Users/bradyjeong/Documents/Projects/Amp/gta4/gta_game/gameplay_sim/Cargo.toml","target":{"kind":["lib"],"crate_types":["lib"],"name":"gameplay_sim","src_path":"/Users/bradyjeong/Documents/Projects/Amp/gta4/gta_game/gameplay_sim/src/lib.rs","edition":"2021","doc":true,"doctest":true,"test":true},"message":{"rendered":"warning: missing documentation for a struct field\n  --> gameplay_sim/src/world/unified_world.rs:48:5\n   |\n48 |     pub roads_generated: bool,\n   |     ^^^^^^^^^^^^^^^^^^^^^^^^^\n\n","$message_type":"diagnostic","children":[],"code":{"code":"missing_docs","explanation":null},"level":"warning","message":"missing documentation for a struct field","spans":[{"byte_end":1790,"byte_start":1765,"column_end":30,"column_start":5,"expansion":null,"file_name":"gameplay_sim/src/world/unified_world.rs","is_primary":true,"label":null,"line_end":48,"line_start":48,"suggested_replacement":null,"suggestion_applicability":null,"text":[{"highlight_end":30,"highlight_start":5,"text":"    pub roads_generated: bool,"}]}]}}
{"reason":"compiler-message","package_id":"path+file:///Users/bradyjeong/Documents/Projects/Amp/gta4/gta_game/gameplay_sim#0.1.0","manifest_path":"/Users/bradyjeong/Documents/Projects/Amp/gta4/gta_game/gameplay_sim/Cargo.toml","target":{"kind":["lib"],"crate_types":["lib"],"name":"gameplay_sim","src_path":"/Users/bradyjeong/Documents/Projects/Amp/gta4/gta_game/gameplay_sim/src/lib.rs","edition":"2021","doc":true,"doctest":true,"test":true},"message":{"rendered":"warning: constant `DISTANCE_CACHE_SIZE` is never used\n  --> gameplay_sim/src/constants.rs:17:11\n   |\n17 | pub const DISTANCE_CACHE_SIZE: usize = 2048;\n   |           ^^^^^^^^^^^^^^^^^^^\n\n","$message_type":"diagnostic","children":[],"code":{"code":"dead_code","explanation":null},"level":"warning","message":"constant `DISTANCE_CACHE_SIZE` is never used","spans":[{"byte_end":496,"byte_start":477,"column_end":30,"column_start":11,"expansion":null,"file_name":"gameplay_sim/src/constants.rs","is_primary":true,"label":null,"line_end":17,"line_start":17,"suggested_replacement":null,"suggestion_applicability":null,"text":[{"highlight_end":30,"highlight_start":11,"text":"pub const DISTANCE_CACHE_SIZE: usize = 2048;"}]}]}}
{"reason":"compiler-message","package_id":"path+file:///Users/bradyjeong/Documents/Projects/Amp/gta4/gta_game/gameplay_sim#0.1.0","manifest_path":"/Users/bradyjeong/Documents/Projects/Amp/gta4/gta_game/gameplay_sim/Cargo.toml","target":{"kind":["lib"],"crate_types":["lib"],"name":"gameplay_sim","src_path":"/Users/bradyjeong/Documents/Projects/Amp/gta4/gta_game/gameplay_sim/src/lib.rs","edition":"2021","doc":true,"doctest":true,"test":true},"message":{"rendered":"warning: missing documentation for a struct field\n  --> gameplay_sim/src/world/unified_world.rs:49:5\n   |\n49 |     pub buildings_generated: bool,\n   |     ^^^^^^^^^^^^^^^^^^^^^^^^^^^^^\n\n","$message_type":"diagnostic","children":[],"code":{"code":"missing_docs","explanation":null},"level":"warning","message":"missing documentation for a struct field","spans":[{"byte_end":1825,"byte_start":1796,"column_end":34,"column_start":5,"expansion":null,"file_name":"gameplay_sim/src/world/unified_world.rs","is_primary":true,"label":null,"line_end":49,"line_start":49,"suggested_replacement":null,"suggestion_applicability":null,"text":[{"highlight_end":34,"highlight_start":5,"text":"    pub buildings_generated: bool,"}]}]}}
{"reason":"compiler-message","package_id":"path+file:///Users/bradyjeong/Documents/Projects/Amp/gta4/gta_game/gameplay_sim#0.1.0","manifest_path":"/Users/bradyjeong/Documents/Projects/Amp/gta4/gta_game/gameplay_sim/Cargo.toml","target":{"kind":["lib"],"crate_types":["lib"],"name":"gameplay_sim","src_path":"/Users/bradyjeong/Documents/Projects/Amp/gta4/gta_game/gameplay_sim/src/lib.rs","edition":"2021","doc":true,"doctest":true,"test":true},"message":{"rendered":"warning: missing documentation for a struct field\n  --> gameplay_sim/src/world/unified_world.rs:50:5\n   |\n50 |     pub vehicles_generated: bool,\n   |     ^^^^^^^^^^^^^^^^^^^^^^^^^^^^\n\n","$message_type":"diagnostic","children":[],"code":{"code":"missing_docs","explanation":null},"level":"warning","message":"missing documentation for a struct field","spans":[{"byte_end":1859,"byte_start":1831,"column_end":33,"column_start":5,"expansion":null,"file_name":"gameplay_sim/src/world/unified_world.rs","is_primary":true,"label":null,"line_end":50,"line_start":50,"suggested_replacement":null,"suggestion_applicability":null,"text":[{"highlight_end":33,"highlight_start":5,"text":"    pub vehicles_generated: bool,"}]}]}}
{"reason":"compiler-message","package_id":"path+file:///Users/bradyjeong/Documents/Projects/Amp/gta4/gta_game/gameplay_sim#0.1.0","manifest_path":"/Users/bradyjeong/Documents/Projects/Amp/gta4/gta_game/gameplay_sim/Cargo.toml","target":{"kind":["lib"],"crate_types":["lib"],"name":"gameplay_sim","src_path":"/Users/bradyjeong/Documents/Projects/Amp/gta4/gta_game/gameplay_sim/src/lib.rs","edition":"2021","doc":true,"doctest":true,"test":true},"message":{"rendered":"warning: variants `Pine` and `Birch` are never constructed\n  --> gameplay_sim/src/compat.rs:66:5\n   |\n64 | pub enum TreeType {\n   |          -------- variants in this enum\n65 |     Oak,\n66 |     Pine,\n   |     ^^^^\n67 |     Birch,\n   |     ^^^^^\n   |\n   = note: `TreeType` has derived impls for the traits `Clone` and `Debug`, but these are intentionally ignored during dead code analysis\n\n","$message_type":"diagnostic","children":[{"children":[],"code":null,"level":"note","message":"`TreeType` has derived impls for the traits `Clone` and `Debug`, but these are intentionally ignored during dead code analysis","rendered":null,"spans":[]}],"code":{"code":"dead_code","explanation":null},"level":"warning","message":"variants `Pine` and `Birch` are never constructed","spans":[{"byte_end":2090,"byte_start":2082,"column_end":18,"column_start":10,"expansion":null,"file_name":"gameplay_sim/src/compat.rs","is_primary":false,"label":"variants in this enum","line_end":64,"line_start":64,"suggested_replacement":null,"suggestion_applicability":null,"text":[{"highlight_end":18,"highlight_start":10,"text":"pub enum TreeType {"}]},{"byte_end":2110,"byte_start":2106,"column_end":9,"column_start":5,"expansion":null,"file_name":"gameplay_sim/src/compat.rs","is_primary":true,"label":null,"line_end":66,"line_start":66,"suggested_replacement":null,"suggestion_applicability":null,"text":[{"highlight_end":9,"highlight_start":5,"text":"    Pine,"}]},{"byte_end":2121,"byte_start":2116,"column_end":10,"column_start":5,"expansion":null,"file_name":"gameplay_sim/src/compat.rs","is_primary":true,"label":null,"line_end":67,"line_start":67,"suggested_replacement":null,"suggestion_applicability":null,"text":[{"highlight_end":10,"highlight_start":5,"text":"    Birch,"}]}]}}
{"reason":"compiler-message","package_id":"path+file:///Users/bradyjeong/Documents/Projects/Amp/gta4/gta_game/gameplay_sim#0.1.0","manifest_path":"/Users/bradyjeong/Documents/Projects/Amp/gta4/gta_game/gameplay_sim/Cargo.toml","target":{"kind":["lib"],"crate_types":["lib"],"name":"gameplay_sim","src_path":"/Users/bradyjeong/Documents/Projects/Amp/gta4/gta_game/gameplay_sim/src/lib.rs","edition":"2021","doc":true,"doctest":true,"test":true},"message":{"rendered":"warning: missing documentation for a struct field\n  --> gameplay_sim/src/world/unified_world.rs:51:5\n   |\n51 |     pub vegetation_generated: bool,\n   |     ^^^^^^^^^^^^^^^^^^^^^^^^^^^^^^\n\n","$message_type":"diagnostic","children":[],"code":{"code":"missing_docs","explanation":null},"level":"warning","message":"missing documentation for a struct field","spans":[{"byte_end":1895,"byte_start":1865,"column_end":35,"column_start":5,"expansion":null,"file_name":"gameplay_sim/src/world/unified_world.rs","is_primary":true,"label":null,"line_end":51,"line_start":51,"suggested_replacement":null,"suggestion_applicability":null,"text":[{"highlight_end":35,"highlight_start":5,"text":"    pub vegetation_generated: bool,"}]}]}}
{"reason":"compiler-message","package_id":"path+file:///Users/bradyjeong/Documents/Projects/Amp/gta4/gta_game/gameplay_sim#0.1.0","manifest_path":"/Users/bradyjeong/Documents/Projects/Amp/gta4/gta_game/gameplay_sim/Cargo.toml","target":{"kind":["lib"],"crate_types":["lib"],"name":"gameplay_sim","src_path":"/Users/bradyjeong/Documents/Projects/Amp/gta4/gta_game/gameplay_sim/src/lib.rs","edition":"2021","doc":true,"doctest":true,"test":true},"message":{"rendered":"warning: missing documentation for an associated function\n  --> gameplay_sim/src/world/unified_world.rs:55:5\n   |\n55 |     pub fn new(coord: ChunkCoord) -> Self {\n   |     ^^^^^^^^^^^^^^^^^^^^^^^^^^^^^^^^^^^^^\n\n","$message_type":"diagnostic","children":[],"code":{"code":"missing_docs","explanation":null},"level":"warning","message":"missing documentation for an associated function","spans":[{"byte_end":1958,"byte_start":1921,"column_end":42,"column_start":5,"expansion":null,"file_name":"gameplay_sim/src/world/unified_world.rs","is_primary":true,"label":null,"line_end":55,"line_start":55,"suggested_replacement":null,"suggestion_applicability":null,"text":[{"highlight_end":42,"highlight_start":5,"text":"    pub fn new(coord: ChunkCoord) -> Self {"}]}]}}
{"reason":"compiler-message","package_id":"path+file:///Users/bradyjeong/Documents/Projects/Amp/gta4/gta_game/gameplay_sim#0.1.0","manifest_path":"/Users/bradyjeong/Documents/Projects/Amp/gta4/gta_game/gameplay_sim/Cargo.toml","target":{"kind":["lib"],"crate_types":["lib"],"name":"gameplay_sim","src_path":"/Users/bradyjeong/Documents/Projects/Amp/gta4/gta_game/gameplay_sim/src/lib.rs","edition":"2021","doc":true,"doctest":true,"test":true},"message":{"rendered":"warning: variants `Walking`, `Running`, and `Driving` are never constructed\n  --> gameplay_sim/src/compat.rs:80:5\n   |\n78 | pub enum NPCBehaviorState {\n   |          ---------------- variants in this enum\n79 |     Idle,\n80 |     Walking,\n   |     ^^^^^^^\n81 |     Running,\n   |     ^^^^^^^\n82 |     Driving,\n   |     ^^^^^^^\n   |\n   = note: `NPCBehaviorState` has derived impls for the traits `Clone` and `Debug`, but these are intentionally ignored during dead code analysis\n\n","$message_type":"diagnostic","children":[{"children":[],"code":null,"level":"note","message":"`NPCBehaviorState` has derived impls for the traits `Clone` and `Debug`, but these are intentionally ignored during dead code analysis","rendered":null,"spans":[]}],"code":{"code":"dead_code","explanation":null},"level":"warning","message":"variants `Walking`, `Running`, and `Driving` are never constructed","spans":[{"byte_end":2318,"byte_start":2302,"column_end":26,"column_start":10,"expansion":null,"file_name":"gameplay_sim/src/compat.rs","is_primary":false,"label":"variants in this enum","line_end":78,"line_start":78,"suggested_replacement":null,"suggestion_applicability":null,"text":[{"highlight_end":26,"highlight_start":10,"text":"pub enum NPCBehaviorState {"}]},{"byte_end":2342,"byte_start":2335,"column_end":12,"column_start":5,"expansion":null,"file_name":"gameplay_sim/src/compat.rs","is_primary":true,"label":null,"line_end":80,"line_start":80,"suggested_replacement":null,"suggestion_applicability":null,"text":[{"highlight_end":12,"highlight_start":5,"text":"    Walking,"}]},{"byte_end":2355,"byte_start":2348,"column_end":12,"column_start":5,"expansion":null,"file_name":"gameplay_sim/src/compat.rs","is_primary":true,"label":null,"line_end":81,"line_start":81,"suggested_replacement":null,"suggestion_applicability":null,"text":[{"highlight_end":12,"highlight_start":5,"text":"    Running,"}]},{"byte_end":2368,"byte_start":2361,"column_end":12,"column_start":5,"expansion":null,"file_name":"gameplay_sim/src/compat.rs","is_primary":true,"label":null,"line_end":82,"line_start":82,"suggested_replacement":null,"suggestion_applicability":null,"text":[{"highlight_end":12,"highlight_start":5,"text":"    Driving,"}]}]}}
{"reason":"compiler-message","package_id":"path+file:///Users/bradyjeong/Documents/Projects/Amp/gta4/gta_game/gameplay_sim#0.1.0","manifest_path":"/Users/bradyjeong/Documents/Projects/Amp/gta4/gta_game/gameplay_sim/Cargo.toml","target":{"kind":["lib"],"crate_types":["lib"],"name":"gameplay_sim","src_path":"/Users/bradyjeong/Documents/Projects/Amp/gta4/gta_game/gameplay_sim/src/lib.rs","edition":"2021","doc":true,"doctest":true,"test":true},"message":{"rendered":"warning: missing documentation for an associated function\n  --> gameplay_sim/src/world/unified_world.rs:81:5\n   |\n81 |     pub fn new() -> Self {\n   |     ^^^^^^^^^^^^^^^^^^^^\n\n","$message_type":"diagnostic","children":[],"code":{"code":"missing_docs","explanation":null},"level":"warning","message":"missing documentation for an associated function","spans":[{"byte_end":2780,"byte_start":2760,"column_end":25,"column_start":5,"expansion":null,"file_name":"gameplay_sim/src/world/unified_world.rs","is_primary":true,"label":null,"line_end":81,"line_start":81,"suggested_replacement":null,"suggestion_applicability":null,"text":[{"highlight_end":25,"highlight_start":5,"text":"    pub fn new() -> Self {"}]}]}}
{"reason":"compiler-message","package_id":"path+file:///Users/bradyjeong/Documents/Projects/Amp/gta4/gta_game/gameplay_sim#0.1.0","manifest_path":"/Users/bradyjeong/Documents/Projects/Amp/gta4/gta_game/gameplay_sim/Cargo.toml","target":{"kind":["lib"],"crate_types":["lib"],"name":"gameplay_sim","src_path":"/Users/bradyjeong/Documents/Projects/Amp/gta4/gta_game/gameplay_sim/src/lib.rs","edition":"2021","doc":true,"doctest":true,"test":true},"message":{"rendered":"warning: variants `NotImplemented`, `InvalidConfiguration`, and `MissingComponent` are never constructed\n  --> gameplay_sim/src/compat.rs:94:5\n   |\n93 | pub enum BundleError {\n   |          ----------- variants in this enum\n94 |     NotImplemented,\n   |     ^^^^^^^^^^^^^^\n95 |     InvalidConfiguration,\n   |     ^^^^^^^^^^^^^^^^^^^^\n96 |     MissingComponent,\n   |     ^^^^^^^^^^^^^^^^\n   |\n   = note: `BundleError` has derived impls for the traits `Clone` and `Debug`, but these are intentionally ignored during dead code analysis\n\n","$message_type":"diagnostic","children":[{"children":[],"code":null,"level":"note","message":"`BundleError` has derived impls for the traits `Clone` and `Debug`, but these are intentionally ignored during dead code analysis","rendered":null,"spans":[]}],"code":{"code":"dead_code","explanation":null},"level":"warning","message":"variants `NotImplemented`, `InvalidConfiguration`, and `MissingComponent` are never constructed","spans":[{"byte_end":2559,"byte_start":2548,"column_end":21,"column_start":10,"expansion":null,"file_name":"gameplay_sim/src/compat.rs","is_primary":false,"label":"variants in this enum","line_end":93,"line_start":93,"suggested_replacement":null,"suggestion_applicability":null,"text":[{"highlight_end":21,"highlight_start":10,"text":"pub enum BundleError {"}]},{"byte_end":2580,"byte_start":2566,"column_end":19,"column_start":5,"expansion":null,"file_name":"gameplay_sim/src/compat.rs","is_primary":true,"label":null,"line_end":94,"line_start":94,"suggested_replacement":null,"suggestion_applicability":null,"text":[{"highlight_end":19,"highlight_start":5,"text":"    NotImplemented,"}]},{"byte_end":2606,"byte_start":2586,"column_end":25,"column_start":5,"expansion":null,"file_name":"gameplay_sim/src/compat.rs","is_primary":true,"label":null,"line_end":95,"line_start":95,"suggested_replacement":null,"suggestion_applicability":null,"text":[{"highlight_end":25,"highlight_start":5,"text":"    InvalidConfiguration,"}]},{"byte_end":2628,"byte_start":2612,"column_end":21,"column_start":5,"expansion":null,"file_name":"gameplay_sim/src/compat.rs","is_primary":true,"label":null,"line_end":96,"line_start":96,"suggested_replacement":null,"suggestion_applicability":null,"text":[{"highlight_end":21,"highlight_start":5,"text":"    MissingComponent,"}]}]}}
{"reason":"compiler-message","package_id":"path+file:///Users/bradyjeong/Documents/Projects/Amp/gta4/gta_game/gameplay_sim#0.1.0","manifest_path":"/Users/bradyjeong/Documents/Projects/Amp/gta4/gta_game/gameplay_sim/Cargo.toml","target":{"kind":["lib"],"crate_types":["lib"],"name":"gameplay_sim","src_path":"/Users/bradyjeong/Documents/Projects/Amp/gta4/gta_game/gameplay_sim/src/lib.rs","edition":"2021","doc":true,"doctest":true,"test":true},"message":{"rendered":"warning: missing documentation for a method\n  --> gameplay_sim/src/world/unified_world.rs:88:5\n   |\n88 |     pub fn clear(&mut self) {\n   |     ^^^^^^^^^^^^^^^^^^^^^^^\n\n","$message_type":"diagnostic","children":[],"code":{"code":"missing_docs","explanation":null},"level":"warning","message":"missing documentation for a method","spans":[{"byte_end":2930,"byte_start":2907,"column_end":28,"column_start":5,"expansion":null,"file_name":"gameplay_sim/src/world/unified_world.rs","is_primary":true,"label":null,"line_end":88,"line_start":88,"suggested_replacement":null,"suggestion_applicability":null,"text":[{"highlight_end":28,"highlight_start":5,"text":"    pub fn clear(&mut self) {"}]}]}}
{"reason":"compiler-message","package_id":"path+file:///Users/bradyjeong/Documents/Projects/Amp/gta4/gta_game/gameplay_sim#0.1.0","manifest_path":"/Users/bradyjeong/Documents/Projects/Amp/gta4/gta_game/gameplay_sim/Cargo.toml","target":{"kind":["lib"],"crate_types":["lib"],"name":"gameplay_sim","src_path":"/Users/bradyjeong/Documents/Projects/Amp/gta4/gta_game/gameplay_sim/src/lib.rs","edition":"2021","doc":true,"doctest":true,"test":true},"message":{"rendered":"warning: fields `loading` and `progress` are never read\n   --> gameplay_sim/src/compat.rs:136:9\n    |\n135 | pub struct LoadState {\n    |            --------- fields in this struct\n136 |     pub loading: bool,\n    |         ^^^^^^^\n137 |     pub progress: f32,\n    |         ^^^^^^^^\n    |\n    = note: `LoadState` has derived impls for the traits `Clone` and `Debug`, but these are intentionally ignored during dead code analysis\n\n","$message_type":"diagnostic","children":[{"children":[],"code":null,"level":"note","message":"`LoadState` has derived impls for the traits `Clone` and `Debug`, but these are intentionally ignored during dead code analysis","rendered":null,"spans":[]}],"code":{"code":"dead_code","explanation":null},"level":"warning","message":"fields `loading` and `progress` are never read","spans":[{"byte_end":3762,"byte_start":3753,"column_end":21,"column_start":12,"expansion":null,"file_name":"gameplay_sim/src/compat.rs","is_primary":false,"label":"fields in this struct","line_end":135,"line_start":135,"suggested_replacement":null,"suggestion_applicability":null,"text":[{"highlight_end":21,"highlight_start":12,"text":"pub struct LoadState {"}]},{"byte_end":3780,"byte_start":3773,"column_end":16,"column_start":9,"expansion":null,"file_name":"gameplay_sim/src/compat.rs","is_primary":true,"label":null,"line_end":136,"line_start":136,"suggested_replacement":null,"suggestion_applicability":null,"text":[{"highlight_end":16,"highlight_start":9,"text":"    pub loading: bool,"}]},{"byte_end":3804,"byte_start":3796,"column_end":17,"column_start":9,"expansion":null,"file_name":"gameplay_sim/src/compat.rs","is_primary":true,"label":null,"line_end":137,"line_start":137,"suggested_replacement":null,"suggestion_applicability":null,"text":[{"highlight_end":17,"highlight_start":9,"text":"    pub progress: f32,"}]}]}}
{"reason":"compiler-message","package_id":"path+file:///Users/bradyjeong/Documents/Projects/Amp/gta4/gta_game/gameplay_sim#0.1.0","manifest_path":"/Users/bradyjeong/Documents/Projects/Amp/gta4/gta_game/gameplay_sim/Cargo.toml","target":{"kind":["lib"],"crate_types":["lib"],"name":"gameplay_sim","src_path":"/Users/bradyjeong/Documents/Projects/Amp/gta4/gta_game/gameplay_sim/src/lib.rs","edition":"2021","doc":true,"doctest":true,"test":true},"message":{"rendered":"warning: missing documentation for a method\n  --> gameplay_sim/src/world/unified_world.rs:92:5\n   |\n92 |     pub fn add_entity(&mut self, position: Vec3, content_type: ContentType, radius: f32) {\n   |     ^^^^^^^^^^^^^^^^^^^^^^^^^^^^^^^^^^^^^^^^^^^^^^^^^^^^^^^^^^^^^^^^^^^^^^^^^^^^^^^^^^^^\n\n","$message_type":"diagnostic","children":[],"code":{"code":"missing_docs","explanation":null},"level":"warning","message":"missing documentation for a method","spans":[{"byte_end":3059,"byte_start":2975,"column_end":89,"column_start":5,"expansion":null,"file_name":"gameplay_sim/src/world/unified_world.rs","is_primary":true,"label":null,"line_end":92,"line_start":92,"suggested_replacement":null,"suggestion_applicability":null,"text":[{"highlight_end":89,"highlight_start":5,"text":"    pub fn add_entity(&mut self, position: Vec3, content_type: ContentType, radius: f32) {"}]}]}}
{"reason":"compiler-message","package_id":"path+file:///Users/bradyjeong/Documents/Projects/Amp/gta4/gta_game/gameplay_sim#0.1.0","manifest_path":"/Users/bradyjeong/Documents/Projects/Amp/gta4/gta_game/gameplay_sim/Cargo.toml","target":{"kind":["lib"],"crate_types":["lib"],"name":"gameplay_sim","src_path":"/Users/bradyjeong/Documents/Projects/Amp/gta4/gta_game/gameplay_sim/src/lib.rs","edition":"2021","doc":true,"doctest":true,"test":true},"message":{"rendered":"warning: fields `tree_type`, `height`, and `age` are never read\n   --> gameplay_sim/src/compat.rs:143:9\n    |\n142 | pub struct Tree {\n    |            ---- fields in this struct\n143 |     pub tree_type: TreeType,\n    |         ^^^^^^^^^\n144 |     pub height: f32,\n    |         ^^^^^^\n145 |     pub age: f32,\n    |         ^^^\n    |\n    = note: `Tree` has derived impls for the traits `Clone` and `Debug`, but these are intentionally ignored during dead code analysis\n\n","$message_type":"diagnostic","children":[{"children":[],"code":null,"level":"note","message":"`Tree` has derived impls for the traits `Clone` and `Debug`, but these are intentionally ignored during dead code analysis","rendered":null,"spans":[]}],"code":{"code":"dead_code","explanation":null},"level":"warning","message":"fields `tree_type`, `height`, and `age` are never read","spans":[{"byte_end":3922,"byte_start":3918,"column_end":16,"column_start":12,"expansion":null,"file_name":"gameplay_sim/src/compat.rs","is_primary":false,"label":"fields in this struct","line_end":142,"line_start":142,"suggested_replacement":null,"suggestion_applicability":null,"text":[{"highlight_end":16,"highlight_start":12,"text":"pub struct Tree {"}]},{"byte_end":3942,"byte_start":3933,"column_end":18,"column_start":9,"expansion":null,"file_name":"gameplay_sim/src/compat.rs","is_primary":true,"label":null,"line_end":143,"line_start":143,"suggested_replacement":null,"suggestion_applicability":null,"text":[{"highlight_end":18,"highlight_start":9,"text":"    pub tree_type: TreeType,"}]},{"byte_end":3968,"byte_start":3962,"column_end":15,"column_start":9,"expansion":null,"file_name":"gameplay_sim/src/compat.rs","is_primary":true,"label":null,"line_end":144,"line_start":144,"suggested_replacement":null,"suggestion_applicability":null,"text":[{"highlight_end":15,"highlight_start":9,"text":"    pub height: f32,"}]},{"byte_end":3986,"byte_start":3983,"column_end":12,"column_start":9,"expansion":null,"file_name":"gameplay_sim/src/compat.rs","is_primary":true,"label":null,"line_end":145,"line_start":145,"suggested_replacement":null,"suggestion_applicability":null,"text":[{"highlight_end":12,"highlight_start":9,"text":"    pub age: f32,"}]}]}}
{"reason":"compiler-message","package_id":"path+file:///Users/bradyjeong/Documents/Projects/Amp/gta4/gta_game/gameplay_sim#0.1.0","manifest_path":"/Users/bradyjeong/Documents/Projects/Amp/gta4/gta_game/gameplay_sim/Cargo.toml","target":{"kind":["lib"],"crate_types":["lib"],"name":"gameplay_sim","src_path":"/Users/bradyjeong/Documents/Projects/Amp/gta4/gta_game/gameplay_sim/src/lib.rs","edition":"2021","doc":true,"doctest":true,"test":true},"message":{"rendered":"warning: missing documentation for a method\n  --> gameplay_sim/src/world/unified_world.rs:97:5\n   |\n97 |     pub fn remove_entity(&mut self, position: Vec3, content_type: ContentType) {\n   |     ^^^^^^^^^^^^^^^^^^^^^^^^^^^^^^^^^^^^^^^^^^^^^^^^^^^^^^^^^^^^^^^^^^^^^^^^^^\n\n","$message_type":"diagnostic","children":[],"code":{"code":"missing_docs","explanation":null},"level":"warning","message":"missing documentation for a method","spans":[{"byte_end":3283,"byte_start":3209,"column_end":79,"column_start":5,"expansion":null,"file_name":"gameplay_sim/src/world/unified_world.rs","is_primary":true,"label":null,"line_end":97,"line_start":97,"suggested_replacement":null,"suggestion_applicability":null,"text":[{"highlight_end":79,"highlight_start":5,"text":"    pub fn remove_entity(&mut self, position: Vec3, content_type: ContentType) {"}]}]}}
{"reason":"compiler-message","package_id":"path+file:///Users/bradyjeong/Documents/Projects/Amp/gta4/gta_game/gameplay_sim#0.1.0","manifest_path":"/Users/bradyjeong/Documents/Projects/Amp/gta4/gta_game/gameplay_sim/Cargo.toml","target":{"kind":["lib"],"crate_types":["lib"],"name":"gameplay_sim","src_path":"/Users/bradyjeong/Documents/Projects/Amp/gta4/gta_game/gameplay_sim/src/lib.rs","edition":"2021","doc":true,"doctest":true,"test":true},"message":{"rendered":"warning: missing documentation for a method\n   --> gameplay_sim/src/world/unified_world.rs:106:5\n    |\n106 |     pub fn can_place(&self, position: Vec3, _content_type: ContentType, radius: f32, min_distance: f32) -> bool {\n    |     ^^^^^^^^^^^^^^^^^^^^^^^^^^^^^^^^^^^^^^^^^^^^^^^^^^^^^^^^^^^^^^^^^^^^^^^^^^^^^^^^^^^^^^^^^^^^^^^^^^^^^^^^^^^\n\n","$message_type":"diagnostic","children":[],"code":{"code":"missing_docs","explanation":null},"level":"warning","message":"missing documentation for a method","spans":[{"byte_end":3668,"byte_start":3561,"column_end":112,"column_start":5,"expansion":null,"file_name":"gameplay_sim/src/world/unified_world.rs","is_primary":true,"label":null,"line_end":106,"line_start":106,"suggested_replacement":null,"suggestion_applicability":null,"text":[{"highlight_end":112,"highlight_start":5,"text":"    pub fn can_place(&self, position: Vec3, _content_type: ContentType, radius: f32, min_distance: f32) -> bool {"}]}]}}
{"reason":"compiler-message","package_id":"path+file:///Users/bradyjeong/Documents/Projects/Amp/gta4/gta_game/gameplay_sim#0.1.0","manifest_path":"/Users/bradyjeong/Documents/Projects/Amp/gta4/gta_game/gameplay_sim/Cargo.toml","target":{"kind":["lib"],"crate_types":["lib"],"name":"gameplay_sim","src_path":"/Users/bradyjeong/Documents/Projects/Amp/gta4/gta_game/gameplay_sim/src/lib.rs","edition":"2021","doc":true,"doctest":true,"test":true},"message":{"rendered":"warning: multiple fields are never read\n   --> gameplay_sim/src/compat.rs:150:9\n    |\n149 | pub struct NPC {\n    |            --- fields in this struct\n150 |     pub target_position: Vec3,\n    |         ^^^^^^^^^^^^^^^\n151 |     pub speed: f32,\n    |         ^^^^^\n152 |     pub last_update: f32,\n    |         ^^^^^^^^^^^\n153 |     pub update_interval: f32,\n    |         ^^^^^^^^^^^^^^^\n154 |     pub health: f32,\n    |         ^^^^^^\n155 |     pub max_health: f32,\n    |         ^^^^^^^^^^\n156 |     pub behavior_state: NPCBehaviorState,\n    |         ^^^^^^^^^^^^^^\n157 |     pub spawn_time: f32,\n    |         ^^^^^^^^^^\n    |\n    = note: `NPC` has derived impls for the traits `Clone` and `Debug`, but these are intentionally ignored during dead code analysis\n\n","$message_type":"diagnostic","children":[{"children":[],"code":null,"level":"note","message":"`NPC` has derived impls for the traits `Clone` and `Debug`, but these are intentionally ignored during dead code analysis","rendered":null,"spans":[]}],"code":{"code":"dead_code","explanation":null},"level":"warning","message":"multiple fields are never read","spans":[{"byte_end":4069,"byte_start":4066,"column_end":15,"column_start":12,"expansion":null,"file_name":"gameplay_sim/src/compat.rs","is_primary":false,"label":"fields in this struct","line_end":149,"line_start":149,"suggested_replacement":null,"suggestion_applicability":null,"text":[{"highlight_end":15,"highlight_start":12,"text":"pub struct NPC {"}]},{"byte_end":4095,"byte_start":4080,"column_end":24,"column_start":9,"expansion":null,"file_name":"gameplay_sim/src/compat.rs","is_primary":true,"label":null,"line_end":150,"line_start":150,"suggested_replacement":null,"suggestion_applicability":null,"text":[{"highlight_end":24,"highlight_start":9,"text":"    pub target_position: Vec3,"}]},{"byte_end":4116,"byte_start":4111,"column_end":14,"column_start":9,"expansion":null,"file_name":"gameplay_sim/src/compat.rs","is_primary":true,"label":null,"line_end":151,"line_start":151,"suggested_replacement":null,"suggestion_applicability":null,"text":[{"highlight_end":14,"highlight_start":9,"text":"    pub speed: f32,"}]},{"byte_end":4142,"byte_start":4131,"column_end":20,"column_start":9,"expansion":null,"file_name":"gameplay_sim/src/compat.rs","is_primary":true,"label":null,"line_end":152,"line_start":152,"suggested_replacement":null,"suggestion_applicability":null,"text":[{"highlight_end":20,"highlight_start":9,"text":"    pub last_update: f32,"}]},{"byte_end":4172,"byte_start":4157,"column_end":24,"column_start":9,"expansion":null,"file_name":"gameplay_sim/src/compat.rs","is_primary":true,"label":null,"line_end":153,"line_start":153,"suggested_replacement":null,"suggestion_applicability":null,"text":[{"highlight_end":24,"highlight_start":9,"text":"    pub update_interval: f32,"}]},{"byte_end":4193,"byte_start":4187,"column_end":15,"column_start":9,"expansion":null,"file_name":"gameplay_sim/src/compat.rs","is_primary":true,"label":null,"line_end":154,"line_start":154,"suggested_replacement":null,"suggestion_applicability":null,"text":[{"highlight_end":15,"highlight_start":9,"text":"    pub health: f32,"}]},{"byte_end":4218,"byte_start":4208,"column_end":19,"column_start":9,"expansion":null,"file_name":"gameplay_sim/src/compat.rs","is_primary":true,"label":null,"line_end":155,"line_start":155,"suggested_replacement":null,"suggestion_applicability":null,"text":[{"highlight_end":19,"highlight_start":9,"text":"    pub max_health: f32,"}]},{"byte_end":4247,"byte_start":4233,"column_end":23,"column_start":9,"expansion":null,"file_name":"gameplay_sim/src/compat.rs","is_primary":true,"label":null,"line_end":156,"line_start":156,"suggested_replacement":null,"suggestion_applicability":null,"text":[{"highlight_end":23,"highlight_start":9,"text":"    pub behavior_state: NPCBehaviorState,"}]},{"byte_end":4285,"byte_start":4275,"column_end":19,"column_start":9,"expansion":null,"file_name":"gameplay_sim/src/compat.rs","is_primary":true,"label":null,"line_end":157,"line_start":157,"suggested_replacement":null,"suggestion_applicability":null,"text":[{"highlight_end":19,"highlight_start":9,"text":"    pub spawn_time: f32,"}]}]}}
{"reason":"compiler-message","package_id":"path+file:///Users/bradyjeong/Documents/Projects/Amp/gta4/gta_game/gameplay_sim#0.1.0","manifest_path":"/Users/bradyjeong/Documents/Projects/Amp/gta4/gta_game/gameplay_sim/Cargo.toml","target":{"kind":["lib"],"crate_types":["lib"],"name":"gameplay_sim","src_path":"/Users/bradyjeong/Documents/Projects/Amp/gta4/gta_game/gameplay_sim/src/lib.rs","edition":"2021","doc":true,"doctest":true,"test":true},"message":{"rendered":"warning: missing documentation for a method\n   --> gameplay_sim/src/world/unified_world.rs:129:5\n    |\n129 |     pub fn get_nearby_entities(&self, position: Vec3, radius: f32) -> Vec<(Vec3, ContentType, f32)> {\n    |     ^^^^^^^^^^^^^^^^^^^^^^^^^^^^^^^^^^^^^^^^^^^^^^^^^^^^^^^^^^^^^^^^^^^^^^^^^^^^^^^^^^^^^^^^^^^^^^^\n\n","$message_type":"diagnostic","children":[],"code":{"code":"missing_docs","explanation":null},"level":"warning","message":"missing documentation for a method","spans":[{"byte_end":4565,"byte_start":4470,"column_end":100,"column_start":5,"expansion":null,"file_name":"gameplay_sim/src/world/unified_world.rs","is_primary":true,"label":null,"line_end":129,"line_start":129,"suggested_replacement":null,"suggestion_applicability":null,"text":[{"highlight_end":100,"highlight_start":5,"text":"    pub fn get_nearby_entities(&self, position: Vec3, radius: f32) -> Vec<(Vec3, ContentType, f32)> {"}]}]}}
{"reason":"compiler-message","package_id":"path+file:///Users/bradyjeong/Documents/Projects/Amp/gta4/gta_game/gameplay_sim#0.1.0","manifest_path":"/Users/bradyjeong/Documents/Projects/Amp/gta4/gta_game/gameplay_sim/Cargo.toml","target":{"kind":["lib"],"crate_types":["lib"],"name":"gameplay_sim","src_path":"/Users/bradyjeong/Documents/Projects/Amp/gta4/gta_game/gameplay_sim/src/lib.rs","edition":"2021","doc":true,"doctest":true,"test":true},"message":{"rendered":"warning: variants `Highway`, `MainStreet`, and `Alley` are never constructed\n   --> gameplay_sim/src/compat.rs:163:5\n    |\n162 | pub enum RoadType {\n    |          -------- variants in this enum\n163 |     Highway,\n    |     ^^^^^^^\n164 |     MainStreet, \n    |     ^^^^^^^^^^\n165 |     SideStreet,\n166 |     Alley,\n    |     ^^^^^\n    |\n    = note: `RoadType` has derived impls for the traits `Clone` and `Debug`, but these are intentionally ignored during dead code analysis\n\n","$message_type":"diagnostic","children":[{"children":[],"code":null,"level":"note","message":"`RoadType` has derived impls for the traits `Clone` and `Debug`, but these are intentionally ignored during dead code analysis","rendered":null,"spans":[]}],"code":{"code":"dead_code","explanation":null},"level":"warning","message":"variants `Highway`, `MainStreet`, and `Alley` are never constructed","spans":[{"byte_end":4395,"byte_start":4387,"column_end":18,"column_start":10,"expansion":null,"file_name":"gameplay_sim/src/compat.rs","is_primary":false,"label":"variants in this enum","line_end":162,"line_start":162,"suggested_replacement":null,"suggestion_applicability":null,"text":[{"highlight_end":18,"highlight_start":10,"text":"pub enum RoadType {"}]},{"byte_end":4409,"byte_start":4402,"column_end":12,"column_start":5,"expansion":null,"file_name":"gameplay_sim/src/compat.rs","is_primary":true,"label":null,"line_end":163,"line_start":163,"suggested_replacement":null,"suggestion_applicability":null,"text":[{"highlight_end":12,"highlight_start":5,"text":"    Highway,"}]},{"byte_end":4425,"byte_start":4415,"column_end":15,"column_start":5,"expansion":null,"file_name":"gameplay_sim/src/compat.rs","is_primary":true,"label":null,"line_end":164,"line_start":164,"suggested_replacement":null,"suggestion_applicability":null,"text":[{"highlight_end":15,"highlight_start":5,"text":"    MainStreet, "}]},{"byte_end":4453,"byte_start":4448,"column_end":10,"column_start":5,"expansion":null,"file_name":"gameplay_sim/src/compat.rs","is_primary":true,"label":null,"line_end":166,"line_start":166,"suggested_replacement":null,"suggestion_applicability":null,"text":[{"highlight_end":10,"highlight_start":5,"text":"    Alley,"}]}]}}
{"reason":"compiler-message","package_id":"path+file:///Users/bradyjeong/Documents/Projects/Amp/gta4/gta_game/gameplay_sim#0.1.0","manifest_path":"/Users/bradyjeong/Documents/Projects/Amp/gta4/gta_game/gameplay_sim/Cargo.toml","target":{"kind":["lib"],"crate_types":["lib"],"name":"gameplay_sim","src_path":"/Users/bradyjeong/Documents/Projects/Amp/gta4/gta_game/gameplay_sim/src/lib.rs","edition":"2021","doc":true,"doctest":true,"test":true},"message":{"rendered":"warning: fields `points`, `road_type`, and `width` are never read\n   --> gameplay_sim/src/compat.rs:181:9\n    |\n180 | pub struct RoadSpline {\n    |            ---------- fields in this struct\n181 |     pub points: Vec<Vec3>,\n    |         ^^^^^^\n182 |     pub road_type: RoadType,\n    |         ^^^^^^^^^\n183 |     pub width: f32,\n    |         ^^^^^\n    |\n    = note: `RoadSpline` has derived impls for the traits `Clone` and `Debug`, but these are intentionally ignored during dead code analysis\n\n","$message_type":"diagnostic","children":[{"children":[],"code":null,"level":"note","message":"`RoadSpline` has derived impls for the traits `Clone` and `Debug`, but these are intentionally ignored during dead code analysis","rendered":null,"spans":[]}],"code":{"code":"dead_code","explanation":null},"level":"warning","message":"fields `points`, `road_type`, and `width` are never read","spans":[{"byte_end":4712,"byte_start":4702,"column_end":22,"column_start":12,"expansion":null,"file_name":"gameplay_sim/src/compat.rs","is_primary":false,"label":"fields in this struct","line_end":180,"line_start":180,"suggested_replacement":null,"suggestion_applicability":null,"text":[{"highlight_end":22,"highlight_start":12,"text":"pub struct RoadSpline {"}]},{"byte_end":4729,"byte_start":4723,"column_end":15,"column_start":9,"expansion":null,"file_name":"gameplay_sim/src/compat.rs","is_primary":true,"label":null,"line_end":181,"line_start":181,"suggested_replacement":null,"suggestion_applicability":null,"text":[{"highlight_end":15,"highlight_start":9,"text":"    pub points: Vec<Vec3>,"}]},{"byte_end":4759,"byte_start":4750,"column_end":18,"column_start":9,"expansion":null,"file_name":"gameplay_sim/src/compat.rs","is_primary":true,"label":null,"line_end":182,"line_start":182,"suggested_replacement":null,"suggestion_applicability":null,"text":[{"highlight_end":18,"highlight_start":9,"text":"    pub road_type: RoadType,"}]},{"byte_end":4784,"byte_start":4779,"column_end":14,"column_start":9,"expansion":null,"file_name":"gameplay_sim/src/compat.rs","is_primary":true,"label":null,"line_end":183,"line_start":183,"suggested_replacement":null,"suggestion_applicability":null,"text":[{"highlight_end":14,"highlight_start":9,"text":"    pub width: f32,"}]}]}}
{"reason":"compiler-message","package_id":"path+file:///Users/bradyjeong/Documents/Projects/Amp/gta4/gta_game/gameplay_sim#0.1.0","manifest_path":"/Users/bradyjeong/Documents/Projects/Amp/gta4/gta_game/gameplay_sim/Cargo.toml","target":{"kind":["lib"],"crate_types":["lib"],"name":"gameplay_sim","src_path":"/Users/bradyjeong/Documents/Projects/Amp/gta4/gta_game/gameplay_sim/src/lib.rs","edition":"2021","doc":true,"doctest":true,"test":true},"message":{"rendered":"warning: missing documentation for a struct field\n   --> gameplay_sim/src/world/unified_world.rs:161:5\n    |\n161 |     pub chunks: HashMap<ChunkCoord, ChunkData>,\n    |     ^^^^^^^^^^^^^^^^^^^^^^^^^^^^^^^^^^^^^^^^^^\n\n","$message_type":"diagnostic","children":[],"code":{"code":"missing_docs","explanation":null},"level":"warning","message":"missing documentation for a struct field","spans":[{"byte_end":5675,"byte_start":5633,"column_end":47,"column_start":5,"expansion":null,"file_name":"gameplay_sim/src/world/unified_world.rs","is_primary":true,"label":null,"line_end":161,"line_start":161,"suggested_replacement":null,"suggestion_applicability":null,"text":[{"highlight_end":47,"highlight_start":5,"text":"    pub chunks: HashMap<ChunkCoord, ChunkData>,"}]}]}}
{"reason":"compiler-message","package_id":"path+file:///Users/bradyjeong/Documents/Projects/Amp/gta4/gta_game/gameplay_sim#0.1.0","manifest_path":"/Users/bradyjeong/Documents/Projects/Amp/gta4/gta_game/gameplay_sim/Cargo.toml","target":{"kind":["lib"],"crate_types":["lib"],"name":"gameplay_sim","src_path":"/Users/bradyjeong/Documents/Projects/Amp/gta4/gta_game/gameplay_sim/src/lib.rs","edition":"2021","doc":true,"doctest":true,"test":true},"message":{"rendered":"warning: variants `Loading` and `Loaded` are never constructed\n   --> gameplay_sim/src/compat.rs:199:5\n    |\n198 | pub enum ChunkState {\n    |          ---------- variants in this enum\n199 |     Loading,\n    |     ^^^^^^^\n200 |     Loaded { entity_count: usize },\n    |     ^^^^^^\n    |\n    = note: `ChunkState` has derived impls for the traits `Clone` and `Debug`, but these are intentionally ignored during dead code analysis\n\n","$message_type":"diagnostic","children":[{"children":[],"code":null,"level":"note","message":"`ChunkState` has derived impls for the traits `Clone` and `Debug`, but these are intentionally ignored during dead code analysis","rendered":null,"spans":[]}],"code":{"code":"dead_code","explanation":null},"level":"warning","message":"variants `Loading` and `Loaded` are never constructed","spans":[{"byte_end":5073,"byte_start":5063,"column_end":20,"column_start":10,"expansion":null,"file_name":"gameplay_sim/src/compat.rs","is_primary":false,"label":"variants in this enum","line_end":198,"line_start":198,"suggested_replacement":null,"suggestion_applicability":null,"text":[{"highlight_end":20,"highlight_start":10,"text":"pub enum ChunkState {"}]},{"byte_end":5087,"byte_start":5080,"column_end":12,"column_start":5,"expansion":null,"file_name":"gameplay_sim/src/compat.rs","is_primary":true,"label":null,"line_end":199,"line_start":199,"suggested_replacement":null,"suggestion_applicability":null,"text":[{"highlight_end":12,"highlight_start":5,"text":"    Loading,"}]},{"byte_end":5099,"byte_start":5093,"column_end":11,"column_start":5,"expansion":null,"file_name":"gameplay_sim/src/compat.rs","is_primary":true,"label":null,"line_end":200,"line_start":200,"suggested_replacement":null,"suggestion_applicability":null,"text":[{"highlight_end":11,"highlight_start":5,"text":"    Loaded { entity_count: usize },"}]}]}}
{"reason":"compiler-message","package_id":"path+file:///Users/bradyjeong/Documents/Projects/Amp/gta4/gta_game/gameplay_sim#0.1.0","manifest_path":"/Users/bradyjeong/Documents/Projects/Amp/gta4/gta_game/gameplay_sim/Cargo.toml","target":{"kind":["lib"],"crate_types":["lib"],"name":"gameplay_sim","src_path":"/Users/bradyjeong/Documents/Projects/Amp/gta4/gta_game/gameplay_sim/src/lib.rs","edition":"2021","doc":true,"doctest":true,"test":true},"message":{"rendered":"warning: missing documentation for a struct field\n   --> gameplay_sim/src/world/unified_world.rs:162:5\n    |\n162 |     pub placement_grid: PlacementGrid,\n    |     ^^^^^^^^^^^^^^^^^^^^^^^^^^^^^^^^^\n\n","$message_type":"diagnostic","children":[],"code":{"code":"missing_docs","explanation":null},"level":"warning","message":"missing documentation for a struct field","spans":[{"byte_end":5714,"byte_start":5681,"column_end":38,"column_start":5,"expansion":null,"file_name":"gameplay_sim/src/world/unified_world.rs","is_primary":true,"label":null,"line_end":162,"line_start":162,"suggested_replacement":null,"suggestion_applicability":null,"text":[{"highlight_end":38,"highlight_start":5,"text":"    pub placement_grid: PlacementGrid,"}]}]}}
{"reason":"compiler-message","package_id":"path+file:///Users/bradyjeong/Documents/Projects/Amp/gta4/gta_game/gameplay_sim#0.1.0","manifest_path":"/Users/bradyjeong/Documents/Projects/Amp/gta4/gta_game/gameplay_sim/Cargo.toml","target":{"kind":["lib"],"crate_types":["lib"],"name":"gameplay_sim","src_path":"/Users/bradyjeong/Documents/Projects/Amp/gta4/gta_game/gameplay_sim/src/lib.rs","edition":"2021","doc":true,"doctest":true,"test":true},"message":{"rendered":"warning: type alias `UnifiedPerformanceTracker` is never used\n   --> gameplay_sim/src/compat.rs:211:10\n    |\n211 | pub type UnifiedPerformanceTracker = engine_bevy::services::performance_service::UnifiedPerformanceTracker;\n    |          ^^^^^^^^^^^^^^^^^^^^^^^^^\n\n","$message_type":"diagnostic","children":[],"code":{"code":"dead_code","explanation":null},"level":"warning","message":"type alias `UnifiedPerformanceTracker` is never used","spans":[{"byte_end":5311,"byte_start":5286,"column_end":35,"column_start":10,"expansion":null,"file_name":"gameplay_sim/src/compat.rs","is_primary":true,"label":null,"line_end":211,"line_start":211,"suggested_replacement":null,"suggestion_applicability":null,"text":[{"highlight_end":35,"highlight_start":10,"text":"pub type UnifiedPerformanceTracker = engine_bevy::services::performance_service::UnifiedPerformanceTracker;"}]}]}}
{"reason":"compiler-message","package_id":"path+file:///Users/bradyjeong/Documents/Projects/Amp/gta4/gta_game/gameplay_sim#0.1.0","manifest_path":"/Users/bradyjeong/Documents/Projects/Amp/gta4/gta_game/gameplay_sim/Cargo.toml","target":{"kind":["lib"],"crate_types":["lib"],"name":"gameplay_sim","src_path":"/Users/bradyjeong/Documents/Projects/Amp/gta4/gta_game/gameplay_sim/src/lib.rs","edition":"2021","doc":true,"doctest":true,"test":true},"message":{"rendered":"warning: missing documentation for a struct field\n   --> gameplay_sim/src/world/unified_world.rs:163:5\n    |\n163 |     pub road_network: RoadNetwork,\n    |     ^^^^^^^^^^^^^^^^^^^^^^^^^^^^^\n\n","$message_type":"diagnostic","children":[],"code":{"code":"missing_docs","explanation":null},"level":"warning","message":"missing documentation for a struct field","spans":[{"byte_end":5749,"byte_start":5720,"column_end":34,"column_start":5,"expansion":null,"file_name":"gameplay_sim/src/world/unified_world.rs","is_primary":true,"label":null,"line_end":163,"line_start":163,"suggested_replacement":null,"suggestion_applicability":null,"text":[{"highlight_end":34,"highlight_start":5,"text":"    pub road_network: RoadNetwork,"}]}]}}
{"reason":"compiler-message","package_id":"path+file:///Users/bradyjeong/Documents/Projects/Amp/gta4/gta_game/gameplay_sim#0.1.0","manifest_path":"/Users/bradyjeong/Documents/Projects/Amp/gta4/gta_game/gameplay_sim/Cargo.toml","target":{"kind":["lib"],"crate_types":["lib"],"name":"gameplay_sim","src_path":"/Users/bradyjeong/Documents/Projects/Amp/gta4/gta_game/gameplay_sim/src/lib.rs","edition":"2021","doc":true,"doctest":true,"test":true},"message":{"rendered":"warning: function `save_game_system` is never used\n   --> gameplay_sim/src/compat.rs:214:8\n    |\n214 | pub fn save_game_system() {}\n    |        ^^^^^^^^^^^^^^^^\n\n","$message_type":"diagnostic","children":[],"code":{"code":"dead_code","explanation":null},"level":"warning","message":"function `save_game_system` is never used","spans":[{"byte_end":5437,"byte_start":5421,"column_end":24,"column_start":8,"expansion":null,"file_name":"gameplay_sim/src/compat.rs","is_primary":true,"label":null,"line_end":214,"line_start":214,"suggested_replacement":null,"suggestion_applicability":null,"text":[{"highlight_end":24,"highlight_start":8,"text":"pub fn save_game_system() {}"}]}]}}
{"reason":"compiler-message","package_id":"path+file:///Users/bradyjeong/Documents/Projects/Amp/gta4/gta_game/gameplay_sim#0.1.0","manifest_path":"/Users/bradyjeong/Documents/Projects/Amp/gta4/gta_game/gameplay_sim/Cargo.toml","target":{"kind":["lib"],"crate_types":["lib"],"name":"gameplay_sim","src_path":"/Users/bradyjeong/Documents/Projects/Amp/gta4/gta_game/gameplay_sim/src/lib.rs","edition":"2021","doc":true,"doctest":true,"test":true},"message":{"rendered":"warning: missing documentation for a struct field\n   --> gameplay_sim/src/world/unified_world.rs:166:5\n    |\n166 |     pub active_chunk: Option<ChunkCoord>,\n    |     ^^^^^^^^^^^^^^^^^^^^^^^^^^^^^^^^^^^^\n\n","$message_type":"diagnostic","children":[],"code":{"code":"missing_docs","explanation":null},"level":"warning","message":"missing documentation for a struct field","spans":[{"byte_end":5819,"byte_start":5783,"column_end":41,"column_start":5,"expansion":null,"file_name":"gameplay_sim/src/world/unified_world.rs","is_primary":true,"label":null,"line_end":166,"line_start":166,"suggested_replacement":null,"suggestion_applicability":null,"text":[{"highlight_end":41,"highlight_start":5,"text":"    pub active_chunk: Option<ChunkCoord>,"}]}]}}
{"reason":"compiler-message","package_id":"path+file:///Users/bradyjeong/Documents/Projects/Amp/gta4/gta_game/gameplay_sim#0.1.0","manifest_path":"/Users/bradyjeong/Documents/Projects/Amp/gta4/gta_game/gameplay_sim/Cargo.toml","target":{"kind":["lib"],"crate_types":["lib"],"name":"gameplay_sim","src_path":"/Users/bradyjeong/Documents/Projects/Amp/gta4/gta_game/gameplay_sim/src/lib.rs","edition":"2021","doc":true,"doctest":true,"test":true},"message":{"rendered":"warning: function `load_game_system` is never used\n   --> gameplay_sim/src/compat.rs:215:8\n    |\n215 | pub fn load_game_system() {}\n    |        ^^^^^^^^^^^^^^^^\n\n","$message_type":"diagnostic","children":[],"code":{"code":"dead_code","explanation":null},"level":"warning","message":"function `load_game_system` is never used","spans":[{"byte_end":5466,"byte_start":5450,"column_end":24,"column_start":8,"expansion":null,"file_name":"gameplay_sim/src/compat.rs","is_primary":true,"label":null,"line_end":215,"line_start":215,"suggested_replacement":null,"suggestion_applicability":null,"text":[{"highlight_end":24,"highlight_start":8,"text":"pub fn load_game_system() {}"}]}]}}
{"reason":"compiler-message","package_id":"path+file:///Users/bradyjeong/Documents/Projects/Amp/gta4/gta_game/gameplay_sim#0.1.0","manifest_path":"/Users/bradyjeong/Documents/Projects/Amp/gta4/gta_game/gameplay_sim/Cargo.toml","target":{"kind":["lib"],"crate_types":["lib"],"name":"gameplay_sim","src_path":"/Users/bradyjeong/Documents/Projects/Amp/gta4/gta_game/gameplay_sim/src/lib.rs","edition":"2021","doc":true,"doctest":true,"test":true},"message":{"rendered":"warning: missing documentation for a struct field\n   --> gameplay_sim/src/world/unified_world.rs:167:5\n    |\n167 |     pub streaming_radius_chunks: i32,\n    |     ^^^^^^^^^^^^^^^^^^^^^^^^^^^^^^^^\n\n","$message_type":"diagnostic","children":[],"code":{"code":"missing_docs","explanation":null},"level":"warning","message":"missing documentation for a struct field","spans":[{"byte_end":5857,"byte_start":5825,"column_end":37,"column_start":5,"expansion":null,"file_name":"gameplay_sim/src/world/unified_world.rs","is_primary":true,"label":null,"line_end":167,"line_start":167,"suggested_replacement":null,"suggestion_applicability":null,"text":[{"highlight_end":37,"highlight_start":5,"text":"    pub streaming_radius_chunks: i32,"}]}]}}
{"reason":"compiler-message","package_id":"path+file:///Users/bradyjeong/Documents/Projects/Amp/gta4/gta_game/gameplay_sim#0.1.0","manifest_path":"/Users/bradyjeong/Documents/Projects/Amp/gta4/gta_game/gameplay_sim/Cargo.toml","target":{"kind":["lib"],"crate_types":["lib"],"name":"gameplay_sim","src_path":"/Users/bradyjeong/Documents/Projects/Amp/gta4/gta_game/gameplay_sim/src/lib.rs","edition":"2021","doc":true,"doctest":true,"test":true},"message":{"rendered":"warning: function `water_wave_system` is never used\n   --> gameplay_sim/src/compat.rs:216:8\n    |\n216 | pub fn water_wave_system() {}\n    |        ^^^^^^^^^^^^^^^^^\n\n","$message_type":"diagnostic","children":[],"code":{"code":"dead_code","explanation":null},"level":"warning","message":"function `water_wave_system` is never used","spans":[{"byte_end":5496,"byte_start":5479,"column_end":25,"column_start":8,"expansion":null,"file_name":"gameplay_sim/src/compat.rs","is_primary":true,"label":null,"line_end":216,"line_start":216,"suggested_replacement":null,"suggestion_applicability":null,"text":[{"highlight_end":25,"highlight_start":8,"text":"pub fn water_wave_system() {}"}]}]}}
{"reason":"compiler-message","package_id":"path+file:///Users/bradyjeong/Documents/Projects/Amp/gta4/gta_game/gameplay_sim#0.1.0","manifest_path":"/Users/bradyjeong/Documents/Projects/Amp/gta4/gta_game/gameplay_sim/Cargo.toml","target":{"kind":["lib"],"crate_types":["lib"],"name":"gameplay_sim","src_path":"/Users/bradyjeong/Documents/Projects/Amp/gta4/gta_game/gameplay_sim/src/lib.rs","edition":"2021","doc":true,"doctest":true,"test":true},"message":{"rendered":"warning: missing documentation for a struct field\n   --> gameplay_sim/src/world/unified_world.rs:168:5\n    |\n168 |     pub last_update: f32,\n    |     ^^^^^^^^^^^^^^^^^^^^\n\n","$message_type":"diagnostic","children":[],"code":{"code":"missing_docs","explanation":null},"level":"warning","message":"missing documentation for a struct field","spans":[{"byte_end":5883,"byte_start":5863,"column_end":25,"column_start":5,"expansion":null,"file_name":"gameplay_sim/src/world/unified_world.rs","is_primary":true,"label":null,"line_end":168,"line_start":168,"suggested_replacement":null,"suggestion_applicability":null,"text":[{"highlight_end":25,"highlight_start":5,"text":"    pub last_update: f32,"}]}]}}
{"reason":"compiler-message","package_id":"path+file:///Users/bradyjeong/Documents/Projects/Amp/gta4/gta_game/gameplay_sim#0.1.0","manifest_path":"/Users/bradyjeong/Documents/Projects/Amp/gta4/gta_game/gameplay_sim/Cargo.toml","target":{"kind":["lib"],"crate_types":["lib"],"name":"gameplay_sim","src_path":"/Users/bradyjeong/Documents/Projects/Amp/gta4/gta_game/gameplay_sim/src/lib.rs","edition":"2021","doc":true,"doctest":true,"test":true},"message":{"rendered":"warning: function `yacht_buoyancy_system` is never used\n   --> gameplay_sim/src/compat.rs:217:8\n    |\n217 | pub fn yacht_buoyancy_system() {}\n    |        ^^^^^^^^^^^^^^^^^^^^^\n\n","$message_type":"diagnostic","children":[],"code":{"code":"dead_code","explanation":null},"level":"warning","message":"function `yacht_buoyancy_system` is never used","spans":[{"byte_end":5530,"byte_start":5509,"column_end":29,"column_start":8,"expansion":null,"file_name":"gameplay_sim/src/compat.rs","is_primary":true,"label":null,"line_end":217,"line_start":217,"suggested_replacement":null,"suggestion_applicability":null,"text":[{"highlight_end":29,"highlight_start":8,"text":"pub fn yacht_buoyancy_system() {}"}]}]}}
{"reason":"compiler-message","package_id":"path+file:///Users/bradyjeong/Documents/Projects/Amp/gta4/gta_game/gameplay_sim#0.1.0","manifest_path":"/Users/bradyjeong/Documents/Projects/Amp/gta4/gta_game/gameplay_sim/Cargo.toml","target":{"kind":["lib"],"crate_types":["lib"],"name":"gameplay_sim","src_path":"/Users/bradyjeong/Documents/Projects/Amp/gta4/gta_game/gameplay_sim/src/lib.rs","edition":"2021","doc":true,"doctest":true,"test":true},"message":{"rendered":"warning: missing documentation for a struct field\n   --> gameplay_sim/src/world/unified_world.rs:171:5\n    |\n171 |     pub chunks_loaded_this_frame: usize,\n    |     ^^^^^^^^^^^^^^^^^^^^^^^^^^^^^^^^^^^\n\n","$message_type":"diagnostic","children":[],"code":{"code":"missing_docs","explanation":null},"level":"warning","message":"missing documentation for a struct field","spans":[{"byte_end":5957,"byte_start":5922,"column_end":40,"column_start":5,"expansion":null,"file_name":"gameplay_sim/src/world/unified_world.rs","is_primary":true,"label":null,"line_end":171,"line_start":171,"suggested_replacement":null,"suggestion_applicability":null,"text":[{"highlight_end":40,"highlight_start":5,"text":"    pub chunks_loaded_this_frame: usize,"}]}]}}
{"reason":"compiler-message","package_id":"path+file:///Users/bradyjeong/Documents/Projects/Amp/gta4/gta_game/gameplay_sim#0.1.0","manifest_path":"/Users/bradyjeong/Documents/Projects/Amp/gta4/gta_game/gameplay_sim/Cargo.toml","target":{"kind":["lib"],"crate_types":["lib"],"name":"gameplay_sim","src_path":"/Users/bradyjeong/Documents/Projects/Amp/gta4/gta_game/gameplay_sim/src/lib.rs","edition":"2021","doc":true,"doctest":true,"test":true},"message":{"rendered":"warning: function `yacht_water_constraint_system` is never used\n   --> gameplay_sim/src/compat.rs:218:8\n    |\n218 | pub fn yacht_water_constraint_system() {}\n    |        ^^^^^^^^^^^^^^^^^^^^^^^^^^^^^\n\n","$message_type":"diagnostic","children":[],"code":{"code":"dead_code","explanation":null},"level":"warning","message":"function `yacht_water_constraint_system` is never used","spans":[{"byte_end":5572,"byte_start":5543,"column_end":37,"column_start":8,"expansion":null,"file_name":"gameplay_sim/src/compat.rs","is_primary":true,"label":null,"line_end":218,"line_start":218,"suggested_replacement":null,"suggestion_applicability":null,"text":[{"highlight_end":37,"highlight_start":8,"text":"pub fn yacht_water_constraint_system() {}"}]}]}}
{"reason":"compiler-message","package_id":"path+file:///Users/bradyjeong/Documents/Projects/Amp/gta4/gta_game/gameplay_sim#0.1.0","manifest_path":"/Users/bradyjeong/Documents/Projects/Amp/gta4/gta_game/gameplay_sim/Cargo.toml","target":{"kind":["lib"],"crate_types":["lib"],"name":"gameplay_sim","src_path":"/Users/bradyjeong/Documents/Projects/Amp/gta4/gta_game/gameplay_sim/src/lib.rs","edition":"2021","doc":true,"doctest":true,"test":true},"message":{"rendered":"warning: missing documentation for a struct field\n   --> gameplay_sim/src/world/unified_world.rs:172:5\n    |\n172 |     pub chunks_unloaded_this_frame: usize,\n    |     ^^^^^^^^^^^^^^^^^^^^^^^^^^^^^^^^^^^^^\n\n","$message_type":"diagnostic","children":[],"code":{"code":"missing_docs","explanation":null},"level":"warning","message":"missing documentation for a struct field","spans":[{"byte_end":6000,"byte_start":5963,"column_end":42,"column_start":5,"expansion":null,"file_name":"gameplay_sim/src/world/unified_world.rs","is_primary":true,"label":null,"line_end":172,"line_start":172,"suggested_replacement":null,"suggestion_applicability":null,"text":[{"highlight_end":42,"highlight_start":5,"text":"    pub chunks_unloaded_this_frame: usize,"}]}]}}
{"reason":"compiler-message","package_id":"path+file:///Users/bradyjeong/Documents/Projects/Amp/gta4/gta_game/gameplay_sim#0.1.0","manifest_path":"/Users/bradyjeong/Documents/Projects/Amp/gta4/gta_game/gameplay_sim/Cargo.toml","target":{"kind":["lib"],"crate_types":["lib"],"name":"gameplay_sim","src_path":"/Users/bradyjeong/Documents/Projects/Amp/gta4/gta_game/gameplay_sim/src/lib.rs","edition":"2021","doc":true,"doctest":true,"test":true},"message":{"rendered":"warning: missing documentation for a struct field\n   --> gameplay_sim/src/world/unified_world.rs:173:5\n    |\n173 |     pub max_chunks_per_frame: usize,\n    |     ^^^^^^^^^^^^^^^^^^^^^^^^^^^^^^^\n\n","$message_type":"diagnostic","children":[],"code":{"code":"missing_docs","explanation":null},"level":"warning","message":"missing documentation for a struct field","spans":[{"byte_end":6037,"byte_start":6006,"column_end":36,"column_start":5,"expansion":null,"file_name":"gameplay_sim/src/world/unified_world.rs","is_primary":true,"label":null,"line_end":173,"line_start":173,"suggested_replacement":null,"suggestion_applicability":null,"text":[{"highlight_end":36,"highlight_start":5,"text":"    pub max_chunks_per_frame: usize,"}]}]}}
{"reason":"compiler-message","package_id":"path+file:///Users/bradyjeong/Documents/Projects/Amp/gta4/gta_game/gameplay_sim#0.1.0","manifest_path":"/Users/bradyjeong/Documents/Projects/Amp/gta4/gta_game/gameplay_sim/Cargo.toml","target":{"kind":["lib"],"crate_types":["lib"],"name":"gameplay_sim","src_path":"/Users/bradyjeong/Documents/Projects/Amp/gta4/gta_game/gameplay_sim/src/lib.rs","edition":"2021","doc":true,"doctest":true,"test":true},"message":{"rendered":"warning: missing documentation for a module\n  --> gameplay_sim/src/lib.rs:23:1\n   |\n23 | pub mod distance;\n   | ^^^^^^^^^^^^^^^^\n   |\nnote: the lint level is defined here\n  --> gameplay_sim/src/lib.rs:3:9\n   |\n3  | #![warn(missing_docs)]\n   |         ^^^^^^^^^^^^\n\n","$message_type":"diagnostic","children":[{"children":[],"code":null,"level":"note","message":"the lint level is defined here","rendered":null,"spans":[{"byte_end":105,"byte_start":93,"column_end":21,"column_start":9,"expansion":null,"file_name":"gameplay_sim/src/lib.rs","is_primary":true,"label":null,"line_end":3,"line_start":3,"suggested_replacement":null,"suggestion_applicability":null,"text":[{"highlight_end":21,"highlight_start":9,"text":"#![warn(missing_docs)]"}]}]}],"code":{"code":"missing_docs","explanation":null},"level":"warning","message":"missing documentation for a module","spans":[{"byte_end":584,"byte_start":568,"column_end":17,"column_start":1,"expansion":null,"file_name":"gameplay_sim/src/lib.rs","is_primary":true,"label":null,"line_end":23,"line_start":23,"suggested_replacement":null,"suggestion_applicability":null,"text":[{"highlight_end":17,"highlight_start":1,"text":"pub mod distance;"}]}]}}
{"reason":"compiler-message","package_id":"path+file:///Users/bradyjeong/Documents/Projects/Amp/gta4/gta_game/gameplay_sim#0.1.0","manifest_path":"/Users/bradyjeong/Documents/Projects/Amp/gta4/gta_game/gameplay_sim/Cargo.toml","target":{"kind":["lib"],"crate_types":["lib"],"name":"gameplay_sim","src_path":"/Users/bradyjeong/Documents/Projects/Amp/gta4/gta_game/gameplay_sim/src/lib.rs","edition":"2021","doc":true,"doctest":true,"test":true},"message":{"rendered":"warning: missing documentation for a method\n   --> gameplay_sim/src/world/unified_world.rs:193:5\n    |\n193 |     pub fn get_chunk(&self, coord: ChunkCoord) -> Option<&ChunkData> {\n    |     ^^^^^^^^^^^^^^^^^^^^^^^^^^^^^^^^^^^^^^^^^^^^^^^^^^^^^^^^^^^^^^^^\n\n","$message_type":"diagnostic","children":[],"code":{"code":"missing_docs","explanation":null},"level":"warning","message":"missing documentation for a method","spans":[{"byte_end":6679,"byte_start":6615,"column_end":69,"column_start":5,"expansion":null,"file_name":"gameplay_sim/src/world/unified_world.rs","is_primary":true,"label":null,"line_end":193,"line_start":193,"suggested_replacement":null,"suggestion_applicability":null,"text":[{"highlight_end":69,"highlight_start":5,"text":"    pub fn get_chunk(&self, coord: ChunkCoord) -> Option<&ChunkData> {"}]}]}}
{"reason":"compiler-message","package_id":"path+file:///Users/bradyjeong/Documents/Projects/Amp/gta4/gta_game/gameplay_sim#0.1.0","manifest_path":"/Users/bradyjeong/Documents/Projects/Amp/gta4/gta_game/gameplay_sim/Cargo.toml","target":{"kind":["lib"],"crate_types":["lib"],"name":"gameplay_sim","src_path":"/Users/bradyjeong/Documents/Projects/Amp/gta4/gta_game/gameplay_sim/src/lib.rs","edition":"2021","doc":true,"doctest":true,"test":true},"message":{"rendered":"warning: missing documentation for a method\n   --> gameplay_sim/src/world/unified_world.rs:197:5\n    |\n197 |     pub fn get_chunk_mut(&mut self, coord: ChunkCoord) -> &mut ChunkData {\n    |     ^^^^^^^^^^^^^^^^^^^^^^^^^^^^^^^^^^^^^^^^^^^^^^^^^^^^^^^^^^^^^^^^^^^^\n\n","$message_type":"diagnostic","children":[],"code":{"code":"missing_docs","explanation":null},"level":"warning","message":"missing documentation for a method","spans":[{"byte_end":6797,"byte_start":6729,"column_end":73,"column_start":5,"expansion":null,"file_name":"gameplay_sim/src/world/unified_world.rs","is_primary":true,"label":null,"line_end":197,"line_start":197,"suggested_replacement":null,"suggestion_applicability":null,"text":[{"highlight_end":73,"highlight_start":5,"text":"    pub fn get_chunk_mut(&mut self, coord: ChunkCoord) -> &mut ChunkData {"}]}]}}
{"reason":"compiler-message","package_id":"path+file:///Users/bradyjeong/Documents/Projects/Amp/gta4/gta_game/gameplay_sim#0.1.0","manifest_path":"/Users/bradyjeong/Documents/Projects/Amp/gta4/gta_game/gameplay_sim/Cargo.toml","target":{"kind":["lib"],"crate_types":["lib"],"name":"gameplay_sim","src_path":"/Users/bradyjeong/Documents/Projects/Amp/gta4/gta_game/gameplay_sim/src/lib.rs","edition":"2021","doc":true,"doctest":true,"test":true},"message":{"rendered":"warning: missing documentation for a method\n   --> gameplay_sim/src/world/unified_world.rs:201:5\n    |\n201 |     pub fn is_chunk_loaded(&self, coord: ChunkCoord) -> bool {\n    |     ^^^^^^^^^^^^^^^^^^^^^^^^^^^^^^^^^^^^^^^^^^^^^^^^^^^^^^^^\n\n","$message_type":"diagnostic","children":[],"code":{"code":"missing_docs","explanation":null},"level":"warning","message":"missing documentation for a method","spans":[{"byte_end":6945,"byte_start":6889,"column_end":61,"column_start":5,"expansion":null,"file_name":"gameplay_sim/src/world/unified_world.rs","is_primary":true,"label":null,"line_end":201,"line_start":201,"suggested_replacement":null,"suggestion_applicability":null,"text":[{"highlight_end":61,"highlight_start":5,"text":"    pub fn is_chunk_loaded(&self, coord: ChunkCoord) -> bool {"}]}]}}
{"reason":"compiler-message","package_id":"path+file:///Users/bradyjeong/Documents/Projects/Amp/gta4/gta_game/gameplay_sim#0.1.0","manifest_path":"/Users/bradyjeong/Documents/Projects/Amp/gta4/gta_game/gameplay_sim/Cargo.toml","target":{"kind":["lib"],"crate_types":["lib"],"name":"gameplay_sim","src_path":"/Users/bradyjeong/Documents/Projects/Amp/gta4/gta_game/gameplay_sim/src/lib.rs","edition":"2021","doc":true,"doctest":true,"test":true},"message":{"rendered":"warning: missing documentation for a method\n   --> gameplay_sim/src/world/unified_world.rs:208:5\n    |\n208 |     pub fn calculate_lod_level(&self, distance: f32) -> usize {\n    |     ^^^^^^^^^^^^^^^^^^^^^^^^^^^^^^^^^^^^^^^^^^^^^^^^^^^^^^^^^\n\n","$message_type":"diagnostic","children":[],"code":{"code":"missing_docs","explanation":null},"level":"warning","message":"missing documentation for a method","spans":[{"byte_end":7154,"byte_start":7097,"column_end":62,"column_start":5,"expansion":null,"file_name":"gameplay_sim/src/world/unified_world.rs","is_primary":true,"label":null,"line_end":208,"line_start":208,"suggested_replacement":null,"suggestion_applicability":null,"text":[{"highlight_end":62,"highlight_start":5,"text":"    pub fn calculate_lod_level(&self, distance: f32) -> usize {"}]}]}}
{"reason":"compiler-message","package_id":"path+file:///Users/bradyjeong/Documents/Projects/Amp/gta4/gta_game/gameplay_sim#0.1.0","manifest_path":"/Users/bradyjeong/Documents/Projects/Amp/gta4/gta_game/gameplay_sim/Cargo.toml","target":{"kind":["lib"],"crate_types":["lib"],"name":"gameplay_sim","src_path":"/Users/bradyjeong/Documents/Projects/Amp/gta4/gta_game/gameplay_sim/src/lib.rs","edition":"2021","doc":true,"doctest":true,"test":true},"message":{"rendered":"warning: missing documentation for a method\n   --> gameplay_sim/src/world/unified_world.rs:217:5\n    |\n217 |     pub fn cleanup_distant_chunks(&mut self, active_pos: Vec3) -> Vec<ChunkCoord> {\n    |     ^^^^^^^^^^^^^^^^^^^^^^^^^^^^^^^^^^^^^^^^^^^^^^^^^^^^^^^^^^^^^^^^^^^^^^^^^^^^^\n\n","$message_type":"diagnostic","children":[],"code":{"code":"missing_docs","explanation":null},"level":"warning","message":"missing documentation for a method","spans":[{"byte_end":7442,"byte_start":7365,"column_end":82,"column_start":5,"expansion":null,"file_name":"gameplay_sim/src/world/unified_world.rs","is_primary":true,"label":null,"line_end":217,"line_start":217,"suggested_replacement":null,"suggestion_applicability":null,"text":[{"highlight_end":82,"highlight_start":5,"text":"    pub fn cleanup_distant_chunks(&mut self, active_pos: Vec3) -> Vec<ChunkCoord> {"}]}]}}
{"reason":"compiler-message","package_id":"path+file:///Users/bradyjeong/Documents/Projects/Amp/gta4/gta_game/gameplay_sim#0.1.0","manifest_path":"/Users/bradyjeong/Documents/Projects/Amp/gta4/gta_game/gameplay_sim/Cargo.toml","target":{"kind":["lib"],"crate_types":["lib"],"name":"gameplay_sim","src_path":"/Users/bradyjeong/Documents/Projects/Amp/gta4/gta_game/gameplay_sim/src/lib.rs","edition":"2021","doc":true,"doctest":true,"test":true},"message":{"rendered":"warning: missing documentation for a method\n   --> gameplay_sim/src/world/unified_world.rs:234:5\n    |\n234 |     pub fn get_chunks_to_load(&mut self, active_pos: Vec3) -> Vec<ChunkCoord> {\n    |     ^^^^^^^^^^^^^^^^^^^^^^^^^^^^^^^^^^^^^^^^^^^^^^^^^^^^^^^^^^^^^^^^^^^^^^^^^\n\n","$message_type":"diagnostic","children":[],"code":{"code":"missing_docs","explanation":null},"level":"warning","message":"missing documentation for a method","spans":[{"byte_end":8057,"byte_start":7984,"column_end":78,"column_start":5,"expansion":null,"file_name":"gameplay_sim/src/world/unified_world.rs","is_primary":true,"label":null,"line_end":234,"line_start":234,"suggested_replacement":null,"suggestion_applicability":null,"text":[{"highlight_end":78,"highlight_start":5,"text":"    pub fn get_chunks_to_load(&mut self, active_pos: Vec3) -> Vec<ChunkCoord> {"}]}]}}
{"reason":"compiler-message","package_id":"path+file:///Users/bradyjeong/Documents/Projects/Amp/gta4/gta_game/gameplay_sim#0.1.0","manifest_path":"/Users/bradyjeong/Documents/Projects/Amp/gta4/gta_game/gameplay_sim/Cargo.toml","target":{"kind":["lib"],"crate_types":["lib"],"name":"gameplay_sim","src_path":"/Users/bradyjeong/Documents/Projects/Amp/gta4/gta_game/gameplay_sim/src/lib.rs","edition":"2021","doc":true,"doctest":true,"test":true},"message":{"rendered":"warning: missing documentation for a method\n   --> gameplay_sim/src/world/unified_world.rs:257:5\n    |\n257 |     pub fn clear_placement_grid_for_chunk(&mut self, coord: ChunkCoord) {\n    |     ^^^^^^^^^^^^^^^^^^^^^^^^^^^^^^^^^^^^^^^^^^^^^^^^^^^^^^^^^^^^^^^^^^^\n\n","$message_type":"diagnostic","children":[],"code":{"code":"missing_docs","explanation":null},"level":"warning","message":"missing documentation for a method","spans":[{"byte_end":9052,"byte_start":8985,"column_end":72,"column_start":5,"expansion":null,"file_name":"gameplay_sim/src/world/unified_world.rs","is_primary":true,"label":null,"line_end":257,"line_start":257,"suggested_replacement":null,"suggestion_applicability":null,"text":[{"highlight_end":72,"highlight_start":5,"text":"    pub fn clear_placement_grid_for_chunk(&mut self, coord: ChunkCoord) {"}]}]}}
{"reason":"compiler-message","package_id":"path+file:///Users/bradyjeong/Documents/Projects/Amp/gta4/gta_game/gameplay_sim#0.1.0","manifest_path":"/Users/bradyjeong/Documents/Projects/Amp/gta4/gta_game/gameplay_sim/Cargo.toml","target":{"kind":["lib"],"crate_types":["lib"],"name":"gameplay_sim","src_path":"/Users/bradyjeong/Documents/Projects/Amp/gta4/gta_game/gameplay_sim/src/lib.rs","edition":"2021","doc":true,"doctest":true,"test":true},"message":{"rendered":"warning: missing documentation for a struct\n   --> gameplay_sim/src/world/unified_world.rs:269:1\n    |\n269 | pub struct UnifiedChunkEntity {\n    | ^^^^^^^^^^^^^^^^^^^^^^^^^^^^^\n\n","$message_type":"diagnostic","children":[],"code":{"code":"missing_docs","explanation":null},"level":"warning","message":"missing documentation for a struct","spans":[{"byte_end":9514,"byte_start":9485,"column_end":30,"column_start":1,"expansion":null,"file_name":"gameplay_sim/src/world/unified_world.rs","is_primary":true,"label":null,"line_end":269,"line_start":269,"suggested_replacement":null,"suggestion_applicability":null,"text":[{"highlight_end":30,"highlight_start":1,"text":"pub struct UnifiedChunkEntity {"}]}]}}
{"reason":"compiler-message","package_id":"path+file:///Users/bradyjeong/Documents/Projects/Amp/gta4/gta_game/gameplay_sim#0.1.0","manifest_path":"/Users/bradyjeong/Documents/Projects/Amp/gta4/gta_game/gameplay_sim/Cargo.toml","target":{"kind":["lib"],"crate_types":["lib"],"name":"gameplay_sim","src_path":"/Users/bradyjeong/Documents/Projects/Amp/gta4/gta_game/gameplay_sim/src/lib.rs","edition":"2021","doc":true,"doctest":true,"test":true},"message":{"rendered":"warning: missing documentation for a struct field\n   --> gameplay_sim/src/world/unified_world.rs:270:5\n    |\n270 |     pub coord: ChunkCoord,\n    |     ^^^^^^^^^^^^^^^^^^^^^\n\n","$message_type":"diagnostic","children":[],"code":{"code":"missing_docs","explanation":null},"level":"warning","message":"missing documentation for a struct field","spans":[{"byte_end":9542,"byte_start":9521,"column_end":26,"column_start":5,"expansion":null,"file_name":"gameplay_sim/src/world/unified_world.rs","is_primary":true,"label":null,"line_end":270,"line_start":270,"suggested_replacement":null,"suggestion_applicability":null,"text":[{"highlight_end":26,"highlight_start":5,"text":"    pub coord: ChunkCoord,"}]}]}}
{"reason":"compiler-message","package_id":"path+file:///Users/bradyjeong/Documents/Projects/Amp/gta4/gta_game/gameplay_sim#0.1.0","manifest_path":"/Users/bradyjeong/Documents/Projects/Amp/gta4/gta_game/gameplay_sim/Cargo.toml","target":{"kind":["lib"],"crate_types":["lib"],"name":"gameplay_sim","src_path":"/Users/bradyjeong/Documents/Projects/Amp/gta4/gta_game/gameplay_sim/src/lib.rs","edition":"2021","doc":true,"doctest":true,"test":true},"message":{"rendered":"warning: missing documentation for a struct field\n   --> gameplay_sim/src/world/unified_world.rs:271:5\n    |\n271 |     pub layer: ContentLayer,\n    |     ^^^^^^^^^^^^^^^^^^^^^^^\n\n","$message_type":"diagnostic","children":[],"code":{"code":"missing_docs","explanation":null},"level":"warning","message":"missing documentation for a struct field","spans":[{"byte_end":9571,"byte_start":9548,"column_end":28,"column_start":5,"expansion":null,"file_name":"gameplay_sim/src/world/unified_world.rs","is_primary":true,"label":null,"line_end":271,"line_start":271,"suggested_replacement":null,"suggestion_applicability":null,"text":[{"highlight_end":28,"highlight_start":5,"text":"    pub layer: ContentLayer,"}]}]}}
{"reason":"compiler-message","package_id":"path+file:///Users/bradyjeong/Documents/Projects/Amp/gta4/gta_game/gameplay_sim#0.1.0","manifest_path":"/Users/bradyjeong/Documents/Projects/Amp/gta4/gta_game/gameplay_sim/Cargo.toml","target":{"kind":["lib"],"crate_types":["lib"],"name":"gameplay_sim","src_path":"/Users/bradyjeong/Documents/Projects/Amp/gta4/gta_game/gameplay_sim/src/lib.rs","edition":"2021","doc":true,"doctest":true,"test":true},"message":{"rendered":"warning: calls to `std::mem::drop` with a reference instead of an owned value does nothing\n  --> gameplay_sim/src/world/layered_generation.rs:88:13\n   |\n88 |             drop(chunk); // Release the mutable borrow\n   |             ^^^^^-----^\n   |                  |\n   |                  argument has type `&mut systems::world::unified_world::ChunkData`\n   |\n   = note: `#[warn(dropping_references)]` on by default\nhelp: use `let _ = ...` to ignore the expression or result\n   |\n88 -             drop(chunk); // Release the mutable borrow\n88 +             let _ = chunk; // Release the mutable borrow\n   |\n\n","$message_type":"diagnostic","children":[{"children":[],"code":null,"level":"note","message":"`#[warn(dropping_references)]` on by default","rendered":null,"spans":[]},{"children":[],"code":null,"level":"help","message":"use `let _ = ...` to ignore the expression or result","rendered":null,"spans":[{"byte_end":3740,"byte_start":3735,"column_end":18,"column_start":13,"expansion":null,"file_name":"gameplay_sim/src/world/layered_generation.rs","is_primary":true,"label":null,"line_end":88,"line_start":88,"suggested_replacement":"let _ = ","suggestion_applicability":"MaybeIncorrect","text":[{"highlight_end":18,"highlight_start":13,"text":"            drop(chunk); // Release the mutable borrow"}]},{"byte_end":3746,"byte_start":3745,"column_end":24,"column_start":23,"expansion":null,"file_name":"gameplay_sim/src/world/layered_generation.rs","is_primary":true,"label":null,"line_end":88,"line_start":88,"suggested_replacement":"","suggestion_applicability":"MaybeIncorrect","text":[{"highlight_end":24,"highlight_start":23,"text":"            drop(chunk); // Release the mutable borrow"}]}]}],"code":{"code":"dropping_references","explanation":null},"level":"warning","message":"calls to `std::mem::drop` with a reference instead of an owned value does nothing","spans":[{"byte_end":3745,"byte_start":3740,"column_end":23,"column_start":18,"expansion":null,"file_name":"gameplay_sim/src/world/layered_generation.rs","is_primary":false,"label":"argument has type `&mut systems::world::unified_world::ChunkData`","line_end":88,"line_start":88,"suggested_replacement":null,"suggestion_applicability":null,"text":[{"highlight_end":23,"highlight_start":18,"text":"            drop(chunk); // Release the mutable borrow"}]},{"byte_end":3746,"byte_start":3735,"column_end":24,"column_start":13,"expansion":null,"file_name":"gameplay_sim/src/world/layered_generation.rs","is_primary":true,"label":null,"line_end":88,"line_start":88,"suggested_replacement":null,"suggestion_applicability":null,"text":[{"highlight_end":24,"highlight_start":13,"text":"            drop(chunk); // Release the mutable borrow"}]}]}}
{"reason":"compiler-message","package_id":"path+file:///Users/bradyjeong/Documents/Projects/Amp/gta4/gta_game/gameplay_sim#0.1.0","manifest_path":"/Users/bradyjeong/Documents/Projects/Amp/gta4/gta_game/gameplay_sim/Cargo.toml","target":{"kind":["lib"],"crate_types":["lib"],"name":"gameplay_sim","src_path":"/Users/bradyjeong/Documents/Projects/Amp/gta4/gta_game/gameplay_sim/src/lib.rs","edition":"2021","doc":true,"doctest":true,"test":true},"message":{"rendered":"warning: missing documentation for a struct field\n  --> gameplay_sim/src/world/unified_lod.rs:29:5\n   |\n29 |     pub dirty_entities: HashMap<Entity, LODDirtyReason>,\n   |     ^^^^^^^^^^^^^^^^^^^^^^^^^^^^^^^^^^^^^^^^^^^^^^^^^^^\n\n","$message_type":"diagnostic","children":[],"code":{"code":"missing_docs","explanation":null},"level":"warning","message":"missing documentation for a struct field","spans":[{"byte_end":1408,"byte_start":1357,"column_end":56,"column_start":5,"expansion":null,"file_name":"gameplay_sim/src/world/unified_lod.rs","is_primary":true,"label":null,"line_end":29,"line_start":29,"suggested_replacement":null,"suggestion_applicability":null,"text":[{"highlight_end":56,"highlight_start":5,"text":"    pub dirty_entities: HashMap<Entity, LODDirtyReason>,"}]}]}}
{"reason":"compiler-message","package_id":"path+file:///Users/bradyjeong/Documents/Projects/Amp/gta4/gta_game/gameplay_sim#0.1.0","manifest_path":"/Users/bradyjeong/Documents/Projects/Amp/gta4/gta_game/gameplay_sim/Cargo.toml","target":{"kind":["lib"],"crate_types":["lib"],"name":"gameplay_sim","src_path":"/Users/bradyjeong/Documents/Projects/Amp/gta4/gta_game/gameplay_sim/src/lib.rs","edition":"2021","doc":true,"doctest":true,"test":true},"message":{"rendered":"warning: missing documentation for a struct field\n  --> gameplay_sim/src/world/unified_lod.rs:30:5\n   |\n30 |     pub lod_plugin_configs: HashMap<EntityType, LODPluginConfig>,\n   |     ^^^^^^^^^^^^^^^^^^^^^^^^^^^^^^^^^^^^^^^^^^^^^^^^^^^^^^^^^^^^\n\n","$message_type":"diagnostic","children":[],"code":{"code":"missing_docs","explanation":null},"level":"warning","message":"missing documentation for a struct field","spans":[{"byte_end":1474,"byte_start":1414,"column_end":65,"column_start":5,"expansion":null,"file_name":"gameplay_sim/src/world/unified_lod.rs","is_primary":true,"label":null,"line_end":30,"line_start":30,"suggested_replacement":null,"suggestion_applicability":null,"text":[{"highlight_end":65,"highlight_start":5,"text":"    pub lod_plugin_configs: HashMap<EntityType, LODPluginConfig>,"}]}]}}
{"reason":"compiler-message","package_id":"path+file:///Users/bradyjeong/Documents/Projects/Amp/gta4/gta_game/gameplay_sim#0.1.0","manifest_path":"/Users/bradyjeong/Documents/Projects/Amp/gta4/gta_game/gameplay_sim/Cargo.toml","target":{"kind":["lib"],"crate_types":["lib"],"name":"gameplay_sim","src_path":"/Users/bradyjeong/Documents/Projects/Amp/gta4/gta_game/gameplay_sim/src/lib.rs","edition":"2021","doc":true,"doctest":true,"test":true},"message":{"rendered":"warning: missing documentation for a struct field\n  --> gameplay_sim/src/world/unified_lod.rs:31:5\n   |\n31 |     pub performance_stats: LODPerformanceStats,\n   |     ^^^^^^^^^^^^^^^^^^^^^^^^^^^^^^^^^^^^^^^^^^\n\n","$message_type":"diagnostic","children":[],"code":{"code":"missing_docs","explanation":null},"level":"warning","message":"missing documentation for a struct field","spans":[{"byte_end":1522,"byte_start":1480,"column_end":47,"column_start":5,"expansion":null,"file_name":"gameplay_sim/src/world/unified_lod.rs","is_primary":true,"label":null,"line_end":31,"line_start":31,"suggested_replacement":null,"suggestion_applicability":null,"text":[{"highlight_end":47,"highlight_start":5,"text":"    pub performance_stats: LODPerformanceStats,"}]}]}}
{"reason":"compiler-message","package_id":"path+file:///Users/bradyjeong/Documents/Projects/Amp/gta4/gta_game/gameplay_sim#0.1.0","manifest_path":"/Users/bradyjeong/Documents/Projects/Amp/gta4/gta_game/gameplay_sim/Cargo.toml","target":{"kind":["lib"],"crate_types":["lib"],"name":"gameplay_sim","src_path":"/Users/bradyjeong/Documents/Projects/Amp/gta4/gta_game/gameplay_sim/src/lib.rs","edition":"2021","doc":true,"doctest":true,"test":true},"message":{"rendered":"warning: missing documentation for a struct field\n  --> gameplay_sim/src/world/unified_lod.rs:32:5\n   |\n32 |     pub frame_counter: u64,\n   |     ^^^^^^^^^^^^^^^^^^^^^^\n\n","$message_type":"diagnostic","children":[],"code":{"code":"missing_docs","explanation":null},"level":"warning","message":"missing documentation for a struct field","spans":[{"byte_end":1550,"byte_start":1528,"column_end":27,"column_start":5,"expansion":null,"file_name":"gameplay_sim/src/world/unified_lod.rs","is_primary":true,"label":null,"line_end":32,"line_start":32,"suggested_replacement":null,"suggestion_applicability":null,"text":[{"highlight_end":27,"highlight_start":5,"text":"    pub frame_counter: u64,"}]}]}}
{"reason":"compiler-message","package_id":"path+file:///Users/bradyjeong/Documents/Projects/Amp/gta4/gta_game/gameplay_sim#0.1.0","manifest_path":"/Users/bradyjeong/Documents/Projects/Amp/gta4/gta_game/gameplay_sim/Cargo.toml","target":{"kind":["lib"],"crate_types":["lib"],"name":"gameplay_sim","src_path":"/Users/bradyjeong/Documents/Projects/Amp/gta4/gta_game/gameplay_sim/src/lib.rs","edition":"2021","doc":true,"doctest":true,"test":true},"message":{"rendered":"warning: missing documentation for a variant\n  --> gameplay_sim/src/world/unified_lod.rs:38:5\n   |\n38 |     Movement(f32), // Distance moved\n   |     ^^^^^^^^\n\n","$message_type":"diagnostic","children":[],"code":{"code":"missing_docs","explanation":null},"level":"warning","message":"missing documentation for a variant","spans":[{"byte_end":1673,"byte_start":1665,"column_end":13,"column_start":5,"expansion":null,"file_name":"gameplay_sim/src/world/unified_lod.rs","is_primary":true,"label":null,"line_end":38,"line_start":38,"suggested_replacement":null,"suggestion_applicability":null,"text":[{"highlight_end":13,"highlight_start":5,"text":"    Movement(f32), // Distance moved"}]}]}}
{"reason":"compiler-message","package_id":"path+file:///Users/bradyjeong/Documents/Projects/Amp/gta4/gta_game/gameplay_sim#0.1.0","manifest_path":"/Users/bradyjeong/Documents/Projects/Amp/gta4/gta_game/gameplay_sim/Cargo.toml","target":{"kind":["lib"],"crate_types":["lib"],"name":"gameplay_sim","src_path":"/Users/bradyjeong/Documents/Projects/Amp/gta4/gta_game/gameplay_sim/src/lib.rs","edition":"2021","doc":true,"doctest":true,"test":true},"message":{"rendered":"warning: missing documentation for a variant\n  --> gameplay_sim/src/world/unified_lod.rs:39:5\n   |\n39 |     TimeInterval,  // Periodic update\n   |     ^^^^^^^^^^^^\n\n","$message_type":"diagnostic","children":[],"code":{"code":"missing_docs","explanation":null},"level":"warning","message":"missing documentation for a variant","spans":[{"byte_end":1714,"byte_start":1702,"column_end":17,"column_start":5,"expansion":null,"file_name":"gameplay_sim/src/world/unified_lod.rs","is_primary":true,"label":null,"line_end":39,"line_start":39,"suggested_replacement":null,"suggestion_applicability":null,"text":[{"highlight_end":17,"highlight_start":5,"text":"    TimeInterval,  // Periodic update"}]}]}}
{"reason":"compiler-message","package_id":"path+file:///Users/bradyjeong/Documents/Projects/Amp/gta4/gta_game/gameplay_sim#0.1.0","manifest_path":"/Users/bradyjeong/Documents/Projects/Amp/gta4/gta_game/gameplay_sim/Cargo.toml","target":{"kind":["lib"],"crate_types":["lib"],"name":"gameplay_sim","src_path":"/Users/bradyjeong/Documents/Projects/Amp/gta4/gta_game/gameplay_sim/src/lib.rs","edition":"2021","doc":true,"doctest":true,"test":true},"message":{"rendered":"warning: missing documentation for a variant\n  --> gameplay_sim/src/world/unified_lod.rs:40:5\n   |\n40 |     PlayerMoved,   // Player position changed significantly\n   |     ^^^^^^^^^^^\n\n","$message_type":"diagnostic","children":[],"code":{"code":"missing_docs","explanation":null},"level":"warning","message":"missing documentation for a variant","spans":[{"byte_end":1751,"byte_start":1740,"column_end":16,"column_start":5,"expansion":null,"file_name":"gameplay_sim/src/world/unified_lod.rs","is_primary":true,"label":null,"line_end":40,"line_start":40,"suggested_replacement":null,"suggestion_applicability":null,"text":[{"highlight_end":16,"highlight_start":5,"text":"    PlayerMoved,   // Player position changed significantly"}]}]}}
{"reason":"compiler-message","package_id":"path+file:///Users/bradyjeong/Documents/Projects/Amp/gta4/gta_game/gameplay_sim#0.1.0","manifest_path":"/Users/bradyjeong/Documents/Projects/Amp/gta4/gta_game/gameplay_sim/Cargo.toml","target":{"kind":["lib"],"crate_types":["lib"],"name":"gameplay_sim","src_path":"/Users/bradyjeong/Documents/Projects/Amp/gta4/gta_game/gameplay_sim/src/lib.rs","edition":"2021","doc":true,"doctest":true,"test":true},"message":{"rendered":"warning: missing documentation for a variant\n  --> gameplay_sim/src/world/unified_lod.rs:41:5\n   |\n41 |     StateChange,   // Entity state changed\n   |     ^^^^^^^^^^^\n\n","$message_type":"diagnostic","children":[],"code":{"code":"missing_docs","explanation":null},"level":"warning","message":"missing documentation for a variant","spans":[{"byte_end":1811,"byte_start":1800,"column_end":16,"column_start":5,"expansion":null,"file_name":"gameplay_sim/src/world/unified_lod.rs","is_primary":true,"label":null,"line_end":41,"line_start":41,"suggested_replacement":null,"suggestion_applicability":null,"text":[{"highlight_end":16,"highlight_start":5,"text":"    StateChange,   // Entity state changed"}]}]}}
{"reason":"compiler-message","package_id":"path+file:///Users/bradyjeong/Documents/Projects/Amp/gta4/gta_game/gameplay_sim#0.1.0","manifest_path":"/Users/bradyjeong/Documents/Projects/Amp/gta4/gta_game/gameplay_sim/Cargo.toml","target":{"kind":["lib"],"crate_types":["lib"],"name":"gameplay_sim","src_path":"/Users/bradyjeong/Documents/Projects/Amp/gta4/gta_game/gameplay_sim/src/lib.rs","edition":"2021","doc":true,"doctest":true,"test":true},"message":{"rendered":"warning: missing documentation for a variant\n  --> gameplay_sim/src/world/unified_lod.rs:47:5\n   |\n47 |     Vehicle,\n   |     ^^^^^^^\n\n","$message_type":"diagnostic","children":[],"code":{"code":"missing_docs","explanation":null},"level":"warning","message":"missing documentation for a variant","spans":[{"byte_end":1964,"byte_start":1957,"column_end":12,"column_start":5,"expansion":null,"file_name":"gameplay_sim/src/world/unified_lod.rs","is_primary":true,"label":null,"line_end":47,"line_start":47,"suggested_replacement":null,"suggestion_applicability":null,"text":[{"highlight_end":12,"highlight_start":5,"text":"    Vehicle,"}]}]}}
{"reason":"compiler-message","package_id":"path+file:///Users/bradyjeong/Documents/Projects/Amp/gta4/gta_game/gameplay_sim#0.1.0","manifest_path":"/Users/bradyjeong/Documents/Projects/Amp/gta4/gta_game/gameplay_sim/Cargo.toml","target":{"kind":["lib"],"crate_types":["lib"],"name":"gameplay_sim","src_path":"/Users/bradyjeong/Documents/Projects/Amp/gta4/gta_game/gameplay_sim/src/lib.rs","edition":"2021","doc":true,"doctest":true,"test":true},"message":{"rendered":"warning: missing documentation for a variant\n  --> gameplay_sim/src/world/unified_lod.rs:48:5\n   |\n48 |     NPC,\n   |     ^^^\n\n","$message_type":"diagnostic","children":[],"code":{"code":"missing_docs","explanation":null},"level":"warning","message":"missing documentation for a variant","spans":[{"byte_end":1973,"byte_start":1970,"column_end":8,"column_start":5,"expansion":null,"file_name":"gameplay_sim/src/world/unified_lod.rs","is_primary":true,"label":null,"line_end":48,"line_start":48,"suggested_replacement":null,"suggestion_applicability":null,"text":[{"highlight_end":8,"highlight_start":5,"text":"    NPC,"}]}]}}
{"reason":"compiler-message","package_id":"path+file:///Users/bradyjeong/Documents/Projects/Amp/gta4/gta_game/gameplay_sim#0.1.0","manifest_path":"/Users/bradyjeong/Documents/Projects/Amp/gta4/gta_game/gameplay_sim/Cargo.toml","target":{"kind":["lib"],"crate_types":["lib"],"name":"gameplay_sim","src_path":"/Users/bradyjeong/Documents/Projects/Amp/gta4/gta_game/gameplay_sim/src/lib.rs","edition":"2021","doc":true,"doctest":true,"test":true},"message":{"rendered":"warning: missing documentation for a variant\n  --> gameplay_sim/src/world/unified_lod.rs:49:5\n   |\n49 |     Vegetation,\n   |     ^^^^^^^^^^\n\n","$message_type":"diagnostic","children":[],"code":{"code":"missing_docs","explanation":null},"level":"warning","message":"missing documentation for a variant","spans":[{"byte_end":1989,"byte_start":1979,"column_end":15,"column_start":5,"expansion":null,"file_name":"gameplay_sim/src/world/unified_lod.rs","is_primary":true,"label":null,"line_end":49,"line_start":49,"suggested_replacement":null,"suggestion_applicability":null,"text":[{"highlight_end":15,"highlight_start":5,"text":"    Vegetation,"}]}]}}
{"reason":"compiler-message","package_id":"path+file:///Users/bradyjeong/Documents/Projects/Amp/gta4/gta_game/gameplay_sim#0.1.0","manifest_path":"/Users/bradyjeong/Documents/Projects/Amp/gta4/gta_game/gameplay_sim/Cargo.toml","target":{"kind":["lib"],"crate_types":["lib"],"name":"gameplay_sim","src_path":"/Users/bradyjeong/Documents/Projects/Amp/gta4/gta_game/gameplay_sim/src/lib.rs","edition":"2021","doc":true,"doctest":true,"test":true},"message":{"rendered":"warning: missing documentation for a variant\n  --> gameplay_sim/src/world/unified_lod.rs:50:5\n   |\n50 |     Building,\n   |     ^^^^^^^^\n\n","$message_type":"diagnostic","children":[],"code":{"code":"missing_docs","explanation":null},"level":"warning","message":"missing documentation for a variant","spans":[{"byte_end":2003,"byte_start":1995,"column_end":13,"column_start":5,"expansion":null,"file_name":"gameplay_sim/src/world/unified_lod.rs","is_primary":true,"label":null,"line_end":50,"line_start":50,"suggested_replacement":null,"suggestion_applicability":null,"text":[{"highlight_end":13,"highlight_start":5,"text":"    Building,"}]}]}}
{"reason":"compiler-message","package_id":"path+file:///Users/bradyjeong/Documents/Projects/Amp/gta4/gta_game/gameplay_sim#0.1.0","manifest_path":"/Users/bradyjeong/Documents/Projects/Amp/gta4/gta_game/gameplay_sim/Cargo.toml","target":{"kind":["lib"],"crate_types":["lib"],"name":"gameplay_sim","src_path":"/Users/bradyjeong/Documents/Projects/Amp/gta4/gta_game/gameplay_sim/src/lib.rs","edition":"2021","doc":true,"doctest":true,"test":true},"message":{"rendered":"warning: missing documentation for a variant\n  --> gameplay_sim/src/world/unified_lod.rs:51:5\n   |\n51 |     Chunk,\n   |     ^^^^^\n\n","$message_type":"diagnostic","children":[],"code":{"code":"missing_docs","explanation":null},"level":"warning","message":"missing documentation for a variant","spans":[{"byte_end":2014,"byte_start":2009,"column_end":10,"column_start":5,"expansion":null,"file_name":"gameplay_sim/src/world/unified_lod.rs","is_primary":true,"label":null,"line_end":51,"line_start":51,"suggested_replacement":null,"suggestion_applicability":null,"text":[{"highlight_end":10,"highlight_start":5,"text":"    Chunk,"}]}]}}
{"reason":"compiler-message","package_id":"path+file:///Users/bradyjeong/Documents/Projects/Amp/gta4/gta_game/gameplay_sim#0.1.0","manifest_path":"/Users/bradyjeong/Documents/Projects/Amp/gta4/gta_game/gameplay_sim/Cargo.toml","target":{"kind":["lib"],"crate_types":["lib"],"name":"gameplay_sim","src_path":"/Users/bradyjeong/Documents/Projects/Amp/gta4/gta_game/gameplay_sim/src/lib.rs","edition":"2021","doc":true,"doctest":true,"test":true},"message":{"rendered":"warning: missing documentation for a struct field\n  --> gameplay_sim/src/world/unified_lod.rs:57:5\n   |\n57 |     pub distances: Vec<f32>,         // LOD level distances\n   |     ^^^^^^^^^^^^^^^^^^^^^^^\n\n","$message_type":"diagnostic","children":[],"code":{"code":"missing_docs","explanation":null},"level":"warning","message":"missing documentation for a struct field","spans":[{"byte_end":2154,"byte_start":2131,"column_end":28,"column_start":5,"expansion":null,"file_name":"gameplay_sim/src/world/unified_lod.rs","is_primary":true,"label":null,"line_end":57,"line_start":57,"suggested_replacement":null,"suggestion_applicability":null,"text":[{"highlight_end":28,"highlight_start":5,"text":"    pub distances: Vec<f32>,         // LOD level distances"}]}]}}
{"reason":"compiler-message","package_id":"path+file:///Users/bradyjeong/Documents/Projects/Amp/gta4/gta_game/gameplay_sim#0.1.0","manifest_path":"/Users/bradyjeong/Documents/Projects/Amp/gta4/gta_game/gameplay_sim/Cargo.toml","target":{"kind":["lib"],"crate_types":["lib"],"name":"gameplay_sim","src_path":"/Users/bradyjeong/Documents/Projects/Amp/gta4/gta_game/gameplay_sim/src/lib.rs","edition":"2021","doc":true,"doctest":true,"test":true},"message":{"rendered":"warning: missing documentation for a struct field\n  --> gameplay_sim/src/world/unified_lod.rs:58:5\n   |\n58 |     pub cull_distance: f32,          // Distance at which to cull completely\n   |     ^^^^^^^^^^^^^^^^^^^^^^\n\n","$message_type":"diagnostic","children":[],"code":{"code":"missing_docs","explanation":null},"level":"warning","message":"missing documentation for a struct field","spans":[{"byte_end":2213,"byte_start":2191,"column_end":27,"column_start":5,"expansion":null,"file_name":"gameplay_sim/src/world/unified_lod.rs","is_primary":true,"label":null,"line_end":58,"line_start":58,"suggested_replacement":null,"suggestion_applicability":null,"text":[{"highlight_end":27,"highlight_start":5,"text":"    pub cull_distance: f32,          // Distance at which to cull completely"}]}]}}
{"reason":"compiler-message","package_id":"path+file:///Users/bradyjeong/Documents/Projects/Amp/gta4/gta_game/gameplay_sim#0.1.0","manifest_path":"/Users/bradyjeong/Documents/Projects/Amp/gta4/gta_game/gameplay_sim/Cargo.toml","target":{"kind":["lib"],"crate_types":["lib"],"name":"gameplay_sim","src_path":"/Users/bradyjeong/Documents/Projects/Amp/gta4/gta_game/gameplay_sim/src/lib.rs","edition":"2021","doc":true,"doctest":true,"test":true},"message":{"rendered":"warning: missing documentation for a struct field\n  --> gameplay_sim/src/world/unified_lod.rs:59:5\n   |\n59 |     pub hysteresis: f32,             // Hysteresis to prevent flickering\n   |     ^^^^^^^^^^^^^^^^^^^\n\n","$message_type":"diagnostic","children":[],"code":{"code":"missing_docs","explanation":null},"level":"warning","message":"missing documentation for a struct field","spans":[{"byte_end":2287,"byte_start":2268,"column_end":24,"column_start":5,"expansion":null,"file_name":"gameplay_sim/src/world/unified_lod.rs","is_primary":true,"label":null,"line_end":59,"line_start":59,"suggested_replacement":null,"suggestion_applicability":null,"text":[{"highlight_end":24,"highlight_start":5,"text":"    pub hysteresis: f32,             // Hysteresis to prevent flickering"}]}]}}
{"reason":"compiler-message","package_id":"path+file:///Users/bradyjeong/Documents/Projects/Amp/gta4/gta_game/gameplay_sim#0.1.0","manifest_path":"/Users/bradyjeong/Documents/Projects/Amp/gta4/gta_game/gameplay_sim/Cargo.toml","target":{"kind":["lib"],"crate_types":["lib"],"name":"gameplay_sim","src_path":"/Users/bradyjeong/Documents/Projects/Amp/gta4/gta_game/gameplay_sim/src/lib.rs","edition":"2021","doc":true,"doctest":true,"test":true},"message":{"rendered":"warning: missing documentation for a struct field\n  --> gameplay_sim/src/world/unified_lod.rs:60:5\n   |\n60 |     pub update_interval: f32,        // How often to check (seconds)\n   |     ^^^^^^^^^^^^^^^^^^^^^^^^\n\n","$message_type":"diagnostic","children":[],"code":{"code":"missing_docs","explanation":null},"level":"warning","message":"missing documentation for a struct field","spans":[{"byte_end":2365,"byte_start":2341,"column_end":29,"column_start":5,"expansion":null,"file_name":"gameplay_sim/src/world/unified_lod.rs","is_primary":true,"label":null,"line_end":60,"line_start":60,"suggested_replacement":null,"suggestion_applicability":null,"text":[{"highlight_end":29,"highlight_start":5,"text":"    pub update_interval: f32,        // How often to check (seconds)"}]}]}}
{"reason":"compiler-message","package_id":"path+file:///Users/bradyjeong/Documents/Projects/Amp/gta4/gta_game/gameplay_sim#0.1.0","manifest_path":"/Users/bradyjeong/Documents/Projects/Amp/gta4/gta_game/gameplay_sim/Cargo.toml","target":{"kind":["lib"],"crate_types":["lib"],"name":"gameplay_sim","src_path":"/Users/bradyjeong/Documents/Projects/Amp/gta4/gta_game/gameplay_sim/src/lib.rs","edition":"2021","doc":true,"doctest":true,"test":true},"message":{"rendered":"warning: missing documentation for a struct field\n  --> gameplay_sim/src/world/unified_lod.rs:61:5\n   |\n61 |     pub priority_distance: f32,      // Distance threshold for high priority updates\n   |     ^^^^^^^^^^^^^^^^^^^^^^^^^^\n\n","$message_type":"diagnostic","children":[],"code":{"code":"missing_docs","explanation":null},"level":"warning","message":"missing documentation for a struct field","spans":[{"byte_end":2436,"byte_start":2410,"column_end":31,"column_start":5,"expansion":null,"file_name":"gameplay_sim/src/world/unified_lod.rs","is_primary":true,"label":null,"line_end":61,"line_start":61,"suggested_replacement":null,"suggestion_applicability":null,"text":[{"highlight_end":31,"highlight_start":5,"text":"    pub priority_distance: f32,      // Distance threshold for high priority updates"}]}]}}
{"reason":"compiler-message","package_id":"path+file:///Users/bradyjeong/Documents/Projects/Amp/gta4/gta_game/gameplay_sim#0.1.0","manifest_path":"/Users/bradyjeong/Documents/Projects/Amp/gta4/gta_game/gameplay_sim/Cargo.toml","target":{"kind":["lib"],"crate_types":["lib"],"name":"gameplay_sim","src_path":"/Users/bradyjeong/Documents/Projects/Amp/gta4/gta_game/gameplay_sim/src/lib.rs","edition":"2021","doc":true,"doctest":true,"test":true},"message":{"rendered":"warning: missing documentation for a struct field\n  --> gameplay_sim/src/world/unified_lod.rs:67:5\n   |\n67 |     pub entities_processed: HashMap<EntityType, usize>,\n   |     ^^^^^^^^^^^^^^^^^^^^^^^^^^^^^^^^^^^^^^^^^^^^^^^^^^\n\n","$message_type":"diagnostic","children":[],"code":{"code":"missing_docs","explanation":null},"level":"warning","message":"missing documentation for a struct field","spans":[{"byte_end":2649,"byte_start":2599,"column_end":55,"column_start":5,"expansion":null,"file_name":"gameplay_sim/src/world/unified_lod.rs","is_primary":true,"label":null,"line_end":67,"line_start":67,"suggested_replacement":null,"suggestion_applicability":null,"text":[{"highlight_end":55,"highlight_start":5,"text":"    pub entities_processed: HashMap<EntityType, usize>,"}]}]}}
{"reason":"compiler-message","package_id":"path+file:///Users/bradyjeong/Documents/Projects/Amp/gta4/gta_game/gameplay_sim#0.1.0","manifest_path":"/Users/bradyjeong/Documents/Projects/Amp/gta4/gta_game/gameplay_sim/Cargo.toml","target":{"kind":["lib"],"crate_types":["lib"],"name":"gameplay_sim","src_path":"/Users/bradyjeong/Documents/Projects/Amp/gta4/gta_game/gameplay_sim/src/lib.rs","edition":"2021","doc":true,"doctest":true,"test":true},"message":{"rendered":"warning: missing documentation for a struct field\n  --> gameplay_sim/src/world/unified_lod.rs:68:5\n   |\n68 |     pub processing_times: HashMap<EntityType, f32>,\n   |     ^^^^^^^^^^^^^^^^^^^^^^^^^^^^^^^^^^^^^^^^^^^^^^\n\n","$message_type":"diagnostic","children":[],"code":{"code":"missing_docs","explanation":null},"level":"warning","message":"missing documentation for a struct field","spans":[{"byte_end":2701,"byte_start":2655,"column_end":51,"column_start":5,"expansion":null,"file_name":"gameplay_sim/src/world/unified_lod.rs","is_primary":true,"label":null,"line_end":68,"line_start":68,"suggested_replacement":null,"suggestion_applicability":null,"text":[{"highlight_end":51,"highlight_start":5,"text":"    pub processing_times: HashMap<EntityType, f32>,"}]}]}}
{"reason":"compiler-message","package_id":"path+file:///Users/bradyjeong/Documents/Projects/Amp/gta4/gta_game/gameplay_sim#0.1.0","manifest_path":"/Users/bradyjeong/Documents/Projects/Amp/gta4/gta_game/gameplay_sim/Cargo.toml","target":{"kind":["lib"],"crate_types":["lib"],"name":"gameplay_sim","src_path":"/Users/bradyjeong/Documents/Projects/Amp/gta4/gta_game/gameplay_sim/src/lib.rs","edition":"2021","doc":true,"doctest":true,"test":true},"message":{"rendered":"warning: missing documentation for a struct field\n  --> gameplay_sim/src/world/unified_lod.rs:69:5\n   |\n69 |     pub lod_level_counts: HashMap<(EntityType, usize), usize>,\n   |     ^^^^^^^^^^^^^^^^^^^^^^^^^^^^^^^^^^^^^^^^^^^^^^^^^^^^^^^^^\n\n","$message_type":"diagnostic","children":[],"code":{"code":"missing_docs","explanation":null},"level":"warning","message":"missing documentation for a struct field","spans":[{"byte_end":2764,"byte_start":2707,"column_end":62,"column_start":5,"expansion":null,"file_name":"gameplay_sim/src/world/unified_lod.rs","is_primary":true,"label":null,"line_end":69,"line_start":69,"suggested_replacement":null,"suggestion_applicability":null,"text":[{"highlight_end":62,"highlight_start":5,"text":"    pub lod_level_counts: HashMap<(EntityType, usize), usize>,"}]}]}}
{"reason":"compiler-message","package_id":"path+file:///Users/bradyjeong/Documents/Projects/Amp/gta4/gta_game/gameplay_sim#0.1.0","manifest_path":"/Users/bradyjeong/Documents/Projects/Amp/gta4/gta_game/gameplay_sim/Cargo.toml","target":{"kind":["lib"],"crate_types":["lib"],"name":"gameplay_sim","src_path":"/Users/bradyjeong/Documents/Projects/Amp/gta4/gta_game/gameplay_sim/src/lib.rs","edition":"2021","doc":true,"doctest":true,"test":true},"message":{"rendered":"warning: missing documentation for a struct field\n  --> gameplay_sim/src/world/unified_lod.rs:70:5\n   |\n70 |     pub total_entities: usize,\n   |     ^^^^^^^^^^^^^^^^^^^^^^^^^\n\n","$message_type":"diagnostic","children":[],"code":{"code":"missing_docs","explanation":null},"level":"warning","message":"missing documentation for a struct field","spans":[{"byte_end":2795,"byte_start":2770,"column_end":30,"column_start":5,"expansion":null,"file_name":"gameplay_sim/src/world/unified_lod.rs","is_primary":true,"label":null,"line_end":70,"line_start":70,"suggested_replacement":null,"suggestion_applicability":null,"text":[{"highlight_end":30,"highlight_start":5,"text":"    pub total_entities: usize,"}]}]}}
{"reason":"compiler-message","package_id":"path+file:///Users/bradyjeong/Documents/Projects/Amp/gta4/gta_game/gameplay_sim#0.1.0","manifest_path":"/Users/bradyjeong/Documents/Projects/Amp/gta4/gta_game/gameplay_sim/Cargo.toml","target":{"kind":["lib"],"crate_types":["lib"],"name":"gameplay_sim","src_path":"/Users/bradyjeong/Documents/Projects/Amp/gta4/gta_game/gameplay_sim/src/lib.rs","edition":"2021","doc":true,"doctest":true,"test":true},"message":{"rendered":"warning: missing documentation for a struct field\n  --> gameplay_sim/src/world/unified_lod.rs:71:5\n   |\n71 |     pub culled_entities: usize,\n   |     ^^^^^^^^^^^^^^^^^^^^^^^^^^\n\n","$message_type":"diagnostic","children":[],"code":{"code":"missing_docs","explanation":null},"level":"warning","message":"missing documentation for a struct field","spans":[{"byte_end":2827,"byte_start":2801,"column_end":31,"column_start":5,"expansion":null,"file_name":"gameplay_sim/src/world/unified_lod.rs","is_primary":true,"label":null,"line_end":71,"line_start":71,"suggested_replacement":null,"suggestion_applicability":null,"text":[{"highlight_end":31,"highlight_start":5,"text":"    pub culled_entities: usize,"}]}]}}
{"reason":"compiler-message","package_id":"path+file:///Users/bradyjeong/Documents/Projects/Amp/gta4/gta_game/gameplay_sim#0.1.0","manifest_path":"/Users/bradyjeong/Documents/Projects/Amp/gta4/gta_game/gameplay_sim/Cargo.toml","target":{"kind":["lib"],"crate_types":["lib"],"name":"gameplay_sim","src_path":"/Users/bradyjeong/Documents/Projects/Amp/gta4/gta_game/gameplay_sim/src/lib.rs","edition":"2021","doc":true,"doctest":true,"test":true},"message":{"rendered":"warning: missing documentation for an associated function\n  --> gameplay_sim/src/world/unified_lod.rs:75:5\n   |\n75 |     pub fn vehicle() -> Self {\n   |     ^^^^^^^^^^^^^^^^^^^^^^^^\n\n","$message_type":"diagnostic","children":[],"code":{"code":"missing_docs","explanation":null},"level":"warning","message":"missing documentation for an associated function","spans":[{"byte_end":2883,"byte_start":2859,"column_end":29,"column_start":5,"expansion":null,"file_name":"gameplay_sim/src/world/unified_lod.rs","is_primary":true,"label":null,"line_end":75,"line_start":75,"suggested_replacement":null,"suggestion_applicability":null,"text":[{"highlight_end":29,"highlight_start":5,"text":"    pub fn vehicle() -> Self {"}]}]}}
{"reason":"compiler-message","package_id":"path+file:///Users/bradyjeong/Documents/Projects/Amp/gta4/gta_game/gameplay_sim#0.1.0","manifest_path":"/Users/bradyjeong/Documents/Projects/Amp/gta4/gta_game/gameplay_sim/Cargo.toml","target":{"kind":["lib"],"crate_types":["lib"],"name":"gameplay_sim","src_path":"/Users/bradyjeong/Documents/Projects/Amp/gta4/gta_game/gameplay_sim/src/lib.rs","edition":"2021","doc":true,"doctest":true,"test":true},"message":{"rendered":"warning: missing documentation for an associated function\n  --> gameplay_sim/src/world/unified_lod.rs:85:5\n   |\n85 |     pub fn npc() -> Self {\n   |     ^^^^^^^^^^^^^^^^^^^^\n\n","$message_type":"diagnostic","children":[],"code":{"code":"missing_docs","explanation":null},"level":"warning","message":"missing documentation for an associated function","spans":[{"byte_end":3126,"byte_start":3106,"column_end":25,"column_start":5,"expansion":null,"file_name":"gameplay_sim/src/world/unified_lod.rs","is_primary":true,"label":null,"line_end":85,"line_start":85,"suggested_replacement":null,"suggestion_applicability":null,"text":[{"highlight_end":25,"highlight_start":5,"text":"    pub fn npc() -> Self {"}]}]}}
{"reason":"compiler-message","package_id":"path+file:///Users/bradyjeong/Documents/Projects/Amp/gta4/gta_game/gameplay_sim#0.1.0","manifest_path":"/Users/bradyjeong/Documents/Projects/Amp/gta4/gta_game/gameplay_sim/Cargo.toml","target":{"kind":["lib"],"crate_types":["lib"],"name":"gameplay_sim","src_path":"/Users/bradyjeong/Documents/Projects/Amp/gta4/gta_game/gameplay_sim/src/lib.rs","edition":"2021","doc":true,"doctest":true,"test":true},"message":{"rendered":"warning: missing documentation for an associated function\n  --> gameplay_sim/src/world/unified_lod.rs:95:5\n   |\n95 |     pub fn vegetation() -> Self {\n   |     ^^^^^^^^^^^^^^^^^^^^^^^^^^^\n\n","$message_type":"diagnostic","children":[],"code":{"code":"missing_docs","explanation":null},"level":"warning","message":"missing documentation for an associated function","spans":[{"byte_end":3374,"byte_start":3347,"column_end":32,"column_start":5,"expansion":null,"file_name":"gameplay_sim/src/world/unified_lod.rs","is_primary":true,"label":null,"line_end":95,"line_start":95,"suggested_replacement":null,"suggestion_applicability":null,"text":[{"highlight_end":32,"highlight_start":5,"text":"    pub fn vegetation() -> Self {"}]}]}}
{"reason":"compiler-message","package_id":"path+file:///Users/bradyjeong/Documents/Projects/Amp/gta4/gta_game/gameplay_sim#0.1.0","manifest_path":"/Users/bradyjeong/Documents/Projects/Amp/gta4/gta_game/gameplay_sim/Cargo.toml","target":{"kind":["lib"],"crate_types":["lib"],"name":"gameplay_sim","src_path":"/Users/bradyjeong/Documents/Projects/Amp/gta4/gta_game/gameplay_sim/src/lib.rs","edition":"2021","doc":true,"doctest":true,"test":true},"message":{"rendered":"warning: missing documentation for an associated function\n   --> gameplay_sim/src/world/unified_lod.rs:105:5\n    |\n105 |     pub fn building() -> Self {\n    |     ^^^^^^^^^^^^^^^^^^^^^^^^^\n\n","$message_type":"diagnostic","children":[],"code":{"code":"missing_docs","explanation":null},"level":"warning","message":"missing documentation for an associated function","spans":[{"byte_end":3623,"byte_start":3598,"column_end":30,"column_start":5,"expansion":null,"file_name":"gameplay_sim/src/world/unified_lod.rs","is_primary":true,"label":null,"line_end":105,"line_start":105,"suggested_replacement":null,"suggestion_applicability":null,"text":[{"highlight_end":30,"highlight_start":5,"text":"    pub fn building() -> Self {"}]}]}}
{"reason":"compiler-message","package_id":"path+file:///Users/bradyjeong/Documents/Projects/Amp/gta4/gta_game/gameplay_sim#0.1.0","manifest_path":"/Users/bradyjeong/Documents/Projects/Amp/gta4/gta_game/gameplay_sim/Cargo.toml","target":{"kind":["lib"],"crate_types":["lib"],"name":"gameplay_sim","src_path":"/Users/bradyjeong/Documents/Projects/Amp/gta4/gta_game/gameplay_sim/src/lib.rs","edition":"2021","doc":true,"doctest":true,"test":true},"message":{"rendered":"warning: missing documentation for an associated function\n   --> gameplay_sim/src/world/unified_lod.rs:115:5\n    |\n115 |     pub fn chunk() -> Self {\n    |     ^^^^^^^^^^^^^^^^^^^^^^\n\n","$message_type":"diagnostic","children":[],"code":{"code":"missing_docs","explanation":null},"level":"warning","message":"missing documentation for an associated function","spans":[{"byte_end":3870,"byte_start":3848,"column_end":27,"column_start":5,"expansion":null,"file_name":"gameplay_sim/src/world/unified_lod.rs","is_primary":true,"label":null,"line_end":115,"line_start":115,"suggested_replacement":null,"suggestion_applicability":null,"text":[{"highlight_end":27,"highlight_start":5,"text":"    pub fn chunk() -> Self {"}]}]}}
{"reason":"compiler-message","package_id":"path+file:///Users/bradyjeong/Documents/Projects/Amp/gta4/gta_game/gameplay_sim#0.1.0","manifest_path":"/Users/bradyjeong/Documents/Projects/Amp/gta4/gta_game/gameplay_sim/Cargo.toml","target":{"kind":["lib"],"crate_types":["lib"],"name":"gameplay_sim","src_path":"/Users/bradyjeong/Documents/Projects/Amp/gta4/gta_game/gameplay_sim/src/lib.rs","edition":"2021","doc":true,"doctest":true,"test":true},"message":{"rendered":"warning: missing documentation for a method\n   --> gameplay_sim/src/world/unified_lod.rs:125:5\n    |\n125 |     pub fn get_lod_level(&self, distance: f32) -> usize {\n    |     ^^^^^^^^^^^^^^^^^^^^^^^^^^^^^^^^^^^^^^^^^^^^^^^^^^^\n\n","$message_type":"diagnostic","children":[],"code":{"code":"missing_docs","explanation":null},"level":"warning","message":"missing documentation for a method","spans":[{"byte_end":4146,"byte_start":4095,"column_end":56,"column_start":5,"expansion":null,"file_name":"gameplay_sim/src/world/unified_lod.rs","is_primary":true,"label":null,"line_end":125,"line_start":125,"suggested_replacement":null,"suggestion_applicability":null,"text":[{"highlight_end":56,"highlight_start":5,"text":"    pub fn get_lod_level(&self, distance: f32) -> usize {"}]}]}}
{"reason":"compiler-message","package_id":"path+file:///Users/bradyjeong/Documents/Projects/Amp/gta4/gta_game/gameplay_sim#0.1.0","manifest_path":"/Users/bradyjeong/Documents/Projects/Amp/gta4/gta_game/gameplay_sim/Cargo.toml","target":{"kind":["lib"],"crate_types":["lib"],"name":"gameplay_sim","src_path":"/Users/bradyjeong/Documents/Projects/Amp/gta4/gta_game/gameplay_sim/src/lib.rs","edition":"2021","doc":true,"doctest":true,"test":true},"message":{"rendered":"warning: missing documentation for a method\n   --> gameplay_sim/src/world/unified_lod.rs:134:5\n    |\n134 |     pub fn should_cull(&self, distance: f32) -> bool {\n    |     ^^^^^^^^^^^^^^^^^^^^^^^^^^^^^^^^^^^^^^^^^^^^^^^^\n\n","$message_type":"diagnostic","children":[],"code":{"code":"missing_docs","explanation":null},"level":"warning","message":"missing documentation for a method","spans":[{"byte_end":4444,"byte_start":4396,"column_end":53,"column_start":5,"expansion":null,"file_name":"gameplay_sim/src/world/unified_lod.rs","is_primary":true,"label":null,"line_end":134,"line_start":134,"suggested_replacement":null,"suggestion_applicability":null,"text":[{"highlight_end":53,"highlight_start":5,"text":"    pub fn should_cull(&self, distance: f32) -> bool {"}]}]}}
{"reason":"compiler-message","package_id":"path+file:///Users/bradyjeong/Documents/Projects/Amp/gta4/gta_game/gameplay_sim#0.1.0","manifest_path":"/Users/bradyjeong/Documents/Projects/Amp/gta4/gta_game/gameplay_sim/Cargo.toml","target":{"kind":["lib"],"crate_types":["lib"],"name":"gameplay_sim","src_path":"/Users/bradyjeong/Documents/Projects/Amp/gta4/gta_game/gameplay_sim/src/lib.rs","edition":"2021","doc":true,"doctest":true,"test":true},"message":{"rendered":"warning: missing documentation for a struct field\n   --> gameplay_sim/src/world/unified_lod.rs:510:5\n    |\n510 |     pub new_lod: VehicleLOD,\n    |     ^^^^^^^^^^^^^^^^^^^^^^^\n\n","$message_type":"diagnostic","children":[],"code":{"code":"missing_docs","explanation":null},"level":"warning","message":"missing documentation for a struct field","spans":[{"byte_end":18742,"byte_start":18719,"column_end":28,"column_start":5,"expansion":null,"file_name":"gameplay_sim/src/world/unified_lod.rs","is_primary":true,"label":null,"line_end":510,"line_start":510,"suggested_replacement":null,"suggestion_applicability":null,"text":[{"highlight_end":28,"highlight_start":5,"text":"    pub new_lod: VehicleLOD,"}]}]}}
{"reason":"compiler-message","package_id":"path+file:///Users/bradyjeong/Documents/Projects/Amp/gta4/gta_game/gameplay_sim#0.1.0","manifest_path":"/Users/bradyjeong/Documents/Projects/Amp/gta4/gta_game/gameplay_sim/Cargo.toml","target":{"kind":["lib"],"crate_types":["lib"],"name":"gameplay_sim","src_path":"/Users/bradyjeong/Documents/Projects/Amp/gta4/gta_game/gameplay_sim/src/lib.rs","edition":"2021","doc":true,"doctest":true,"test":true},"message":{"rendered":"warning: missing documentation for a struct field\n   --> gameplay_sim/src/world/unified_lod.rs:516:5\n    |\n516 |     pub new_lod: NPCLOD,\n    |     ^^^^^^^^^^^^^^^^^^^\n\n","$message_type":"diagnostic","children":[],"code":{"code":"missing_docs","explanation":null},"level":"warning","message":"missing documentation for a struct field","spans":[{"byte_end":18899,"byte_start":18880,"column_end":24,"column_start":5,"expansion":null,"file_name":"gameplay_sim/src/world/unified_lod.rs","is_primary":true,"label":null,"line_end":516,"line_start":516,"suggested_replacement":null,"suggestion_applicability":null,"text":[{"highlight_end":24,"highlight_start":5,"text":"    pub new_lod: NPCLOD,"}]}]}}
{"reason":"compiler-message","package_id":"path+file:///Users/bradyjeong/Documents/Projects/Amp/gta4/gta_game/gameplay_sim#0.1.0","manifest_path":"/Users/bradyjeong/Documents/Projects/Amp/gta4/gta_game/gameplay_sim/Cargo.toml","target":{"kind":["lib"],"crate_types":["lib"],"name":"gameplay_sim","src_path":"/Users/bradyjeong/Documents/Projects/Amp/gta4/gta_game/gameplay_sim/src/lib.rs","edition":"2021","doc":true,"doctest":true,"test":true},"message":{"rendered":"warning: missing documentation for a struct field\n   --> gameplay_sim/src/world/unified_lod.rs:522:5\n    |\n522 |     pub new_detail_level: VegetationDetailLevel,\n    |     ^^^^^^^^^^^^^^^^^^^^^^^^^^^^^^^^^^^^^^^^^^^\n\n","$message_type":"diagnostic","children":[],"code":{"code":"missing_docs","explanation":null},"level":"warning","message":"missing documentation for a struct field","spans":[{"byte_end":19101,"byte_start":19058,"column_end":48,"column_start":5,"expansion":null,"file_name":"gameplay_sim/src/world/unified_lod.rs","is_primary":true,"label":null,"line_end":522,"line_start":522,"suggested_replacement":null,"suggestion_applicability":null,"text":[{"highlight_end":48,"highlight_start":5,"text":"    pub new_detail_level: VegetationDetailLevel,"}]}]}}
{"reason":"compiler-message","package_id":"path+file:///Users/bradyjeong/Documents/Projects/Amp/gta4/gta_game/gameplay_sim#0.1.0","manifest_path":"/Users/bradyjeong/Documents/Projects/Amp/gta4/gta_game/gameplay_sim/Cargo.toml","target":{"kind":["lib"],"crate_types":["lib"],"name":"gameplay_sim","src_path":"/Users/bradyjeong/Documents/Projects/Amp/gta4/gta_game/gameplay_sim/src/lib.rs","edition":"2021","doc":true,"doctest":true,"test":true},"message":{"rendered":"warning: missing documentation for a struct field\n   --> gameplay_sim/src/world/unified_lod.rs:523:5\n    |\n523 |     pub distance: f32,\n    |     ^^^^^^^^^^^^^^^^^\n\n","$message_type":"diagnostic","children":[],"code":{"code":"missing_docs","explanation":null},"level":"warning","message":"missing documentation for a struct field","spans":[{"byte_end":19124,"byte_start":19107,"column_end":22,"column_start":5,"expansion":null,"file_name":"gameplay_sim/src/world/unified_lod.rs","is_primary":true,"label":null,"line_end":523,"line_start":523,"suggested_replacement":null,"suggestion_applicability":null,"text":[{"highlight_end":22,"highlight_start":5,"text":"    pub distance: f32,"}]}]}}
{"reason":"compiler-message","package_id":"path+file:///Users/bradyjeong/Documents/Projects/Amp/gta4/gta_game/gameplay_sim#0.1.0","manifest_path":"/Users/bradyjeong/Documents/Projects/Amp/gta4/gta_game/gameplay_sim/Cargo.toml","target":{"kind":["lib"],"crate_types":["lib"],"name":"gameplay_sim","src_path":"/Users/bradyjeong/Documents/Projects/Amp/gta4/gta_game/gameplay_sim/src/lib.rs","edition":"2021","doc":true,"doctest":true,"test":true},"message":{"rendered":"warning: missing documentation for a struct\n  --> gameplay_sim/src/world/culling.rs:19:1\n   |\n19 | pub struct CullingTimer {\n   | ^^^^^^^^^^^^^^^^^^^^^^^\n\n","$message_type":"diagnostic","children":[],"code":{"code":"missing_docs","explanation":null},"level":"warning","message":"missing documentation for a struct","spans":[{"byte_end":921,"byte_start":898,"column_end":24,"column_start":1,"expansion":null,"file_name":"gameplay_sim/src/world/culling.rs","is_primary":true,"label":null,"line_end":19,"line_start":19,"suggested_replacement":null,"suggestion_applicability":null,"text":[{"highlight_end":24,"highlight_start":1,"text":"pub struct CullingTimer {"}]}]}}
{"reason":"compiler-message","package_id":"path+file:///Users/bradyjeong/Documents/Projects/Amp/gta4/gta_game/gameplay_sim#0.1.0","manifest_path":"/Users/bradyjeong/Documents/Projects/Amp/gta4/gta_game/gameplay_sim/Cargo.toml","target":{"kind":["lib"],"crate_types":["lib"],"name":"gameplay_sim","src_path":"/Users/bradyjeong/Documents/Projects/Amp/gta4/gta_game/gameplay_sim/src/lib.rs","edition":"2021","doc":true,"doctest":true,"test":true},"message":{"rendered":"warning: missing documentation for a function\n  --> gameplay_sim/src/world/culling.rs:23:1\n   |\n23 | / pub fn distance_culling_system(\n24 | |     mut cullable_query: Query<(Entity, &mut Cullable, &mut Visibility, &Transform), Without<ActiveEntity>>,\n25 | |     active_query: Query<(Entity, &Transform), (With<ActiveEntity>, Without<Cullable>)>,\n26 | |     _settings: Res<CullingSettings>,\n...  |\n29 | |     mut distance_cache: ResMut<DistanceCache>,\n30 | | ) {\n   | |_^\n\n","$message_type":"diagnostic","children":[],"code":{"code":"missing_docs","explanation":null},"level":"warning","message":"missing documentation for a function","spans":[{"byte_end":1313,"byte_start":943,"column_end":2,"column_start":1,"expansion":null,"file_name":"gameplay_sim/src/world/culling.rs","is_primary":true,"label":null,"line_end":30,"line_start":23,"suggested_replacement":null,"suggestion_applicability":null,"text":[{"highlight_end":32,"highlight_start":1,"text":"pub fn distance_culling_system("},{"highlight_end":108,"highlight_start":1,"text":"    mut cullable_query: Query<(Entity, &mut Cullable, &mut Visibility, &Transform), Without<ActiveEntity>>,"},{"highlight_end":88,"highlight_start":1,"text":"    active_query: Query<(Entity, &Transform), (With<ActiveEntity>, Without<Cullable>)>,"},{"highlight_end":37,"highlight_start":1,"text":"    _settings: Res<CullingSettings>,"},{"highlight_end":21,"highlight_start":1,"text":"    time: Res<Time>,"},{"highlight_end":36,"highlight_start":1,"text":"    mut timer: Local<CullingTimer>,"},{"highlight_end":47,"highlight_start":1,"text":"    mut distance_cache: ResMut<DistanceCache>,"},{"highlight_end":2,"highlight_start":1,"text":") {"}]}]}}
{"reason":"compiler-message","package_id":"path+file:///Users/bradyjeong/Documents/Projects/Amp/gta4/gta_game/gameplay_sim#0.1.0","manifest_path":"/Users/bradyjeong/Documents/Projects/Amp/gta4/gta_game/gameplay_sim/Cargo.toml","target":{"kind":["lib"],"crate_types":["lib"],"name":"gameplay_sim","src_path":"/Users/bradyjeong/Documents/Projects/Amp/gta4/gta_game/gameplay_sim/src/lib.rs","edition":"2021","doc":true,"doctest":true,"test":true},"message":{"rendered":"warning: missing documentation for a function\n  --> gameplay_sim/src/world/dynamic_content.rs:29:1\n   |\n29 | / pub fn dynamic_terrain_system(\n30 | |     mut terrain_query: Query<&mut Transform, (With<DynamicTerrain>, Without<ActiveEntity>)>,\n31 | |     active_query: Query<&Transform, (With<ActiveEntity>, Without<DynamicTerrain>)>,\n32 | | ) {\n   | |_^\n\n","$message_type":"diagnostic","children":[],"code":{"code":"missing_docs","explanation":null},"level":"warning","message":"missing documentation for a function","spans":[{"byte_end":1391,"byte_start":1182,"column_end":2,"column_start":1,"expansion":null,"file_name":"gameplay_sim/src/world/dynamic_content.rs","is_primary":true,"label":null,"line_end":32,"line_start":29,"suggested_replacement":null,"suggestion_applicability":null,"text":[{"highlight_end":31,"highlight_start":1,"text":"pub fn dynamic_terrain_system("},{"highlight_end":93,"highlight_start":1,"text":"    mut terrain_query: Query<&mut Transform, (With<DynamicTerrain>, Without<ActiveEntity>)>,"},{"highlight_end":84,"highlight_start":1,"text":"    active_query: Query<&Transform, (With<ActiveEntity>, Without<DynamicTerrain>)>,"},{"highlight_end":2,"highlight_start":1,"text":") {"}]}]}}
{"reason":"compiler-message","package_id":"path+file:///Users/bradyjeong/Documents/Projects/Amp/gta4/gta_game/gameplay_sim#0.1.0","manifest_path":"/Users/bradyjeong/Documents/Projects/Amp/gta4/gta_game/gameplay_sim/Cargo.toml","target":{"kind":["lib"],"crate_types":["lib"],"name":"gameplay_sim","src_path":"/Users/bradyjeong/Documents/Projects/Amp/gta4/gta_game/gameplay_sim/src/lib.rs","edition":"2021","doc":true,"doctest":true,"test":true},"message":{"rendered":"warning: missing documentation for a struct\n  --> gameplay_sim/src/world/dynamic_content.rs:49:1\n   |\n49 | pub struct DynamicContentTimer {\n   | ^^^^^^^^^^^^^^^^^^^^^^^^^^^^^^\n\n","$message_type":"diagnostic","children":[],"code":{"code":"missing_docs","explanation":null},"level":"warning","message":"missing documentation for a struct","spans":[{"byte_end":2232,"byte_start":2202,"column_end":31,"column_start":1,"expansion":null,"file_name":"gameplay_sim/src/world/dynamic_content.rs","is_primary":true,"label":null,"line_end":49,"line_start":49,"suggested_replacement":null,"suggestion_applicability":null,"text":[{"highlight_end":31,"highlight_start":1,"text":"pub struct DynamicContentTimer {"}]}]}}
{"reason":"compiler-message","package_id":"path+file:///Users/bradyjeong/Documents/Projects/Amp/gta4/gta_game/gameplay_sim#0.1.0","manifest_path":"/Users/bradyjeong/Documents/Projects/Amp/gta4/gta_game/gameplay_sim/Cargo.toml","target":{"kind":["lib"],"crate_types":["lib"],"name":"gameplay_sim","src_path":"/Users/bradyjeong/Documents/Projects/Amp/gta4/gta_game/gameplay_sim/src/lib.rs","edition":"2021","doc":true,"doctest":true,"test":true},"message":{"rendered":"warning: missing documentation for a function\n  --> gameplay_sim/src/world/dynamic_content.rs:54:1\n   |\n54 | / pub fn dynamic_content_system(\n55 | |     mut commands: Commands,\n56 | |     active_query: Query<&Transform, (With<ActiveEntity>, Without<DynamicContent>)>,\n57 | |     content_query: Query<(Entity, &Transform, &DynamicContent)>,\n...  |\n66 | |     game_config: Res<GameConfig>,\n67 | | ) {\n   | |_^\n\n","$message_type":"diagnostic","children":[],"code":{"code":"missing_docs","explanation":null},"level":"warning","message":"missing documentation for a function","spans":[{"byte_end":2906,"byte_start":2289,"column_end":2,"column_start":1,"expansion":null,"file_name":"gameplay_sim/src/world/dynamic_content.rs","is_primary":true,"label":null,"line_end":67,"line_start":54,"suggested_replacement":null,"suggestion_applicability":null,"text":[{"highlight_end":31,"highlight_start":1,"text":"pub fn dynamic_content_system("},{"highlight_end":28,"highlight_start":1,"text":"    mut commands: Commands,"},{"highlight_end":84,"highlight_start":1,"text":"    active_query: Query<&Transform, (With<ActiveEntity>, Without<DynamicContent>)>,"},{"highlight_end":65,"highlight_start":1,"text":"    content_query: Query<(Entity, &Transform, &DynamicContent)>,"},{"highlight_end":86,"highlight_start":1,"text":"    existing_vehicles_query: Query<&Transform, (With<Car>, Without<DynamicContent>)>,"},{"highlight_end":38,"highlight_start":1,"text":"    mut meshes: ResMut<Assets<Mesh>>,"},{"highlight_end":53,"highlight_start":1,"text":"    mut materials: ResMut<Assets<StandardMaterial>>,"},{"highlight_end":42,"highlight_start":1,"text":"    _entity_limits: ResMut<EntityLimits>,"},{"highlight_end":55,"highlight_start":1,"text":"    mut unified_factory: ResMut<UnifiedEntityFactory>,"},{"highlight_end":36,"highlight_start":1,"text":"    road_network: Res<RoadNetwork>,"},{"highlight_end":21,"highlight_start":1,"text":"    time: Res<Time>,"},{"highlight_end":43,"highlight_start":1,"text":"    mut timer: Local<DynamicContentTimer>,"},{"highlight_end":34,"highlight_start":1,"text":"    game_config: Res<GameConfig>,"},{"highlight_end":2,"highlight_start":1,"text":") {"}]}]}}
{"reason":"compiler-message","package_id":"path+file:///Users/bradyjeong/Documents/Projects/Amp/gta4/gta_game/gameplay_sim#0.1.0","manifest_path":"/Users/bradyjeong/Documents/Projects/Amp/gta4/gta_game/gameplay_sim/Cargo.toml","target":{"kind":["lib"],"crate_types":["lib"],"name":"gameplay_sim","src_path":"/Users/bradyjeong/Documents/Projects/Amp/gta4/gta_game/gameplay_sim/src/lib.rs","edition":"2021","doc":true,"doctest":true,"test":true},"message":{"rendered":"warning: missing documentation for a struct field\n  --> gameplay_sim/src/world/vegetation_lod.rs:20:5\n   |\n20 |     pub frame: u64,\n   |     ^^^^^^^^^^^^^^\n\n","$message_type":"diagnostic","children":[],"code":{"code":"missing_docs","explanation":null},"level":"warning","message":"missing documentation for a struct field","spans":[{"byte_end":964,"byte_start":950,"column_end":19,"column_start":5,"expansion":null,"file_name":"gameplay_sim/src/world/vegetation_lod.rs","is_primary":true,"label":null,"line_end":20,"line_start":20,"suggested_replacement":null,"suggestion_applicability":null,"text":[{"highlight_end":19,"highlight_start":5,"text":"    pub frame: u64,"}]}]}}
{"reason":"compiler-message","package_id":"path+file:///Users/bradyjeong/Documents/Projects/Amp/gta4/gta_game/gameplay_sim#0.1.0","manifest_path":"/Users/bradyjeong/Documents/Projects/Amp/gta4/gta_game/gameplay_sim/Cargo.toml","target":{"kind":["lib"],"crate_types":["lib"],"name":"gameplay_sim","src_path":"/Users/bradyjeong/Documents/Projects/Amp/gta4/gta_game/gameplay_sim/src/lib.rs","edition":"2021","doc":true,"doctest":true,"test":true},"message":{"rendered":"warning: missing documentation for a function\n   --> gameplay_sim/src/world/dynamic_content.rs:191:1\n    |\n191 | / pub fn vehicle_separation_system(\n192 | |     mut vehicle_query: Query<(&mut Transform, &mut Velocity), (With<Car>, With<DynamicContent>)>,\n193 | | ) {\n    | |_^\n\n","$message_type":"diagnostic","children":[],"code":{"code":"missing_docs","explanation":null},"level":"warning","message":"missing documentation for a function","spans":[{"byte_end":8362,"byte_start":8229,"column_end":2,"column_start":1,"expansion":null,"file_name":"gameplay_sim/src/world/dynamic_content.rs","is_primary":true,"label":null,"line_end":193,"line_start":191,"suggested_replacement":null,"suggestion_applicability":null,"text":[{"highlight_end":34,"highlight_start":1,"text":"pub fn vehicle_separation_system("},{"highlight_end":98,"highlight_start":1,"text":"    mut vehicle_query: Query<(&mut Transform, &mut Velocity), (With<Car>, With<DynamicContent>)>,"},{"highlight_end":2,"highlight_start":1,"text":") {"}]}]}}
{"reason":"compiler-message","package_id":"path+file:///Users/bradyjeong/Documents/Projects/Amp/gta4/gta_game/gameplay_sim#0.1.0","manifest_path":"/Users/bradyjeong/Documents/Projects/Amp/gta4/gta_game/gameplay_sim/Cargo.toml","target":{"kind":["lib"],"crate_types":["lib"],"name":"gameplay_sim","src_path":"/Users/bradyjeong/Documents/Projects/Amp/gta4/gta_game/gameplay_sim/src/lib.rs","edition":"2021","doc":true,"doctest":true,"test":true},"message":{"rendered":"warning: missing documentation for a struct\n   --> gameplay_sim/src/world/vegetation_lod.rs:125:1\n    |\n125 | pub struct VegetationBillboardResources {\n    | ^^^^^^^^^^^^^^^^^^^^^^^^^^^^^^^^^^^^^^^\n\n","$message_type":"diagnostic","children":[],"code":{"code":"missing_docs","explanation":null},"level":"warning","message":"missing documentation for a struct","spans":[{"byte_end":4888,"byte_start":4849,"column_end":40,"column_start":1,"expansion":null,"file_name":"gameplay_sim/src/world/vegetation_lod.rs","is_primary":true,"label":null,"line_end":125,"line_start":125,"suggested_replacement":null,"suggestion_applicability":null,"text":[{"highlight_end":40,"highlight_start":1,"text":"pub struct VegetationBillboardResources {"}]}]}}
{"reason":"compiler-message","package_id":"path+file:///Users/bradyjeong/Documents/Projects/Amp/gta4/gta_game/gameplay_sim#0.1.0","manifest_path":"/Users/bradyjeong/Documents/Projects/Amp/gta4/gta_game/gameplay_sim/Cargo.toml","target":{"kind":["lib"],"crate_types":["lib"],"name":"gameplay_sim","src_path":"/Users/bradyjeong/Documents/Projects/Amp/gta4/gta_game/gameplay_sim/src/lib.rs","edition":"2021","doc":true,"doctest":true,"test":true},"message":{"rendered":"warning: missing documentation for a struct field\n   --> gameplay_sim/src/world/vegetation_lod.rs:126:5\n    |\n126 |     pub mesh: Handle<Mesh>,\n    |     ^^^^^^^^^^^^^^^^^^^^^^\n\n","$message_type":"diagnostic","children":[],"code":{"code":"missing_docs","explanation":null},"level":"warning","message":"missing documentation for a struct field","spans":[{"byte_end":4917,"byte_start":4895,"column_end":27,"column_start":5,"expansion":null,"file_name":"gameplay_sim/src/world/vegetation_lod.rs","is_primary":true,"label":null,"line_end":126,"line_start":126,"suggested_replacement":null,"suggestion_applicability":null,"text":[{"highlight_end":27,"highlight_start":5,"text":"    pub mesh: Handle<Mesh>,"}]}]}}
{"reason":"compiler-message","package_id":"path+file:///Users/bradyjeong/Documents/Projects/Amp/gta4/gta_game/gameplay_sim#0.1.0","manifest_path":"/Users/bradyjeong/Documents/Projects/Amp/gta4/gta_game/gameplay_sim/Cargo.toml","target":{"kind":["lib"],"crate_types":["lib"],"name":"gameplay_sim","src_path":"/Users/bradyjeong/Documents/Projects/Amp/gta4/gta_game/gameplay_sim/src/lib.rs","edition":"2021","doc":true,"doctest":true,"test":true},"message":{"rendered":"warning: missing documentation for a struct field\n   --> gameplay_sim/src/world/vegetation_lod.rs:127:5\n    |\n127 |     pub material: Handle<StandardMaterial>,\n    |     ^^^^^^^^^^^^^^^^^^^^^^^^^^^^^^^^^^^^^^\n\n","$message_type":"diagnostic","children":[],"code":{"code":"missing_docs","explanation":null},"level":"warning","message":"missing documentation for a struct field","spans":[{"byte_end":4961,"byte_start":4923,"column_end":43,"column_start":5,"expansion":null,"file_name":"gameplay_sim/src/world/vegetation_lod.rs","is_primary":true,"label":null,"line_end":127,"line_start":127,"suggested_replacement":null,"suggestion_applicability":null,"text":[{"highlight_end":43,"highlight_start":5,"text":"    pub material: Handle<StandardMaterial>,"}]}]}}
{"reason":"compiler-message","package_id":"path+file:///Users/bradyjeong/Documents/Projects/Amp/gta4/gta_game/gameplay_sim#0.1.0","manifest_path":"/Users/bradyjeong/Documents/Projects/Amp/gta4/gta_game/gameplay_sim/Cargo.toml","target":{"kind":["lib"],"crate_types":["lib"],"name":"gameplay_sim","src_path":"/Users/bradyjeong/Documents/Projects/Amp/gta4/gta_game/gameplay_sim/src/lib.rs","edition":"2021","doc":true,"doctest":true,"test":true},"message":{"rendered":"warning: missing documentation for a function\n  --> gameplay_sim/src/world/performance.rs:16:1\n   |\n16 | / pub fn performance_monitoring_system(\n17 | |     time: Res<Time>,\n18 | |     mut stats: ResMut<PerformanceStats>,\n19 | |     entity_query: Query<Entity>,\n20 | |     cullable_query: Query<&Cullable>,\n21 | |     diagnostics: Res<DiagnosticsStore>,\n22 | | ) {\n   | |_^\n\n","$message_type":"diagnostic","children":[],"code":{"code":"missing_docs","explanation":null},"level":"warning","message":"missing documentation for a function","spans":[{"byte_end":933,"byte_start":721,"column_end":2,"column_start":1,"expansion":null,"file_name":"gameplay_sim/src/world/performance.rs","is_primary":true,"label":null,"line_end":22,"line_start":16,"suggested_replacement":null,"suggestion_applicability":null,"text":[{"highlight_end":38,"highlight_start":1,"text":"pub fn performance_monitoring_system("},{"highlight_end":21,"highlight_start":1,"text":"    time: Res<Time>,"},{"highlight_end":41,"highlight_start":1,"text":"    mut stats: ResMut<PerformanceStats>,"},{"highlight_end":33,"highlight_start":1,"text":"    entity_query: Query<Entity>,"},{"highlight_end":38,"highlight_start":1,"text":"    cullable_query: Query<&Cullable>,"},{"highlight_end":40,"highlight_start":1,"text":"    diagnostics: Res<DiagnosticsStore>,"},{"highlight_end":2,"highlight_start":1,"text":") {"}]}]}}
{"reason":"compiler-message","package_id":"path+file:///Users/bradyjeong/Documents/Projects/Amp/gta4/gta_game/gameplay_sim#0.1.0","manifest_path":"/Users/bradyjeong/Documents/Projects/Amp/gta4/gta_game/gameplay_sim/Cargo.toml","target":{"kind":["lib"],"crate_types":["lib"],"name":"gameplay_sim","src_path":"/Users/bradyjeong/Documents/Projects/Amp/gta4/gta_game/gameplay_sim/src/lib.rs","edition":"2021","doc":true,"doctest":true,"test":true},"message":{"rendered":"warning: missing documentation for an enum\n  --> gameplay_sim/src/world/road_network.rs:21:1\n   |\n21 | pub enum RoadType {\n   | ^^^^^^^^^^^^^^^^^\n\n","$message_type":"diagnostic","children":[],"code":{"code":"missing_docs","explanation":null},"level":"warning","message":"missing documentation for an enum","spans":[{"byte_end":903,"byte_start":886,"column_end":18,"column_start":1,"expansion":null,"file_name":"gameplay_sim/src/world/road_network.rs","is_primary":true,"label":null,"line_end":21,"line_start":21,"suggested_replacement":null,"suggestion_applicability":null,"text":[{"highlight_end":18,"highlight_start":1,"text":"pub enum RoadType {"}]}]}}
{"reason":"compiler-message","package_id":"path+file:///Users/bradyjeong/Documents/Projects/Amp/gta4/gta_game/gameplay_sim#0.1.0","manifest_path":"/Users/bradyjeong/Documents/Projects/Amp/gta4/gta_game/gameplay_sim/Cargo.toml","target":{"kind":["lib"],"crate_types":["lib"],"name":"gameplay_sim","src_path":"/Users/bradyjeong/Documents/Projects/Amp/gta4/gta_game/gameplay_sim/src/lib.rs","edition":"2021","doc":true,"doctest":true,"test":true},"message":{"rendered":"warning: missing documentation for a variant\n  --> gameplay_sim/src/world/road_network.rs:22:5\n   |\n22 |     Street,\n   |     ^^^^^^\n\n","$message_type":"diagnostic","children":[],"code":{"code":"missing_docs","explanation":null},"level":"warning","message":"missing documentation for a variant","spans":[{"byte_end":916,"byte_start":910,"column_end":11,"column_start":5,"expansion":null,"file_name":"gameplay_sim/src/world/road_network.rs","is_primary":true,"label":null,"line_end":22,"line_start":22,"suggested_replacement":null,"suggestion_applicability":null,"text":[{"highlight_end":11,"highlight_start":5,"text":"    Street,"}]}]}}
{"reason":"compiler-message","package_id":"path+file:///Users/bradyjeong/Documents/Projects/Amp/gta4/gta_game/gameplay_sim#0.1.0","manifest_path":"/Users/bradyjeong/Documents/Projects/Amp/gta4/gta_game/gameplay_sim/Cargo.toml","target":{"kind":["lib"],"crate_types":["lib"],"name":"gameplay_sim","src_path":"/Users/bradyjeong/Documents/Projects/Amp/gta4/gta_game/gameplay_sim/src/lib.rs","edition":"2021","doc":true,"doctest":true,"test":true},"message":{"rendered":"warning: missing documentation for a variant\n  --> gameplay_sim/src/world/road_network.rs:23:5\n   |\n23 |     Highway,\n   |     ^^^^^^^\n\n","$message_type":"diagnostic","children":[],"code":{"code":"missing_docs","explanation":null},"level":"warning","message":"missing documentation for a variant","spans":[{"byte_end":929,"byte_start":922,"column_end":12,"column_start":5,"expansion":null,"file_name":"gameplay_sim/src/world/road_network.rs","is_primary":true,"label":null,"line_end":23,"line_start":23,"suggested_replacement":null,"suggestion_applicability":null,"text":[{"highlight_end":12,"highlight_start":5,"text":"    Highway,"}]}]}}
{"reason":"compiler-message","package_id":"path+file:///Users/bradyjeong/Documents/Projects/Amp/gta4/gta_game/gameplay_sim#0.1.0","manifest_path":"/Users/bradyjeong/Documents/Projects/Amp/gta4/gta_game/gameplay_sim/Cargo.toml","target":{"kind":["lib"],"crate_types":["lib"],"name":"gameplay_sim","src_path":"/Users/bradyjeong/Documents/Projects/Amp/gta4/gta_game/gameplay_sim/src/lib.rs","edition":"2021","doc":true,"doctest":true,"test":true},"message":{"rendered":"warning: missing documentation for a variant\n  --> gameplay_sim/src/world/road_network.rs:24:5\n   |\n24 |     Residential,\n   |     ^^^^^^^^^^^\n\n","$message_type":"diagnostic","children":[],"code":{"code":"missing_docs","explanation":null},"level":"warning","message":"missing documentation for a variant","spans":[{"byte_end":946,"byte_start":935,"column_end":16,"column_start":5,"expansion":null,"file_name":"gameplay_sim/src/world/road_network.rs","is_primary":true,"label":null,"line_end":24,"line_start":24,"suggested_replacement":null,"suggestion_applicability":null,"text":[{"highlight_end":16,"highlight_start":5,"text":"    Residential,"}]}]}}
{"reason":"compiler-message","package_id":"path+file:///Users/bradyjeong/Documents/Projects/Amp/gta4/gta_game/gameplay_sim#0.1.0","manifest_path":"/Users/bradyjeong/Documents/Projects/Amp/gta4/gta_game/gameplay_sim/Cargo.toml","target":{"kind":["lib"],"crate_types":["lib"],"name":"gameplay_sim","src_path":"/Users/bradyjeong/Documents/Projects/Amp/gta4/gta_game/gameplay_sim/src/lib.rs","edition":"2021","doc":true,"doctest":true,"test":true},"message":{"rendered":"warning: missing documentation for a variant\n  --> gameplay_sim/src/world/road_network.rs:25:5\n   |\n25 |     Commercial,\n   |     ^^^^^^^^^^\n\n","$message_type":"diagnostic","children":[],"code":{"code":"missing_docs","explanation":null},"level":"warning","message":"missing documentation for a variant","spans":[{"byte_end":962,"byte_start":952,"column_end":15,"column_start":5,"expansion":null,"file_name":"gameplay_sim/src/world/road_network.rs","is_primary":true,"label":null,"line_end":25,"line_start":25,"suggested_replacement":null,"suggestion_applicability":null,"text":[{"highlight_end":15,"highlight_start":5,"text":"    Commercial,"}]}]}}
{"reason":"compiler-message","package_id":"path+file:///Users/bradyjeong/Documents/Projects/Amp/gta4/gta_game/gameplay_sim#0.1.0","manifest_path":"/Users/bradyjeong/Documents/Projects/Amp/gta4/gta_game/gameplay_sim/Cargo.toml","target":{"kind":["lib"],"crate_types":["lib"],"name":"gameplay_sim","src_path":"/Users/bradyjeong/Documents/Projects/Amp/gta4/gta_game/gameplay_sim/src/lib.rs","edition":"2021","doc":true,"doctest":true,"test":true},"message":{"rendered":"warning: missing documentation for an enum\n  --> gameplay_sim/src/world/road_network.rs:29:1\n   |\n29 | pub enum SurfaceType {\n   | ^^^^^^^^^^^^^^^^^^^^\n\n","$message_type":"diagnostic","children":[],"code":{"code":"missing_docs","explanation":null},"level":"warning","message":"missing documentation for an enum","spans":[{"byte_end":1028,"byte_start":1008,"column_end":21,"column_start":1,"expansion":null,"file_name":"gameplay_sim/src/world/road_network.rs","is_primary":true,"label":null,"line_end":29,"line_start":29,"suggested_replacement":null,"suggestion_applicability":null,"text":[{"highlight_end":21,"highlight_start":1,"text":"pub enum SurfaceType {"}]}]}}
{"reason":"compiler-message","package_id":"path+file:///Users/bradyjeong/Documents/Projects/Amp/gta4/gta_game/gameplay_sim#0.1.0","manifest_path":"/Users/bradyjeong/Documents/Projects/Amp/gta4/gta_game/gameplay_sim/Cargo.toml","target":{"kind":["lib"],"crate_types":["lib"],"name":"gameplay_sim","src_path":"/Users/bradyjeong/Documents/Projects/Amp/gta4/gta_game/gameplay_sim/src/lib.rs","edition":"2021","doc":true,"doctest":true,"test":true},"message":{"rendered":"warning: missing documentation for a variant\n  --> gameplay_sim/src/world/road_network.rs:30:5\n   |\n30 |     Asphalt,\n   |     ^^^^^^^\n\n","$message_type":"diagnostic","children":[],"code":{"code":"missing_docs","explanation":null},"level":"warning","message":"missing documentation for a variant","spans":[{"byte_end":1042,"byte_start":1035,"column_end":12,"column_start":5,"expansion":null,"file_name":"gameplay_sim/src/world/road_network.rs","is_primary":true,"label":null,"line_end":30,"line_start":30,"suggested_replacement":null,"suggestion_applicability":null,"text":[{"highlight_end":12,"highlight_start":5,"text":"    Asphalt,"}]}]}}
{"reason":"compiler-message","package_id":"path+file:///Users/bradyjeong/Documents/Projects/Amp/gta4/gta_game/gameplay_sim#0.1.0","manifest_path":"/Users/bradyjeong/Documents/Projects/Amp/gta4/gta_game/gameplay_sim/Cargo.toml","target":{"kind":["lib"],"crate_types":["lib"],"name":"gameplay_sim","src_path":"/Users/bradyjeong/Documents/Projects/Amp/gta4/gta_game/gameplay_sim/src/lib.rs","edition":"2021","doc":true,"doctest":true,"test":true},"message":{"rendered":"warning: missing documentation for a struct field\n   --> gameplay_sim/src/world/unified_distance_culling.rs:109:5\n    |\n109 |     pub config: DistanceCullingConfig,\n    |     ^^^^^^^^^^^^^^^^^^^^^^^^^^^^^^^^^\n\n","$message_type":"diagnostic","children":[],"code":{"code":"missing_docs","explanation":null},"level":"warning","message":"missing documentation for a struct field","spans":[{"byte_end":3828,"byte_start":3795,"column_end":38,"column_start":5,"expansion":null,"file_name":"gameplay_sim/src/world/unified_distance_culling.rs","is_primary":true,"label":null,"line_end":109,"line_start":109,"suggested_replacement":null,"suggestion_applicability":null,"text":[{"highlight_end":38,"highlight_start":5,"text":"    pub config: DistanceCullingConfig,"}]}]}}
{"reason":"compiler-message","package_id":"path+file:///Users/bradyjeong/Documents/Projects/Amp/gta4/gta_game/gameplay_sim#0.1.0","manifest_path":"/Users/bradyjeong/Documents/Projects/Amp/gta4/gta_game/gameplay_sim/Cargo.toml","target":{"kind":["lib"],"crate_types":["lib"],"name":"gameplay_sim","src_path":"/Users/bradyjeong/Documents/Projects/Amp/gta4/gta_game/gameplay_sim/src/lib.rs","edition":"2021","doc":true,"doctest":true,"test":true},"message":{"rendered":"warning: missing documentation for a variant\n  --> gameplay_sim/src/world/road_network.rs:31:5\n   |\n31 |     Concrete,\n   |     ^^^^^^^^\n\n","$message_type":"diagnostic","children":[],"code":{"code":"missing_docs","explanation":null},"level":"warning","message":"missing documentation for a variant","spans":[{"byte_end":1056,"byte_start":1048,"column_end":13,"column_start":5,"expansion":null,"file_name":"gameplay_sim/src/world/road_network.rs","is_primary":true,"label":null,"line_end":31,"line_start":31,"suggested_replacement":null,"suggestion_applicability":null,"text":[{"highlight_end":13,"highlight_start":5,"text":"    Concrete,"}]}]}}
{"reason":"compiler-message","package_id":"path+file:///Users/bradyjeong/Documents/Projects/Amp/gta4/gta_game/gameplay_sim#0.1.0","manifest_path":"/Users/bradyjeong/Documents/Projects/Amp/gta4/gta_game/gameplay_sim/Cargo.toml","target":{"kind":["lib"],"crate_types":["lib"],"name":"gameplay_sim","src_path":"/Users/bradyjeong/Documents/Projects/Amp/gta4/gta_game/gameplay_sim/src/lib.rs","edition":"2021","doc":true,"doctest":true,"test":true},"message":{"rendered":"warning: missing documentation for a struct field\n   --> gameplay_sim/src/world/unified_distance_culling.rs:110:5\n    |\n110 |     pub current_lod: usize,\n    |     ^^^^^^^^^^^^^^^^^^^^^^\n\n","$message_type":"diagnostic","children":[],"code":{"code":"missing_docs","explanation":null},"level":"warning","message":"missing documentation for a struct field","spans":[{"byte_end":3856,"byte_start":3834,"column_end":27,"column_start":5,"expansion":null,"file_name":"gameplay_sim/src/world/unified_distance_culling.rs","is_primary":true,"label":null,"line_end":110,"line_start":110,"suggested_replacement":null,"suggestion_applicability":null,"text":[{"highlight_end":27,"highlight_start":5,"text":"    pub current_lod: usize,"}]}]}}
{"reason":"compiler-message","package_id":"path+file:///Users/bradyjeong/Documents/Projects/Amp/gta4/gta_game/gameplay_sim#0.1.0","manifest_path":"/Users/bradyjeong/Documents/Projects/Amp/gta4/gta_game/gameplay_sim/Cargo.toml","target":{"kind":["lib"],"crate_types":["lib"],"name":"gameplay_sim","src_path":"/Users/bradyjeong/Documents/Projects/Amp/gta4/gta_game/gameplay_sim/src/lib.rs","edition":"2021","doc":true,"doctest":true,"test":true},"message":{"rendered":"warning: missing documentation for a variant\n  --> gameplay_sim/src/world/road_network.rs:32:5\n   |\n32 |     Dirt,\n   |     ^^^^\n\n","$message_type":"diagnostic","children":[],"code":{"code":"missing_docs","explanation":null},"level":"warning","message":"missing documentation for a variant","spans":[{"byte_end":1066,"byte_start":1062,"column_end":9,"column_start":5,"expansion":null,"file_name":"gameplay_sim/src/world/road_network.rs","is_primary":true,"label":null,"line_end":32,"line_start":32,"suggested_replacement":null,"suggestion_applicability":null,"text":[{"highlight_end":9,"highlight_start":5,"text":"    Dirt,"}]}]}}
{"reason":"compiler-message","package_id":"path+file:///Users/bradyjeong/Documents/Projects/Amp/gta4/gta_game/gameplay_sim#0.1.0","manifest_path":"/Users/bradyjeong/Documents/Projects/Amp/gta4/gta_game/gameplay_sim/Cargo.toml","target":{"kind":["lib"],"crate_types":["lib"],"name":"gameplay_sim","src_path":"/Users/bradyjeong/Documents/Projects/Amp/gta4/gta_game/gameplay_sim/src/lib.rs","edition":"2021","doc":true,"doctest":true,"test":true},"message":{"rendered":"warning: missing documentation for a struct field\n   --> gameplay_sim/src/world/unified_distance_culling.rs:111:5\n    |\n111 |     pub is_culled: bool,\n    |     ^^^^^^^^^^^^^^^^^^^\n\n","$message_type":"diagnostic","children":[],"code":{"code":"missing_docs","explanation":null},"level":"warning","message":"missing documentation for a struct field","spans":[{"byte_end":3881,"byte_start":3862,"column_end":24,"column_start":5,"expansion":null,"file_name":"gameplay_sim/src/world/unified_distance_culling.rs","is_primary":true,"label":null,"line_end":111,"line_start":111,"suggested_replacement":null,"suggestion_applicability":null,"text":[{"highlight_end":24,"highlight_start":5,"text":"    pub is_culled: bool,"}]}]}}
{"reason":"compiler-message","package_id":"path+file:///Users/bradyjeong/Documents/Projects/Amp/gta4/gta_game/gameplay_sim#0.1.0","manifest_path":"/Users/bradyjeong/Documents/Projects/Amp/gta4/gta_game/gameplay_sim/Cargo.toml","target":{"kind":["lib"],"crate_types":["lib"],"name":"gameplay_sim","src_path":"/Users/bradyjeong/Documents/Projects/Amp/gta4/gta_game/gameplay_sim/src/lib.rs","edition":"2021","doc":true,"doctest":true,"test":true},"message":{"rendered":"warning: missing documentation for a variant\n  --> gameplay_sim/src/world/road_network.rs:33:5\n   |\n33 |     Gravel,\n   |     ^^^^^^\n\n","$message_type":"diagnostic","children":[],"code":{"code":"missing_docs","explanation":null},"level":"warning","message":"missing documentation for a variant","spans":[{"byte_end":1078,"byte_start":1072,"column_end":11,"column_start":5,"expansion":null,"file_name":"gameplay_sim/src/world/road_network.rs","is_primary":true,"label":null,"line_end":33,"line_start":33,"suggested_replacement":null,"suggestion_applicability":null,"text":[{"highlight_end":11,"highlight_start":5,"text":"    Gravel,"}]}]}}
{"reason":"compiler-message","package_id":"path+file:///Users/bradyjeong/Documents/Projects/Amp/gta4/gta_game/gameplay_sim#0.1.0","manifest_path":"/Users/bradyjeong/Documents/Projects/Amp/gta4/gta_game/gameplay_sim/Cargo.toml","target":{"kind":["lib"],"crate_types":["lib"],"name":"gameplay_sim","src_path":"/Users/bradyjeong/Documents/Projects/Amp/gta4/gta_game/gameplay_sim/src/lib.rs","edition":"2021","doc":true,"doctest":true,"test":true},"message":{"rendered":"warning: missing documentation for a struct field\n   --> gameplay_sim/src/world/unified_distance_culling.rs:112:5\n    |\n112 |     pub last_distance: f32,\n    |     ^^^^^^^^^^^^^^^^^^^^^^\n\n","$message_type":"diagnostic","children":[],"code":{"code":"missing_docs","explanation":null},"level":"warning","message":"missing documentation for a struct field","spans":[{"byte_end":3909,"byte_start":3887,"column_end":27,"column_start":5,"expansion":null,"file_name":"gameplay_sim/src/world/unified_distance_culling.rs","is_primary":true,"label":null,"line_end":112,"line_start":112,"suggested_replacement":null,"suggestion_applicability":null,"text":[{"highlight_end":27,"highlight_start":5,"text":"    pub last_distance: f32,"}]}]}}
{"reason":"compiler-message","package_id":"path+file:///Users/bradyjeong/Documents/Projects/Amp/gta4/gta_game/gameplay_sim#0.1.0","manifest_path":"/Users/bradyjeong/Documents/Projects/Amp/gta4/gta_game/gameplay_sim/Cargo.toml","target":{"kind":["lib"],"crate_types":["lib"],"name":"gameplay_sim","src_path":"/Users/bradyjeong/Documents/Projects/Amp/gta4/gta_game/gameplay_sim/src/lib.rs","edition":"2021","doc":true,"doctest":true,"test":true},"message":{"rendered":"warning: missing documentation for a function\n  --> gameplay_sim/src/world/road_network.rs:37:1\n   |\n37 | pub fn generate_road_mesh(width: f32, length: f32) -> Vec<Vec3> {\n   | ^^^^^^^^^^^^^^^^^^^^^^^^^^^^^^^^^^^^^^^^^^^^^^^^^^^^^^^^^^^^^^^\n\n","$message_type":"diagnostic","children":[],"code":{"code":"missing_docs","explanation":null},"level":"warning","message":"missing documentation for a function","spans":[{"byte_end":1192,"byte_start":1129,"column_end":64,"column_start":1,"expansion":null,"file_name":"gameplay_sim/src/world/road_network.rs","is_primary":true,"label":null,"line_end":37,"line_start":37,"suggested_replacement":null,"suggestion_applicability":null,"text":[{"highlight_end":64,"highlight_start":1,"text":"pub fn generate_road_mesh(width: f32, length: f32) -> Vec<Vec3> {"}]}]}}
{"reason":"compiler-message","package_id":"path+file:///Users/bradyjeong/Documents/Projects/Amp/gta4/gta_game/gameplay_sim#0.1.0","manifest_path":"/Users/bradyjeong/Documents/Projects/Amp/gta4/gta_game/gameplay_sim/Cargo.toml","target":{"kind":["lib"],"crate_types":["lib"],"name":"gameplay_sim","src_path":"/Users/bradyjeong/Documents/Projects/Amp/gta4/gta_game/gameplay_sim/src/lib.rs","edition":"2021","doc":true,"doctest":true,"test":true},"message":{"rendered":"warning: missing documentation for a struct field\n   --> gameplay_sim/src/world/unified_distance_culling.rs:113:5\n    |\n113 |     pub last_update: f32,\n    |     ^^^^^^^^^^^^^^^^^^^^\n\n","$message_type":"diagnostic","children":[],"code":{"code":"missing_docs","explanation":null},"level":"warning","message":"missing documentation for a struct field","spans":[{"byte_end":3935,"byte_start":3915,"column_end":25,"column_start":5,"expansion":null,"file_name":"gameplay_sim/src/world/unified_distance_culling.rs","is_primary":true,"label":null,"line_end":113,"line_start":113,"suggested_replacement":null,"suggestion_applicability":null,"text":[{"highlight_end":25,"highlight_start":5,"text":"    pub last_update: f32,"}]}]}}
{"reason":"compiler-message","package_id":"path+file:///Users/bradyjeong/Documents/Projects/Amp/gta4/gta_game/gameplay_sim#0.1.0","manifest_path":"/Users/bradyjeong/Documents/Projects/Amp/gta4/gta_game/gameplay_sim/Cargo.toml","target":{"kind":["lib"],"crate_types":["lib"],"name":"gameplay_sim","src_path":"/Users/bradyjeong/Documents/Projects/Amp/gta4/gta_game/gameplay_sim/src/lib.rs","edition":"2021","doc":true,"doctest":true,"test":true},"message":{"rendered":"warning: missing documentation for a function\n  --> gameplay_sim/src/world/road_network.rs:46:1\n   |\n46 | pub fn calculate_road_curvature(start: Vec3, end: Vec3, control: Vec3) -> f32 {\n   | ^^^^^^^^^^^^^^^^^^^^^^^^^^^^^^^^^^^^^^^^^^^^^^^^^^^^^^^^^^^^^^^^^^^^^^^^^^^^^\n\n","$message_type":"diagnostic","children":[],"code":{"code":"missing_docs","explanation":null},"level":"warning","message":"missing documentation for a function","spans":[{"byte_end":1483,"byte_start":1406,"column_end":78,"column_start":1,"expansion":null,"file_name":"gameplay_sim/src/world/road_network.rs","is_primary":true,"label":null,"line_end":46,"line_start":46,"suggested_replacement":null,"suggestion_applicability":null,"text":[{"highlight_end":78,"highlight_start":1,"text":"pub fn calculate_road_curvature(start: Vec3, end: Vec3, control: Vec3) -> f32 {"}]}]}}
{"reason":"compiler-message","package_id":"path+file:///Users/bradyjeong/Documents/Projects/Amp/gta4/gta_game/gameplay_sim#0.1.0","manifest_path":"/Users/bradyjeong/Documents/Projects/Amp/gta4/gta_game/gameplay_sim/Cargo.toml","target":{"kind":["lib"],"crate_types":["lib"],"name":"gameplay_sim","src_path":"/Users/bradyjeong/Documents/Projects/Amp/gta4/gta_game/gameplay_sim/src/lib.rs","edition":"2021","doc":true,"doctest":true,"test":true},"message":{"rendered":"warning: missing documentation for an associated function\n   --> gameplay_sim/src/world/unified_distance_culling.rs:117:5\n    |\n117 |     pub fn new(config: DistanceCullingConfig) -> Self {\n    |     ^^^^^^^^^^^^^^^^^^^^^^^^^^^^^^^^^^^^^^^^^^^^^^^^^\n\n","$message_type":"diagnostic","children":[],"code":{"code":"missing_docs","explanation":null},"level":"warning","message":"missing documentation for an associated function","spans":[{"byte_end":4016,"byte_start":3967,"column_end":54,"column_start":5,"expansion":null,"file_name":"gameplay_sim/src/world/unified_distance_culling.rs","is_primary":true,"label":null,"line_end":117,"line_start":117,"suggested_replacement":null,"suggestion_applicability":null,"text":[{"highlight_end":54,"highlight_start":5,"text":"    pub fn new(config: DistanceCullingConfig) -> Self {"}]}]}}
{"reason":"compiler-message","package_id":"path+file:///Users/bradyjeong/Documents/Projects/Amp/gta4/gta_game/gameplay_sim#0.1.0","manifest_path":"/Users/bradyjeong/Documents/Projects/Amp/gta4/gta_game/gameplay_sim/Cargo.toml","target":{"kind":["lib"],"crate_types":["lib"],"name":"gameplay_sim","src_path":"/Users/bradyjeong/Documents/Projects/Amp/gta4/gta_game/gameplay_sim/src/lib.rs","edition":"2021","doc":true,"doctest":true,"test":true},"message":{"rendered":"warning: missing documentation for an associated function\n   --> gameplay_sim/src/world/unified_distance_culling.rs:127:5\n    |\n127 |     pub fn vehicle() -> Self {\n    |     ^^^^^^^^^^^^^^^^^^^^^^^^\n\n","$message_type":"diagnostic","children":[],"code":{"code":"missing_docs","explanation":null},"level":"warning","message":"missing documentation for an associated function","spans":[{"byte_end":4219,"byte_start":4195,"column_end":29,"column_start":5,"expansion":null,"file_name":"gameplay_sim/src/world/unified_distance_culling.rs","is_primary":true,"label":null,"line_end":127,"line_start":127,"suggested_replacement":null,"suggestion_applicability":null,"text":[{"highlight_end":29,"highlight_start":5,"text":"    pub fn vehicle() -> Self {"}]}]}}
{"reason":"compiler-message","package_id":"path+file:///Users/bradyjeong/Documents/Projects/Amp/gta4/gta_game/gameplay_sim#0.1.0","manifest_path":"/Users/bradyjeong/Documents/Projects/Amp/gta4/gta_game/gameplay_sim/Cargo.toml","target":{"kind":["lib"],"crate_types":["lib"],"name":"gameplay_sim","src_path":"/Users/bradyjeong/Documents/Projects/Amp/gta4/gta_game/gameplay_sim/src/lib.rs","edition":"2021","doc":true,"doctest":true,"test":true},"message":{"rendered":"warning: missing documentation for an associated function\n   --> gameplay_sim/src/world/unified_distance_culling.rs:131:5\n    |\n131 |     pub fn npc() -> Self {\n    |     ^^^^^^^^^^^^^^^^^^^^\n\n","$message_type":"diagnostic","children":[],"code":{"code":"missing_docs","explanation":null},"level":"warning","message":"missing documentation for an associated function","spans":[{"byte_end":4305,"byte_start":4285,"column_end":25,"column_start":5,"expansion":null,"file_name":"gameplay_sim/src/world/unified_distance_culling.rs","is_primary":true,"label":null,"line_end":131,"line_start":131,"suggested_replacement":null,"suggestion_applicability":null,"text":[{"highlight_end":25,"highlight_start":5,"text":"    pub fn npc() -> Self {"}]}]}}
{"reason":"compiler-message","package_id":"path+file:///Users/bradyjeong/Documents/Projects/Amp/gta4/gta_game/gameplay_sim#0.1.0","manifest_path":"/Users/bradyjeong/Documents/Projects/Amp/gta4/gta_game/gameplay_sim/Cargo.toml","target":{"kind":["lib"],"crate_types":["lib"],"name":"gameplay_sim","src_path":"/Users/bradyjeong/Documents/Projects/Amp/gta4/gta_game/gameplay_sim/src/lib.rs","edition":"2021","doc":true,"doctest":true,"test":true},"message":{"rendered":"warning: missing documentation for a function\n  --> gameplay_sim/src/world/road_mesh.rs:19:1\n   |\n19 | / pub fn generate_road_mesh_cached(\n20 | |     road: &RoadSpline, \n21 | |     mesh_cache: &mut MeshCache, \n22 | |     meshes: &mut Assets<Mesh>\n23 | | ) -> Handle<Mesh> {\n   | |_________________^\n\n","$message_type":"diagnostic","children":[],"code":{"code":"missing_docs","explanation":null},"level":"warning","message":"missing documentation for a function","spans":[{"byte_end":954,"byte_start":816,"column_end":18,"column_start":1,"expansion":null,"file_name":"gameplay_sim/src/world/road_mesh.rs","is_primary":true,"label":null,"line_end":23,"line_start":19,"suggested_replacement":null,"suggestion_applicability":null,"text":[{"highlight_end":34,"highlight_start":1,"text":"pub fn generate_road_mesh_cached("},{"highlight_end":24,"highlight_start":1,"text":"    road: &RoadSpline, "},{"highlight_end":33,"highlight_start":1,"text":"    mesh_cache: &mut MeshCache, "},{"highlight_end":30,"highlight_start":1,"text":"    meshes: &mut Assets<Mesh>"},{"highlight_end":18,"highlight_start":1,"text":") -> Handle<Mesh> {"}]}]}}
{"reason":"compiler-message","package_id":"path+file:///Users/bradyjeong/Documents/Projects/Amp/gta4/gta_game/gameplay_sim#0.1.0","manifest_path":"/Users/bradyjeong/Documents/Projects/Amp/gta4/gta_game/gameplay_sim/Cargo.toml","target":{"kind":["lib"],"crate_types":["lib"],"name":"gameplay_sim","src_path":"/Users/bradyjeong/Documents/Projects/Amp/gta4/gta_game/gameplay_sim/src/lib.rs","edition":"2021","doc":true,"doctest":true,"test":true},"message":{"rendered":"warning: missing documentation for an associated function\n   --> gameplay_sim/src/world/unified_distance_culling.rs:135:5\n    |\n135 |     pub fn vegetation() -> Self {\n    |     ^^^^^^^^^^^^^^^^^^^^^^^^^^^\n\n","$message_type":"diagnostic","children":[],"code":{"code":"missing_docs","explanation":null},"level":"warning","message":"missing documentation for an associated function","spans":[{"byte_end":4394,"byte_start":4367,"column_end":32,"column_start":5,"expansion":null,"file_name":"gameplay_sim/src/world/unified_distance_culling.rs","is_primary":true,"label":null,"line_end":135,"line_start":135,"suggested_replacement":null,"suggestion_applicability":null,"text":[{"highlight_end":32,"highlight_start":5,"text":"    pub fn vegetation() -> Self {"}]}]}}
{"reason":"compiler-message","package_id":"path+file:///Users/bradyjeong/Documents/Projects/Amp/gta4/gta_game/gameplay_sim#0.1.0","manifest_path":"/Users/bradyjeong/Documents/Projects/Amp/gta4/gta_game/gameplay_sim/Cargo.toml","target":{"kind":["lib"],"crate_types":["lib"],"name":"gameplay_sim","src_path":"/Users/bradyjeong/Documents/Projects/Amp/gta4/gta_game/gameplay_sim/src/lib.rs","edition":"2021","doc":true,"doctest":true,"test":true},"message":{"rendered":"warning: missing documentation for an associated function\n   --> gameplay_sim/src/world/unified_distance_culling.rs:139:5\n    |\n139 |     pub fn building() -> Self {\n    |     ^^^^^^^^^^^^^^^^^^^^^^^^^\n\n","$message_type":"diagnostic","children":[],"code":{"code":"missing_docs","explanation":null},"level":"warning","message":"missing documentation for an associated function","spans":[{"byte_end":4488,"byte_start":4463,"column_end":30,"column_start":5,"expansion":null,"file_name":"gameplay_sim/src/world/unified_distance_culling.rs","is_primary":true,"label":null,"line_end":139,"line_start":139,"suggested_replacement":null,"suggestion_applicability":null,"text":[{"highlight_end":30,"highlight_start":5,"text":"    pub fn building() -> Self {"}]}]}}
{"reason":"compiler-message","package_id":"path+file:///Users/bradyjeong/Documents/Projects/Amp/gta4/gta_game/gameplay_sim#0.1.0","manifest_path":"/Users/bradyjeong/Documents/Projects/Amp/gta4/gta_game/gameplay_sim/Cargo.toml","target":{"kind":["lib"],"crate_types":["lib"],"name":"gameplay_sim","src_path":"/Users/bradyjeong/Documents/Projects/Amp/gta4/gta_game/gameplay_sim/src/lib.rs","edition":"2021","doc":true,"doctest":true,"test":true},"message":{"rendered":"warning: missing documentation for an associated function\n   --> gameplay_sim/src/world/unified_distance_culling.rs:143:5\n    |\n143 |     pub fn chunk() -> Self {\n    |     ^^^^^^^^^^^^^^^^^^^^^^\n\n","$message_type":"diagnostic","children":[],"code":{"code":"missing_docs","explanation":null},"level":"warning","message":"missing documentation for an associated function","spans":[{"byte_end":4578,"byte_start":4556,"column_end":27,"column_start":5,"expansion":null,"file_name":"gameplay_sim/src/world/unified_distance_culling.rs","is_primary":true,"label":null,"line_end":143,"line_start":143,"suggested_replacement":null,"suggestion_applicability":null,"text":[{"highlight_end":27,"highlight_start":5,"text":"    pub fn chunk() -> Self {"}]}]}}
{"reason":"compiler-message","package_id":"path+file:///Users/bradyjeong/Documents/Projects/Amp/gta4/gta_game/gameplay_sim#0.1.0","manifest_path":"/Users/bradyjeong/Documents/Projects/Amp/gta4/gta_game/gameplay_sim/Cargo.toml","target":{"kind":["lib"],"crate_types":["lib"],"name":"gameplay_sim","src_path":"/Users/bradyjeong/Documents/Projects/Amp/gta4/gta_game/gameplay_sim/src/lib.rs","edition":"2021","doc":true,"doctest":true,"test":true},"message":{"rendered":"warning: missing documentation for a function\n  --> gameplay_sim/src/world/road_mesh.rs:52:1\n   |\n52 | pub fn generate_road_mesh(road: &RoadSpline) -> Mesh {\n   | ^^^^^^^^^^^^^^^^^^^^^^^^^^^^^^^^^^^^^^^^^^^^^^^^^^^^\n\n","$message_type":"diagnostic","children":[],"code":{"code":"missing_docs","explanation":null},"level":"warning","message":"missing documentation for a function","spans":[{"byte_end":1882,"byte_start":1830,"column_end":53,"column_start":1,"expansion":null,"file_name":"gameplay_sim/src/world/road_mesh.rs","is_primary":true,"label":null,"line_end":52,"line_start":52,"suggested_replacement":null,"suggestion_applicability":null,"text":[{"highlight_end":53,"highlight_start":1,"text":"pub fn generate_road_mesh(road: &RoadSpline) -> Mesh {"}]}]}}
{"reason":"compiler-message","package_id":"path+file:///Users/bradyjeong/Documents/Projects/Amp/gta4/gta_game/gameplay_sim#0.1.0","manifest_path":"/Users/bradyjeong/Documents/Projects/Amp/gta4/gta_game/gameplay_sim/Cargo.toml","target":{"kind":["lib"],"crate_types":["lib"],"name":"gameplay_sim","src_path":"/Users/bradyjeong/Documents/Projects/Amp/gta4/gta_game/gameplay_sim/src/lib.rs","edition":"2021","doc":true,"doctest":true,"test":true},"message":{"rendered":"warning: missing documentation for a struct field\n   --> gameplay_sim/src/world/unified_distance_culling.rs:173:5\n    |\n173 |     pub elapsed: f32,\n    |     ^^^^^^^^^^^^^^^^\n\n","$message_type":"diagnostic","children":[],"code":{"code":"missing_docs","explanation":null},"level":"warning","message":"missing documentation for a struct field","spans":[{"byte_end":5694,"byte_start":5678,"column_end":21,"column_start":5,"expansion":null,"file_name":"gameplay_sim/src/world/unified_distance_culling.rs","is_primary":true,"label":null,"line_end":173,"line_start":173,"suggested_replacement":null,"suggestion_applicability":null,"text":[{"highlight_end":21,"highlight_start":5,"text":"    pub elapsed: f32,"}]}]}}
{"reason":"compiler-message","package_id":"path+file:///Users/bradyjeong/Documents/Projects/Amp/gta4/gta_game/gameplay_sim#0.1.0","manifest_path":"/Users/bradyjeong/Documents/Projects/Amp/gta4/gta_game/gameplay_sim/Cargo.toml","target":{"kind":["lib"],"crate_types":["lib"],"name":"gameplay_sim","src_path":"/Users/bradyjeong/Documents/Projects/Amp/gta4/gta_game/gameplay_sim/src/lib.rs","edition":"2021","doc":true,"doctest":true,"test":true},"message":{"rendered":"warning: missing documentation for a function\n   --> gameplay_sim/src/world/road_mesh.rs:118:1\n    |\n118 | pub fn generate_road_markings_mesh(road: &RoadSpline) -> Vec<Mesh> {\n    | ^^^^^^^^^^^^^^^^^^^^^^^^^^^^^^^^^^^^^^^^^^^^^^^^^^^^^^^^^^^^^^^^^^\n\n","$message_type":"diagnostic","children":[],"code":{"code":"missing_docs","explanation":null},"level":"warning","message":"missing documentation for a function","spans":[{"byte_end":4204,"byte_start":4138,"column_end":67,"column_start":1,"expansion":null,"file_name":"gameplay_sim/src/world/road_mesh.rs","is_primary":true,"label":null,"line_end":118,"line_start":118,"suggested_replacement":null,"suggestion_applicability":null,"text":[{"highlight_end":67,"highlight_start":1,"text":"pub fn generate_road_markings_mesh(road: &RoadSpline) -> Vec<Mesh> {"}]}]}}
{"reason":"compiler-message","package_id":"path+file:///Users/bradyjeong/Documents/Projects/Amp/gta4/gta_game/gameplay_sim#0.1.0","manifest_path":"/Users/bradyjeong/Documents/Projects/Amp/gta4/gta_game/gameplay_sim/Cargo.toml","target":{"kind":["lib"],"crate_types":["lib"],"name":"gameplay_sim","src_path":"/Users/bradyjeong/Documents/Projects/Amp/gta4/gta_game/gameplay_sim/src/lib.rs","edition":"2021","doc":true,"doctest":true,"test":true},"message":{"rendered":"warning: missing documentation for a struct field\n   --> gameplay_sim/src/world/unified_distance_culling.rs:285:5\n    |\n285 |     pub new_lod: VehicleLOD,\n    |     ^^^^^^^^^^^^^^^^^^^^^^^\n\n","$message_type":"diagnostic","children":[],"code":{"code":"missing_docs","explanation":null},"level":"warning","message":"missing documentation for a struct field","spans":[{"byte_end":9807,"byte_start":9784,"column_end":28,"column_start":5,"expansion":null,"file_name":"gameplay_sim/src/world/unified_distance_culling.rs","is_primary":true,"label":null,"line_end":285,"line_start":285,"suggested_replacement":null,"suggestion_applicability":null,"text":[{"highlight_end":28,"highlight_start":5,"text":"    pub new_lod: VehicleLOD,"}]}]}}
{"reason":"compiler-message","package_id":"path+file:///Users/bradyjeong/Documents/Projects/Amp/gta4/gta_game/gameplay_sim#0.1.0","manifest_path":"/Users/bradyjeong/Documents/Projects/Amp/gta4/gta_game/gameplay_sim/Cargo.toml","target":{"kind":["lib"],"crate_types":["lib"],"name":"gameplay_sim","src_path":"/Users/bradyjeong/Documents/Projects/Amp/gta4/gta_game/gameplay_sim/src/lib.rs","edition":"2021","doc":true,"doctest":true,"test":true},"message":{"rendered":"warning: missing documentation for a struct field\n   --> gameplay_sim/src/world/unified_distance_culling.rs:321:5\n    |\n321 |     pub new_lod: NPCLOD,\n    |     ^^^^^^^^^^^^^^^^^^^\n\n","$message_type":"diagnostic","children":[],"code":{"code":"missing_docs","explanation":null},"level":"warning","message":"missing documentation for a struct field","spans":[{"byte_end":11066,"byte_start":11047,"column_end":24,"column_start":5,"expansion":null,"file_name":"gameplay_sim/src/world/unified_distance_culling.rs","is_primary":true,"label":null,"line_end":321,"line_start":321,"suggested_replacement":null,"suggestion_applicability":null,"text":[{"highlight_end":24,"highlight_start":5,"text":"    pub new_lod: NPCLOD,"}]}]}}
{"reason":"compiler-message","package_id":"path+file:///Users/bradyjeong/Documents/Projects/Amp/gta4/gta_game/gameplay_sim#0.1.0","manifest_path":"/Users/bradyjeong/Documents/Projects/Amp/gta4/gta_game/gameplay_sim/Cargo.toml","target":{"kind":["lib"],"crate_types":["lib"],"name":"gameplay_sim","src_path":"/Users/bradyjeong/Documents/Projects/Amp/gta4/gta_game/gameplay_sim/src/lib.rs","edition":"2021","doc":true,"doctest":true,"test":true},"message":{"rendered":"warning: missing documentation for a struct field\n   --> gameplay_sim/src/world/unified_distance_culling.rs:358:5\n    |\n358 |     pub new_detail_level: VegetationDetailLevel,\n    |     ^^^^^^^^^^^^^^^^^^^^^^^^^^^^^^^^^^^^^^^^^^^\n\n","$message_type":"diagnostic","children":[],"code":{"code":"missing_docs","explanation":null},"level":"warning","message":"missing documentation for a struct field","spans":[{"byte_end":12422,"byte_start":12379,"column_end":48,"column_start":5,"expansion":null,"file_name":"gameplay_sim/src/world/unified_distance_culling.rs","is_primary":true,"label":null,"line_end":358,"line_start":358,"suggested_replacement":null,"suggestion_applicability":null,"text":[{"highlight_end":48,"highlight_start":5,"text":"    pub new_detail_level: VegetationDetailLevel,"}]}]}}
{"reason":"compiler-message","package_id":"path+file:///Users/bradyjeong/Documents/Projects/Amp/gta4/gta_game/gameplay_sim#0.1.0","manifest_path":"/Users/bradyjeong/Documents/Projects/Amp/gta4/gta_game/gameplay_sim/Cargo.toml","target":{"kind":["lib"],"crate_types":["lib"],"name":"gameplay_sim","src_path":"/Users/bradyjeong/Documents/Projects/Amp/gta4/gta_game/gameplay_sim/src/lib.rs","edition":"2021","doc":true,"doctest":true,"test":true},"message":{"rendered":"warning: missing documentation for a function\n   --> gameplay_sim/src/world/road_mesh.rs:380:1\n    |\n380 | pub fn generate_intersection_mesh(intersection: &RoadIntersection, connected_roads: &[&RoadSpline]) -> Mesh {\n    | ^^^^^^^^^^^^^^^^^^^^^^^^^^^^^^^^^^^^^^^^^^^^^^^^^^^^^^^^^^^^^^^^^^^^^^^^^^^^^^^^^^^^^^^^^^^^^^^^^^^^^^^^^^^\n\n","$message_type":"diagnostic","children":[],"code":{"code":"missing_docs","explanation":null},"level":"warning","message":"missing documentation for a function","spans":[{"byte_end":13661,"byte_start":13554,"column_end":108,"column_start":1,"expansion":null,"file_name":"gameplay_sim/src/world/road_mesh.rs","is_primary":true,"label":null,"line_end":380,"line_start":380,"suggested_replacement":null,"suggestion_applicability":null,"text":[{"highlight_end":108,"highlight_start":1,"text":"pub fn generate_intersection_mesh(intersection: &RoadIntersection, connected_roads: &[&RoadSpline]) -> Mesh {"}]}]}}
{"reason":"compiler-message","package_id":"path+file:///Users/bradyjeong/Documents/Projects/Amp/gta4/gta_game/gameplay_sim#0.1.0","manifest_path":"/Users/bradyjeong/Documents/Projects/Amp/gta4/gta_game/gameplay_sim/Cargo.toml","target":{"kind":["lib"],"crate_types":["lib"],"name":"gameplay_sim","src_path":"/Users/bradyjeong/Documents/Projects/Amp/gta4/gta_game/gameplay_sim/src/lib.rs","edition":"2021","doc":true,"doctest":true,"test":true},"message":{"rendered":"warning: missing documentation for a struct field\n   --> gameplay_sim/src/world/unified_distance_culling.rs:359:5\n    |\n359 |     pub distance: f32,\n    |     ^^^^^^^^^^^^^^^^^\n\n","$message_type":"diagnostic","children":[],"code":{"code":"missing_docs","explanation":null},"level":"warning","message":"missing documentation for a struct field","spans":[{"byte_end":12445,"byte_start":12428,"column_end":22,"column_start":5,"expansion":null,"file_name":"gameplay_sim/src/world/unified_distance_culling.rs","is_primary":true,"label":null,"line_end":359,"line_start":359,"suggested_replacement":null,"suggestion_applicability":null,"text":[{"highlight_end":22,"highlight_start":5,"text":"    pub distance: f32,"}]}]}}
{"reason":"compiler-message","package_id":"path+file:///Users/bradyjeong/Documents/Projects/Amp/gta4/gta_game/gameplay_sim#0.1.0","manifest_path":"/Users/bradyjeong/Documents/Projects/Amp/gta4/gta_game/gameplay_sim/Cargo.toml","target":{"kind":["lib"],"crate_types":["lib"],"name":"gameplay_sim","src_path":"/Users/bradyjeong/Documents/Projects/Amp/gta4/gta_game/gameplay_sim/src/lib.rs","edition":"2021","doc":true,"doctest":true,"test":true},"message":{"rendered":"warning: missing documentation for a struct field\n   --> gameplay_sim/src/world/unified_distance_culling.rs:389:5\n    |\n389 |     pub new_lod: usize,\n    |     ^^^^^^^^^^^^^^^^^^\n\n","$message_type":"diagnostic","children":[],"code":{"code":"missing_docs","explanation":null},"level":"warning","message":"missing documentation for a struct field","spans":[{"byte_end":13457,"byte_start":13439,"column_end":23,"column_start":5,"expansion":null,"file_name":"gameplay_sim/src/world/unified_distance_culling.rs","is_primary":true,"label":null,"line_end":389,"line_start":389,"suggested_replacement":null,"suggestion_applicability":null,"text":[{"highlight_end":23,"highlight_start":5,"text":"    pub new_lod: usize,"}]}]}}
{"reason":"compiler-message","package_id":"path+file:///Users/bradyjeong/Documents/Projects/Amp/gta4/gta_game/gameplay_sim#0.1.0","manifest_path":"/Users/bradyjeong/Documents/Projects/Amp/gta4/gta_game/gameplay_sim/Cargo.toml","target":{"kind":["lib"],"crate_types":["lib"],"name":"gameplay_sim","src_path":"/Users/bradyjeong/Documents/Projects/Amp/gta4/gta_game/gameplay_sim/src/lib.rs","edition":"2021","doc":true,"doctest":true,"test":true},"message":{"rendered":"warning: missing documentation for a struct field\n   --> gameplay_sim/src/world/unified_distance_culling.rs:390:5\n    |\n390 |     pub distance: f32,\n    |     ^^^^^^^^^^^^^^^^^\n\n","$message_type":"diagnostic","children":[],"code":{"code":"missing_docs","explanation":null},"level":"warning","message":"missing documentation for a struct field","spans":[{"byte_end":13480,"byte_start":13463,"column_end":22,"column_start":5,"expansion":null,"file_name":"gameplay_sim/src/world/unified_distance_culling.rs","is_primary":true,"label":null,"line_end":390,"line_start":390,"suggested_replacement":null,"suggestion_applicability":null,"text":[{"highlight_end":22,"highlight_start":5,"text":"    pub distance: f32,"}]}]}}
{"reason":"compiler-message","package_id":"path+file:///Users/bradyjeong/Documents/Projects/Amp/gta4/gta_game/gameplay_sim#0.1.0","manifest_path":"/Users/bradyjeong/Documents/Projects/Amp/gta4/gta_game/gameplay_sim/Cargo.toml","target":{"kind":["lib"],"crate_types":["lib"],"name":"gameplay_sim","src_path":"/Users/bradyjeong/Documents/Projects/Amp/gta4/gta_game/gameplay_sim/src/lib.rs","edition":"2021","doc":true,"doctest":true,"test":true},"message":{"rendered":"warning: missing documentation for a trait\n  --> gameplay_sim/src/world/road_generation.rs:22:1\n   |\n22 | pub trait RoadNetworkExtensions {\n   | ^^^^^^^^^^^^^^^^^^^^^^^^^^^^^^^\n\n","$message_type":"diagnostic","children":[],"code":{"code":"missing_docs","explanation":null},"level":"warning","message":"missing documentation for a trait","spans":[{"byte_end":1024,"byte_start":993,"column_end":32,"column_start":1,"expansion":null,"file_name":"gameplay_sim/src/world/road_generation.rs","is_primary":true,"label":null,"line_end":22,"line_start":22,"suggested_replacement":null,"suggestion_applicability":null,"text":[{"highlight_end":32,"highlight_start":1,"text":"pub trait RoadNetworkExtensions {"}]}]}}
{"reason":"compiler-message","package_id":"path+file:///Users/bradyjeong/Documents/Projects/Amp/gta4/gta_game/gameplay_sim#0.1.0","manifest_path":"/Users/bradyjeong/Documents/Projects/Amp/gta4/gta_game/gameplay_sim/Cargo.toml","target":{"kind":["lib"],"crate_types":["lib"],"name":"gameplay_sim","src_path":"/Users/bradyjeong/Documents/Projects/Amp/gta4/gta_game/gameplay_sim/src/lib.rs","edition":"2021","doc":true,"doctest":true,"test":true},"message":{"rendered":"warning: missing documentation for a method\n  --> gameplay_sim/src/world/road_generation.rs:23:5\n   |\n23 |     fn clear_cache(&mut self);\n   |     ^^^^^^^^^^^^^^^^^^^^^^^^^^\n\n","$message_type":"diagnostic","children":[],"code":{"code":"missing_docs","explanation":null},"level":"warning","message":"missing documentation for a method","spans":[{"byte_end":1057,"byte_start":1031,"column_end":31,"column_start":5,"expansion":null,"file_name":"gameplay_sim/src/world/road_generation.rs","is_primary":true,"label":null,"line_end":23,"line_start":23,"suggested_replacement":null,"suggestion_applicability":null,"text":[{"highlight_end":31,"highlight_start":5,"text":"    fn clear_cache(&mut self);"}]}]}}
{"reason":"compiler-message","package_id":"path+file:///Users/bradyjeong/Documents/Projects/Amp/gta4/gta_game/gameplay_sim#0.1.0","manifest_path":"/Users/bradyjeong/Documents/Projects/Amp/gta4/gta_game/gameplay_sim/Cargo.toml","target":{"kind":["lib"],"crate_types":["lib"],"name":"gameplay_sim","src_path":"/Users/bradyjeong/Documents/Projects/Amp/gta4/gta_game/gameplay_sim/src/lib.rs","edition":"2021","doc":true,"doctest":true,"test":true},"message":{"rendered":"warning: missing documentation for a method\n  --> gameplay_sim/src/world/road_generation.rs:24:5\n   |\n24 |     fn generate_chunk_roads(&mut self, chunk_x: i32, chunk_z: i32) -> Vec<u32>;\n   |     ^^^^^^^^^^^^^^^^^^^^^^^^^^^^^^^^^^^^^^^^^^^^^^^^^^^^^^^^^^^^^^^^^^^^^^^^^^^\n\n","$message_type":"diagnostic","children":[],"code":{"code":"missing_docs","explanation":null},"level":"warning","message":"missing documentation for a method","spans":[{"byte_end":1137,"byte_start":1062,"column_end":80,"column_start":5,"expansion":null,"file_name":"gameplay_sim/src/world/road_generation.rs","is_primary":true,"label":null,"line_end":24,"line_start":24,"suggested_replacement":null,"suggestion_applicability":null,"text":[{"highlight_end":80,"highlight_start":5,"text":"    fn generate_chunk_roads(&mut self, chunk_x: i32, chunk_z: i32) -> Vec<u32>;"}]}]}}
{"reason":"compiler-message","package_id":"path+file:///Users/bradyjeong/Documents/Projects/Amp/gta4/gta_game/gameplay_sim#0.1.0","manifest_path":"/Users/bradyjeong/Documents/Projects/Amp/gta4/gta_game/gameplay_sim/Cargo.toml","target":{"kind":["lib"],"crate_types":["lib"],"name":"gameplay_sim","src_path":"/Users/bradyjeong/Documents/Projects/Amp/gta4/gta_game/gameplay_sim/src/lib.rs","edition":"2021","doc":true,"doctest":true,"test":true},"message":{"rendered":"warning: missing documentation for a struct\n  --> gameplay_sim/src/world/road_generation.rs:46:1\n   |\n46 | pub struct RoadGenerationTimer {\n   | ^^^^^^^^^^^^^^^^^^^^^^^^^^^^^^\n\n","$message_type":"diagnostic","children":[],"code":{"code":"missing_docs","explanation":null},"level":"warning","message":"missing documentation for a struct","spans":[{"byte_end":1913,"byte_start":1883,"column_end":31,"column_start":1,"expansion":null,"file_name":"gameplay_sim/src/world/road_generation.rs","is_primary":true,"label":null,"line_end":46,"line_start":46,"suggested_replacement":null,"suggestion_applicability":null,"text":[{"highlight_end":31,"highlight_start":1,"text":"pub struct RoadGenerationTimer {"}]}]}}
{"reason":"compiler-message","package_id":"path+file:///Users/bradyjeong/Documents/Projects/Amp/gta4/gta_game/gameplay_sim#0.1.0","manifest_path":"/Users/bradyjeong/Documents/Projects/Amp/gta4/gta_game/gameplay_sim/Cargo.toml","target":{"kind":["lib"],"crate_types":["lib"],"name":"gameplay_sim","src_path":"/Users/bradyjeong/Documents/Projects/Amp/gta4/gta_game/gameplay_sim/src/lib.rs","edition":"2021","doc":true,"doctest":true,"test":true},"message":{"rendered":"warning: missing documentation for a function\n  --> gameplay_sim/src/world/road_generation.rs:51:1\n   |\n51 | / pub fn road_network_system(\n52 | |     mut commands: Commands,\n53 | |     mut road_network: ResMut<RoadNetwork>,\n54 | |     active_query: Query<&Transform, With<ActiveEntity>>,\n...  |\n60 | |     mut timer: Local<RoadGenerationTimer>,\n61 | | ) {\n   | |_^\n\n","$message_type":"diagnostic","children":[],"code":{"code":"missing_docs","explanation":null},"level":"warning","message":"missing documentation for a function","spans":[{"byte_end":2354,"byte_start":1978,"column_end":2,"column_start":1,"expansion":null,"file_name":"gameplay_sim/src/world/road_generation.rs","is_primary":true,"label":null,"line_end":61,"line_start":51,"suggested_replacement":null,"suggestion_applicability":null,"text":[{"highlight_end":28,"highlight_start":1,"text":"pub fn road_network_system("},{"highlight_end":28,"highlight_start":1,"text":"    mut commands: Commands,"},{"highlight_end":43,"highlight_start":1,"text":"    mut road_network: ResMut<RoadNetwork>,"},{"highlight_end":57,"highlight_start":1,"text":"    active_query: Query<&Transform, With<ActiveEntity>>,"},{"highlight_end":38,"highlight_start":1,"text":"    mut meshes: ResMut<Assets<Mesh>>,"},{"highlight_end":53,"highlight_start":1,"text":"    mut materials: ResMut<Assets<StandardMaterial>>,"},{"highlight_end":63,"highlight_start":1,"text":"    road_query: Query<(Entity, &Transform), With<RoadEntity>>,"},{"highlight_end":1,"highlight_start":1,"text":""},{"highlight_end":21,"highlight_start":1,"text":"    time: Res<Time>,"},{"highlight_end":43,"highlight_start":1,"text":"    mut timer: Local<RoadGenerationTimer>,"},{"highlight_end":2,"highlight_start":1,"text":") {"}]}]}}
{"reason":"compiler-message","package_id":"path+file:///Users/bradyjeong/Documents/Projects/Amp/gta4/gta_game/gameplay_sim#0.1.0","manifest_path":"/Users/bradyjeong/Documents/Projects/Amp/gta4/gta_game/gameplay_sim/Cargo.toml","target":{"kind":["lib"],"crate_types":["lib"],"name":"gameplay_sim","src_path":"/Users/bradyjeong/Documents/Projects/Amp/gta4/gta_game/gameplay_sim/src/lib.rs","edition":"2021","doc":true,"doctest":true,"test":true},"message":{"rendered":"warning: missing documentation for a function\n   --> gameplay_sim/src/world/road_generation.rs:240:1\n    |\n240 | pub fn is_on_road_spline(position: Vec3, road_network: &RoadNetwork, tolerance: f32) -> bool {\n    | ^^^^^^^^^^^^^^^^^^^^^^^^^^^^^^^^^^^^^^^^^^^^^^^^^^^^^^^^^^^^^^^^^^^^^^^^^^^^^^^^^^^^^^^^^^^^\n\n","$message_type":"diagnostic","children":[],"code":{"code":"missing_docs","explanation":null},"level":"warning","message":"missing documentation for a function","spans":[{"byte_end":9734,"byte_start":9642,"column_end":93,"column_start":1,"expansion":null,"file_name":"gameplay_sim/src/world/road_generation.rs","is_primary":true,"label":null,"line_end":240,"line_start":240,"suggested_replacement":null,"suggestion_applicability":null,"text":[{"highlight_end":93,"highlight_start":1,"text":"pub fn is_on_road_spline(position: Vec3, road_network: &RoadNetwork, tolerance: f32) -> bool {"}]}]}}
{"reason":"compiler-message","package_id":"path+file:///Users/bradyjeong/Documents/Projects/Amp/gta4/gta_game/gameplay_sim#0.1.0","manifest_path":"/Users/bradyjeong/Documents/Projects/Amp/gta4/gta_game/gameplay_sim/Cargo.toml","target":{"kind":["lib"],"crate_types":["lib"],"name":"gameplay_sim","src_path":"/Users/bradyjeong/Documents/Projects/Amp/gta4/gta_game/gameplay_sim/src/lib.rs","edition":"2021","doc":true,"doctest":true,"test":true},"message":{"rendered":"warning: missing documentation for a function\n   --> gameplay_sim/src/world/road_generation.rs:267:1\n    |\n267 | / pub fn update_road_dependent_systems(\n268 | |     road_network: Res<RoadNetwork>,\n269 | |     mut vehicle_query: Query<&mut Transform, (With<crate::components::Car>, Without<ActiveEntity>)>,\n270 | |     mut npc_query: Query<&mut Transform, (With<NPC>, Without<crate::components::Car>, Without<ActiveEntity>)>,\n271 | | ) {\n    | |_^\n\n","$message_type":"diagnostic","children":[],"code":{"code":"missing_docs","explanation":null},"level":"warning","message":"missing documentation for a function","spans":[{"byte_end":10766,"byte_start":10479,"column_end":2,"column_start":1,"expansion":null,"file_name":"gameplay_sim/src/world/road_generation.rs","is_primary":true,"label":null,"line_end":271,"line_start":267,"suggested_replacement":null,"suggestion_applicability":null,"text":[{"highlight_end":38,"highlight_start":1,"text":"pub fn update_road_dependent_systems("},{"highlight_end":36,"highlight_start":1,"text":"    road_network: Res<RoadNetwork>,"},{"highlight_end":101,"highlight_start":1,"text":"    mut vehicle_query: Query<&mut Transform, (With<crate::components::Car>, Without<ActiveEntity>)>,"},{"highlight_end":111,"highlight_start":1,"text":"    mut npc_query: Query<&mut Transform, (With<NPC>, Without<crate::components::Car>, Without<ActiveEntity>)>,"},{"highlight_end":2,"highlight_start":1,"text":") {"}]}]}}
{"reason":"compiler-message","package_id":"path+file:///Users/bradyjeong/Documents/Projects/Amp/gta4/gta_game/gameplay_sim#0.1.0","manifest_path":"/Users/bradyjeong/Documents/Projects/Amp/gta4/gta_game/gameplay_sim/Cargo.toml","target":{"kind":["lib"],"crate_types":["lib"],"name":"gameplay_sim","src_path":"/Users/bradyjeong/Documents/Projects/Amp/gta4/gta_game/gameplay_sim/src/lib.rs","edition":"2021","doc":true,"doctest":true,"test":true},"message":{"rendered":"warning: missing documentation for a function\n  --> gameplay_sim/src/world/debug.rs:16:1\n   |\n16 | / pub fn debug_player_position(\n17 | |     _player_query: Query<&Transform, (With<Player>, With<ActiveEntity>)>,\n18 | |     _car_query: Query<&Transform, (With<Car>, With<ActiveEntity>)>,\n19 | |     _helicopter_query: Query<&Transform, (With<Helicopter>, With<ActiveEntity>)>,\n20 | |     _f16_query: Query<&Transform, (With<F16>, With<ActiveEntity>)>,\n21 | |     _state: Res<State<GameState>>,\n22 | | ) {\n   | |_^\n\n","$message_type":"diagnostic","children":[],"code":{"code":"missing_docs","explanation":null},"level":"warning","message":"missing documentation for a function","spans":[{"byte_end":1054,"byte_start":696,"column_end":2,"column_start":1,"expansion":null,"file_name":"gameplay_sim/src/world/debug.rs","is_primary":true,"label":null,"line_end":22,"line_start":16,"suggested_replacement":null,"suggestion_applicability":null,"text":[{"highlight_end":30,"highlight_start":1,"text":"pub fn debug_player_position("},{"highlight_end":74,"highlight_start":1,"text":"    _player_query: Query<&Transform, (With<Player>, With<ActiveEntity>)>,"},{"highlight_end":68,"highlight_start":1,"text":"    _car_query: Query<&Transform, (With<Car>, With<ActiveEntity>)>,"},{"highlight_end":82,"highlight_start":1,"text":"    _helicopter_query: Query<&Transform, (With<Helicopter>, With<ActiveEntity>)>,"},{"highlight_end":68,"highlight_start":1,"text":"    _f16_query: Query<&Transform, (With<F16>, With<ActiveEntity>)>,"},{"highlight_end":35,"highlight_start":1,"text":"    _state: Res<State<GameState>>,"},{"highlight_end":2,"highlight_start":1,"text":") {"}]}]}}
{"reason":"compiler-message","package_id":"path+file:///Users/bradyjeong/Documents/Projects/Amp/gta4/gta_game/gameplay_sim#0.1.0","manifest_path":"/Users/bradyjeong/Documents/Projects/Amp/gta4/gta_game/gameplay_sim/Cargo.toml","target":{"kind":["lib"],"crate_types":["lib"],"name":"gameplay_sim","src_path":"/Users/bradyjeong/Documents/Projects/Amp/gta4/gta_game/gameplay_sim/src/lib.rs","edition":"2021","doc":true,"doctest":true,"test":true},"message":{"rendered":"warning: missing documentation for a struct\n  --> gameplay_sim/src/world/map_system.rs:29:1\n   |\n29 | pub struct MapChunk {\n   | ^^^^^^^^^^^^^^^^^^^\n\n","$message_type":"diagnostic","children":[],"code":{"code":"missing_docs","explanation":null},"level":"warning","message":"missing documentation for a struct","spans":[{"byte_end":1195,"byte_start":1176,"column_end":20,"column_start":1,"expansion":null,"file_name":"gameplay_sim/src/world/map_system.rs","is_primary":true,"label":null,"line_end":29,"line_start":29,"suggested_replacement":null,"suggestion_applicability":null,"text":[{"highlight_end":20,"highlight_start":1,"text":"pub struct MapChunk {"}]}]}}
{"reason":"compiler-message","package_id":"path+file:///Users/bradyjeong/Documents/Projects/Amp/gta4/gta_game/gameplay_sim#0.1.0","manifest_path":"/Users/bradyjeong/Documents/Projects/Amp/gta4/gta_game/gameplay_sim/Cargo.toml","target":{"kind":["lib"],"crate_types":["lib"],"name":"gameplay_sim","src_path":"/Users/bradyjeong/Documents/Projects/Amp/gta4/gta_game/gameplay_sim/src/lib.rs","edition":"2021","doc":true,"doctest":true,"test":true},"message":{"rendered":"warning: missing documentation for a struct field\n  --> gameplay_sim/src/world/map_system.rs:30:5\n   |\n30 |     pub coord: IVec2,\n   |     ^^^^^^^^^^^^^^^^\n\n","$message_type":"diagnostic","children":[],"code":{"code":"missing_docs","explanation":null},"level":"warning","message":"missing documentation for a struct field","spans":[{"byte_end":1218,"byte_start":1202,"column_end":21,"column_start":5,"expansion":null,"file_name":"gameplay_sim/src/world/map_system.rs","is_primary":true,"label":null,"line_end":30,"line_start":30,"suggested_replacement":null,"suggestion_applicability":null,"text":[{"highlight_end":21,"highlight_start":5,"text":"    pub coord: IVec2,"}]}]}}
{"reason":"compiler-message","package_id":"path+file:///Users/bradyjeong/Documents/Projects/Amp/gta4/gta_game/gameplay_sim#0.1.0","manifest_path":"/Users/bradyjeong/Documents/Projects/Amp/gta4/gta_game/gameplay_sim/Cargo.toml","target":{"kind":["lib"],"crate_types":["lib"],"name":"gameplay_sim","src_path":"/Users/bradyjeong/Documents/Projects/Amp/gta4/gta_game/gameplay_sim/src/lib.rs","edition":"2021","doc":true,"doctest":true,"test":true},"message":{"rendered":"warning: missing documentation for a struct field\n  --> gameplay_sim/src/world/map_system.rs:31:5\n   |\n31 |     pub lod_level: usize,\n   |     ^^^^^^^^^^^^^^^^^^^^\n\n","$message_type":"diagnostic","children":[],"code":{"code":"missing_docs","explanation":null},"level":"warning","message":"missing documentation for a struct field","spans":[{"byte_end":1244,"byte_start":1224,"column_end":25,"column_start":5,"expansion":null,"file_name":"gameplay_sim/src/world/map_system.rs","is_primary":true,"label":null,"line_end":31,"line_start":31,"suggested_replacement":null,"suggestion_applicability":null,"text":[{"highlight_end":25,"highlight_start":5,"text":"    pub lod_level: usize,"}]}]}}
{"reason":"compiler-message","package_id":"path+file:///Users/bradyjeong/Documents/Projects/Amp/gta4/gta_game/gameplay_sim#0.1.0","manifest_path":"/Users/bradyjeong/Documents/Projects/Amp/gta4/gta_game/gameplay_sim/Cargo.toml","target":{"kind":["lib"],"crate_types":["lib"],"name":"gameplay_sim","src_path":"/Users/bradyjeong/Documents/Projects/Amp/gta4/gta_game/gameplay_sim/src/lib.rs","edition":"2021","doc":true,"doctest":true,"test":true},"message":{"rendered":"warning: missing documentation for a struct field\n  --> gameplay_sim/src/world/map_system.rs:32:5\n   |\n32 |     pub entities: Vec<Entity>,\n   |     ^^^^^^^^^^^^^^^^^^^^^^^^^\n\n","$message_type":"diagnostic","children":[],"code":{"code":"missing_docs","explanation":null},"level":"warning","message":"missing documentation for a struct field","spans":[{"byte_end":1275,"byte_start":1250,"column_end":30,"column_start":5,"expansion":null,"file_name":"gameplay_sim/src/world/map_system.rs","is_primary":true,"label":null,"line_end":32,"line_start":32,"suggested_replacement":null,"suggestion_applicability":null,"text":[{"highlight_end":30,"highlight_start":5,"text":"    pub entities: Vec<Entity>,"}]}]}}
{"reason":"compiler-message","package_id":"path+file:///Users/bradyjeong/Documents/Projects/Amp/gta4/gta_game/gameplay_sim#0.1.0","manifest_path":"/Users/bradyjeong/Documents/Projects/Amp/gta4/gta_game/gameplay_sim/Cargo.toml","target":{"kind":["lib"],"crate_types":["lib"],"name":"gameplay_sim","src_path":"/Users/bradyjeong/Documents/Projects/Amp/gta4/gta_game/gameplay_sim/src/lib.rs","edition":"2021","doc":true,"doctest":true,"test":true},"message":{"rendered":"warning: missing documentation for a struct field\n  --> gameplay_sim/src/world/map_system.rs:33:5\n   |\n33 |     pub is_loaded: bool,\n   |     ^^^^^^^^^^^^^^^^^^^\n\n","$message_type":"diagnostic","children":[],"code":{"code":"missing_docs","explanation":null},"level":"warning","message":"missing documentation for a struct field","spans":[{"byte_end":1300,"byte_start":1281,"column_end":24,"column_start":5,"expansion":null,"file_name":"gameplay_sim/src/world/map_system.rs","is_primary":true,"label":null,"line_end":33,"line_start":33,"suggested_replacement":null,"suggestion_applicability":null,"text":[{"highlight_end":24,"highlight_start":5,"text":"    pub is_loaded: bool,"}]}]}}
{"reason":"compiler-message","package_id":"path+file:///Users/bradyjeong/Documents/Projects/Amp/gta4/gta_game/gameplay_sim#0.1.0","manifest_path":"/Users/bradyjeong/Documents/Projects/Amp/gta4/gta_game/gameplay_sim/Cargo.toml","target":{"kind":["lib"],"crate_types":["lib"],"name":"gameplay_sim","src_path":"/Users/bradyjeong/Documents/Projects/Amp/gta4/gta_game/gameplay_sim/src/lib.rs","edition":"2021","doc":true,"doctest":true,"test":true},"message":{"rendered":"warning: missing documentation for a struct field\n  --> gameplay_sim/src/world/map_system.rs:34:5\n   |\n34 |     pub distance_to_player: f32,\n   |     ^^^^^^^^^^^^^^^^^^^^^^^^^^^\n\n","$message_type":"diagnostic","children":[],"code":{"code":"missing_docs","explanation":null},"level":"warning","message":"missing documentation for a struct field","spans":[{"byte_end":1333,"byte_start":1306,"column_end":32,"column_start":5,"expansion":null,"file_name":"gameplay_sim/src/world/map_system.rs","is_primary":true,"label":null,"line_end":34,"line_start":34,"suggested_replacement":null,"suggestion_applicability":null,"text":[{"highlight_end":32,"highlight_start":5,"text":"    pub distance_to_player: f32,"}]}]}}
{"reason":"compiler-message","package_id":"path+file:///Users/bradyjeong/Documents/Projects/Amp/gta4/gta_game/gameplay_sim#0.1.0","manifest_path":"/Users/bradyjeong/Documents/Projects/Amp/gta4/gta_game/gameplay_sim/Cargo.toml","target":{"kind":["lib"],"crate_types":["lib"],"name":"gameplay_sim","src_path":"/Users/bradyjeong/Documents/Projects/Amp/gta4/gta_game/gameplay_sim/src/lib.rs","edition":"2021","doc":true,"doctest":true,"test":true},"message":{"rendered":"warning: missing documentation for a struct\n  --> gameplay_sim/src/world/map_system.rs:38:1\n   |\n38 | pub struct MapSystem {\n   | ^^^^^^^^^^^^^^^^^^^^\n\n","$message_type":"diagnostic","children":[],"code":{"code":"missing_docs","explanation":null},"level":"warning","message":"missing documentation for a struct","spans":[{"byte_end":1378,"byte_start":1358,"column_end":21,"column_start":1,"expansion":null,"file_name":"gameplay_sim/src/world/map_system.rs","is_primary":true,"label":null,"line_end":38,"line_start":38,"suggested_replacement":null,"suggestion_applicability":null,"text":[{"highlight_end":21,"highlight_start":1,"text":"pub struct MapSystem {"}]}]}}
{"reason":"compiler-message","package_id":"path+file:///Users/bradyjeong/Documents/Projects/Amp/gta4/gta_game/gameplay_sim#0.1.0","manifest_path":"/Users/bradyjeong/Documents/Projects/Amp/gta4/gta_game/gameplay_sim/Cargo.toml","target":{"kind":["lib"],"crate_types":["lib"],"name":"gameplay_sim","src_path":"/Users/bradyjeong/Documents/Projects/Amp/gta4/gta_game/gameplay_sim/src/lib.rs","edition":"2021","doc":true,"doctest":true,"test":true},"message":{"rendered":"warning: missing documentation for a struct field\n  --> gameplay_sim/src/world/map_system.rs:39:5\n   |\n39 |     pub chunks: HashMap<IVec2, Entity>,\n   |     ^^^^^^^^^^^^^^^^^^^^^^^^^^^^^^^^^^\n\n","$message_type":"diagnostic","children":[],"code":{"code":"missing_docs","explanation":null},"level":"warning","message":"missing documentation for a struct field","spans":[{"byte_end":1419,"byte_start":1385,"column_end":39,"column_start":5,"expansion":null,"file_name":"gameplay_sim/src/world/map_system.rs","is_primary":true,"label":null,"line_end":39,"line_start":39,"suggested_replacement":null,"suggestion_applicability":null,"text":[{"highlight_end":39,"highlight_start":5,"text":"    pub chunks: HashMap<IVec2, Entity>,"}]}]}}
{"reason":"compiler-message","package_id":"path+file:///Users/bradyjeong/Documents/Projects/Amp/gta4/gta_game/gameplay_sim#0.1.0","manifest_path":"/Users/bradyjeong/Documents/Projects/Amp/gta4/gta_game/gameplay_sim/Cargo.toml","target":{"kind":["lib"],"crate_types":["lib"],"name":"gameplay_sim","src_path":"/Users/bradyjeong/Documents/Projects/Amp/gta4/gta_game/gameplay_sim/src/lib.rs","edition":"2021","doc":true,"doctest":true,"test":true},"message":{"rendered":"warning: missing documentation for a struct field\n  --> gameplay_sim/src/world/map_system.rs:40:5\n   |\n40 |     pub chunk_templates: Vec<ChunkTemplate>,\n   |     ^^^^^^^^^^^^^^^^^^^^^^^^^^^^^^^^^^^^^^^\n\n","$message_type":"diagnostic","children":[],"code":{"code":"missing_docs","explanation":null},"level":"warning","message":"missing documentation for a struct field","spans":[{"byte_end":1464,"byte_start":1425,"column_end":44,"column_start":5,"expansion":null,"file_name":"gameplay_sim/src/world/map_system.rs","is_primary":true,"label":null,"line_end":40,"line_start":40,"suggested_replacement":null,"suggestion_applicability":null,"text":[{"highlight_end":44,"highlight_start":5,"text":"    pub chunk_templates: Vec<ChunkTemplate>,"}]}]}}
{"reason":"compiler-message","package_id":"path+file:///Users/bradyjeong/Documents/Projects/Amp/gta4/gta_game/gameplay_sim#0.1.0","manifest_path":"/Users/bradyjeong/Documents/Projects/Amp/gta4/gta_game/gameplay_sim/Cargo.toml","target":{"kind":["lib"],"crate_types":["lib"],"name":"gameplay_sim","src_path":"/Users/bradyjeong/Documents/Projects/Amp/gta4/gta_game/gameplay_sim/src/lib.rs","edition":"2021","doc":true,"doctest":true,"test":true},"message":{"rendered":"warning: missing documentation for a struct field\n  --> gameplay_sim/src/world/map_system.rs:41:5\n   |\n41 |     pub streaming_radius: f32,\n   |     ^^^^^^^^^^^^^^^^^^^^^^^^^\n\n","$message_type":"diagnostic","children":[],"code":{"code":"missing_docs","explanation":null},"level":"warning","message":"missing documentation for a struct field","spans":[{"byte_end":1495,"byte_start":1470,"column_end":30,"column_start":5,"expansion":null,"file_name":"gameplay_sim/src/world/map_system.rs","is_primary":true,"label":null,"line_end":41,"line_start":41,"suggested_replacement":null,"suggestion_applicability":null,"text":[{"highlight_end":30,"highlight_start":5,"text":"    pub streaming_radius: f32,"}]}]}}
{"reason":"compiler-message","package_id":"path+file:///Users/bradyjeong/Documents/Projects/Amp/gta4/gta_game/gameplay_sim#0.1.0","manifest_path":"/Users/bradyjeong/Documents/Projects/Amp/gta4/gta_game/gameplay_sim/Cargo.toml","target":{"kind":["lib"],"crate_types":["lib"],"name":"gameplay_sim","src_path":"/Users/bradyjeong/Documents/Projects/Amp/gta4/gta_game/gameplay_sim/src/lib.rs","edition":"2021","doc":true,"doctest":true,"test":true},"message":{"rendered":"warning: missing documentation for a struct field\n  --> gameplay_sim/src/world/map_system.rs:42:5\n   |\n42 |     pub lod_distances: [f32; LOD_LEVELS],\n   |     ^^^^^^^^^^^^^^^^^^^^^^^^^^^^^^^^^^^^\n\n","$message_type":"diagnostic","children":[],"code":{"code":"missing_docs","explanation":null},"level":"warning","message":"missing documentation for a struct field","spans":[{"byte_end":1537,"byte_start":1501,"column_end":41,"column_start":5,"expansion":null,"file_name":"gameplay_sim/src/world/map_system.rs","is_primary":true,"label":null,"line_end":42,"line_start":42,"suggested_replacement":null,"suggestion_applicability":null,"text":[{"highlight_end":41,"highlight_start":5,"text":"    pub lod_distances: [f32; LOD_LEVELS],"}]}]}}
{"reason":"compiler-message","package_id":"path+file:///Users/bradyjeong/Documents/Projects/Amp/gta4/gta_game/gameplay_sim#0.1.0","manifest_path":"/Users/bradyjeong/Documents/Projects/Amp/gta4/gta_game/gameplay_sim/Cargo.toml","target":{"kind":["lib"],"crate_types":["lib"],"name":"gameplay_sim","src_path":"/Users/bradyjeong/Documents/Projects/Amp/gta4/gta_game/gameplay_sim/src/lib.rs","edition":"2021","doc":true,"doctest":true,"test":true},"message":{"rendered":"warning: missing documentation for a struct\n  --> gameplay_sim/src/world/map_system.rs:46:1\n   |\n46 | pub struct ChunkTemplate {\n   | ^^^^^^^^^^^^^^^^^^^^^^^^\n\n","$message_type":"diagnostic","children":[],"code":{"code":"missing_docs","explanation":null},"level":"warning","message":"missing documentation for a struct","spans":[{"byte_end":1583,"byte_start":1559,"column_end":25,"column_start":1,"expansion":null,"file_name":"gameplay_sim/src/world/map_system.rs","is_primary":true,"label":null,"line_end":46,"line_start":46,"suggested_replacement":null,"suggestion_applicability":null,"text":[{"highlight_end":25,"highlight_start":1,"text":"pub struct ChunkTemplate {"}]}]}}
{"reason":"compiler-message","package_id":"path+file:///Users/bradyjeong/Documents/Projects/Amp/gta4/gta_game/gameplay_sim#0.1.0","manifest_path":"/Users/bradyjeong/Documents/Projects/Amp/gta4/gta_game/gameplay_sim/Cargo.toml","target":{"kind":["lib"],"crate_types":["lib"],"name":"gameplay_sim","src_path":"/Users/bradyjeong/Documents/Projects/Amp/gta4/gta_game/gameplay_sim/src/lib.rs","edition":"2021","doc":true,"doctest":true,"test":true},"message":{"rendered":"warning: missing documentation for a struct field\n  --> gameplay_sim/src/world/map_system.rs:47:5\n   |\n47 |     pub buildings: Vec<BuildingTemplate>,\n   |     ^^^^^^^^^^^^^^^^^^^^^^^^^^^^^^^^^^^^\n\n","$message_type":"diagnostic","children":[],"code":{"code":"missing_docs","explanation":null},"level":"warning","message":"missing documentation for a struct field","spans":[{"byte_end":1626,"byte_start":1590,"column_end":41,"column_start":5,"expansion":null,"file_name":"gameplay_sim/src/world/map_system.rs","is_primary":true,"label":null,"line_end":47,"line_start":47,"suggested_replacement":null,"suggestion_applicability":null,"text":[{"highlight_end":41,"highlight_start":5,"text":"    pub buildings: Vec<BuildingTemplate>,"}]}]}}
{"reason":"compiler-message","package_id":"path+file:///Users/bradyjeong/Documents/Projects/Amp/gta4/gta_game/gameplay_sim#0.1.0","manifest_path":"/Users/bradyjeong/Documents/Projects/Amp/gta4/gta_game/gameplay_sim/Cargo.toml","target":{"kind":["lib"],"crate_types":["lib"],"name":"gameplay_sim","src_path":"/Users/bradyjeong/Documents/Projects/Amp/gta4/gta_game/gameplay_sim/src/lib.rs","edition":"2021","doc":true,"doctest":true,"test":true},"message":{"rendered":"warning: missing documentation for a struct field\n  --> gameplay_sim/src/world/map_system.rs:48:5\n   |\n48 |     pub roads: Vec<RoadSpline>,\n   |     ^^^^^^^^^^^^^^^^^^^^^^^^^^\n\n","$message_type":"diagnostic","children":[],"code":{"code":"missing_docs","explanation":null},"level":"warning","message":"missing documentation for a struct field","spans":[{"byte_end":1658,"byte_start":1632,"column_end":31,"column_start":5,"expansion":null,"file_name":"gameplay_sim/src/world/map_system.rs","is_primary":true,"label":null,"line_end":48,"line_start":48,"suggested_replacement":null,"suggestion_applicability":null,"text":[{"highlight_end":31,"highlight_start":5,"text":"    pub roads: Vec<RoadSpline>,"}]}]}}
{"reason":"compiler-message","package_id":"path+file:///Users/bradyjeong/Documents/Projects/Amp/gta4/gta_game/gameplay_sim#0.1.0","manifest_path":"/Users/bradyjeong/Documents/Projects/Amp/gta4/gta_game/gameplay_sim/Cargo.toml","target":{"kind":["lib"],"crate_types":["lib"],"name":"gameplay_sim","src_path":"/Users/bradyjeong/Documents/Projects/Amp/gta4/gta_game/gameplay_sim/src/lib.rs","edition":"2021","doc":true,"doctest":true,"test":true},"message":{"rendered":"warning: missing documentation for a struct field\n  --> gameplay_sim/src/world/map_system.rs:49:5\n   |\n49 |     pub vegetation: Vec<VegetationPatch>,\n   |     ^^^^^^^^^^^^^^^^^^^^^^^^^^^^^^^^^^^^\n\n","$message_type":"diagnostic","children":[],"code":{"code":"missing_docs","explanation":null},"level":"warning","message":"missing documentation for a struct field","spans":[{"byte_end":1700,"byte_start":1664,"column_end":41,"column_start":5,"expansion":null,"file_name":"gameplay_sim/src/world/map_system.rs","is_primary":true,"label":null,"line_end":49,"line_start":49,"suggested_replacement":null,"suggestion_applicability":null,"text":[{"highlight_end":41,"highlight_start":5,"text":"    pub vegetation: Vec<VegetationPatch>,"}]}]}}
{"reason":"compiler-message","package_id":"path+file:///Users/bradyjeong/Documents/Projects/Amp/gta4/gta_game/gameplay_sim#0.1.0","manifest_path":"/Users/bradyjeong/Documents/Projects/Amp/gta4/gta_game/gameplay_sim/Cargo.toml","target":{"kind":["lib"],"crate_types":["lib"],"name":"gameplay_sim","src_path":"/Users/bradyjeong/Documents/Projects/Amp/gta4/gta_game/gameplay_sim/src/lib.rs","edition":"2021","doc":true,"doctest":true,"test":true},"message":{"rendered":"warning: missing documentation for a struct field\n  --> gameplay_sim/src/world/map_system.rs:50:5\n   |\n50 |     pub landmarks: Vec<LandmarkTemplate>,\n   |     ^^^^^^^^^^^^^^^^^^^^^^^^^^^^^^^^^^^^\n\n","$message_type":"diagnostic","children":[],"code":{"code":"missing_docs","explanation":null},"level":"warning","message":"missing documentation for a struct field","spans":[{"byte_end":1742,"byte_start":1706,"column_end":41,"column_start":5,"expansion":null,"file_name":"gameplay_sim/src/world/map_system.rs","is_primary":true,"label":null,"line_end":50,"line_start":50,"suggested_replacement":null,"suggestion_applicability":null,"text":[{"highlight_end":41,"highlight_start":5,"text":"    pub landmarks: Vec<LandmarkTemplate>,"}]}]}}
{"reason":"compiler-message","package_id":"path+file:///Users/bradyjeong/Documents/Projects/Amp/gta4/gta_game/gameplay_sim#0.1.0","manifest_path":"/Users/bradyjeong/Documents/Projects/Amp/gta4/gta_game/gameplay_sim/Cargo.toml","target":{"kind":["lib"],"crate_types":["lib"],"name":"gameplay_sim","src_path":"/Users/bradyjeong/Documents/Projects/Amp/gta4/gta_game/gameplay_sim/src/lib.rs","edition":"2021","doc":true,"doctest":true,"test":true},"message":{"rendered":"warning: missing documentation for a struct\n  --> gameplay_sim/src/world/map_system.rs:54:1\n   |\n54 | pub struct BuildingTemplate {\n   | ^^^^^^^^^^^^^^^^^^^^^^^^^^^\n\n","$message_type":"diagnostic","children":[],"code":{"code":"missing_docs","explanation":null},"level":"warning","message":"missing documentation for a struct","spans":[{"byte_end":1791,"byte_start":1764,"column_end":28,"column_start":1,"expansion":null,"file_name":"gameplay_sim/src/world/map_system.rs","is_primary":true,"label":null,"line_end":54,"line_start":54,"suggested_replacement":null,"suggestion_applicability":null,"text":[{"highlight_end":28,"highlight_start":1,"text":"pub struct BuildingTemplate {"}]}]}}
{"reason":"compiler-message","package_id":"path+file:///Users/bradyjeong/Documents/Projects/Amp/gta4/gta_game/gameplay_sim#0.1.0","manifest_path":"/Users/bradyjeong/Documents/Projects/Amp/gta4/gta_game/gameplay_sim/Cargo.toml","target":{"kind":["lib"],"crate_types":["lib"],"name":"gameplay_sim","src_path":"/Users/bradyjeong/Documents/Projects/Amp/gta4/gta_game/gameplay_sim/src/lib.rs","edition":"2021","doc":true,"doctest":true,"test":true},"message":{"rendered":"warning: missing documentation for a struct field\n  --> gameplay_sim/src/world/map_system.rs:55:5\n   |\n55 |     pub position: Vec3,\n   |     ^^^^^^^^^^^^^^^^^^\n\n","$message_type":"diagnostic","children":[],"code":{"code":"missing_docs","explanation":null},"level":"warning","message":"missing documentation for a struct field","spans":[{"byte_end":1816,"byte_start":1798,"column_end":23,"column_start":5,"expansion":null,"file_name":"gameplay_sim/src/world/map_system.rs","is_primary":true,"label":null,"line_end":55,"line_start":55,"suggested_replacement":null,"suggestion_applicability":null,"text":[{"highlight_end":23,"highlight_start":5,"text":"    pub position: Vec3,"}]}]}}
{"reason":"compiler-message","package_id":"path+file:///Users/bradyjeong/Documents/Projects/Amp/gta4/gta_game/gameplay_sim#0.1.0","manifest_path":"/Users/bradyjeong/Documents/Projects/Amp/gta4/gta_game/gameplay_sim/Cargo.toml","target":{"kind":["lib"],"crate_types":["lib"],"name":"gameplay_sim","src_path":"/Users/bradyjeong/Documents/Projects/Amp/gta4/gta_game/gameplay_sim/src/lib.rs","edition":"2021","doc":true,"doctest":true,"test":true},"message":{"rendered":"warning: missing documentation for a struct field\n  --> gameplay_sim/src/world/map_system.rs:56:5\n   |\n56 |     pub scale: Vec3,\n   |     ^^^^^^^^^^^^^^^\n\n","$message_type":"diagnostic","children":[],"code":{"code":"missing_docs","explanation":null},"level":"warning","message":"missing documentation for a struct field","spans":[{"byte_end":1837,"byte_start":1822,"column_end":20,"column_start":5,"expansion":null,"file_name":"gameplay_sim/src/world/map_system.rs","is_primary":true,"label":null,"line_end":56,"line_start":56,"suggested_replacement":null,"suggestion_applicability":null,"text":[{"highlight_end":20,"highlight_start":5,"text":"    pub scale: Vec3,"}]}]}}
{"reason":"compiler-message","package_id":"path+file:///Users/bradyjeong/Documents/Projects/Amp/gta4/gta_game/gameplay_sim#0.1.0","manifest_path":"/Users/bradyjeong/Documents/Projects/Amp/gta4/gta_game/gameplay_sim/Cargo.toml","target":{"kind":["lib"],"crate_types":["lib"],"name":"gameplay_sim","src_path":"/Users/bradyjeong/Documents/Projects/Amp/gta4/gta_game/gameplay_sim/src/lib.rs","edition":"2021","doc":true,"doctest":true,"test":true},"message":{"rendered":"warning: missing documentation for a struct field\n  --> gameplay_sim/src/world/map_system.rs:57:5\n   |\n57 |     pub building_type: BuildingType,\n   |     ^^^^^^^^^^^^^^^^^^^^^^^^^^^^^^^\n\n","$message_type":"diagnostic","children":[],"code":{"code":"missing_docs","explanation":null},"level":"warning","message":"missing documentation for a struct field","spans":[{"byte_end":1874,"byte_start":1843,"column_end":36,"column_start":5,"expansion":null,"file_name":"gameplay_sim/src/world/map_system.rs","is_primary":true,"label":null,"line_end":57,"line_start":57,"suggested_replacement":null,"suggestion_applicability":null,"text":[{"highlight_end":36,"highlight_start":5,"text":"    pub building_type: BuildingType,"}]}]}}
{"reason":"compiler-message","package_id":"path+file:///Users/bradyjeong/Documents/Projects/Amp/gta4/gta_game/gameplay_sim#0.1.0","manifest_path":"/Users/bradyjeong/Documents/Projects/Amp/gta4/gta_game/gameplay_sim/Cargo.toml","target":{"kind":["lib"],"crate_types":["lib"],"name":"gameplay_sim","src_path":"/Users/bradyjeong/Documents/Projects/Amp/gta4/gta_game/gameplay_sim/src/lib.rs","edition":"2021","doc":true,"doctest":true,"test":true},"message":{"rendered":"warning: missing documentation for a struct field\n  --> gameplay_sim/src/world/map_system.rs:58:5\n   |\n58 |     pub height: f32,\n   |     ^^^^^^^^^^^^^^^\n\n","$message_type":"diagnostic","children":[],"code":{"code":"missing_docs","explanation":null},"level":"warning","message":"missing documentation for a struct field","spans":[{"byte_end":1895,"byte_start":1880,"column_end":20,"column_start":5,"expansion":null,"file_name":"gameplay_sim/src/world/map_system.rs","is_primary":true,"label":null,"line_end":58,"line_start":58,"suggested_replacement":null,"suggestion_applicability":null,"text":[{"highlight_end":20,"highlight_start":5,"text":"    pub height: f32,"}]}]}}
{"reason":"compiler-message","package_id":"path+file:///Users/bradyjeong/Documents/Projects/Amp/gta4/gta_game/gameplay_sim#0.1.0","manifest_path":"/Users/bradyjeong/Documents/Projects/Amp/gta4/gta_game/gameplay_sim/Cargo.toml","target":{"kind":["lib"],"crate_types":["lib"],"name":"gameplay_sim","src_path":"/Users/bradyjeong/Documents/Projects/Amp/gta4/gta_game/gameplay_sim/src/lib.rs","edition":"2021","doc":true,"doctest":true,"test":true},"message":{"rendered":"warning: missing documentation for a struct\n  --> gameplay_sim/src/world/map_system.rs:62:1\n   |\n62 | pub struct VegetationPatch {\n   | ^^^^^^^^^^^^^^^^^^^^^^^^^^\n\n","$message_type":"diagnostic","children":[],"code":{"code":"missing_docs","explanation":null},"level":"warning","message":"missing documentation for a struct","spans":[{"byte_end":1943,"byte_start":1917,"column_end":27,"column_start":1,"expansion":null,"file_name":"gameplay_sim/src/world/map_system.rs","is_primary":true,"label":null,"line_end":62,"line_start":62,"suggested_replacement":null,"suggestion_applicability":null,"text":[{"highlight_end":27,"highlight_start":1,"text":"pub struct VegetationPatch {"}]}]}}
{"reason":"compiler-message","package_id":"path+file:///Users/bradyjeong/Documents/Projects/Amp/gta4/gta_game/gameplay_sim#0.1.0","manifest_path":"/Users/bradyjeong/Documents/Projects/Amp/gta4/gta_game/gameplay_sim/Cargo.toml","target":{"kind":["lib"],"crate_types":["lib"],"name":"gameplay_sim","src_path":"/Users/bradyjeong/Documents/Projects/Amp/gta4/gta_game/gameplay_sim/src/lib.rs","edition":"2021","doc":true,"doctest":true,"test":true},"message":{"rendered":"warning: missing documentation for a struct field\n  --> gameplay_sim/src/world/map_system.rs:63:5\n   |\n63 |     pub position: Vec3,\n   |     ^^^^^^^^^^^^^^^^^^\n\n","$message_type":"diagnostic","children":[],"code":{"code":"missing_docs","explanation":null},"level":"warning","message":"missing documentation for a struct field","spans":[{"byte_end":1968,"byte_start":1950,"column_end":23,"column_start":5,"expansion":null,"file_name":"gameplay_sim/src/world/map_system.rs","is_primary":true,"label":null,"line_end":63,"line_start":63,"suggested_replacement":null,"suggestion_applicability":null,"text":[{"highlight_end":23,"highlight_start":5,"text":"    pub position: Vec3,"}]}]}}
{"reason":"compiler-message","package_id":"path+file:///Users/bradyjeong/Documents/Projects/Amp/gta4/gta_game/gameplay_sim#0.1.0","manifest_path":"/Users/bradyjeong/Documents/Projects/Amp/gta4/gta_game/gameplay_sim/Cargo.toml","target":{"kind":["lib"],"crate_types":["lib"],"name":"gameplay_sim","src_path":"/Users/bradyjeong/Documents/Projects/Amp/gta4/gta_game/gameplay_sim/src/lib.rs","edition":"2021","doc":true,"doctest":true,"test":true},"message":{"rendered":"warning: missing documentation for a struct field\n  --> gameplay_sim/src/world/map_system.rs:64:5\n   |\n64 |     pub radius: f32,\n   |     ^^^^^^^^^^^^^^^\n\n","$message_type":"diagnostic","children":[],"code":{"code":"missing_docs","explanation":null},"level":"warning","message":"missing documentation for a struct field","spans":[{"byte_end":1989,"byte_start":1974,"column_end":20,"column_start":5,"expansion":null,"file_name":"gameplay_sim/src/world/map_system.rs","is_primary":true,"label":null,"line_end":64,"line_start":64,"suggested_replacement":null,"suggestion_applicability":null,"text":[{"highlight_end":20,"highlight_start":5,"text":"    pub radius: f32,"}]}]}}
{"reason":"compiler-message","package_id":"path+file:///Users/bradyjeong/Documents/Projects/Amp/gta4/gta_game/gameplay_sim#0.1.0","manifest_path":"/Users/bradyjeong/Documents/Projects/Amp/gta4/gta_game/gameplay_sim/Cargo.toml","target":{"kind":["lib"],"crate_types":["lib"],"name":"gameplay_sim","src_path":"/Users/bradyjeong/Documents/Projects/Amp/gta4/gta_game/gameplay_sim/src/lib.rs","edition":"2021","doc":true,"doctest":true,"test":true},"message":{"rendered":"warning: missing documentation for a struct field\n  --> gameplay_sim/src/world/map_system.rs:65:5\n   |\n65 |     pub density: f32,\n   |     ^^^^^^^^^^^^^^^^\n\n","$message_type":"diagnostic","children":[],"code":{"code":"missing_docs","explanation":null},"level":"warning","message":"missing documentation for a struct field","spans":[{"byte_end":2011,"byte_start":1995,"column_end":21,"column_start":5,"expansion":null,"file_name":"gameplay_sim/src/world/map_system.rs","is_primary":true,"label":null,"line_end":65,"line_start":65,"suggested_replacement":null,"suggestion_applicability":null,"text":[{"highlight_end":21,"highlight_start":5,"text":"    pub density: f32,"}]}]}}
{"reason":"compiler-message","package_id":"path+file:///Users/bradyjeong/Documents/Projects/Amp/gta4/gta_game/gameplay_sim#0.1.0","manifest_path":"/Users/bradyjeong/Documents/Projects/Amp/gta4/gta_game/gameplay_sim/Cargo.toml","target":{"kind":["lib"],"crate_types":["lib"],"name":"gameplay_sim","src_path":"/Users/bradyjeong/Documents/Projects/Amp/gta4/gta_game/gameplay_sim/src/lib.rs","edition":"2021","doc":true,"doctest":true,"test":true},"message":{"rendered":"warning: missing documentation for a struct field\n  --> gameplay_sim/src/world/map_system.rs:66:5\n   |\n66 |     pub vegetation_type: VegetationType,\n   |     ^^^^^^^^^^^^^^^^^^^^^^^^^^^^^^^^^^^\n\n","$message_type":"diagnostic","children":[],"code":{"code":"missing_docs","explanation":null},"level":"warning","message":"missing documentation for a struct field","spans":[{"byte_end":2052,"byte_start":2017,"column_end":40,"column_start":5,"expansion":null,"file_name":"gameplay_sim/src/world/map_system.rs","is_primary":true,"label":null,"line_end":66,"line_start":66,"suggested_replacement":null,"suggestion_applicability":null,"text":[{"highlight_end":40,"highlight_start":5,"text":"    pub vegetation_type: VegetationType,"}]}]}}
{"reason":"compiler-message","package_id":"path+file:///Users/bradyjeong/Documents/Projects/Amp/gta4/gta_game/gameplay_sim#0.1.0","manifest_path":"/Users/bradyjeong/Documents/Projects/Amp/gta4/gta_game/gameplay_sim/Cargo.toml","target":{"kind":["lib"],"crate_types":["lib"],"name":"gameplay_sim","src_path":"/Users/bradyjeong/Documents/Projects/Amp/gta4/gta_game/gameplay_sim/src/lib.rs","edition":"2021","doc":true,"doctest":true,"test":true},"message":{"rendered":"warning: missing documentation for a struct\n  --> gameplay_sim/src/world/map_system.rs:70:1\n   |\n70 | pub struct LandmarkTemplate {\n   | ^^^^^^^^^^^^^^^^^^^^^^^^^^^\n\n","$message_type":"diagnostic","children":[],"code":{"code":"missing_docs","explanation":null},"level":"warning","message":"missing documentation for a struct","spans":[{"byte_end":2101,"byte_start":2074,"column_end":28,"column_start":1,"expansion":null,"file_name":"gameplay_sim/src/world/map_system.rs","is_primary":true,"label":null,"line_end":70,"line_start":70,"suggested_replacement":null,"suggestion_applicability":null,"text":[{"highlight_end":28,"highlight_start":1,"text":"pub struct LandmarkTemplate {"}]}]}}
{"reason":"compiler-message","package_id":"path+file:///Users/bradyjeong/Documents/Projects/Amp/gta4/gta_game/gameplay_sim#0.1.0","manifest_path":"/Users/bradyjeong/Documents/Projects/Amp/gta4/gta_game/gameplay_sim/Cargo.toml","target":{"kind":["lib"],"crate_types":["lib"],"name":"gameplay_sim","src_path":"/Users/bradyjeong/Documents/Projects/Amp/gta4/gta_game/gameplay_sim/src/lib.rs","edition":"2021","doc":true,"doctest":true,"test":true},"message":{"rendered":"warning: missing documentation for a struct field\n  --> gameplay_sim/src/world/map_system.rs:71:5\n   |\n71 |     pub position: Vec3,\n   |     ^^^^^^^^^^^^^^^^^^\n\n","$message_type":"diagnostic","children":[],"code":{"code":"missing_docs","explanation":null},"level":"warning","message":"missing documentation for a struct field","spans":[{"byte_end":2126,"byte_start":2108,"column_end":23,"column_start":5,"expansion":null,"file_name":"gameplay_sim/src/world/map_system.rs","is_primary":true,"label":null,"line_end":71,"line_start":71,"suggested_replacement":null,"suggestion_applicability":null,"text":[{"highlight_end":23,"highlight_start":5,"text":"    pub position: Vec3,"}]}]}}
{"reason":"compiler-message","package_id":"path+file:///Users/bradyjeong/Documents/Projects/Amp/gta4/gta_game/gameplay_sim#0.1.0","manifest_path":"/Users/bradyjeong/Documents/Projects/Amp/gta4/gta_game/gameplay_sim/Cargo.toml","target":{"kind":["lib"],"crate_types":["lib"],"name":"gameplay_sim","src_path":"/Users/bradyjeong/Documents/Projects/Amp/gta4/gta_game/gameplay_sim/src/lib.rs","edition":"2021","doc":true,"doctest":true,"test":true},"message":{"rendered":"warning: missing documentation for a struct field\n  --> gameplay_sim/src/world/map_system.rs:72:5\n   |\n72 |     pub landmark_type: LandmarkType,\n   |     ^^^^^^^^^^^^^^^^^^^^^^^^^^^^^^^\n\n","$message_type":"diagnostic","children":[],"code":{"code":"missing_docs","explanation":null},"level":"warning","message":"missing documentation for a struct field","spans":[{"byte_end":2163,"byte_start":2132,"column_end":36,"column_start":5,"expansion":null,"file_name":"gameplay_sim/src/world/map_system.rs","is_primary":true,"label":null,"line_end":72,"line_start":72,"suggested_replacement":null,"suggestion_applicability":null,"text":[{"highlight_end":36,"highlight_start":5,"text":"    pub landmark_type: LandmarkType,"}]}]}}
{"reason":"compiler-message","package_id":"path+file:///Users/bradyjeong/Documents/Projects/Amp/gta4/gta_game/gameplay_sim#0.1.0","manifest_path":"/Users/bradyjeong/Documents/Projects/Amp/gta4/gta_game/gameplay_sim/Cargo.toml","target":{"kind":["lib"],"crate_types":["lib"],"name":"gameplay_sim","src_path":"/Users/bradyjeong/Documents/Projects/Amp/gta4/gta_game/gameplay_sim/src/lib.rs","edition":"2021","doc":true,"doctest":true,"test":true},"message":{"rendered":"warning: missing documentation for a struct field\n  --> gameplay_sim/src/world/map_system.rs:73:5\n   |\n73 |     pub scale: f32,\n   |     ^^^^^^^^^^^^^^\n\n","$message_type":"diagnostic","children":[],"code":{"code":"missing_docs","explanation":null},"level":"warning","message":"missing documentation for a struct field","spans":[{"byte_end":2183,"byte_start":2169,"column_end":19,"column_start":5,"expansion":null,"file_name":"gameplay_sim/src/world/map_system.rs","is_primary":true,"label":null,"line_end":73,"line_start":73,"suggested_replacement":null,"suggestion_applicability":null,"text":[{"highlight_end":19,"highlight_start":5,"text":"    pub scale: f32,"}]}]}}
{"reason":"compiler-message","package_id":"path+file:///Users/bradyjeong/Documents/Projects/Amp/gta4/gta_game/gameplay_sim#0.1.0","manifest_path":"/Users/bradyjeong/Documents/Projects/Amp/gta4/gta_game/gameplay_sim/Cargo.toml","target":{"kind":["lib"],"crate_types":["lib"],"name":"gameplay_sim","src_path":"/Users/bradyjeong/Documents/Projects/Amp/gta4/gta_game/gameplay_sim/src/lib.rs","edition":"2021","doc":true,"doctest":true,"test":true},"message":{"rendered":"warning: missing documentation for an enum\n  --> gameplay_sim/src/world/map_system.rs:77:1\n   |\n77 | pub enum BuildingType {\n   | ^^^^^^^^^^^^^^^^^^^^^\n\n","$message_type":"diagnostic","children":[],"code":{"code":"missing_docs","explanation":null},"level":"warning","message":"missing documentation for an enum","spans":[{"byte_end":2226,"byte_start":2205,"column_end":22,"column_start":1,"expansion":null,"file_name":"gameplay_sim/src/world/map_system.rs","is_primary":true,"label":null,"line_end":77,"line_start":77,"suggested_replacement":null,"suggestion_applicability":null,"text":[{"highlight_end":22,"highlight_start":1,"text":"pub enum BuildingType {"}]}]}}
{"reason":"compiler-message","package_id":"path+file:///Users/bradyjeong/Documents/Projects/Amp/gta4/gta_game/gameplay_sim#0.1.0","manifest_path":"/Users/bradyjeong/Documents/Projects/Amp/gta4/gta_game/gameplay_sim/Cargo.toml","target":{"kind":["lib"],"crate_types":["lib"],"name":"gameplay_sim","src_path":"/Users/bradyjeong/Documents/Projects/Amp/gta4/gta_game/gameplay_sim/src/lib.rs","edition":"2021","doc":true,"doctest":true,"test":true},"message":{"rendered":"warning: missing documentation for a variant\n  --> gameplay_sim/src/world/map_system.rs:78:5\n   |\n78 |     Residential,\n   |     ^^^^^^^^^^^\n\n","$message_type":"diagnostic","children":[],"code":{"code":"missing_docs","explanation":null},"level":"warning","message":"missing documentation for a variant","spans":[{"byte_end":2244,"byte_start":2233,"column_end":16,"column_start":5,"expansion":null,"file_name":"gameplay_sim/src/world/map_system.rs","is_primary":true,"label":null,"line_end":78,"line_start":78,"suggested_replacement":null,"suggestion_applicability":null,"text":[{"highlight_end":16,"highlight_start":5,"text":"    Residential,"}]}]}}
{"reason":"compiler-message","package_id":"path+file:///Users/bradyjeong/Documents/Projects/Amp/gta4/gta_game/gameplay_sim#0.1.0","manifest_path":"/Users/bradyjeong/Documents/Projects/Amp/gta4/gta_game/gameplay_sim/Cargo.toml","target":{"kind":["lib"],"crate_types":["lib"],"name":"gameplay_sim","src_path":"/Users/bradyjeong/Documents/Projects/Amp/gta4/gta_game/gameplay_sim/src/lib.rs","edition":"2021","doc":true,"doctest":true,"test":true},"message":{"rendered":"warning: missing documentation for a variant\n  --> gameplay_sim/src/world/map_system.rs:79:5\n   |\n79 |     Commercial,\n   |     ^^^^^^^^^^\n\n","$message_type":"diagnostic","children":[],"code":{"code":"missing_docs","explanation":null},"level":"warning","message":"missing documentation for a variant","spans":[{"byte_end":2260,"byte_start":2250,"column_end":15,"column_start":5,"expansion":null,"file_name":"gameplay_sim/src/world/map_system.rs","is_primary":true,"label":null,"line_end":79,"line_start":79,"suggested_replacement":null,"suggestion_applicability":null,"text":[{"highlight_end":15,"highlight_start":5,"text":"    Commercial,"}]}]}}
{"reason":"compiler-message","package_id":"path+file:///Users/bradyjeong/Documents/Projects/Amp/gta4/gta_game/gameplay_sim#0.1.0","manifest_path":"/Users/bradyjeong/Documents/Projects/Amp/gta4/gta_game/gameplay_sim/Cargo.toml","target":{"kind":["lib"],"crate_types":["lib"],"name":"gameplay_sim","src_path":"/Users/bradyjeong/Documents/Projects/Amp/gta4/gta_game/gameplay_sim/src/lib.rs","edition":"2021","doc":true,"doctest":true,"test":true},"message":{"rendered":"warning: missing documentation for a variant\n  --> gameplay_sim/src/world/map_system.rs:80:5\n   |\n80 |     Industrial,\n   |     ^^^^^^^^^^\n\n","$message_type":"diagnostic","children":[],"code":{"code":"missing_docs","explanation":null},"level":"warning","message":"missing documentation for a variant","spans":[{"byte_end":2276,"byte_start":2266,"column_end":15,"column_start":5,"expansion":null,"file_name":"gameplay_sim/src/world/map_system.rs","is_primary":true,"label":null,"line_end":80,"line_start":80,"suggested_replacement":null,"suggestion_applicability":null,"text":[{"highlight_end":15,"highlight_start":5,"text":"    Industrial,"}]}]}}
{"reason":"compiler-message","package_id":"path+file:///Users/bradyjeong/Documents/Projects/Amp/gta4/gta_game/gameplay_sim#0.1.0","manifest_path":"/Users/bradyjeong/Documents/Projects/Amp/gta4/gta_game/gameplay_sim/Cargo.toml","target":{"kind":["lib"],"crate_types":["lib"],"name":"gameplay_sim","src_path":"/Users/bradyjeong/Documents/Projects/Amp/gta4/gta_game/gameplay_sim/src/lib.rs","edition":"2021","doc":true,"doctest":true,"test":true},"message":{"rendered":"warning: missing documentation for a variant\n  --> gameplay_sim/src/world/map_system.rs:81:5\n   |\n81 |     Skyscraper,\n   |     ^^^^^^^^^^\n\n","$message_type":"diagnostic","children":[],"code":{"code":"missing_docs","explanation":null},"level":"warning","message":"missing documentation for a variant","spans":[{"byte_end":2292,"byte_start":2282,"column_end":15,"column_start":5,"expansion":null,"file_name":"gameplay_sim/src/world/map_system.rs","is_primary":true,"label":null,"line_end":81,"line_start":81,"suggested_replacement":null,"suggestion_applicability":null,"text":[{"highlight_end":15,"highlight_start":5,"text":"    Skyscraper,"}]}]}}
{"reason":"compiler-message","package_id":"path+file:///Users/bradyjeong/Documents/Projects/Amp/gta4/gta_game/gameplay_sim#0.1.0","manifest_path":"/Users/bradyjeong/Documents/Projects/Amp/gta4/gta_game/gameplay_sim/Cargo.toml","target":{"kind":["lib"],"crate_types":["lib"],"name":"gameplay_sim","src_path":"/Users/bradyjeong/Documents/Projects/Amp/gta4/gta_game/gameplay_sim/src/lib.rs","edition":"2021","doc":true,"doctest":true,"test":true},"message":{"rendered":"warning: missing documentation for a variant\n  --> gameplay_sim/src/world/map_system.rs:82:5\n   |\n82 |     Apartment,\n   |     ^^^^^^^^^\n\n","$message_type":"diagnostic","children":[],"code":{"code":"missing_docs","explanation":null},"level":"warning","message":"missing documentation for a variant","spans":[{"byte_end":2307,"byte_start":2298,"column_end":14,"column_start":5,"expansion":null,"file_name":"gameplay_sim/src/world/map_system.rs","is_primary":true,"label":null,"line_end":82,"line_start":82,"suggested_replacement":null,"suggestion_applicability":null,"text":[{"highlight_end":14,"highlight_start":5,"text":"    Apartment,"}]}]}}
{"reason":"compiler-message","package_id":"path+file:///Users/bradyjeong/Documents/Projects/Amp/gta4/gta_game/gameplay_sim#0.1.0","manifest_path":"/Users/bradyjeong/Documents/Projects/Amp/gta4/gta_game/gameplay_sim/Cargo.toml","target":{"kind":["lib"],"crate_types":["lib"],"name":"gameplay_sim","src_path":"/Users/bradyjeong/Documents/Projects/Amp/gta4/gta_game/gameplay_sim/src/lib.rs","edition":"2021","doc":true,"doctest":true,"test":true},"message":{"rendered":"warning: missing documentation for an enum\n  --> gameplay_sim/src/world/map_system.rs:86:1\n   |\n86 | pub enum VegetationType {\n   | ^^^^^^^^^^^^^^^^^^^^^^^\n\n","$message_type":"diagnostic","children":[],"code":{"code":"missing_docs","explanation":null},"level":"warning","message":"missing documentation for an enum","spans":[{"byte_end":2352,"byte_start":2329,"column_end":24,"column_start":1,"expansion":null,"file_name":"gameplay_sim/src/world/map_system.rs","is_primary":true,"label":null,"line_end":86,"line_start":86,"suggested_replacement":null,"suggestion_applicability":null,"text":[{"highlight_end":24,"highlight_start":1,"text":"pub enum VegetationType {"}]}]}}
{"reason":"compiler-message","package_id":"path+file:///Users/bradyjeong/Documents/Projects/Amp/gta4/gta_game/gameplay_sim#0.1.0","manifest_path":"/Users/bradyjeong/Documents/Projects/Amp/gta4/gta_game/gameplay_sim/Cargo.toml","target":{"kind":["lib"],"crate_types":["lib"],"name":"gameplay_sim","src_path":"/Users/bradyjeong/Documents/Projects/Amp/gta4/gta_game/gameplay_sim/src/lib.rs","edition":"2021","doc":true,"doctest":true,"test":true},"message":{"rendered":"warning: missing documentation for a variant\n  --> gameplay_sim/src/world/map_system.rs:87:5\n   |\n87 |     Trees,\n   |     ^^^^^\n\n","$message_type":"diagnostic","children":[],"code":{"code":"missing_docs","explanation":null},"level":"warning","message":"missing documentation for a variant","spans":[{"byte_end":2364,"byte_start":2359,"column_end":10,"column_start":5,"expansion":null,"file_name":"gameplay_sim/src/world/map_system.rs","is_primary":true,"label":null,"line_end":87,"line_start":87,"suggested_replacement":null,"suggestion_applicability":null,"text":[{"highlight_end":10,"highlight_start":5,"text":"    Trees,"}]}]}}
{"reason":"compiler-message","package_id":"path+file:///Users/bradyjeong/Documents/Projects/Amp/gta4/gta_game/gameplay_sim#0.1.0","manifest_path":"/Users/bradyjeong/Documents/Projects/Amp/gta4/gta_game/gameplay_sim/Cargo.toml","target":{"kind":["lib"],"crate_types":["lib"],"name":"gameplay_sim","src_path":"/Users/bradyjeong/Documents/Projects/Amp/gta4/gta_game/gameplay_sim/src/lib.rs","edition":"2021","doc":true,"doctest":true,"test":true},"message":{"rendered":"warning: missing documentation for a variant\n  --> gameplay_sim/src/world/map_system.rs:88:5\n   |\n88 |     Grass,\n   |     ^^^^^\n\n","$message_type":"diagnostic","children":[],"code":{"code":"missing_docs","explanation":null},"level":"warning","message":"missing documentation for a variant","spans":[{"byte_end":2375,"byte_start":2370,"column_end":10,"column_start":5,"expansion":null,"file_name":"gameplay_sim/src/world/map_system.rs","is_primary":true,"label":null,"line_end":88,"line_start":88,"suggested_replacement":null,"suggestion_applicability":null,"text":[{"highlight_end":10,"highlight_start":5,"text":"    Grass,"}]}]}}
{"reason":"compiler-message","package_id":"path+file:///Users/bradyjeong/Documents/Projects/Amp/gta4/gta_game/gameplay_sim#0.1.0","manifest_path":"/Users/bradyjeong/Documents/Projects/Amp/gta4/gta_game/gameplay_sim/Cargo.toml","target":{"kind":["lib"],"crate_types":["lib"],"name":"gameplay_sim","src_path":"/Users/bradyjeong/Documents/Projects/Amp/gta4/gta_game/gameplay_sim/src/lib.rs","edition":"2021","doc":true,"doctest":true,"test":true},"message":{"rendered":"warning: missing documentation for a variant\n  --> gameplay_sim/src/world/map_system.rs:89:5\n   |\n89 |     Bushes,\n   |     ^^^^^^\n\n","$message_type":"diagnostic","children":[],"code":{"code":"missing_docs","explanation":null},"level":"warning","message":"missing documentation for a variant","spans":[{"byte_end":2387,"byte_start":2381,"column_end":11,"column_start":5,"expansion":null,"file_name":"gameplay_sim/src/world/map_system.rs","is_primary":true,"label":null,"line_end":89,"line_start":89,"suggested_replacement":null,"suggestion_applicability":null,"text":[{"highlight_end":11,"highlight_start":5,"text":"    Bushes,"}]}]}}
{"reason":"compiler-message","package_id":"path+file:///Users/bradyjeong/Documents/Projects/Amp/gta4/gta_game/gameplay_sim#0.1.0","manifest_path":"/Users/bradyjeong/Documents/Projects/Amp/gta4/gta_game/gameplay_sim/Cargo.toml","target":{"kind":["lib"],"crate_types":["lib"],"name":"gameplay_sim","src_path":"/Users/bradyjeong/Documents/Projects/Amp/gta4/gta_game/gameplay_sim/src/lib.rs","edition":"2021","doc":true,"doctest":true,"test":true},"message":{"rendered":"warning: missing documentation for a variant\n  --> gameplay_sim/src/world/map_system.rs:90:5\n   |\n90 |     Park,\n   |     ^^^^\n\n","$message_type":"diagnostic","children":[],"code":{"code":"missing_docs","explanation":null},"level":"warning","message":"missing documentation for a variant","spans":[{"byte_end":2397,"byte_start":2393,"column_end":9,"column_start":5,"expansion":null,"file_name":"gameplay_sim/src/world/map_system.rs","is_primary":true,"label":null,"line_end":90,"line_start":90,"suggested_replacement":null,"suggestion_applicability":null,"text":[{"highlight_end":9,"highlight_start":5,"text":"    Park,"}]}]}}
{"reason":"compiler-message","package_id":"path+file:///Users/bradyjeong/Documents/Projects/Amp/gta4/gta_game/gameplay_sim#0.1.0","manifest_path":"/Users/bradyjeong/Documents/Projects/Amp/gta4/gta_game/gameplay_sim/Cargo.toml","target":{"kind":["lib"],"crate_types":["lib"],"name":"gameplay_sim","src_path":"/Users/bradyjeong/Documents/Projects/Amp/gta4/gta_game/gameplay_sim/src/lib.rs","edition":"2021","doc":true,"doctest":true,"test":true},"message":{"rendered":"warning: missing documentation for an enum\n  --> gameplay_sim/src/world/map_system.rs:94:1\n   |\n94 | pub enum LandmarkType {\n   | ^^^^^^^^^^^^^^^^^^^^^\n\n","$message_type":"diagnostic","children":[],"code":{"code":"missing_docs","explanation":null},"level":"warning","message":"missing documentation for an enum","spans":[{"byte_end":2440,"byte_start":2419,"column_end":22,"column_start":1,"expansion":null,"file_name":"gameplay_sim/src/world/map_system.rs","is_primary":true,"label":null,"line_end":94,"line_start":94,"suggested_replacement":null,"suggestion_applicability":null,"text":[{"highlight_end":22,"highlight_start":1,"text":"pub enum LandmarkType {"}]}]}}
{"reason":"compiler-message","package_id":"path+file:///Users/bradyjeong/Documents/Projects/Amp/gta4/gta_game/gameplay_sim#0.1.0","manifest_path":"/Users/bradyjeong/Documents/Projects/Amp/gta4/gta_game/gameplay_sim/Cargo.toml","target":{"kind":["lib"],"crate_types":["lib"],"name":"gameplay_sim","src_path":"/Users/bradyjeong/Documents/Projects/Amp/gta4/gta_game/gameplay_sim/src/lib.rs","edition":"2021","doc":true,"doctest":true,"test":true},"message":{"rendered":"warning: missing documentation for a variant\n  --> gameplay_sim/src/world/map_system.rs:95:5\n   |\n95 |     Fountain,\n   |     ^^^^^^^^\n\n","$message_type":"diagnostic","children":[],"code":{"code":"missing_docs","explanation":null},"level":"warning","message":"missing documentation for a variant","spans":[{"byte_end":2455,"byte_start":2447,"column_end":13,"column_start":5,"expansion":null,"file_name":"gameplay_sim/src/world/map_system.rs","is_primary":true,"label":null,"line_end":95,"line_start":95,"suggested_replacement":null,"suggestion_applicability":null,"text":[{"highlight_end":13,"highlight_start":5,"text":"    Fountain,"}]}]}}
{"reason":"compiler-message","package_id":"path+file:///Users/bradyjeong/Documents/Projects/Amp/gta4/gta_game/gameplay_sim#0.1.0","manifest_path":"/Users/bradyjeong/Documents/Projects/Amp/gta4/gta_game/gameplay_sim/Cargo.toml","target":{"kind":["lib"],"crate_types":["lib"],"name":"gameplay_sim","src_path":"/Users/bradyjeong/Documents/Projects/Amp/gta4/gta_game/gameplay_sim/src/lib.rs","edition":"2021","doc":true,"doctest":true,"test":true},"message":{"rendered":"warning: missing documentation for a variant\n  --> gameplay_sim/src/world/map_system.rs:96:5\n   |\n96 |     Statue,\n   |     ^^^^^^\n\n","$message_type":"diagnostic","children":[],"code":{"code":"missing_docs","explanation":null},"level":"warning","message":"missing documentation for a variant","spans":[{"byte_end":2467,"byte_start":2461,"column_end":11,"column_start":5,"expansion":null,"file_name":"gameplay_sim/src/world/map_system.rs","is_primary":true,"label":null,"line_end":96,"line_start":96,"suggested_replacement":null,"suggestion_applicability":null,"text":[{"highlight_end":11,"highlight_start":5,"text":"    Statue,"}]}]}}
{"reason":"compiler-message","package_id":"path+file:///Users/bradyjeong/Documents/Projects/Amp/gta4/gta_game/gameplay_sim#0.1.0","manifest_path":"/Users/bradyjeong/Documents/Projects/Amp/gta4/gta_game/gameplay_sim/Cargo.toml","target":{"kind":["lib"],"crate_types":["lib"],"name":"gameplay_sim","src_path":"/Users/bradyjeong/Documents/Projects/Amp/gta4/gta_game/gameplay_sim/src/lib.rs","edition":"2021","doc":true,"doctest":true,"test":true},"message":{"rendered":"warning: missing documentation for a variant\n  --> gameplay_sim/src/world/map_system.rs:97:5\n   |\n97 |     Monument,\n   |     ^^^^^^^^\n\n","$message_type":"diagnostic","children":[],"code":{"code":"missing_docs","explanation":null},"level":"warning","message":"missing documentation for a variant","spans":[{"byte_end":2481,"byte_start":2473,"column_end":13,"column_start":5,"expansion":null,"file_name":"gameplay_sim/src/world/map_system.rs","is_primary":true,"label":null,"line_end":97,"line_start":97,"suggested_replacement":null,"suggestion_applicability":null,"text":[{"highlight_end":13,"highlight_start":5,"text":"    Monument,"}]}]}}
{"reason":"compiler-message","package_id":"path+file:///Users/bradyjeong/Documents/Projects/Amp/gta4/gta_game/gameplay_sim#0.1.0","manifest_path":"/Users/bradyjeong/Documents/Projects/Amp/gta4/gta_game/gameplay_sim/Cargo.toml","target":{"kind":["lib"],"crate_types":["lib"],"name":"gameplay_sim","src_path":"/Users/bradyjeong/Documents/Projects/Amp/gta4/gta_game/gameplay_sim/src/lib.rs","edition":"2021","doc":true,"doctest":true,"test":true},"message":{"rendered":"warning: missing documentation for a variant\n  --> gameplay_sim/src/world/map_system.rs:98:5\n   |\n98 |     Bridge,\n   |     ^^^^^^\n\n","$message_type":"diagnostic","children":[],"code":{"code":"missing_docs","explanation":null},"level":"warning","message":"missing documentation for a variant","spans":[{"byte_end":2493,"byte_start":2487,"column_end":11,"column_start":5,"expansion":null,"file_name":"gameplay_sim/src/world/map_system.rs","is_primary":true,"label":null,"line_end":98,"line_start":98,"suggested_replacement":null,"suggestion_applicability":null,"text":[{"highlight_end":11,"highlight_start":5,"text":"    Bridge,"}]}]}}
{"reason":"compiler-message","package_id":"path+file:///Users/bradyjeong/Documents/Projects/Amp/gta4/gta_game/gameplay_sim#0.1.0","manifest_path":"/Users/bradyjeong/Documents/Projects/Amp/gta4/gta_game/gameplay_sim/Cargo.toml","target":{"kind":["lib"],"crate_types":["lib"],"name":"gameplay_sim","src_path":"/Users/bradyjeong/Documents/Projects/Amp/gta4/gta_game/gameplay_sim/src/lib.rs","edition":"2021","doc":true,"doctest":true,"test":true},"message":{"rendered":"warning: missing documentation for a variant\n  --> gameplay_sim/src/world/map_system.rs:99:5\n   |\n99 |     Stadium,\n   |     ^^^^^^^\n\n","$message_type":"diagnostic","children":[],"code":{"code":"missing_docs","explanation":null},"level":"warning","message":"missing documentation for a variant","spans":[{"byte_end":2506,"byte_start":2499,"column_end":12,"column_start":5,"expansion":null,"file_name":"gameplay_sim/src/world/map_system.rs","is_primary":true,"label":null,"line_end":99,"line_start":99,"suggested_replacement":null,"suggestion_applicability":null,"text":[{"highlight_end":12,"highlight_start":5,"text":"    Stadium,"}]}]}}
{"reason":"compiler-message","package_id":"path+file:///Users/bradyjeong/Documents/Projects/Amp/gta4/gta_game/gameplay_sim#0.1.0","manifest_path":"/Users/bradyjeong/Documents/Projects/Amp/gta4/gta_game/gameplay_sim/Cargo.toml","target":{"kind":["lib"],"crate_types":["lib"],"name":"gameplay_sim","src_path":"/Users/bradyjeong/Documents/Projects/Amp/gta4/gta_game/gameplay_sim/src/lib.rs","edition":"2021","doc":true,"doctest":true,"test":true},"message":{"rendered":"warning: missing documentation for a function\n   --> gameplay_sim/src/world/map_system.rs:114:1\n    |\n114 | / pub fn map_streaming_system(\n115 | |     mut commands: Commands,\n116 | |     mut map_system: ResMut<MapSystem>,\n117 | |     active_query: Query<&Transform, With<ActiveEntity>>,\n...   |\n121 | |     road_network: Res<RoadNetwork>,\n122 | | ) {\n    | |_^\n\n","$message_type":"diagnostic","children":[],"code":{"code":"missing_docs","explanation":null},"level":"warning","message":"missing documentation for a function","spans":[{"byte_end":3240,"byte_start":2906,"column_end":2,"column_start":1,"expansion":null,"file_name":"gameplay_sim/src/world/map_system.rs","is_primary":true,"label":null,"line_end":122,"line_start":114,"suggested_replacement":null,"suggestion_applicability":null,"text":[{"highlight_end":29,"highlight_start":1,"text":"pub fn map_streaming_system("},{"highlight_end":28,"highlight_start":1,"text":"    mut commands: Commands,"},{"highlight_end":39,"highlight_start":1,"text":"    mut map_system: ResMut<MapSystem>,"},{"highlight_end":57,"highlight_start":1,"text":"    active_query: Query<&Transform, With<ActiveEntity>>,"},{"highlight_end":53,"highlight_start":1,"text":"    mut chunk_query: Query<(Entity, &mut MapChunk)>,"},{"highlight_end":38,"highlight_start":1,"text":"    mut meshes: ResMut<Assets<Mesh>>,"},{"highlight_end":53,"highlight_start":1,"text":"    mut materials: ResMut<Assets<StandardMaterial>>,"},{"highlight_end":36,"highlight_start":1,"text":"    road_network: Res<RoadNetwork>,"},{"highlight_end":2,"highlight_start":1,"text":") {"}]}]}}
{"reason":"compiler-message","package_id":"path+file:///Users/bradyjeong/Documents/Projects/Amp/gta4/gta_game/gameplay_sim#0.1.0","manifest_path":"/Users/bradyjeong/Documents/Projects/Amp/gta4/gta_game/gameplay_sim/Cargo.toml","target":{"kind":["lib"],"crate_types":["lib"],"name":"gameplay_sim","src_path":"/Users/bradyjeong/Documents/Projects/Amp/gta4/gta_game/gameplay_sim/src/lib.rs","edition":"2021","doc":true,"doctest":true,"test":true},"message":{"rendered":"warning: missing documentation for a function\n   --> gameplay_sim/src/world/map_system.rs:167:1\n    |\n167 | / pub fn map_lod_system(\n168 | |     mut chunk_query: Query<&mut MapChunk>,\n169 | |     player_query: Query<&Transform, With<Player>>,\n170 | |     map_system: Res<MapSystem>,\n171 | |     mut visibility_query: Query<&mut Visibility>,\n172 | | ) {\n    | |_^\n\n","$message_type":"diagnostic","children":[],"code":{"code":"missing_docs","explanation":null},"level":"warning","message":"missing documentation for a function","spans":[{"byte_end":5196,"byte_start":4996,"column_end":2,"column_start":1,"expansion":null,"file_name":"gameplay_sim/src/world/map_system.rs","is_primary":true,"label":null,"line_end":172,"line_start":167,"suggested_replacement":null,"suggestion_applicability":null,"text":[{"highlight_end":23,"highlight_start":1,"text":"pub fn map_lod_system("},{"highlight_end":43,"highlight_start":1,"text":"    mut chunk_query: Query<&mut MapChunk>,"},{"highlight_end":51,"highlight_start":1,"text":"    player_query: Query<&Transform, With<Player>>,"},{"highlight_end":32,"highlight_start":1,"text":"    map_system: Res<MapSystem>,"},{"highlight_end":50,"highlight_start":1,"text":"    mut visibility_query: Query<&mut Visibility>,"},{"highlight_end":2,"highlight_start":1,"text":") {"}]}]}}
{"reason":"compiler-message","package_id":"path+file:///Users/bradyjeong/Documents/Projects/Amp/gta4/gta_game/gameplay_sim#0.1.0","manifest_path":"/Users/bradyjeong/Documents/Projects/Amp/gta4/gta_game/gameplay_sim/Cargo.toml","target":{"kind":["lib"],"crate_types":["lib"],"name":"gameplay_sim","src_path":"/Users/bradyjeong/Documents/Projects/Amp/gta4/gta_game/gameplay_sim/src/lib.rs","edition":"2021","doc":true,"doctest":true,"test":true},"message":{"rendered":"warning: missing documentation for a struct\n   --> gameplay_sim/src/world/map_system.rs:545:1\n    |\n545 | pub struct Building;\n    | ^^^^^^^^^^^^^^^^^^^\n\n","$message_type":"diagnostic","children":[],"code":{"code":"missing_docs","explanation":null},"level":"warning","message":"missing documentation for a struct","spans":[{"byte_end":18044,"byte_start":18025,"column_end":20,"column_start":1,"expansion":null,"file_name":"gameplay_sim/src/world/map_system.rs","is_primary":true,"label":null,"line_end":545,"line_start":545,"suggested_replacement":null,"suggestion_applicability":null,"text":[{"highlight_end":20,"highlight_start":1,"text":"pub struct Building;"}]}]}}
{"reason":"compiler-message","package_id":"path+file:///Users/bradyjeong/Documents/Projects/Amp/gta4/gta_game/gameplay_sim#0.1.0","manifest_path":"/Users/bradyjeong/Documents/Projects/Amp/gta4/gta_game/gameplay_sim/Cargo.toml","target":{"kind":["lib"],"crate_types":["lib"],"name":"gameplay_sim","src_path":"/Users/bradyjeong/Documents/Projects/Amp/gta4/gta_game/gameplay_sim/src/lib.rs","edition":"2021","doc":true,"doctest":true,"test":true},"message":{"rendered":"warning: missing documentation for a struct\n   --> gameplay_sim/src/world/map_system.rs:548:1\n    |\n548 | pub struct Landmark;\n    | ^^^^^^^^^^^^^^^^^^^\n\n","$message_type":"diagnostic","children":[],"code":{"code":"missing_docs","explanation":null},"level":"warning","message":"missing documentation for a struct","spans":[{"byte_end":18087,"byte_start":18068,"column_end":20,"column_start":1,"expansion":null,"file_name":"gameplay_sim/src/world/map_system.rs","is_primary":true,"label":null,"line_end":548,"line_start":548,"suggested_replacement":null,"suggestion_applicability":null,"text":[{"highlight_end":20,"highlight_start":1,"text":"pub struct Landmark;"}]}]}}
{"reason":"compiler-message","package_id":"path+file:///Users/bradyjeong/Documents/Projects/Amp/gta4/gta_game/gameplay_sim#0.1.0","manifest_path":"/Users/bradyjeong/Documents/Projects/Amp/gta4/gta_game/gameplay_sim/Cargo.toml","target":{"kind":["lib"],"crate_types":["lib"],"name":"gameplay_sim","src_path":"/Users/bradyjeong/Documents/Projects/Amp/gta4/gta_game/gameplay_sim/src/lib.rs","edition":"2021","doc":true,"doctest":true,"test":true},"message":{"rendered":"warning: missing documentation for a struct\n  --> gameplay_sim/src/world/unified_world.rs:40:1\n   |\n40 | pub struct ChunkData {\n   | ^^^^^^^^^^^^^^^^^^^^\n\n","$message_type":"diagnostic","children":[],"code":{"code":"missing_docs","explanation":null},"level":"warning","message":"missing documentation for a struct","spans":[{"byte_end":1579,"byte_start":1559,"column_end":21,"column_start":1,"expansion":null,"file_name":"gameplay_sim/src/world/unified_world.rs","is_primary":true,"label":null,"line_end":40,"line_start":40,"suggested_replacement":null,"suggestion_applicability":null,"text":[{"highlight_end":21,"highlight_start":1,"text":"pub struct ChunkData {"}]}]}}
{"reason":"compiler-message","package_id":"path+file:///Users/bradyjeong/Documents/Projects/Amp/gta4/gta_game/gameplay_sim#0.1.0","manifest_path":"/Users/bradyjeong/Documents/Projects/Amp/gta4/gta_game/gameplay_sim/Cargo.toml","target":{"kind":["lib"],"crate_types":["lib"],"name":"gameplay_sim","src_path":"/Users/bradyjeong/Documents/Projects/Amp/gta4/gta_game/gameplay_sim/src/lib.rs","edition":"2021","doc":true,"doctest":true,"test":true},"message":{"rendered":"warning: missing documentation for a struct field\n  --> gameplay_sim/src/world/unified_world.rs:41:5\n   |\n41 |     pub coord: ChunkCoord,\n   |     ^^^^^^^^^^^^^^^^^^^^^\n\n","$message_type":"diagnostic","children":[],"code":{"code":"missing_docs","explanation":null},"level":"warning","message":"missing documentation for a struct field","spans":[{"byte_end":1607,"byte_start":1586,"column_end":26,"column_start":5,"expansion":null,"file_name":"gameplay_sim/src/world/unified_world.rs","is_primary":true,"label":null,"line_end":41,"line_start":41,"suggested_replacement":null,"suggestion_applicability":null,"text":[{"highlight_end":26,"highlight_start":5,"text":"    pub coord: ChunkCoord,"}]}]}}
{"reason":"compiler-message","package_id":"path+file:///Users/bradyjeong/Documents/Projects/Amp/gta4/gta_game/gameplay_sim#0.1.0","manifest_path":"/Users/bradyjeong/Documents/Projects/Amp/gta4/gta_game/gameplay_sim/Cargo.toml","target":{"kind":["lib"],"crate_types":["lib"],"name":"gameplay_sim","src_path":"/Users/bradyjeong/Documents/Projects/Amp/gta4/gta_game/gameplay_sim/src/lib.rs","edition":"2021","doc":true,"doctest":true,"test":true},"message":{"rendered":"warning: missing documentation for a struct field\n  --> gameplay_sim/src/world/unified_world.rs:42:5\n   |\n42 |     pub state: ChunkState,\n   |     ^^^^^^^^^^^^^^^^^^^^^\n\n","$message_type":"diagnostic","children":[],"code":{"code":"missing_docs","explanation":null},"level":"warning","message":"missing documentation for a struct field","spans":[{"byte_end":1634,"byte_start":1613,"column_end":26,"column_start":5,"expansion":null,"file_name":"gameplay_sim/src/world/unified_world.rs","is_primary":true,"label":null,"line_end":42,"line_start":42,"suggested_replacement":null,"suggestion_applicability":null,"text":[{"highlight_end":26,"highlight_start":5,"text":"    pub state: ChunkState,"}]}]}}
{"reason":"compiler-message","package_id":"path+file:///Users/bradyjeong/Documents/Projects/Amp/gta4/gta_game/gameplay_sim#0.1.0","manifest_path":"/Users/bradyjeong/Documents/Projects/Amp/gta4/gta_game/gameplay_sim/Cargo.toml","target":{"kind":["lib"],"crate_types":["lib"],"name":"gameplay_sim","src_path":"/Users/bradyjeong/Documents/Projects/Amp/gta4/gta_game/gameplay_sim/src/lib.rs","edition":"2021","doc":true,"doctest":true,"test":true},"message":{"rendered":"warning: missing documentation for a struct field\n  --> gameplay_sim/src/world/unified_world.rs:43:5\n   |\n43 |     pub distance_to_player: f32,\n   |     ^^^^^^^^^^^^^^^^^^^^^^^^^^^\n\n","$message_type":"diagnostic","children":[],"code":{"code":"missing_docs","explanation":null},"level":"warning","message":"missing documentation for a struct field","spans":[{"byte_end":1667,"byte_start":1640,"column_end":32,"column_start":5,"expansion":null,"file_name":"gameplay_sim/src/world/unified_world.rs","is_primary":true,"label":null,"line_end":43,"line_start":43,"suggested_replacement":null,"suggestion_applicability":null,"text":[{"highlight_end":32,"highlight_start":5,"text":"    pub distance_to_player: f32,"}]}]}}
{"reason":"compiler-message","package_id":"path+file:///Users/bradyjeong/Documents/Projects/Amp/gta4/gta_game/gameplay_sim#0.1.0","manifest_path":"/Users/bradyjeong/Documents/Projects/Amp/gta4/gta_game/gameplay_sim/Cargo.toml","target":{"kind":["lib"],"crate_types":["lib"],"name":"gameplay_sim","src_path":"/Users/bradyjeong/Documents/Projects/Amp/gta4/gta_game/gameplay_sim/src/lib.rs","edition":"2021","doc":true,"doctest":true,"test":true},"message":{"rendered":"warning: missing documentation for a struct field\n  --> gameplay_sim/src/world/unified_world.rs:44:5\n   |\n44 |     pub entities: Vec<Entity>,\n   |     ^^^^^^^^^^^^^^^^^^^^^^^^^\n\n","$message_type":"diagnostic","children":[],"code":{"code":"missing_docs","explanation":null},"level":"warning","message":"missing documentation for a struct field","spans":[{"byte_end":1698,"byte_start":1673,"column_end":30,"column_start":5,"expansion":null,"file_name":"gameplay_sim/src/world/unified_world.rs","is_primary":true,"label":null,"line_end":44,"line_start":44,"suggested_replacement":null,"suggestion_applicability":null,"text":[{"highlight_end":30,"highlight_start":5,"text":"    pub entities: Vec<Entity>,"}]}]}}
{"reason":"compiler-message","package_id":"path+file:///Users/bradyjeong/Documents/Projects/Amp/gta4/gta_game/gameplay_sim#0.1.0","manifest_path":"/Users/bradyjeong/Documents/Projects/Amp/gta4/gta_game/gameplay_sim/Cargo.toml","target":{"kind":["lib"],"crate_types":["lib"],"name":"gameplay_sim","src_path":"/Users/bradyjeong/Documents/Projects/Amp/gta4/gta_game/gameplay_sim/src/lib.rs","edition":"2021","doc":true,"doctest":true,"test":true},"message":{"rendered":"warning: missing documentation for a struct field\n  --> gameplay_sim/src/world/unified_world.rs:45:5\n   |\n45 |     pub last_update: f32,\n   |     ^^^^^^^^^^^^^^^^^^^^\n\n","$message_type":"diagnostic","children":[],"code":{"code":"missing_docs","explanation":null},"level":"warning","message":"missing documentation for a struct field","spans":[{"byte_end":1724,"byte_start":1704,"column_end":25,"column_start":5,"expansion":null,"file_name":"gameplay_sim/src/world/unified_world.rs","is_primary":true,"label":null,"line_end":45,"line_start":45,"suggested_replacement":null,"suggestion_applicability":null,"text":[{"highlight_end":25,"highlight_start":5,"text":"    pub last_update: f32,"}]}]}}
{"reason":"compiler-message","package_id":"path+file:///Users/bradyjeong/Documents/Projects/Amp/gta4/gta_game/gameplay_sim#0.1.0","manifest_path":"/Users/bradyjeong/Documents/Projects/Amp/gta4/gta_game/gameplay_sim/Cargo.toml","target":{"kind":["lib"],"crate_types":["lib"],"name":"gameplay_sim","src_path":"/Users/bradyjeong/Documents/Projects/Amp/gta4/gta_game/gameplay_sim/src/lib.rs","edition":"2021","doc":true,"doctest":true,"test":true},"message":{"rendered":"warning: missing documentation for a struct field\n  --> gameplay_sim/src/world/unified_world.rs:48:5\n   |\n48 |     pub roads_generated: bool,\n   |     ^^^^^^^^^^^^^^^^^^^^^^^^^\n\n","$message_type":"diagnostic","children":[],"code":{"code":"missing_docs","explanation":null},"level":"warning","message":"missing documentation for a struct field","spans":[{"byte_end":1790,"byte_start":1765,"column_end":30,"column_start":5,"expansion":null,"file_name":"gameplay_sim/src/world/unified_world.rs","is_primary":true,"label":null,"line_end":48,"line_start":48,"suggested_replacement":null,"suggestion_applicability":null,"text":[{"highlight_end":30,"highlight_start":5,"text":"    pub roads_generated: bool,"}]}]}}
{"reason":"compiler-message","package_id":"path+file:///Users/bradyjeong/Documents/Projects/Amp/gta4/gta_game/gameplay_sim#0.1.0","manifest_path":"/Users/bradyjeong/Documents/Projects/Amp/gta4/gta_game/gameplay_sim/Cargo.toml","target":{"kind":["lib"],"crate_types":["lib"],"name":"gameplay_sim","src_path":"/Users/bradyjeong/Documents/Projects/Amp/gta4/gta_game/gameplay_sim/src/lib.rs","edition":"2021","doc":true,"doctest":true,"test":true},"message":{"rendered":"warning: missing documentation for a struct field\n  --> gameplay_sim/src/world/unified_world.rs:49:5\n   |\n49 |     pub buildings_generated: bool,\n   |     ^^^^^^^^^^^^^^^^^^^^^^^^^^^^^\n\n","$message_type":"diagnostic","children":[],"code":{"code":"missing_docs","explanation":null},"level":"warning","message":"missing documentation for a struct field","spans":[{"byte_end":1825,"byte_start":1796,"column_end":34,"column_start":5,"expansion":null,"file_name":"gameplay_sim/src/world/unified_world.rs","is_primary":true,"label":null,"line_end":49,"line_start":49,"suggested_replacement":null,"suggestion_applicability":null,"text":[{"highlight_end":34,"highlight_start":5,"text":"    pub buildings_generated: bool,"}]}]}}
{"reason":"compiler-message","package_id":"path+file:///Users/bradyjeong/Documents/Projects/Amp/gta4/gta_game/gameplay_sim#0.1.0","manifest_path":"/Users/bradyjeong/Documents/Projects/Amp/gta4/gta_game/gameplay_sim/Cargo.toml","target":{"kind":["lib"],"crate_types":["lib"],"name":"gameplay_sim","src_path":"/Users/bradyjeong/Documents/Projects/Amp/gta4/gta_game/gameplay_sim/src/lib.rs","edition":"2021","doc":true,"doctest":true,"test":true},"message":{"rendered":"warning: missing documentation for a struct field\n  --> gameplay_sim/src/world/unified_world.rs:50:5\n   |\n50 |     pub vehicles_generated: bool,\n   |     ^^^^^^^^^^^^^^^^^^^^^^^^^^^^\n\n","$message_type":"diagnostic","children":[],"code":{"code":"missing_docs","explanation":null},"level":"warning","message":"missing documentation for a struct field","spans":[{"byte_end":1859,"byte_start":1831,"column_end":33,"column_start":5,"expansion":null,"file_name":"gameplay_sim/src/world/unified_world.rs","is_primary":true,"label":null,"line_end":50,"line_start":50,"suggested_replacement":null,"suggestion_applicability":null,"text":[{"highlight_end":33,"highlight_start":5,"text":"    pub vehicles_generated: bool,"}]}]}}
{"reason":"compiler-message","package_id":"path+file:///Users/bradyjeong/Documents/Projects/Amp/gta4/gta_game/gameplay_sim#0.1.0","manifest_path":"/Users/bradyjeong/Documents/Projects/Amp/gta4/gta_game/gameplay_sim/Cargo.toml","target":{"kind":["lib"],"crate_types":["lib"],"name":"gameplay_sim","src_path":"/Users/bradyjeong/Documents/Projects/Amp/gta4/gta_game/gameplay_sim/src/lib.rs","edition":"2021","doc":true,"doctest":true,"test":true},"message":{"rendered":"warning: missing documentation for a struct field\n  --> gameplay_sim/src/world/unified_world.rs:51:5\n   |\n51 |     pub vegetation_generated: bool,\n   |     ^^^^^^^^^^^^^^^^^^^^^^^^^^^^^^\n\n","$message_type":"diagnostic","children":[],"code":{"code":"missing_docs","explanation":null},"level":"warning","message":"missing documentation for a struct field","spans":[{"byte_end":1895,"byte_start":1865,"column_end":35,"column_start":5,"expansion":null,"file_name":"gameplay_sim/src/world/unified_world.rs","is_primary":true,"label":null,"line_end":51,"line_start":51,"suggested_replacement":null,"suggestion_applicability":null,"text":[{"highlight_end":35,"highlight_start":5,"text":"    pub vegetation_generated: bool,"}]}]}}
{"reason":"compiler-message","package_id":"path+file:///Users/bradyjeong/Documents/Projects/Amp/gta4/gta_game/gameplay_sim#0.1.0","manifest_path":"/Users/bradyjeong/Documents/Projects/Amp/gta4/gta_game/gameplay_sim/Cargo.toml","target":{"kind":["lib"],"crate_types":["lib"],"name":"gameplay_sim","src_path":"/Users/bradyjeong/Documents/Projects/Amp/gta4/gta_game/gameplay_sim/src/lib.rs","edition":"2021","doc":true,"doctest":true,"test":true},"message":{"rendered":"warning: missing documentation for an associated function\n  --> gameplay_sim/src/world/unified_world.rs:55:5\n   |\n55 |     pub fn new(coord: ChunkCoord) -> Self {\n   |     ^^^^^^^^^^^^^^^^^^^^^^^^^^^^^^^^^^^^^\n\n","$message_type":"diagnostic","children":[],"code":{"code":"missing_docs","explanation":null},"level":"warning","message":"missing documentation for an associated function","spans":[{"byte_end":1958,"byte_start":1921,"column_end":42,"column_start":5,"expansion":null,"file_name":"gameplay_sim/src/world/unified_world.rs","is_primary":true,"label":null,"line_end":55,"line_start":55,"suggested_replacement":null,"suggestion_applicability":null,"text":[{"highlight_end":42,"highlight_start":5,"text":"    pub fn new(coord: ChunkCoord) -> Self {"}]}]}}
{"reason":"compiler-message","package_id":"path+file:///Users/bradyjeong/Documents/Projects/Amp/gta4/gta_game/gameplay_sim#0.1.0","manifest_path":"/Users/bradyjeong/Documents/Projects/Amp/gta4/gta_game/gameplay_sim/Cargo.toml","target":{"kind":["lib"],"crate_types":["lib"],"name":"gameplay_sim","src_path":"/Users/bradyjeong/Documents/Projects/Amp/gta4/gta_game/gameplay_sim/src/lib.rs","edition":"2021","doc":true,"doctest":true,"test":true},"message":{"rendered":"warning: missing documentation for an associated function\n  --> gameplay_sim/src/world/unified_world.rs:81:5\n   |\n81 |     pub fn new() -> Self {\n   |     ^^^^^^^^^^^^^^^^^^^^\n\n","$message_type":"diagnostic","children":[],"code":{"code":"missing_docs","explanation":null},"level":"warning","message":"missing documentation for an associated function","spans":[{"byte_end":2780,"byte_start":2760,"column_end":25,"column_start":5,"expansion":null,"file_name":"gameplay_sim/src/world/unified_world.rs","is_primary":true,"label":null,"line_end":81,"line_start":81,"suggested_replacement":null,"suggestion_applicability":null,"text":[{"highlight_end":25,"highlight_start":5,"text":"    pub fn new() -> Self {"}]}]}}
{"reason":"compiler-message","package_id":"path+file:///Users/bradyjeong/Documents/Projects/Amp/gta4/gta_game/gameplay_sim#0.1.0","manifest_path":"/Users/bradyjeong/Documents/Projects/Amp/gta4/gta_game/gameplay_sim/Cargo.toml","target":{"kind":["lib"],"crate_types":["lib"],"name":"gameplay_sim","src_path":"/Users/bradyjeong/Documents/Projects/Amp/gta4/gta_game/gameplay_sim/src/lib.rs","edition":"2021","doc":true,"doctest":true,"test":true},"message":{"rendered":"warning: missing documentation for a method\n  --> gameplay_sim/src/world/unified_world.rs:88:5\n   |\n88 |     pub fn clear(&mut self) {\n   |     ^^^^^^^^^^^^^^^^^^^^^^^\n\n","$message_type":"diagnostic","children":[],"code":{"code":"missing_docs","explanation":null},"level":"warning","message":"missing documentation for a method","spans":[{"byte_end":2930,"byte_start":2907,"column_end":28,"column_start":5,"expansion":null,"file_name":"gameplay_sim/src/world/unified_world.rs","is_primary":true,"label":null,"line_end":88,"line_start":88,"suggested_replacement":null,"suggestion_applicability":null,"text":[{"highlight_end":28,"highlight_start":5,"text":"    pub fn clear(&mut self) {"}]}]}}
{"reason":"compiler-message","package_id":"path+file:///Users/bradyjeong/Documents/Projects/Amp/gta4/gta_game/gameplay_sim#0.1.0","manifest_path":"/Users/bradyjeong/Documents/Projects/Amp/gta4/gta_game/gameplay_sim/Cargo.toml","target":{"kind":["lib"],"crate_types":["lib"],"name":"gameplay_sim","src_path":"/Users/bradyjeong/Documents/Projects/Amp/gta4/gta_game/gameplay_sim/src/lib.rs","edition":"2021","doc":true,"doctest":true,"test":true},"message":{"rendered":"warning: missing documentation for a method\n  --> gameplay_sim/src/world/unified_world.rs:92:5\n   |\n92 |     pub fn add_entity(&mut self, position: Vec3, content_type: ContentType, radius: f32) {\n   |     ^^^^^^^^^^^^^^^^^^^^^^^^^^^^^^^^^^^^^^^^^^^^^^^^^^^^^^^^^^^^^^^^^^^^^^^^^^^^^^^^^^^^\n\n","$message_type":"diagnostic","children":[],"code":{"code":"missing_docs","explanation":null},"level":"warning","message":"missing documentation for a method","spans":[{"byte_end":3059,"byte_start":2975,"column_end":89,"column_start":5,"expansion":null,"file_name":"gameplay_sim/src/world/unified_world.rs","is_primary":true,"label":null,"line_end":92,"line_start":92,"suggested_replacement":null,"suggestion_applicability":null,"text":[{"highlight_end":89,"highlight_start":5,"text":"    pub fn add_entity(&mut self, position: Vec3, content_type: ContentType, radius: f32) {"}]}]}}
{"reason":"compiler-message","package_id":"path+file:///Users/bradyjeong/Documents/Projects/Amp/gta4/gta_game/gameplay_sim#0.1.0","manifest_path":"/Users/bradyjeong/Documents/Projects/Amp/gta4/gta_game/gameplay_sim/Cargo.toml","target":{"kind":["lib"],"crate_types":["lib"],"name":"gameplay_sim","src_path":"/Users/bradyjeong/Documents/Projects/Amp/gta4/gta_game/gameplay_sim/src/lib.rs","edition":"2021","doc":true,"doctest":true,"test":true},"message":{"rendered":"warning: missing documentation for a module\n --> gameplay_sim/src/distance/mod.rs:1:1\n  |\n1 | pub mod unified_distance_calculator;\n  | ^^^^^^^^^^^^^^^^^^^^^^^^^^^^^^^^^^^\n\n","$message_type":"diagnostic","children":[],"code":{"code":"missing_docs","explanation":null},"level":"warning","message":"missing documentation for a module","spans":[{"byte_end":35,"byte_start":0,"column_end":36,"column_start":1,"expansion":null,"file_name":"gameplay_sim/src/distance/mod.rs","is_primary":true,"label":null,"line_end":1,"line_start":1,"suggested_replacement":null,"suggestion_applicability":null,"text":[{"highlight_end":36,"highlight_start":1,"text":"pub mod unified_distance_calculator;"}]}]}}
{"reason":"compiler-message","package_id":"path+file:///Users/bradyjeong/Documents/Projects/Amp/gta4/gta_game/gameplay_sim#0.1.0","manifest_path":"/Users/bradyjeong/Documents/Projects/Amp/gta4/gta_game/gameplay_sim/Cargo.toml","target":{"kind":["lib"],"crate_types":["lib"],"name":"gameplay_sim","src_path":"/Users/bradyjeong/Documents/Projects/Amp/gta4/gta_game/gameplay_sim/src/lib.rs","edition":"2021","doc":true,"doctest":true,"test":true},"message":{"rendered":"warning: missing documentation for a method\n  --> gameplay_sim/src/world/unified_world.rs:97:5\n   |\n97 |     pub fn remove_entity(&mut self, position: Vec3, content_type: ContentType) {\n   |     ^^^^^^^^^^^^^^^^^^^^^^^^^^^^^^^^^^^^^^^^^^^^^^^^^^^^^^^^^^^^^^^^^^^^^^^^^^\n\n","$message_type":"diagnostic","children":[],"code":{"code":"missing_docs","explanation":null},"level":"warning","message":"missing documentation for a method","spans":[{"byte_end":3283,"byte_start":3209,"column_end":79,"column_start":5,"expansion":null,"file_name":"gameplay_sim/src/world/unified_world.rs","is_primary":true,"label":null,"line_end":97,"line_start":97,"suggested_replacement":null,"suggestion_applicability":null,"text":[{"highlight_end":79,"highlight_start":5,"text":"    pub fn remove_entity(&mut self, position: Vec3, content_type: ContentType) {"}]}]}}
{"reason":"compiler-message","package_id":"path+file:///Users/bradyjeong/Documents/Projects/Amp/gta4/gta_game/gameplay_sim#0.1.0","manifest_path":"/Users/bradyjeong/Documents/Projects/Amp/gta4/gta_game/gameplay_sim/Cargo.toml","target":{"kind":["lib"],"crate_types":["lib"],"name":"gameplay_sim","src_path":"/Users/bradyjeong/Documents/Projects/Amp/gta4/gta_game/gameplay_sim/src/lib.rs","edition":"2021","doc":true,"doctest":true,"test":true},"message":{"rendered":"warning: missing documentation for a method\n   --> gameplay_sim/src/world/unified_world.rs:106:5\n    |\n106 |     pub fn can_place(&self, position: Vec3, _content_type: ContentType, radius: f32, min_distance: f32) -> bool {\n    |     ^^^^^^^^^^^^^^^^^^^^^^^^^^^^^^^^^^^^^^^^^^^^^^^^^^^^^^^^^^^^^^^^^^^^^^^^^^^^^^^^^^^^^^^^^^^^^^^^^^^^^^^^^^^\n\n","$message_type":"diagnostic","children":[],"code":{"code":"missing_docs","explanation":null},"level":"warning","message":"missing documentation for a method","spans":[{"byte_end":3668,"byte_start":3561,"column_end":112,"column_start":5,"expansion":null,"file_name":"gameplay_sim/src/world/unified_world.rs","is_primary":true,"label":null,"line_end":106,"line_start":106,"suggested_replacement":null,"suggestion_applicability":null,"text":[{"highlight_end":112,"highlight_start":5,"text":"    pub fn can_place(&self, position: Vec3, _content_type: ContentType, radius: f32, min_distance: f32) -> bool {"}]}]}}
{"reason":"compiler-message","package_id":"path+file:///Users/bradyjeong/Documents/Projects/Amp/gta4/gta_game/gameplay_sim#0.1.0","manifest_path":"/Users/bradyjeong/Documents/Projects/Amp/gta4/gta_game/gameplay_sim/Cargo.toml","target":{"kind":["lib"],"crate_types":["lib"],"name":"gameplay_sim","src_path":"/Users/bradyjeong/Documents/Projects/Amp/gta4/gta_game/gameplay_sim/src/lib.rs","edition":"2021","doc":true,"doctest":true,"test":true},"message":{"rendered":"warning: missing documentation for a struct field\n  --> gameplay_sim/src/distance/unified_distance_calculator.rs:32:5\n   |\n32 |     pub distance: f32,\n   |     ^^^^^^^^^^^^^^^^^\n\n","$message_type":"diagnostic","children":[],"code":{"code":"missing_docs","explanation":null},"level":"warning","message":"missing documentation for a struct field","spans":[{"byte_end":947,"byte_start":930,"column_end":22,"column_start":5,"expansion":null,"file_name":"gameplay_sim/src/distance/unified_distance_calculator.rs","is_primary":true,"label":null,"line_end":32,"line_start":32,"suggested_replacement":null,"suggestion_applicability":null,"text":[{"highlight_end":22,"highlight_start":5,"text":"    pub distance: f32,"}]}]}}
{"reason":"compiler-message","package_id":"path+file:///Users/bradyjeong/Documents/Projects/Amp/gta4/gta_game/gameplay_sim#0.1.0","manifest_path":"/Users/bradyjeong/Documents/Projects/Amp/gta4/gta_game/gameplay_sim/Cargo.toml","target":{"kind":["lib"],"crate_types":["lib"],"name":"gameplay_sim","src_path":"/Users/bradyjeong/Documents/Projects/Amp/gta4/gta_game/gameplay_sim/src/lib.rs","edition":"2021","doc":true,"doctest":true,"test":true},"message":{"rendered":"warning: missing documentation for a method\n   --> gameplay_sim/src/world/unified_world.rs:129:5\n    |\n129 |     pub fn get_nearby_entities(&self, position: Vec3, radius: f32) -> Vec<(Vec3, ContentType, f32)> {\n    |     ^^^^^^^^^^^^^^^^^^^^^^^^^^^^^^^^^^^^^^^^^^^^^^^^^^^^^^^^^^^^^^^^^^^^^^^^^^^^^^^^^^^^^^^^^^^^^^^\n\n","$message_type":"diagnostic","children":[],"code":{"code":"missing_docs","explanation":null},"level":"warning","message":"missing documentation for a method","spans":[{"byte_end":4565,"byte_start":4470,"column_end":100,"column_start":5,"expansion":null,"file_name":"gameplay_sim/src/world/unified_world.rs","is_primary":true,"label":null,"line_end":129,"line_start":129,"suggested_replacement":null,"suggestion_applicability":null,"text":[{"highlight_end":100,"highlight_start":5,"text":"    pub fn get_nearby_entities(&self, position: Vec3, radius: f32) -> Vec<(Vec3, ContentType, f32)> {"}]}]}}
{"reason":"compiler-message","package_id":"path+file:///Users/bradyjeong/Documents/Projects/Amp/gta4/gta_game/gameplay_sim#0.1.0","manifest_path":"/Users/bradyjeong/Documents/Projects/Amp/gta4/gta_game/gameplay_sim/Cargo.toml","target":{"kind":["lib"],"crate_types":["lib"],"name":"gameplay_sim","src_path":"/Users/bradyjeong/Documents/Projects/Amp/gta4/gta_game/gameplay_sim/src/lib.rs","edition":"2021","doc":true,"doctest":true,"test":true},"message":{"rendered":"warning: missing documentation for a struct field\n  --> gameplay_sim/src/distance/unified_distance_calculator.rs:33:5\n   |\n33 |     pub distance_squared: f32,\n   |     ^^^^^^^^^^^^^^^^^^^^^^^^^\n\n","$message_type":"diagnostic","children":[],"code":{"code":"missing_docs","explanation":null},"level":"warning","message":"missing documentation for a struct field","spans":[{"byte_end":978,"byte_start":953,"column_end":30,"column_start":5,"expansion":null,"file_name":"gameplay_sim/src/distance/unified_distance_calculator.rs","is_primary":true,"label":null,"line_end":33,"line_start":33,"suggested_replacement":null,"suggestion_applicability":null,"text":[{"highlight_end":30,"highlight_start":5,"text":"    pub distance_squared: f32,"}]}]}}
{"reason":"compiler-message","package_id":"path+file:///Users/bradyjeong/Documents/Projects/Amp/gta4/gta_game/gameplay_sim#0.1.0","manifest_path":"/Users/bradyjeong/Documents/Projects/Amp/gta4/gta_game/gameplay_sim/Cargo.toml","target":{"kind":["lib"],"crate_types":["lib"],"name":"gameplay_sim","src_path":"/Users/bradyjeong/Documents/Projects/Amp/gta4/gta_game/gameplay_sim/src/lib.rs","edition":"2021","doc":true,"doctest":true,"test":true},"message":{"rendered":"warning: missing documentation for a struct field\n   --> gameplay_sim/src/world/unified_world.rs:161:5\n    |\n161 |     pub chunks: HashMap<ChunkCoord, ChunkData>,\n    |     ^^^^^^^^^^^^^^^^^^^^^^^^^^^^^^^^^^^^^^^^^^\n\n","$message_type":"diagnostic","children":[],"code":{"code":"missing_docs","explanation":null},"level":"warning","message":"missing documentation for a struct field","spans":[{"byte_end":5675,"byte_start":5633,"column_end":47,"column_start":5,"expansion":null,"file_name":"gameplay_sim/src/world/unified_world.rs","is_primary":true,"label":null,"line_end":161,"line_start":161,"suggested_replacement":null,"suggestion_applicability":null,"text":[{"highlight_end":47,"highlight_start":5,"text":"    pub chunks: HashMap<ChunkCoord, ChunkData>,"}]}]}}
{"reason":"compiler-message","package_id":"path+file:///Users/bradyjeong/Documents/Projects/Amp/gta4/gta_game/gameplay_sim#0.1.0","manifest_path":"/Users/bradyjeong/Documents/Projects/Amp/gta4/gta_game/gameplay_sim/Cargo.toml","target":{"kind":["lib"],"crate_types":["lib"],"name":"gameplay_sim","src_path":"/Users/bradyjeong/Documents/Projects/Amp/gta4/gta_game/gameplay_sim/src/lib.rs","edition":"2021","doc":true,"doctest":true,"test":true},"message":{"rendered":"warning: missing documentation for a struct field\n   --> gameplay_sim/src/distance/unified_distance_calculator.rs:160:5\n    |\n160 |     pub batch_count: u32,\n    |     ^^^^^^^^^^^^^^^^^^^^\n\n","$message_type":"diagnostic","children":[],"code":{"code":"missing_docs","explanation":null},"level":"warning","message":"missing documentation for a struct field","spans":[{"byte_end":5166,"byte_start":5146,"column_end":25,"column_start":5,"expansion":null,"file_name":"gameplay_sim/src/distance/unified_distance_calculator.rs","is_primary":true,"label":null,"line_end":160,"line_start":160,"suggested_replacement":null,"suggestion_applicability":null,"text":[{"highlight_end":25,"highlight_start":5,"text":"    pub batch_count: u32,"}]}]}}
{"reason":"compiler-message","package_id":"path+file:///Users/bradyjeong/Documents/Projects/Amp/gta4/gta_game/gameplay_sim#0.1.0","manifest_path":"/Users/bradyjeong/Documents/Projects/Amp/gta4/gta_game/gameplay_sim/Cargo.toml","target":{"kind":["lib"],"crate_types":["lib"],"name":"gameplay_sim","src_path":"/Users/bradyjeong/Documents/Projects/Amp/gta4/gta_game/gameplay_sim/src/lib.rs","edition":"2021","doc":true,"doctest":true,"test":true},"message":{"rendered":"warning: missing documentation for a struct field\n   --> gameplay_sim/src/world/unified_world.rs:162:5\n    |\n162 |     pub placement_grid: PlacementGrid,\n    |     ^^^^^^^^^^^^^^^^^^^^^^^^^^^^^^^^^\n\n","$message_type":"diagnostic","children":[],"code":{"code":"missing_docs","explanation":null},"level":"warning","message":"missing documentation for a struct field","spans":[{"byte_end":5714,"byte_start":5681,"column_end":38,"column_start":5,"expansion":null,"file_name":"gameplay_sim/src/world/unified_world.rs","is_primary":true,"label":null,"line_end":162,"line_start":162,"suggested_replacement":null,"suggestion_applicability":null,"text":[{"highlight_end":38,"highlight_start":5,"text":"    pub placement_grid: PlacementGrid,"}]}]}}
{"reason":"compiler-message","package_id":"path+file:///Users/bradyjeong/Documents/Projects/Amp/gta4/gta_game/gameplay_sim#0.1.0","manifest_path":"/Users/bradyjeong/Documents/Projects/Amp/gta4/gta_game/gameplay_sim/Cargo.toml","target":{"kind":["lib"],"crate_types":["lib"],"name":"gameplay_sim","src_path":"/Users/bradyjeong/Documents/Projects/Amp/gta4/gta_game/gameplay_sim/src/lib.rs","edition":"2021","doc":true,"doctest":true,"test":true},"message":{"rendered":"warning: missing documentation for a struct field\n   --> gameplay_sim/src/distance/unified_distance_calculator.rs:161:5\n    |\n161 |     pub individual_count: u32,\n    |     ^^^^^^^^^^^^^^^^^^^^^^^^^\n\n","$message_type":"diagnostic","children":[],"code":{"code":"missing_docs","explanation":null},"level":"warning","message":"missing documentation for a struct field","spans":[{"byte_end":5197,"byte_start":5172,"column_end":30,"column_start":5,"expansion":null,"file_name":"gameplay_sim/src/distance/unified_distance_calculator.rs","is_primary":true,"label":null,"line_end":161,"line_start":161,"suggested_replacement":null,"suggestion_applicability":null,"text":[{"highlight_end":30,"highlight_start":5,"text":"    pub individual_count: u32,"}]}]}}
{"reason":"compiler-message","package_id":"path+file:///Users/bradyjeong/Documents/Projects/Amp/gta4/gta_game/gameplay_sim#0.1.0","manifest_path":"/Users/bradyjeong/Documents/Projects/Amp/gta4/gta_game/gameplay_sim/Cargo.toml","target":{"kind":["lib"],"crate_types":["lib"],"name":"gameplay_sim","src_path":"/Users/bradyjeong/Documents/Projects/Amp/gta4/gta_game/gameplay_sim/src/lib.rs","edition":"2021","doc":true,"doctest":true,"test":true},"message":{"rendered":"warning: missing documentation for a struct field\n   --> gameplay_sim/src/world/unified_world.rs:163:5\n    |\n163 |     pub road_network: RoadNetwork,\n    |     ^^^^^^^^^^^^^^^^^^^^^^^^^^^^^\n\n","$message_type":"diagnostic","children":[],"code":{"code":"missing_docs","explanation":null},"level":"warning","message":"missing documentation for a struct field","spans":[{"byte_end":5749,"byte_start":5720,"column_end":34,"column_start":5,"expansion":null,"file_name":"gameplay_sim/src/world/unified_world.rs","is_primary":true,"label":null,"line_end":163,"line_start":163,"suggested_replacement":null,"suggestion_applicability":null,"text":[{"highlight_end":34,"highlight_start":5,"text":"    pub road_network: RoadNetwork,"}]}]}}
{"reason":"compiler-message","package_id":"path+file:///Users/bradyjeong/Documents/Projects/Amp/gta4/gta_game/gameplay_sim#0.1.0","manifest_path":"/Users/bradyjeong/Documents/Projects/Amp/gta4/gta_game/gameplay_sim/Cargo.toml","target":{"kind":["lib"],"crate_types":["lib"],"name":"gameplay_sim","src_path":"/Users/bradyjeong/Documents/Projects/Amp/gta4/gta_game/gameplay_sim/src/lib.rs","edition":"2021","doc":true,"doctest":true,"test":true},"message":{"rendered":"warning: missing documentation for a struct field\n   --> gameplay_sim/src/distance/unified_distance_calculator.rs:162:5\n    |\n162 |     pub frame_cache_size: usize,\n    |     ^^^^^^^^^^^^^^^^^^^^^^^^^^^\n\n","$message_type":"diagnostic","children":[],"code":{"code":"missing_docs","explanation":null},"level":"warning","message":"missing documentation for a struct field","spans":[{"byte_end":5230,"byte_start":5203,"column_end":32,"column_start":5,"expansion":null,"file_name":"gameplay_sim/src/distance/unified_distance_calculator.rs","is_primary":true,"label":null,"line_end":162,"line_start":162,"suggested_replacement":null,"suggestion_applicability":null,"text":[{"highlight_end":32,"highlight_start":5,"text":"    pub frame_cache_size: usize,"}]}]}}
{"reason":"compiler-message","package_id":"path+file:///Users/bradyjeong/Documents/Projects/Amp/gta4/gta_game/gameplay_sim#0.1.0","manifest_path":"/Users/bradyjeong/Documents/Projects/Amp/gta4/gta_game/gameplay_sim/Cargo.toml","target":{"kind":["lib"],"crate_types":["lib"],"name":"gameplay_sim","src_path":"/Users/bradyjeong/Documents/Projects/Amp/gta4/gta_game/gameplay_sim/src/lib.rs","edition":"2021","doc":true,"doctest":true,"test":true},"message":{"rendered":"warning: missing documentation for a struct field\n   --> gameplay_sim/src/world/unified_world.rs:166:5\n    |\n166 |     pub active_chunk: Option<ChunkCoord>,\n    |     ^^^^^^^^^^^^^^^^^^^^^^^^^^^^^^^^^^^^\n\n","$message_type":"diagnostic","children":[],"code":{"code":"missing_docs","explanation":null},"level":"warning","message":"missing documentation for a struct field","spans":[{"byte_end":5819,"byte_start":5783,"column_end":41,"column_start":5,"expansion":null,"file_name":"gameplay_sim/src/world/unified_world.rs","is_primary":true,"label":null,"line_end":166,"line_start":166,"suggested_replacement":null,"suggestion_applicability":null,"text":[{"highlight_end":41,"highlight_start":5,"text":"    pub active_chunk: Option<ChunkCoord>,"}]}]}}
{"reason":"compiler-message","package_id":"path+file:///Users/bradyjeong/Documents/Projects/Amp/gta4/gta_game/gameplay_sim#0.1.0","manifest_path":"/Users/bradyjeong/Documents/Projects/Amp/gta4/gta_game/gameplay_sim/Cargo.toml","target":{"kind":["lib"],"crate_types":["lib"],"name":"gameplay_sim","src_path":"/Users/bradyjeong/Documents/Projects/Amp/gta4/gta_game/gameplay_sim/src/lib.rs","edition":"2021","doc":true,"doctest":true,"test":true},"message":{"rendered":"warning: missing documentation for a struct field\n   --> gameplay_sim/src/world/unified_world.rs:167:5\n    |\n167 |     pub streaming_radius_chunks: i32,\n    |     ^^^^^^^^^^^^^^^^^^^^^^^^^^^^^^^^\n\n","$message_type":"diagnostic","children":[],"code":{"code":"missing_docs","explanation":null},"level":"warning","message":"missing documentation for a struct field","spans":[{"byte_end":5857,"byte_start":5825,"column_end":37,"column_start":5,"expansion":null,"file_name":"gameplay_sim/src/world/unified_world.rs","is_primary":true,"label":null,"line_end":167,"line_start":167,"suggested_replacement":null,"suggestion_applicability":null,"text":[{"highlight_end":37,"highlight_start":5,"text":"    pub streaming_radius_chunks: i32,"}]}]}}
{"reason":"compiler-message","package_id":"path+file:///Users/bradyjeong/Documents/Projects/Amp/gta4/gta_game/gameplay_sim#0.1.0","manifest_path":"/Users/bradyjeong/Documents/Projects/Amp/gta4/gta_game/gameplay_sim/Cargo.toml","target":{"kind":["lib"],"crate_types":["lib"],"name":"gameplay_sim","src_path":"/Users/bradyjeong/Documents/Projects/Amp/gta4/gta_game/gameplay_sim/src/lib.rs","edition":"2021","doc":true,"doctest":true,"test":true},"message":{"rendered":"warning: missing documentation for a struct field\n   --> gameplay_sim/src/distance/unified_distance_calculator.rs:163:5\n    |\n163 |     pub pending_requests: usize,\n    |     ^^^^^^^^^^^^^^^^^^^^^^^^^^^\n\n","$message_type":"diagnostic","children":[],"code":{"code":"missing_docs","explanation":null},"level":"warning","message":"missing documentation for a struct field","spans":[{"byte_end":5263,"byte_start":5236,"column_end":32,"column_start":5,"expansion":null,"file_name":"gameplay_sim/src/distance/unified_distance_calculator.rs","is_primary":true,"label":null,"line_end":163,"line_start":163,"suggested_replacement":null,"suggestion_applicability":null,"text":[{"highlight_end":32,"highlight_start":5,"text":"    pub pending_requests: usize,"}]}]}}
{"reason":"compiler-message","package_id":"path+file:///Users/bradyjeong/Documents/Projects/Amp/gta4/gta_game/gameplay_sim#0.1.0","manifest_path":"/Users/bradyjeong/Documents/Projects/Amp/gta4/gta_game/gameplay_sim/Cargo.toml","target":{"kind":["lib"],"crate_types":["lib"],"name":"gameplay_sim","src_path":"/Users/bradyjeong/Documents/Projects/Amp/gta4/gta_game/gameplay_sim/src/lib.rs","edition":"2021","doc":true,"doctest":true,"test":true},"message":{"rendered":"warning: missing documentation for a struct field\n   --> gameplay_sim/src/world/unified_world.rs:168:5\n    |\n168 |     pub last_update: f32,\n    |     ^^^^^^^^^^^^^^^^^^^^\n\n","$message_type":"diagnostic","children":[],"code":{"code":"missing_docs","explanation":null},"level":"warning","message":"missing documentation for a struct field","spans":[{"byte_end":5883,"byte_start":5863,"column_end":25,"column_start":5,"expansion":null,"file_name":"gameplay_sim/src/world/unified_world.rs","is_primary":true,"label":null,"line_end":168,"line_start":168,"suggested_replacement":null,"suggestion_applicability":null,"text":[{"highlight_end":25,"highlight_start":5,"text":"    pub last_update: f32,"}]}]}}
{"reason":"compiler-message","package_id":"path+file:///Users/bradyjeong/Documents/Projects/Amp/gta4/gta_game/gameplay_sim#0.1.0","manifest_path":"/Users/bradyjeong/Documents/Projects/Amp/gta4/gta_game/gameplay_sim/Cargo.toml","target":{"kind":["lib"],"crate_types":["lib"],"name":"gameplay_sim","src_path":"/Users/bradyjeong/Documents/Projects/Amp/gta4/gta_game/gameplay_sim/src/lib.rs","edition":"2021","doc":true,"doctest":true,"test":true},"message":{"rendered":"warning: missing documentation for a struct field\n   --> gameplay_sim/src/world/unified_world.rs:171:5\n    |\n171 |     pub chunks_loaded_this_frame: usize,\n    |     ^^^^^^^^^^^^^^^^^^^^^^^^^^^^^^^^^^^\n\n","$message_type":"diagnostic","children":[],"code":{"code":"missing_docs","explanation":null},"level":"warning","message":"missing documentation for a struct field","spans":[{"byte_end":5957,"byte_start":5922,"column_end":40,"column_start":5,"expansion":null,"file_name":"gameplay_sim/src/world/unified_world.rs","is_primary":true,"label":null,"line_end":171,"line_start":171,"suggested_replacement":null,"suggestion_applicability":null,"text":[{"highlight_end":40,"highlight_start":5,"text":"    pub chunks_loaded_this_frame: usize,"}]}]}}
{"reason":"compiler-message","package_id":"path+file:///Users/bradyjeong/Documents/Projects/Amp/gta4/gta_game/gameplay_sim#0.1.0","manifest_path":"/Users/bradyjeong/Documents/Projects/Amp/gta4/gta_game/gameplay_sim/Cargo.toml","target":{"kind":["lib"],"crate_types":["lib"],"name":"gameplay_sim","src_path":"/Users/bradyjeong/Documents/Projects/Amp/gta4/gta_game/gameplay_sim/src/lib.rs","edition":"2021","doc":true,"doctest":true,"test":true},"message":{"rendered":"warning: missing documentation for a struct field\n   --> gameplay_sim/src/world/unified_world.rs:172:5\n    |\n172 |     pub chunks_unloaded_this_frame: usize,\n    |     ^^^^^^^^^^^^^^^^^^^^^^^^^^^^^^^^^^^^^\n\n","$message_type":"diagnostic","children":[],"code":{"code":"missing_docs","explanation":null},"level":"warning","message":"missing documentation for a struct field","spans":[{"byte_end":6000,"byte_start":5963,"column_end":42,"column_start":5,"expansion":null,"file_name":"gameplay_sim/src/world/unified_world.rs","is_primary":true,"label":null,"line_end":172,"line_start":172,"suggested_replacement":null,"suggestion_applicability":null,"text":[{"highlight_end":42,"highlight_start":5,"text":"    pub chunks_unloaded_this_frame: usize,"}]}]}}
{"reason":"compiler-message","package_id":"path+file:///Users/bradyjeong/Documents/Projects/Amp/gta4/gta_game/gameplay_sim#0.1.0","manifest_path":"/Users/bradyjeong/Documents/Projects/Amp/gta4/gta_game/gameplay_sim/Cargo.toml","target":{"kind":["lib"],"crate_types":["lib"],"name":"gameplay_sim","src_path":"/Users/bradyjeong/Documents/Projects/Amp/gta4/gta_game/gameplay_sim/src/lib.rs","edition":"2021","doc":true,"doctest":true,"test":true},"message":{"rendered":"warning: missing documentation for a struct field\n   --> gameplay_sim/src/world/unified_world.rs:173:5\n    |\n173 |     pub max_chunks_per_frame: usize,\n    |     ^^^^^^^^^^^^^^^^^^^^^^^^^^^^^^^\n\n","$message_type":"diagnostic","children":[],"code":{"code":"missing_docs","explanation":null},"level":"warning","message":"missing documentation for a struct field","spans":[{"byte_end":6037,"byte_start":6006,"column_end":36,"column_start":5,"expansion":null,"file_name":"gameplay_sim/src/world/unified_world.rs","is_primary":true,"label":null,"line_end":173,"line_start":173,"suggested_replacement":null,"suggestion_applicability":null,"text":[{"highlight_end":36,"highlight_start":5,"text":"    pub max_chunks_per_frame: usize,"}]}]}}
{"reason":"compiler-message","package_id":"path+file:///Users/bradyjeong/Documents/Projects/Amp/gta4/gta_game/gameplay_sim#0.1.0","manifest_path":"/Users/bradyjeong/Documents/Projects/Amp/gta4/gta_game/gameplay_sim/Cargo.toml","target":{"kind":["lib"],"crate_types":["lib"],"name":"gameplay_sim","src_path":"/Users/bradyjeong/Documents/Projects/Amp/gta4/gta_game/gameplay_sim/src/lib.rs","edition":"2021","doc":true,"doctest":true,"test":true},"message":{"rendered":"warning: missing documentation for a method\n   --> gameplay_sim/src/world/unified_world.rs:193:5\n    |\n193 |     pub fn get_chunk(&self, coord: ChunkCoord) -> Option<&ChunkData> {\n    |     ^^^^^^^^^^^^^^^^^^^^^^^^^^^^^^^^^^^^^^^^^^^^^^^^^^^^^^^^^^^^^^^^\n\n","$message_type":"diagnostic","children":[],"code":{"code":"missing_docs","explanation":null},"level":"warning","message":"missing documentation for a method","spans":[{"byte_end":6679,"byte_start":6615,"column_end":69,"column_start":5,"expansion":null,"file_name":"gameplay_sim/src/world/unified_world.rs","is_primary":true,"label":null,"line_end":193,"line_start":193,"suggested_replacement":null,"suggestion_applicability":null,"text":[{"highlight_end":69,"highlight_start":5,"text":"    pub fn get_chunk(&self, coord: ChunkCoord) -> Option<&ChunkData> {"}]}]}}
{"reason":"compiler-message","package_id":"path+file:///Users/bradyjeong/Documents/Projects/Amp/gta4/gta_game/gameplay_sim#0.1.0","manifest_path":"/Users/bradyjeong/Documents/Projects/Amp/gta4/gta_game/gameplay_sim/Cargo.toml","target":{"kind":["lib"],"crate_types":["lib"],"name":"gameplay_sim","src_path":"/Users/bradyjeong/Documents/Projects/Amp/gta4/gta_game/gameplay_sim/src/lib.rs","edition":"2021","doc":true,"doctest":true,"test":true},"message":{"rendered":"warning: missing documentation for a method\n   --> gameplay_sim/src/world/unified_world.rs:197:5\n    |\n197 |     pub fn get_chunk_mut(&mut self, coord: ChunkCoord) -> &mut ChunkData {\n    |     ^^^^^^^^^^^^^^^^^^^^^^^^^^^^^^^^^^^^^^^^^^^^^^^^^^^^^^^^^^^^^^^^^^^^\n\n","$message_type":"diagnostic","children":[],"code":{"code":"missing_docs","explanation":null},"level":"warning","message":"missing documentation for a method","spans":[{"byte_end":6797,"byte_start":6729,"column_end":73,"column_start":5,"expansion":null,"file_name":"gameplay_sim/src/world/unified_world.rs","is_primary":true,"label":null,"line_end":197,"line_start":197,"suggested_replacement":null,"suggestion_applicability":null,"text":[{"highlight_end":73,"highlight_start":5,"text":"    pub fn get_chunk_mut(&mut self, coord: ChunkCoord) -> &mut ChunkData {"}]}]}}
{"reason":"compiler-message","package_id":"path+file:///Users/bradyjeong/Documents/Projects/Amp/gta4/gta_game/gameplay_sim#0.1.0","manifest_path":"/Users/bradyjeong/Documents/Projects/Amp/gta4/gta_game/gameplay_sim/Cargo.toml","target":{"kind":["lib"],"crate_types":["lib"],"name":"gameplay_sim","src_path":"/Users/bradyjeong/Documents/Projects/Amp/gta4/gta_game/gameplay_sim/src/lib.rs","edition":"2021","doc":true,"doctest":true,"test":true},"message":{"rendered":"warning: missing documentation for a method\n   --> gameplay_sim/src/world/unified_world.rs:201:5\n    |\n201 |     pub fn is_chunk_loaded(&self, coord: ChunkCoord) -> bool {\n    |     ^^^^^^^^^^^^^^^^^^^^^^^^^^^^^^^^^^^^^^^^^^^^^^^^^^^^^^^^\n\n","$message_type":"diagnostic","children":[],"code":{"code":"missing_docs","explanation":null},"level":"warning","message":"missing documentation for a method","spans":[{"byte_end":6945,"byte_start":6889,"column_end":61,"column_start":5,"expansion":null,"file_name":"gameplay_sim/src/world/unified_world.rs","is_primary":true,"label":null,"line_end":201,"line_start":201,"suggested_replacement":null,"suggestion_applicability":null,"text":[{"highlight_end":61,"highlight_start":5,"text":"    pub fn is_chunk_loaded(&self, coord: ChunkCoord) -> bool {"}]}]}}
{"reason":"compiler-message","package_id":"path+file:///Users/bradyjeong/Documents/Projects/Amp/gta4/gta_game/gameplay_sim#0.1.0","manifest_path":"/Users/bradyjeong/Documents/Projects/Amp/gta4/gta_game/gameplay_sim/Cargo.toml","target":{"kind":["lib"],"crate_types":["lib"],"name":"gameplay_sim","src_path":"/Users/bradyjeong/Documents/Projects/Amp/gta4/gta_game/gameplay_sim/src/lib.rs","edition":"2021","doc":true,"doctest":true,"test":true},"message":{"rendered":"warning: missing documentation for a method\n   --> gameplay_sim/src/world/unified_world.rs:208:5\n    |\n208 |     pub fn calculate_lod_level(&self, distance: f32) -> usize {\n    |     ^^^^^^^^^^^^^^^^^^^^^^^^^^^^^^^^^^^^^^^^^^^^^^^^^^^^^^^^^\n\n","$message_type":"diagnostic","children":[],"code":{"code":"missing_docs","explanation":null},"level":"warning","message":"missing documentation for a method","spans":[{"byte_end":7154,"byte_start":7097,"column_end":62,"column_start":5,"expansion":null,"file_name":"gameplay_sim/src/world/unified_world.rs","is_primary":true,"label":null,"line_end":208,"line_start":208,"suggested_replacement":null,"suggestion_applicability":null,"text":[{"highlight_end":62,"highlight_start":5,"text":"    pub fn calculate_lod_level(&self, distance: f32) -> usize {"}]}]}}
{"reason":"compiler-message","package_id":"path+file:///Users/bradyjeong/Documents/Projects/Amp/gta4/gta_game/gameplay_sim#0.1.0","manifest_path":"/Users/bradyjeong/Documents/Projects/Amp/gta4/gta_game/gameplay_sim/Cargo.toml","target":{"kind":["lib"],"crate_types":["lib"],"name":"gameplay_sim","src_path":"/Users/bradyjeong/Documents/Projects/Amp/gta4/gta_game/gameplay_sim/src/lib.rs","edition":"2021","doc":true,"doctest":true,"test":true},"message":{"rendered":"warning: missing documentation for a method\n   --> gameplay_sim/src/world/unified_world.rs:217:5\n    |\n217 |     pub fn cleanup_distant_chunks(&mut self, active_pos: Vec3) -> Vec<ChunkCoord> {\n    |     ^^^^^^^^^^^^^^^^^^^^^^^^^^^^^^^^^^^^^^^^^^^^^^^^^^^^^^^^^^^^^^^^^^^^^^^^^^^^^\n\n","$message_type":"diagnostic","children":[],"code":{"code":"missing_docs","explanation":null},"level":"warning","message":"missing documentation for a method","spans":[{"byte_end":7442,"byte_start":7365,"column_end":82,"column_start":5,"expansion":null,"file_name":"gameplay_sim/src/world/unified_world.rs","is_primary":true,"label":null,"line_end":217,"line_start":217,"suggested_replacement":null,"suggestion_applicability":null,"text":[{"highlight_end":82,"highlight_start":5,"text":"    pub fn cleanup_distant_chunks(&mut self, active_pos: Vec3) -> Vec<ChunkCoord> {"}]}]}}
{"reason":"compiler-message","package_id":"path+file:///Users/bradyjeong/Documents/Projects/Amp/gta4/gta_game/gameplay_sim#0.1.0","manifest_path":"/Users/bradyjeong/Documents/Projects/Amp/gta4/gta_game/gameplay_sim/Cargo.toml","target":{"kind":["lib"],"crate_types":["lib"],"name":"gameplay_sim","src_path":"/Users/bradyjeong/Documents/Projects/Amp/gta4/gta_game/gameplay_sim/src/lib.rs","edition":"2021","doc":true,"doctest":true,"test":true},"message":{"rendered":"warning: missing documentation for a method\n   --> gameplay_sim/src/world/unified_world.rs:234:5\n    |\n234 |     pub fn get_chunks_to_load(&mut self, active_pos: Vec3) -> Vec<ChunkCoord> {\n    |     ^^^^^^^^^^^^^^^^^^^^^^^^^^^^^^^^^^^^^^^^^^^^^^^^^^^^^^^^^^^^^^^^^^^^^^^^^\n\n","$message_type":"diagnostic","children":[],"code":{"code":"missing_docs","explanation":null},"level":"warning","message":"missing documentation for a method","spans":[{"byte_end":8057,"byte_start":7984,"column_end":78,"column_start":5,"expansion":null,"file_name":"gameplay_sim/src/world/unified_world.rs","is_primary":true,"label":null,"line_end":234,"line_start":234,"suggested_replacement":null,"suggestion_applicability":null,"text":[{"highlight_end":78,"highlight_start":5,"text":"    pub fn get_chunks_to_load(&mut self, active_pos: Vec3) -> Vec<ChunkCoord> {"}]}]}}
{"reason":"compiler-message","package_id":"path+file:///Users/bradyjeong/Documents/Projects/Amp/gta4/gta_game/gameplay_sim#0.1.0","manifest_path":"/Users/bradyjeong/Documents/Projects/Amp/gta4/gta_game/gameplay_sim/Cargo.toml","target":{"kind":["lib"],"crate_types":["lib"],"name":"gameplay_sim","src_path":"/Users/bradyjeong/Documents/Projects/Amp/gta4/gta_game/gameplay_sim/src/lib.rs","edition":"2021","doc":true,"doctest":true,"test":true},"message":{"rendered":"warning: missing documentation for a method\n   --> gameplay_sim/src/world/unified_world.rs:257:5\n    |\n257 |     pub fn clear_placement_grid_for_chunk(&mut self, coord: ChunkCoord) {\n    |     ^^^^^^^^^^^^^^^^^^^^^^^^^^^^^^^^^^^^^^^^^^^^^^^^^^^^^^^^^^^^^^^^^^^\n\n","$message_type":"diagnostic","children":[],"code":{"code":"missing_docs","explanation":null},"level":"warning","message":"missing documentation for a method","spans":[{"byte_end":9052,"byte_start":8985,"column_end":72,"column_start":5,"expansion":null,"file_name":"gameplay_sim/src/world/unified_world.rs","is_primary":true,"label":null,"line_end":257,"line_start":257,"suggested_replacement":null,"suggestion_applicability":null,"text":[{"highlight_end":72,"highlight_start":5,"text":"    pub fn clear_placement_grid_for_chunk(&mut self, coord: ChunkCoord) {"}]}]}}
{"reason":"compiler-message","package_id":"path+file:///Users/bradyjeong/Documents/Projects/Amp/gta4/gta_game/gameplay_sim#0.1.0","manifest_path":"/Users/bradyjeong/Documents/Projects/Amp/gta4/gta_game/gameplay_sim/Cargo.toml","target":{"kind":["lib"],"crate_types":["lib"],"name":"gameplay_sim","src_path":"/Users/bradyjeong/Documents/Projects/Amp/gta4/gta_game/gameplay_sim/src/lib.rs","edition":"2021","doc":true,"doctest":true,"test":true},"message":{"rendered":"warning: missing documentation for a struct\n   --> gameplay_sim/src/world/unified_world.rs:269:1\n    |\n269 | pub struct UnifiedChunkEntity {\n    | ^^^^^^^^^^^^^^^^^^^^^^^^^^^^^\n\n","$message_type":"diagnostic","children":[],"code":{"code":"missing_docs","explanation":null},"level":"warning","message":"missing documentation for a struct","spans":[{"byte_end":9514,"byte_start":9485,"column_end":30,"column_start":1,"expansion":null,"file_name":"gameplay_sim/src/world/unified_world.rs","is_primary":true,"label":null,"line_end":269,"line_start":269,"suggested_replacement":null,"suggestion_applicability":null,"text":[{"highlight_end":30,"highlight_start":1,"text":"pub struct UnifiedChunkEntity {"}]}]}}
{"reason":"compiler-message","package_id":"path+file:///Users/bradyjeong/Documents/Projects/Amp/gta4/gta_game/gameplay_sim#0.1.0","manifest_path":"/Users/bradyjeong/Documents/Projects/Amp/gta4/gta_game/gameplay_sim/Cargo.toml","target":{"kind":["lib"],"crate_types":["lib"],"name":"gameplay_sim","src_path":"/Users/bradyjeong/Documents/Projects/Amp/gta4/gta_game/gameplay_sim/src/lib.rs","edition":"2021","doc":true,"doctest":true,"test":true},"message":{"rendered":"warning: missing documentation for a struct field\n   --> gameplay_sim/src/world/unified_world.rs:270:5\n    |\n270 |     pub coord: ChunkCoord,\n    |     ^^^^^^^^^^^^^^^^^^^^^\n\n","$message_type":"diagnostic","children":[],"code":{"code":"missing_docs","explanation":null},"level":"warning","message":"missing documentation for a struct field","spans":[{"byte_end":9542,"byte_start":9521,"column_end":26,"column_start":5,"expansion":null,"file_name":"gameplay_sim/src/world/unified_world.rs","is_primary":true,"label":null,"line_end":270,"line_start":270,"suggested_replacement":null,"suggestion_applicability":null,"text":[{"highlight_end":26,"highlight_start":5,"text":"    pub coord: ChunkCoord,"}]}]}}
{"reason":"compiler-message","package_id":"path+file:///Users/bradyjeong/Documents/Projects/Amp/gta4/gta_game/gameplay_sim#0.1.0","manifest_path":"/Users/bradyjeong/Documents/Projects/Amp/gta4/gta_game/gameplay_sim/Cargo.toml","target":{"kind":["lib"],"crate_types":["lib"],"name":"gameplay_sim","src_path":"/Users/bradyjeong/Documents/Projects/Amp/gta4/gta_game/gameplay_sim/src/lib.rs","edition":"2021","doc":true,"doctest":true,"test":true},"message":{"rendered":"warning: missing documentation for a struct field\n   --> gameplay_sim/src/world/unified_world.rs:271:5\n    |\n271 |     pub layer: ContentLayer,\n    |     ^^^^^^^^^^^^^^^^^^^^^^^\n\n","$message_type":"diagnostic","children":[],"code":{"code":"missing_docs","explanation":null},"level":"warning","message":"missing documentation for a struct field","spans":[{"byte_end":9571,"byte_start":9548,"column_end":28,"column_start":5,"expansion":null,"file_name":"gameplay_sim/src/world/unified_world.rs","is_primary":true,"label":null,"line_end":271,"line_start":271,"suggested_replacement":null,"suggestion_applicability":null,"text":[{"highlight_end":28,"highlight_start":5,"text":"    pub layer: ContentLayer,"}]}]}}
{"reason":"compiler-message","package_id":"path+file:///Users/bradyjeong/Documents/Projects/Amp/gta4/gta_game/gameplay_sim#0.1.0","manifest_path":"/Users/bradyjeong/Documents/Projects/Amp/gta4/gta_game/gameplay_sim/Cargo.toml","target":{"kind":["lib"],"crate_types":["lib"],"name":"gameplay_sim","src_path":"/Users/bradyjeong/Documents/Projects/Amp/gta4/gta_game/gameplay_sim/src/lib.rs","edition":"2021","doc":true,"doctest":true,"test":true},"message":{"rendered":"warning: calls to `std::mem::drop` with a reference instead of an owned value does nothing\n  --> gameplay_sim/src/world/layered_generation.rs:88:13\n   |\n88 |             drop(chunk); // Release the mutable borrow\n   |             ^^^^^-----^\n   |                  |\n   |                  argument has type `&mut systems::world::unified_world::ChunkData`\n   |\n   = note: `#[warn(dropping_references)]` on by default\nhelp: use `let _ = ...` to ignore the expression or result\n   |\n88 -             drop(chunk); // Release the mutable borrow\n88 +             let _ = chunk; // Release the mutable borrow\n   |\n\n","$message_type":"diagnostic","children":[{"children":[],"code":null,"level":"note","message":"`#[warn(dropping_references)]` on by default","rendered":null,"spans":[]},{"children":[],"code":null,"level":"help","message":"use `let _ = ...` to ignore the expression or result","rendered":null,"spans":[{"byte_end":3740,"byte_start":3735,"column_end":18,"column_start":13,"expansion":null,"file_name":"gameplay_sim/src/world/layered_generation.rs","is_primary":true,"label":null,"line_end":88,"line_start":88,"suggested_replacement":"let _ = ","suggestion_applicability":"MaybeIncorrect","text":[{"highlight_end":18,"highlight_start":13,"text":"            drop(chunk); // Release the mutable borrow"}]},{"byte_end":3746,"byte_start":3745,"column_end":24,"column_start":23,"expansion":null,"file_name":"gameplay_sim/src/world/layered_generation.rs","is_primary":true,"label":null,"line_end":88,"line_start":88,"suggested_replacement":"","suggestion_applicability":"MaybeIncorrect","text":[{"highlight_end":24,"highlight_start":23,"text":"            drop(chunk); // Release the mutable borrow"}]}]}],"code":{"code":"dropping_references","explanation":null},"level":"warning","message":"calls to `std::mem::drop` with a reference instead of an owned value does nothing","spans":[{"byte_end":3745,"byte_start":3740,"column_end":23,"column_start":18,"expansion":null,"file_name":"gameplay_sim/src/world/layered_generation.rs","is_primary":false,"label":"argument has type `&mut systems::world::unified_world::ChunkData`","line_end":88,"line_start":88,"suggested_replacement":null,"suggestion_applicability":null,"text":[{"highlight_end":23,"highlight_start":18,"text":"            drop(chunk); // Release the mutable borrow"}]},{"byte_end":3746,"byte_start":3735,"column_end":24,"column_start":13,"expansion":null,"file_name":"gameplay_sim/src/world/layered_generation.rs","is_primary":true,"label":null,"line_end":88,"line_start":88,"suggested_replacement":null,"suggestion_applicability":null,"text":[{"highlight_end":24,"highlight_start":13,"text":"            drop(chunk); // Release the mutable borrow"}]}]}}
{"reason":"compiler-message","package_id":"path+file:///Users/bradyjeong/Documents/Projects/Amp/gta4/gta_game/gameplay_sim#0.1.0","manifest_path":"/Users/bradyjeong/Documents/Projects/Amp/gta4/gta_game/gameplay_sim/Cargo.toml","target":{"kind":["lib"],"crate_types":["lib"],"name":"gameplay_sim","src_path":"/Users/bradyjeong/Documents/Projects/Amp/gta4/gta_game/gameplay_sim/src/lib.rs","edition":"2021","doc":true,"doctest":true,"test":true},"message":{"rendered":"warning: missing documentation for a struct field\n  --> gameplay_sim/src/world/unified_lod.rs:29:5\n   |\n29 |     pub dirty_entities: HashMap<Entity, LODDirtyReason>,\n   |     ^^^^^^^^^^^^^^^^^^^^^^^^^^^^^^^^^^^^^^^^^^^^^^^^^^^\n\n","$message_type":"diagnostic","children":[],"code":{"code":"missing_docs","explanation":null},"level":"warning","message":"missing documentation for a struct field","spans":[{"byte_end":1408,"byte_start":1357,"column_end":56,"column_start":5,"expansion":null,"file_name":"gameplay_sim/src/world/unified_lod.rs","is_primary":true,"label":null,"line_end":29,"line_start":29,"suggested_replacement":null,"suggestion_applicability":null,"text":[{"highlight_end":56,"highlight_start":5,"text":"    pub dirty_entities: HashMap<Entity, LODDirtyReason>,"}]}]}}
{"reason":"compiler-message","package_id":"path+file:///Users/bradyjeong/Documents/Projects/Amp/gta4/gta_game/gameplay_sim#0.1.0","manifest_path":"/Users/bradyjeong/Documents/Projects/Amp/gta4/gta_game/gameplay_sim/Cargo.toml","target":{"kind":["lib"],"crate_types":["lib"],"name":"gameplay_sim","src_path":"/Users/bradyjeong/Documents/Projects/Amp/gta4/gta_game/gameplay_sim/src/lib.rs","edition":"2021","doc":true,"doctest":true,"test":true},"message":{"rendered":"warning: missing documentation for a struct field\n  --> gameplay_sim/src/world/unified_lod.rs:30:5\n   |\n30 |     pub lod_plugin_configs: HashMap<EntityType, LODPluginConfig>,\n   |     ^^^^^^^^^^^^^^^^^^^^^^^^^^^^^^^^^^^^^^^^^^^^^^^^^^^^^^^^^^^^\n\n","$message_type":"diagnostic","children":[],"code":{"code":"missing_docs","explanation":null},"level":"warning","message":"missing documentation for a struct field","spans":[{"byte_end":1474,"byte_start":1414,"column_end":65,"column_start":5,"expansion":null,"file_name":"gameplay_sim/src/world/unified_lod.rs","is_primary":true,"label":null,"line_end":30,"line_start":30,"suggested_replacement":null,"suggestion_applicability":null,"text":[{"highlight_end":65,"highlight_start":5,"text":"    pub lod_plugin_configs: HashMap<EntityType, LODPluginConfig>,"}]}]}}
{"reason":"compiler-message","package_id":"path+file:///Users/bradyjeong/Documents/Projects/Amp/gta4/gta_game/gameplay_sim#0.1.0","manifest_path":"/Users/bradyjeong/Documents/Projects/Amp/gta4/gta_game/gameplay_sim/Cargo.toml","target":{"kind":["lib"],"crate_types":["lib"],"name":"gameplay_sim","src_path":"/Users/bradyjeong/Documents/Projects/Amp/gta4/gta_game/gameplay_sim/src/lib.rs","edition":"2021","doc":true,"doctest":true,"test":true},"message":{"rendered":"warning: missing documentation for a struct field\n  --> gameplay_sim/src/world/unified_lod.rs:31:5\n   |\n31 |     pub performance_stats: LODPerformanceStats,\n   |     ^^^^^^^^^^^^^^^^^^^^^^^^^^^^^^^^^^^^^^^^^^\n\n","$message_type":"diagnostic","children":[],"code":{"code":"missing_docs","explanation":null},"level":"warning","message":"missing documentation for a struct field","spans":[{"byte_end":1522,"byte_start":1480,"column_end":47,"column_start":5,"expansion":null,"file_name":"gameplay_sim/src/world/unified_lod.rs","is_primary":true,"label":null,"line_end":31,"line_start":31,"suggested_replacement":null,"suggestion_applicability":null,"text":[{"highlight_end":47,"highlight_start":5,"text":"    pub performance_stats: LODPerformanceStats,"}]}]}}
{"reason":"compiler-message","package_id":"path+file:///Users/bradyjeong/Documents/Projects/Amp/gta4/gta_game/gameplay_sim#0.1.0","manifest_path":"/Users/bradyjeong/Documents/Projects/Amp/gta4/gta_game/gameplay_sim/Cargo.toml","target":{"kind":["lib"],"crate_types":["lib"],"name":"gameplay_sim","src_path":"/Users/bradyjeong/Documents/Projects/Amp/gta4/gta_game/gameplay_sim/src/lib.rs","edition":"2021","doc":true,"doctest":true,"test":true},"message":{"rendered":"warning: missing documentation for a struct field\n  --> gameplay_sim/src/world/unified_lod.rs:32:5\n   |\n32 |     pub frame_counter: u64,\n   |     ^^^^^^^^^^^^^^^^^^^^^^\n\n","$message_type":"diagnostic","children":[],"code":{"code":"missing_docs","explanation":null},"level":"warning","message":"missing documentation for a struct field","spans":[{"byte_end":1550,"byte_start":1528,"column_end":27,"column_start":5,"expansion":null,"file_name":"gameplay_sim/src/world/unified_lod.rs","is_primary":true,"label":null,"line_end":32,"line_start":32,"suggested_replacement":null,"suggestion_applicability":null,"text":[{"highlight_end":27,"highlight_start":5,"text":"    pub frame_counter: u64,"}]}]}}
{"reason":"compiler-message","package_id":"path+file:///Users/bradyjeong/Documents/Projects/Amp/gta4/gta_game/gameplay_sim#0.1.0","manifest_path":"/Users/bradyjeong/Documents/Projects/Amp/gta4/gta_game/gameplay_sim/Cargo.toml","target":{"kind":["lib"],"crate_types":["lib"],"name":"gameplay_sim","src_path":"/Users/bradyjeong/Documents/Projects/Amp/gta4/gta_game/gameplay_sim/src/lib.rs","edition":"2021","doc":true,"doctest":true,"test":true},"message":{"rendered":"warning: missing documentation for a variant\n  --> gameplay_sim/src/world/unified_lod.rs:38:5\n   |\n38 |     Movement(f32), // Distance moved\n   |     ^^^^^^^^\n\n","$message_type":"diagnostic","children":[],"code":{"code":"missing_docs","explanation":null},"level":"warning","message":"missing documentation for a variant","spans":[{"byte_end":1673,"byte_start":1665,"column_end":13,"column_start":5,"expansion":null,"file_name":"gameplay_sim/src/world/unified_lod.rs","is_primary":true,"label":null,"line_end":38,"line_start":38,"suggested_replacement":null,"suggestion_applicability":null,"text":[{"highlight_end":13,"highlight_start":5,"text":"    Movement(f32), // Distance moved"}]}]}}
{"reason":"compiler-message","package_id":"path+file:///Users/bradyjeong/Documents/Projects/Amp/gta4/gta_game/gameplay_sim#0.1.0","manifest_path":"/Users/bradyjeong/Documents/Projects/Amp/gta4/gta_game/gameplay_sim/Cargo.toml","target":{"kind":["lib"],"crate_types":["lib"],"name":"gameplay_sim","src_path":"/Users/bradyjeong/Documents/Projects/Amp/gta4/gta_game/gameplay_sim/src/lib.rs","edition":"2021","doc":true,"doctest":true,"test":true},"message":{"rendered":"warning: missing documentation for a variant\n  --> gameplay_sim/src/world/unified_lod.rs:39:5\n   |\n39 |     TimeInterval,  // Periodic update\n   |     ^^^^^^^^^^^^\n\n","$message_type":"diagnostic","children":[],"code":{"code":"missing_docs","explanation":null},"level":"warning","message":"missing documentation for a variant","spans":[{"byte_end":1714,"byte_start":1702,"column_end":17,"column_start":5,"expansion":null,"file_name":"gameplay_sim/src/world/unified_lod.rs","is_primary":true,"label":null,"line_end":39,"line_start":39,"suggested_replacement":null,"suggestion_applicability":null,"text":[{"highlight_end":17,"highlight_start":5,"text":"    TimeInterval,  // Periodic update"}]}]}}
{"reason":"compiler-message","package_id":"path+file:///Users/bradyjeong/Documents/Projects/Amp/gta4/gta_game/gameplay_sim#0.1.0","manifest_path":"/Users/bradyjeong/Documents/Projects/Amp/gta4/gta_game/gameplay_sim/Cargo.toml","target":{"kind":["lib"],"crate_types":["lib"],"name":"gameplay_sim","src_path":"/Users/bradyjeong/Documents/Projects/Amp/gta4/gta_game/gameplay_sim/src/lib.rs","edition":"2021","doc":true,"doctest":true,"test":true},"message":{"rendered":"warning: missing documentation for a variant\n  --> gameplay_sim/src/world/unified_lod.rs:40:5\n   |\n40 |     PlayerMoved,   // Player position changed significantly\n   |     ^^^^^^^^^^^\n\n","$message_type":"diagnostic","children":[],"code":{"code":"missing_docs","explanation":null},"level":"warning","message":"missing documentation for a variant","spans":[{"byte_end":1751,"byte_start":1740,"column_end":16,"column_start":5,"expansion":null,"file_name":"gameplay_sim/src/world/unified_lod.rs","is_primary":true,"label":null,"line_end":40,"line_start":40,"suggested_replacement":null,"suggestion_applicability":null,"text":[{"highlight_end":16,"highlight_start":5,"text":"    PlayerMoved,   // Player position changed significantly"}]}]}}
{"reason":"compiler-message","package_id":"path+file:///Users/bradyjeong/Documents/Projects/Amp/gta4/gta_game/gameplay_sim#0.1.0","manifest_path":"/Users/bradyjeong/Documents/Projects/Amp/gta4/gta_game/gameplay_sim/Cargo.toml","target":{"kind":["lib"],"crate_types":["lib"],"name":"gameplay_sim","src_path":"/Users/bradyjeong/Documents/Projects/Amp/gta4/gta_game/gameplay_sim/src/lib.rs","edition":"2021","doc":true,"doctest":true,"test":true},"message":{"rendered":"warning: missing documentation for a variant\n  --> gameplay_sim/src/world/unified_lod.rs:41:5\n   |\n41 |     StateChange,   // Entity state changed\n   |     ^^^^^^^^^^^\n\n","$message_type":"diagnostic","children":[],"code":{"code":"missing_docs","explanation":null},"level":"warning","message":"missing documentation for a variant","spans":[{"byte_end":1811,"byte_start":1800,"column_end":16,"column_start":5,"expansion":null,"file_name":"gameplay_sim/src/world/unified_lod.rs","is_primary":true,"label":null,"line_end":41,"line_start":41,"suggested_replacement":null,"suggestion_applicability":null,"text":[{"highlight_end":16,"highlight_start":5,"text":"    StateChange,   // Entity state changed"}]}]}}
{"reason":"compiler-message","package_id":"path+file:///Users/bradyjeong/Documents/Projects/Amp/gta4/gta_game/gameplay_sim#0.1.0","manifest_path":"/Users/bradyjeong/Documents/Projects/Amp/gta4/gta_game/gameplay_sim/Cargo.toml","target":{"kind":["lib"],"crate_types":["lib"],"name":"gameplay_sim","src_path":"/Users/bradyjeong/Documents/Projects/Amp/gta4/gta_game/gameplay_sim/src/lib.rs","edition":"2021","doc":true,"doctest":true,"test":true},"message":{"rendered":"warning: missing documentation for a variant\n  --> gameplay_sim/src/world/unified_lod.rs:47:5\n   |\n47 |     Vehicle,\n   |     ^^^^^^^\n\n","$message_type":"diagnostic","children":[],"code":{"code":"missing_docs","explanation":null},"level":"warning","message":"missing documentation for a variant","spans":[{"byte_end":1964,"byte_start":1957,"column_end":12,"column_start":5,"expansion":null,"file_name":"gameplay_sim/src/world/unified_lod.rs","is_primary":true,"label":null,"line_end":47,"line_start":47,"suggested_replacement":null,"suggestion_applicability":null,"text":[{"highlight_end":12,"highlight_start":5,"text":"    Vehicle,"}]}]}}
{"reason":"compiler-message","package_id":"path+file:///Users/bradyjeong/Documents/Projects/Amp/gta4/gta_game/gameplay_sim#0.1.0","manifest_path":"/Users/bradyjeong/Documents/Projects/Amp/gta4/gta_game/gameplay_sim/Cargo.toml","target":{"kind":["lib"],"crate_types":["lib"],"name":"gameplay_sim","src_path":"/Users/bradyjeong/Documents/Projects/Amp/gta4/gta_game/gameplay_sim/src/lib.rs","edition":"2021","doc":true,"doctest":true,"test":true},"message":{"rendered":"warning: missing documentation for a variant\n  --> gameplay_sim/src/world/unified_lod.rs:48:5\n   |\n48 |     NPC,\n   |     ^^^\n\n","$message_type":"diagnostic","children":[],"code":{"code":"missing_docs","explanation":null},"level":"warning","message":"missing documentation for a variant","spans":[{"byte_end":1973,"byte_start":1970,"column_end":8,"column_start":5,"expansion":null,"file_name":"gameplay_sim/src/world/unified_lod.rs","is_primary":true,"label":null,"line_end":48,"line_start":48,"suggested_replacement":null,"suggestion_applicability":null,"text":[{"highlight_end":8,"highlight_start":5,"text":"    NPC,"}]}]}}
{"reason":"compiler-message","package_id":"path+file:///Users/bradyjeong/Documents/Projects/Amp/gta4/gta_game/gameplay_sim#0.1.0","manifest_path":"/Users/bradyjeong/Documents/Projects/Amp/gta4/gta_game/gameplay_sim/Cargo.toml","target":{"kind":["lib"],"crate_types":["lib"],"name":"gameplay_sim","src_path":"/Users/bradyjeong/Documents/Projects/Amp/gta4/gta_game/gameplay_sim/src/lib.rs","edition":"2021","doc":true,"doctest":true,"test":true},"message":{"rendered":"warning: missing documentation for a variant\n  --> gameplay_sim/src/world/unified_lod.rs:49:5\n   |\n49 |     Vegetation,\n   |     ^^^^^^^^^^\n\n","$message_type":"diagnostic","children":[],"code":{"code":"missing_docs","explanation":null},"level":"warning","message":"missing documentation for a variant","spans":[{"byte_end":1989,"byte_start":1979,"column_end":15,"column_start":5,"expansion":null,"file_name":"gameplay_sim/src/world/unified_lod.rs","is_primary":true,"label":null,"line_end":49,"line_start":49,"suggested_replacement":null,"suggestion_applicability":null,"text":[{"highlight_end":15,"highlight_start":5,"text":"    Vegetation,"}]}]}}
{"reason":"compiler-message","package_id":"path+file:///Users/bradyjeong/Documents/Projects/Amp/gta4/gta_game/gameplay_sim#0.1.0","manifest_path":"/Users/bradyjeong/Documents/Projects/Amp/gta4/gta_game/gameplay_sim/Cargo.toml","target":{"kind":["lib"],"crate_types":["lib"],"name":"gameplay_sim","src_path":"/Users/bradyjeong/Documents/Projects/Amp/gta4/gta_game/gameplay_sim/src/lib.rs","edition":"2021","doc":true,"doctest":true,"test":true},"message":{"rendered":"warning: missing documentation for a variant\n  --> gameplay_sim/src/world/unified_lod.rs:50:5\n   |\n50 |     Building,\n   |     ^^^^^^^^\n\n","$message_type":"diagnostic","children":[],"code":{"code":"missing_docs","explanation":null},"level":"warning","message":"missing documentation for a variant","spans":[{"byte_end":2003,"byte_start":1995,"column_end":13,"column_start":5,"expansion":null,"file_name":"gameplay_sim/src/world/unified_lod.rs","is_primary":true,"label":null,"line_end":50,"line_start":50,"suggested_replacement":null,"suggestion_applicability":null,"text":[{"highlight_end":13,"highlight_start":5,"text":"    Building,"}]}]}}
{"reason":"compiler-message","package_id":"path+file:///Users/bradyjeong/Documents/Projects/Amp/gta4/gta_game/gameplay_sim#0.1.0","manifest_path":"/Users/bradyjeong/Documents/Projects/Amp/gta4/gta_game/gameplay_sim/Cargo.toml","target":{"kind":["lib"],"crate_types":["lib"],"name":"gameplay_sim","src_path":"/Users/bradyjeong/Documents/Projects/Amp/gta4/gta_game/gameplay_sim/src/lib.rs","edition":"2021","doc":true,"doctest":true,"test":true},"message":{"rendered":"warning: missing documentation for a variant\n  --> gameplay_sim/src/world/unified_lod.rs:51:5\n   |\n51 |     Chunk,\n   |     ^^^^^\n\n","$message_type":"diagnostic","children":[],"code":{"code":"missing_docs","explanation":null},"level":"warning","message":"missing documentation for a variant","spans":[{"byte_end":2014,"byte_start":2009,"column_end":10,"column_start":5,"expansion":null,"file_name":"gameplay_sim/src/world/unified_lod.rs","is_primary":true,"label":null,"line_end":51,"line_start":51,"suggested_replacement":null,"suggestion_applicability":null,"text":[{"highlight_end":10,"highlight_start":5,"text":"    Chunk,"}]}]}}
{"reason":"compiler-message","package_id":"path+file:///Users/bradyjeong/Documents/Projects/Amp/gta4/gta_game/gameplay_sim#0.1.0","manifest_path":"/Users/bradyjeong/Documents/Projects/Amp/gta4/gta_game/gameplay_sim/Cargo.toml","target":{"kind":["lib"],"crate_types":["lib"],"name":"gameplay_sim","src_path":"/Users/bradyjeong/Documents/Projects/Amp/gta4/gta_game/gameplay_sim/src/lib.rs","edition":"2021","doc":true,"doctest":true,"test":true},"message":{"rendered":"warning: missing documentation for a struct field\n  --> gameplay_sim/src/world/unified_lod.rs:57:5\n   |\n57 |     pub distances: Vec<f32>,         // LOD level distances\n   |     ^^^^^^^^^^^^^^^^^^^^^^^\n\n","$message_type":"diagnostic","children":[],"code":{"code":"missing_docs","explanation":null},"level":"warning","message":"missing documentation for a struct field","spans":[{"byte_end":2154,"byte_start":2131,"column_end":28,"column_start":5,"expansion":null,"file_name":"gameplay_sim/src/world/unified_lod.rs","is_primary":true,"label":null,"line_end":57,"line_start":57,"suggested_replacement":null,"suggestion_applicability":null,"text":[{"highlight_end":28,"highlight_start":5,"text":"    pub distances: Vec<f32>,         // LOD level distances"}]}]}}
{"reason":"compiler-message","package_id":"path+file:///Users/bradyjeong/Documents/Projects/Amp/gta4/gta_game/gameplay_sim#0.1.0","manifest_path":"/Users/bradyjeong/Documents/Projects/Amp/gta4/gta_game/gameplay_sim/Cargo.toml","target":{"kind":["lib"],"crate_types":["lib"],"name":"gameplay_sim","src_path":"/Users/bradyjeong/Documents/Projects/Amp/gta4/gta_game/gameplay_sim/src/lib.rs","edition":"2021","doc":true,"doctest":true,"test":true},"message":{"rendered":"warning: missing documentation for a struct field\n  --> gameplay_sim/src/world/unified_lod.rs:58:5\n   |\n58 |     pub cull_distance: f32,          // Distance at which to cull completely\n   |     ^^^^^^^^^^^^^^^^^^^^^^\n\n","$message_type":"diagnostic","children":[],"code":{"code":"missing_docs","explanation":null},"level":"warning","message":"missing documentation for a struct field","spans":[{"byte_end":2213,"byte_start":2191,"column_end":27,"column_start":5,"expansion":null,"file_name":"gameplay_sim/src/world/unified_lod.rs","is_primary":true,"label":null,"line_end":58,"line_start":58,"suggested_replacement":null,"suggestion_applicability":null,"text":[{"highlight_end":27,"highlight_start":5,"text":"    pub cull_distance: f32,          // Distance at which to cull completely"}]}]}}
{"reason":"compiler-message","package_id":"path+file:///Users/bradyjeong/Documents/Projects/Amp/gta4/gta_game/gameplay_sim#0.1.0","manifest_path":"/Users/bradyjeong/Documents/Projects/Amp/gta4/gta_game/gameplay_sim/Cargo.toml","target":{"kind":["lib"],"crate_types":["lib"],"name":"gameplay_sim","src_path":"/Users/bradyjeong/Documents/Projects/Amp/gta4/gta_game/gameplay_sim/src/lib.rs","edition":"2021","doc":true,"doctest":true,"test":true},"message":{"rendered":"warning: missing documentation for a struct field\n  --> gameplay_sim/src/world/unified_lod.rs:59:5\n   |\n59 |     pub hysteresis: f32,             // Hysteresis to prevent flickering\n   |     ^^^^^^^^^^^^^^^^^^^\n\n","$message_type":"diagnostic","children":[],"code":{"code":"missing_docs","explanation":null},"level":"warning","message":"missing documentation for a struct field","spans":[{"byte_end":2287,"byte_start":2268,"column_end":24,"column_start":5,"expansion":null,"file_name":"gameplay_sim/src/world/unified_lod.rs","is_primary":true,"label":null,"line_end":59,"line_start":59,"suggested_replacement":null,"suggestion_applicability":null,"text":[{"highlight_end":24,"highlight_start":5,"text":"    pub hysteresis: f32,             // Hysteresis to prevent flickering"}]}]}}
{"reason":"compiler-message","package_id":"path+file:///Users/bradyjeong/Documents/Projects/Amp/gta4/gta_game/gameplay_sim#0.1.0","manifest_path":"/Users/bradyjeong/Documents/Projects/Amp/gta4/gta_game/gameplay_sim/Cargo.toml","target":{"kind":["lib"],"crate_types":["lib"],"name":"gameplay_sim","src_path":"/Users/bradyjeong/Documents/Projects/Amp/gta4/gta_game/gameplay_sim/src/lib.rs","edition":"2021","doc":true,"doctest":true,"test":true},"message":{"rendered":"warning: missing documentation for a struct field\n  --> gameplay_sim/src/world/unified_lod.rs:60:5\n   |\n60 |     pub update_interval: f32,        // How often to check (seconds)\n   |     ^^^^^^^^^^^^^^^^^^^^^^^^\n\n","$message_type":"diagnostic","children":[],"code":{"code":"missing_docs","explanation":null},"level":"warning","message":"missing documentation for a struct field","spans":[{"byte_end":2365,"byte_start":2341,"column_end":29,"column_start":5,"expansion":null,"file_name":"gameplay_sim/src/world/unified_lod.rs","is_primary":true,"label":null,"line_end":60,"line_start":60,"suggested_replacement":null,"suggestion_applicability":null,"text":[{"highlight_end":29,"highlight_start":5,"text":"    pub update_interval: f32,        // How often to check (seconds)"}]}]}}
{"reason":"compiler-message","package_id":"path+file:///Users/bradyjeong/Documents/Projects/Amp/gta4/gta_game/gameplay_sim#0.1.0","manifest_path":"/Users/bradyjeong/Documents/Projects/Amp/gta4/gta_game/gameplay_sim/Cargo.toml","target":{"kind":["lib"],"crate_types":["lib"],"name":"gameplay_sim","src_path":"/Users/bradyjeong/Documents/Projects/Amp/gta4/gta_game/gameplay_sim/src/lib.rs","edition":"2021","doc":true,"doctest":true,"test":true},"message":{"rendered":"warning: missing documentation for a struct field\n  --> gameplay_sim/src/world/unified_lod.rs:61:5\n   |\n61 |     pub priority_distance: f32,      // Distance threshold for high priority updates\n   |     ^^^^^^^^^^^^^^^^^^^^^^^^^^\n\n","$message_type":"diagnostic","children":[],"code":{"code":"missing_docs","explanation":null},"level":"warning","message":"missing documentation for a struct field","spans":[{"byte_end":2436,"byte_start":2410,"column_end":31,"column_start":5,"expansion":null,"file_name":"gameplay_sim/src/world/unified_lod.rs","is_primary":true,"label":null,"line_end":61,"line_start":61,"suggested_replacement":null,"suggestion_applicability":null,"text":[{"highlight_end":31,"highlight_start":5,"text":"    pub priority_distance: f32,      // Distance threshold for high priority updates"}]}]}}
{"reason":"compiler-message","package_id":"path+file:///Users/bradyjeong/Documents/Projects/Amp/gta4/gta_game/gameplay_sim#0.1.0","manifest_path":"/Users/bradyjeong/Documents/Projects/Amp/gta4/gta_game/gameplay_sim/Cargo.toml","target":{"kind":["lib"],"crate_types":["lib"],"name":"gameplay_sim","src_path":"/Users/bradyjeong/Documents/Projects/Amp/gta4/gta_game/gameplay_sim/src/lib.rs","edition":"2021","doc":true,"doctest":true,"test":true},"message":{"rendered":"warning: missing documentation for a struct field\n  --> gameplay_sim/src/world/unified_lod.rs:67:5\n   |\n67 |     pub entities_processed: HashMap<EntityType, usize>,\n   |     ^^^^^^^^^^^^^^^^^^^^^^^^^^^^^^^^^^^^^^^^^^^^^^^^^^\n\n","$message_type":"diagnostic","children":[],"code":{"code":"missing_docs","explanation":null},"level":"warning","message":"missing documentation for a struct field","spans":[{"byte_end":2649,"byte_start":2599,"column_end":55,"column_start":5,"expansion":null,"file_name":"gameplay_sim/src/world/unified_lod.rs","is_primary":true,"label":null,"line_end":67,"line_start":67,"suggested_replacement":null,"suggestion_applicability":null,"text":[{"highlight_end":55,"highlight_start":5,"text":"    pub entities_processed: HashMap<EntityType, usize>,"}]}]}}
{"reason":"compiler-message","package_id":"path+file:///Users/bradyjeong/Documents/Projects/Amp/gta4/gta_game/gameplay_sim#0.1.0","manifest_path":"/Users/bradyjeong/Documents/Projects/Amp/gta4/gta_game/gameplay_sim/Cargo.toml","target":{"kind":["lib"],"crate_types":["lib"],"name":"gameplay_sim","src_path":"/Users/bradyjeong/Documents/Projects/Amp/gta4/gta_game/gameplay_sim/src/lib.rs","edition":"2021","doc":true,"doctest":true,"test":true},"message":{"rendered":"warning: missing documentation for a struct field\n  --> gameplay_sim/src/world/unified_lod.rs:68:5\n   |\n68 |     pub processing_times: HashMap<EntityType, f32>,\n   |     ^^^^^^^^^^^^^^^^^^^^^^^^^^^^^^^^^^^^^^^^^^^^^^\n\n","$message_type":"diagnostic","children":[],"code":{"code":"missing_docs","explanation":null},"level":"warning","message":"missing documentation for a struct field","spans":[{"byte_end":2701,"byte_start":2655,"column_end":51,"column_start":5,"expansion":null,"file_name":"gameplay_sim/src/world/unified_lod.rs","is_primary":true,"label":null,"line_end":68,"line_start":68,"suggested_replacement":null,"suggestion_applicability":null,"text":[{"highlight_end":51,"highlight_start":5,"text":"    pub processing_times: HashMap<EntityType, f32>,"}]}]}}
{"reason":"compiler-message","package_id":"path+file:///Users/bradyjeong/Documents/Projects/Amp/gta4/gta_game/gameplay_sim#0.1.0","manifest_path":"/Users/bradyjeong/Documents/Projects/Amp/gta4/gta_game/gameplay_sim/Cargo.toml","target":{"kind":["lib"],"crate_types":["lib"],"name":"gameplay_sim","src_path":"/Users/bradyjeong/Documents/Projects/Amp/gta4/gta_game/gameplay_sim/src/lib.rs","edition":"2021","doc":true,"doctest":true,"test":true},"message":{"rendered":"warning: missing documentation for a struct field\n  --> gameplay_sim/src/world/unified_lod.rs:69:5\n   |\n69 |     pub lod_level_counts: HashMap<(EntityType, usize), usize>,\n   |     ^^^^^^^^^^^^^^^^^^^^^^^^^^^^^^^^^^^^^^^^^^^^^^^^^^^^^^^^^\n\n","$message_type":"diagnostic","children":[],"code":{"code":"missing_docs","explanation":null},"level":"warning","message":"missing documentation for a struct field","spans":[{"byte_end":2764,"byte_start":2707,"column_end":62,"column_start":5,"expansion":null,"file_name":"gameplay_sim/src/world/unified_lod.rs","is_primary":true,"label":null,"line_end":69,"line_start":69,"suggested_replacement":null,"suggestion_applicability":null,"text":[{"highlight_end":62,"highlight_start":5,"text":"    pub lod_level_counts: HashMap<(EntityType, usize), usize>,"}]}]}}
{"reason":"compiler-message","package_id":"path+file:///Users/bradyjeong/Documents/Projects/Amp/gta4/gta_game/gameplay_sim#0.1.0","manifest_path":"/Users/bradyjeong/Documents/Projects/Amp/gta4/gta_game/gameplay_sim/Cargo.toml","target":{"kind":["lib"],"crate_types":["lib"],"name":"gameplay_sim","src_path":"/Users/bradyjeong/Documents/Projects/Amp/gta4/gta_game/gameplay_sim/src/lib.rs","edition":"2021","doc":true,"doctest":true,"test":true},"message":{"rendered":"warning: missing documentation for a struct field\n  --> gameplay_sim/src/world/unified_lod.rs:70:5\n   |\n70 |     pub total_entities: usize,\n   |     ^^^^^^^^^^^^^^^^^^^^^^^^^\n\n","$message_type":"diagnostic","children":[],"code":{"code":"missing_docs","explanation":null},"level":"warning","message":"missing documentation for a struct field","spans":[{"byte_end":2795,"byte_start":2770,"column_end":30,"column_start":5,"expansion":null,"file_name":"gameplay_sim/src/world/unified_lod.rs","is_primary":true,"label":null,"line_end":70,"line_start":70,"suggested_replacement":null,"suggestion_applicability":null,"text":[{"highlight_end":30,"highlight_start":5,"text":"    pub total_entities: usize,"}]}]}}
{"reason":"compiler-message","package_id":"path+file:///Users/bradyjeong/Documents/Projects/Amp/gta4/gta_game/gameplay_sim#0.1.0","manifest_path":"/Users/bradyjeong/Documents/Projects/Amp/gta4/gta_game/gameplay_sim/Cargo.toml","target":{"kind":["lib"],"crate_types":["lib"],"name":"gameplay_sim","src_path":"/Users/bradyjeong/Documents/Projects/Amp/gta4/gta_game/gameplay_sim/src/lib.rs","edition":"2021","doc":true,"doctest":true,"test":true},"message":{"rendered":"warning: missing documentation for a struct field\n  --> gameplay_sim/src/world/unified_lod.rs:71:5\n   |\n71 |     pub culled_entities: usize,\n   |     ^^^^^^^^^^^^^^^^^^^^^^^^^^\n\n","$message_type":"diagnostic","children":[],"code":{"code":"missing_docs","explanation":null},"level":"warning","message":"missing documentation for a struct field","spans":[{"byte_end":2827,"byte_start":2801,"column_end":31,"column_start":5,"expansion":null,"file_name":"gameplay_sim/src/world/unified_lod.rs","is_primary":true,"label":null,"line_end":71,"line_start":71,"suggested_replacement":null,"suggestion_applicability":null,"text":[{"highlight_end":31,"highlight_start":5,"text":"    pub culled_entities: usize,"}]}]}}
{"reason":"compiler-message","package_id":"path+file:///Users/bradyjeong/Documents/Projects/Amp/gta4/gta_game/gameplay_sim#0.1.0","manifest_path":"/Users/bradyjeong/Documents/Projects/Amp/gta4/gta_game/gameplay_sim/Cargo.toml","target":{"kind":["lib"],"crate_types":["lib"],"name":"gameplay_sim","src_path":"/Users/bradyjeong/Documents/Projects/Amp/gta4/gta_game/gameplay_sim/src/lib.rs","edition":"2021","doc":true,"doctest":true,"test":true},"message":{"rendered":"warning: missing documentation for an associated function\n  --> gameplay_sim/src/world/unified_lod.rs:75:5\n   |\n75 |     pub fn vehicle() -> Self {\n   |     ^^^^^^^^^^^^^^^^^^^^^^^^\n\n","$message_type":"diagnostic","children":[],"code":{"code":"missing_docs","explanation":null},"level":"warning","message":"missing documentation for an associated function","spans":[{"byte_end":2883,"byte_start":2859,"column_end":29,"column_start":5,"expansion":null,"file_name":"gameplay_sim/src/world/unified_lod.rs","is_primary":true,"label":null,"line_end":75,"line_start":75,"suggested_replacement":null,"suggestion_applicability":null,"text":[{"highlight_end":29,"highlight_start":5,"text":"    pub fn vehicle() -> Self {"}]}]}}
{"reason":"compiler-message","package_id":"path+file:///Users/bradyjeong/Documents/Projects/Amp/gta4/gta_game/gameplay_sim#0.1.0","manifest_path":"/Users/bradyjeong/Documents/Projects/Amp/gta4/gta_game/gameplay_sim/Cargo.toml","target":{"kind":["lib"],"crate_types":["lib"],"name":"gameplay_sim","src_path":"/Users/bradyjeong/Documents/Projects/Amp/gta4/gta_game/gameplay_sim/src/lib.rs","edition":"2021","doc":true,"doctest":true,"test":true},"message":{"rendered":"warning: missing documentation for an associated function\n  --> gameplay_sim/src/world/unified_lod.rs:85:5\n   |\n85 |     pub fn npc() -> Self {\n   |     ^^^^^^^^^^^^^^^^^^^^\n\n","$message_type":"diagnostic","children":[],"code":{"code":"missing_docs","explanation":null},"level":"warning","message":"missing documentation for an associated function","spans":[{"byte_end":3126,"byte_start":3106,"column_end":25,"column_start":5,"expansion":null,"file_name":"gameplay_sim/src/world/unified_lod.rs","is_primary":true,"label":null,"line_end":85,"line_start":85,"suggested_replacement":null,"suggestion_applicability":null,"text":[{"highlight_end":25,"highlight_start":5,"text":"    pub fn npc() -> Self {"}]}]}}
{"reason":"compiler-message","package_id":"path+file:///Users/bradyjeong/Documents/Projects/Amp/gta4/gta_game/gameplay_sim#0.1.0","manifest_path":"/Users/bradyjeong/Documents/Projects/Amp/gta4/gta_game/gameplay_sim/Cargo.toml","target":{"kind":["lib"],"crate_types":["lib"],"name":"gameplay_sim","src_path":"/Users/bradyjeong/Documents/Projects/Amp/gta4/gta_game/gameplay_sim/src/lib.rs","edition":"2021","doc":true,"doctest":true,"test":true},"message":{"rendered":"warning: missing documentation for an associated function\n  --> gameplay_sim/src/world/unified_lod.rs:95:5\n   |\n95 |     pub fn vegetation() -> Self {\n   |     ^^^^^^^^^^^^^^^^^^^^^^^^^^^\n\n","$message_type":"diagnostic","children":[],"code":{"code":"missing_docs","explanation":null},"level":"warning","message":"missing documentation for an associated function","spans":[{"byte_end":3374,"byte_start":3347,"column_end":32,"column_start":5,"expansion":null,"file_name":"gameplay_sim/src/world/unified_lod.rs","is_primary":true,"label":null,"line_end":95,"line_start":95,"suggested_replacement":null,"suggestion_applicability":null,"text":[{"highlight_end":32,"highlight_start":5,"text":"    pub fn vegetation() -> Self {"}]}]}}
{"reason":"compiler-message","package_id":"path+file:///Users/bradyjeong/Documents/Projects/Amp/gta4/gta_game/gameplay_sim#0.1.0","manifest_path":"/Users/bradyjeong/Documents/Projects/Amp/gta4/gta_game/gameplay_sim/Cargo.toml","target":{"kind":["lib"],"crate_types":["lib"],"name":"gameplay_sim","src_path":"/Users/bradyjeong/Documents/Projects/Amp/gta4/gta_game/gameplay_sim/src/lib.rs","edition":"2021","doc":true,"doctest":true,"test":true},"message":{"rendered":"warning: missing documentation for an associated function\n   --> gameplay_sim/src/world/unified_lod.rs:105:5\n    |\n105 |     pub fn building() -> Self {\n    |     ^^^^^^^^^^^^^^^^^^^^^^^^^\n\n","$message_type":"diagnostic","children":[],"code":{"code":"missing_docs","explanation":null},"level":"warning","message":"missing documentation for an associated function","spans":[{"byte_end":3623,"byte_start":3598,"column_end":30,"column_start":5,"expansion":null,"file_name":"gameplay_sim/src/world/unified_lod.rs","is_primary":true,"label":null,"line_end":105,"line_start":105,"suggested_replacement":null,"suggestion_applicability":null,"text":[{"highlight_end":30,"highlight_start":5,"text":"    pub fn building() -> Self {"}]}]}}
{"reason":"compiler-message","package_id":"path+file:///Users/bradyjeong/Documents/Projects/Amp/gta4/gta_game/gameplay_sim#0.1.0","manifest_path":"/Users/bradyjeong/Documents/Projects/Amp/gta4/gta_game/gameplay_sim/Cargo.toml","target":{"kind":["lib"],"crate_types":["lib"],"name":"gameplay_sim","src_path":"/Users/bradyjeong/Documents/Projects/Amp/gta4/gta_game/gameplay_sim/src/lib.rs","edition":"2021","doc":true,"doctest":true,"test":true},"message":{"rendered":"warning: missing documentation for an associated function\n   --> gameplay_sim/src/world/unified_lod.rs:115:5\n    |\n115 |     pub fn chunk() -> Self {\n    |     ^^^^^^^^^^^^^^^^^^^^^^\n\n","$message_type":"diagnostic","children":[],"code":{"code":"missing_docs","explanation":null},"level":"warning","message":"missing documentation for an associated function","spans":[{"byte_end":3870,"byte_start":3848,"column_end":27,"column_start":5,"expansion":null,"file_name":"gameplay_sim/src/world/unified_lod.rs","is_primary":true,"label":null,"line_end":115,"line_start":115,"suggested_replacement":null,"suggestion_applicability":null,"text":[{"highlight_end":27,"highlight_start":5,"text":"    pub fn chunk() -> Self {"}]}]}}
{"reason":"compiler-message","package_id":"path+file:///Users/bradyjeong/Documents/Projects/Amp/gta4/gta_game/gameplay_sim#0.1.0","manifest_path":"/Users/bradyjeong/Documents/Projects/Amp/gta4/gta_game/gameplay_sim/Cargo.toml","target":{"kind":["lib"],"crate_types":["lib"],"name":"gameplay_sim","src_path":"/Users/bradyjeong/Documents/Projects/Amp/gta4/gta_game/gameplay_sim/src/lib.rs","edition":"2021","doc":true,"doctest":true,"test":true},"message":{"rendered":"warning: missing documentation for a method\n   --> gameplay_sim/src/world/unified_lod.rs:125:5\n    |\n125 |     pub fn get_lod_level(&self, distance: f32) -> usize {\n    |     ^^^^^^^^^^^^^^^^^^^^^^^^^^^^^^^^^^^^^^^^^^^^^^^^^^^\n\n","$message_type":"diagnostic","children":[],"code":{"code":"missing_docs","explanation":null},"level":"warning","message":"missing documentation for a method","spans":[{"byte_end":4146,"byte_start":4095,"column_end":56,"column_start":5,"expansion":null,"file_name":"gameplay_sim/src/world/unified_lod.rs","is_primary":true,"label":null,"line_end":125,"line_start":125,"suggested_replacement":null,"suggestion_applicability":null,"text":[{"highlight_end":56,"highlight_start":5,"text":"    pub fn get_lod_level(&self, distance: f32) -> usize {"}]}]}}
{"reason":"compiler-message","package_id":"path+file:///Users/bradyjeong/Documents/Projects/Amp/gta4/gta_game/gameplay_sim#0.1.0","manifest_path":"/Users/bradyjeong/Documents/Projects/Amp/gta4/gta_game/gameplay_sim/Cargo.toml","target":{"kind":["lib"],"crate_types":["lib"],"name":"gameplay_sim","src_path":"/Users/bradyjeong/Documents/Projects/Amp/gta4/gta_game/gameplay_sim/src/lib.rs","edition":"2021","doc":true,"doctest":true,"test":true},"message":{"rendered":"warning: missing documentation for a method\n   --> gameplay_sim/src/world/unified_lod.rs:134:5\n    |\n134 |     pub fn should_cull(&self, distance: f32) -> bool {\n    |     ^^^^^^^^^^^^^^^^^^^^^^^^^^^^^^^^^^^^^^^^^^^^^^^^\n\n","$message_type":"diagnostic","children":[],"code":{"code":"missing_docs","explanation":null},"level":"warning","message":"missing documentation for a method","spans":[{"byte_end":4444,"byte_start":4396,"column_end":53,"column_start":5,"expansion":null,"file_name":"gameplay_sim/src/world/unified_lod.rs","is_primary":true,"label":null,"line_end":134,"line_start":134,"suggested_replacement":null,"suggestion_applicability":null,"text":[{"highlight_end":53,"highlight_start":5,"text":"    pub fn should_cull(&self, distance: f32) -> bool {"}]}]}}
{"reason":"compiler-message","package_id":"path+file:///Users/bradyjeong/Documents/Projects/Amp/gta4/gta_game/gameplay_sim#0.1.0","manifest_path":"/Users/bradyjeong/Documents/Projects/Amp/gta4/gta_game/gameplay_sim/Cargo.toml","target":{"kind":["lib"],"crate_types":["lib"],"name":"gameplay_sim","src_path":"/Users/bradyjeong/Documents/Projects/Amp/gta4/gta_game/gameplay_sim/src/lib.rs","edition":"2021","doc":true,"doctest":true,"test":true},"message":{"rendered":"warning: missing documentation for a struct field\n   --> gameplay_sim/src/world/unified_lod.rs:510:5\n    |\n510 |     pub new_lod: VehicleLOD,\n    |     ^^^^^^^^^^^^^^^^^^^^^^^\n\n","$message_type":"diagnostic","children":[],"code":{"code":"missing_docs","explanation":null},"level":"warning","message":"missing documentation for a struct field","spans":[{"byte_end":18742,"byte_start":18719,"column_end":28,"column_start":5,"expansion":null,"file_name":"gameplay_sim/src/world/unified_lod.rs","is_primary":true,"label":null,"line_end":510,"line_start":510,"suggested_replacement":null,"suggestion_applicability":null,"text":[{"highlight_end":28,"highlight_start":5,"text":"    pub new_lod: VehicleLOD,"}]}]}}
{"reason":"compiler-message","package_id":"path+file:///Users/bradyjeong/Documents/Projects/Amp/gta4/gta_game/gameplay_sim#0.1.0","manifest_path":"/Users/bradyjeong/Documents/Projects/Amp/gta4/gta_game/gameplay_sim/Cargo.toml","target":{"kind":["lib"],"crate_types":["lib"],"name":"gameplay_sim","src_path":"/Users/bradyjeong/Documents/Projects/Amp/gta4/gta_game/gameplay_sim/src/lib.rs","edition":"2021","doc":true,"doctest":true,"test":true},"message":{"rendered":"warning: missing documentation for a struct field\n   --> gameplay_sim/src/world/unified_lod.rs:516:5\n    |\n516 |     pub new_lod: NPCLOD,\n    |     ^^^^^^^^^^^^^^^^^^^\n\n","$message_type":"diagnostic","children":[],"code":{"code":"missing_docs","explanation":null},"level":"warning","message":"missing documentation for a struct field","spans":[{"byte_end":18899,"byte_start":18880,"column_end":24,"column_start":5,"expansion":null,"file_name":"gameplay_sim/src/world/unified_lod.rs","is_primary":true,"label":null,"line_end":516,"line_start":516,"suggested_replacement":null,"suggestion_applicability":null,"text":[{"highlight_end":24,"highlight_start":5,"text":"    pub new_lod: NPCLOD,"}]}]}}
{"reason":"compiler-message","package_id":"path+file:///Users/bradyjeong/Documents/Projects/Amp/gta4/gta_game/gameplay_sim#0.1.0","manifest_path":"/Users/bradyjeong/Documents/Projects/Amp/gta4/gta_game/gameplay_sim/Cargo.toml","target":{"kind":["lib"],"crate_types":["lib"],"name":"gameplay_sim","src_path":"/Users/bradyjeong/Documents/Projects/Amp/gta4/gta_game/gameplay_sim/src/lib.rs","edition":"2021","doc":true,"doctest":true,"test":true},"message":{"rendered":"warning: missing documentation for a struct field\n   --> gameplay_sim/src/world/unified_lod.rs:522:5\n    |\n522 |     pub new_detail_level: VegetationDetailLevel,\n    |     ^^^^^^^^^^^^^^^^^^^^^^^^^^^^^^^^^^^^^^^^^^^\n\n","$message_type":"diagnostic","children":[],"code":{"code":"missing_docs","explanation":null},"level":"warning","message":"missing documentation for a struct field","spans":[{"byte_end":19101,"byte_start":19058,"column_end":48,"column_start":5,"expansion":null,"file_name":"gameplay_sim/src/world/unified_lod.rs","is_primary":true,"label":null,"line_end":522,"line_start":522,"suggested_replacement":null,"suggestion_applicability":null,"text":[{"highlight_end":48,"highlight_start":5,"text":"    pub new_detail_level: VegetationDetailLevel,"}]}]}}
{"reason":"compiler-message","package_id":"path+file:///Users/bradyjeong/Documents/Projects/Amp/gta4/gta_game/gameplay_sim#0.1.0","manifest_path":"/Users/bradyjeong/Documents/Projects/Amp/gta4/gta_game/gameplay_sim/Cargo.toml","target":{"kind":["lib"],"crate_types":["lib"],"name":"gameplay_sim","src_path":"/Users/bradyjeong/Documents/Projects/Amp/gta4/gta_game/gameplay_sim/src/lib.rs","edition":"2021","doc":true,"doctest":true,"test":true},"message":{"rendered":"warning: missing documentation for a struct field\n   --> gameplay_sim/src/world/unified_lod.rs:523:5\n    |\n523 |     pub distance: f32,\n    |     ^^^^^^^^^^^^^^^^^\n\n","$message_type":"diagnostic","children":[],"code":{"code":"missing_docs","explanation":null},"level":"warning","message":"missing documentation for a struct field","spans":[{"byte_end":19124,"byte_start":19107,"column_end":22,"column_start":5,"expansion":null,"file_name":"gameplay_sim/src/world/unified_lod.rs","is_primary":true,"label":null,"line_end":523,"line_start":523,"suggested_replacement":null,"suggestion_applicability":null,"text":[{"highlight_end":22,"highlight_start":5,"text":"    pub distance: f32,"}]}]}}
{"reason":"compiler-message","package_id":"path+file:///Users/bradyjeong/Documents/Projects/Amp/gta4/gta_game/gameplay_sim#0.1.0","manifest_path":"/Users/bradyjeong/Documents/Projects/Amp/gta4/gta_game/gameplay_sim/Cargo.toml","target":{"kind":["lib"],"crate_types":["lib"],"name":"gameplay_sim","src_path":"/Users/bradyjeong/Documents/Projects/Amp/gta4/gta_game/gameplay_sim/src/lib.rs","edition":"2021","doc":true,"doctest":true,"test":true},"message":{"rendered":"warning: missing documentation for a struct field\n  --> gameplay_sim/src/world/vegetation_lod.rs:20:5\n   |\n20 |     pub frame: u64,\n   |     ^^^^^^^^^^^^^^\n\n","$message_type":"diagnostic","children":[],"code":{"code":"missing_docs","explanation":null},"level":"warning","message":"missing documentation for a struct field","spans":[{"byte_end":964,"byte_start":950,"column_end":19,"column_start":5,"expansion":null,"file_name":"gameplay_sim/src/world/vegetation_lod.rs","is_primary":true,"label":null,"line_end":20,"line_start":20,"suggested_replacement":null,"suggestion_applicability":null,"text":[{"highlight_end":19,"highlight_start":5,"text":"    pub frame: u64,"}]}]}}
{"reason":"compiler-message","package_id":"path+file:///Users/bradyjeong/Documents/Projects/Amp/gta4/gta_game/gameplay_sim#0.1.0","manifest_path":"/Users/bradyjeong/Documents/Projects/Amp/gta4/gta_game/gameplay_sim/Cargo.toml","target":{"kind":["lib"],"crate_types":["lib"],"name":"gameplay_sim","src_path":"/Users/bradyjeong/Documents/Projects/Amp/gta4/gta_game/gameplay_sim/src/lib.rs","edition":"2021","doc":true,"doctest":true,"test":true},"message":{"rendered":"warning: missing documentation for a struct\n   --> gameplay_sim/src/world/vegetation_lod.rs:125:1\n    |\n125 | pub struct VegetationBillboardResources {\n    | ^^^^^^^^^^^^^^^^^^^^^^^^^^^^^^^^^^^^^^^\n\n","$message_type":"diagnostic","children":[],"code":{"code":"missing_docs","explanation":null},"level":"warning","message":"missing documentation for a struct","spans":[{"byte_end":4888,"byte_start":4849,"column_end":40,"column_start":1,"expansion":null,"file_name":"gameplay_sim/src/world/vegetation_lod.rs","is_primary":true,"label":null,"line_end":125,"line_start":125,"suggested_replacement":null,"suggestion_applicability":null,"text":[{"highlight_end":40,"highlight_start":1,"text":"pub struct VegetationBillboardResources {"}]}]}}
{"reason":"compiler-message","package_id":"path+file:///Users/bradyjeong/Documents/Projects/Amp/gta4/gta_game/gameplay_sim#0.1.0","manifest_path":"/Users/bradyjeong/Documents/Projects/Amp/gta4/gta_game/gameplay_sim/Cargo.toml","target":{"kind":["lib"],"crate_types":["lib"],"name":"gameplay_sim","src_path":"/Users/bradyjeong/Documents/Projects/Amp/gta4/gta_game/gameplay_sim/src/lib.rs","edition":"2021","doc":true,"doctest":true,"test":true},"message":{"rendered":"warning: missing documentation for a struct field\n   --> gameplay_sim/src/world/vegetation_lod.rs:126:5\n    |\n126 |     pub mesh: Handle<Mesh>,\n    |     ^^^^^^^^^^^^^^^^^^^^^^\n\n","$message_type":"diagnostic","children":[],"code":{"code":"missing_docs","explanation":null},"level":"warning","message":"missing documentation for a struct field","spans":[{"byte_end":4917,"byte_start":4895,"column_end":27,"column_start":5,"expansion":null,"file_name":"gameplay_sim/src/world/vegetation_lod.rs","is_primary":true,"label":null,"line_end":126,"line_start":126,"suggested_replacement":null,"suggestion_applicability":null,"text":[{"highlight_end":27,"highlight_start":5,"text":"    pub mesh: Handle<Mesh>,"}]}]}}
{"reason":"compiler-message","package_id":"path+file:///Users/bradyjeong/Documents/Projects/Amp/gta4/gta_game/gameplay_sim#0.1.0","manifest_path":"/Users/bradyjeong/Documents/Projects/Amp/gta4/gta_game/gameplay_sim/Cargo.toml","target":{"kind":["lib"],"crate_types":["lib"],"name":"gameplay_sim","src_path":"/Users/bradyjeong/Documents/Projects/Amp/gta4/gta_game/gameplay_sim/src/lib.rs","edition":"2021","doc":true,"doctest":true,"test":true},"message":{"rendered":"warning: missing documentation for a struct field\n   --> gameplay_sim/src/world/vegetation_lod.rs:127:5\n    |\n127 |     pub material: Handle<StandardMaterial>,\n    |     ^^^^^^^^^^^^^^^^^^^^^^^^^^^^^^^^^^^^^^\n\n","$message_type":"diagnostic","children":[],"code":{"code":"missing_docs","explanation":null},"level":"warning","message":"missing documentation for a struct field","spans":[{"byte_end":4961,"byte_start":4923,"column_end":43,"column_start":5,"expansion":null,"file_name":"gameplay_sim/src/world/vegetation_lod.rs","is_primary":true,"label":null,"line_end":127,"line_start":127,"suggested_replacement":null,"suggestion_applicability":null,"text":[{"highlight_end":43,"highlight_start":5,"text":"    pub material: Handle<StandardMaterial>,"}]}]}}
{"reason":"compiler-message","package_id":"path+file:///Users/bradyjeong/Documents/Projects/Amp/gta4/gta_game/gameplay_sim#0.1.0","manifest_path":"/Users/bradyjeong/Documents/Projects/Amp/gta4/gta_game/gameplay_sim/Cargo.toml","target":{"kind":["lib"],"crate_types":["lib"],"name":"gameplay_sim","src_path":"/Users/bradyjeong/Documents/Projects/Amp/gta4/gta_game/gameplay_sim/src/lib.rs","edition":"2021","doc":true,"doctest":true,"test":true},"message":{"rendered":"warning: missing documentation for a struct field\n   --> gameplay_sim/src/world/unified_distance_culling.rs:109:5\n    |\n109 |     pub config: DistanceCullingConfig,\n    |     ^^^^^^^^^^^^^^^^^^^^^^^^^^^^^^^^^\n\n","$message_type":"diagnostic","children":[],"code":{"code":"missing_docs","explanation":null},"level":"warning","message":"missing documentation for a struct field","spans":[{"byte_end":3828,"byte_start":3795,"column_end":38,"column_start":5,"expansion":null,"file_name":"gameplay_sim/src/world/unified_distance_culling.rs","is_primary":true,"label":null,"line_end":109,"line_start":109,"suggested_replacement":null,"suggestion_applicability":null,"text":[{"highlight_end":38,"highlight_start":5,"text":"    pub config: DistanceCullingConfig,"}]}]}}
{"reason":"compiler-message","package_id":"path+file:///Users/bradyjeong/Documents/Projects/Amp/gta4/gta_game/gameplay_sim#0.1.0","manifest_path":"/Users/bradyjeong/Documents/Projects/Amp/gta4/gta_game/gameplay_sim/Cargo.toml","target":{"kind":["lib"],"crate_types":["lib"],"name":"gameplay_sim","src_path":"/Users/bradyjeong/Documents/Projects/Amp/gta4/gta_game/gameplay_sim/src/lib.rs","edition":"2021","doc":true,"doctest":true,"test":true},"message":{"rendered":"warning: missing documentation for a struct field\n   --> gameplay_sim/src/world/unified_distance_culling.rs:110:5\n    |\n110 |     pub current_lod: usize,\n    |     ^^^^^^^^^^^^^^^^^^^^^^\n\n","$message_type":"diagnostic","children":[],"code":{"code":"missing_docs","explanation":null},"level":"warning","message":"missing documentation for a struct field","spans":[{"byte_end":3856,"byte_start":3834,"column_end":27,"column_start":5,"expansion":null,"file_name":"gameplay_sim/src/world/unified_distance_culling.rs","is_primary":true,"label":null,"line_end":110,"line_start":110,"suggested_replacement":null,"suggestion_applicability":null,"text":[{"highlight_end":27,"highlight_start":5,"text":"    pub current_lod: usize,"}]}]}}
{"reason":"compiler-message","package_id":"path+file:///Users/bradyjeong/Documents/Projects/Amp/gta4/gta_game/gameplay_sim#0.1.0","manifest_path":"/Users/bradyjeong/Documents/Projects/Amp/gta4/gta_game/gameplay_sim/Cargo.toml","target":{"kind":["lib"],"crate_types":["lib"],"name":"gameplay_sim","src_path":"/Users/bradyjeong/Documents/Projects/Amp/gta4/gta_game/gameplay_sim/src/lib.rs","edition":"2021","doc":true,"doctest":true,"test":true},"message":{"rendered":"warning: missing documentation for a struct field\n   --> gameplay_sim/src/world/unified_distance_culling.rs:111:5\n    |\n111 |     pub is_culled: bool,\n    |     ^^^^^^^^^^^^^^^^^^^\n\n","$message_type":"diagnostic","children":[],"code":{"code":"missing_docs","explanation":null},"level":"warning","message":"missing documentation for a struct field","spans":[{"byte_end":3881,"byte_start":3862,"column_end":24,"column_start":5,"expansion":null,"file_name":"gameplay_sim/src/world/unified_distance_culling.rs","is_primary":true,"label":null,"line_end":111,"line_start":111,"suggested_replacement":null,"suggestion_applicability":null,"text":[{"highlight_end":24,"highlight_start":5,"text":"    pub is_culled: bool,"}]}]}}
{"reason":"compiler-message","package_id":"path+file:///Users/bradyjeong/Documents/Projects/Amp/gta4/gta_game/gameplay_sim#0.1.0","manifest_path":"/Users/bradyjeong/Documents/Projects/Amp/gta4/gta_game/gameplay_sim/Cargo.toml","target":{"kind":["lib"],"crate_types":["lib"],"name":"gameplay_sim","src_path":"/Users/bradyjeong/Documents/Projects/Amp/gta4/gta_game/gameplay_sim/src/lib.rs","edition":"2021","doc":true,"doctest":true,"test":true},"message":{"rendered":"warning: missing documentation for a struct field\n   --> gameplay_sim/src/world/unified_distance_culling.rs:112:5\n    |\n112 |     pub last_distance: f32,\n    |     ^^^^^^^^^^^^^^^^^^^^^^\n\n","$message_type":"diagnostic","children":[],"code":{"code":"missing_docs","explanation":null},"level":"warning","message":"missing documentation for a struct field","spans":[{"byte_end":3909,"byte_start":3887,"column_end":27,"column_start":5,"expansion":null,"file_name":"gameplay_sim/src/world/unified_distance_culling.rs","is_primary":true,"label":null,"line_end":112,"line_start":112,"suggested_replacement":null,"suggestion_applicability":null,"text":[{"highlight_end":27,"highlight_start":5,"text":"    pub last_distance: f32,"}]}]}}
{"reason":"compiler-message","package_id":"path+file:///Users/bradyjeong/Documents/Projects/Amp/gta4/gta_game/gameplay_sim#0.1.0","manifest_path":"/Users/bradyjeong/Documents/Projects/Amp/gta4/gta_game/gameplay_sim/Cargo.toml","target":{"kind":["lib"],"crate_types":["lib"],"name":"gameplay_sim","src_path":"/Users/bradyjeong/Documents/Projects/Amp/gta4/gta_game/gameplay_sim/src/lib.rs","edition":"2021","doc":true,"doctest":true,"test":true},"message":{"rendered":"warning: missing documentation for a struct field\n   --> gameplay_sim/src/world/unified_distance_culling.rs:113:5\n    |\n113 |     pub last_update: f32,\n    |     ^^^^^^^^^^^^^^^^^^^^\n\n","$message_type":"diagnostic","children":[],"code":{"code":"missing_docs","explanation":null},"level":"warning","message":"missing documentation for a struct field","spans":[{"byte_end":3935,"byte_start":3915,"column_end":25,"column_start":5,"expansion":null,"file_name":"gameplay_sim/src/world/unified_distance_culling.rs","is_primary":true,"label":null,"line_end":113,"line_start":113,"suggested_replacement":null,"suggestion_applicability":null,"text":[{"highlight_end":25,"highlight_start":5,"text":"    pub last_update: f32,"}]}]}}
{"reason":"compiler-message","package_id":"path+file:///Users/bradyjeong/Documents/Projects/Amp/gta4/gta_game/gameplay_sim#0.1.0","manifest_path":"/Users/bradyjeong/Documents/Projects/Amp/gta4/gta_game/gameplay_sim/Cargo.toml","target":{"kind":["lib"],"crate_types":["lib"],"name":"gameplay_sim","src_path":"/Users/bradyjeong/Documents/Projects/Amp/gta4/gta_game/gameplay_sim/src/lib.rs","edition":"2021","doc":true,"doctest":true,"test":true},"message":{"rendered":"warning: missing documentation for a module\n --> gameplay_sim/src/systems/mod.rs:3:1\n  |\n3 | pub mod distance_cache;\n  | ^^^^^^^^^^^^^^^^^^^^^^\n\n","$message_type":"diagnostic","children":[],"code":{"code":"missing_docs","explanation":null},"level":"warning","message":"missing documentation for a module","spans":[{"byte_end":53,"byte_start":31,"column_end":23,"column_start":1,"expansion":null,"file_name":"gameplay_sim/src/systems/mod.rs","is_primary":true,"label":null,"line_end":3,"line_start":3,"suggested_replacement":null,"suggestion_applicability":null,"text":[{"highlight_end":23,"highlight_start":1,"text":"pub mod distance_cache;"}]}]}}
{"reason":"compiler-message","package_id":"path+file:///Users/bradyjeong/Documents/Projects/Amp/gta4/gta_game/gameplay_sim#0.1.0","manifest_path":"/Users/bradyjeong/Documents/Projects/Amp/gta4/gta_game/gameplay_sim/Cargo.toml","target":{"kind":["lib"],"crate_types":["lib"],"name":"gameplay_sim","src_path":"/Users/bradyjeong/Documents/Projects/Amp/gta4/gta_game/gameplay_sim/src/lib.rs","edition":"2021","doc":true,"doctest":true,"test":true},"message":{"rendered":"warning: missing documentation for an associated function\n   --> gameplay_sim/src/world/unified_distance_culling.rs:117:5\n    |\n117 |     pub fn new(config: DistanceCullingConfig) -> Self {\n    |     ^^^^^^^^^^^^^^^^^^^^^^^^^^^^^^^^^^^^^^^^^^^^^^^^^\n\n","$message_type":"diagnostic","children":[],"code":{"code":"missing_docs","explanation":null},"level":"warning","message":"missing documentation for an associated function","spans":[{"byte_end":4016,"byte_start":3967,"column_end":54,"column_start":5,"expansion":null,"file_name":"gameplay_sim/src/world/unified_distance_culling.rs","is_primary":true,"label":null,"line_end":117,"line_start":117,"suggested_replacement":null,"suggestion_applicability":null,"text":[{"highlight_end":54,"highlight_start":5,"text":"    pub fn new(config: DistanceCullingConfig) -> Self {"}]}]}}
{"reason":"compiler-message","package_id":"path+file:///Users/bradyjeong/Documents/Projects/Amp/gta4/gta_game/gameplay_sim#0.1.0","manifest_path":"/Users/bradyjeong/Documents/Projects/Amp/gta4/gta_game/gameplay_sim/Cargo.toml","target":{"kind":["lib"],"crate_types":["lib"],"name":"gameplay_sim","src_path":"/Users/bradyjeong/Documents/Projects/Amp/gta4/gta_game/gameplay_sim/src/lib.rs","edition":"2021","doc":true,"doctest":true,"test":true},"message":{"rendered":"warning: missing documentation for a module\n --> gameplay_sim/src/systems/mod.rs:4:1\n  |\n4 | pub mod human_behavior;\n  | ^^^^^^^^^^^^^^^^^^^^^^\n\n","$message_type":"diagnostic","children":[],"code":{"code":"missing_docs","explanation":null},"level":"warning","message":"missing documentation for a module","spans":[{"byte_end":77,"byte_start":55,"column_end":23,"column_start":1,"expansion":null,"file_name":"gameplay_sim/src/systems/mod.rs","is_primary":true,"label":null,"line_end":4,"line_start":4,"suggested_replacement":null,"suggestion_applicability":null,"text":[{"highlight_end":23,"highlight_start":1,"text":"pub mod human_behavior;"}]}]}}
{"reason":"compiler-message","package_id":"path+file:///Users/bradyjeong/Documents/Projects/Amp/gta4/gta_game/gameplay_sim#0.1.0","manifest_path":"/Users/bradyjeong/Documents/Projects/Amp/gta4/gta_game/gameplay_sim/Cargo.toml","target":{"kind":["lib"],"crate_types":["lib"],"name":"gameplay_sim","src_path":"/Users/bradyjeong/Documents/Projects/Amp/gta4/gta_game/gameplay_sim/src/lib.rs","edition":"2021","doc":true,"doctest":true,"test":true},"message":{"rendered":"warning: missing documentation for an associated function\n   --> gameplay_sim/src/world/unified_distance_culling.rs:127:5\n    |\n127 |     pub fn vehicle() -> Self {\n    |     ^^^^^^^^^^^^^^^^^^^^^^^^\n\n","$message_type":"diagnostic","children":[],"code":{"code":"missing_docs","explanation":null},"level":"warning","message":"missing documentation for an associated function","spans":[{"byte_end":4219,"byte_start":4195,"column_end":29,"column_start":5,"expansion":null,"file_name":"gameplay_sim/src/world/unified_distance_culling.rs","is_primary":true,"label":null,"line_end":127,"line_start":127,"suggested_replacement":null,"suggestion_applicability":null,"text":[{"highlight_end":29,"highlight_start":5,"text":"    pub fn vehicle() -> Self {"}]}]}}
{"reason":"compiler-message","package_id":"path+file:///Users/bradyjeong/Documents/Projects/Amp/gta4/gta_game/gameplay_sim#0.1.0","manifest_path":"/Users/bradyjeong/Documents/Projects/Amp/gta4/gta_game/gameplay_sim/Cargo.toml","target":{"kind":["lib"],"crate_types":["lib"],"name":"gameplay_sim","src_path":"/Users/bradyjeong/Documents/Projects/Amp/gta4/gta_game/gameplay_sim/src/lib.rs","edition":"2021","doc":true,"doctest":true,"test":true},"message":{"rendered":"warning: missing documentation for a module\n --> gameplay_sim/src/systems/mod.rs:6:1\n  |\n6 | pub mod interaction;\n  | ^^^^^^^^^^^^^^^^^^^\n\n","$message_type":"diagnostic","children":[],"code":{"code":"missing_docs","explanation":null},"level":"warning","message":"missing documentation for a module","spans":[{"byte_end":113,"byte_start":94,"column_end":20,"column_start":1,"expansion":null,"file_name":"gameplay_sim/src/systems/mod.rs","is_primary":true,"label":null,"line_end":6,"line_start":6,"suggested_replacement":null,"suggestion_applicability":null,"text":[{"highlight_end":20,"highlight_start":1,"text":"pub mod interaction;"}]}]}}
{"reason":"compiler-message","package_id":"path+file:///Users/bradyjeong/Documents/Projects/Amp/gta4/gta_game/gameplay_sim#0.1.0","manifest_path":"/Users/bradyjeong/Documents/Projects/Amp/gta4/gta_game/gameplay_sim/Cargo.toml","target":{"kind":["lib"],"crate_types":["lib"],"name":"gameplay_sim","src_path":"/Users/bradyjeong/Documents/Projects/Amp/gta4/gta_game/gameplay_sim/src/lib.rs","edition":"2021","doc":true,"doctest":true,"test":true},"message":{"rendered":"warning: missing documentation for an associated function\n   --> gameplay_sim/src/world/unified_distance_culling.rs:131:5\n    |\n131 |     pub fn npc() -> Self {\n    |     ^^^^^^^^^^^^^^^^^^^^\n\n","$message_type":"diagnostic","children":[],"code":{"code":"missing_docs","explanation":null},"level":"warning","message":"missing documentation for an associated function","spans":[{"byte_end":4305,"byte_start":4285,"column_end":25,"column_start":5,"expansion":null,"file_name":"gameplay_sim/src/world/unified_distance_culling.rs","is_primary":true,"label":null,"line_end":131,"line_start":131,"suggested_replacement":null,"suggestion_applicability":null,"text":[{"highlight_end":25,"highlight_start":5,"text":"    pub fn npc() -> Self {"}]}]}}
{"reason":"compiler-message","package_id":"path+file:///Users/bradyjeong/Documents/Projects/Amp/gta4/gta_game/gameplay_sim#0.1.0","manifest_path":"/Users/bradyjeong/Documents/Projects/Amp/gta4/gta_game/gameplay_sim/Cargo.toml","target":{"kind":["lib"],"crate_types":["lib"],"name":"gameplay_sim","src_path":"/Users/bradyjeong/Documents/Projects/Amp/gta4/gta_game/gameplay_sim/src/lib.rs","edition":"2021","doc":true,"doctest":true,"test":true},"message":{"rendered":"warning: missing documentation for a module\n --> gameplay_sim/src/systems/mod.rs:8:1\n  |\n8 | pub mod parallel_physics;\n  | ^^^^^^^^^^^^^^^^^^^^^^^^\n\n","$message_type":"diagnostic","children":[],"code":{"code":"missing_docs","explanation":null},"level":"warning","message":"missing documentation for a module","spans":[{"byte_end":157,"byte_start":133,"column_end":25,"column_start":1,"expansion":null,"file_name":"gameplay_sim/src/systems/mod.rs","is_primary":true,"label":null,"line_end":8,"line_start":8,"suggested_replacement":null,"suggestion_applicability":null,"text":[{"highlight_end":25,"highlight_start":1,"text":"pub mod parallel_physics;"}]}]}}
{"reason":"compiler-message","package_id":"path+file:///Users/bradyjeong/Documents/Projects/Amp/gta4/gta_game/gameplay_sim#0.1.0","manifest_path":"/Users/bradyjeong/Documents/Projects/Amp/gta4/gta_game/gameplay_sim/Cargo.toml","target":{"kind":["lib"],"crate_types":["lib"],"name":"gameplay_sim","src_path":"/Users/bradyjeong/Documents/Projects/Amp/gta4/gta_game/gameplay_sim/src/lib.rs","edition":"2021","doc":true,"doctest":true,"test":true},"message":{"rendered":"warning: missing documentation for an associated function\n   --> gameplay_sim/src/world/unified_distance_culling.rs:135:5\n    |\n135 |     pub fn vegetation() -> Self {\n    |     ^^^^^^^^^^^^^^^^^^^^^^^^^^^\n\n","$message_type":"diagnostic","children":[],"code":{"code":"missing_docs","explanation":null},"level":"warning","message":"missing documentation for an associated function","spans":[{"byte_end":4394,"byte_start":4367,"column_end":32,"column_start":5,"expansion":null,"file_name":"gameplay_sim/src/world/unified_distance_culling.rs","is_primary":true,"label":null,"line_end":135,"line_start":135,"suggested_replacement":null,"suggestion_applicability":null,"text":[{"highlight_end":32,"highlight_start":5,"text":"    pub fn vegetation() -> Self {"}]}]}}
{"reason":"compiler-message","package_id":"path+file:///Users/bradyjeong/Documents/Projects/Amp/gta4/gta_game/gameplay_sim#0.1.0","manifest_path":"/Users/bradyjeong/Documents/Projects/Amp/gta4/gta_game/gameplay_sim/Cargo.toml","target":{"kind":["lib"],"crate_types":["lib"],"name":"gameplay_sim","src_path":"/Users/bradyjeong/Documents/Projects/Amp/gta4/gta_game/gameplay_sim/src/lib.rs","edition":"2021","doc":true,"doctest":true,"test":true},"message":{"rendered":"warning: missing documentation for a module\n  --> gameplay_sim/src/systems/mod.rs:10:1\n   |\n10 | pub mod player_collision_resolution;\n   | ^^^^^^^^^^^^^^^^^^^^^^^^^^^^^^^^^^^\n\n","$message_type":"diagnostic","children":[],"code":{"code":"missing_docs","explanation":null},"level":"warning","message":"missing documentation for a module","spans":[{"byte_end":217,"byte_start":182,"column_end":36,"column_start":1,"expansion":null,"file_name":"gameplay_sim/src/systems/mod.rs","is_primary":true,"label":null,"line_end":10,"line_start":10,"suggested_replacement":null,"suggestion_applicability":null,"text":[{"highlight_end":36,"highlight_start":1,"text":"pub mod player_collision_resolution;"}]}]}}
{"reason":"compiler-message","package_id":"path+file:///Users/bradyjeong/Documents/Projects/Amp/gta4/gta_game/gameplay_sim#0.1.0","manifest_path":"/Users/bradyjeong/Documents/Projects/Amp/gta4/gta_game/gameplay_sim/Cargo.toml","target":{"kind":["lib"],"crate_types":["lib"],"name":"gameplay_sim","src_path":"/Users/bradyjeong/Documents/Projects/Amp/gta4/gta_game/gameplay_sim/src/lib.rs","edition":"2021","doc":true,"doctest":true,"test":true},"message":{"rendered":"warning: missing documentation for an associated function\n   --> gameplay_sim/src/world/unified_distance_culling.rs:139:5\n    |\n139 |     pub fn building() -> Self {\n    |     ^^^^^^^^^^^^^^^^^^^^^^^^^\n\n","$message_type":"diagnostic","children":[],"code":{"code":"missing_docs","explanation":null},"level":"warning","message":"missing documentation for an associated function","spans":[{"byte_end":4488,"byte_start":4463,"column_end":30,"column_start":5,"expansion":null,"file_name":"gameplay_sim/src/world/unified_distance_culling.rs","is_primary":true,"label":null,"line_end":139,"line_start":139,"suggested_replacement":null,"suggestion_applicability":null,"text":[{"highlight_end":30,"highlight_start":5,"text":"    pub fn building() -> Self {"}]}]}}
{"reason":"compiler-message","package_id":"path+file:///Users/bradyjeong/Documents/Projects/Amp/gta4/gta_game/gameplay_sim#0.1.0","manifest_path":"/Users/bradyjeong/Documents/Projects/Amp/gta4/gta_game/gameplay_sim/Cargo.toml","target":{"kind":["lib"],"crate_types":["lib"],"name":"gameplay_sim","src_path":"/Users/bradyjeong/Documents/Projects/Amp/gta4/gta_game/gameplay_sim/src/lib.rs","edition":"2021","doc":true,"doctest":true,"test":true},"message":{"rendered":"warning: missing documentation for an associated function\n   --> gameplay_sim/src/world/unified_distance_culling.rs:143:5\n    |\n143 |     pub fn chunk() -> Self {\n    |     ^^^^^^^^^^^^^^^^^^^^^^\n\n","$message_type":"diagnostic","children":[],"code":{"code":"missing_docs","explanation":null},"level":"warning","message":"missing documentation for an associated function","spans":[{"byte_end":4578,"byte_start":4556,"column_end":27,"column_start":5,"expansion":null,"file_name":"gameplay_sim/src/world/unified_distance_culling.rs","is_primary":true,"label":null,"line_end":143,"line_start":143,"suggested_replacement":null,"suggestion_applicability":null,"text":[{"highlight_end":27,"highlight_start":5,"text":"    pub fn chunk() -> Self {"}]}]}}
{"reason":"compiler-message","package_id":"path+file:///Users/bradyjeong/Documents/Projects/Amp/gta4/gta_game/gameplay_sim#0.1.0","manifest_path":"/Users/bradyjeong/Documents/Projects/Amp/gta4/gta_game/gameplay_sim/Cargo.toml","target":{"kind":["lib"],"crate_types":["lib"],"name":"gameplay_sim","src_path":"/Users/bradyjeong/Documents/Projects/Amp/gta4/gta_game/gameplay_sim/src/lib.rs","edition":"2021","doc":true,"doctest":true,"test":true},"message":{"rendered":"warning: missing documentation for a module\n  --> gameplay_sim/src/systems/mod.rs:11:1\n   |\n11 | pub mod realistic_physics_safeguards;\n   | ^^^^^^^^^^^^^^^^^^^^^^^^^^^^^^^^^^^^\n\n","$message_type":"diagnostic","children":[],"code":{"code":"missing_docs","explanation":null},"level":"warning","message":"missing documentation for a module","spans":[{"byte_end":255,"byte_start":219,"column_end":37,"column_start":1,"expansion":null,"file_name":"gameplay_sim/src/systems/mod.rs","is_primary":true,"label":null,"line_end":11,"line_start":11,"suggested_replacement":null,"suggestion_applicability":null,"text":[{"highlight_end":37,"highlight_start":1,"text":"pub mod realistic_physics_safeguards;"}]}]}}
{"reason":"compiler-message","package_id":"path+file:///Users/bradyjeong/Documents/Projects/Amp/gta4/gta_game/gameplay_sim#0.1.0","manifest_path":"/Users/bradyjeong/Documents/Projects/Amp/gta4/gta_game/gameplay_sim/Cargo.toml","target":{"kind":["lib"],"crate_types":["lib"],"name":"gameplay_sim","src_path":"/Users/bradyjeong/Documents/Projects/Amp/gta4/gta_game/gameplay_sim/src/lib.rs","edition":"2021","doc":true,"doctest":true,"test":true},"message":{"rendered":"warning: missing documentation for a module\n  --> gameplay_sim/src/systems/mod.rs:12:1\n   |\n12 | pub mod spawn_validation;\n   | ^^^^^^^^^^^^^^^^^^^^^^^^\n\n","$message_type":"diagnostic","children":[],"code":{"code":"missing_docs","explanation":null},"level":"warning","message":"missing documentation for a module","spans":[{"byte_end":281,"byte_start":257,"column_end":25,"column_start":1,"expansion":null,"file_name":"gameplay_sim/src/systems/mod.rs","is_primary":true,"label":null,"line_end":12,"line_start":12,"suggested_replacement":null,"suggestion_applicability":null,"text":[{"highlight_end":25,"highlight_start":1,"text":"pub mod spawn_validation;"}]}]}}
{"reason":"compiler-message","package_id":"path+file:///Users/bradyjeong/Documents/Projects/Amp/gta4/gta_game/gameplay_sim#0.1.0","manifest_path":"/Users/bradyjeong/Documents/Projects/Amp/gta4/gta_game/gameplay_sim/Cargo.toml","target":{"kind":["lib"],"crate_types":["lib"],"name":"gameplay_sim","src_path":"/Users/bradyjeong/Documents/Projects/Amp/gta4/gta_game/gameplay_sim/src/lib.rs","edition":"2021","doc":true,"doctest":true,"test":true},"message":{"rendered":"warning: missing documentation for a struct field\n   --> gameplay_sim/src/world/unified_distance_culling.rs:173:5\n    |\n173 |     pub elapsed: f32,\n    |     ^^^^^^^^^^^^^^^^\n\n","$message_type":"diagnostic","children":[],"code":{"code":"missing_docs","explanation":null},"level":"warning","message":"missing documentation for a struct field","spans":[{"byte_end":5694,"byte_start":5678,"column_end":21,"column_start":5,"expansion":null,"file_name":"gameplay_sim/src/world/unified_distance_culling.rs","is_primary":true,"label":null,"line_end":173,"line_start":173,"suggested_replacement":null,"suggestion_applicability":null,"text":[{"highlight_end":21,"highlight_start":5,"text":"    pub elapsed: f32,"}]}]}}
{"reason":"compiler-message","package_id":"path+file:///Users/bradyjeong/Documents/Projects/Amp/gta4/gta_game/gameplay_sim#0.1.0","manifest_path":"/Users/bradyjeong/Documents/Projects/Amp/gta4/gta_game/gameplay_sim/Cargo.toml","target":{"kind":["lib"],"crate_types":["lib"],"name":"gameplay_sim","src_path":"/Users/bradyjeong/Documents/Projects/Amp/gta4/gta_game/gameplay_sim/src/lib.rs","edition":"2021","doc":true,"doctest":true,"test":true},"message":{"rendered":"warning: missing documentation for a module\n  --> gameplay_sim/src/systems/mod.rs:13:1\n   |\n13 | pub mod unified_distance_calculator;\n   | ^^^^^^^^^^^^^^^^^^^^^^^^^^^^^^^^^^^\n\n","$message_type":"diagnostic","children":[],"code":{"code":"missing_docs","explanation":null},"level":"warning","message":"missing documentation for a module","spans":[{"byte_end":318,"byte_start":283,"column_end":36,"column_start":1,"expansion":null,"file_name":"gameplay_sim/src/systems/mod.rs","is_primary":true,"label":null,"line_end":13,"line_start":13,"suggested_replacement":null,"suggestion_applicability":null,"text":[{"highlight_end":36,"highlight_start":1,"text":"pub mod unified_distance_calculator;"}]}]}}
{"reason":"compiler-message","package_id":"path+file:///Users/bradyjeong/Documents/Projects/Amp/gta4/gta_game/gameplay_sim#0.1.0","manifest_path":"/Users/bradyjeong/Documents/Projects/Amp/gta4/gta_game/gameplay_sim/Cargo.toml","target":{"kind":["lib"],"crate_types":["lib"],"name":"gameplay_sim","src_path":"/Users/bradyjeong/Documents/Projects/Amp/gta4/gta_game/gameplay_sim/src/lib.rs","edition":"2021","doc":true,"doctest":true,"test":true},"message":{"rendered":"warning: missing documentation for a module\n  --> gameplay_sim/src/systems/mod.rs:20:1\n   |\n20 | pub mod water;\n   | ^^^^^^^^^^^^^\n\n","$message_type":"diagnostic","children":[],"code":{"code":"missing_docs","explanation":null},"level":"warning","message":"missing documentation for a module","spans":[{"byte_end":453,"byte_start":440,"column_end":14,"column_start":1,"expansion":null,"file_name":"gameplay_sim/src/systems/mod.rs","is_primary":true,"label":null,"line_end":20,"line_start":20,"suggested_replacement":null,"suggestion_applicability":null,"text":[{"highlight_end":14,"highlight_start":1,"text":"pub mod water;"}]}]}}
{"reason":"compiler-message","package_id":"path+file:///Users/bradyjeong/Documents/Projects/Amp/gta4/gta_game/gameplay_sim#0.1.0","manifest_path":"/Users/bradyjeong/Documents/Projects/Amp/gta4/gta_game/gameplay_sim/Cargo.toml","target":{"kind":["lib"],"crate_types":["lib"],"name":"gameplay_sim","src_path":"/Users/bradyjeong/Documents/Projects/Amp/gta4/gta_game/gameplay_sim/src/lib.rs","edition":"2021","doc":true,"doctest":true,"test":true},"message":{"rendered":"warning: missing documentation for a struct field\n   --> gameplay_sim/src/world/unified_distance_culling.rs:285:5\n    |\n285 |     pub new_lod: VehicleLOD,\n    |     ^^^^^^^^^^^^^^^^^^^^^^^\n\n","$message_type":"diagnostic","children":[],"code":{"code":"missing_docs","explanation":null},"level":"warning","message":"missing documentation for a struct field","spans":[{"byte_end":9807,"byte_start":9784,"column_end":28,"column_start":5,"expansion":null,"file_name":"gameplay_sim/src/world/unified_distance_culling.rs","is_primary":true,"label":null,"line_end":285,"line_start":285,"suggested_replacement":null,"suggestion_applicability":null,"text":[{"highlight_end":28,"highlight_start":5,"text":"    pub new_lod: VehicleLOD,"}]}]}}
{"reason":"compiler-message","package_id":"path+file:///Users/bradyjeong/Documents/Projects/Amp/gta4/gta_game/gameplay_sim#0.1.0","manifest_path":"/Users/bradyjeong/Documents/Projects/Amp/gta4/gta_game/gameplay_sim/Cargo.toml","target":{"kind":["lib"],"crate_types":["lib"],"name":"gameplay_sim","src_path":"/Users/bradyjeong/Documents/Projects/Amp/gta4/gta_game/gameplay_sim/src/lib.rs","edition":"2021","doc":true,"doctest":true,"test":true},"message":{"rendered":"warning: missing documentation for a module\n  --> gameplay_sim/src/systems/mod.rs:22:1\n   |\n22 | pub mod batching;\n   | ^^^^^^^^^^^^^^^^\n\n","$message_type":"diagnostic","children":[],"code":{"code":"missing_docs","explanation":null},"level":"warning","message":"missing documentation for a module","spans":[{"byte_end":472,"byte_start":456,"column_end":17,"column_start":1,"expansion":null,"file_name":"gameplay_sim/src/systems/mod.rs","is_primary":true,"label":null,"line_end":22,"line_start":22,"suggested_replacement":null,"suggestion_applicability":null,"text":[{"highlight_end":17,"highlight_start":1,"text":"pub mod batching;"}]}]}}
{"reason":"compiler-message","package_id":"path+file:///Users/bradyjeong/Documents/Projects/Amp/gta4/gta_game/gameplay_sim#0.1.0","manifest_path":"/Users/bradyjeong/Documents/Projects/Amp/gta4/gta_game/gameplay_sim/Cargo.toml","target":{"kind":["lib"],"crate_types":["lib"],"name":"gameplay_sim","src_path":"/Users/bradyjeong/Documents/Projects/Amp/gta4/gta_game/gameplay_sim/src/lib.rs","edition":"2021","doc":true,"doctest":true,"test":true},"message":{"rendered":"warning: missing documentation for a module\n  --> gameplay_sim/src/systems/mod.rs:23:1\n   |\n23 | pub mod effects;\n   | ^^^^^^^^^^^^^^^\n\n","$message_type":"diagnostic","children":[],"code":{"code":"missing_docs","explanation":null},"level":"warning","message":"missing documentation for a module","spans":[{"byte_end":489,"byte_start":474,"column_end":16,"column_start":1,"expansion":null,"file_name":"gameplay_sim/src/systems/mod.rs","is_primary":true,"label":null,"line_end":23,"line_start":23,"suggested_replacement":null,"suggestion_applicability":null,"text":[{"highlight_end":16,"highlight_start":1,"text":"pub mod effects;"}]}]}}
{"reason":"compiler-message","package_id":"path+file:///Users/bradyjeong/Documents/Projects/Amp/gta4/gta_game/gameplay_sim#0.1.0","manifest_path":"/Users/bradyjeong/Documents/Projects/Amp/gta4/gta_game/gameplay_sim/Cargo.toml","target":{"kind":["lib"],"crate_types":["lib"],"name":"gameplay_sim","src_path":"/Users/bradyjeong/Documents/Projects/Amp/gta4/gta_game/gameplay_sim/src/lib.rs","edition":"2021","doc":true,"doctest":true,"test":true},"message":{"rendered":"warning: missing documentation for a struct field\n   --> gameplay_sim/src/world/unified_distance_culling.rs:321:5\n    |\n321 |     pub new_lod: NPCLOD,\n    |     ^^^^^^^^^^^^^^^^^^^\n\n","$message_type":"diagnostic","children":[],"code":{"code":"missing_docs","explanation":null},"level":"warning","message":"missing documentation for a struct field","spans":[{"byte_end":11066,"byte_start":11047,"column_end":24,"column_start":5,"expansion":null,"file_name":"gameplay_sim/src/world/unified_distance_culling.rs","is_primary":true,"label":null,"line_end":321,"line_start":321,"suggested_replacement":null,"suggestion_applicability":null,"text":[{"highlight_end":24,"highlight_start":5,"text":"    pub new_lod: NPCLOD,"}]}]}}
{"reason":"compiler-message","package_id":"path+file:///Users/bradyjeong/Documents/Projects/Amp/gta4/gta_game/gameplay_sim#0.1.0","manifest_path":"/Users/bradyjeong/Documents/Projects/Amp/gta4/gta_game/gameplay_sim/Cargo.toml","target":{"kind":["lib"],"crate_types":["lib"],"name":"gameplay_sim","src_path":"/Users/bradyjeong/Documents/Projects/Amp/gta4/gta_game/gameplay_sim/src/lib.rs","edition":"2021","doc":true,"doctest":true,"test":true},"message":{"rendered":"warning: missing documentation for a struct\n  --> gameplay_sim/src/systems/distance_cache.rs:18:1\n   |\n18 | pub struct DistanceCacheStats {\n   | ^^^^^^^^^^^^^^^^^^^^^^^^^^^^^\n\n","$message_type":"diagnostic","children":[],"code":{"code":"missing_docs","explanation":null},"level":"warning","message":"missing documentation for a struct","spans":[{"byte_end":641,"byte_start":612,"column_end":30,"column_start":1,"expansion":null,"file_name":"gameplay_sim/src/systems/distance_cache.rs","is_primary":true,"label":null,"line_end":18,"line_start":18,"suggested_replacement":null,"suggestion_applicability":null,"text":[{"highlight_end":30,"highlight_start":1,"text":"pub struct DistanceCacheStats {"}]}]}}
{"reason":"compiler-message","package_id":"path+file:///Users/bradyjeong/Documents/Projects/Amp/gta4/gta_game/gameplay_sim#0.1.0","manifest_path":"/Users/bradyjeong/Documents/Projects/Amp/gta4/gta_game/gameplay_sim/Cargo.toml","target":{"kind":["lib"],"crate_types":["lib"],"name":"gameplay_sim","src_path":"/Users/bradyjeong/Documents/Projects/Amp/gta4/gta_game/gameplay_sim/src/lib.rs","edition":"2021","doc":true,"doctest":true,"test":true},"message":{"rendered":"warning: missing documentation for a struct field\n  --> gameplay_sim/src/systems/distance_cache.rs:19:5\n   |\n19 |     pub hits: u64,\n   |     ^^^^^^^^^^^^^\n\n","$message_type":"diagnostic","children":[],"code":{"code":"missing_docs","explanation":null},"level":"warning","message":"missing documentation for a struct field","spans":[{"byte_end":661,"byte_start":648,"column_end":18,"column_start":5,"expansion":null,"file_name":"gameplay_sim/src/systems/distance_cache.rs","is_primary":true,"label":null,"line_end":19,"line_start":19,"suggested_replacement":null,"suggestion_applicability":null,"text":[{"highlight_end":18,"highlight_start":5,"text":"    pub hits: u64,"}]}]}}
{"reason":"compiler-message","package_id":"path+file:///Users/bradyjeong/Documents/Projects/Amp/gta4/gta_game/gameplay_sim#0.1.0","manifest_path":"/Users/bradyjeong/Documents/Projects/Amp/gta4/gta_game/gameplay_sim/Cargo.toml","target":{"kind":["lib"],"crate_types":["lib"],"name":"gameplay_sim","src_path":"/Users/bradyjeong/Documents/Projects/Amp/gta4/gta_game/gameplay_sim/src/lib.rs","edition":"2021","doc":true,"doctest":true,"test":true},"message":{"rendered":"warning: missing documentation for a struct field\n   --> gameplay_sim/src/world/unified_distance_culling.rs:358:5\n    |\n358 |     pub new_detail_level: VegetationDetailLevel,\n    |     ^^^^^^^^^^^^^^^^^^^^^^^^^^^^^^^^^^^^^^^^^^^\n\n","$message_type":"diagnostic","children":[],"code":{"code":"missing_docs","explanation":null},"level":"warning","message":"missing documentation for a struct field","spans":[{"byte_end":12422,"byte_start":12379,"column_end":48,"column_start":5,"expansion":null,"file_name":"gameplay_sim/src/world/unified_distance_culling.rs","is_primary":true,"label":null,"line_end":358,"line_start":358,"suggested_replacement":null,"suggestion_applicability":null,"text":[{"highlight_end":48,"highlight_start":5,"text":"    pub new_detail_level: VegetationDetailLevel,"}]}]}}
{"reason":"compiler-message","package_id":"path+file:///Users/bradyjeong/Documents/Projects/Amp/gta4/gta_game/gameplay_sim#0.1.0","manifest_path":"/Users/bradyjeong/Documents/Projects/Amp/gta4/gta_game/gameplay_sim/Cargo.toml","target":{"kind":["lib"],"crate_types":["lib"],"name":"gameplay_sim","src_path":"/Users/bradyjeong/Documents/Projects/Amp/gta4/gta_game/gameplay_sim/src/lib.rs","edition":"2021","doc":true,"doctest":true,"test":true},"message":{"rendered":"warning: missing documentation for a struct field\n  --> gameplay_sim/src/systems/distance_cache.rs:20:5\n   |\n20 |     pub misses: u64,\n   |     ^^^^^^^^^^^^^^^\n\n","$message_type":"diagnostic","children":[],"code":{"code":"missing_docs","explanation":null},"level":"warning","message":"missing documentation for a struct field","spans":[{"byte_end":682,"byte_start":667,"column_end":20,"column_start":5,"expansion":null,"file_name":"gameplay_sim/src/systems/distance_cache.rs","is_primary":true,"label":null,"line_end":20,"line_start":20,"suggested_replacement":null,"suggestion_applicability":null,"text":[{"highlight_end":20,"highlight_start":5,"text":"    pub misses: u64,"}]}]}}
{"reason":"compiler-message","package_id":"path+file:///Users/bradyjeong/Documents/Projects/Amp/gta4/gta_game/gameplay_sim#0.1.0","manifest_path":"/Users/bradyjeong/Documents/Projects/Amp/gta4/gta_game/gameplay_sim/Cargo.toml","target":{"kind":["lib"],"crate_types":["lib"],"name":"gameplay_sim","src_path":"/Users/bradyjeong/Documents/Projects/Amp/gta4/gta_game/gameplay_sim/src/lib.rs","edition":"2021","doc":true,"doctest":true,"test":true},"message":{"rendered":"warning: missing documentation for a struct field\n   --> gameplay_sim/src/world/unified_distance_culling.rs:359:5\n    |\n359 |     pub distance: f32,\n    |     ^^^^^^^^^^^^^^^^^\n\n","$message_type":"diagnostic","children":[],"code":{"code":"missing_docs","explanation":null},"level":"warning","message":"missing documentation for a struct field","spans":[{"byte_end":12445,"byte_start":12428,"column_end":22,"column_start":5,"expansion":null,"file_name":"gameplay_sim/src/world/unified_distance_culling.rs","is_primary":true,"label":null,"line_end":359,"line_start":359,"suggested_replacement":null,"suggestion_applicability":null,"text":[{"highlight_end":22,"highlight_start":5,"text":"    pub distance: f32,"}]}]}}
{"reason":"compiler-message","package_id":"path+file:///Users/bradyjeong/Documents/Projects/Amp/gta4/gta_game/gameplay_sim#0.1.0","manifest_path":"/Users/bradyjeong/Documents/Projects/Amp/gta4/gta_game/gameplay_sim/Cargo.toml","target":{"kind":["lib"],"crate_types":["lib"],"name":"gameplay_sim","src_path":"/Users/bradyjeong/Documents/Projects/Amp/gta4/gta_game/gameplay_sim/src/lib.rs","edition":"2021","doc":true,"doctest":true,"test":true},"message":{"rendered":"warning: missing documentation for a struct field\n  --> gameplay_sim/src/systems/distance_cache.rs:21:5\n   |\n21 |     pub invalidations: u64,\n   |     ^^^^^^^^^^^^^^^^^^^^^^\n\n","$message_type":"diagnostic","children":[],"code":{"code":"missing_docs","explanation":null},"level":"warning","message":"missing documentation for a struct field","spans":[{"byte_end":710,"byte_start":688,"column_end":27,"column_start":5,"expansion":null,"file_name":"gameplay_sim/src/systems/distance_cache.rs","is_primary":true,"label":null,"line_end":21,"line_start":21,"suggested_replacement":null,"suggestion_applicability":null,"text":[{"highlight_end":27,"highlight_start":5,"text":"    pub invalidations: u64,"}]}]}}
{"reason":"compiler-message","package_id":"path+file:///Users/bradyjeong/Documents/Projects/Amp/gta4/gta_game/gameplay_sim#0.1.0","manifest_path":"/Users/bradyjeong/Documents/Projects/Amp/gta4/gta_game/gameplay_sim/Cargo.toml","target":{"kind":["lib"],"crate_types":["lib"],"name":"gameplay_sim","src_path":"/Users/bradyjeong/Documents/Projects/Amp/gta4/gta_game/gameplay_sim/src/lib.rs","edition":"2021","doc":true,"doctest":true,"test":true},"message":{"rendered":"warning: missing documentation for a struct field\n   --> gameplay_sim/src/world/unified_distance_culling.rs:389:5\n    |\n389 |     pub new_lod: usize,\n    |     ^^^^^^^^^^^^^^^^^^\n\n","$message_type":"diagnostic","children":[],"code":{"code":"missing_docs","explanation":null},"level":"warning","message":"missing documentation for a struct field","spans":[{"byte_end":13457,"byte_start":13439,"column_end":23,"column_start":5,"expansion":null,"file_name":"gameplay_sim/src/world/unified_distance_culling.rs","is_primary":true,"label":null,"line_end":389,"line_start":389,"suggested_replacement":null,"suggestion_applicability":null,"text":[{"highlight_end":23,"highlight_start":5,"text":"    pub new_lod: usize,"}]}]}}
{"reason":"compiler-message","package_id":"path+file:///Users/bradyjeong/Documents/Projects/Amp/gta4/gta_game/gameplay_sim#0.1.0","manifest_path":"/Users/bradyjeong/Documents/Projects/Amp/gta4/gta_game/gameplay_sim/Cargo.toml","target":{"kind":["lib"],"crate_types":["lib"],"name":"gameplay_sim","src_path":"/Users/bradyjeong/Documents/Projects/Amp/gta4/gta_game/gameplay_sim/src/lib.rs","edition":"2021","doc":true,"doctest":true,"test":true},"message":{"rendered":"warning: missing documentation for a struct field\n  --> gameplay_sim/src/systems/distance_cache.rs:22:5\n   |\n22 |     pub cleanups: u64,\n   |     ^^^^^^^^^^^^^^^^^\n\n","$message_type":"diagnostic","children":[],"code":{"code":"missing_docs","explanation":null},"level":"warning","message":"missing documentation for a struct field","spans":[{"byte_end":733,"byte_start":716,"column_end":22,"column_start":5,"expansion":null,"file_name":"gameplay_sim/src/systems/distance_cache.rs","is_primary":true,"label":null,"line_end":22,"line_start":22,"suggested_replacement":null,"suggestion_applicability":null,"text":[{"highlight_end":22,"highlight_start":5,"text":"    pub cleanups: u64,"}]}]}}
{"reason":"compiler-message","package_id":"path+file:///Users/bradyjeong/Documents/Projects/Amp/gta4/gta_game/gameplay_sim#0.1.0","manifest_path":"/Users/bradyjeong/Documents/Projects/Amp/gta4/gta_game/gameplay_sim/Cargo.toml","target":{"kind":["lib"],"crate_types":["lib"],"name":"gameplay_sim","src_path":"/Users/bradyjeong/Documents/Projects/Amp/gta4/gta_game/gameplay_sim/src/lib.rs","edition":"2021","doc":true,"doctest":true,"test":true},"message":{"rendered":"warning: missing documentation for a struct field\n   --> gameplay_sim/src/world/unified_distance_culling.rs:390:5\n    |\n390 |     pub distance: f32,\n    |     ^^^^^^^^^^^^^^^^^\n\n","$message_type":"diagnostic","children":[],"code":{"code":"missing_docs","explanation":null},"level":"warning","message":"missing documentation for a struct field","spans":[{"byte_end":13480,"byte_start":13463,"column_end":22,"column_start":5,"expansion":null,"file_name":"gameplay_sim/src/world/unified_distance_culling.rs","is_primary":true,"label":null,"line_end":390,"line_start":390,"suggested_replacement":null,"suggestion_applicability":null,"text":[{"highlight_end":22,"highlight_start":5,"text":"    pub distance: f32,"}]}]}}
{"reason":"compiler-message","package_id":"path+file:///Users/bradyjeong/Documents/Projects/Amp/gta4/gta_game/gameplay_sim#0.1.0","manifest_path":"/Users/bradyjeong/Documents/Projects/Amp/gta4/gta_game/gameplay_sim/Cargo.toml","target":{"kind":["lib"],"crate_types":["lib"],"name":"gameplay_sim","src_path":"/Users/bradyjeong/Documents/Projects/Amp/gta4/gta_game/gameplay_sim/src/lib.rs","edition":"2021","doc":true,"doctest":true,"test":true},"message":{"rendered":"warning: missing documentation for a method\n  --> gameplay_sim/src/systems/distance_cache.rs:26:5\n   |\n26 |     pub fn hit_rate(&self) -> f64 {\n   |     ^^^^^^^^^^^^^^^^^^^^^^^^^^^^^\n\n","$message_type":"diagnostic","children":[],"code":{"code":"missing_docs","explanation":null},"level":"warning","message":"missing documentation for a method","spans":[{"byte_end":797,"byte_start":768,"column_end":34,"column_start":5,"expansion":null,"file_name":"gameplay_sim/src/systems/distance_cache.rs","is_primary":true,"label":null,"line_end":26,"line_start":26,"suggested_replacement":null,"suggestion_applicability":null,"text":[{"highlight_end":34,"highlight_start":5,"text":"    pub fn hit_rate(&self) -> f64 {"}]}]}}
{"reason":"compiler-message","package_id":"path+file:///Users/bradyjeong/Documents/Projects/Amp/gta4/gta_game/gameplay_sim#0.1.0","manifest_path":"/Users/bradyjeong/Documents/Projects/Amp/gta4/gta_game/gameplay_sim/Cargo.toml","target":{"kind":["lib"],"crate_types":["lib"],"name":"gameplay_sim","src_path":"/Users/bradyjeong/Documents/Projects/Amp/gta4/gta_game/gameplay_sim/src/lib.rs","edition":"2021","doc":true,"doctest":true,"test":true},"message":{"rendered":"warning: missing documentation for an associated function\n  --> gameplay_sim/src/systems/distance_cache.rs:36:5\n   |\n36 |     pub fn new() -> Self {\n   |     ^^^^^^^^^^^^^^^^^^^^\n\n","$message_type":"diagnostic","children":[],"code":{"code":"missing_docs","explanation":null},"level":"warning","message":"missing documentation for an associated function","spans":[{"byte_end":1003,"byte_start":983,"column_end":25,"column_start":5,"expansion":null,"file_name":"gameplay_sim/src/systems/distance_cache.rs","is_primary":true,"label":null,"line_end":36,"line_start":36,"suggested_replacement":null,"suggestion_applicability":null,"text":[{"highlight_end":25,"highlight_start":5,"text":"    pub fn new() -> Self {"}]}]}}
{"reason":"compiler-message","package_id":"path+file:///Users/bradyjeong/Documents/Projects/Amp/gta4/gta_game/gameplay_sim#0.1.0","manifest_path":"/Users/bradyjeong/Documents/Projects/Amp/gta4/gta_game/gameplay_sim/Cargo.toml","target":{"kind":["lib"],"crate_types":["lib"],"name":"gameplay_sim","src_path":"/Users/bradyjeong/Documents/Projects/Amp/gta4/gta_game/gameplay_sim/src/lib.rs","edition":"2021","doc":true,"doctest":true,"test":true},"message":{"rendered":"warning: missing documentation for a struct\n  --> gameplay_sim/src/systems/human_behavior.rs:12:1\n   |\n12 | pub struct HumanEmotions {\n   | ^^^^^^^^^^^^^^^^^^^^^^^^\n\n","$message_type":"diagnostic","children":[],"code":{"code":"missing_docs","explanation":null},"level":"warning","message":"missing documentation for a struct","spans":[{"byte_end":281,"byte_start":257,"column_end":25,"column_start":1,"expansion":null,"file_name":"gameplay_sim/src/systems/human_behavior.rs","is_primary":true,"label":null,"line_end":12,"line_start":12,"suggested_replacement":null,"suggestion_applicability":null,"text":[{"highlight_end":25,"highlight_start":1,"text":"pub struct HumanEmotions {"}]}]}}
{"reason":"compiler-message","package_id":"path+file:///Users/bradyjeong/Documents/Projects/Amp/gta4/gta_game/gameplay_sim#0.1.0","manifest_path":"/Users/bradyjeong/Documents/Projects/Amp/gta4/gta_game/gameplay_sim/Cargo.toml","target":{"kind":["lib"],"crate_types":["lib"],"name":"gameplay_sim","src_path":"/Users/bradyjeong/Documents/Projects/Amp/gta4/gta_game/gameplay_sim/src/lib.rs","edition":"2021","doc":true,"doctest":true,"test":true},"message":{"rendered":"warning: missing documentation for a struct field\n  --> gameplay_sim/src/systems/human_behavior.rs:13:5\n   |\n13 |     pub stress_level: f32,\n   |     ^^^^^^^^^^^^^^^^^^^^^\n\n","$message_type":"diagnostic","children":[],"code":{"code":"missing_docs","explanation":null},"level":"warning","message":"missing documentation for a struct field","spans":[{"byte_end":309,"byte_start":288,"column_end":26,"column_start":5,"expansion":null,"file_name":"gameplay_sim/src/systems/human_behavior.rs","is_primary":true,"label":null,"line_end":13,"line_start":13,"suggested_replacement":null,"suggestion_applicability":null,"text":[{"highlight_end":26,"highlight_start":5,"text":"    pub stress_level: f32,"}]}]}}
{"reason":"compiler-message","package_id":"path+file:///Users/bradyjeong/Documents/Projects/Amp/gta4/gta_game/gameplay_sim#0.1.0","manifest_path":"/Users/bradyjeong/Documents/Projects/Amp/gta4/gta_game/gameplay_sim/Cargo.toml","target":{"kind":["lib"],"crate_types":["lib"],"name":"gameplay_sim","src_path":"/Users/bradyjeong/Documents/Projects/Amp/gta4/gta_game/gameplay_sim/src/lib.rs","edition":"2021","doc":true,"doctest":true,"test":true},"message":{"rendered":"warning: missing documentation for a struct field\n  --> gameplay_sim/src/systems/human_behavior.rs:14:5\n   |\n14 |     pub energy_level: f32,\n   |     ^^^^^^^^^^^^^^^^^^^^^\n\n","$message_type":"diagnostic","children":[],"code":{"code":"missing_docs","explanation":null},"level":"warning","message":"missing documentation for a struct field","spans":[{"byte_end":336,"byte_start":315,"column_end":26,"column_start":5,"expansion":null,"file_name":"gameplay_sim/src/systems/human_behavior.rs","is_primary":true,"label":null,"line_end":14,"line_start":14,"suggested_replacement":null,"suggestion_applicability":null,"text":[{"highlight_end":26,"highlight_start":5,"text":"    pub energy_level: f32,"}]}]}}
{"reason":"compiler-message","package_id":"path+file:///Users/bradyjeong/Documents/Projects/Amp/gta4/gta_game/gameplay_sim#0.1.0","manifest_path":"/Users/bradyjeong/Documents/Projects/Amp/gta4/gta_game/gameplay_sim/Cargo.toml","target":{"kind":["lib"],"crate_types":["lib"],"name":"gameplay_sim","src_path":"/Users/bradyjeong/Documents/Projects/Amp/gta4/gta_game/gameplay_sim/src/lib.rs","edition":"2021","doc":true,"doctest":true,"test":true},"message":{"rendered":"warning: missing documentation for a struct field\n  --> gameplay_sim/src/systems/human_behavior.rs:15:5\n   |\n15 |     pub mood: Mood,\n   |     ^^^^^^^^^^^^^^\n\n","$message_type":"diagnostic","children":[],"code":{"code":"missing_docs","explanation":null},"level":"warning","message":"missing documentation for a struct field","spans":[{"byte_end":356,"byte_start":342,"column_end":19,"column_start":5,"expansion":null,"file_name":"gameplay_sim/src/systems/human_behavior.rs","is_primary":true,"label":null,"line_end":15,"line_start":15,"suggested_replacement":null,"suggestion_applicability":null,"text":[{"highlight_end":19,"highlight_start":5,"text":"    pub mood: Mood,"}]}]}}
{"reason":"compiler-message","package_id":"path+file:///Users/bradyjeong/Documents/Projects/Amp/gta4/gta_game/gameplay_sim#0.1.0","manifest_path":"/Users/bradyjeong/Documents/Projects/Amp/gta4/gta_game/gameplay_sim/Cargo.toml","target":{"kind":["lib"],"crate_types":["lib"],"name":"gameplay_sim","src_path":"/Users/bradyjeong/Documents/Projects/Amp/gta4/gta_game/gameplay_sim/src/lib.rs","edition":"2021","doc":true,"doctest":true,"test":true},"message":{"rendered":"warning: missing documentation for a struct field\n  --> gameplay_sim/src/systems/human_behavior.rs:16:5\n   |\n16 |     pub last_mood_change: f32,\n   |     ^^^^^^^^^^^^^^^^^^^^^^^^^\n\n","$message_type":"diagnostic","children":[],"code":{"code":"missing_docs","explanation":null},"level":"warning","message":"missing documentation for a struct field","spans":[{"byte_end":387,"byte_start":362,"column_end":30,"column_start":5,"expansion":null,"file_name":"gameplay_sim/src/systems/human_behavior.rs","is_primary":true,"label":null,"line_end":16,"line_start":16,"suggested_replacement":null,"suggestion_applicability":null,"text":[{"highlight_end":30,"highlight_start":5,"text":"    pub last_mood_change: f32,"}]}]}}
{"reason":"compiler-message","package_id":"path+file:///Users/bradyjeong/Documents/Projects/Amp/gta4/gta_game/gameplay_sim#0.1.0","manifest_path":"/Users/bradyjeong/Documents/Projects/Amp/gta4/gta_game/gameplay_sim/Cargo.toml","target":{"kind":["lib"],"crate_types":["lib"],"name":"gameplay_sim","src_path":"/Users/bradyjeong/Documents/Projects/Amp/gta4/gta_game/gameplay_sim/src/lib.rs","edition":"2021","doc":true,"doctest":true,"test":true},"message":{"rendered":"warning: missing documentation for an enum\n  --> gameplay_sim/src/systems/human_behavior.rs:20:1\n   |\n20 | pub enum Mood {\n   | ^^^^^^^^^^^^^\n\n","$message_type":"diagnostic","children":[],"code":{"code":"missing_docs","explanation":null},"level":"warning","message":"missing documentation for an enum","spans":[{"byte_end":446,"byte_start":433,"column_end":14,"column_start":1,"expansion":null,"file_name":"gameplay_sim/src/systems/human_behavior.rs","is_primary":true,"label":null,"line_end":20,"line_start":20,"suggested_replacement":null,"suggestion_applicability":null,"text":[{"highlight_end":14,"highlight_start":1,"text":"pub enum Mood {"}]}]}}
{"reason":"compiler-message","package_id":"path+file:///Users/bradyjeong/Documents/Projects/Amp/gta4/gta_game/gameplay_sim#0.1.0","manifest_path":"/Users/bradyjeong/Documents/Projects/Amp/gta4/gta_game/gameplay_sim/Cargo.toml","target":{"kind":["lib"],"crate_types":["lib"],"name":"gameplay_sim","src_path":"/Users/bradyjeong/Documents/Projects/Amp/gta4/gta_game/gameplay_sim/src/lib.rs","edition":"2021","doc":true,"doctest":true,"test":true},"message":{"rendered":"warning: missing documentation for a variant\n  --> gameplay_sim/src/systems/human_behavior.rs:21:5\n   |\n21 |     Calm,\n   |     ^^^^\n\n","$message_type":"diagnostic","children":[],"code":{"code":"missing_docs","explanation":null},"level":"warning","message":"missing documentation for a variant","spans":[{"byte_end":457,"byte_start":453,"column_end":9,"column_start":5,"expansion":null,"file_name":"gameplay_sim/src/systems/human_behavior.rs","is_primary":true,"label":null,"line_end":21,"line_start":21,"suggested_replacement":null,"suggestion_applicability":null,"text":[{"highlight_end":9,"highlight_start":5,"text":"    Calm,"}]}]}}
{"reason":"compiler-message","package_id":"path+file:///Users/bradyjeong/Documents/Projects/Amp/gta4/gta_game/gameplay_sim#0.1.0","manifest_path":"/Users/bradyjeong/Documents/Projects/Amp/gta4/gta_game/gameplay_sim/Cargo.toml","target":{"kind":["lib"],"crate_types":["lib"],"name":"gameplay_sim","src_path":"/Users/bradyjeong/Documents/Projects/Amp/gta4/gta_game/gameplay_sim/src/lib.rs","edition":"2021","doc":true,"doctest":true,"test":true},"message":{"rendered":"warning: missing documentation for a variant\n  --> gameplay_sim/src/systems/human_behavior.rs:22:5\n   |\n22 |     Excited,\n   |     ^^^^^^^\n\n","$message_type":"diagnostic","children":[],"code":{"code":"missing_docs","explanation":null},"level":"warning","message":"missing documentation for a variant","spans":[{"byte_end":470,"byte_start":463,"column_end":12,"column_start":5,"expansion":null,"file_name":"gameplay_sim/src/systems/human_behavior.rs","is_primary":true,"label":null,"line_end":22,"line_start":22,"suggested_replacement":null,"suggestion_applicability":null,"text":[{"highlight_end":12,"highlight_start":5,"text":"    Excited,"}]}]}}
{"reason":"compiler-message","package_id":"path+file:///Users/bradyjeong/Documents/Projects/Amp/gta4/gta_game/gameplay_sim#0.1.0","manifest_path":"/Users/bradyjeong/Documents/Projects/Amp/gta4/gta_game/gameplay_sim/Cargo.toml","target":{"kind":["lib"],"crate_types":["lib"],"name":"gameplay_sim","src_path":"/Users/bradyjeong/Documents/Projects/Amp/gta4/gta_game/gameplay_sim/src/lib.rs","edition":"2021","doc":true,"doctest":true,"test":true},"message":{"rendered":"warning: missing documentation for a variant\n  --> gameplay_sim/src/systems/human_behavior.rs:23:5\n   |\n23 |     Tired,\n   |     ^^^^^\n\n","$message_type":"diagnostic","children":[],"code":{"code":"missing_docs","explanation":null},"level":"warning","message":"missing documentation for a variant","spans":[{"byte_end":481,"byte_start":476,"column_end":10,"column_start":5,"expansion":null,"file_name":"gameplay_sim/src/systems/human_behavior.rs","is_primary":true,"label":null,"line_end":23,"line_start":23,"suggested_replacement":null,"suggestion_applicability":null,"text":[{"highlight_end":10,"highlight_start":5,"text":"    Tired,"}]}]}}
{"reason":"compiler-message","package_id":"path+file:///Users/bradyjeong/Documents/Projects/Amp/gta4/gta_game/gameplay_sim#0.1.0","manifest_path":"/Users/bradyjeong/Documents/Projects/Amp/gta4/gta_game/gameplay_sim/Cargo.toml","target":{"kind":["lib"],"crate_types":["lib"],"name":"gameplay_sim","src_path":"/Users/bradyjeong/Documents/Projects/Amp/gta4/gta_game/gameplay_sim/src/lib.rs","edition":"2021","doc":true,"doctest":true,"test":true},"message":{"rendered":"warning: missing documentation for a variant\n  --> gameplay_sim/src/systems/human_behavior.rs:24:5\n   |\n24 |     Anxious,\n   |     ^^^^^^^\n\n","$message_type":"diagnostic","children":[],"code":{"code":"missing_docs","explanation":null},"level":"warning","message":"missing documentation for a variant","spans":[{"byte_end":494,"byte_start":487,"column_end":12,"column_start":5,"expansion":null,"file_name":"gameplay_sim/src/systems/human_behavior.rs","is_primary":true,"label":null,"line_end":24,"line_start":24,"suggested_replacement":null,"suggestion_applicability":null,"text":[{"highlight_end":12,"highlight_start":5,"text":"    Anxious,"}]}]}}
{"reason":"compiler-message","package_id":"path+file:///Users/bradyjeong/Documents/Projects/Amp/gta4/gta_game/gameplay_sim#0.1.0","manifest_path":"/Users/bradyjeong/Documents/Projects/Amp/gta4/gta_game/gameplay_sim/Cargo.toml","target":{"kind":["lib"],"crate_types":["lib"],"name":"gameplay_sim","src_path":"/Users/bradyjeong/Documents/Projects/Amp/gta4/gta_game/gameplay_sim/src/lib.rs","edition":"2021","doc":true,"doctest":true,"test":true},"message":{"rendered":"warning: missing documentation for a variant\n  --> gameplay_sim/src/systems/human_behavior.rs:25:5\n   |\n25 |     Confident,\n   |     ^^^^^^^^^\n\n","$message_type":"diagnostic","children":[],"code":{"code":"missing_docs","explanation":null},"level":"warning","message":"missing documentation for a variant","spans":[{"byte_end":509,"byte_start":500,"column_end":14,"column_start":5,"expansion":null,"file_name":"gameplay_sim/src/systems/human_behavior.rs","is_primary":true,"label":null,"line_end":25,"line_start":25,"suggested_replacement":null,"suggestion_applicability":null,"text":[{"highlight_end":14,"highlight_start":5,"text":"    Confident,"}]}]}}
{"reason":"compiler-message","package_id":"path+file:///Users/bradyjeong/Documents/Projects/Amp/gta4/gta_game/gameplay_sim#0.1.0","manifest_path":"/Users/bradyjeong/Documents/Projects/Amp/gta4/gta_game/gameplay_sim/Cargo.toml","target":{"kind":["lib"],"crate_types":["lib"],"name":"gameplay_sim","src_path":"/Users/bradyjeong/Documents/Projects/Amp/gta4/gta_game/gameplay_sim/src/lib.rs","edition":"2021","doc":true,"doctest":true,"test":true},"message":{"rendered":"warning: missing documentation for a module\n  --> gameplay_sim/src/systems/input/mod.rs:14:1\n   |\n14 | pub mod vehicle_control_config;\n   | ^^^^^^^^^^^^^^^^^^^^^^^^^^^^^^\n\n","$message_type":"diagnostic","children":[],"code":{"code":"missing_docs","explanation":null},"level":"warning","message":"missing documentation for a module","spans":[{"byte_end":610,"byte_start":580,"column_end":31,"column_start":1,"expansion":null,"file_name":"gameplay_sim/src/systems/input/mod.rs","is_primary":true,"label":null,"line_end":14,"line_start":14,"suggested_replacement":null,"suggestion_applicability":null,"text":[{"highlight_end":31,"highlight_start":1,"text":"pub mod vehicle_control_config;"}]}]}}
{"reason":"compiler-message","package_id":"path+file:///Users/bradyjeong/Documents/Projects/Amp/gta4/gta_game/gameplay_sim#0.1.0","manifest_path":"/Users/bradyjeong/Documents/Projects/Amp/gta4/gta_game/gameplay_sim/Cargo.toml","target":{"kind":["lib"],"crate_types":["lib"],"name":"gameplay_sim","src_path":"/Users/bradyjeong/Documents/Projects/Amp/gta4/gta_game/gameplay_sim/src/lib.rs","edition":"2021","doc":true,"doctest":true,"test":true},"message":{"rendered":"warning: missing documentation for an enum\n  --> gameplay_sim/src/systems/input/input_config.rs:17:1\n   |\n17 | pub enum InputAction {\n   | ^^^^^^^^^^^^^^^^^^^^\n\n","$message_type":"diagnostic","children":[],"code":{"code":"missing_docs","explanation":null},"level":"warning","message":"missing documentation for an enum","spans":[{"byte_end":693,"byte_start":673,"column_end":21,"column_start":1,"expansion":null,"file_name":"gameplay_sim/src/systems/input/input_config.rs","is_primary":true,"label":null,"line_end":17,"line_start":17,"suggested_replacement":null,"suggestion_applicability":null,"text":[{"highlight_end":21,"highlight_start":1,"text":"pub enum InputAction {"}]}]}}
{"reason":"compiler-message","package_id":"path+file:///Users/bradyjeong/Documents/Projects/Amp/gta4/gta_game/gameplay_sim#0.1.0","manifest_path":"/Users/bradyjeong/Documents/Projects/Amp/gta4/gta_game/gameplay_sim/Cargo.toml","target":{"kind":["lib"],"crate_types":["lib"],"name":"gameplay_sim","src_path":"/Users/bradyjeong/Documents/Projects/Amp/gta4/gta_game/gameplay_sim/src/lib.rs","edition":"2021","doc":true,"doctest":true,"test":true},"message":{"rendered":"warning: missing documentation for a variant\n  --> gameplay_sim/src/systems/input/input_config.rs:19:5\n   |\n19 |     Forward,\n   |     ^^^^^^^\n\n","$message_type":"diagnostic","children":[],"code":{"code":"missing_docs","explanation":null},"level":"warning","message":"missing documentation for a variant","spans":[{"byte_end":731,"byte_start":724,"column_end":12,"column_start":5,"expansion":null,"file_name":"gameplay_sim/src/systems/input/input_config.rs","is_primary":true,"label":null,"line_end":19,"line_start":19,"suggested_replacement":null,"suggestion_applicability":null,"text":[{"highlight_end":12,"highlight_start":5,"text":"    Forward,"}]}]}}
{"reason":"compiler-message","package_id":"path+file:///Users/bradyjeong/Documents/Projects/Amp/gta4/gta_game/gameplay_sim#0.1.0","manifest_path":"/Users/bradyjeong/Documents/Projects/Amp/gta4/gta_game/gameplay_sim/Cargo.toml","target":{"kind":["lib"],"crate_types":["lib"],"name":"gameplay_sim","src_path":"/Users/bradyjeong/Documents/Projects/Amp/gta4/gta_game/gameplay_sim/src/lib.rs","edition":"2021","doc":true,"doctest":true,"test":true},"message":{"rendered":"warning: missing documentation for a variant\n  --> gameplay_sim/src/systems/input/input_config.rs:20:5\n   |\n20 |     Backward,\n   |     ^^^^^^^^\n\n","$message_type":"diagnostic","children":[],"code":{"code":"missing_docs","explanation":null},"level":"warning","message":"missing documentation for a variant","spans":[{"byte_end":745,"byte_start":737,"column_end":13,"column_start":5,"expansion":null,"file_name":"gameplay_sim/src/systems/input/input_config.rs","is_primary":true,"label":null,"line_end":20,"line_start":20,"suggested_replacement":null,"suggestion_applicability":null,"text":[{"highlight_end":13,"highlight_start":5,"text":"    Backward,"}]}]}}
{"reason":"compiler-message","package_id":"path+file:///Users/bradyjeong/Documents/Projects/Amp/gta4/gta_game/gameplay_sim#0.1.0","manifest_path":"/Users/bradyjeong/Documents/Projects/Amp/gta4/gta_game/gameplay_sim/Cargo.toml","target":{"kind":["lib"],"crate_types":["lib"],"name":"gameplay_sim","src_path":"/Users/bradyjeong/Documents/Projects/Amp/gta4/gta_game/gameplay_sim/src/lib.rs","edition":"2021","doc":true,"doctest":true,"test":true},"message":{"rendered":"warning: missing documentation for a variant\n  --> gameplay_sim/src/systems/input/input_config.rs:21:5\n   |\n21 |     TurnLeft,\n   |     ^^^^^^^^\n\n","$message_type":"diagnostic","children":[],"code":{"code":"missing_docs","explanation":null},"level":"warning","message":"missing documentation for a variant","spans":[{"byte_end":759,"byte_start":751,"column_end":13,"column_start":5,"expansion":null,"file_name":"gameplay_sim/src/systems/input/input_config.rs","is_primary":true,"label":null,"line_end":21,"line_start":21,"suggested_replacement":null,"suggestion_applicability":null,"text":[{"highlight_end":13,"highlight_start":5,"text":"    TurnLeft,"}]}]}}
{"reason":"compiler-message","package_id":"path+file:///Users/bradyjeong/Documents/Projects/Amp/gta4/gta_game/gameplay_sim#0.1.0","manifest_path":"/Users/bradyjeong/Documents/Projects/Amp/gta4/gta_game/gameplay_sim/Cargo.toml","target":{"kind":["lib"],"crate_types":["lib"],"name":"gameplay_sim","src_path":"/Users/bradyjeong/Documents/Projects/Amp/gta4/gta_game/gameplay_sim/src/lib.rs","edition":"2021","doc":true,"doctest":true,"test":true},"message":{"rendered":"warning: missing documentation for a variant\n  --> gameplay_sim/src/systems/input/input_config.rs:22:5\n   |\n22 |     TurnRight,\n   |     ^^^^^^^^^\n\n","$message_type":"diagnostic","children":[],"code":{"code":"missing_docs","explanation":null},"level":"warning","message":"missing documentation for a variant","spans":[{"byte_end":774,"byte_start":765,"column_end":14,"column_start":5,"expansion":null,"file_name":"gameplay_sim/src/systems/input/input_config.rs","is_primary":true,"label":null,"line_end":22,"line_start":22,"suggested_replacement":null,"suggestion_applicability":null,"text":[{"highlight_end":14,"highlight_start":5,"text":"    TurnRight,"}]}]}}
{"reason":"compiler-message","package_id":"path+file:///Users/bradyjeong/Documents/Projects/Amp/gta4/gta_game/gameplay_sim#0.1.0","manifest_path":"/Users/bradyjeong/Documents/Projects/Amp/gta4/gta_game/gameplay_sim/Cargo.toml","target":{"kind":["lib"],"crate_types":["lib"],"name":"gameplay_sim","src_path":"/Users/bradyjeong/Documents/Projects/Amp/gta4/gta_game/gameplay_sim/src/lib.rs","edition":"2021","doc":true,"doctest":true,"test":true},"message":{"rendered":"warning: missing documentation for a variant\n  --> gameplay_sim/src/systems/input/input_config.rs:25:5\n   |\n25 |     VerticalUp,\n   |     ^^^^^^^^^^\n\n","$message_type":"diagnostic","children":[],"code":{"code":"missing_docs","explanation":null},"level":"warning","message":"missing documentation for a variant","spans":[{"byte_end":838,"byte_start":828,"column_end":15,"column_start":5,"expansion":null,"file_name":"gameplay_sim/src/systems/input/input_config.rs","is_primary":true,"label":null,"line_end":25,"line_start":25,"suggested_replacement":null,"suggestion_applicability":null,"text":[{"highlight_end":15,"highlight_start":5,"text":"    VerticalUp,"}]}]}}
{"reason":"compiler-message","package_id":"path+file:///Users/bradyjeong/Documents/Projects/Amp/gta4/gta_game/gameplay_sim#0.1.0","manifest_path":"/Users/bradyjeong/Documents/Projects/Amp/gta4/gta_game/gameplay_sim/Cargo.toml","target":{"kind":["lib"],"crate_types":["lib"],"name":"gameplay_sim","src_path":"/Users/bradyjeong/Documents/Projects/Amp/gta4/gta_game/gameplay_sim/src/lib.rs","edition":"2021","doc":true,"doctest":true,"test":true},"message":{"rendered":"warning: missing documentation for a variant\n  --> gameplay_sim/src/systems/input/input_config.rs:26:5\n   |\n26 |     VerticalDown,\n   |     ^^^^^^^^^^^^\n\n","$message_type":"diagnostic","children":[],"code":{"code":"missing_docs","explanation":null},"level":"warning","message":"missing documentation for a variant","spans":[{"byte_end":856,"byte_start":844,"column_end":17,"column_start":5,"expansion":null,"file_name":"gameplay_sim/src/systems/input/input_config.rs","is_primary":true,"label":null,"line_end":26,"line_start":26,"suggested_replacement":null,"suggestion_applicability":null,"text":[{"highlight_end":17,"highlight_start":5,"text":"    VerticalDown,"}]}]}}
{"reason":"compiler-message","package_id":"path+file:///Users/bradyjeong/Documents/Projects/Amp/gta4/gta_game/gameplay_sim#0.1.0","manifest_path":"/Users/bradyjeong/Documents/Projects/Amp/gta4/gta_game/gameplay_sim/Cargo.toml","target":{"kind":["lib"],"crate_types":["lib"],"name":"gameplay_sim","src_path":"/Users/bradyjeong/Documents/Projects/Amp/gta4/gta_game/gameplay_sim/src/lib.rs","edition":"2021","doc":true,"doctest":true,"test":true},"message":{"rendered":"warning: missing documentation for a variant\n  --> gameplay_sim/src/systems/input/input_config.rs:28:5\n   |\n28 |     PitchUp,\n   |     ^^^^^^^\n\n","$message_type":"diagnostic","children":[],"code":{"code":"missing_docs","explanation":null},"level":"warning","message":"missing documentation for a variant","spans":[{"byte_end":889,"byte_start":882,"column_end":12,"column_start":5,"expansion":null,"file_name":"gameplay_sim/src/systems/input/input_config.rs","is_primary":true,"label":null,"line_end":28,"line_start":28,"suggested_replacement":null,"suggestion_applicability":null,"text":[{"highlight_end":12,"highlight_start":5,"text":"    PitchUp,"}]}]}}
{"reason":"compiler-message","package_id":"path+file:///Users/bradyjeong/Documents/Projects/Amp/gta4/gta_game/gameplay_sim#0.1.0","manifest_path":"/Users/bradyjeong/Documents/Projects/Amp/gta4/gta_game/gameplay_sim/Cargo.toml","target":{"kind":["lib"],"crate_types":["lib"],"name":"gameplay_sim","src_path":"/Users/bradyjeong/Documents/Projects/Amp/gta4/gta_game/gameplay_sim/src/lib.rs","edition":"2021","doc":true,"doctest":true,"test":true},"message":{"rendered":"warning: missing documentation for a variant\n  --> gameplay_sim/src/systems/input/input_config.rs:29:5\n   |\n29 |     PitchDown,\n   |     ^^^^^^^^^\n\n","$message_type":"diagnostic","children":[],"code":{"code":"missing_docs","explanation":null},"level":"warning","message":"missing documentation for a variant","spans":[{"byte_end":904,"byte_start":895,"column_end":14,"column_start":5,"expansion":null,"file_name":"gameplay_sim/src/systems/input/input_config.rs","is_primary":true,"label":null,"line_end":29,"line_start":29,"suggested_replacement":null,"suggestion_applicability":null,"text":[{"highlight_end":14,"highlight_start":5,"text":"    PitchDown,"}]}]}}
{"reason":"compiler-message","package_id":"path+file:///Users/bradyjeong/Documents/Projects/Amp/gta4/gta_game/gameplay_sim#0.1.0","manifest_path":"/Users/bradyjeong/Documents/Projects/Amp/gta4/gta_game/gameplay_sim/Cargo.toml","target":{"kind":["lib"],"crate_types":["lib"],"name":"gameplay_sim","src_path":"/Users/bradyjeong/Documents/Projects/Amp/gta4/gta_game/gameplay_sim/src/lib.rs","edition":"2021","doc":true,"doctest":true,"test":true},"message":{"rendered":"warning: missing documentation for a variant\n  --> gameplay_sim/src/systems/input/input_config.rs:30:5\n   |\n30 |     RollLeft,\n   |     ^^^^^^^^\n\n","$message_type":"diagnostic","children":[],"code":{"code":"missing_docs","explanation":null},"level":"warning","message":"missing documentation for a variant","spans":[{"byte_end":918,"byte_start":910,"column_end":13,"column_start":5,"expansion":null,"file_name":"gameplay_sim/src/systems/input/input_config.rs","is_primary":true,"label":null,"line_end":30,"line_start":30,"suggested_replacement":null,"suggestion_applicability":null,"text":[{"highlight_end":13,"highlight_start":5,"text":"    RollLeft,"}]}]}}
{"reason":"compiler-message","package_id":"path+file:///Users/bradyjeong/Documents/Projects/Amp/gta4/gta_game/gameplay_sim#0.1.0","manifest_path":"/Users/bradyjeong/Documents/Projects/Amp/gta4/gta_game/gameplay_sim/Cargo.toml","target":{"kind":["lib"],"crate_types":["lib"],"name":"gameplay_sim","src_path":"/Users/bradyjeong/Documents/Projects/Amp/gta4/gta_game/gameplay_sim/src/lib.rs","edition":"2021","doc":true,"doctest":true,"test":true},"message":{"rendered":"warning: missing documentation for a variant\n  --> gameplay_sim/src/systems/input/input_config.rs:31:5\n   |\n31 |     RollRight,\n   |     ^^^^^^^^^\n\n","$message_type":"diagnostic","children":[],"code":{"code":"missing_docs","explanation":null},"level":"warning","message":"missing documentation for a variant","spans":[{"byte_end":933,"byte_start":924,"column_end":14,"column_start":5,"expansion":null,"file_name":"gameplay_sim/src/systems/input/input_config.rs","is_primary":true,"label":null,"line_end":31,"line_start":31,"suggested_replacement":null,"suggestion_applicability":null,"text":[{"highlight_end":14,"highlight_start":5,"text":"    RollRight,"}]}]}}
{"reason":"compiler-message","package_id":"path+file:///Users/bradyjeong/Documents/Projects/Amp/gta4/gta_game/gameplay_sim#0.1.0","manifest_path":"/Users/bradyjeong/Documents/Projects/Amp/gta4/gta_game/gameplay_sim/Cargo.toml","target":{"kind":["lib"],"crate_types":["lib"],"name":"gameplay_sim","src_path":"/Users/bradyjeong/Documents/Projects/Amp/gta4/gta_game/gameplay_sim/src/lib.rs","edition":"2021","doc":true,"doctest":true,"test":true},"message":{"rendered":"warning: missing documentation for a variant\n  --> gameplay_sim/src/systems/input/input_config.rs:32:5\n   |\n32 |     YawLeft,\n   |     ^^^^^^^\n\n","$message_type":"diagnostic","children":[],"code":{"code":"missing_docs","explanation":null},"level":"warning","message":"missing documentation for a variant","spans":[{"byte_end":946,"byte_start":939,"column_end":12,"column_start":5,"expansion":null,"file_name":"gameplay_sim/src/systems/input/input_config.rs","is_primary":true,"label":null,"line_end":32,"line_start":32,"suggested_replacement":null,"suggestion_applicability":null,"text":[{"highlight_end":12,"highlight_start":5,"text":"    YawLeft,"}]}]}}
{"reason":"compiler-message","package_id":"path+file:///Users/bradyjeong/Documents/Projects/Amp/gta4/gta_game/gameplay_sim#0.1.0","manifest_path":"/Users/bradyjeong/Documents/Projects/Amp/gta4/gta_game/gameplay_sim/Cargo.toml","target":{"kind":["lib"],"crate_types":["lib"],"name":"gameplay_sim","src_path":"/Users/bradyjeong/Documents/Projects/Amp/gta4/gta_game/gameplay_sim/src/lib.rs","edition":"2021","doc":true,"doctest":true,"test":true},"message":{"rendered":"warning: missing documentation for a variant\n  --> gameplay_sim/src/systems/input/input_config.rs:33:5\n   |\n33 |     YawRight,\n   |     ^^^^^^^^\n\n","$message_type":"diagnostic","children":[],"code":{"code":"missing_docs","explanation":null},"level":"warning","message":"missing documentation for a variant","spans":[{"byte_end":960,"byte_start":952,"column_end":13,"column_start":5,"expansion":null,"file_name":"gameplay_sim/src/systems/input/input_config.rs","is_primary":true,"label":null,"line_end":33,"line_start":33,"suggested_replacement":null,"suggestion_applicability":null,"text":[{"highlight_end":13,"highlight_start":5,"text":"    YawRight,"}]}]}}
{"reason":"compiler-message","package_id":"path+file:///Users/bradyjeong/Documents/Projects/Amp/gta4/gta_game/gameplay_sim#0.1.0","manifest_path":"/Users/bradyjeong/Documents/Projects/Amp/gta4/gta_game/gameplay_sim/Cargo.toml","target":{"kind":["lib"],"crate_types":["lib"],"name":"gameplay_sim","src_path":"/Users/bradyjeong/Documents/Projects/Amp/gta4/gta_game/gameplay_sim/src/lib.rs","edition":"2021","doc":true,"doctest":true,"test":true},"message":{"rendered":"warning: missing documentation for a variant\n  --> gameplay_sim/src/systems/input/input_config.rs:35:5\n   |\n35 |     Run,\n   |     ^^^\n\n","$message_type":"diagnostic","children":[],"code":{"code":"missing_docs","explanation":null},"level":"warning","message":"missing documentation for a variant","spans":[{"byte_end":986,"byte_start":983,"column_end":8,"column_start":5,"expansion":null,"file_name":"gameplay_sim/src/systems/input/input_config.rs","is_primary":true,"label":null,"line_end":35,"line_start":35,"suggested_replacement":null,"suggestion_applicability":null,"text":[{"highlight_end":8,"highlight_start":5,"text":"    Run,"}]}]}}
{"reason":"compiler-message","package_id":"path+file:///Users/bradyjeong/Documents/Projects/Amp/gta4/gta_game/gameplay_sim#0.1.0","manifest_path":"/Users/bradyjeong/Documents/Projects/Amp/gta4/gta_game/gameplay_sim/Cargo.toml","target":{"kind":["lib"],"crate_types":["lib"],"name":"gameplay_sim","src_path":"/Users/bradyjeong/Documents/Projects/Amp/gta4/gta_game/gameplay_sim/src/lib.rs","edition":"2021","doc":true,"doctest":true,"test":true},"message":{"rendered":"warning: missing documentation for a variant\n  --> gameplay_sim/src/systems/input/input_config.rs:36:5\n   |\n36 |     Turbo,\n   |     ^^^^^\n\n","$message_type":"diagnostic","children":[],"code":{"code":"missing_docs","explanation":null},"level":"warning","message":"missing documentation for a variant","spans":[{"byte_end":997,"byte_start":992,"column_end":10,"column_start":5,"expansion":null,"file_name":"gameplay_sim/src/systems/input/input_config.rs","is_primary":true,"label":null,"line_end":36,"line_start":36,"suggested_replacement":null,"suggestion_applicability":null,"text":[{"highlight_end":10,"highlight_start":5,"text":"    Turbo,"}]}]}}
{"reason":"compiler-message","package_id":"path+file:///Users/bradyjeong/Documents/Projects/Amp/gta4/gta_game/gameplay_sim#0.1.0","manifest_path":"/Users/bradyjeong/Documents/Projects/Amp/gta4/gta_game/gameplay_sim/Cargo.toml","target":{"kind":["lib"],"crate_types":["lib"],"name":"gameplay_sim","src_path":"/Users/bradyjeong/Documents/Projects/Amp/gta4/gta_game/gameplay_sim/src/lib.rs","edition":"2021","doc":true,"doctest":true,"test":true},"message":{"rendered":"warning: missing documentation for a variant\n  --> gameplay_sim/src/systems/input/input_config.rs:37:5\n   |\n37 |     Afterburner,\n   |     ^^^^^^^^^^^\n\n","$message_type":"diagnostic","children":[],"code":{"code":"missing_docs","explanation":null},"level":"warning","message":"missing documentation for a variant","spans":[{"byte_end":1014,"byte_start":1003,"column_end":16,"column_start":5,"expansion":null,"file_name":"gameplay_sim/src/systems/input/input_config.rs","is_primary":true,"label":null,"line_end":37,"line_start":37,"suggested_replacement":null,"suggestion_applicability":null,"text":[{"highlight_end":16,"highlight_start":5,"text":"    Afterburner,"}]}]}}
{"reason":"compiler-message","package_id":"path+file:///Users/bradyjeong/Documents/Projects/Amp/gta4/gta_game/gameplay_sim#0.1.0","manifest_path":"/Users/bradyjeong/Documents/Projects/Amp/gta4/gta_game/gameplay_sim/Cargo.toml","target":{"kind":["lib"],"crate_types":["lib"],"name":"gameplay_sim","src_path":"/Users/bradyjeong/Documents/Projects/Amp/gta4/gta_game/gameplay_sim/src/lib.rs","edition":"2021","doc":true,"doctest":true,"test":true},"message":{"rendered":"warning: missing documentation for a variant\n  --> gameplay_sim/src/systems/input/input_config.rs:39:5\n   |\n39 |     Interact,\n   |     ^^^^^^^^\n\n","$message_type":"diagnostic","children":[],"code":{"code":"missing_docs","explanation":null},"level":"warning","message":"missing documentation for a variant","spans":[{"byte_end":1047,"byte_start":1039,"column_end":13,"column_start":5,"expansion":null,"file_name":"gameplay_sim/src/systems/input/input_config.rs","is_primary":true,"label":null,"line_end":39,"line_start":39,"suggested_replacement":null,"suggestion_applicability":null,"text":[{"highlight_end":13,"highlight_start":5,"text":"    Interact,"}]}]}}
{"reason":"compiler-message","package_id":"path+file:///Users/bradyjeong/Documents/Projects/Amp/gta4/gta_game/gameplay_sim#0.1.0","manifest_path":"/Users/bradyjeong/Documents/Projects/Amp/gta4/gta_game/gameplay_sim/Cargo.toml","target":{"kind":["lib"],"crate_types":["lib"],"name":"gameplay_sim","src_path":"/Users/bradyjeong/Documents/Projects/Amp/gta4/gta_game/gameplay_sim/src/lib.rs","edition":"2021","doc":true,"doctest":true,"test":true},"message":{"rendered":"warning: missing documentation for a variant\n  --> gameplay_sim/src/systems/input/input_config.rs:41:5\n   |\n41 |     DebugInfo,\n   |     ^^^^^^^^^\n\n","$message_type":"diagnostic","children":[],"code":{"code":"missing_docs","explanation":null},"level":"warning","message":"missing documentation for a variant","spans":[{"byte_end":1075,"byte_start":1066,"column_end":14,"column_start":5,"expansion":null,"file_name":"gameplay_sim/src/systems/input/input_config.rs","is_primary":true,"label":null,"line_end":41,"line_start":41,"suggested_replacement":null,"suggestion_applicability":null,"text":[{"highlight_end":14,"highlight_start":5,"text":"    DebugInfo,"}]}]}}
{"reason":"compiler-message","package_id":"path+file:///Users/bradyjeong/Documents/Projects/Amp/gta4/gta_game/gameplay_sim#0.1.0","manifest_path":"/Users/bradyjeong/Documents/Projects/Amp/gta4/gta_game/gameplay_sim/Cargo.toml","target":{"kind":["lib"],"crate_types":["lib"],"name":"gameplay_sim","src_path":"/Users/bradyjeong/Documents/Projects/Amp/gta4/gta_game/gameplay_sim/src/lib.rs","edition":"2021","doc":true,"doctest":true,"test":true},"message":{"rendered":"warning: missing documentation for a variant\n  --> gameplay_sim/src/systems/input/input_config.rs:42:5\n   |\n42 |     EmergencyReset,\n   |     ^^^^^^^^^^^^^^\n\n","$message_type":"diagnostic","children":[],"code":{"code":"missing_docs","explanation":null},"level":"warning","message":"missing documentation for a variant","spans":[{"byte_end":1095,"byte_start":1081,"column_end":19,"column_start":5,"expansion":null,"file_name":"gameplay_sim/src/systems/input/input_config.rs","is_primary":true,"label":null,"line_end":42,"line_start":42,"suggested_replacement":null,"suggestion_applicability":null,"text":[{"highlight_end":19,"highlight_start":5,"text":"    EmergencyReset,"}]}]}}
{"reason":"compiler-message","package_id":"path+file:///Users/bradyjeong/Documents/Projects/Amp/gta4/gta_game/gameplay_sim#0.1.0","manifest_path":"/Users/bradyjeong/Documents/Projects/Amp/gta4/gta_game/gameplay_sim/Cargo.toml","target":{"kind":["lib"],"crate_types":["lib"],"name":"gameplay_sim","src_path":"/Users/bradyjeong/Documents/Projects/Amp/gta4/gta_game/gameplay_sim/src/lib.rs","edition":"2021","doc":true,"doctest":true,"test":true},"message":{"rendered":"warning: missing documentation for a struct\n  --> gameplay_sim/src/systems/input/input_config.rs:45:1\n   |\n45 | pub struct InputConfig {\n   | ^^^^^^^^^^^^^^^^^^^^^^\n\n","$message_type":"diagnostic","children":[],"code":{"code":"missing_docs","explanation":null},"level":"warning","message":"missing documentation for a struct","spans":[{"byte_end":1155,"byte_start":1133,"column_end":23,"column_start":1,"expansion":null,"file_name":"gameplay_sim/src/systems/input/input_config.rs","is_primary":true,"label":null,"line_end":45,"line_start":45,"suggested_replacement":null,"suggestion_applicability":null,"text":[{"highlight_end":23,"highlight_start":1,"text":"pub struct InputConfig {"}]}]}}
{"reason":"compiler-message","package_id":"path+file:///Users/bradyjeong/Documents/Projects/Amp/gta4/gta_game/gameplay_sim#0.1.0","manifest_path":"/Users/bradyjeong/Documents/Projects/Amp/gta4/gta_game/gameplay_sim/Cargo.toml","target":{"kind":["lib"],"crate_types":["lib"],"name":"gameplay_sim","src_path":"/Users/bradyjeong/Documents/Projects/Amp/gta4/gta_game/gameplay_sim/src/lib.rs","edition":"2021","doc":true,"doctest":true,"test":true},"message":{"rendered":"warning: missing documentation for a method\n   --> gameplay_sim/src/systems/input/input_config.rs:117:5\n    |\n117 |     pub fn get_key_for_action(&self, state: &GameState, action: InputAction) -> Option<KeyCode> {\n    |     ^^^^^^^^^^^^^^^^^^^^^^^^^^^^^^^^^^^^^^^^^^^^^^^^^^^^^^^^^^^^^^^^^^^^^^^^^^^^^^^^^^^^^^^^^^^\n\n","$message_type":"diagnostic","children":[],"code":{"code":"missing_docs","explanation":null},"level":"warning","message":"missing documentation for a method","spans":[{"byte_end":5363,"byte_start":5272,"column_end":96,"column_start":5,"expansion":null,"file_name":"gameplay_sim/src/systems/input/input_config.rs","is_primary":true,"label":null,"line_end":117,"line_start":117,"suggested_replacement":null,"suggestion_applicability":null,"text":[{"highlight_end":96,"highlight_start":5,"text":"    pub fn get_key_for_action(&self, state: &GameState, action: InputAction) -> Option<KeyCode> {"}]}]}}
{"reason":"compiler-message","package_id":"path+file:///Users/bradyjeong/Documents/Projects/Amp/gta4/gta_game/gameplay_sim#0.1.0","manifest_path":"/Users/bradyjeong/Documents/Projects/Amp/gta4/gta_game/gameplay_sim/Cargo.toml","target":{"kind":["lib"],"crate_types":["lib"],"name":"gameplay_sim","src_path":"/Users/bradyjeong/Documents/Projects/Amp/gta4/gta_game/gameplay_sim/src/lib.rs","edition":"2021","doc":true,"doctest":true,"test":true},"message":{"rendered":"warning: missing documentation for a method\n   --> gameplay_sim/src/systems/input/input_config.rs:124:5\n    |\n124 |     pub fn set_key_for_action(&mut self, state: GameState, action: InputAction, key: KeyCode) -> Result<(), String> {\n    |     ^^^^^^^^^^^^^^^^^^^^^^^^^^^^^^^^^^^^^^^^^^^^^^^^^^^^^^^^^^^^^^^^^^^^^^^^^^^^^^^^^^^^^^^^^^^^^^^^^^^^^^^^^^^^^^^\n\n","$message_type":"diagnostic","children":[],"code":{"code":"missing_docs","explanation":null},"level":"warning","message":"missing documentation for a method","spans":[{"byte_end":5624,"byte_start":5513,"column_end":116,"column_start":5,"expansion":null,"file_name":"gameplay_sim/src/systems/input/input_config.rs","is_primary":true,"label":null,"line_end":124,"line_start":124,"suggested_replacement":null,"suggestion_applicability":null,"text":[{"highlight_end":116,"highlight_start":5,"text":"    pub fn set_key_for_action(&mut self, state: GameState, action: InputAction, key: KeyCode) -> Result<(), String> {"}]}]}}
{"reason":"compiler-message","package_id":"path+file:///Users/bradyjeong/Documents/Projects/Amp/gta4/gta_game/gameplay_sim#0.1.0","manifest_path":"/Users/bradyjeong/Documents/Projects/Amp/gta4/gta_game/gameplay_sim/Cargo.toml","target":{"kind":["lib"],"crate_types":["lib"],"name":"gameplay_sim","src_path":"/Users/bradyjeong/Documents/Projects/Amp/gta4/gta_game/gameplay_sim/src/lib.rs","edition":"2021","doc":true,"doctest":true,"test":true},"message":{"rendered":"warning: missing documentation for a method\n   --> gameplay_sim/src/systems/input/input_config.rs:140:5\n    |\n140 |     pub fn reset_to_defaults(&mut self) {\n    |     ^^^^^^^^^^^^^^^^^^^^^^^^^^^^^^^^^^^\n\n","$message_type":"diagnostic","children":[],"code":{"code":"missing_docs","explanation":null},"level":"warning","message":"missing documentation for a method","spans":[{"byte_end":6240,"byte_start":6205,"column_end":40,"column_start":5,"expansion":null,"file_name":"gameplay_sim/src/systems/input/input_config.rs","is_primary":true,"label":null,"line_end":140,"line_start":140,"suggested_replacement":null,"suggestion_applicability":null,"text":[{"highlight_end":40,"highlight_start":5,"text":"    pub fn reset_to_defaults(&mut self) {"}]}]}}
{"reason":"compiler-message","package_id":"path+file:///Users/bradyjeong/Documents/Projects/Amp/gta4/gta_game/gameplay_sim#0.1.0","manifest_path":"/Users/bradyjeong/Documents/Projects/Amp/gta4/gta_game/gameplay_sim/Cargo.toml","target":{"kind":["lib"],"crate_types":["lib"],"name":"gameplay_sim","src_path":"/Users/bradyjeong/Documents/Projects/Amp/gta4/gta_game/gameplay_sim/src/lib.rs","edition":"2021","doc":true,"doctest":true,"test":true},"message":{"rendered":"warning: missing documentation for a method\n   --> gameplay_sim/src/systems/input/input_config.rs:144:5\n    |\n144 |     pub fn enable_fallback(&mut self) {\n    |     ^^^^^^^^^^^^^^^^^^^^^^^^^^^^^^^^^\n\n","$message_type":"diagnostic","children":[],"code":{"code":"missing_docs","explanation":null},"level":"warning","message":"missing documentation for a method","spans":[{"byte_end":6327,"byte_start":6294,"column_end":38,"column_start":5,"expansion":null,"file_name":"gameplay_sim/src/systems/input/input_config.rs","is_primary":true,"label":null,"line_end":144,"line_start":144,"suggested_replacement":null,"suggestion_applicability":null,"text":[{"highlight_end":38,"highlight_start":5,"text":"    pub fn enable_fallback(&mut self) {"}]}]}}
{"reason":"compiler-message","package_id":"path+file:///Users/bradyjeong/Documents/Projects/Amp/gta4/gta_game/gameplay_sim#0.1.0","manifest_path":"/Users/bradyjeong/Documents/Projects/Amp/gta4/gta_game/gameplay_sim/Cargo.toml","target":{"kind":["lib"],"crate_types":["lib"],"name":"gameplay_sim","src_path":"/Users/bradyjeong/Documents/Projects/Amp/gta4/gta_game/gameplay_sim/src/lib.rs","edition":"2021","doc":true,"doctest":true,"test":true},"message":{"rendered":"warning: missing documentation for a method\n   --> gameplay_sim/src/systems/input/input_config.rs:148:5\n    |\n148 |     pub fn disable_fallback(&mut self) {\n    |     ^^^^^^^^^^^^^^^^^^^^^^^^^^^^^^^^^^\n\n","$message_type":"diagnostic","children":[],"code":{"code":"missing_docs","explanation":null},"level":"warning","message":"missing documentation for a method","spans":[{"byte_end":6409,"byte_start":6375,"column_end":39,"column_start":5,"expansion":null,"file_name":"gameplay_sim/src/systems/input/input_config.rs","is_primary":true,"label":null,"line_end":148,"line_start":148,"suggested_replacement":null,"suggestion_applicability":null,"text":[{"highlight_end":39,"highlight_start":5,"text":"    pub fn disable_fallback(&mut self) {"}]}]}}
{"reason":"compiler-message","package_id":"path+file:///Users/bradyjeong/Documents/Projects/Amp/gta4/gta_game/gameplay_sim#0.1.0","manifest_path":"/Users/bradyjeong/Documents/Projects/Amp/gta4/gta_game/gameplay_sim/Cargo.toml","target":{"kind":["lib"],"crate_types":["lib"],"name":"gameplay_sim","src_path":"/Users/bradyjeong/Documents/Projects/Amp/gta4/gta_game/gameplay_sim/src/lib.rs","edition":"2021","doc":true,"doctest":true,"test":true},"message":{"rendered":"warning: missing documentation for a method\n   --> gameplay_sim/src/systems/input/input_config.rs:152:5\n    |\n152 |     pub fn is_fallback_enabled(&self) -> bool {\n    |     ^^^^^^^^^^^^^^^^^^^^^^^^^^^^^^^^^^^^^^^^^\n\n","$message_type":"diagnostic","children":[],"code":{"code":"missing_docs","explanation":null},"level":"warning","message":"missing documentation for a method","spans":[{"byte_end":6499,"byte_start":6458,"column_end":46,"column_start":5,"expansion":null,"file_name":"gameplay_sim/src/systems/input/input_config.rs","is_primary":true,"label":null,"line_end":152,"line_start":152,"suggested_replacement":null,"suggestion_applicability":null,"text":[{"highlight_end":46,"highlight_start":5,"text":"    pub fn is_fallback_enabled(&self) -> bool {"}]}]}}
{"reason":"compiler-message","package_id":"path+file:///Users/bradyjeong/Documents/Projects/Amp/gta4/gta_game/gameplay_sim#0.1.0","manifest_path":"/Users/bradyjeong/Documents/Projects/Amp/gta4/gta_game/gameplay_sim/Cargo.toml","target":{"kind":["lib"],"crate_types":["lib"],"name":"gameplay_sim","src_path":"/Users/bradyjeong/Documents/Projects/Amp/gta4/gta_game/gameplay_sim/src/lib.rs","edition":"2021","doc":true,"doctest":true,"test":true},"message":{"rendered":"warning: missing documentation for a struct\n  --> gameplay_sim/src/systems/input/input_manager.rs:19:1\n   |\n19 | pub struct InputManager {\n   | ^^^^^^^^^^^^^^^^^^^^^^^\n\n","$message_type":"diagnostic","children":[],"code":{"code":"missing_docs","explanation":null},"level":"warning","message":"missing documentation for a struct","spans":[{"byte_end":804,"byte_start":781,"column_end":24,"column_start":1,"expansion":null,"file_name":"gameplay_sim/src/systems/input/input_manager.rs","is_primary":true,"label":null,"line_end":19,"line_start":19,"suggested_replacement":null,"suggestion_applicability":null,"text":[{"highlight_end":24,"highlight_start":1,"text":"pub struct InputManager {"}]}]}}
{"reason":"compiler-message","package_id":"path+file:///Users/bradyjeong/Documents/Projects/Amp/gta4/gta_game/gameplay_sim#0.1.0","manifest_path":"/Users/bradyjeong/Documents/Projects/Amp/gta4/gta_game/gameplay_sim/Cargo.toml","target":{"kind":["lib"],"crate_types":["lib"],"name":"gameplay_sim","src_path":"/Users/bradyjeong/Documents/Projects/Amp/gta4/gta_game/gameplay_sim/src/lib.rs","edition":"2021","doc":true,"doctest":true,"test":true},"message":{"rendered":"warning: missing documentation for a struct field\n   --> gameplay_sim/src/systems/input/input_manager.rs:182:5\n    |\n182 |     pub arrow_up: bool,\n    |     ^^^^^^^^^^^^^^^^^^\n\n","$message_type":"diagnostic","children":[],"code":{"code":"missing_docs","explanation":null},"level":"warning","message":"missing documentation for a struct field","spans":[{"byte_end":7725,"byte_start":7707,"column_end":23,"column_start":5,"expansion":null,"file_name":"gameplay_sim/src/systems/input/input_manager.rs","is_primary":true,"label":null,"line_end":182,"line_start":182,"suggested_replacement":null,"suggestion_applicability":null,"text":[{"highlight_end":23,"highlight_start":5,"text":"    pub arrow_up: bool,"}]}]}}
{"reason":"compiler-message","package_id":"path+file:///Users/bradyjeong/Documents/Projects/Amp/gta4/gta_game/gameplay_sim#0.1.0","manifest_path":"/Users/bradyjeong/Documents/Projects/Amp/gta4/gta_game/gameplay_sim/Cargo.toml","target":{"kind":["lib"],"crate_types":["lib"],"name":"gameplay_sim","src_path":"/Users/bradyjeong/Documents/Projects/Amp/gta4/gta_game/gameplay_sim/src/lib.rs","edition":"2021","doc":true,"doctest":true,"test":true},"message":{"rendered":"warning: missing documentation for a struct field\n   --> gameplay_sim/src/systems/input/input_manager.rs:183:5\n    |\n183 |     pub arrow_down: bool,\n    |     ^^^^^^^^^^^^^^^^^^^^\n\n","$message_type":"diagnostic","children":[],"code":{"code":"missing_docs","explanation":null},"level":"warning","message":"missing documentation for a struct field","spans":[{"byte_end":7751,"byte_start":7731,"column_end":25,"column_start":5,"expansion":null,"file_name":"gameplay_sim/src/systems/input/input_manager.rs","is_primary":true,"label":null,"line_end":183,"line_start":183,"suggested_replacement":null,"suggestion_applicability":null,"text":[{"highlight_end":25,"highlight_start":5,"text":"    pub arrow_down: bool,"}]}]}}
{"reason":"compiler-message","package_id":"path+file:///Users/bradyjeong/Documents/Projects/Amp/gta4/gta_game/gameplay_sim#0.1.0","manifest_path":"/Users/bradyjeong/Documents/Projects/Amp/gta4/gta_game/gameplay_sim/Cargo.toml","target":{"kind":["lib"],"crate_types":["lib"],"name":"gameplay_sim","src_path":"/Users/bradyjeong/Documents/Projects/Amp/gta4/gta_game/gameplay_sim/src/lib.rs","edition":"2021","doc":true,"doctest":true,"test":true},"message":{"rendered":"warning: missing documentation for a struct field\n   --> gameplay_sim/src/systems/input/input_manager.rs:184:5\n    |\n184 |     pub arrow_left: bool,\n    |     ^^^^^^^^^^^^^^^^^^^^\n\n","$message_type":"diagnostic","children":[],"code":{"code":"missing_docs","explanation":null},"level":"warning","message":"missing documentation for a struct field","spans":[{"byte_end":7777,"byte_start":7757,"column_end":25,"column_start":5,"expansion":null,"file_name":"gameplay_sim/src/systems/input/input_manager.rs","is_primary":true,"label":null,"line_end":184,"line_start":184,"suggested_replacement":null,"suggestion_applicability":null,"text":[{"highlight_end":25,"highlight_start":5,"text":"    pub arrow_left: bool,"}]}]}}
{"reason":"compiler-message","package_id":"path+file:///Users/bradyjeong/Documents/Projects/Amp/gta4/gta_game/gameplay_sim#0.1.0","manifest_path":"/Users/bradyjeong/Documents/Projects/Amp/gta4/gta_game/gameplay_sim/Cargo.toml","target":{"kind":["lib"],"crate_types":["lib"],"name":"gameplay_sim","src_path":"/Users/bradyjeong/Documents/Projects/Amp/gta4/gta_game/gameplay_sim/src/lib.rs","edition":"2021","doc":true,"doctest":true,"test":true},"message":{"rendered":"warning: missing documentation for a struct field\n   --> gameplay_sim/src/systems/input/input_manager.rs:185:5\n    |\n185 |     pub arrow_right: bool,\n    |     ^^^^^^^^^^^^^^^^^^^^^\n\n","$message_type":"diagnostic","children":[],"code":{"code":"missing_docs","explanation":null},"level":"warning","message":"missing documentation for a struct field","spans":[{"byte_end":7804,"byte_start":7783,"column_end":26,"column_start":5,"expansion":null,"file_name":"gameplay_sim/src/systems/input/input_manager.rs","is_primary":true,"label":null,"line_end":185,"line_start":185,"suggested_replacement":null,"suggestion_applicability":null,"text":[{"highlight_end":26,"highlight_start":5,"text":"    pub arrow_right: bool,"}]}]}}
{"reason":"compiler-message","package_id":"path+file:///Users/bradyjeong/Documents/Projects/Amp/gta4/gta_game/gameplay_sim#0.1.0","manifest_path":"/Users/bradyjeong/Documents/Projects/Amp/gta4/gta_game/gameplay_sim/Cargo.toml","target":{"kind":["lib"],"crate_types":["lib"],"name":"gameplay_sim","src_path":"/Users/bradyjeong/Documents/Projects/Amp/gta4/gta_game/gameplay_sim/src/lib.rs","edition":"2021","doc":true,"doctest":true,"test":true},"message":{"rendered":"warning: missing documentation for a struct field\n   --> gameplay_sim/src/systems/input/input_manager.rs:186:5\n    |\n186 |     pub shift_left: bool,\n    |     ^^^^^^^^^^^^^^^^^^^^\n\n","$message_type":"diagnostic","children":[],"code":{"code":"missing_docs","explanation":null},"level":"warning","message":"missing documentation for a struct field","spans":[{"byte_end":7830,"byte_start":7810,"column_end":25,"column_start":5,"expansion":null,"file_name":"gameplay_sim/src/systems/input/input_manager.rs","is_primary":true,"label":null,"line_end":186,"line_start":186,"suggested_replacement":null,"suggestion_applicability":null,"text":[{"highlight_end":25,"highlight_start":5,"text":"    pub shift_left: bool,"}]}]}}
{"reason":"compiler-message","package_id":"path+file:///Users/bradyjeong/Documents/Projects/Amp/gta4/gta_game/gameplay_sim#0.1.0","manifest_path":"/Users/bradyjeong/Documents/Projects/Amp/gta4/gta_game/gameplay_sim/Cargo.toml","target":{"kind":["lib"],"crate_types":["lib"],"name":"gameplay_sim","src_path":"/Users/bradyjeong/Documents/Projects/Amp/gta4/gta_game/gameplay_sim/src/lib.rs","edition":"2021","doc":true,"doctest":true,"test":true},"message":{"rendered":"warning: missing documentation for a struct field\n   --> gameplay_sim/src/systems/input/input_manager.rs:187:5\n    |\n187 |     pub control_left: bool,\n    |     ^^^^^^^^^^^^^^^^^^^^^^\n\n","$message_type":"diagnostic","children":[],"code":{"code":"missing_docs","explanation":null},"level":"warning","message":"missing documentation for a struct field","spans":[{"byte_end":7858,"byte_start":7836,"column_end":27,"column_start":5,"expansion":null,"file_name":"gameplay_sim/src/systems/input/input_manager.rs","is_primary":true,"label":null,"line_end":187,"line_start":187,"suggested_replacement":null,"suggestion_applicability":null,"text":[{"highlight_end":27,"highlight_start":5,"text":"    pub control_left: bool,"}]}]}}
{"reason":"compiler-message","package_id":"path+file:///Users/bradyjeong/Documents/Projects/Amp/gta4/gta_game/gameplay_sim#0.1.0","manifest_path":"/Users/bradyjeong/Documents/Projects/Amp/gta4/gta_game/gameplay_sim/Cargo.toml","target":{"kind":["lib"],"crate_types":["lib"],"name":"gameplay_sim","src_path":"/Users/bradyjeong/Documents/Projects/Amp/gta4/gta_game/gameplay_sim/src/lib.rs","edition":"2021","doc":true,"doctest":true,"test":true},"message":{"rendered":"warning: missing documentation for a struct field\n   --> gameplay_sim/src/systems/input/input_manager.rs:188:5\n    |\n188 |     pub space: bool,\n    |     ^^^^^^^^^^^^^^^\n\n","$message_type":"diagnostic","children":[],"code":{"code":"missing_docs","explanation":null},"level":"warning","message":"missing documentation for a struct field","spans":[{"byte_end":7879,"byte_start":7864,"column_end":20,"column_start":5,"expansion":null,"file_name":"gameplay_sim/src/systems/input/input_manager.rs","is_primary":true,"label":null,"line_end":188,"line_start":188,"suggested_replacement":null,"suggestion_applicability":null,"text":[{"highlight_end":20,"highlight_start":5,"text":"    pub space: bool,"}]}]}}
{"reason":"compiler-message","package_id":"path+file:///Users/bradyjeong/Documents/Projects/Amp/gta4/gta_game/gameplay_sim#0.1.0","manifest_path":"/Users/bradyjeong/Documents/Projects/Amp/gta4/gta_game/gameplay_sim/Cargo.toml","target":{"kind":["lib"],"crate_types":["lib"],"name":"gameplay_sim","src_path":"/Users/bradyjeong/Documents/Projects/Amp/gta4/gta_game/gameplay_sim/src/lib.rs","edition":"2021","doc":true,"doctest":true,"test":true},"message":{"rendered":"warning: missing documentation for a struct field\n   --> gameplay_sim/src/systems/input/input_manager.rs:189:5\n    |\n189 |     pub key_f: bool,\n    |     ^^^^^^^^^^^^^^^\n\n","$message_type":"diagnostic","children":[],"code":{"code":"missing_docs","explanation":null},"level":"warning","message":"missing documentation for a struct field","spans":[{"byte_end":7900,"byte_start":7885,"column_end":20,"column_start":5,"expansion":null,"file_name":"gameplay_sim/src/systems/input/input_manager.rs","is_primary":true,"label":null,"line_end":189,"line_start":189,"suggested_replacement":null,"suggestion_applicability":null,"text":[{"highlight_end":20,"highlight_start":5,"text":"    pub key_f: bool,"}]}]}}
{"reason":"compiler-message","package_id":"path+file:///Users/bradyjeong/Documents/Projects/Amp/gta4/gta_game/gameplay_sim#0.1.0","manifest_path":"/Users/bradyjeong/Documents/Projects/Amp/gta4/gta_game/gameplay_sim/Cargo.toml","target":{"kind":["lib"],"crate_types":["lib"],"name":"gameplay_sim","src_path":"/Users/bradyjeong/Documents/Projects/Amp/gta4/gta_game/gameplay_sim/src/lib.rs","edition":"2021","doc":true,"doctest":true,"test":true},"message":{"rendered":"warning: missing documentation for a struct field\n   --> gameplay_sim/src/systems/input/input_manager.rs:190:5\n    |\n190 |     pub key_w: bool,\n    |     ^^^^^^^^^^^^^^^\n\n","$message_type":"diagnostic","children":[],"code":{"code":"missing_docs","explanation":null},"level":"warning","message":"missing documentation for a struct field","spans":[{"byte_end":7921,"byte_start":7906,"column_end":20,"column_start":5,"expansion":null,"file_name":"gameplay_sim/src/systems/input/input_manager.rs","is_primary":true,"label":null,"line_end":190,"line_start":190,"suggested_replacement":null,"suggestion_applicability":null,"text":[{"highlight_end":20,"highlight_start":5,"text":"    pub key_w: bool,"}]}]}}
{"reason":"compiler-message","package_id":"path+file:///Users/bradyjeong/Documents/Projects/Amp/gta4/gta_game/gameplay_sim#0.1.0","manifest_path":"/Users/bradyjeong/Documents/Projects/Amp/gta4/gta_game/gameplay_sim/Cargo.toml","target":{"kind":["lib"],"crate_types":["lib"],"name":"gameplay_sim","src_path":"/Users/bradyjeong/Documents/Projects/Amp/gta4/gta_game/gameplay_sim/src/lib.rs","edition":"2021","doc":true,"doctest":true,"test":true},"message":{"rendered":"warning: missing documentation for a struct field\n   --> gameplay_sim/src/systems/input/input_manager.rs:191:5\n    |\n191 |     pub key_s: bool,\n    |     ^^^^^^^^^^^^^^^\n\n","$message_type":"diagnostic","children":[],"code":{"code":"missing_docs","explanation":null},"level":"warning","message":"missing documentation for a struct field","spans":[{"byte_end":7942,"byte_start":7927,"column_end":20,"column_start":5,"expansion":null,"file_name":"gameplay_sim/src/systems/input/input_manager.rs","is_primary":true,"label":null,"line_end":191,"line_start":191,"suggested_replacement":null,"suggestion_applicability":null,"text":[{"highlight_end":20,"highlight_start":5,"text":"    pub key_s: bool,"}]}]}}
{"reason":"compiler-message","package_id":"path+file:///Users/bradyjeong/Documents/Projects/Amp/gta4/gta_game/gameplay_sim#0.1.0","manifest_path":"/Users/bradyjeong/Documents/Projects/Amp/gta4/gta_game/gameplay_sim/Cargo.toml","target":{"kind":["lib"],"crate_types":["lib"],"name":"gameplay_sim","src_path":"/Users/bradyjeong/Documents/Projects/Amp/gta4/gta_game/gameplay_sim/src/lib.rs","edition":"2021","doc":true,"doctest":true,"test":true},"message":{"rendered":"warning: missing documentation for a struct field\n   --> gameplay_sim/src/systems/input/input_manager.rs:192:5\n    |\n192 |     pub key_a: bool,\n    |     ^^^^^^^^^^^^^^^\n\n","$message_type":"diagnostic","children":[],"code":{"code":"missing_docs","explanation":null},"level":"warning","message":"missing documentation for a struct field","spans":[{"byte_end":7963,"byte_start":7948,"column_end":20,"column_start":5,"expansion":null,"file_name":"gameplay_sim/src/systems/input/input_manager.rs","is_primary":true,"label":null,"line_end":192,"line_start":192,"suggested_replacement":null,"suggestion_applicability":null,"text":[{"highlight_end":20,"highlight_start":5,"text":"    pub key_a: bool,"}]}]}}
{"reason":"compiler-message","package_id":"path+file:///Users/bradyjeong/Documents/Projects/Amp/gta4/gta_game/gameplay_sim#0.1.0","manifest_path":"/Users/bradyjeong/Documents/Projects/Amp/gta4/gta_game/gameplay_sim/Cargo.toml","target":{"kind":["lib"],"crate_types":["lib"],"name":"gameplay_sim","src_path":"/Users/bradyjeong/Documents/Projects/Amp/gta4/gta_game/gameplay_sim/src/lib.rs","edition":"2021","doc":true,"doctest":true,"test":true},"message":{"rendered":"warning: missing documentation for a struct field\n   --> gameplay_sim/src/systems/input/input_manager.rs:193:5\n    |\n193 |     pub key_d: bool,\n    |     ^^^^^^^^^^^^^^^\n\n","$message_type":"diagnostic","children":[],"code":{"code":"missing_docs","explanation":null},"level":"warning","message":"missing documentation for a struct field","spans":[{"byte_end":7984,"byte_start":7969,"column_end":20,"column_start":5,"expansion":null,"file_name":"gameplay_sim/src/systems/input/input_manager.rs","is_primary":true,"label":null,"line_end":193,"line_start":193,"suggested_replacement":null,"suggestion_applicability":null,"text":[{"highlight_end":20,"highlight_start":5,"text":"    pub key_d: bool,"}]}]}}
{"reason":"compiler-message","package_id":"path+file:///Users/bradyjeong/Documents/Projects/Amp/gta4/gta_game/gameplay_sim#0.1.0","manifest_path":"/Users/bradyjeong/Documents/Projects/Amp/gta4/gta_game/gameplay_sim/Cargo.toml","target":{"kind":["lib"],"crate_types":["lib"],"name":"gameplay_sim","src_path":"/Users/bradyjeong/Documents/Projects/Amp/gta4/gta_game/gameplay_sim/src/lib.rs","edition":"2021","doc":true,"doctest":true,"test":true},"message":{"rendered":"warning: missing documentation for a struct field\n   --> gameplay_sim/src/systems/input/input_manager.rs:194:5\n    |\n194 |     pub key_q: bool,\n    |     ^^^^^^^^^^^^^^^\n\n","$message_type":"diagnostic","children":[],"code":{"code":"missing_docs","explanation":null},"level":"warning","message":"missing documentation for a struct field","spans":[{"byte_end":8005,"byte_start":7990,"column_end":20,"column_start":5,"expansion":null,"file_name":"gameplay_sim/src/systems/input/input_manager.rs","is_primary":true,"label":null,"line_end":194,"line_start":194,"suggested_replacement":null,"suggestion_applicability":null,"text":[{"highlight_end":20,"highlight_start":5,"text":"    pub key_q: bool,"}]}]}}
{"reason":"compiler-message","package_id":"path+file:///Users/bradyjeong/Documents/Projects/Amp/gta4/gta_game/gameplay_sim#0.1.0","manifest_path":"/Users/bradyjeong/Documents/Projects/Amp/gta4/gta_game/gameplay_sim/Cargo.toml","target":{"kind":["lib"],"crate_types":["lib"],"name":"gameplay_sim","src_path":"/Users/bradyjeong/Documents/Projects/Amp/gta4/gta_game/gameplay_sim/src/lib.rs","edition":"2021","doc":true,"doctest":true,"test":true},"message":{"rendered":"warning: missing documentation for a struct field\n   --> gameplay_sim/src/systems/input/input_manager.rs:195:5\n    |\n195 |     pub key_e: bool,\n    |     ^^^^^^^^^^^^^^^\n\n","$message_type":"diagnostic","children":[],"code":{"code":"missing_docs","explanation":null},"level":"warning","message":"missing documentation for a struct field","spans":[{"byte_end":8026,"byte_start":8011,"column_end":20,"column_start":5,"expansion":null,"file_name":"gameplay_sim/src/systems/input/input_manager.rs","is_primary":true,"label":null,"line_end":195,"line_start":195,"suggested_replacement":null,"suggestion_applicability":null,"text":[{"highlight_end":20,"highlight_start":5,"text":"    pub key_e: bool,"}]}]}}
{"reason":"compiler-message","package_id":"path+file:///Users/bradyjeong/Documents/Projects/Amp/gta4/gta_game/gameplay_sim#0.1.0","manifest_path":"/Users/bradyjeong/Documents/Projects/Amp/gta4/gta_game/gameplay_sim/Cargo.toml","target":{"kind":["lib"],"crate_types":["lib"],"name":"gameplay_sim","src_path":"/Users/bradyjeong/Documents/Projects/Amp/gta4/gta_game/gameplay_sim/src/lib.rs","edition":"2021","doc":true,"doctest":true,"test":true},"message":{"rendered":"warning: missing documentation for a struct field\n   --> gameplay_sim/src/systems/input/input_manager.rs:196:5\n    |\n196 |     pub f1: bool,\n    |     ^^^^^^^^^^^^\n\n","$message_type":"diagnostic","children":[],"code":{"code":"missing_docs","explanation":null},"level":"warning","message":"missing documentation for a struct field","spans":[{"byte_end":8044,"byte_start":8032,"column_end":17,"column_start":5,"expansion":null,"file_name":"gameplay_sim/src/systems/input/input_manager.rs","is_primary":true,"label":null,"line_end":196,"line_start":196,"suggested_replacement":null,"suggestion_applicability":null,"text":[{"highlight_end":17,"highlight_start":5,"text":"    pub f1: bool,"}]}]}}
{"reason":"compiler-message","package_id":"path+file:///Users/bradyjeong/Documents/Projects/Amp/gta4/gta_game/gameplay_sim#0.1.0","manifest_path":"/Users/bradyjeong/Documents/Projects/Amp/gta4/gta_game/gameplay_sim/Cargo.toml","target":{"kind":["lib"],"crate_types":["lib"],"name":"gameplay_sim","src_path":"/Users/bradyjeong/Documents/Projects/Amp/gta4/gta_game/gameplay_sim/src/lib.rs","edition":"2021","doc":true,"doctest":true,"test":true},"message":{"rendered":"warning: missing documentation for a struct field\n   --> gameplay_sim/src/systems/input/input_manager.rs:197:5\n    |\n197 |     pub f2: bool,\n    |     ^^^^^^^^^^^^\n\n","$message_type":"diagnostic","children":[],"code":{"code":"missing_docs","explanation":null},"level":"warning","message":"missing documentation for a struct field","spans":[{"byte_end":8062,"byte_start":8050,"column_end":17,"column_start":5,"expansion":null,"file_name":"gameplay_sim/src/systems/input/input_manager.rs","is_primary":true,"label":null,"line_end":197,"line_start":197,"suggested_replacement":null,"suggestion_applicability":null,"text":[{"highlight_end":17,"highlight_start":5,"text":"    pub f2: bool,"}]}]}}
{"reason":"compiler-message","package_id":"path+file:///Users/bradyjeong/Documents/Projects/Amp/gta4/gta_game/gameplay_sim#0.1.0","manifest_path":"/Users/bradyjeong/Documents/Projects/Amp/gta4/gta_game/gameplay_sim/Cargo.toml","target":{"kind":["lib"],"crate_types":["lib"],"name":"gameplay_sim","src_path":"/Users/bradyjeong/Documents/Projects/Amp/gta4/gta_game/gameplay_sim/src/lib.rs","edition":"2021","doc":true,"doctest":true,"test":true},"message":{"rendered":"warning: missing documentation for a struct field\n   --> gameplay_sim/src/systems/input/input_manager.rs:199:5\n    |\n199 |     pub f_just_pressed: bool,\n    |     ^^^^^^^^^^^^^^^^^^^^^^^^\n\n","$message_type":"diagnostic","children":[],"code":{"code":"missing_docs","explanation":null},"level":"warning","message":"missing documentation for a struct field","spans":[{"byte_end":8119,"byte_start":8095,"column_end":29,"column_start":5,"expansion":null,"file_name":"gameplay_sim/src/systems/input/input_manager.rs","is_primary":true,"label":null,"line_end":199,"line_start":199,"suggested_replacement":null,"suggestion_applicability":null,"text":[{"highlight_end":29,"highlight_start":5,"text":"    pub f_just_pressed: bool,"}]}]}}
{"reason":"compiler-message","package_id":"path+file:///Users/bradyjeong/Documents/Projects/Amp/gta4/gta_game/gameplay_sim#0.1.0","manifest_path":"/Users/bradyjeong/Documents/Projects/Amp/gta4/gta_game/gameplay_sim/Cargo.toml","target":{"kind":["lib"],"crate_types":["lib"],"name":"gameplay_sim","src_path":"/Users/bradyjeong/Documents/Projects/Amp/gta4/gta_game/gameplay_sim/src/lib.rs","edition":"2021","doc":true,"doctest":true,"test":true},"message":{"rendered":"warning: missing documentation for a struct field\n   --> gameplay_sim/src/systems/input/input_manager.rs:200:5\n    |\n200 |     pub f1_just_pressed: bool,\n    |     ^^^^^^^^^^^^^^^^^^^^^^^^^\n\n","$message_type":"diagnostic","children":[],"code":{"code":"missing_docs","explanation":null},"level":"warning","message":"missing documentation for a struct field","spans":[{"byte_end":8150,"byte_start":8125,"column_end":30,"column_start":5,"expansion":null,"file_name":"gameplay_sim/src/systems/input/input_manager.rs","is_primary":true,"label":null,"line_end":200,"line_start":200,"suggested_replacement":null,"suggestion_applicability":null,"text":[{"highlight_end":30,"highlight_start":5,"text":"    pub f1_just_pressed: bool,"}]}]}}
{"reason":"compiler-message","package_id":"path+file:///Users/bradyjeong/Documents/Projects/Amp/gta4/gta_game/gameplay_sim#0.1.0","manifest_path":"/Users/bradyjeong/Documents/Projects/Amp/gta4/gta_game/gameplay_sim/Cargo.toml","target":{"kind":["lib"],"crate_types":["lib"],"name":"gameplay_sim","src_path":"/Users/bradyjeong/Documents/Projects/Amp/gta4/gta_game/gameplay_sim/src/lib.rs","edition":"2021","doc":true,"doctest":true,"test":true},"message":{"rendered":"warning: missing documentation for a struct field\n   --> gameplay_sim/src/systems/input/input_manager.rs:201:5\n    |\n201 |     pub f2_just_pressed: bool,\n    |     ^^^^^^^^^^^^^^^^^^^^^^^^^\n\n","$message_type":"diagnostic","children":[],"code":{"code":"missing_docs","explanation":null},"level":"warning","message":"missing documentation for a struct field","spans":[{"byte_end":8181,"byte_start":8156,"column_end":30,"column_start":5,"expansion":null,"file_name":"gameplay_sim/src/systems/input/input_manager.rs","is_primary":true,"label":null,"line_end":201,"line_start":201,"suggested_replacement":null,"suggestion_applicability":null,"text":[{"highlight_end":30,"highlight_start":5,"text":"    pub f2_just_pressed: bool,"}]}]}}
{"reason":"compiler-message","package_id":"path+file:///Users/bradyjeong/Documents/Projects/Amp/gta4/gta_game/gameplay_sim#0.1.0","manifest_path":"/Users/bradyjeong/Documents/Projects/Amp/gta4/gta_game/gameplay_sim/Cargo.toml","target":{"kind":["lib"],"crate_types":["lib"],"name":"gameplay_sim","src_path":"/Users/bradyjeong/Documents/Projects/Amp/gta4/gta_game/gameplay_sim/src/lib.rs","edition":"2021","doc":true,"doctest":true,"test":true},"message":{"rendered":"warning: missing documentation for an enum\n  --> gameplay_sim/src/systems/input/vehicle_control_config.rs:10:1\n   |\n10 | pub enum ControlCategory {\n   | ^^^^^^^^^^^^^^^^^^^^^^^^\n\n","$message_type":"diagnostic","children":[],"code":{"code":"missing_docs","explanation":null},"level":"warning","message":"missing documentation for an enum","spans":[{"byte_end":312,"byte_start":288,"column_end":25,"column_start":1,"expansion":null,"file_name":"gameplay_sim/src/systems/input/vehicle_control_config.rs","is_primary":true,"label":null,"line_end":10,"line_start":10,"suggested_replacement":null,"suggestion_applicability":null,"text":[{"highlight_end":25,"highlight_start":1,"text":"pub enum ControlCategory {"}]}]}}
{"reason":"compiler-message","package_id":"path+file:///Users/bradyjeong/Documents/Projects/Amp/gta4/gta_game/gameplay_sim#0.1.0","manifest_path":"/Users/bradyjeong/Documents/Projects/Amp/gta4/gta_game/gameplay_sim/Cargo.toml","target":{"kind":["lib"],"crate_types":["lib"],"name":"gameplay_sim","src_path":"/Users/bradyjeong/Documents/Projects/Amp/gta4/gta_game/gameplay_sim/src/lib.rs","edition":"2021","doc":true,"doctest":true,"test":true},"message":{"rendered":"warning: missing documentation for a variant\n  --> gameplay_sim/src/systems/input/vehicle_control_config.rs:11:5\n   |\n11 |     Primary,    // Movement, steering\n   |     ^^^^^^^\n\n","$message_type":"diagnostic","children":[],"code":{"code":"missing_docs","explanation":null},"level":"warning","message":"missing documentation for a variant","spans":[{"byte_end":326,"byte_start":319,"column_end":12,"column_start":5,"expansion":null,"file_name":"gameplay_sim/src/systems/input/vehicle_control_config.rs","is_primary":true,"label":null,"line_end":11,"line_start":11,"suggested_replacement":null,"suggestion_applicability":null,"text":[{"highlight_end":12,"highlight_start":5,"text":"    Primary,    // Movement, steering"}]}]}}
{"reason":"compiler-message","package_id":"path+file:///Users/bradyjeong/Documents/Projects/Amp/gta4/gta_game/gameplay_sim#0.1.0","manifest_path":"/Users/bradyjeong/Documents/Projects/Amp/gta4/gta_game/gameplay_sim/Cargo.toml","target":{"kind":["lib"],"crate_types":["lib"],"name":"gameplay_sim","src_path":"/Users/bradyjeong/Documents/Projects/Amp/gta4/gta_game/gameplay_sim/src/lib.rs","edition":"2021","doc":true,"doctest":true,"test":true},"message":{"rendered":"warning: missing documentation for a variant\n  --> gameplay_sim/src/systems/input/vehicle_control_config.rs:12:5\n   |\n12 |     Secondary,  // Turbo, afterburner, vertical movement\n   |     ^^^^^^^^^\n\n","$message_type":"diagnostic","children":[],"code":{"code":"missing_docs","explanation":null},"level":"warning","message":"missing documentation for a variant","spans":[{"byte_end":366,"byte_start":357,"column_end":14,"column_start":5,"expansion":null,"file_name":"gameplay_sim/src/systems/input/vehicle_control_config.rs","is_primary":true,"label":null,"line_end":12,"line_start":12,"suggested_replacement":null,"suggestion_applicability":null,"text":[{"highlight_end":14,"highlight_start":5,"text":"    Secondary,  // Turbo, afterburner, vertical movement"}]}]}}
{"reason":"compiler-message","package_id":"path+file:///Users/bradyjeong/Documents/Projects/Amp/gta4/gta_game/gameplay_sim#0.1.0","manifest_path":"/Users/bradyjeong/Documents/Projects/Amp/gta4/gta_game/gameplay_sim/Cargo.toml","target":{"kind":["lib"],"crate_types":["lib"],"name":"gameplay_sim","src_path":"/Users/bradyjeong/Documents/Projects/Amp/gta4/gta_game/gameplay_sim/src/lib.rs","edition":"2021","doc":true,"doctest":true,"test":true},"message":{"rendered":"warning: missing documentation for a variant\n  --> gameplay_sim/src/systems/input/vehicle_control_config.rs:13:5\n   |\n13 |     Meta,       // Exit vehicle, debug\n   |     ^^^^\n\n","$message_type":"diagnostic","children":[],"code":{"code":"missing_docs","explanation":null},"level":"warning","message":"missing documentation for a variant","spans":[{"byte_end":418,"byte_start":414,"column_end":9,"column_start":5,"expansion":null,"file_name":"gameplay_sim/src/systems/input/vehicle_control_config.rs","is_primary":true,"label":null,"line_end":13,"line_start":13,"suggested_replacement":null,"suggestion_applicability":null,"text":[{"highlight_end":9,"highlight_start":5,"text":"    Meta,       // Exit vehicle, debug"}]}]}}
{"reason":"compiler-message","package_id":"path+file:///Users/bradyjeong/Documents/Projects/Amp/gta4/gta_game/gameplay_sim#0.1.0","manifest_path":"/Users/bradyjeong/Documents/Projects/Amp/gta4/gta_game/gameplay_sim/Cargo.toml","target":{"kind":["lib"],"crate_types":["lib"],"name":"gameplay_sim","src_path":"/Users/bradyjeong/Documents/Projects/Amp/gta4/gta_game/gameplay_sim/src/lib.rs","edition":"2021","doc":true,"doctest":true,"test":true},"message":{"rendered":"warning: missing documentation for a struct\n  --> gameplay_sim/src/systems/input/vehicle_control_config.rs:17:1\n   |\n17 | pub struct ControlBinding {\n   | ^^^^^^^^^^^^^^^^^^^^^^^^^\n\n","$message_type":"diagnostic","children":[],"code":{"code":"missing_docs","explanation":null},"level":"warning","message":"missing documentation for a struct","spans":[{"byte_end":501,"byte_start":476,"column_end":26,"column_start":1,"expansion":null,"file_name":"gameplay_sim/src/systems/input/vehicle_control_config.rs","is_primary":true,"label":null,"line_end":17,"line_start":17,"suggested_replacement":null,"suggestion_applicability":null,"text":[{"highlight_end":26,"highlight_start":1,"text":"pub struct ControlBinding {"}]}]}}
{"reason":"compiler-message","package_id":"path+file:///Users/bradyjeong/Documents/Projects/Amp/gta4/gta_game/gameplay_sim#0.1.0","manifest_path":"/Users/bradyjeong/Documents/Projects/Amp/gta4/gta_game/gameplay_sim/Cargo.toml","target":{"kind":["lib"],"crate_types":["lib"],"name":"gameplay_sim","src_path":"/Users/bradyjeong/Documents/Projects/Amp/gta4/gta_game/gameplay_sim/src/lib.rs","edition":"2021","doc":true,"doctest":true,"test":true},"message":{"rendered":"warning: missing documentation for a struct field\n  --> gameplay_sim/src/systems/input/vehicle_control_config.rs:18:5\n   |\n18 |     pub action: InputAction,\n   |     ^^^^^^^^^^^^^^^^^^^^^^^\n\n","$message_type":"diagnostic","children":[],"code":{"code":"missing_docs","explanation":null},"level":"warning","message":"missing documentation for a struct field","spans":[{"byte_end":531,"byte_start":508,"column_end":28,"column_start":5,"expansion":null,"file_name":"gameplay_sim/src/systems/input/vehicle_control_config.rs","is_primary":true,"label":null,"line_end":18,"line_start":18,"suggested_replacement":null,"suggestion_applicability":null,"text":[{"highlight_end":28,"highlight_start":5,"text":"    pub action: InputAction,"}]}]}}
{"reason":"compiler-message","package_id":"path+file:///Users/bradyjeong/Documents/Projects/Amp/gta4/gta_game/gameplay_sim#0.1.0","manifest_path":"/Users/bradyjeong/Documents/Projects/Amp/gta4/gta_game/gameplay_sim/Cargo.toml","target":{"kind":["lib"],"crate_types":["lib"],"name":"gameplay_sim","src_path":"/Users/bradyjeong/Documents/Projects/Amp/gta4/gta_game/gameplay_sim/src/lib.rs","edition":"2021","doc":true,"doctest":true,"test":true},"message":{"rendered":"warning: missing documentation for a struct field\n  --> gameplay_sim/src/systems/input/vehicle_control_config.rs:19:5\n   |\n19 |     pub key: KeyCode,\n   |     ^^^^^^^^^^^^^^^^\n\n","$message_type":"diagnostic","children":[],"code":{"code":"missing_docs","explanation":null},"level":"warning","message":"missing documentation for a struct field","spans":[{"byte_end":553,"byte_start":537,"column_end":21,"column_start":5,"expansion":null,"file_name":"gameplay_sim/src/systems/input/vehicle_control_config.rs","is_primary":true,"label":null,"line_end":19,"line_start":19,"suggested_replacement":null,"suggestion_applicability":null,"text":[{"highlight_end":21,"highlight_start":5,"text":"    pub key: KeyCode,"}]}]}}
{"reason":"compiler-message","package_id":"path+file:///Users/bradyjeong/Documents/Projects/Amp/gta4/gta_game/gameplay_sim#0.1.0","manifest_path":"/Users/bradyjeong/Documents/Projects/Amp/gta4/gta_game/gameplay_sim/Cargo.toml","target":{"kind":["lib"],"crate_types":["lib"],"name":"gameplay_sim","src_path":"/Users/bradyjeong/Documents/Projects/Amp/gta4/gta_game/gameplay_sim/src/lib.rs","edition":"2021","doc":true,"doctest":true,"test":true},"message":{"rendered":"warning: missing documentation for a struct field\n  --> gameplay_sim/src/systems/input/vehicle_control_config.rs:20:5\n   |\n20 |     pub description: String,\n   |     ^^^^^^^^^^^^^^^^^^^^^^^\n\n","$message_type":"diagnostic","children":[],"code":{"code":"missing_docs","explanation":null},"level":"warning","message":"missing documentation for a struct field","spans":[{"byte_end":582,"byte_start":559,"column_end":28,"column_start":5,"expansion":null,"file_name":"gameplay_sim/src/systems/input/vehicle_control_config.rs","is_primary":true,"label":null,"line_end":20,"line_start":20,"suggested_replacement":null,"suggestion_applicability":null,"text":[{"highlight_end":28,"highlight_start":5,"text":"    pub description: String,"}]}]}}
{"reason":"compiler-message","package_id":"path+file:///Users/bradyjeong/Documents/Projects/Amp/gta4/gta_game/gameplay_sim#0.1.0","manifest_path":"/Users/bradyjeong/Documents/Projects/Amp/gta4/gta_game/gameplay_sim/Cargo.toml","target":{"kind":["lib"],"crate_types":["lib"],"name":"gameplay_sim","src_path":"/Users/bradyjeong/Documents/Projects/Amp/gta4/gta_game/gameplay_sim/src/lib.rs","edition":"2021","doc":true,"doctest":true,"test":true},"message":{"rendered":"warning: missing documentation for a struct field\n  --> gameplay_sim/src/systems/input/vehicle_control_config.rs:21:5\n   |\n21 |     pub category: ControlCategory,\n   |     ^^^^^^^^^^^^^^^^^^^^^^^^^^^^^\n\n","$message_type":"diagnostic","children":[],"code":{"code":"missing_docs","explanation":null},"level":"warning","message":"missing documentation for a struct field","spans":[{"byte_end":617,"byte_start":588,"column_end":34,"column_start":5,"expansion":null,"file_name":"gameplay_sim/src/systems/input/vehicle_control_config.rs","is_primary":true,"label":null,"line_end":21,"line_start":21,"suggested_replacement":null,"suggestion_applicability":null,"text":[{"highlight_end":34,"highlight_start":5,"text":"    pub category: ControlCategory,"}]}]}}
{"reason":"compiler-message","package_id":"path+file:///Users/bradyjeong/Documents/Projects/Amp/gta4/gta_game/gameplay_sim#0.1.0","manifest_path":"/Users/bradyjeong/Documents/Projects/Amp/gta4/gta_game/gameplay_sim/Cargo.toml","target":{"kind":["lib"],"crate_types":["lib"],"name":"gameplay_sim","src_path":"/Users/bradyjeong/Documents/Projects/Amp/gta4/gta_game/gameplay_sim/src/lib.rs","edition":"2021","doc":true,"doctest":true,"test":true},"message":{"rendered":"warning: missing documentation for a struct\n  --> gameplay_sim/src/systems/input/vehicle_control_config.rs:25:1\n   |\n25 | pub struct VehicleControlConfig {\n   | ^^^^^^^^^^^^^^^^^^^^^^^^^^^^^^^\n\n","$message_type":"diagnostic","children":[],"code":{"code":"missing_docs","explanation":null},"level":"warning","message":"missing documentation for a struct","spans":[{"byte_end":687,"byte_start":656,"column_end":32,"column_start":1,"expansion":null,"file_name":"gameplay_sim/src/systems/input/vehicle_control_config.rs","is_primary":true,"label":null,"line_end":25,"line_start":25,"suggested_replacement":null,"suggestion_applicability":null,"text":[{"highlight_end":32,"highlight_start":1,"text":"pub struct VehicleControlConfig {"}]}]}}
{"reason":"compiler-message","package_id":"path+file:///Users/bradyjeong/Documents/Projects/Amp/gta4/gta_game/gameplay_sim#0.1.0","manifest_path":"/Users/bradyjeong/Documents/Projects/Amp/gta4/gta_game/gameplay_sim/Cargo.toml","target":{"kind":["lib"],"crate_types":["lib"],"name":"gameplay_sim","src_path":"/Users/bradyjeong/Documents/Projects/Amp/gta4/gta_game/gameplay_sim/src/lib.rs","edition":"2021","doc":true,"doctest":true,"test":true},"message":{"rendered":"warning: missing documentation for a method\n  --> gameplay_sim/src/systems/input/vehicle_control_config.rs:85:5\n   |\n85 | /     pub fn get_key_for_vehicle_action(\n86 | |         &self,\n87 | |         vehicle_type: VehicleType,\n88 | |         action: InputAction,\n89 | |     ) -> Option<KeyCode> {\n   | |________________________^\n\n","$message_type":"diagnostic","children":[],"code":{"code":"missing_docs","explanation":null},"level":"warning","message":"missing documentation for a method","spans":[{"byte_end":4485,"byte_start":4347,"column_end":25,"column_start":5,"expansion":null,"file_name":"gameplay_sim/src/systems/input/vehicle_control_config.rs","is_primary":true,"label":null,"line_end":89,"line_start":85,"suggested_replacement":null,"suggestion_applicability":null,"text":[{"highlight_end":39,"highlight_start":5,"text":"    pub fn get_key_for_vehicle_action("},{"highlight_end":15,"highlight_start":1,"text":"        &self,"},{"highlight_end":35,"highlight_start":1,"text":"        vehicle_type: VehicleType,"},{"highlight_end":29,"highlight_start":1,"text":"        action: InputAction,"},{"highlight_end":25,"highlight_start":1,"text":"    ) -> Option<KeyCode> {"}]}]}}
{"reason":"compiler-message","package_id":"path+file:///Users/bradyjeong/Documents/Projects/Amp/gta4/gta_game/gameplay_sim#0.1.0","manifest_path":"/Users/bradyjeong/Documents/Projects/Amp/gta4/gta_game/gameplay_sim/Cargo.toml","target":{"kind":["lib"],"crate_types":["lib"],"name":"gameplay_sim","src_path":"/Users/bradyjeong/Documents/Projects/Amp/gta4/gta_game/gameplay_sim/src/lib.rs","edition":"2021","doc":true,"doctest":true,"test":true},"message":{"rendered":"warning: missing documentation for a method\n  --> gameplay_sim/src/systems/input/vehicle_control_config.rs:96:5\n   |\n96 | /     pub fn get_vehicle_controls(\n97 | |         &self,\n98 | |         vehicle_type: VehicleType,\n99 | |     ) -> Option<&Vec<ControlBinding>> {\n   | |_____________________________________^\n\n","$message_type":"diagnostic","children":[],"code":{"code":"missing_docs","explanation":null},"level":"warning","message":"missing documentation for a method","spans":[{"byte_end":4737,"byte_start":4621,"column_end":38,"column_start":5,"expansion":null,"file_name":"gameplay_sim/src/systems/input/vehicle_control_config.rs","is_primary":true,"label":null,"line_end":99,"line_start":96,"suggested_replacement":null,"suggestion_applicability":null,"text":[{"highlight_end":33,"highlight_start":5,"text":"    pub fn get_vehicle_controls("},{"highlight_end":15,"highlight_start":1,"text":"        &self,"},{"highlight_end":35,"highlight_start":1,"text":"        vehicle_type: VehicleType,"},{"highlight_end":38,"highlight_start":1,"text":"    ) -> Option<&Vec<ControlBinding>> {"}]}]}}
{"reason":"compiler-message","package_id":"path+file:///Users/bradyjeong/Documents/Projects/Amp/gta4/gta_game/gameplay_sim#0.1.0","manifest_path":"/Users/bradyjeong/Documents/Projects/Amp/gta4/gta_game/gameplay_sim/Cargo.toml","target":{"kind":["lib"],"crate_types":["lib"],"name":"gameplay_sim","src_path":"/Users/bradyjeong/Documents/Projects/Amp/gta4/gta_game/gameplay_sim/src/lib.rs","edition":"2021","doc":true,"doctest":true,"test":true},"message":{"rendered":"warning: missing documentation for a method\n   --> gameplay_sim/src/systems/input/vehicle_control_config.rs:103:5\n    |\n103 | /     pub fn get_vehicle_controls_by_category(\n104 | |         &self,\n105 | |         vehicle_type: VehicleType,\n106 | |         category: ControlCategory,\n107 | |     ) -> Vec<&ControlBinding> {\n    | |_____________________________^\n\n","$message_type":"diagnostic","children":[],"code":{"code":"missing_docs","explanation":null},"level":"warning","message":"missing documentation for a method","spans":[{"byte_end":4955,"byte_start":4800,"column_end":30,"column_start":5,"expansion":null,"file_name":"gameplay_sim/src/systems/input/vehicle_control_config.rs","is_primary":true,"label":null,"line_end":107,"line_start":103,"suggested_replacement":null,"suggestion_applicability":null,"text":[{"highlight_end":45,"highlight_start":5,"text":"    pub fn get_vehicle_controls_by_category("},{"highlight_end":15,"highlight_start":1,"text":"        &self,"},{"highlight_end":35,"highlight_start":1,"text":"        vehicle_type: VehicleType,"},{"highlight_end":35,"highlight_start":1,"text":"        category: ControlCategory,"},{"highlight_end":30,"highlight_start":1,"text":"    ) -> Vec<&ControlBinding> {"}]}]}}
{"reason":"compiler-message","package_id":"path+file:///Users/bradyjeong/Documents/Projects/Amp/gta4/gta_game/gameplay_sim#0.1.0","manifest_path":"/Users/bradyjeong/Documents/Projects/Amp/gta4/gta_game/gameplay_sim/Cargo.toml","target":{"kind":["lib"],"crate_types":["lib"],"name":"gameplay_sim","src_path":"/Users/bradyjeong/Documents/Projects/Amp/gta4/gta_game/gameplay_sim/src/lib.rs","edition":"2021","doc":true,"doctest":true,"test":true},"message":{"rendered":"warning: missing documentation for a method\n   --> gameplay_sim/src/systems/input/vehicle_control_config.rs:114:5\n    |\n114 | /     pub fn get_available_actions(\n115 | |         &self,\n116 | |         vehicle_type: VehicleType,\n117 | |     ) -> Vec<InputAction> {\n    | |_________________________^\n\n","$message_type":"diagnostic","children":[],"code":{"code":"missing_docs","explanation":null},"level":"warning","message":"missing documentation for a method","spans":[{"byte_end":5245,"byte_start":5140,"column_end":26,"column_start":5,"expansion":null,"file_name":"gameplay_sim/src/systems/input/vehicle_control_config.rs","is_primary":true,"label":null,"line_end":117,"line_start":114,"suggested_replacement":null,"suggestion_applicability":null,"text":[{"highlight_end":34,"highlight_start":5,"text":"    pub fn get_available_actions("},{"highlight_end":15,"highlight_start":1,"text":"        &self,"},{"highlight_end":35,"highlight_start":1,"text":"        vehicle_type: VehicleType,"},{"highlight_end":26,"highlight_start":1,"text":"    ) -> Vec<InputAction> {"}]}]}}
{"reason":"compiler-message","package_id":"path+file:///Users/bradyjeong/Documents/Projects/Amp/gta4/gta_game/gameplay_sim#0.1.0","manifest_path":"/Users/bradyjeong/Documents/Projects/Amp/gta4/gta_game/gameplay_sim/Cargo.toml","target":{"kind":["lib"],"crate_types":["lib"],"name":"gameplay_sim","src_path":"/Users/bradyjeong/Documents/Projects/Amp/gta4/gta_game/gameplay_sim/src/lib.rs","edition":"2021","doc":true,"doctest":true,"test":true},"message":{"rendered":"warning: missing documentation for a module\n --> gameplay_sim/src/distance/mod.rs:1:1\n  |\n1 | pub mod unified_distance_calculator;\n  | ^^^^^^^^^^^^^^^^^^^^^^^^^^^^^^^^^^^\n\n","$message_type":"diagnostic","children":[],"code":{"code":"missing_docs","explanation":null},"level":"warning","message":"missing documentation for a module","spans":[{"byte_end":35,"byte_start":0,"column_end":36,"column_start":1,"expansion":null,"file_name":"gameplay_sim/src/distance/mod.rs","is_primary":true,"label":null,"line_end":1,"line_start":1,"suggested_replacement":null,"suggestion_applicability":null,"text":[{"highlight_end":36,"highlight_start":1,"text":"pub mod unified_distance_calculator;"}]}]}}
{"reason":"compiler-message","package_id":"path+file:///Users/bradyjeong/Documents/Projects/Amp/gta4/gta_game/gameplay_sim#0.1.0","manifest_path":"/Users/bradyjeong/Documents/Projects/Amp/gta4/gta_game/gameplay_sim/Cargo.toml","target":{"kind":["lib"],"crate_types":["lib"],"name":"gameplay_sim","src_path":"/Users/bradyjeong/Documents/Projects/Amp/gta4/gta_game/gameplay_sim/src/lib.rs","edition":"2021","doc":true,"doctest":true,"test":true},"message":{"rendered":"warning: missing documentation for a method\n   --> gameplay_sim/src/systems/input/vehicle_control_config.rs:124:5\n    |\n124 | /     pub fn is_action_available_for_vehicle(\n125 | |         &self,\n126 | |         vehicle_type: VehicleType,\n127 | |         action: InputAction,\n128 | |     ) -> bool {\n    | |_____________^\n\n","$message_type":"diagnostic","children":[],"code":{"code":"missing_docs","explanation":null},"level":"warning","message":"missing documentation for a method","spans":[{"byte_end":5545,"byte_start":5413,"column_end":14,"column_start":5,"expansion":null,"file_name":"gameplay_sim/src/systems/input/vehicle_control_config.rs","is_primary":true,"label":null,"line_end":128,"line_start":124,"suggested_replacement":null,"suggestion_applicability":null,"text":[{"highlight_end":44,"highlight_start":5,"text":"    pub fn is_action_available_for_vehicle("},{"highlight_end":15,"highlight_start":1,"text":"        &self,"},{"highlight_end":35,"highlight_start":1,"text":"        vehicle_type: VehicleType,"},{"highlight_end":29,"highlight_start":1,"text":"        action: InputAction,"},{"highlight_end":14,"highlight_start":1,"text":"    ) -> bool {"}]}]}}
{"reason":"compiler-message","package_id":"path+file:///Users/bradyjeong/Documents/Projects/Amp/gta4/gta_game/gameplay_sim#0.1.0","manifest_path":"/Users/bradyjeong/Documents/Projects/Amp/gta4/gta_game/gameplay_sim/Cargo.toml","target":{"kind":["lib"],"crate_types":["lib"],"name":"gameplay_sim","src_path":"/Users/bradyjeong/Documents/Projects/Amp/gta4/gta_game/gameplay_sim/src/lib.rs","edition":"2021","doc":true,"doctest":true,"test":true},"message":{"rendered":"warning: missing documentation for an associated function\n   --> gameplay_sim/src/systems/input/vehicle_control_config.rs:136:5\n    |\n136 |     pub fn game_state_to_vehicle_type(state: &GameState) -> VehicleType {\n    |     ^^^^^^^^^^^^^^^^^^^^^^^^^^^^^^^^^^^^^^^^^^^^^^^^^^^^^^^^^^^^^^^^^^^\n\n","$message_type":"diagnostic","children":[],"code":{"code":"missing_docs","explanation":null},"level":"warning","message":"missing documentation for an associated function","spans":[{"byte_end":5836,"byte_start":5769,"column_end":72,"column_start":5,"expansion":null,"file_name":"gameplay_sim/src/systems/input/vehicle_control_config.rs","is_primary":true,"label":null,"line_end":136,"line_start":136,"suggested_replacement":null,"suggestion_applicability":null,"text":[{"highlight_end":72,"highlight_start":5,"text":"    pub fn game_state_to_vehicle_type(state: &GameState) -> VehicleType {"}]}]}}
{"reason":"compiler-message","package_id":"path+file:///Users/bradyjeong/Documents/Projects/Amp/gta4/gta_game/gameplay_sim#0.1.0","manifest_path":"/Users/bradyjeong/Documents/Projects/Amp/gta4/gta_game/gameplay_sim/Cargo.toml","target":{"kind":["lib"],"crate_types":["lib"],"name":"gameplay_sim","src_path":"/Users/bradyjeong/Documents/Projects/Amp/gta4/gta_game/gameplay_sim/src/lib.rs","edition":"2021","doc":true,"doctest":true,"test":true},"message":{"rendered":"warning: missing documentation for a struct field\n  --> gameplay_sim/src/distance/unified_distance_calculator.rs:32:5\n   |\n32 |     pub distance: f32,\n   |     ^^^^^^^^^^^^^^^^^\n\n","$message_type":"diagnostic","children":[],"code":{"code":"missing_docs","explanation":null},"level":"warning","message":"missing documentation for a struct field","spans":[{"byte_end":947,"byte_start":930,"column_end":22,"column_start":5,"expansion":null,"file_name":"gameplay_sim/src/distance/unified_distance_calculator.rs","is_primary":true,"label":null,"line_end":32,"line_start":32,"suggested_replacement":null,"suggestion_applicability":null,"text":[{"highlight_end":22,"highlight_start":5,"text":"    pub distance: f32,"}]}]}}
{"reason":"compiler-message","package_id":"path+file:///Users/bradyjeong/Documents/Projects/Amp/gta4/gta_game/gameplay_sim#0.1.0","manifest_path":"/Users/bradyjeong/Documents/Projects/Amp/gta4/gta_game/gameplay_sim/Cargo.toml","target":{"kind":["lib"],"crate_types":["lib"],"name":"gameplay_sim","src_path":"/Users/bradyjeong/Documents/Projects/Amp/gta4/gta_game/gameplay_sim/src/lib.rs","edition":"2021","doc":true,"doctest":true,"test":true},"message":{"rendered":"warning: missing documentation for a method\n   --> gameplay_sim/src/systems/input/vehicle_control_config.rs:145:5\n    |\n145 | /     pub fn get_controls_for_state(\n146 | |         &self,\n147 | |         state: &GameState,\n148 | |     ) -> Option<&Vec<ControlBinding>> {\n    | |_____________________________________^\n\n","$message_type":"diagnostic","children":[],"code":{"code":"missing_docs","explanation":null},"level":"warning","message":"missing documentation for a method","spans":[{"byte_end":6215,"byte_start":6105,"column_end":38,"column_start":5,"expansion":null,"file_name":"gameplay_sim/src/systems/input/vehicle_control_config.rs","is_primary":true,"label":null,"line_end":148,"line_start":145,"suggested_replacement":null,"suggestion_applicability":null,"text":[{"highlight_end":35,"highlight_start":5,"text":"    pub fn get_controls_for_state("},{"highlight_end":15,"highlight_start":1,"text":"        &self,"},{"highlight_end":27,"highlight_start":1,"text":"        state: &GameState,"},{"highlight_end":38,"highlight_start":1,"text":"    ) -> Option<&Vec<ControlBinding>> {"}]}]}}
{"reason":"compiler-message","package_id":"path+file:///Users/bradyjeong/Documents/Projects/Amp/gta4/gta_game/gameplay_sim#0.1.0","manifest_path":"/Users/bradyjeong/Documents/Projects/Amp/gta4/gta_game/gameplay_sim/Cargo.toml","target":{"kind":["lib"],"crate_types":["lib"],"name":"gameplay_sim","src_path":"/Users/bradyjeong/Documents/Projects/Amp/gta4/gta_game/gameplay_sim/src/lib.rs","edition":"2021","doc":true,"doctest":true,"test":true},"message":{"rendered":"warning: missing documentation for a struct field\n  --> gameplay_sim/src/distance/unified_distance_calculator.rs:33:5\n   |\n33 |     pub distance_squared: f32,\n   |     ^^^^^^^^^^^^^^^^^^^^^^^^^\n\n","$message_type":"diagnostic","children":[],"code":{"code":"missing_docs","explanation":null},"level":"warning","message":"missing documentation for a struct field","spans":[{"byte_end":978,"byte_start":953,"column_end":30,"column_start":5,"expansion":null,"file_name":"gameplay_sim/src/distance/unified_distance_calculator.rs","is_primary":true,"label":null,"line_end":33,"line_start":33,"suggested_replacement":null,"suggestion_applicability":null,"text":[{"highlight_end":30,"highlight_start":5,"text":"    pub distance_squared: f32,"}]}]}}
{"reason":"compiler-message","package_id":"path+file:///Users/bradyjeong/Documents/Projects/Amp/gta4/gta_game/gameplay_sim#0.1.0","manifest_path":"/Users/bradyjeong/Documents/Projects/Amp/gta4/gta_game/gameplay_sim/Cargo.toml","target":{"kind":["lib"],"crate_types":["lib"],"name":"gameplay_sim","src_path":"/Users/bradyjeong/Documents/Projects/Amp/gta4/gta_game/gameplay_sim/src/lib.rs","edition":"2021","doc":true,"doctest":true,"test":true},"message":{"rendered":"warning: missing documentation for a method\n   --> gameplay_sim/src/systems/input/vehicle_control_config.rs:154:5\n    |\n154 | /     pub fn update_control(\n155 | |         &mut self,\n156 | |         vehicle_type: VehicleType,\n157 | |         action: InputAction,\n158 | |         new_key: KeyCode,\n159 | |     ) -> Result<(), String> {\n    | |___________________________^\n\n","$message_type":"diagnostic","children":[],"code":{"code":"missing_docs","explanation":null},"level":"warning","message":"missing documentation for a method","spans":[{"byte_end":6518,"byte_start":6359,"column_end":28,"column_start":5,"expansion":null,"file_name":"gameplay_sim/src/systems/input/vehicle_control_config.rs","is_primary":true,"label":null,"line_end":159,"line_start":154,"suggested_replacement":null,"suggestion_applicability":null,"text":[{"highlight_end":27,"highlight_start":5,"text":"    pub fn update_control("},{"highlight_end":19,"highlight_start":1,"text":"        &mut self,"},{"highlight_end":35,"highlight_start":1,"text":"        vehicle_type: VehicleType,"},{"highlight_end":29,"highlight_start":1,"text":"        action: InputAction,"},{"highlight_end":26,"highlight_start":1,"text":"        new_key: KeyCode,"},{"highlight_end":28,"highlight_start":1,"text":"    ) -> Result<(), String> {"}]}]}}
{"reason":"compiler-message","package_id":"path+file:///Users/bradyjeong/Documents/Projects/Amp/gta4/gta_game/gameplay_sim#0.1.0","manifest_path":"/Users/bradyjeong/Documents/Projects/Amp/gta4/gta_game/gameplay_sim/Cargo.toml","target":{"kind":["lib"],"crate_types":["lib"],"name":"gameplay_sim","src_path":"/Users/bradyjeong/Documents/Projects/Amp/gta4/gta_game/gameplay_sim/src/lib.rs","edition":"2021","doc":true,"doctest":true,"test":true},"message":{"rendered":"warning: missing documentation for a method\n   --> gameplay_sim/src/systems/input/vehicle_control_config.rs:181:5\n    |\n181 | /     pub fn add_control(\n182 | |         &mut self,\n183 | |         vehicle_type: VehicleType,\n184 | |         binding: ControlBinding,\n185 | |     ) -> Result<(), String> {\n    | |___________________________^\n\n","$message_type":"diagnostic","children":[],"code":{"code":"missing_docs","explanation":null},"level":"warning","message":"missing documentation for a method","spans":[{"byte_end":7455,"byte_start":7321,"column_end":28,"column_start":5,"expansion":null,"file_name":"gameplay_sim/src/systems/input/vehicle_control_config.rs","is_primary":true,"label":null,"line_end":185,"line_start":181,"suggested_replacement":null,"suggestion_applicability":null,"text":[{"highlight_end":24,"highlight_start":5,"text":"    pub fn add_control("},{"highlight_end":19,"highlight_start":1,"text":"        &mut self,"},{"highlight_end":35,"highlight_start":1,"text":"        vehicle_type: VehicleType,"},{"highlight_end":33,"highlight_start":1,"text":"        binding: ControlBinding,"},{"highlight_end":28,"highlight_start":1,"text":"    ) -> Result<(), String> {"}]}]}}
{"reason":"compiler-message","package_id":"path+file:///Users/bradyjeong/Documents/Projects/Amp/gta4/gta_game/gameplay_sim#0.1.0","manifest_path":"/Users/bradyjeong/Documents/Projects/Amp/gta4/gta_game/gameplay_sim/Cargo.toml","target":{"kind":["lib"],"crate_types":["lib"],"name":"gameplay_sim","src_path":"/Users/bradyjeong/Documents/Projects/Amp/gta4/gta_game/gameplay_sim/src/lib.rs","edition":"2021","doc":true,"doctest":true,"test":true},"message":{"rendered":"warning: missing documentation for a struct field\n   --> gameplay_sim/src/distance/unified_distance_calculator.rs:160:5\n    |\n160 |     pub batch_count: u32,\n    |     ^^^^^^^^^^^^^^^^^^^^\n\n","$message_type":"diagnostic","children":[],"code":{"code":"missing_docs","explanation":null},"level":"warning","message":"missing documentation for a struct field","spans":[{"byte_end":5166,"byte_start":5146,"column_end":25,"column_start":5,"expansion":null,"file_name":"gameplay_sim/src/distance/unified_distance_calculator.rs","is_primary":true,"label":null,"line_end":160,"line_start":160,"suggested_replacement":null,"suggestion_applicability":null,"text":[{"highlight_end":25,"highlight_start":5,"text":"    pub batch_count: u32,"}]}]}}
{"reason":"compiler-message","package_id":"path+file:///Users/bradyjeong/Documents/Projects/Amp/gta4/gta_game/gameplay_sim#0.1.0","manifest_path":"/Users/bradyjeong/Documents/Projects/Amp/gta4/gta_game/gameplay_sim/Cargo.toml","target":{"kind":["lib"],"crate_types":["lib"],"name":"gameplay_sim","src_path":"/Users/bradyjeong/Documents/Projects/Amp/gta4/gta_game/gameplay_sim/src/lib.rs","edition":"2021","doc":true,"doctest":true,"test":true},"message":{"rendered":"warning: missing documentation for a method\n   --> gameplay_sim/src/systems/input/vehicle_control_config.rs:210:5\n    |\n210 |     pub fn reset_to_defaults(&mut self) {\n    |     ^^^^^^^^^^^^^^^^^^^^^^^^^^^^^^^^^^^\n\n","$message_type":"diagnostic","children":[],"code":{"code":"missing_docs","explanation":null},"level":"warning","message":"missing documentation for a method","spans":[{"byte_end":8279,"byte_start":8244,"column_end":40,"column_start":5,"expansion":null,"file_name":"gameplay_sim/src/systems/input/vehicle_control_config.rs","is_primary":true,"label":null,"line_end":210,"line_start":210,"suggested_replacement":null,"suggestion_applicability":null,"text":[{"highlight_end":40,"highlight_start":5,"text":"    pub fn reset_to_defaults(&mut self) {"}]}]}}
{"reason":"compiler-message","package_id":"path+file:///Users/bradyjeong/Documents/Projects/Amp/gta4/gta_game/gameplay_sim#0.1.0","manifest_path":"/Users/bradyjeong/Documents/Projects/Amp/gta4/gta_game/gameplay_sim/Cargo.toml","target":{"kind":["lib"],"crate_types":["lib"],"name":"gameplay_sim","src_path":"/Users/bradyjeong/Documents/Projects/Amp/gta4/gta_game/gameplay_sim/src/lib.rs","edition":"2021","doc":true,"doctest":true,"test":true},"message":{"rendered":"warning: missing documentation for a struct field\n   --> gameplay_sim/src/distance/unified_distance_calculator.rs:161:5\n    |\n161 |     pub individual_count: u32,\n    |     ^^^^^^^^^^^^^^^^^^^^^^^^^\n\n","$message_type":"diagnostic","children":[],"code":{"code":"missing_docs","explanation":null},"level":"warning","message":"missing documentation for a struct field","spans":[{"byte_end":5197,"byte_start":5172,"column_end":30,"column_start":5,"expansion":null,"file_name":"gameplay_sim/src/distance/unified_distance_calculator.rs","is_primary":true,"label":null,"line_end":161,"line_start":161,"suggested_replacement":null,"suggestion_applicability":null,"text":[{"highlight_end":30,"highlight_start":5,"text":"    pub individual_count: u32,"}]}]}}
{"reason":"compiler-message","package_id":"path+file:///Users/bradyjeong/Documents/Projects/Amp/gta4/gta_game/gameplay_sim#0.1.0","manifest_path":"/Users/bradyjeong/Documents/Projects/Amp/gta4/gta_game/gameplay_sim/Cargo.toml","target":{"kind":["lib"],"crate_types":["lib"],"name":"gameplay_sim","src_path":"/Users/bradyjeong/Documents/Projects/Amp/gta4/gta_game/gameplay_sim/src/lib.rs","edition":"2021","doc":true,"doctest":true,"test":true},"message":{"rendered":"warning: missing documentation for a struct field\n   --> gameplay_sim/src/distance/unified_distance_calculator.rs:162:5\n    |\n162 |     pub frame_cache_size: usize,\n    |     ^^^^^^^^^^^^^^^^^^^^^^^^^^^\n\n","$message_type":"diagnostic","children":[],"code":{"code":"missing_docs","explanation":null},"level":"warning","message":"missing documentation for a struct field","spans":[{"byte_end":5230,"byte_start":5203,"column_end":32,"column_start":5,"expansion":null,"file_name":"gameplay_sim/src/distance/unified_distance_calculator.rs","is_primary":true,"label":null,"line_end":162,"line_start":162,"suggested_replacement":null,"suggestion_applicability":null,"text":[{"highlight_end":32,"highlight_start":5,"text":"    pub frame_cache_size: usize,"}]}]}}
{"reason":"compiler-message","package_id":"path+file:///Users/bradyjeong/Documents/Projects/Amp/gta4/gta_game/gameplay_sim#0.1.0","manifest_path":"/Users/bradyjeong/Documents/Projects/Amp/gta4/gta_game/gameplay_sim/Cargo.toml","target":{"kind":["lib"],"crate_types":["lib"],"name":"gameplay_sim","src_path":"/Users/bradyjeong/Documents/Projects/Amp/gta4/gta_game/gameplay_sim/src/lib.rs","edition":"2021","doc":true,"doctest":true,"test":true},"message":{"rendered":"warning: missing documentation for an enum\n  --> gameplay_sim/src/systems/input/control_manager.rs:26:1\n   |\n26 | pub enum ControlAction {\n   | ^^^^^^^^^^^^^^^^^^^^^^\n\n","$message_type":"diagnostic","children":[],"code":{"code":"missing_docs","explanation":null},"level":"warning","message":"missing documentation for an enum","spans":[{"byte_end":1074,"byte_start":1052,"column_end":23,"column_start":1,"expansion":null,"file_name":"gameplay_sim/src/systems/input/control_manager.rs","is_primary":true,"label":null,"line_end":26,"line_start":26,"suggested_replacement":null,"suggestion_applicability":null,"text":[{"highlight_end":23,"highlight_start":1,"text":"pub enum ControlAction {"}]}]}}
{"reason":"compiler-message","package_id":"path+file:///Users/bradyjeong/Documents/Projects/Amp/gta4/gta_game/gameplay_sim#0.1.0","manifest_path":"/Users/bradyjeong/Documents/Projects/Amp/gta4/gta_game/gameplay_sim/Cargo.toml","target":{"kind":["lib"],"crate_types":["lib"],"name":"gameplay_sim","src_path":"/Users/bradyjeong/Documents/Projects/Amp/gta4/gta_game/gameplay_sim/src/lib.rs","edition":"2021","doc":true,"doctest":true,"test":true},"message":{"rendered":"warning: missing documentation for a struct field\n   --> gameplay_sim/src/distance/unified_distance_calculator.rs:163:5\n    |\n163 |     pub pending_requests: usize,\n    |     ^^^^^^^^^^^^^^^^^^^^^^^^^^^\n\n","$message_type":"diagnostic","children":[],"code":{"code":"missing_docs","explanation":null},"level":"warning","message":"missing documentation for a struct field","spans":[{"byte_end":5263,"byte_start":5236,"column_end":32,"column_start":5,"expansion":null,"file_name":"gameplay_sim/src/distance/unified_distance_calculator.rs","is_primary":true,"label":null,"line_end":163,"line_start":163,"suggested_replacement":null,"suggestion_applicability":null,"text":[{"highlight_end":32,"highlight_start":5,"text":"    pub pending_requests: usize,"}]}]}}
{"reason":"compiler-message","package_id":"path+file:///Users/bradyjeong/Documents/Projects/Amp/gta4/gta_game/gameplay_sim#0.1.0","manifest_path":"/Users/bradyjeong/Documents/Projects/Amp/gta4/gta_game/gameplay_sim/Cargo.toml","target":{"kind":["lib"],"crate_types":["lib"],"name":"gameplay_sim","src_path":"/Users/bradyjeong/Documents/Projects/Amp/gta4/gta_game/gameplay_sim/src/lib.rs","edition":"2021","doc":true,"doctest":true,"test":true},"message":{"rendered":"warning: missing documentation for a variant\n  --> gameplay_sim/src/systems/input/control_manager.rs:28:5\n   |\n28 |     Accelerate,\n   |     ^^^^^^^^^^\n\n","$message_type":"diagnostic","children":[],"code":{"code":"missing_docs","explanation":null},"level":"warning","message":"missing documentation for a variant","spans":[{"byte_end":1107,"byte_start":1097,"column_end":15,"column_start":5,"expansion":null,"file_name":"gameplay_sim/src/systems/input/control_manager.rs","is_primary":true,"label":null,"line_end":28,"line_start":28,"suggested_replacement":null,"suggestion_applicability":null,"text":[{"highlight_end":15,"highlight_start":5,"text":"    Accelerate,"}]}]}}
{"reason":"compiler-message","package_id":"path+file:///Users/bradyjeong/Documents/Projects/Amp/gta4/gta_game/gameplay_sim#0.1.0","manifest_path":"/Users/bradyjeong/Documents/Projects/Amp/gta4/gta_game/gameplay_sim/Cargo.toml","target":{"kind":["lib"],"crate_types":["lib"],"name":"gameplay_sim","src_path":"/Users/bradyjeong/Documents/Projects/Amp/gta4/gta_game/gameplay_sim/src/lib.rs","edition":"2021","doc":true,"doctest":true,"test":true},"message":{"rendered":"warning: missing documentation for a variant\n  --> gameplay_sim/src/systems/input/control_manager.rs:29:5\n   |\n29 |     Brake,\n   |     ^^^^^\n\n","$message_type":"diagnostic","children":[],"code":{"code":"missing_docs","explanation":null},"level":"warning","message":"missing documentation for a variant","spans":[{"byte_end":1118,"byte_start":1113,"column_end":10,"column_start":5,"expansion":null,"file_name":"gameplay_sim/src/systems/input/control_manager.rs","is_primary":true,"label":null,"line_end":29,"line_start":29,"suggested_replacement":null,"suggestion_applicability":null,"text":[{"highlight_end":10,"highlight_start":5,"text":"    Brake,"}]}]}}
{"reason":"compiler-message","package_id":"path+file:///Users/bradyjeong/Documents/Projects/Amp/gta4/gta_game/gameplay_sim#0.1.0","manifest_path":"/Users/bradyjeong/Documents/Projects/Amp/gta4/gta_game/gameplay_sim/Cargo.toml","target":{"kind":["lib"],"crate_types":["lib"],"name":"gameplay_sim","src_path":"/Users/bradyjeong/Documents/Projects/Amp/gta4/gta_game/gameplay_sim/src/lib.rs","edition":"2021","doc":true,"doctest":true,"test":true},"message":{"rendered":"warning: missing documentation for a variant\n  --> gameplay_sim/src/systems/input/control_manager.rs:30:5\n   |\n30 |     Steer,\n   |     ^^^^^\n\n","$message_type":"diagnostic","children":[],"code":{"code":"missing_docs","explanation":null},"level":"warning","message":"missing documentation for a variant","spans":[{"byte_end":1129,"byte_start":1124,"column_end":10,"column_start":5,"expansion":null,"file_name":"gameplay_sim/src/systems/input/control_manager.rs","is_primary":true,"label":null,"line_end":30,"line_start":30,"suggested_replacement":null,"suggestion_applicability":null,"text":[{"highlight_end":10,"highlight_start":5,"text":"    Steer,"}]}]}}
{"reason":"compiler-message","package_id":"path+file:///Users/bradyjeong/Documents/Projects/Amp/gta4/gta_game/gameplay_sim#0.1.0","manifest_path":"/Users/bradyjeong/Documents/Projects/Amp/gta4/gta_game/gameplay_sim/Cargo.toml","target":{"kind":["lib"],"crate_types":["lib"],"name":"gameplay_sim","src_path":"/Users/bradyjeong/Documents/Projects/Amp/gta4/gta_game/gameplay_sim/src/lib.rs","edition":"2021","doc":true,"doctest":true,"test":true},"message":{"rendered":"warning: missing documentation for a variant\n  --> gameplay_sim/src/systems/input/control_manager.rs:33:5\n   |\n33 |     Pitch,\n   |     ^^^^^\n\n","$message_type":"diagnostic","children":[],"code":{"code":"missing_docs","explanation":null},"level":"warning","message":"missing documentation for a variant","spans":[{"byte_end":1183,"byte_start":1178,"column_end":10,"column_start":5,"expansion":null,"file_name":"gameplay_sim/src/systems/input/control_manager.rs","is_primary":true,"label":null,"line_end":33,"line_start":33,"suggested_replacement":null,"suggestion_applicability":null,"text":[{"highlight_end":10,"highlight_start":5,"text":"    Pitch,"}]}]}}
{"reason":"compiler-message","package_id":"path+file:///Users/bradyjeong/Documents/Projects/Amp/gta4/gta_game/gameplay_sim#0.1.0","manifest_path":"/Users/bradyjeong/Documents/Projects/Amp/gta4/gta_game/gameplay_sim/Cargo.toml","target":{"kind":["lib"],"crate_types":["lib"],"name":"gameplay_sim","src_path":"/Users/bradyjeong/Documents/Projects/Amp/gta4/gta_game/gameplay_sim/src/lib.rs","edition":"2021","doc":true,"doctest":true,"test":true},"message":{"rendered":"warning: missing documentation for a variant\n  --> gameplay_sim/src/systems/input/control_manager.rs:34:5\n   |\n34 |     Roll,\n   |     ^^^^\n\n","$message_type":"diagnostic","children":[],"code":{"code":"missing_docs","explanation":null},"level":"warning","message":"missing documentation for a variant","spans":[{"byte_end":1193,"byte_start":1189,"column_end":9,"column_start":5,"expansion":null,"file_name":"gameplay_sim/src/systems/input/control_manager.rs","is_primary":true,"label":null,"line_end":34,"line_start":34,"suggested_replacement":null,"suggestion_applicability":null,"text":[{"highlight_end":9,"highlight_start":5,"text":"    Roll,"}]}]}}
{"reason":"compiler-message","package_id":"path+file:///Users/bradyjeong/Documents/Projects/Amp/gta4/gta_game/gameplay_sim#0.1.0","manifest_path":"/Users/bradyjeong/Documents/Projects/Amp/gta4/gta_game/gameplay_sim/Cargo.toml","target":{"kind":["lib"],"crate_types":["lib"],"name":"gameplay_sim","src_path":"/Users/bradyjeong/Documents/Projects/Amp/gta4/gta_game/gameplay_sim/src/lib.rs","edition":"2021","doc":true,"doctest":true,"test":true},"message":{"rendered":"warning: missing documentation for a variant\n  --> gameplay_sim/src/systems/input/control_manager.rs:35:5\n   |\n35 |     Yaw,\n   |     ^^^\n\n","$message_type":"diagnostic","children":[],"code":{"code":"missing_docs","explanation":null},"level":"warning","message":"missing documentation for a variant","spans":[{"byte_end":1202,"byte_start":1199,"column_end":8,"column_start":5,"expansion":null,"file_name":"gameplay_sim/src/systems/input/control_manager.rs","is_primary":true,"label":null,"line_end":35,"line_start":35,"suggested_replacement":null,"suggestion_applicability":null,"text":[{"highlight_end":8,"highlight_start":5,"text":"    Yaw,"}]}]}}
{"reason":"compiler-message","package_id":"path+file:///Users/bradyjeong/Documents/Projects/Amp/gta4/gta_game/gameplay_sim#0.1.0","manifest_path":"/Users/bradyjeong/Documents/Projects/Amp/gta4/gta_game/gameplay_sim/Cargo.toml","target":{"kind":["lib"],"crate_types":["lib"],"name":"gameplay_sim","src_path":"/Users/bradyjeong/Documents/Projects/Amp/gta4/gta_game/gameplay_sim/src/lib.rs","edition":"2021","doc":true,"doctest":true,"test":true},"message":{"rendered":"warning: missing documentation for a variant\n  --> gameplay_sim/src/systems/input/control_manager.rs:36:5\n   |\n36 |     Throttle,\n   |     ^^^^^^^^\n\n","$message_type":"diagnostic","children":[],"code":{"code":"missing_docs","explanation":null},"level":"warning","message":"missing documentation for a variant","spans":[{"byte_end":1216,"byte_start":1208,"column_end":13,"column_start":5,"expansion":null,"file_name":"gameplay_sim/src/systems/input/control_manager.rs","is_primary":true,"label":null,"line_end":36,"line_start":36,"suggested_replacement":null,"suggestion_applicability":null,"text":[{"highlight_end":13,"highlight_start":5,"text":"    Throttle,"}]}]}}
{"reason":"compiler-message","package_id":"path+file:///Users/bradyjeong/Documents/Projects/Amp/gta4/gta_game/gameplay_sim#0.1.0","manifest_path":"/Users/bradyjeong/Documents/Projects/Amp/gta4/gta_game/gameplay_sim/Cargo.toml","target":{"kind":["lib"],"crate_types":["lib"],"name":"gameplay_sim","src_path":"/Users/bradyjeong/Documents/Projects/Amp/gta4/gta_game/gameplay_sim/src/lib.rs","edition":"2021","doc":true,"doctest":true,"test":true},"message":{"rendered":"warning: missing documentation for a variant\n  --> gameplay_sim/src/systems/input/control_manager.rs:39:5\n   |\n39 |     Turbo,\n   |     ^^^^^\n\n","$message_type":"diagnostic","children":[],"code":{"code":"missing_docs","explanation":null},"level":"warning","message":"missing documentation for a variant","spans":[{"byte_end":1247,"byte_start":1242,"column_end":10,"column_start":5,"expansion":null,"file_name":"gameplay_sim/src/systems/input/control_manager.rs","is_primary":true,"label":null,"line_end":39,"line_start":39,"suggested_replacement":null,"suggestion_applicability":null,"text":[{"highlight_end":10,"highlight_start":5,"text":"    Turbo,"}]}]}}
{"reason":"compiler-message","package_id":"path+file:///Users/bradyjeong/Documents/Projects/Amp/gta4/gta_game/gameplay_sim#0.1.0","manifest_path":"/Users/bradyjeong/Documents/Projects/Amp/gta4/gta_game/gameplay_sim/Cargo.toml","target":{"kind":["lib"],"crate_types":["lib"],"name":"gameplay_sim","src_path":"/Users/bradyjeong/Documents/Projects/Amp/gta4/gta_game/gameplay_sim/src/lib.rs","edition":"2021","doc":true,"doctest":true,"test":true},"message":{"rendered":"warning: missing documentation for a variant\n  --> gameplay_sim/src/systems/input/control_manager.rs:40:5\n   |\n40 |     Afterburner,\n   |     ^^^^^^^^^^^\n\n","$message_type":"diagnostic","children":[],"code":{"code":"missing_docs","explanation":null},"level":"warning","message":"missing documentation for a variant","spans":[{"byte_end":1264,"byte_start":1253,"column_end":16,"column_start":5,"expansion":null,"file_name":"gameplay_sim/src/systems/input/control_manager.rs","is_primary":true,"label":null,"line_end":40,"line_start":40,"suggested_replacement":null,"suggestion_applicability":null,"text":[{"highlight_end":16,"highlight_start":5,"text":"    Afterburner,"}]}]}}
{"reason":"compiler-message","package_id":"path+file:///Users/bradyjeong/Documents/Projects/Amp/gta4/gta_game/gameplay_sim#0.1.0","manifest_path":"/Users/bradyjeong/Documents/Projects/Amp/gta4/gta_game/gameplay_sim/Cargo.toml","target":{"kind":["lib"],"crate_types":["lib"],"name":"gameplay_sim","src_path":"/Users/bradyjeong/Documents/Projects/Amp/gta4/gta_game/gameplay_sim/src/lib.rs","edition":"2021","doc":true,"doctest":true,"test":true},"message":{"rendered":"warning: missing documentation for a variant\n  --> gameplay_sim/src/systems/input/control_manager.rs:41:5\n   |\n41 |     EmergencyBrake,\n   |     ^^^^^^^^^^^^^^\n\n","$message_type":"diagnostic","children":[],"code":{"code":"missing_docs","explanation":null},"level":"warning","message":"missing documentation for a variant","spans":[{"byte_end":1284,"byte_start":1270,"column_end":19,"column_start":5,"expansion":null,"file_name":"gameplay_sim/src/systems/input/control_manager.rs","is_primary":true,"label":null,"line_end":41,"line_start":41,"suggested_replacement":null,"suggestion_applicability":null,"text":[{"highlight_end":19,"highlight_start":5,"text":"    EmergencyBrake,"}]}]}}
{"reason":"compiler-message","package_id":"path+file:///Users/bradyjeong/Documents/Projects/Amp/gta4/gta_game/gameplay_sim#0.1.0","manifest_path":"/Users/bradyjeong/Documents/Projects/Amp/gta4/gta_game/gameplay_sim/Cargo.toml","target":{"kind":["lib"],"crate_types":["lib"],"name":"gameplay_sim","src_path":"/Users/bradyjeong/Documents/Projects/Amp/gta4/gta_game/gameplay_sim/src/lib.rs","edition":"2021","doc":true,"doctest":true,"test":true},"message":{"rendered":"warning: missing documentation for a variant\n  --> gameplay_sim/src/systems/input/control_manager.rs:42:5\n   |\n42 |     Emergency,\n   |     ^^^^^^^^^\n\n","$message_type":"diagnostic","children":[],"code":{"code":"missing_docs","explanation":null},"level":"warning","message":"missing documentation for a variant","spans":[{"byte_end":1299,"byte_start":1290,"column_end":14,"column_start":5,"expansion":null,"file_name":"gameplay_sim/src/systems/input/control_manager.rs","is_primary":true,"label":null,"line_end":42,"line_start":42,"suggested_replacement":null,"suggestion_applicability":null,"text":[{"highlight_end":14,"highlight_start":5,"text":"    Emergency,"}]}]}}
{"reason":"compiler-message","package_id":"path+file:///Users/bradyjeong/Documents/Projects/Amp/gta4/gta_game/gameplay_sim#0.1.0","manifest_path":"/Users/bradyjeong/Documents/Projects/Amp/gta4/gta_game/gameplay_sim/Cargo.toml","target":{"kind":["lib"],"crate_types":["lib"],"name":"gameplay_sim","src_path":"/Users/bradyjeong/Documents/Projects/Amp/gta4/gta_game/gameplay_sim/src/lib.rs","edition":"2021","doc":true,"doctest":true,"test":true},"message":{"rendered":"warning: missing documentation for a variant\n  --> gameplay_sim/src/systems/input/control_manager.rs:45:5\n   |\n45 |     NPCMove,\n   |     ^^^^^^^\n\n","$message_type":"diagnostic","children":[],"code":{"code":"missing_docs","explanation":null},"level":"warning","message":"missing documentation for a variant","spans":[{"byte_end":1339,"byte_start":1332,"column_end":12,"column_start":5,"expansion":null,"file_name":"gameplay_sim/src/systems/input/control_manager.rs","is_primary":true,"label":null,"line_end":45,"line_start":45,"suggested_replacement":null,"suggestion_applicability":null,"text":[{"highlight_end":12,"highlight_start":5,"text":"    NPCMove,"}]}]}}
{"reason":"compiler-message","package_id":"path+file:///Users/bradyjeong/Documents/Projects/Amp/gta4/gta_game/gameplay_sim#0.1.0","manifest_path":"/Users/bradyjeong/Documents/Projects/Amp/gta4/gta_game/gameplay_sim/Cargo.toml","target":{"kind":["lib"],"crate_types":["lib"],"name":"gameplay_sim","src_path":"/Users/bradyjeong/Documents/Projects/Amp/gta4/gta_game/gameplay_sim/src/lib.rs","edition":"2021","doc":true,"doctest":true,"test":true},"message":{"rendered":"warning: missing documentation for a variant\n  --> gameplay_sim/src/systems/input/control_manager.rs:46:5\n   |\n46 |     NPCTurn,\n   |     ^^^^^^^\n\n","$message_type":"diagnostic","children":[],"code":{"code":"missing_docs","explanation":null},"level":"warning","message":"missing documentation for a variant","spans":[{"byte_end":1352,"byte_start":1345,"column_end":12,"column_start":5,"expansion":null,"file_name":"gameplay_sim/src/systems/input/control_manager.rs","is_primary":true,"label":null,"line_end":46,"line_start":46,"suggested_replacement":null,"suggestion_applicability":null,"text":[{"highlight_end":12,"highlight_start":5,"text":"    NPCTurn,"}]}]}}
{"reason":"compiler-message","package_id":"path+file:///Users/bradyjeong/Documents/Projects/Amp/gta4/gta_game/gameplay_sim#0.1.0","manifest_path":"/Users/bradyjeong/Documents/Projects/Amp/gta4/gta_game/gameplay_sim/Cargo.toml","target":{"kind":["lib"],"crate_types":["lib"],"name":"gameplay_sim","src_path":"/Users/bradyjeong/Documents/Projects/Amp/gta4/gta_game/gameplay_sim/src/lib.rs","edition":"2021","doc":true,"doctest":true,"test":true},"message":{"rendered":"warning: missing documentation for a variant\n  --> gameplay_sim/src/systems/input/control_manager.rs:47:5\n   |\n47 |     NPCWander,\n   |     ^^^^^^^^^\n\n","$message_type":"diagnostic","children":[],"code":{"code":"missing_docs","explanation":null},"level":"warning","message":"missing documentation for a variant","spans":[{"byte_end":1367,"byte_start":1358,"column_end":14,"column_start":5,"expansion":null,"file_name":"gameplay_sim/src/systems/input/control_manager.rs","is_primary":true,"label":null,"line_end":47,"line_start":47,"suggested_replacement":null,"suggestion_applicability":null,"text":[{"highlight_end":14,"highlight_start":5,"text":"    NPCWander,"}]}]}}
{"reason":"compiler-message","package_id":"path+file:///Users/bradyjeong/Documents/Projects/Amp/gta4/gta_game/gameplay_sim#0.1.0","manifest_path":"/Users/bradyjeong/Documents/Projects/Amp/gta4/gta_game/gameplay_sim/Cargo.toml","target":{"kind":["lib"],"crate_types":["lib"],"name":"gameplay_sim","src_path":"/Users/bradyjeong/Documents/Projects/Amp/gta4/gta_game/gameplay_sim/src/lib.rs","edition":"2021","doc":true,"doctest":true,"test":true},"message":{"rendered":"warning: missing documentation for a variant\n  --> gameplay_sim/src/systems/input/control_manager.rs:50:5\n   |\n50 |     Interact,\n   |     ^^^^^^^^\n\n","$message_type":"diagnostic","children":[],"code":{"code":"missing_docs","explanation":null},"level":"warning","message":"missing documentation for a variant","spans":[{"byte_end":1405,"byte_start":1397,"column_end":13,"column_start":5,"expansion":null,"file_name":"gameplay_sim/src/systems/input/control_manager.rs","is_primary":true,"label":null,"line_end":50,"line_start":50,"suggested_replacement":null,"suggestion_applicability":null,"text":[{"highlight_end":13,"highlight_start":5,"text":"    Interact,"}]}]}}
{"reason":"compiler-message","package_id":"path+file:///Users/bradyjeong/Documents/Projects/Amp/gta4/gta_game/gameplay_sim#0.1.0","manifest_path":"/Users/bradyjeong/Documents/Projects/Amp/gta4/gta_game/gameplay_sim/Cargo.toml","target":{"kind":["lib"],"crate_types":["lib"],"name":"gameplay_sim","src_path":"/Users/bradyjeong/Documents/Projects/Amp/gta4/gta_game/gameplay_sim/src/lib.rs","edition":"2021","doc":true,"doctest":true,"test":true},"message":{"rendered":"warning: missing documentation for a variant\n  --> gameplay_sim/src/systems/input/control_manager.rs:51:5\n   |\n51 |     DebugInfo,\n   |     ^^^^^^^^^\n\n","$message_type":"diagnostic","children":[],"code":{"code":"missing_docs","explanation":null},"level":"warning","message":"missing documentation for a variant","spans":[{"byte_end":1420,"byte_start":1411,"column_end":14,"column_start":5,"expansion":null,"file_name":"gameplay_sim/src/systems/input/control_manager.rs","is_primary":true,"label":null,"line_end":51,"line_start":51,"suggested_replacement":null,"suggestion_applicability":null,"text":[{"highlight_end":14,"highlight_start":5,"text":"    DebugInfo,"}]}]}}
{"reason":"compiler-message","package_id":"path+file:///Users/bradyjeong/Documents/Projects/Amp/gta4/gta_game/gameplay_sim#0.1.0","manifest_path":"/Users/bradyjeong/Documents/Projects/Amp/gta4/gta_game/gameplay_sim/Cargo.toml","target":{"kind":["lib"],"crate_types":["lib"],"name":"gameplay_sim","src_path":"/Users/bradyjeong/Documents/Projects/Amp/gta4/gta_game/gameplay_sim/src/lib.rs","edition":"2021","doc":true,"doctest":true,"test":true},"message":{"rendered":"warning: missing documentation for a variant\n  --> gameplay_sim/src/systems/input/control_manager.rs:52:5\n   |\n52 |     EmergencyReset,\n   |     ^^^^^^^^^^^^^^\n\n","$message_type":"diagnostic","children":[],"code":{"code":"missing_docs","explanation":null},"level":"warning","message":"missing documentation for a variant","spans":[{"byte_end":1440,"byte_start":1426,"column_end":19,"column_start":5,"expansion":null,"file_name":"gameplay_sim/src/systems/input/control_manager.rs","is_primary":true,"label":null,"line_end":52,"line_start":52,"suggested_replacement":null,"suggestion_applicability":null,"text":[{"highlight_end":19,"highlight_start":5,"text":"    EmergencyReset,"}]}]}}
{"reason":"compiler-message","package_id":"path+file:///Users/bradyjeong/Documents/Projects/Amp/gta4/gta_game/gameplay_sim#0.1.0","manifest_path":"/Users/bradyjeong/Documents/Projects/Amp/gta4/gta_game/gameplay_sim/Cargo.toml","target":{"kind":["lib"],"crate_types":["lib"],"name":"gameplay_sim","src_path":"/Users/bradyjeong/Documents/Projects/Amp/gta4/gta_game/gameplay_sim/src/lib.rs","edition":"2021","doc":true,"doctest":true,"test":true},"message":{"rendered":"warning: missing documentation for a variant\n  --> gameplay_sim/src/systems/input/control_manager.rs:66:5\n   |\n66 |     Player,\n   |     ^^^^^^\n\n","$message_type":"diagnostic","children":[],"code":{"code":"missing_docs","explanation":null},"level":"warning","message":"missing documentation for a variant","spans":[{"byte_end":1882,"byte_start":1876,"column_end":11,"column_start":5,"expansion":null,"file_name":"gameplay_sim/src/systems/input/control_manager.rs","is_primary":true,"label":null,"line_end":66,"line_start":66,"suggested_replacement":null,"suggestion_applicability":null,"text":[{"highlight_end":11,"highlight_start":5,"text":"    Player,"}]}]}}
{"reason":"compiler-message","package_id":"path+file:///Users/bradyjeong/Documents/Projects/Amp/gta4/gta_game/gameplay_sim#0.1.0","manifest_path":"/Users/bradyjeong/Documents/Projects/Amp/gta4/gta_game/gameplay_sim/Cargo.toml","target":{"kind":["lib"],"crate_types":["lib"],"name":"gameplay_sim","src_path":"/Users/bradyjeong/Documents/Projects/Amp/gta4/gta_game/gameplay_sim/src/lib.rs","edition":"2021","doc":true,"doctest":true,"test":true},"message":{"rendered":"warning: missing documentation for a variant\n  --> gameplay_sim/src/systems/input/control_manager.rs:67:5\n   |\n67 |     Vehicle,\n   |     ^^^^^^^\n\n","$message_type":"diagnostic","children":[],"code":{"code":"missing_docs","explanation":null},"level":"warning","message":"missing documentation for a variant","spans":[{"byte_end":1895,"byte_start":1888,"column_end":12,"column_start":5,"expansion":null,"file_name":"gameplay_sim/src/systems/input/control_manager.rs","is_primary":true,"label":null,"line_end":67,"line_start":67,"suggested_replacement":null,"suggestion_applicability":null,"text":[{"highlight_end":12,"highlight_start":5,"text":"    Vehicle,"}]}]}}
{"reason":"compiler-message","package_id":"path+file:///Users/bradyjeong/Documents/Projects/Amp/gta4/gta_game/gameplay_sim#0.1.0","manifest_path":"/Users/bradyjeong/Documents/Projects/Amp/gta4/gta_game/gameplay_sim/Cargo.toml","target":{"kind":["lib"],"crate_types":["lib"],"name":"gameplay_sim","src_path":"/Users/bradyjeong/Documents/Projects/Amp/gta4/gta_game/gameplay_sim/src/lib.rs","edition":"2021","doc":true,"doctest":true,"test":true},"message":{"rendered":"warning: missing documentation for a variant\n  --> gameplay_sim/src/systems/input/control_manager.rs:68:5\n   |\n68 |     SuperVehicle,\n   |     ^^^^^^^^^^^^\n\n","$message_type":"diagnostic","children":[],"code":{"code":"missing_docs","explanation":null},"level":"warning","message":"missing documentation for a variant","spans":[{"byte_end":1913,"byte_start":1901,"column_end":17,"column_start":5,"expansion":null,"file_name":"gameplay_sim/src/systems/input/control_manager.rs","is_primary":true,"label":null,"line_end":68,"line_start":68,"suggested_replacement":null,"suggestion_applicability":null,"text":[{"highlight_end":17,"highlight_start":5,"text":"    SuperVehicle,"}]}]}}
{"reason":"compiler-message","package_id":"path+file:///Users/bradyjeong/Documents/Projects/Amp/gta4/gta_game/gameplay_sim#0.1.0","manifest_path":"/Users/bradyjeong/Documents/Projects/Amp/gta4/gta_game/gameplay_sim/Cargo.toml","target":{"kind":["lib"],"crate_types":["lib"],"name":"gameplay_sim","src_path":"/Users/bradyjeong/Documents/Projects/Amp/gta4/gta_game/gameplay_sim/src/lib.rs","edition":"2021","doc":true,"doctest":true,"test":true},"message":{"rendered":"warning: missing documentation for a variant\n  --> gameplay_sim/src/systems/input/control_manager.rs:69:5\n   |\n69 |     Helicopter,\n   |     ^^^^^^^^^^\n\n","$message_type":"diagnostic","children":[],"code":{"code":"missing_docs","explanation":null},"level":"warning","message":"missing documentation for a variant","spans":[{"byte_end":1929,"byte_start":1919,"column_end":15,"column_start":5,"expansion":null,"file_name":"gameplay_sim/src/systems/input/control_manager.rs","is_primary":true,"label":null,"line_end":69,"line_start":69,"suggested_replacement":null,"suggestion_applicability":null,"text":[{"highlight_end":15,"highlight_start":5,"text":"    Helicopter,"}]}]}}
{"reason":"compiler-message","package_id":"path+file:///Users/bradyjeong/Documents/Projects/Amp/gta4/gta_game/gameplay_sim#0.1.0","manifest_path":"/Users/bradyjeong/Documents/Projects/Amp/gta4/gta_game/gameplay_sim/Cargo.toml","target":{"kind":["lib"],"crate_types":["lib"],"name":"gameplay_sim","src_path":"/Users/bradyjeong/Documents/Projects/Amp/gta4/gta_game/gameplay_sim/src/lib.rs","edition":"2021","doc":true,"doctest":true,"test":true},"message":{"rendered":"warning: missing documentation for a variant\n  --> gameplay_sim/src/systems/input/control_manager.rs:70:5\n   |\n70 |     Aircraft,\n   |     ^^^^^^^^\n\n","$message_type":"diagnostic","children":[],"code":{"code":"missing_docs","explanation":null},"level":"warning","message":"missing documentation for a variant","spans":[{"byte_end":1943,"byte_start":1935,"column_end":13,"column_start":5,"expansion":null,"file_name":"gameplay_sim/src/systems/input/control_manager.rs","is_primary":true,"label":null,"line_end":70,"line_start":70,"suggested_replacement":null,"suggestion_applicability":null,"text":[{"highlight_end":13,"highlight_start":5,"text":"    Aircraft,"}]}]}}
{"reason":"compiler-message","package_id":"path+file:///Users/bradyjeong/Documents/Projects/Amp/gta4/gta_game/gameplay_sim#0.1.0","manifest_path":"/Users/bradyjeong/Documents/Projects/Amp/gta4/gta_game/gameplay_sim/Cargo.toml","target":{"kind":["lib"],"crate_types":["lib"],"name":"gameplay_sim","src_path":"/Users/bradyjeong/Documents/Projects/Amp/gta4/gta_game/gameplay_sim/src/lib.rs","edition":"2021","doc":true,"doctest":true,"test":true},"message":{"rendered":"warning: missing documentation for a variant\n  --> gameplay_sim/src/systems/input/control_manager.rs:71:5\n   |\n71 |     NPC,\n   |     ^^^\n\n","$message_type":"diagnostic","children":[],"code":{"code":"missing_docs","explanation":null},"level":"warning","message":"missing documentation for a variant","spans":[{"byte_end":1952,"byte_start":1949,"column_end":8,"column_start":5,"expansion":null,"file_name":"gameplay_sim/src/systems/input/control_manager.rs","is_primary":true,"label":null,"line_end":71,"line_start":71,"suggested_replacement":null,"suggestion_applicability":null,"text":[{"highlight_end":8,"highlight_start":5,"text":"    NPC,"}]}]}}
{"reason":"compiler-message","package_id":"path+file:///Users/bradyjeong/Documents/Projects/Amp/gta4/gta_game/gameplay_sim#0.1.0","manifest_path":"/Users/bradyjeong/Documents/Projects/Amp/gta4/gta_game/gameplay_sim/Cargo.toml","target":{"kind":["lib"],"crate_types":["lib"],"name":"gameplay_sim","src_path":"/Users/bradyjeong/Documents/Projects/Amp/gta4/gta_game/gameplay_sim/src/lib.rs","edition":"2021","doc":true,"doctest":true,"test":true},"message":{"rendered":"warning: missing documentation for a struct field\n  --> gameplay_sim/src/systems/input/control_manager.rs:77:5\n   |\n77 |     pub movement_direction: Vec3,\n   |     ^^^^^^^^^^^^^^^^^^^^^^^^^^^^\n\n","$message_type":"diagnostic","children":[],"code":{"code":"missing_docs","explanation":null},"level":"warning","message":"missing documentation for a struct field","spans":[{"byte_end":2077,"byte_start":2049,"column_end":33,"column_start":5,"expansion":null,"file_name":"gameplay_sim/src/systems/input/control_manager.rs","is_primary":true,"label":null,"line_end":77,"line_start":77,"suggested_replacement":null,"suggestion_applicability":null,"text":[{"highlight_end":33,"highlight_start":5,"text":"    pub movement_direction: Vec3,"}]}]}}
{"reason":"compiler-message","package_id":"path+file:///Users/bradyjeong/Documents/Projects/Amp/gta4/gta_game/gameplay_sim#0.1.0","manifest_path":"/Users/bradyjeong/Documents/Projects/Amp/gta4/gta_game/gameplay_sim/Cargo.toml","target":{"kind":["lib"],"crate_types":["lib"],"name":"gameplay_sim","src_path":"/Users/bradyjeong/Documents/Projects/Amp/gta4/gta_game/gameplay_sim/src/lib.rs","edition":"2021","doc":true,"doctest":true,"test":true},"message":{"rendered":"warning: missing documentation for a struct field\n  --> gameplay_sim/src/systems/input/control_manager.rs:78:5\n   |\n78 |     pub rotation_target: f32,\n   |     ^^^^^^^^^^^^^^^^^^^^^^^^\n\n","$message_type":"diagnostic","children":[],"code":{"code":"missing_docs","explanation":null},"level":"warning","message":"missing documentation for a struct field","spans":[{"byte_end":2107,"byte_start":2083,"column_end":29,"column_start":5,"expansion":null,"file_name":"gameplay_sim/src/systems/input/control_manager.rs","is_primary":true,"label":null,"line_end":78,"line_start":78,"suggested_replacement":null,"suggestion_applicability":null,"text":[{"highlight_end":29,"highlight_start":5,"text":"    pub rotation_target: f32,"}]}]}}
{"reason":"compiler-message","package_id":"path+file:///Users/bradyjeong/Documents/Projects/Amp/gta4/gta_game/gameplay_sim#0.1.0","manifest_path":"/Users/bradyjeong/Documents/Projects/Amp/gta4/gta_game/gameplay_sim/Cargo.toml","target":{"kind":["lib"],"crate_types":["lib"],"name":"gameplay_sim","src_path":"/Users/bradyjeong/Documents/Projects/Amp/gta4/gta_game/gameplay_sim/src/lib.rs","edition":"2021","doc":true,"doctest":true,"test":true},"message":{"rendered":"warning: missing documentation for a struct field\n  --> gameplay_sim/src/systems/input/control_manager.rs:79:5\n   |\n79 |     pub speed_factor: f32,\n   |     ^^^^^^^^^^^^^^^^^^^^^\n\n","$message_type":"diagnostic","children":[],"code":{"code":"missing_docs","explanation":null},"level":"warning","message":"missing documentation for a struct field","spans":[{"byte_end":2134,"byte_start":2113,"column_end":26,"column_start":5,"expansion":null,"file_name":"gameplay_sim/src/systems/input/control_manager.rs","is_primary":true,"label":null,"line_end":79,"line_start":79,"suggested_replacement":null,"suggestion_applicability":null,"text":[{"highlight_end":26,"highlight_start":5,"text":"    pub speed_factor: f32,"}]}]}}
{"reason":"compiler-message","package_id":"path+file:///Users/bradyjeong/Documents/Projects/Amp/gta4/gta_game/gameplay_sim#0.1.0","manifest_path":"/Users/bradyjeong/Documents/Projects/Amp/gta4/gta_game/gameplay_sim/Cargo.toml","target":{"kind":["lib"],"crate_types":["lib"],"name":"gameplay_sim","src_path":"/Users/bradyjeong/Documents/Projects/Amp/gta4/gta_game/gameplay_sim/src/lib.rs","edition":"2021","doc":true,"doctest":true,"test":true},"message":{"rendered":"warning: missing documentation for a struct field\n  --> gameplay_sim/src/systems/input/control_manager.rs:80:5\n   |\n80 |     pub action_priority: f32,\n   |     ^^^^^^^^^^^^^^^^^^^^^^^^\n\n","$message_type":"diagnostic","children":[],"code":{"code":"missing_docs","explanation":null},"level":"warning","message":"missing documentation for a struct field","spans":[{"byte_end":2164,"byte_start":2140,"column_end":29,"column_start":5,"expansion":null,"file_name":"gameplay_sim/src/systems/input/control_manager.rs","is_primary":true,"label":null,"line_end":80,"line_start":80,"suggested_replacement":null,"suggestion_applicability":null,"text":[{"highlight_end":29,"highlight_start":5,"text":"    pub action_priority: f32,"}]}]}}
{"reason":"compiler-message","package_id":"path+file:///Users/bradyjeong/Documents/Projects/Amp/gta4/gta_game/gameplay_sim#0.1.0","manifest_path":"/Users/bradyjeong/Documents/Projects/Amp/gta4/gta_game/gameplay_sim/Cargo.toml","target":{"kind":["lib"],"crate_types":["lib"],"name":"gameplay_sim","src_path":"/Users/bradyjeong/Documents/Projects/Amp/gta4/gta_game/gameplay_sim/src/lib.rs","edition":"2021","doc":true,"doctest":true,"test":true},"message":{"rendered":"warning: missing documentation for a struct\n  --> gameplay_sim/src/systems/input/control_manager.rs:95:1\n   |\n95 | pub struct VehiclePhysicsConfig {\n   | ^^^^^^^^^^^^^^^^^^^^^^^^^^^^^^^\n\n","$message_type":"diagnostic","children":[],"code":{"code":"missing_docs","explanation":null},"level":"warning","message":"missing documentation for a struct","spans":[{"byte_end":2465,"byte_start":2434,"column_end":32,"column_start":1,"expansion":null,"file_name":"gameplay_sim/src/systems/input/control_manager.rs","is_primary":true,"label":null,"line_end":95,"line_start":95,"suggested_replacement":null,"suggestion_applicability":null,"text":[{"highlight_end":32,"highlight_start":1,"text":"pub struct VehiclePhysicsConfig {"}]}]}}
{"reason":"compiler-message","package_id":"path+file:///Users/bradyjeong/Documents/Projects/Amp/gta4/gta_game/gameplay_sim#0.1.0","manifest_path":"/Users/bradyjeong/Documents/Projects/Amp/gta4/gta_game/gameplay_sim/Cargo.toml","target":{"kind":["lib"],"crate_types":["lib"],"name":"gameplay_sim","src_path":"/Users/bradyjeong/Documents/Projects/Amp/gta4/gta_game/gameplay_sim/src/lib.rs","edition":"2021","doc":true,"doctest":true,"test":true},"message":{"rendered":"warning: missing documentation for a struct field\n  --> gameplay_sim/src/systems/input/control_manager.rs:96:5\n   |\n96 |     pub max_speed: f32,\n   |     ^^^^^^^^^^^^^^^^^^\n\n","$message_type":"diagnostic","children":[],"code":{"code":"missing_docs","explanation":null},"level":"warning","message":"missing documentation for a struct field","spans":[{"byte_end":2490,"byte_start":2472,"column_end":23,"column_start":5,"expansion":null,"file_name":"gameplay_sim/src/systems/input/control_manager.rs","is_primary":true,"label":null,"line_end":96,"line_start":96,"suggested_replacement":null,"suggestion_applicability":null,"text":[{"highlight_end":23,"highlight_start":5,"text":"    pub max_speed: f32,"}]}]}}
{"reason":"compiler-message","package_id":"path+file:///Users/bradyjeong/Documents/Projects/Amp/gta4/gta_game/gameplay_sim#0.1.0","manifest_path":"/Users/bradyjeong/Documents/Projects/Amp/gta4/gta_game/gameplay_sim/Cargo.toml","target":{"kind":["lib"],"crate_types":["lib"],"name":"gameplay_sim","src_path":"/Users/bradyjeong/Documents/Projects/Amp/gta4/gta_game/gameplay_sim/src/lib.rs","edition":"2021","doc":true,"doctest":true,"test":true},"message":{"rendered":"warning: missing documentation for a struct field\n  --> gameplay_sim/src/systems/input/control_manager.rs:97:5\n   |\n97 |     pub acceleration: f32,\n   |     ^^^^^^^^^^^^^^^^^^^^^\n\n","$message_type":"diagnostic","children":[],"code":{"code":"missing_docs","explanation":null},"level":"warning","message":"missing documentation for a struct field","spans":[{"byte_end":2517,"byte_start":2496,"column_end":26,"column_start":5,"expansion":null,"file_name":"gameplay_sim/src/systems/input/control_manager.rs","is_primary":true,"label":null,"line_end":97,"line_start":97,"suggested_replacement":null,"suggestion_applicability":null,"text":[{"highlight_end":26,"highlight_start":5,"text":"    pub acceleration: f32,"}]}]}}
{"reason":"compiler-message","package_id":"path+file:///Users/bradyjeong/Documents/Projects/Amp/gta4/gta_game/gameplay_sim#0.1.0","manifest_path":"/Users/bradyjeong/Documents/Projects/Amp/gta4/gta_game/gameplay_sim/Cargo.toml","target":{"kind":["lib"],"crate_types":["lib"],"name":"gameplay_sim","src_path":"/Users/bradyjeong/Documents/Projects/Amp/gta4/gta_game/gameplay_sim/src/lib.rs","edition":"2021","doc":true,"doctest":true,"test":true},"message":{"rendered":"warning: missing documentation for a struct field\n  --> gameplay_sim/src/systems/input/control_manager.rs:98:5\n   |\n98 |     pub turn_speed: f32,\n   |     ^^^^^^^^^^^^^^^^^^^\n\n","$message_type":"diagnostic","children":[],"code":{"code":"missing_docs","explanation":null},"level":"warning","message":"missing documentation for a struct field","spans":[{"byte_end":2542,"byte_start":2523,"column_end":24,"column_start":5,"expansion":null,"file_name":"gameplay_sim/src/systems/input/control_manager.rs","is_primary":true,"label":null,"line_end":98,"line_start":98,"suggested_replacement":null,"suggestion_applicability":null,"text":[{"highlight_end":24,"highlight_start":5,"text":"    pub turn_speed: f32,"}]}]}}
{"reason":"compiler-message","package_id":"path+file:///Users/bradyjeong/Documents/Projects/Amp/gta4/gta_game/gameplay_sim#0.1.0","manifest_path":"/Users/bradyjeong/Documents/Projects/Amp/gta4/gta_game/gameplay_sim/Cargo.toml","target":{"kind":["lib"],"crate_types":["lib"],"name":"gameplay_sim","src_path":"/Users/bradyjeong/Documents/Projects/Amp/gta4/gta_game/gameplay_sim/src/lib.rs","edition":"2021","doc":true,"doctest":true,"test":true},"message":{"rendered":"warning: missing documentation for a struct field\n  --> gameplay_sim/src/systems/input/control_manager.rs:99:5\n   |\n99 |     pub brake_force: f32,\n   |     ^^^^^^^^^^^^^^^^^^^^\n\n","$message_type":"diagnostic","children":[],"code":{"code":"missing_docs","explanation":null},"level":"warning","message":"missing documentation for a struct field","spans":[{"byte_end":2568,"byte_start":2548,"column_end":25,"column_start":5,"expansion":null,"file_name":"gameplay_sim/src/systems/input/control_manager.rs","is_primary":true,"label":null,"line_end":99,"line_start":99,"suggested_replacement":null,"suggestion_applicability":null,"text":[{"highlight_end":25,"highlight_start":5,"text":"    pub brake_force: f32,"}]}]}}
{"reason":"compiler-message","package_id":"path+file:///Users/bradyjeong/Documents/Projects/Amp/gta4/gta_game/gameplay_sim#0.1.0","manifest_path":"/Users/bradyjeong/Documents/Projects/Amp/gta4/gta_game/gameplay_sim/Cargo.toml","target":{"kind":["lib"],"crate_types":["lib"],"name":"gameplay_sim","src_path":"/Users/bradyjeong/Documents/Projects/Amp/gta4/gta_game/gameplay_sim/src/lib.rs","edition":"2021","doc":true,"doctest":true,"test":true},"message":{"rendered":"warning: missing documentation for a struct field\n   --> gameplay_sim/src/systems/input/control_manager.rs:102:5\n    |\n102 |     pub max_acceleration: f32,\n    |     ^^^^^^^^^^^^^^^^^^^^^^^^^\n\n","$message_type":"diagnostic","children":[],"code":{"code":"missing_docs","explanation":null},"level":"warning","message":"missing documentation for a struct field","spans":[{"byte_end":2631,"byte_start":2606,"column_end":30,"column_start":5,"expansion":null,"file_name":"gameplay_sim/src/systems/input/control_manager.rs","is_primary":true,"label":null,"line_end":102,"line_start":102,"suggested_replacement":null,"suggestion_applicability":null,"text":[{"highlight_end":30,"highlight_start":5,"text":"    pub max_acceleration: f32,"}]}]}}
{"reason":"compiler-message","package_id":"path+file:///Users/bradyjeong/Documents/Projects/Amp/gta4/gta_game/gameplay_sim#0.1.0","manifest_path":"/Users/bradyjeong/Documents/Projects/Amp/gta4/gta_game/gameplay_sim/Cargo.toml","target":{"kind":["lib"],"crate_types":["lib"],"name":"gameplay_sim","src_path":"/Users/bradyjeong/Documents/Projects/Amp/gta4/gta_game/gameplay_sim/src/lib.rs","edition":"2021","doc":true,"doctest":true,"test":true},"message":{"rendered":"warning: missing documentation for a struct field\n   --> gameplay_sim/src/systems/input/control_manager.rs:103:5\n    |\n103 |     pub max_angular_velocity: f32,\n    |     ^^^^^^^^^^^^^^^^^^^^^^^^^^^^^\n\n","$message_type":"diagnostic","children":[],"code":{"code":"missing_docs","explanation":null},"level":"warning","message":"missing documentation for a struct field","spans":[{"byte_end":2666,"byte_start":2637,"column_end":34,"column_start":5,"expansion":null,"file_name":"gameplay_sim/src/systems/input/control_manager.rs","is_primary":true,"label":null,"line_end":103,"line_start":103,"suggested_replacement":null,"suggestion_applicability":null,"text":[{"highlight_end":34,"highlight_start":5,"text":"    pub max_angular_velocity: f32,"}]}]}}
{"reason":"compiler-message","package_id":"path+file:///Users/bradyjeong/Documents/Projects/Amp/gta4/gta_game/gameplay_sim#0.1.0","manifest_path":"/Users/bradyjeong/Documents/Projects/Amp/gta4/gta_game/gameplay_sim/Cargo.toml","target":{"kind":["lib"],"crate_types":["lib"],"name":"gameplay_sim","src_path":"/Users/bradyjeong/Documents/Projects/Amp/gta4/gta_game/gameplay_sim/src/lib.rs","edition":"2021","doc":true,"doctest":true,"test":true},"message":{"rendered":"warning: missing documentation for a struct field\n   --> gameplay_sim/src/systems/input/control_manager.rs:104:5\n    |\n104 |     pub position_clamp: Vec3,\n    |     ^^^^^^^^^^^^^^^^^^^^^^^^\n\n","$message_type":"diagnostic","children":[],"code":{"code":"missing_docs","explanation":null},"level":"warning","message":"missing documentation for a struct field","spans":[{"byte_end":2696,"byte_start":2672,"column_end":29,"column_start":5,"expansion":null,"file_name":"gameplay_sim/src/systems/input/control_manager.rs","is_primary":true,"label":null,"line_end":104,"line_start":104,"suggested_replacement":null,"suggestion_applicability":null,"text":[{"highlight_end":29,"highlight_start":5,"text":"    pub position_clamp: Vec3,"}]}]}}
{"reason":"compiler-message","package_id":"path+file:///Users/bradyjeong/Documents/Projects/Amp/gta4/gta_game/gameplay_sim#0.1.0","manifest_path":"/Users/bradyjeong/Documents/Projects/Amp/gta4/gta_game/gameplay_sim/Cargo.toml","target":{"kind":["lib"],"crate_types":["lib"],"name":"gameplay_sim","src_path":"/Users/bradyjeong/Documents/Projects/Amp/gta4/gta_game/gameplay_sim/src/lib.rs","edition":"2021","doc":true,"doctest":true,"test":true},"message":{"rendered":"warning: missing documentation for a struct field\n   --> gameplay_sim/src/systems/input/control_manager.rs:107:5\n    |\n107 |     pub acceleration_sensitivity: f32,\n    |     ^^^^^^^^^^^^^^^^^^^^^^^^^^^^^^^^^\n\n","$message_type":"diagnostic","children":[],"code":{"code":"missing_docs","explanation":null},"level":"warning","message":"missing documentation for a struct field","spans":[{"byte_end":2765,"byte_start":2732,"column_end":38,"column_start":5,"expansion":null,"file_name":"gameplay_sim/src/systems/input/control_manager.rs","is_primary":true,"label":null,"line_end":107,"line_start":107,"suggested_replacement":null,"suggestion_applicability":null,"text":[{"highlight_end":38,"highlight_start":5,"text":"    pub acceleration_sensitivity: f32,"}]}]}}
{"reason":"compiler-message","package_id":"path+file:///Users/bradyjeong/Documents/Projects/Amp/gta4/gta_game/gameplay_sim#0.1.0","manifest_path":"/Users/bradyjeong/Documents/Projects/Amp/gta4/gta_game/gameplay_sim/Cargo.toml","target":{"kind":["lib"],"crate_types":["lib"],"name":"gameplay_sim","src_path":"/Users/bradyjeong/Documents/Projects/Amp/gta4/gta_game/gameplay_sim/src/lib.rs","edition":"2021","doc":true,"doctest":true,"test":true},"message":{"rendered":"warning: missing documentation for a struct field\n   --> gameplay_sim/src/systems/input/control_manager.rs:108:5\n    |\n108 |     pub steering_sensitivity: f32,\n    |     ^^^^^^^^^^^^^^^^^^^^^^^^^^^^^\n\n","$message_type":"diagnostic","children":[],"code":{"code":"missing_docs","explanation":null},"level":"warning","message":"missing documentation for a struct field","spans":[{"byte_end":2800,"byte_start":2771,"column_end":34,"column_start":5,"expansion":null,"file_name":"gameplay_sim/src/systems/input/control_manager.rs","is_primary":true,"label":null,"line_end":108,"line_start":108,"suggested_replacement":null,"suggestion_applicability":null,"text":[{"highlight_end":34,"highlight_start":5,"text":"    pub steering_sensitivity: f32,"}]}]}}
{"reason":"compiler-message","package_id":"path+file:///Users/bradyjeong/Documents/Projects/Amp/gta4/gta_game/gameplay_sim#0.1.0","manifest_path":"/Users/bradyjeong/Documents/Projects/Amp/gta4/gta_game/gameplay_sim/Cargo.toml","target":{"kind":["lib"],"crate_types":["lib"],"name":"gameplay_sim","src_path":"/Users/bradyjeong/Documents/Projects/Amp/gta4/gta_game/gameplay_sim/src/lib.rs","edition":"2021","doc":true,"doctest":true,"test":true},"message":{"rendered":"warning: missing documentation for a struct field\n   --> gameplay_sim/src/systems/input/control_manager.rs:109:5\n    |\n109 |     pub brake_sensitivity: f32,\n    |     ^^^^^^^^^^^^^^^^^^^^^^^^^^\n\n","$message_type":"diagnostic","children":[],"code":{"code":"missing_docs","explanation":null},"level":"warning","message":"missing documentation for a struct field","spans":[{"byte_end":2832,"byte_start":2806,"column_end":31,"column_start":5,"expansion":null,"file_name":"gameplay_sim/src/systems/input/control_manager.rs","is_primary":true,"label":null,"line_end":109,"line_start":109,"suggested_replacement":null,"suggestion_applicability":null,"text":[{"highlight_end":31,"highlight_start":5,"text":"    pub brake_sensitivity: f32,"}]}]}}
{"reason":"compiler-message","package_id":"path+file:///Users/bradyjeong/Documents/Projects/Amp/gta4/gta_game/gameplay_sim#0.1.0","manifest_path":"/Users/bradyjeong/Documents/Projects/Amp/gta4/gta_game/gameplay_sim/Cargo.toml","target":{"kind":["lib"],"crate_types":["lib"],"name":"gameplay_sim","src_path":"/Users/bradyjeong/Documents/Projects/Amp/gta4/gta_game/gameplay_sim/src/lib.rs","edition":"2021","doc":true,"doctest":true,"test":true},"message":{"rendered":"warning: missing documentation for a struct field\n   --> gameplay_sim/src/systems/input/control_manager.rs:112:5\n    |\n112 |     pub enable_safety_limits: bool,\n    |     ^^^^^^^^^^^^^^^^^^^^^^^^^^^^^^\n\n","$message_type":"diagnostic","children":[],"code":{"code":"missing_docs","explanation":null},"level":"warning","message":"missing documentation for a struct field","spans":[{"byte_end":2894,"byte_start":2864,"column_end":35,"column_start":5,"expansion":null,"file_name":"gameplay_sim/src/systems/input/control_manager.rs","is_primary":true,"label":null,"line_end":112,"line_start":112,"suggested_replacement":null,"suggestion_applicability":null,"text":[{"highlight_end":35,"highlight_start":5,"text":"    pub enable_safety_limits: bool,"}]}]}}
{"reason":"compiler-message","package_id":"path+file:///Users/bradyjeong/Documents/Projects/Amp/gta4/gta_game/gameplay_sim#0.1.0","manifest_path":"/Users/bradyjeong/Documents/Projects/Amp/gta4/gta_game/gameplay_sim/Cargo.toml","target":{"kind":["lib"],"crate_types":["lib"],"name":"gameplay_sim","src_path":"/Users/bradyjeong/Documents/Projects/Amp/gta4/gta_game/gameplay_sim/src/lib.rs","edition":"2021","doc":true,"doctest":true,"test":true},"message":{"rendered":"warning: missing documentation for a struct field\n   --> gameplay_sim/src/systems/input/control_manager.rs:113:5\n    |\n113 |     pub max_safe_speed: f32,\n    |     ^^^^^^^^^^^^^^^^^^^^^^^\n\n","$message_type":"diagnostic","children":[],"code":{"code":"missing_docs","explanation":null},"level":"warning","message":"missing documentation for a struct field","spans":[{"byte_end":2923,"byte_start":2900,"column_end":28,"column_start":5,"expansion":null,"file_name":"gameplay_sim/src/systems/input/control_manager.rs","is_primary":true,"label":null,"line_end":113,"line_start":113,"suggested_replacement":null,"suggestion_applicability":null,"text":[{"highlight_end":28,"highlight_start":5,"text":"    pub max_safe_speed: f32,"}]}]}}
{"reason":"compiler-message","package_id":"path+file:///Users/bradyjeong/Documents/Projects/Amp/gta4/gta_game/gameplay_sim#0.1.0","manifest_path":"/Users/bradyjeong/Documents/Projects/Amp/gta4/gta_game/gameplay_sim/Cargo.toml","target":{"kind":["lib"],"crate_types":["lib"],"name":"gameplay_sim","src_path":"/Users/bradyjeong/Documents/Projects/Amp/gta4/gta_game/gameplay_sim/src/lib.rs","edition":"2021","doc":true,"doctest":true,"test":true},"message":{"rendered":"warning: missing documentation for a struct field\n   --> gameplay_sim/src/systems/input/control_manager.rs:114:5\n    |\n114 |     pub stability_assist: bool,\n    |     ^^^^^^^^^^^^^^^^^^^^^^^^^^\n\n","$message_type":"diagnostic","children":[],"code":{"code":"missing_docs","explanation":null},"level":"warning","message":"missing documentation for a struct field","spans":[{"byte_end":2955,"byte_start":2929,"column_end":31,"column_start":5,"expansion":null,"file_name":"gameplay_sim/src/systems/input/control_manager.rs","is_primary":true,"label":null,"line_end":114,"line_start":114,"suggested_replacement":null,"suggestion_applicability":null,"text":[{"highlight_end":31,"highlight_start":5,"text":"    pub stability_assist: bool,"}]}]}}
{"reason":"compiler-message","package_id":"path+file:///Users/bradyjeong/Documents/Projects/Amp/gta4/gta_game/gameplay_sim#0.1.0","manifest_path":"/Users/bradyjeong/Documents/Projects/Amp/gta4/gta_game/gameplay_sim/Cargo.toml","target":{"kind":["lib"],"crate_types":["lib"],"name":"gameplay_sim","src_path":"/Users/bradyjeong/Documents/Projects/Amp/gta4/gta_game/gameplay_sim/src/lib.rs","edition":"2021","doc":true,"doctest":true,"test":true},"message":{"rendered":"warning: missing documentation for a struct\n   --> gameplay_sim/src/systems/input/control_manager.rs:138:1\n    |\n138 | pub struct ControlManager {\n    | ^^^^^^^^^^^^^^^^^^^^^^^^^\n\n","$message_type":"diagnostic","children":[],"code":{"code":"missing_docs","explanation":null},"level":"warning","message":"missing documentation for a struct","spans":[{"byte_end":3594,"byte_start":3569,"column_end":26,"column_start":1,"expansion":null,"file_name":"gameplay_sim/src/systems/input/control_manager.rs","is_primary":true,"label":null,"line_end":138,"line_start":138,"suggested_replacement":null,"suggestion_applicability":null,"text":[{"highlight_end":26,"highlight_start":1,"text":"pub struct ControlManager {"}]}]}}
{"reason":"compiler-message","package_id":"path+file:///Users/bradyjeong/Documents/Projects/Amp/gta4/gta_game/gameplay_sim#0.1.0","manifest_path":"/Users/bradyjeong/Documents/Projects/Amp/gta4/gta_game/gameplay_sim/Cargo.toml","target":{"kind":["lib"],"crate_types":["lib"],"name":"gameplay_sim","src_path":"/Users/bradyjeong/Documents/Projects/Amp/gta4/gta_game/gameplay_sim/src/lib.rs","edition":"2021","doc":true,"doctest":true,"test":true},"message":{"rendered":"warning: missing documentation for a function\n  --> gameplay_sim/src/systems/movement/player.rs:23:1\n   |\n23 | / pub fn human_player_movement(\n24 | |     time: Res<Time>,\n25 | |     control_manager: Res<ControlManager>,\n26 | |     mut player_query: Query<\n...  |\n35 | |     >,\n36 | | ) {\n   | |_^\n\n","$message_type":"diagnostic","children":[],"code":{"code":"missing_docs","explanation":null},"level":"warning","message":"missing documentation for a function","spans":[{"byte_end":1438,"byte_start":1095,"column_end":2,"column_start":1,"expansion":null,"file_name":"gameplay_sim/src/systems/movement/player.rs","is_primary":true,"label":null,"line_end":36,"line_start":23,"suggested_replacement":null,"suggestion_applicability":null,"text":[{"highlight_end":30,"highlight_start":1,"text":"pub fn human_player_movement("},{"highlight_end":21,"highlight_start":1,"text":"    time: Res<Time>,"},{"highlight_end":42,"highlight_start":1,"text":"    control_manager: Res<ControlManager>,"},{"highlight_end":29,"highlight_start":1,"text":"    mut player_query: Query<"},{"highlight_end":10,"highlight_start":1,"text":"        ("},{"highlight_end":27,"highlight_start":1,"text":"            &mut Velocity,"},{"highlight_end":24,"highlight_start":1,"text":"            &Transform,"},{"highlight_end":32,"highlight_start":1,"text":"            &mut HumanMovement,"},{"highlight_end":33,"highlight_start":1,"text":"            &mut HumanAnimation,"},{"highlight_end":32,"highlight_start":1,"text":"            &mut HumanBehavior,"},{"highlight_end":11,"highlight_start":1,"text":"        ),"},{"highlight_end":44,"highlight_start":1,"text":"        (With<Player>, With<ActiveEntity>),"},{"highlight_end":7,"highlight_start":1,"text":"    >,"},{"highlight_end":2,"highlight_start":1,"text":") {"}]}]}}
{"reason":"compiler-message","package_id":"path+file:///Users/bradyjeong/Documents/Projects/Amp/gta4/gta_game/gameplay_sim#0.1.0","manifest_path":"/Users/bradyjeong/Documents/Projects/Amp/gta4/gta_game/gameplay_sim/Cargo.toml","target":{"kind":["lib"],"crate_types":["lib"],"name":"gameplay_sim","src_path":"/Users/bradyjeong/Documents/Projects/Amp/gta4/gta_game/gameplay_sim/src/lib.rs","edition":"2021","doc":true,"doctest":true,"test":true},"message":{"rendered":"warning: missing documentation for a function\n   --> gameplay_sim/src/systems/movement/player.rs:115:1\n    |\n115 | / pub fn human_player_animation(\n116 | |     player_query: Query<\n117 | |         (&Transform, &HumanAnimation, &HumanMovement),\n118 | |         With<Player>\n...   |\n126 | |     time: Res<Time>,\n127 | | ) {\n    | |_^\n\n","$message_type":"diagnostic","children":[],"code":{"code":"missing_docs","explanation":null},"level":"warning","message":"missing documentation for a function","spans":[{"byte_end":5646,"byte_start":4631,"column_end":2,"column_start":1,"expansion":null,"file_name":"gameplay_sim/src/systems/movement/player.rs","is_primary":true,"label":null,"line_end":127,"line_start":115,"suggested_replacement":null,"suggestion_applicability":null,"text":[{"highlight_end":31,"highlight_start":1,"text":"pub fn human_player_animation("},{"highlight_end":25,"highlight_start":1,"text":"    player_query: Query<"},{"highlight_end":55,"highlight_start":1,"text":"        (&Transform, &HumanAnimation, &HumanMovement),"},{"highlight_end":21,"highlight_start":1,"text":"        With<Player>"},{"highlight_end":7,"highlight_start":1,"text":"    >,"},{"highlight_end":82,"highlight_start":1,"text":"    mut torso_query: Query<&mut Transform, (With<PlayerTorso>, Without<Player>)>,"},{"highlight_end":102,"highlight_start":1,"text":"    mut head_query: Query<&mut Transform, (With<PlayerHead>, Without<Player>, Without<PlayerTorso>)>,"},{"highlight_end":130,"highlight_start":1,"text":"    mut left_arm_query: Query<&mut Transform, (With<PlayerLeftArm>, Without<Player>, Without<PlayerTorso>, Without<PlayerHead>)>,"},{"highlight_end":156,"highlight_start":1,"text":"    mut right_arm_query: Query<&mut Transform, (With<PlayerRightArm>, Without<Player>, Without<PlayerTorso>, Without<PlayerHead>, Without<PlayerLeftArm>)>,"},{"highlight_end":179,"highlight_start":1,"text":"    mut left_leg_query: Query<&mut Transform, (With<PlayerLeftLeg>, Without<Player>, Without<PlayerTorso>, Without<PlayerHead>, Without<PlayerLeftArm>, Without<PlayerRightArm>)>,"},{"highlight_end":205,"highlight_start":1,"text":"    mut right_leg_query: Query<&mut Transform, (With<PlayerRightLeg>, Without<Player>, Without<PlayerTorso>, Without<PlayerHead>, Without<PlayerLeftArm>, Without<PlayerRightArm>, Without<PlayerLeftLeg>)>,"},{"highlight_end":21,"highlight_start":1,"text":"    time: Res<Time>,"},{"highlight_end":2,"highlight_start":1,"text":") {"}]}]}}
{"reason":"compiler-message","package_id":"path+file:///Users/bradyjeong/Documents/Projects/Amp/gta4/gta_game/gameplay_sim#0.1.0","manifest_path":"/Users/bradyjeong/Documents/Projects/Amp/gta4/gta_game/gameplay_sim/Cargo.toml","target":{"kind":["lib"],"crate_types":["lib"],"name":"gameplay_sim","src_path":"/Users/bradyjeong/Documents/Projects/Amp/gta4/gta_game/gameplay_sim/src/lib.rs","edition":"2021","doc":true,"doctest":true,"test":true},"message":{"rendered":"warning: missing documentation for a function\n  --> gameplay_sim/src/systems/movement/vehicles.rs:20:1\n   |\n20 | / pub fn car_movement(\n21 | |     control_manager: Res<ControlManager>,\n22 | |     config: Res<GameConfig>,\n23 | |     mut car_query: Query<(&mut Velocity, &Transform), (With<Car>, With<ActiveEntity>, Without<SuperCar>)>,\n24 | |     _time: Res<Time>,\n25 | | ) {\n   | |_^\n\n","$message_type":"diagnostic","children":[],"code":{"code":"missing_docs","explanation":null},"level":"warning","message":"missing documentation for a function","spans":[{"byte_end":1223,"byte_start":1001,"column_end":2,"column_start":1,"expansion":null,"file_name":"gameplay_sim/src/systems/movement/vehicles.rs","is_primary":true,"label":null,"line_end":25,"line_start":20,"suggested_replacement":null,"suggestion_applicability":null,"text":[{"highlight_end":21,"highlight_start":1,"text":"pub fn car_movement("},{"highlight_end":42,"highlight_start":1,"text":"    control_manager: Res<ControlManager>,"},{"highlight_end":29,"highlight_start":1,"text":"    config: Res<GameConfig>,"},{"highlight_end":107,"highlight_start":1,"text":"    mut car_query: Query<(&mut Velocity, &Transform), (With<Car>, With<ActiveEntity>, Without<SuperCar>)>,"},{"highlight_end":22,"highlight_start":1,"text":"    _time: Res<Time>,"},{"highlight_end":2,"highlight_start":1,"text":") {"}]}]}}
{"reason":"compiler-message","package_id":"path+file:///Users/bradyjeong/Documents/Projects/Amp/gta4/gta_game/gameplay_sim#0.1.0","manifest_path":"/Users/bradyjeong/Documents/Projects/Amp/gta4/gta_game/gameplay_sim/Cargo.toml","target":{"kind":["lib"],"crate_types":["lib"],"name":"gameplay_sim","src_path":"/Users/bradyjeong/Documents/Projects/Amp/gta4/gta_game/gameplay_sim/src/lib.rs","edition":"2021","doc":true,"doctest":true,"test":true},"message":{"rendered":"warning: missing documentation for a function\n  --> gameplay_sim/src/systems/movement/vehicles.rs:77:1\n   |\n77 | / pub fn supercar_movement_deprecated(\n78 | |     time: Res<Time>,\n79 | |     control_manager: Res<ControlManager>,\n80 | |     mut supercar_query: Query<(&mut Velocity, &Transform, &mut SuperCar), (With<Car>, With<ActiveEntity>, With<SuperCar>)>,\n...  |\n83 | |     mut materials: ResMut<Assets<StandardMaterial>>,\n84 | | ) {\n   | |_^\n\n","$message_type":"diagnostic","children":[],"code":{"code":"missing_docs","explanation":null},"level":"warning","message":"missing documentation for a function","spans":[{"byte_end":3801,"byte_start":3457,"column_end":2,"column_start":1,"expansion":null,"file_name":"gameplay_sim/src/systems/movement/vehicles.rs","is_primary":true,"label":null,"line_end":84,"line_start":77,"suggested_replacement":null,"suggestion_applicability":null,"text":[{"highlight_end":37,"highlight_start":1,"text":"pub fn supercar_movement_deprecated("},{"highlight_end":21,"highlight_start":1,"text":"    time: Res<Time>,"},{"highlight_end":42,"highlight_start":1,"text":"    control_manager: Res<ControlManager>,"},{"highlight_end":124,"highlight_start":1,"text":"    mut supercar_query: Query<(&mut Velocity, &Transform, &mut SuperCar), (With<Car>, With<ActiveEntity>, With<SuperCar>)>,"},{"highlight_end":28,"highlight_start":1,"text":"    mut commands: Commands,"},{"highlight_end":38,"highlight_start":1,"text":"    mut meshes: ResMut<Assets<Mesh>>,"},{"highlight_end":53,"highlight_start":1,"text":"    mut materials: ResMut<Assets<StandardMaterial>>,"},{"highlight_end":2,"highlight_start":1,"text":") {"}]}]}}
{"reason":"compiler-message","package_id":"path+file:///Users/bradyjeong/Documents/Projects/Amp/gta4/gta_game/gameplay_sim#0.1.0","manifest_path":"/Users/bradyjeong/Documents/Projects/Amp/gta4/gta_game/gameplay_sim/Cargo.toml","target":{"kind":["lib"],"crate_types":["lib"],"name":"gameplay_sim","src_path":"/Users/bradyjeong/Documents/Projects/Amp/gta4/gta_game/gameplay_sim/src/lib.rs","edition":"2021","doc":true,"doctest":true,"test":true},"message":{"rendered":"warning: missing documentation for a function\n  --> gameplay_sim/src/systems/movement/aircraft.rs:20:1\n   |\n20 | / pub fn helicopter_movement(\n21 | |     control_manager: Res<ControlManager>,\n22 | |     config: Res<GameConfig>,\n23 | |     mut helicopter_query: Query<(&mut Velocity, &Transform), (With<Helicopter>, With<ActiveEntity>)>,\n24 | | ) {\n   | |_^\n\n","$message_type":"diagnostic","children":[],"code":{"code":"missing_docs","explanation":null},"level":"warning","message":"missing documentation for a function","spans":[{"byte_end":1104,"byte_start":902,"column_end":2,"column_start":1,"expansion":null,"file_name":"gameplay_sim/src/systems/movement/aircraft.rs","is_primary":true,"label":null,"line_end":24,"line_start":20,"suggested_replacement":null,"suggestion_applicability":null,"text":[{"highlight_end":28,"highlight_start":1,"text":"pub fn helicopter_movement("},{"highlight_end":42,"highlight_start":1,"text":"    control_manager: Res<ControlManager>,"},{"highlight_end":29,"highlight_start":1,"text":"    config: Res<GameConfig>,"},{"highlight_end":102,"highlight_start":1,"text":"    mut helicopter_query: Query<(&mut Velocity, &Transform), (With<Helicopter>, With<ActiveEntity>)>,"},{"highlight_end":2,"highlight_start":1,"text":") {"}]}]}}
{"reason":"compiler-message","package_id":"path+file:///Users/bradyjeong/Documents/Projects/Amp/gta4/gta_game/gameplay_sim#0.1.0","manifest_path":"/Users/bradyjeong/Documents/Projects/Amp/gta4/gta_game/gameplay_sim/Cargo.toml","target":{"kind":["lib"],"crate_types":["lib"],"name":"gameplay_sim","src_path":"/Users/bradyjeong/Documents/Projects/Amp/gta4/gta_game/gameplay_sim/src/lib.rs","edition":"2021","doc":true,"doctest":true,"test":true},"message":{"rendered":"warning: missing documentation for a function\n  --> gameplay_sim/src/systems/movement/aircraft.rs:64:1\n   |\n64 | / pub fn rotate_helicopter_rotors(\n65 | |     time: Res<Time>,\n66 | |     mut main_rotor_query: Query<&mut Transform, (With<MainRotor>, Without<TailRotor>)>,\n67 | |     mut tail_rotor_query: Query<&mut Transform, (With<TailRotor>, Without<MainRotor>)>,\n68 | | ) {\n   | |_^\n\n","$message_type":"diagnostic","children":[],"code":{"code":"missing_docs","explanation":null},"level":"warning","message":"missing documentation for a function","spans":[{"byte_end":2972,"byte_start":2741,"column_end":2,"column_start":1,"expansion":null,"file_name":"gameplay_sim/src/systems/movement/aircraft.rs","is_primary":true,"label":null,"line_end":68,"line_start":64,"suggested_replacement":null,"suggestion_applicability":null,"text":[{"highlight_end":33,"highlight_start":1,"text":"pub fn rotate_helicopter_rotors("},{"highlight_end":21,"highlight_start":1,"text":"    time: Res<Time>,"},{"highlight_end":88,"highlight_start":1,"text":"    mut main_rotor_query: Query<&mut Transform, (With<MainRotor>, Without<TailRotor>)>,"},{"highlight_end":88,"highlight_start":1,"text":"    mut tail_rotor_query: Query<&mut Transform, (With<TailRotor>, Without<MainRotor>)>,"},{"highlight_end":2,"highlight_start":1,"text":") {"}]}]}}
{"reason":"compiler-message","package_id":"path+file:///Users/bradyjeong/Documents/Projects/Amp/gta4/gta_game/gameplay_sim#0.1.0","manifest_path":"/Users/bradyjeong/Documents/Projects/Amp/gta4/gta_game/gameplay_sim/Cargo.toml","target":{"kind":["lib"],"crate_types":["lib"],"name":"gameplay_sim","src_path":"/Users/bradyjeong/Documents/Projects/Amp/gta4/gta_game/gameplay_sim/src/lib.rs","edition":"2021","doc":true,"doctest":true,"test":true},"message":{"rendered":"warning: missing documentation for a function\n  --> gameplay_sim/src/systems/movement/aircraft.rs:82:1\n   |\n82 | / pub fn f16_movement(\n83 | |     time: Res<Time>,\n84 | |     control_manager: Res<ControlManager>,\n85 | |     mut f16_query: Query<(&mut Velocity, &mut Transform, &mut AircraftFlight), (With<F16>, With<ActiveEntity>)>,\n86 | | ) {\n   | |_^\n\n","$message_type":"diagnostic","children":[],"code":{"code":"missing_docs","explanation":null},"level":"warning","message":"missing documentation for a function","spans":[{"byte_end":3761,"byte_start":3563,"column_end":2,"column_start":1,"expansion":null,"file_name":"gameplay_sim/src/systems/movement/aircraft.rs","is_primary":true,"label":null,"line_end":86,"line_start":82,"suggested_replacement":null,"suggestion_applicability":null,"text":[{"highlight_end":21,"highlight_start":1,"text":"pub fn f16_movement("},{"highlight_end":21,"highlight_start":1,"text":"    time: Res<Time>,"},{"highlight_end":42,"highlight_start":1,"text":"    control_manager: Res<ControlManager>,"},{"highlight_end":113,"highlight_start":1,"text":"    mut f16_query: Query<(&mut Velocity, &mut Transform, &mut AircraftFlight), (With<F16>, With<ActiveEntity>)>,"},{"highlight_end":2,"highlight_start":1,"text":") {"}]}]}}
{"reason":"compiler-message","package_id":"path+file:///Users/bradyjeong/Documents/Projects/Amp/gta4/gta_game/gameplay_sim#0.1.0","manifest_path":"/Users/bradyjeong/Documents/Projects/Amp/gta4/gta_game/gameplay_sim/Cargo.toml","target":{"kind":["lib"],"crate_types":["lib"],"name":"gameplay_sim","src_path":"/Users/bradyjeong/Documents/Projects/Amp/gta4/gta_game/gameplay_sim/src/lib.rs","edition":"2021","doc":true,"doctest":true,"test":true},"message":{"rendered":"warning: missing documentation for a struct field\n  --> gameplay_sim/src/systems/movement/supercar_effects.rs:19:5\n   |\n19 |     pub flames: Vec<Entity>,\n   |     ^^^^^^^^^^^^^^^^^^^^^^^\n\n","$message_type":"diagnostic","children":[],"code":{"code":"missing_docs","explanation":null},"level":"warning","message":"missing documentation for a struct field","spans":[{"byte_end":849,"byte_start":826,"column_end":28,"column_start":5,"expansion":null,"file_name":"gameplay_sim/src/systems/movement/supercar_effects.rs","is_primary":true,"label":null,"line_end":19,"line_start":19,"suggested_replacement":null,"suggestion_applicability":null,"text":[{"highlight_end":28,"highlight_start":5,"text":"    pub flames: Vec<Entity>,"}]}]}}
{"reason":"compiler-message","package_id":"path+file:///Users/bradyjeong/Documents/Projects/Amp/gta4/gta_game/gameplay_sim#0.1.0","manifest_path":"/Users/bradyjeong/Documents/Projects/Amp/gta4/gta_game/gameplay_sim/Cargo.toml","target":{"kind":["lib"],"crate_types":["lib"],"name":"gameplay_sim","src_path":"/Users/bradyjeong/Documents/Projects/Amp/gta4/gta_game/gameplay_sim/src/lib.rs","edition":"2021","doc":true,"doctest":true,"test":true},"message":{"rendered":"warning: missing documentation for a struct field\n  --> gameplay_sim/src/systems/movement/supercar_effects.rs:20:5\n   |\n20 |     pub available_flames: Vec<Entity>,\n   |     ^^^^^^^^^^^^^^^^^^^^^^^^^^^^^^^^^\n\n","$message_type":"diagnostic","children":[],"code":{"code":"missing_docs","explanation":null},"level":"warning","message":"missing documentation for a struct field","spans":[{"byte_end":888,"byte_start":855,"column_end":38,"column_start":5,"expansion":null,"file_name":"gameplay_sim/src/systems/movement/supercar_effects.rs","is_primary":true,"label":null,"line_end":20,"line_start":20,"suggested_replacement":null,"suggestion_applicability":null,"text":[{"highlight_end":38,"highlight_start":5,"text":"    pub available_flames: Vec<Entity>,"}]}]}}
{"reason":"compiler-message","package_id":"path+file:///Users/bradyjeong/Documents/Projects/Amp/gta4/gta_game/gameplay_sim#0.1.0","manifest_path":"/Users/bradyjeong/Documents/Projects/Amp/gta4/gta_game/gameplay_sim/Cargo.toml","target":{"kind":["lib"],"crate_types":["lib"],"name":"gameplay_sim","src_path":"/Users/bradyjeong/Documents/Projects/Amp/gta4/gta_game/gameplay_sim/src/lib.rs","edition":"2021","doc":true,"doctest":true,"test":true},"message":{"rendered":"warning: missing documentation for a struct field\n  --> gameplay_sim/src/systems/movement/supercar_effects.rs:21:5\n   |\n21 |     pub max_flames: usize,\n   |     ^^^^^^^^^^^^^^^^^^^^^\n\n","$message_type":"diagnostic","children":[],"code":{"code":"missing_docs","explanation":null},"level":"warning","message":"missing documentation for a struct field","spans":[{"byte_end":915,"byte_start":894,"column_end":26,"column_start":5,"expansion":null,"file_name":"gameplay_sim/src/systems/movement/supercar_effects.rs","is_primary":true,"label":null,"line_end":21,"line_start":21,"suggested_replacement":null,"suggestion_applicability":null,"text":[{"highlight_end":26,"highlight_start":5,"text":"    pub max_flames: usize,"}]}]}}
{"reason":"compiler-message","package_id":"path+file:///Users/bradyjeong/Documents/Projects/Amp/gta4/gta_game/gameplay_sim#0.1.0","manifest_path":"/Users/bradyjeong/Documents/Projects/Amp/gta4/gta_game/gameplay_sim/Cargo.toml","target":{"kind":["lib"],"crate_types":["lib"],"name":"gameplay_sim","src_path":"/Users/bradyjeong/Documents/Projects/Amp/gta4/gta_game/gameplay_sim/src/lib.rs","edition":"2021","doc":true,"doctest":true,"test":true},"message":{"rendered":"warning: missing documentation for a struct\n --> gameplay_sim/src/systems/parallel_physics.rs:6:1\n  |\n6 | pub struct ParallelPhysicsPlugin;\n  | ^^^^^^^^^^^^^^^^^^^^^^^^^^^^^^^^\n\n","$message_type":"diagnostic","children":[],"code":{"code":"missing_docs","explanation":null},"level":"warning","message":"missing documentation for a struct","spans":[{"byte_end":253,"byte_start":221,"column_end":33,"column_start":1,"expansion":null,"file_name":"gameplay_sim/src/systems/parallel_physics.rs","is_primary":true,"label":null,"line_end":6,"line_start":6,"suggested_replacement":null,"suggestion_applicability":null,"text":[{"highlight_end":33,"highlight_start":1,"text":"pub struct ParallelPhysicsPlugin;"}]}]}}
{"reason":"compiler-message","package_id":"path+file:///Users/bradyjeong/Documents/Projects/Amp/gta4/gta_game/gameplay_sim#0.1.0","manifest_path":"/Users/bradyjeong/Documents/Projects/Amp/gta4/gta_game/gameplay_sim/Cargo.toml","target":{"kind":["lib"],"crate_types":["lib"],"name":"gameplay_sim","src_path":"/Users/bradyjeong/Documents/Projects/Amp/gta4/gta_game/gameplay_sim/src/lib.rs","edition":"2021","doc":true,"doctest":true,"test":true},"message":{"rendered":"warning: missing documentation for a module\n --> gameplay_sim/src/systems/mod.rs:3:1\n  |\n3 | pub mod distance_cache;\n  | ^^^^^^^^^^^^^^^^^^^^^^\n\n","$message_type":"diagnostic","children":[],"code":{"code":"missing_docs","explanation":null},"level":"warning","message":"missing documentation for a module","spans":[{"byte_end":53,"byte_start":31,"column_end":23,"column_start":1,"expansion":null,"file_name":"gameplay_sim/src/systems/mod.rs","is_primary":true,"label":null,"line_end":3,"line_start":3,"suggested_replacement":null,"suggestion_applicability":null,"text":[{"highlight_end":23,"highlight_start":1,"text":"pub mod distance_cache;"}]}]}}
{"reason":"compiler-message","package_id":"path+file:///Users/bradyjeong/Documents/Projects/Amp/gta4/gta_game/gameplay_sim#0.1.0","manifest_path":"/Users/bradyjeong/Documents/Projects/Amp/gta4/gta_game/gameplay_sim/Cargo.toml","target":{"kind":["lib"],"crate_types":["lib"],"name":"gameplay_sim","src_path":"/Users/bradyjeong/Documents/Projects/Amp/gta4/gta_game/gameplay_sim/src/lib.rs","edition":"2021","doc":true,"doctest":true,"test":true},"message":{"rendered":"warning: missing documentation for a struct field\n   --> gameplay_sim/src/systems/physics_utils.rs:229:5\n    |\n229 |     pub throttle: f32,\n    |     ^^^^^^^^^^^^^^^^^\n\n","$message_type":"diagnostic","children":[],"code":{"code":"missing_docs","explanation":null},"level":"warning","message":"missing documentation for a struct field","spans":[{"byte_end":9045,"byte_start":9028,"column_end":22,"column_start":5,"expansion":null,"file_name":"gameplay_sim/src/systems/physics_utils.rs","is_primary":true,"label":null,"line_end":229,"line_start":229,"suggested_replacement":null,"suggestion_applicability":null,"text":[{"highlight_end":22,"highlight_start":5,"text":"    pub throttle: f32,"}]}]}}
{"reason":"compiler-message","package_id":"path+file:///Users/bradyjeong/Documents/Projects/Amp/gta4/gta_game/gameplay_sim#0.1.0","manifest_path":"/Users/bradyjeong/Documents/Projects/Amp/gta4/gta_game/gameplay_sim/Cargo.toml","target":{"kind":["lib"],"crate_types":["lib"],"name":"gameplay_sim","src_path":"/Users/bradyjeong/Documents/Projects/Amp/gta4/gta_game/gameplay_sim/src/lib.rs","edition":"2021","doc":true,"doctest":true,"test":true},"message":{"rendered":"warning: missing documentation for a module\n --> gameplay_sim/src/systems/mod.rs:4:1\n  |\n4 | pub mod human_behavior;\n  | ^^^^^^^^^^^^^^^^^^^^^^\n\n","$message_type":"diagnostic","children":[],"code":{"code":"missing_docs","explanation":null},"level":"warning","message":"missing documentation for a module","spans":[{"byte_end":77,"byte_start":55,"column_end":23,"column_start":1,"expansion":null,"file_name":"gameplay_sim/src/systems/mod.rs","is_primary":true,"label":null,"line_end":4,"line_start":4,"suggested_replacement":null,"suggestion_applicability":null,"text":[{"highlight_end":23,"highlight_start":1,"text":"pub mod human_behavior;"}]}]}}
{"reason":"compiler-message","package_id":"path+file:///Users/bradyjeong/Documents/Projects/Amp/gta4/gta_game/gameplay_sim#0.1.0","manifest_path":"/Users/bradyjeong/Documents/Projects/Amp/gta4/gta_game/gameplay_sim/Cargo.toml","target":{"kind":["lib"],"crate_types":["lib"],"name":"gameplay_sim","src_path":"/Users/bradyjeong/Documents/Projects/Amp/gta4/gta_game/gameplay_sim/src/lib.rs","edition":"2021","doc":true,"doctest":true,"test":true},"message":{"rendered":"warning: missing documentation for a struct field\n   --> gameplay_sim/src/systems/physics_utils.rs:230:5\n    |\n230 |     pub brake: f32,\n    |     ^^^^^^^^^^^^^^\n\n","$message_type":"diagnostic","children":[],"code":{"code":"missing_docs","explanation":null},"level":"warning","message":"missing documentation for a struct field","spans":[{"byte_end":9065,"byte_start":9051,"column_end":19,"column_start":5,"expansion":null,"file_name":"gameplay_sim/src/systems/physics_utils.rs","is_primary":true,"label":null,"line_end":230,"line_start":230,"suggested_replacement":null,"suggestion_applicability":null,"text":[{"highlight_end":19,"highlight_start":5,"text":"    pub brake: f32,"}]}]}}
{"reason":"compiler-message","package_id":"path+file:///Users/bradyjeong/Documents/Projects/Amp/gta4/gta_game/gameplay_sim#0.1.0","manifest_path":"/Users/bradyjeong/Documents/Projects/Amp/gta4/gta_game/gameplay_sim/Cargo.toml","target":{"kind":["lib"],"crate_types":["lib"],"name":"gameplay_sim","src_path":"/Users/bradyjeong/Documents/Projects/Amp/gta4/gta_game/gameplay_sim/src/lib.rs","edition":"2021","doc":true,"doctest":true,"test":true},"message":{"rendered":"warning: missing documentation for a module\n --> gameplay_sim/src/systems/mod.rs:6:1\n  |\n6 | pub mod interaction;\n  | ^^^^^^^^^^^^^^^^^^^\n\n","$message_type":"diagnostic","children":[],"code":{"code":"missing_docs","explanation":null},"level":"warning","message":"missing documentation for a module","spans":[{"byte_end":113,"byte_start":94,"column_end":20,"column_start":1,"expansion":null,"file_name":"gameplay_sim/src/systems/mod.rs","is_primary":true,"label":null,"line_end":6,"line_start":6,"suggested_replacement":null,"suggestion_applicability":null,"text":[{"highlight_end":20,"highlight_start":1,"text":"pub mod interaction;"}]}]}}
{"reason":"compiler-message","package_id":"path+file:///Users/bradyjeong/Documents/Projects/Amp/gta4/gta_game/gameplay_sim#0.1.0","manifest_path":"/Users/bradyjeong/Documents/Projects/Amp/gta4/gta_game/gameplay_sim/Cargo.toml","target":{"kind":["lib"],"crate_types":["lib"],"name":"gameplay_sim","src_path":"/Users/bradyjeong/Documents/Projects/Amp/gta4/gta_game/gameplay_sim/src/lib.rs","edition":"2021","doc":true,"doctest":true,"test":true},"message":{"rendered":"warning: missing documentation for a struct field\n   --> gameplay_sim/src/systems/physics_utils.rs:231:5\n    |\n231 |     pub steering: f32,\n    |     ^^^^^^^^^^^^^^^^^\n\n","$message_type":"diagnostic","children":[],"code":{"code":"missing_docs","explanation":null},"level":"warning","message":"missing documentation for a struct field","spans":[{"byte_end":9088,"byte_start":9071,"column_end":22,"column_start":5,"expansion":null,"file_name":"gameplay_sim/src/systems/physics_utils.rs","is_primary":true,"label":null,"line_end":231,"line_start":231,"suggested_replacement":null,"suggestion_applicability":null,"text":[{"highlight_end":22,"highlight_start":5,"text":"    pub steering: f32,"}]}]}}
{"reason":"compiler-message","package_id":"path+file:///Users/bradyjeong/Documents/Projects/Amp/gta4/gta_game/gameplay_sim#0.1.0","manifest_path":"/Users/bradyjeong/Documents/Projects/Amp/gta4/gta_game/gameplay_sim/Cargo.toml","target":{"kind":["lib"],"crate_types":["lib"],"name":"gameplay_sim","src_path":"/Users/bradyjeong/Documents/Projects/Amp/gta4/gta_game/gameplay_sim/src/lib.rs","edition":"2021","doc":true,"doctest":true,"test":true},"message":{"rendered":"warning: missing documentation for a module\n --> gameplay_sim/src/systems/mod.rs:8:1\n  |\n8 | pub mod parallel_physics;\n  | ^^^^^^^^^^^^^^^^^^^^^^^^\n\n","$message_type":"diagnostic","children":[],"code":{"code":"missing_docs","explanation":null},"level":"warning","message":"missing documentation for a module","spans":[{"byte_end":157,"byte_start":133,"column_end":25,"column_start":1,"expansion":null,"file_name":"gameplay_sim/src/systems/mod.rs","is_primary":true,"label":null,"line_end":8,"line_start":8,"suggested_replacement":null,"suggestion_applicability":null,"text":[{"highlight_end":25,"highlight_start":1,"text":"pub mod parallel_physics;"}]}]}}
{"reason":"compiler-message","package_id":"path+file:///Users/bradyjeong/Documents/Projects/Amp/gta4/gta_game/gameplay_sim#0.1.0","manifest_path":"/Users/bradyjeong/Documents/Projects/Amp/gta4/gta_game/gameplay_sim/Cargo.toml","target":{"kind":["lib"],"crate_types":["lib"],"name":"gameplay_sim","src_path":"/Users/bradyjeong/Documents/Projects/Amp/gta4/gta_game/gameplay_sim/src/lib.rs","edition":"2021","doc":true,"doctest":true,"test":true},"message":{"rendered":"warning: missing documentation for a struct field\n   --> gameplay_sim/src/systems/physics_utils.rs:232:5\n    |\n232 |     pub pitch: f32,\n    |     ^^^^^^^^^^^^^^\n\n","$message_type":"diagnostic","children":[],"code":{"code":"missing_docs","explanation":null},"level":"warning","message":"missing documentation for a struct field","spans":[{"byte_end":9108,"byte_start":9094,"column_end":19,"column_start":5,"expansion":null,"file_name":"gameplay_sim/src/systems/physics_utils.rs","is_primary":true,"label":null,"line_end":232,"line_start":232,"suggested_replacement":null,"suggestion_applicability":null,"text":[{"highlight_end":19,"highlight_start":5,"text":"    pub pitch: f32,"}]}]}}
{"reason":"compiler-message","package_id":"path+file:///Users/bradyjeong/Documents/Projects/Amp/gta4/gta_game/gameplay_sim#0.1.0","manifest_path":"/Users/bradyjeong/Documents/Projects/Amp/gta4/gta_game/gameplay_sim/Cargo.toml","target":{"kind":["lib"],"crate_types":["lib"],"name":"gameplay_sim","src_path":"/Users/bradyjeong/Documents/Projects/Amp/gta4/gta_game/gameplay_sim/src/lib.rs","edition":"2021","doc":true,"doctest":true,"test":true},"message":{"rendered":"warning: missing documentation for a module\n  --> gameplay_sim/src/systems/mod.rs:10:1\n   |\n10 | pub mod player_collision_resolution;\n   | ^^^^^^^^^^^^^^^^^^^^^^^^^^^^^^^^^^^\n\n","$message_type":"diagnostic","children":[],"code":{"code":"missing_docs","explanation":null},"level":"warning","message":"missing documentation for a module","spans":[{"byte_end":217,"byte_start":182,"column_end":36,"column_start":1,"expansion":null,"file_name":"gameplay_sim/src/systems/mod.rs","is_primary":true,"label":null,"line_end":10,"line_start":10,"suggested_replacement":null,"suggestion_applicability":null,"text":[{"highlight_end":36,"highlight_start":1,"text":"pub mod player_collision_resolution;"}]}]}}
{"reason":"compiler-message","package_id":"path+file:///Users/bradyjeong/Documents/Projects/Amp/gta4/gta_game/gameplay_sim#0.1.0","manifest_path":"/Users/bradyjeong/Documents/Projects/Amp/gta4/gta_game/gameplay_sim/Cargo.toml","target":{"kind":["lib"],"crate_types":["lib"],"name":"gameplay_sim","src_path":"/Users/bradyjeong/Documents/Projects/Amp/gta4/gta_game/gameplay_sim/src/lib.rs","edition":"2021","doc":true,"doctest":true,"test":true},"message":{"rendered":"warning: missing documentation for a struct field\n   --> gameplay_sim/src/systems/physics_utils.rs:233:5\n    |\n233 |     pub roll: f32,\n    |     ^^^^^^^^^^^^^\n\n","$message_type":"diagnostic","children":[],"code":{"code":"missing_docs","explanation":null},"level":"warning","message":"missing documentation for a struct field","spans":[{"byte_end":9127,"byte_start":9114,"column_end":18,"column_start":5,"expansion":null,"file_name":"gameplay_sim/src/systems/physics_utils.rs","is_primary":true,"label":null,"line_end":233,"line_start":233,"suggested_replacement":null,"suggestion_applicability":null,"text":[{"highlight_end":18,"highlight_start":5,"text":"    pub roll: f32,"}]}]}}
{"reason":"compiler-message","package_id":"path+file:///Users/bradyjeong/Documents/Projects/Amp/gta4/gta_game/gameplay_sim#0.1.0","manifest_path":"/Users/bradyjeong/Documents/Projects/Amp/gta4/gta_game/gameplay_sim/Cargo.toml","target":{"kind":["lib"],"crate_types":["lib"],"name":"gameplay_sim","src_path":"/Users/bradyjeong/Documents/Projects/Amp/gta4/gta_game/gameplay_sim/src/lib.rs","edition":"2021","doc":true,"doctest":true,"test":true},"message":{"rendered":"warning: missing documentation for a module\n  --> gameplay_sim/src/systems/mod.rs:11:1\n   |\n11 | pub mod realistic_physics_safeguards;\n   | ^^^^^^^^^^^^^^^^^^^^^^^^^^^^^^^^^^^^\n\n","$message_type":"diagnostic","children":[],"code":{"code":"missing_docs","explanation":null},"level":"warning","message":"missing documentation for a module","spans":[{"byte_end":255,"byte_start":219,"column_end":37,"column_start":1,"expansion":null,"file_name":"gameplay_sim/src/systems/mod.rs","is_primary":true,"label":null,"line_end":11,"line_start":11,"suggested_replacement":null,"suggestion_applicability":null,"text":[{"highlight_end":37,"highlight_start":1,"text":"pub mod realistic_physics_safeguards;"}]}]}}
{"reason":"compiler-message","package_id":"path+file:///Users/bradyjeong/Documents/Projects/Amp/gta4/gta_game/gameplay_sim#0.1.0","manifest_path":"/Users/bradyjeong/Documents/Projects/Amp/gta4/gta_game/gameplay_sim/Cargo.toml","target":{"kind":["lib"],"crate_types":["lib"],"name":"gameplay_sim","src_path":"/Users/bradyjeong/Documents/Projects/Amp/gta4/gta_game/gameplay_sim/src/lib.rs","edition":"2021","doc":true,"doctest":true,"test":true},"message":{"rendered":"warning: missing documentation for a struct field\n   --> gameplay_sim/src/systems/physics_utils.rs:234:5\n    |\n234 |     pub yaw: f32,\n    |     ^^^^^^^^^^^^\n\n","$message_type":"diagnostic","children":[],"code":{"code":"missing_docs","explanation":null},"level":"warning","message":"missing documentation for a struct field","spans":[{"byte_end":9145,"byte_start":9133,"column_end":17,"column_start":5,"expansion":null,"file_name":"gameplay_sim/src/systems/physics_utils.rs","is_primary":true,"label":null,"line_end":234,"line_start":234,"suggested_replacement":null,"suggestion_applicability":null,"text":[{"highlight_end":17,"highlight_start":5,"text":"    pub yaw: f32,"}]}]}}
{"reason":"compiler-message","package_id":"path+file:///Users/bradyjeong/Documents/Projects/Amp/gta4/gta_game/gameplay_sim#0.1.0","manifest_path":"/Users/bradyjeong/Documents/Projects/Amp/gta4/gta_game/gameplay_sim/Cargo.toml","target":{"kind":["lib"],"crate_types":["lib"],"name":"gameplay_sim","src_path":"/Users/bradyjeong/Documents/Projects/Amp/gta4/gta_game/gameplay_sim/src/lib.rs","edition":"2021","doc":true,"doctest":true,"test":true},"message":{"rendered":"warning: missing documentation for a module\n  --> gameplay_sim/src/systems/mod.rs:12:1\n   |\n12 | pub mod spawn_validation;\n   | ^^^^^^^^^^^^^^^^^^^^^^^^\n\n","$message_type":"diagnostic","children":[],"code":{"code":"missing_docs","explanation":null},"level":"warning","message":"missing documentation for a module","spans":[{"byte_end":281,"byte_start":257,"column_end":25,"column_start":1,"expansion":null,"file_name":"gameplay_sim/src/systems/mod.rs","is_primary":true,"label":null,"line_end":12,"line_start":12,"suggested_replacement":null,"suggestion_applicability":null,"text":[{"highlight_end":25,"highlight_start":1,"text":"pub mod spawn_validation;"}]}]}}
{"reason":"compiler-message","package_id":"path+file:///Users/bradyjeong/Documents/Projects/Amp/gta4/gta_game/gameplay_sim#0.1.0","manifest_path":"/Users/bradyjeong/Documents/Projects/Amp/gta4/gta_game/gameplay_sim/Cargo.toml","target":{"kind":["lib"],"crate_types":["lib"],"name":"gameplay_sim","src_path":"/Users/bradyjeong/Documents/Projects/Amp/gta4/gta_game/gameplay_sim/src/lib.rs","edition":"2021","doc":true,"doctest":true,"test":true},"message":{"rendered":"warning: missing documentation for a struct field\n   --> gameplay_sim/src/systems/physics_utils.rs:235:5\n    |\n235 |     pub thrust: f32,\n    |     ^^^^^^^^^^^^^^^\n\n","$message_type":"diagnostic","children":[],"code":{"code":"missing_docs","explanation":null},"level":"warning","message":"missing documentation for a struct field","spans":[{"byte_end":9166,"byte_start":9151,"column_end":20,"column_start":5,"expansion":null,"file_name":"gameplay_sim/src/systems/physics_utils.rs","is_primary":true,"label":null,"line_end":235,"line_start":235,"suggested_replacement":null,"suggestion_applicability":null,"text":[{"highlight_end":20,"highlight_start":5,"text":"    pub thrust: f32,"}]}]}}
{"reason":"compiler-message","package_id":"path+file:///Users/bradyjeong/Documents/Projects/Amp/gta4/gta_game/gameplay_sim#0.1.0","manifest_path":"/Users/bradyjeong/Documents/Projects/Amp/gta4/gta_game/gameplay_sim/Cargo.toml","target":{"kind":["lib"],"crate_types":["lib"],"name":"gameplay_sim","src_path":"/Users/bradyjeong/Documents/Projects/Amp/gta4/gta_game/gameplay_sim/src/lib.rs","edition":"2021","doc":true,"doctest":true,"test":true},"message":{"rendered":"warning: missing documentation for a module\n  --> gameplay_sim/src/systems/mod.rs:13:1\n   |\n13 | pub mod unified_distance_calculator;\n   | ^^^^^^^^^^^^^^^^^^^^^^^^^^^^^^^^^^^\n\n","$message_type":"diagnostic","children":[],"code":{"code":"missing_docs","explanation":null},"level":"warning","message":"missing documentation for a module","spans":[{"byte_end":318,"byte_start":283,"column_end":36,"column_start":1,"expansion":null,"file_name":"gameplay_sim/src/systems/mod.rs","is_primary":true,"label":null,"line_end":13,"line_start":13,"suggested_replacement":null,"suggestion_applicability":null,"text":[{"highlight_end":36,"highlight_start":1,"text":"pub mod unified_distance_calculator;"}]}]}}
{"reason":"compiler-message","package_id":"path+file:///Users/bradyjeong/Documents/Projects/Amp/gta4/gta_game/gameplay_sim#0.1.0","manifest_path":"/Users/bradyjeong/Documents/Projects/Amp/gta4/gta_game/gameplay_sim/Cargo.toml","target":{"kind":["lib"],"crate_types":["lib"],"name":"gameplay_sim","src_path":"/Users/bradyjeong/Documents/Projects/Amp/gta4/gta_game/gameplay_sim/src/lib.rs","edition":"2021","doc":true,"doctest":true,"test":true},"message":{"rendered":"warning: missing documentation for a struct field\n   --> gameplay_sim/src/systems/physics_utils.rs:236:5\n    |\n236 |     pub forward: f32,\n    |     ^^^^^^^^^^^^^^^^\n\n","$message_type":"diagnostic","children":[],"code":{"code":"missing_docs","explanation":null},"level":"warning","message":"missing documentation for a struct field","spans":[{"byte_end":9188,"byte_start":9172,"column_end":21,"column_start":5,"expansion":null,"file_name":"gameplay_sim/src/systems/physics_utils.rs","is_primary":true,"label":null,"line_end":236,"line_start":236,"suggested_replacement":null,"suggestion_applicability":null,"text":[{"highlight_end":21,"highlight_start":5,"text":"    pub forward: f32,"}]}]}}
{"reason":"compiler-message","package_id":"path+file:///Users/bradyjeong/Documents/Projects/Amp/gta4/gta_game/gameplay_sim#0.1.0","manifest_path":"/Users/bradyjeong/Documents/Projects/Amp/gta4/gta_game/gameplay_sim/Cargo.toml","target":{"kind":["lib"],"crate_types":["lib"],"name":"gameplay_sim","src_path":"/Users/bradyjeong/Documents/Projects/Amp/gta4/gta_game/gameplay_sim/src/lib.rs","edition":"2021","doc":true,"doctest":true,"test":true},"message":{"rendered":"warning: missing documentation for a module\n  --> gameplay_sim/src/systems/mod.rs:20:1\n   |\n20 | pub mod water;\n   | ^^^^^^^^^^^^^\n\n","$message_type":"diagnostic","children":[],"code":{"code":"missing_docs","explanation":null},"level":"warning","message":"missing documentation for a module","spans":[{"byte_end":453,"byte_start":440,"column_end":14,"column_start":1,"expansion":null,"file_name":"gameplay_sim/src/systems/mod.rs","is_primary":true,"label":null,"line_end":20,"line_start":20,"suggested_replacement":null,"suggestion_applicability":null,"text":[{"highlight_end":14,"highlight_start":1,"text":"pub mod water;"}]}]}}
{"reason":"compiler-message","package_id":"path+file:///Users/bradyjeong/Documents/Projects/Amp/gta4/gta_game/gameplay_sim#0.1.0","manifest_path":"/Users/bradyjeong/Documents/Projects/Amp/gta4/gta_game/gameplay_sim/Cargo.toml","target":{"kind":["lib"],"crate_types":["lib"],"name":"gameplay_sim","src_path":"/Users/bradyjeong/Documents/Projects/Amp/gta4/gta_game/gameplay_sim/src/lib.rs","edition":"2021","doc":true,"doctest":true,"test":true},"message":{"rendered":"warning: missing documentation for a struct field\n   --> gameplay_sim/src/systems/physics_utils.rs:237:5\n    |\n237 |     pub backward: f32,\n    |     ^^^^^^^^^^^^^^^^^\n\n","$message_type":"diagnostic","children":[],"code":{"code":"missing_docs","explanation":null},"level":"warning","message":"missing documentation for a struct field","spans":[{"byte_end":9211,"byte_start":9194,"column_end":22,"column_start":5,"expansion":null,"file_name":"gameplay_sim/src/systems/physics_utils.rs","is_primary":true,"label":null,"line_end":237,"line_start":237,"suggested_replacement":null,"suggestion_applicability":null,"text":[{"highlight_end":22,"highlight_start":5,"text":"    pub backward: f32,"}]}]}}
{"reason":"compiler-message","package_id":"path+file:///Users/bradyjeong/Documents/Projects/Amp/gta4/gta_game/gameplay_sim#0.1.0","manifest_path":"/Users/bradyjeong/Documents/Projects/Amp/gta4/gta_game/gameplay_sim/Cargo.toml","target":{"kind":["lib"],"crate_types":["lib"],"name":"gameplay_sim","src_path":"/Users/bradyjeong/Documents/Projects/Amp/gta4/gta_game/gameplay_sim/src/lib.rs","edition":"2021","doc":true,"doctest":true,"test":true},"message":{"rendered":"warning: missing documentation for a module\n  --> gameplay_sim/src/systems/mod.rs:22:1\n   |\n22 | pub mod batching;\n   | ^^^^^^^^^^^^^^^^\n\n","$message_type":"diagnostic","children":[],"code":{"code":"missing_docs","explanation":null},"level":"warning","message":"missing documentation for a module","spans":[{"byte_end":472,"byte_start":456,"column_end":17,"column_start":1,"expansion":null,"file_name":"gameplay_sim/src/systems/mod.rs","is_primary":true,"label":null,"line_end":22,"line_start":22,"suggested_replacement":null,"suggestion_applicability":null,"text":[{"highlight_end":17,"highlight_start":1,"text":"pub mod batching;"}]}]}}
{"reason":"compiler-message","package_id":"path+file:///Users/bradyjeong/Documents/Projects/Amp/gta4/gta_game/gameplay_sim#0.1.0","manifest_path":"/Users/bradyjeong/Documents/Projects/Amp/gta4/gta_game/gameplay_sim/Cargo.toml","target":{"kind":["lib"],"crate_types":["lib"],"name":"gameplay_sim","src_path":"/Users/bradyjeong/Documents/Projects/Amp/gta4/gta_game/gameplay_sim/src/lib.rs","edition":"2021","doc":true,"doctest":true,"test":true},"message":{"rendered":"warning: missing documentation for a struct field\n   --> gameplay_sim/src/systems/physics_utils.rs:238:5\n    |\n238 |     pub left: f32,\n    |     ^^^^^^^^^^^^^\n\n","$message_type":"diagnostic","children":[],"code":{"code":"missing_docs","explanation":null},"level":"warning","message":"missing documentation for a struct field","spans":[{"byte_end":9230,"byte_start":9217,"column_end":18,"column_start":5,"expansion":null,"file_name":"gameplay_sim/src/systems/physics_utils.rs","is_primary":true,"label":null,"line_end":238,"line_start":238,"suggested_replacement":null,"suggestion_applicability":null,"text":[{"highlight_end":18,"highlight_start":5,"text":"    pub left: f32,"}]}]}}
{"reason":"compiler-message","package_id":"path+file:///Users/bradyjeong/Documents/Projects/Amp/gta4/gta_game/gameplay_sim#0.1.0","manifest_path":"/Users/bradyjeong/Documents/Projects/Amp/gta4/gta_game/gameplay_sim/Cargo.toml","target":{"kind":["lib"],"crate_types":["lib"],"name":"gameplay_sim","src_path":"/Users/bradyjeong/Documents/Projects/Amp/gta4/gta_game/gameplay_sim/src/lib.rs","edition":"2021","doc":true,"doctest":true,"test":true},"message":{"rendered":"warning: missing documentation for a module\n  --> gameplay_sim/src/systems/mod.rs:23:1\n   |\n23 | pub mod effects;\n   | ^^^^^^^^^^^^^^^\n\n","$message_type":"diagnostic","children":[],"code":{"code":"missing_docs","explanation":null},"level":"warning","message":"missing documentation for a module","spans":[{"byte_end":489,"byte_start":474,"column_end":16,"column_start":1,"expansion":null,"file_name":"gameplay_sim/src/systems/mod.rs","is_primary":true,"label":null,"line_end":23,"line_start":23,"suggested_replacement":null,"suggestion_applicability":null,"text":[{"highlight_end":16,"highlight_start":1,"text":"pub mod effects;"}]}]}}
{"reason":"compiler-message","package_id":"path+file:///Users/bradyjeong/Documents/Projects/Amp/gta4/gta_game/gameplay_sim#0.1.0","manifest_path":"/Users/bradyjeong/Documents/Projects/Amp/gta4/gta_game/gameplay_sim/Cargo.toml","target":{"kind":["lib"],"crate_types":["lib"],"name":"gameplay_sim","src_path":"/Users/bradyjeong/Documents/Projects/Amp/gta4/gta_game/gameplay_sim/src/lib.rs","edition":"2021","doc":true,"doctest":true,"test":true},"message":{"rendered":"warning: missing documentation for a struct field\n   --> gameplay_sim/src/systems/physics_utils.rs:239:5\n    |\n239 |     pub right: f32,\n    |     ^^^^^^^^^^^^^^\n\n","$message_type":"diagnostic","children":[],"code":{"code":"missing_docs","explanation":null},"level":"warning","message":"missing documentation for a struct field","spans":[{"byte_end":9250,"byte_start":9236,"column_end":19,"column_start":5,"expansion":null,"file_name":"gameplay_sim/src/systems/physics_utils.rs","is_primary":true,"label":null,"line_end":239,"line_start":239,"suggested_replacement":null,"suggestion_applicability":null,"text":[{"highlight_end":19,"highlight_start":5,"text":"    pub right: f32,"}]}]}}
{"reason":"compiler-message","package_id":"path+file:///Users/bradyjeong/Documents/Projects/Amp/gta4/gta_game/gameplay_sim#0.1.0","manifest_path":"/Users/bradyjeong/Documents/Projects/Amp/gta4/gta_game/gameplay_sim/Cargo.toml","target":{"kind":["lib"],"crate_types":["lib"],"name":"gameplay_sim","src_path":"/Users/bradyjeong/Documents/Projects/Amp/gta4/gta_game/gameplay_sim/src/lib.rs","edition":"2021","doc":true,"doctest":true,"test":true},"message":{"rendered":"warning: missing documentation for a struct field\n   --> gameplay_sim/src/systems/physics_utils.rs:240:5\n    |\n240 |     pub jump: f32,\n    |     ^^^^^^^^^^^^^\n\n","$message_type":"diagnostic","children":[],"code":{"code":"missing_docs","explanation":null},"level":"warning","message":"missing documentation for a struct field","spans":[{"byte_end":9269,"byte_start":9256,"column_end":18,"column_start":5,"expansion":null,"file_name":"gameplay_sim/src/systems/physics_utils.rs","is_primary":true,"label":null,"line_end":240,"line_start":240,"suggested_replacement":null,"suggestion_applicability":null,"text":[{"highlight_end":18,"highlight_start":5,"text":"    pub jump: f32,"}]}]}}
{"reason":"compiler-message","package_id":"path+file:///Users/bradyjeong/Documents/Projects/Amp/gta4/gta_game/gameplay_sim#0.1.0","manifest_path":"/Users/bradyjeong/Documents/Projects/Amp/gta4/gta_game/gameplay_sim/Cargo.toml","target":{"kind":["lib"],"crate_types":["lib"],"name":"gameplay_sim","src_path":"/Users/bradyjeong/Documents/Projects/Amp/gta4/gta_game/gameplay_sim/src/lib.rs","edition":"2021","doc":true,"doctest":true,"test":true},"message":{"rendered":"warning: missing documentation for a struct\n  --> gameplay_sim/src/systems/distance_cache.rs:18:1\n   |\n18 | pub struct DistanceCacheStats {\n   | ^^^^^^^^^^^^^^^^^^^^^^^^^^^^^\n\n","$message_type":"diagnostic","children":[],"code":{"code":"missing_docs","explanation":null},"level":"warning","message":"missing documentation for a struct","spans":[{"byte_end":641,"byte_start":612,"column_end":30,"column_start":1,"expansion":null,"file_name":"gameplay_sim/src/systems/distance_cache.rs","is_primary":true,"label":null,"line_end":18,"line_start":18,"suggested_replacement":null,"suggestion_applicability":null,"text":[{"highlight_end":30,"highlight_start":1,"text":"pub struct DistanceCacheStats {"}]}]}}
{"reason":"compiler-message","package_id":"path+file:///Users/bradyjeong/Documents/Projects/Amp/gta4/gta_game/gameplay_sim#0.1.0","manifest_path":"/Users/bradyjeong/Documents/Projects/Amp/gta4/gta_game/gameplay_sim/Cargo.toml","target":{"kind":["lib"],"crate_types":["lib"],"name":"gameplay_sim","src_path":"/Users/bradyjeong/Documents/Projects/Amp/gta4/gta_game/gameplay_sim/src/lib.rs","edition":"2021","doc":true,"doctest":true,"test":true},"message":{"rendered":"warning: missing documentation for a struct field\n  --> gameplay_sim/src/systems/distance_cache.rs:19:5\n   |\n19 |     pub hits: u64,\n   |     ^^^^^^^^^^^^^\n\n","$message_type":"diagnostic","children":[],"code":{"code":"missing_docs","explanation":null},"level":"warning","message":"missing documentation for a struct field","spans":[{"byte_end":661,"byte_start":648,"column_end":18,"column_start":5,"expansion":null,"file_name":"gameplay_sim/src/systems/distance_cache.rs","is_primary":true,"label":null,"line_end":19,"line_start":19,"suggested_replacement":null,"suggestion_applicability":null,"text":[{"highlight_end":18,"highlight_start":5,"text":"    pub hits: u64,"}]}]}}
{"reason":"compiler-message","package_id":"path+file:///Users/bradyjeong/Documents/Projects/Amp/gta4/gta_game/gameplay_sim#0.1.0","manifest_path":"/Users/bradyjeong/Documents/Projects/Amp/gta4/gta_game/gameplay_sim/Cargo.toml","target":{"kind":["lib"],"crate_types":["lib"],"name":"gameplay_sim","src_path":"/Users/bradyjeong/Documents/Projects/Amp/gta4/gta_game/gameplay_sim/src/lib.rs","edition":"2021","doc":true,"doctest":true,"test":true},"message":{"rendered":"warning: missing documentation for a struct field\n  --> gameplay_sim/src/systems/distance_cache.rs:20:5\n   |\n20 |     pub misses: u64,\n   |     ^^^^^^^^^^^^^^^\n\n","$message_type":"diagnostic","children":[],"code":{"code":"missing_docs","explanation":null},"level":"warning","message":"missing documentation for a struct field","spans":[{"byte_end":682,"byte_start":667,"column_end":20,"column_start":5,"expansion":null,"file_name":"gameplay_sim/src/systems/distance_cache.rs","is_primary":true,"label":null,"line_end":20,"line_start":20,"suggested_replacement":null,"suggestion_applicability":null,"text":[{"highlight_end":20,"highlight_start":5,"text":"    pub misses: u64,"}]}]}}
{"reason":"compiler-message","package_id":"path+file:///Users/bradyjeong/Documents/Projects/Amp/gta4/gta_game/gameplay_sim#0.1.0","manifest_path":"/Users/bradyjeong/Documents/Projects/Amp/gta4/gta_game/gameplay_sim/Cargo.toml","target":{"kind":["lib"],"crate_types":["lib"],"name":"gameplay_sim","src_path":"/Users/bradyjeong/Documents/Projects/Amp/gta4/gta_game/gameplay_sim/src/lib.rs","edition":"2021","doc":true,"doctest":true,"test":true},"message":{"rendered":"warning: missing documentation for a struct field\n  --> gameplay_sim/src/systems/distance_cache.rs:21:5\n   |\n21 |     pub invalidations: u64,\n   |     ^^^^^^^^^^^^^^^^^^^^^^\n\n","$message_type":"diagnostic","children":[],"code":{"code":"missing_docs","explanation":null},"level":"warning","message":"missing documentation for a struct field","spans":[{"byte_end":710,"byte_start":688,"column_end":27,"column_start":5,"expansion":null,"file_name":"gameplay_sim/src/systems/distance_cache.rs","is_primary":true,"label":null,"line_end":21,"line_start":21,"suggested_replacement":null,"suggestion_applicability":null,"text":[{"highlight_end":27,"highlight_start":5,"text":"    pub invalidations: u64,"}]}]}}
{"reason":"compiler-message","package_id":"path+file:///Users/bradyjeong/Documents/Projects/Amp/gta4/gta_game/gameplay_sim#0.1.0","manifest_path":"/Users/bradyjeong/Documents/Projects/Amp/gta4/gta_game/gameplay_sim/Cargo.toml","target":{"kind":["lib"],"crate_types":["lib"],"name":"gameplay_sim","src_path":"/Users/bradyjeong/Documents/Projects/Amp/gta4/gta_game/gameplay_sim/src/lib.rs","edition":"2021","doc":true,"doctest":true,"test":true},"message":{"rendered":"warning: missing documentation for a struct field\n  --> gameplay_sim/src/systems/distance_cache.rs:22:5\n   |\n22 |     pub cleanups: u64,\n   |     ^^^^^^^^^^^^^^^^^\n\n","$message_type":"diagnostic","children":[],"code":{"code":"missing_docs","explanation":null},"level":"warning","message":"missing documentation for a struct field","spans":[{"byte_end":733,"byte_start":716,"column_end":22,"column_start":5,"expansion":null,"file_name":"gameplay_sim/src/systems/distance_cache.rs","is_primary":true,"label":null,"line_end":22,"line_start":22,"suggested_replacement":null,"suggestion_applicability":null,"text":[{"highlight_end":22,"highlight_start":5,"text":"    pub cleanups: u64,"}]}]}}
{"reason":"compiler-message","package_id":"path+file:///Users/bradyjeong/Documents/Projects/Amp/gta4/gta_game/gameplay_sim#0.1.0","manifest_path":"/Users/bradyjeong/Documents/Projects/Amp/gta4/gta_game/gameplay_sim/Cargo.toml","target":{"kind":["lib"],"crate_types":["lib"],"name":"gameplay_sim","src_path":"/Users/bradyjeong/Documents/Projects/Amp/gta4/gta_game/gameplay_sim/src/lib.rs","edition":"2021","doc":true,"doctest":true,"test":true},"message":{"rendered":"warning: missing documentation for a method\n  --> gameplay_sim/src/systems/distance_cache.rs:26:5\n   |\n26 |     pub fn hit_rate(&self) -> f64 {\n   |     ^^^^^^^^^^^^^^^^^^^^^^^^^^^^^\n\n","$message_type":"diagnostic","children":[],"code":{"code":"missing_docs","explanation":null},"level":"warning","message":"missing documentation for a method","spans":[{"byte_end":797,"byte_start":768,"column_end":34,"column_start":5,"expansion":null,"file_name":"gameplay_sim/src/systems/distance_cache.rs","is_primary":true,"label":null,"line_end":26,"line_start":26,"suggested_replacement":null,"suggestion_applicability":null,"text":[{"highlight_end":34,"highlight_start":5,"text":"    pub fn hit_rate(&self) -> f64 {"}]}]}}
{"reason":"compiler-message","package_id":"path+file:///Users/bradyjeong/Documents/Projects/Amp/gta4/gta_game/gameplay_sim#0.1.0","manifest_path":"/Users/bradyjeong/Documents/Projects/Amp/gta4/gta_game/gameplay_sim/Cargo.toml","target":{"kind":["lib"],"crate_types":["lib"],"name":"gameplay_sim","src_path":"/Users/bradyjeong/Documents/Projects/Amp/gta4/gta_game/gameplay_sim/src/lib.rs","edition":"2021","doc":true,"doctest":true,"test":true},"message":{"rendered":"warning: missing documentation for an associated function\n  --> gameplay_sim/src/systems/distance_cache.rs:36:5\n   |\n36 |     pub fn new() -> Self {\n   |     ^^^^^^^^^^^^^^^^^^^^\n\n","$message_type":"diagnostic","children":[],"code":{"code":"missing_docs","explanation":null},"level":"warning","message":"missing documentation for an associated function","spans":[{"byte_end":1003,"byte_start":983,"column_end":25,"column_start":5,"expansion":null,"file_name":"gameplay_sim/src/systems/distance_cache.rs","is_primary":true,"label":null,"line_end":36,"line_start":36,"suggested_replacement":null,"suggestion_applicability":null,"text":[{"highlight_end":25,"highlight_start":5,"text":"    pub fn new() -> Self {"}]}]}}
{"reason":"compiler-message","package_id":"path+file:///Users/bradyjeong/Documents/Projects/Amp/gta4/gta_game/gameplay_sim#0.1.0","manifest_path":"/Users/bradyjeong/Documents/Projects/Amp/gta4/gta_game/gameplay_sim/Cargo.toml","target":{"kind":["lib"],"crate_types":["lib"],"name":"gameplay_sim","src_path":"/Users/bradyjeong/Documents/Projects/Amp/gta4/gta_game/gameplay_sim/src/lib.rs","edition":"2021","doc":true,"doctest":true,"test":true},"message":{"rendered":"warning: missing documentation for an enum\n --> gameplay_sim/src/systems/spawn_validation.rs:7:1\n  |\n7 | pub enum SpawnableType {\n  | ^^^^^^^^^^^^^^^^^^^^^^\n\n","$message_type":"diagnostic","children":[],"code":{"code":"missing_docs","explanation":null},"level":"warning","message":"missing documentation for an enum","spans":[{"byte_end":249,"byte_start":227,"column_end":23,"column_start":1,"expansion":null,"file_name":"gameplay_sim/src/systems/spawn_validation.rs","is_primary":true,"label":null,"line_end":7,"line_start":7,"suggested_replacement":null,"suggestion_applicability":null,"text":[{"highlight_end":23,"highlight_start":1,"text":"pub enum SpawnableType {"}]}]}}
{"reason":"compiler-message","package_id":"path+file:///Users/bradyjeong/Documents/Projects/Amp/gta4/gta_game/gameplay_sim#0.1.0","manifest_path":"/Users/bradyjeong/Documents/Projects/Amp/gta4/gta_game/gameplay_sim/Cargo.toml","target":{"kind":["lib"],"crate_types":["lib"],"name":"gameplay_sim","src_path":"/Users/bradyjeong/Documents/Projects/Amp/gta4/gta_game/gameplay_sim/src/lib.rs","edition":"2021","doc":true,"doctest":true,"test":true},"message":{"rendered":"warning: missing documentation for a variant\n --> gameplay_sim/src/systems/spawn_validation.rs:8:5\n  |\n8 |     Vehicle,\n  |     ^^^^^^^\n\n","$message_type":"diagnostic","children":[],"code":{"code":"missing_docs","explanation":null},"level":"warning","message":"missing documentation for a variant","spans":[{"byte_end":263,"byte_start":256,"column_end":12,"column_start":5,"expansion":null,"file_name":"gameplay_sim/src/systems/spawn_validation.rs","is_primary":true,"label":null,"line_end":8,"line_start":8,"suggested_replacement":null,"suggestion_applicability":null,"text":[{"highlight_end":12,"highlight_start":5,"text":"    Vehicle,"}]}]}}
{"reason":"compiler-message","package_id":"path+file:///Users/bradyjeong/Documents/Projects/Amp/gta4/gta_game/gameplay_sim#0.1.0","manifest_path":"/Users/bradyjeong/Documents/Projects/Amp/gta4/gta_game/gameplay_sim/Cargo.toml","target":{"kind":["lib"],"crate_types":["lib"],"name":"gameplay_sim","src_path":"/Users/bradyjeong/Documents/Projects/Amp/gta4/gta_game/gameplay_sim/src/lib.rs","edition":"2021","doc":true,"doctest":true,"test":true},"message":{"rendered":"warning: missing documentation for a variant\n --> gameplay_sim/src/systems/spawn_validation.rs:9:5\n  |\n9 |     Aircraft,\n  |     ^^^^^^^^\n\n","$message_type":"diagnostic","children":[],"code":{"code":"missing_docs","explanation":null},"level":"warning","message":"missing documentation for a variant","spans":[{"byte_end":277,"byte_start":269,"column_end":13,"column_start":5,"expansion":null,"file_name":"gameplay_sim/src/systems/spawn_validation.rs","is_primary":true,"label":null,"line_end":9,"line_start":9,"suggested_replacement":null,"suggestion_applicability":null,"text":[{"highlight_end":13,"highlight_start":5,"text":"    Aircraft,"}]}]}}
{"reason":"compiler-message","package_id":"path+file:///Users/bradyjeong/Documents/Projects/Amp/gta4/gta_game/gameplay_sim#0.1.0","manifest_path":"/Users/bradyjeong/Documents/Projects/Amp/gta4/gta_game/gameplay_sim/Cargo.toml","target":{"kind":["lib"],"crate_types":["lib"],"name":"gameplay_sim","src_path":"/Users/bradyjeong/Documents/Projects/Amp/gta4/gta_game/gameplay_sim/src/lib.rs","edition":"2021","doc":true,"doctest":true,"test":true},"message":{"rendered":"warning: missing documentation for a variant\n  --> gameplay_sim/src/systems/spawn_validation.rs:10:5\n   |\n10 |     NPC,\n   |     ^^^\n\n","$message_type":"diagnostic","children":[],"code":{"code":"missing_docs","explanation":null},"level":"warning","message":"missing documentation for a variant","spans":[{"byte_end":286,"byte_start":283,"column_end":8,"column_start":5,"expansion":null,"file_name":"gameplay_sim/src/systems/spawn_validation.rs","is_primary":true,"label":null,"line_end":10,"line_start":10,"suggested_replacement":null,"suggestion_applicability":null,"text":[{"highlight_end":8,"highlight_start":5,"text":"    NPC,"}]}]}}
{"reason":"compiler-message","package_id":"path+file:///Users/bradyjeong/Documents/Projects/Amp/gta4/gta_game/gameplay_sim#0.1.0","manifest_path":"/Users/bradyjeong/Documents/Projects/Amp/gta4/gta_game/gameplay_sim/Cargo.toml","target":{"kind":["lib"],"crate_types":["lib"],"name":"gameplay_sim","src_path":"/Users/bradyjeong/Documents/Projects/Amp/gta4/gta_game/gameplay_sim/src/lib.rs","edition":"2021","doc":true,"doctest":true,"test":true},"message":{"rendered":"warning: missing documentation for a variant\n  --> gameplay_sim/src/systems/spawn_validation.rs:11:5\n   |\n11 |     Building,\n   |     ^^^^^^^^\n\n","$message_type":"diagnostic","children":[],"code":{"code":"missing_docs","explanation":null},"level":"warning","message":"missing documentation for a variant","spans":[{"byte_end":300,"byte_start":292,"column_end":13,"column_start":5,"expansion":null,"file_name":"gameplay_sim/src/systems/spawn_validation.rs","is_primary":true,"label":null,"line_end":11,"line_start":11,"suggested_replacement":null,"suggestion_applicability":null,"text":[{"highlight_end":13,"highlight_start":5,"text":"    Building,"}]}]}}
{"reason":"compiler-message","package_id":"path+file:///Users/bradyjeong/Documents/Projects/Amp/gta4/gta_game/gameplay_sim#0.1.0","manifest_path":"/Users/bradyjeong/Documents/Projects/Amp/gta4/gta_game/gameplay_sim/Cargo.toml","target":{"kind":["lib"],"crate_types":["lib"],"name":"gameplay_sim","src_path":"/Users/bradyjeong/Documents/Projects/Amp/gta4/gta_game/gameplay_sim/src/lib.rs","edition":"2021","doc":true,"doctest":true,"test":true},"message":{"rendered":"warning: missing documentation for a variant\n  --> gameplay_sim/src/systems/spawn_validation.rs:12:5\n   |\n12 |     Tree,\n   |     ^^^^\n\n","$message_type":"diagnostic","children":[],"code":{"code":"missing_docs","explanation":null},"level":"warning","message":"missing documentation for a variant","spans":[{"byte_end":310,"byte_start":306,"column_end":9,"column_start":5,"expansion":null,"file_name":"gameplay_sim/src/systems/spawn_validation.rs","is_primary":true,"label":null,"line_end":12,"line_start":12,"suggested_replacement":null,"suggestion_applicability":null,"text":[{"highlight_end":9,"highlight_start":5,"text":"    Tree,"}]}]}}
{"reason":"compiler-message","package_id":"path+file:///Users/bradyjeong/Documents/Projects/Amp/gta4/gta_game/gameplay_sim#0.1.0","manifest_path":"/Users/bradyjeong/Documents/Projects/Amp/gta4/gta_game/gameplay_sim/Cargo.toml","target":{"kind":["lib"],"crate_types":["lib"],"name":"gameplay_sim","src_path":"/Users/bradyjeong/Documents/Projects/Amp/gta4/gta_game/gameplay_sim/src/lib.rs","edition":"2021","doc":true,"doctest":true,"test":true},"message":{"rendered":"warning: missing documentation for a variant\n  --> gameplay_sim/src/systems/spawn_validation.rs:13:5\n   |\n13 |     EnvironmentObject,\n   |     ^^^^^^^^^^^^^^^^^\n\n","$message_type":"diagnostic","children":[],"code":{"code":"missing_docs","explanation":null},"level":"warning","message":"missing documentation for a variant","spans":[{"byte_end":333,"byte_start":316,"column_end":22,"column_start":5,"expansion":null,"file_name":"gameplay_sim/src/systems/spawn_validation.rs","is_primary":true,"label":null,"line_end":13,"line_start":13,"suggested_replacement":null,"suggestion_applicability":null,"text":[{"highlight_end":22,"highlight_start":5,"text":"    EnvironmentObject,"}]}]}}
{"reason":"compiler-message","package_id":"path+file:///Users/bradyjeong/Documents/Projects/Amp/gta4/gta_game/gameplay_sim#0.1.0","manifest_path":"/Users/bradyjeong/Documents/Projects/Amp/gta4/gta_game/gameplay_sim/Cargo.toml","target":{"kind":["lib"],"crate_types":["lib"],"name":"gameplay_sim","src_path":"/Users/bradyjeong/Documents/Projects/Amp/gta4/gta_game/gameplay_sim/src/lib.rs","edition":"2021","doc":true,"doctest":true,"test":true},"message":{"rendered":"warning: missing documentation for a variant\n  --> gameplay_sim/src/systems/spawn_validation.rs:14:5\n   |\n14 |     Player,\n   |     ^^^^^^\n\n","$message_type":"diagnostic","children":[],"code":{"code":"missing_docs","explanation":null},"level":"warning","message":"missing documentation for a variant","spans":[{"byte_end":345,"byte_start":339,"column_end":11,"column_start":5,"expansion":null,"file_name":"gameplay_sim/src/systems/spawn_validation.rs","is_primary":true,"label":null,"line_end":14,"line_start":14,"suggested_replacement":null,"suggestion_applicability":null,"text":[{"highlight_end":11,"highlight_start":5,"text":"    Player,"}]}]}}
{"reason":"compiler-message","package_id":"path+file:///Users/bradyjeong/Documents/Projects/Amp/gta4/gta_game/gameplay_sim#0.1.0","manifest_path":"/Users/bradyjeong/Documents/Projects/Amp/gta4/gta_game/gameplay_sim/Cargo.toml","target":{"kind":["lib"],"crate_types":["lib"],"name":"gameplay_sim","src_path":"/Users/bradyjeong/Documents/Projects/Amp/gta4/gta_game/gameplay_sim/src/lib.rs","edition":"2021","doc":true,"doctest":true,"test":true},"message":{"rendered":"warning: missing documentation for a struct\n  --> gameplay_sim/src/systems/human_behavior.rs:12:1\n   |\n12 | pub struct HumanEmotions {\n   | ^^^^^^^^^^^^^^^^^^^^^^^^\n\n","$message_type":"diagnostic","children":[],"code":{"code":"missing_docs","explanation":null},"level":"warning","message":"missing documentation for a struct","spans":[{"byte_end":281,"byte_start":257,"column_end":25,"column_start":1,"expansion":null,"file_name":"gameplay_sim/src/systems/human_behavior.rs","is_primary":true,"label":null,"line_end":12,"line_start":12,"suggested_replacement":null,"suggestion_applicability":null,"text":[{"highlight_end":25,"highlight_start":1,"text":"pub struct HumanEmotions {"}]}]}}
{"reason":"compiler-message","package_id":"path+file:///Users/bradyjeong/Documents/Projects/Amp/gta4/gta_game/gameplay_sim#0.1.0","manifest_path":"/Users/bradyjeong/Documents/Projects/Amp/gta4/gta_game/gameplay_sim/Cargo.toml","target":{"kind":["lib"],"crate_types":["lib"],"name":"gameplay_sim","src_path":"/Users/bradyjeong/Documents/Projects/Amp/gta4/gta_game/gameplay_sim/src/lib.rs","edition":"2021","doc":true,"doctest":true,"test":true},"message":{"rendered":"warning: missing documentation for a struct field\n  --> gameplay_sim/src/systems/human_behavior.rs:13:5\n   |\n13 |     pub stress_level: f32,\n   |     ^^^^^^^^^^^^^^^^^^^^^\n\n","$message_type":"diagnostic","children":[],"code":{"code":"missing_docs","explanation":null},"level":"warning","message":"missing documentation for a struct field","spans":[{"byte_end":309,"byte_start":288,"column_end":26,"column_start":5,"expansion":null,"file_name":"gameplay_sim/src/systems/human_behavior.rs","is_primary":true,"label":null,"line_end":13,"line_start":13,"suggested_replacement":null,"suggestion_applicability":null,"text":[{"highlight_end":26,"highlight_start":5,"text":"    pub stress_level: f32,"}]}]}}
{"reason":"compiler-message","package_id":"path+file:///Users/bradyjeong/Documents/Projects/Amp/gta4/gta_game/gameplay_sim#0.1.0","manifest_path":"/Users/bradyjeong/Documents/Projects/Amp/gta4/gta_game/gameplay_sim/Cargo.toml","target":{"kind":["lib"],"crate_types":["lib"],"name":"gameplay_sim","src_path":"/Users/bradyjeong/Documents/Projects/Amp/gta4/gta_game/gameplay_sim/src/lib.rs","edition":"2021","doc":true,"doctest":true,"test":true},"message":{"rendered":"warning: missing documentation for a struct\n  --> gameplay_sim/src/systems/spawn_validation.rs:59:1\n   |\n59 | pub struct SpawnedEntity {\n   | ^^^^^^^^^^^^^^^^^^^^^^^^\n\n","$message_type":"diagnostic","children":[],"code":{"code":"missing_docs","explanation":null},"level":"warning","message":"missing documentation for a struct","spans":[{"byte_end":2455,"byte_start":2431,"column_end":25,"column_start":1,"expansion":null,"file_name":"gameplay_sim/src/systems/spawn_validation.rs","is_primary":true,"label":null,"line_end":59,"line_start":59,"suggested_replacement":null,"suggestion_applicability":null,"text":[{"highlight_end":25,"highlight_start":1,"text":"pub struct SpawnedEntity {"}]}]}}
{"reason":"compiler-message","package_id":"path+file:///Users/bradyjeong/Documents/Projects/Amp/gta4/gta_game/gameplay_sim#0.1.0","manifest_path":"/Users/bradyjeong/Documents/Projects/Amp/gta4/gta_game/gameplay_sim/Cargo.toml","target":{"kind":["lib"],"crate_types":["lib"],"name":"gameplay_sim","src_path":"/Users/bradyjeong/Documents/Projects/Amp/gta4/gta_game/gameplay_sim/src/lib.rs","edition":"2021","doc":true,"doctest":true,"test":true},"message":{"rendered":"warning: missing documentation for a struct field\n  --> gameplay_sim/src/systems/human_behavior.rs:14:5\n   |\n14 |     pub energy_level: f32,\n   |     ^^^^^^^^^^^^^^^^^^^^^\n\n","$message_type":"diagnostic","children":[],"code":{"code":"missing_docs","explanation":null},"level":"warning","message":"missing documentation for a struct field","spans":[{"byte_end":336,"byte_start":315,"column_end":26,"column_start":5,"expansion":null,"file_name":"gameplay_sim/src/systems/human_behavior.rs","is_primary":true,"label":null,"line_end":14,"line_start":14,"suggested_replacement":null,"suggestion_applicability":null,"text":[{"highlight_end":26,"highlight_start":5,"text":"    pub energy_level: f32,"}]}]}}
{"reason":"compiler-message","package_id":"path+file:///Users/bradyjeong/Documents/Projects/Amp/gta4/gta_game/gameplay_sim#0.1.0","manifest_path":"/Users/bradyjeong/Documents/Projects/Amp/gta4/gta_game/gameplay_sim/Cargo.toml","target":{"kind":["lib"],"crate_types":["lib"],"name":"gameplay_sim","src_path":"/Users/bradyjeong/Documents/Projects/Amp/gta4/gta_game/gameplay_sim/src/lib.rs","edition":"2021","doc":true,"doctest":true,"test":true},"message":{"rendered":"warning: missing documentation for a struct field\n  --> gameplay_sim/src/systems/human_behavior.rs:15:5\n   |\n15 |     pub mood: Mood,\n   |     ^^^^^^^^^^^^^^\n\n","$message_type":"diagnostic","children":[],"code":{"code":"missing_docs","explanation":null},"level":"warning","message":"missing documentation for a struct field","spans":[{"byte_end":356,"byte_start":342,"column_end":19,"column_start":5,"expansion":null,"file_name":"gameplay_sim/src/systems/human_behavior.rs","is_primary":true,"label":null,"line_end":15,"line_start":15,"suggested_replacement":null,"suggestion_applicability":null,"text":[{"highlight_end":19,"highlight_start":5,"text":"    pub mood: Mood,"}]}]}}
{"reason":"compiler-message","package_id":"path+file:///Users/bradyjeong/Documents/Projects/Amp/gta4/gta_game/gameplay_sim#0.1.0","manifest_path":"/Users/bradyjeong/Documents/Projects/Amp/gta4/gta_game/gameplay_sim/Cargo.toml","target":{"kind":["lib"],"crate_types":["lib"],"name":"gameplay_sim","src_path":"/Users/bradyjeong/Documents/Projects/Amp/gta4/gta_game/gameplay_sim/src/lib.rs","edition":"2021","doc":true,"doctest":true,"test":true},"message":{"rendered":"warning: missing documentation for a struct field\n  --> gameplay_sim/src/systems/human_behavior.rs:16:5\n   |\n16 |     pub last_mood_change: f32,\n   |     ^^^^^^^^^^^^^^^^^^^^^^^^^\n\n","$message_type":"diagnostic","children":[],"code":{"code":"missing_docs","explanation":null},"level":"warning","message":"missing documentation for a struct field","spans":[{"byte_end":387,"byte_start":362,"column_end":30,"column_start":5,"expansion":null,"file_name":"gameplay_sim/src/systems/human_behavior.rs","is_primary":true,"label":null,"line_end":16,"line_start":16,"suggested_replacement":null,"suggestion_applicability":null,"text":[{"highlight_end":30,"highlight_start":5,"text":"    pub last_mood_change: f32,"}]}]}}
{"reason":"compiler-message","package_id":"path+file:///Users/bradyjeong/Documents/Projects/Amp/gta4/gta_game/gameplay_sim#0.1.0","manifest_path":"/Users/bradyjeong/Documents/Projects/Amp/gta4/gta_game/gameplay_sim/Cargo.toml","target":{"kind":["lib"],"crate_types":["lib"],"name":"gameplay_sim","src_path":"/Users/bradyjeong/Documents/Projects/Amp/gta4/gta_game/gameplay_sim/src/lib.rs","edition":"2021","doc":true,"doctest":true,"test":true},"message":{"rendered":"warning: missing documentation for a struct field\n  --> gameplay_sim/src/systems/spawn_validation.rs:60:5\n   |\n60 |     pub position: Vec3,\n   |     ^^^^^^^^^^^^^^^^^^\n\n","$message_type":"diagnostic","children":[],"code":{"code":"missing_docs","explanation":null},"level":"warning","message":"missing documentation for a struct field","spans":[{"byte_end":2480,"byte_start":2462,"column_end":23,"column_start":5,"expansion":null,"file_name":"gameplay_sim/src/systems/spawn_validation.rs","is_primary":true,"label":null,"line_end":60,"line_start":60,"suggested_replacement":null,"suggestion_applicability":null,"text":[{"highlight_end":23,"highlight_start":5,"text":"    pub position: Vec3,"}]}]}}
{"reason":"compiler-message","package_id":"path+file:///Users/bradyjeong/Documents/Projects/Amp/gta4/gta_game/gameplay_sim#0.1.0","manifest_path":"/Users/bradyjeong/Documents/Projects/Amp/gta4/gta_game/gameplay_sim/Cargo.toml","target":{"kind":["lib"],"crate_types":["lib"],"name":"gameplay_sim","src_path":"/Users/bradyjeong/Documents/Projects/Amp/gta4/gta_game/gameplay_sim/src/lib.rs","edition":"2021","doc":true,"doctest":true,"test":true},"message":{"rendered":"warning: missing documentation for an enum\n  --> gameplay_sim/src/systems/human_behavior.rs:20:1\n   |\n20 | pub enum Mood {\n   | ^^^^^^^^^^^^^\n\n","$message_type":"diagnostic","children":[],"code":{"code":"missing_docs","explanation":null},"level":"warning","message":"missing documentation for an enum","spans":[{"byte_end":446,"byte_start":433,"column_end":14,"column_start":1,"expansion":null,"file_name":"gameplay_sim/src/systems/human_behavior.rs","is_primary":true,"label":null,"line_end":20,"line_start":20,"suggested_replacement":null,"suggestion_applicability":null,"text":[{"highlight_end":14,"highlight_start":1,"text":"pub enum Mood {"}]}]}}
{"reason":"compiler-message","package_id":"path+file:///Users/bradyjeong/Documents/Projects/Amp/gta4/gta_game/gameplay_sim#0.1.0","manifest_path":"/Users/bradyjeong/Documents/Projects/Amp/gta4/gta_game/gameplay_sim/Cargo.toml","target":{"kind":["lib"],"crate_types":["lib"],"name":"gameplay_sim","src_path":"/Users/bradyjeong/Documents/Projects/Amp/gta4/gta_game/gameplay_sim/src/lib.rs","edition":"2021","doc":true,"doctest":true,"test":true},"message":{"rendered":"warning: missing documentation for a struct field\n  --> gameplay_sim/src/systems/spawn_validation.rs:61:5\n   |\n61 |     pub entity_type: SpawnableType,\n   |     ^^^^^^^^^^^^^^^^^^^^^^^^^^^^^^\n\n","$message_type":"diagnostic","children":[],"code":{"code":"missing_docs","explanation":null},"level":"warning","message":"missing documentation for a struct field","spans":[{"byte_end":2516,"byte_start":2486,"column_end":35,"column_start":5,"expansion":null,"file_name":"gameplay_sim/src/systems/spawn_validation.rs","is_primary":true,"label":null,"line_end":61,"line_start":61,"suggested_replacement":null,"suggestion_applicability":null,"text":[{"highlight_end":35,"highlight_start":5,"text":"    pub entity_type: SpawnableType,"}]}]}}
{"reason":"compiler-message","package_id":"path+file:///Users/bradyjeong/Documents/Projects/Amp/gta4/gta_game/gameplay_sim#0.1.0","manifest_path":"/Users/bradyjeong/Documents/Projects/Amp/gta4/gta_game/gameplay_sim/Cargo.toml","target":{"kind":["lib"],"crate_types":["lib"],"name":"gameplay_sim","src_path":"/Users/bradyjeong/Documents/Projects/Amp/gta4/gta_game/gameplay_sim/src/lib.rs","edition":"2021","doc":true,"doctest":true,"test":true},"message":{"rendered":"warning: missing documentation for a variant\n  --> gameplay_sim/src/systems/human_behavior.rs:21:5\n   |\n21 |     Calm,\n   |     ^^^^\n\n","$message_type":"diagnostic","children":[],"code":{"code":"missing_docs","explanation":null},"level":"warning","message":"missing documentation for a variant","spans":[{"byte_end":457,"byte_start":453,"column_end":9,"column_start":5,"expansion":null,"file_name":"gameplay_sim/src/systems/human_behavior.rs","is_primary":true,"label":null,"line_end":21,"line_start":21,"suggested_replacement":null,"suggestion_applicability":null,"text":[{"highlight_end":9,"highlight_start":5,"text":"    Calm,"}]}]}}
{"reason":"compiler-message","package_id":"path+file:///Users/bradyjeong/Documents/Projects/Amp/gta4/gta_game/gameplay_sim#0.1.0","manifest_path":"/Users/bradyjeong/Documents/Projects/Amp/gta4/gta_game/gameplay_sim/Cargo.toml","target":{"kind":["lib"],"crate_types":["lib"],"name":"gameplay_sim","src_path":"/Users/bradyjeong/Documents/Projects/Amp/gta4/gta_game/gameplay_sim/src/lib.rs","edition":"2021","doc":true,"doctest":true,"test":true},"message":{"rendered":"warning: missing documentation for a struct field\n  --> gameplay_sim/src/systems/spawn_validation.rs:62:5\n   |\n62 |     pub entity_id: Entity,\n   |     ^^^^^^^^^^^^^^^^^^^^^\n\n","$message_type":"diagnostic","children":[],"code":{"code":"missing_docs","explanation":null},"level":"warning","message":"missing documentation for a struct field","spans":[{"byte_end":2543,"byte_start":2522,"column_end":26,"column_start":5,"expansion":null,"file_name":"gameplay_sim/src/systems/spawn_validation.rs","is_primary":true,"label":null,"line_end":62,"line_start":62,"suggested_replacement":null,"suggestion_applicability":null,"text":[{"highlight_end":26,"highlight_start":5,"text":"    pub entity_id: Entity,"}]}]}}
{"reason":"compiler-message","package_id":"path+file:///Users/bradyjeong/Documents/Projects/Amp/gta4/gta_game/gameplay_sim#0.1.0","manifest_path":"/Users/bradyjeong/Documents/Projects/Amp/gta4/gta_game/gameplay_sim/Cargo.toml","target":{"kind":["lib"],"crate_types":["lib"],"name":"gameplay_sim","src_path":"/Users/bradyjeong/Documents/Projects/Amp/gta4/gta_game/gameplay_sim/src/lib.rs","edition":"2021","doc":true,"doctest":true,"test":true},"message":{"rendered":"warning: missing documentation for a variant\n  --> gameplay_sim/src/systems/human_behavior.rs:22:5\n   |\n22 |     Excited,\n   |     ^^^^^^^\n\n","$message_type":"diagnostic","children":[],"code":{"code":"missing_docs","explanation":null},"level":"warning","message":"missing documentation for a variant","spans":[{"byte_end":470,"byte_start":463,"column_end":12,"column_start":5,"expansion":null,"file_name":"gameplay_sim/src/systems/human_behavior.rs","is_primary":true,"label":null,"line_end":22,"line_start":22,"suggested_replacement":null,"suggestion_applicability":null,"text":[{"highlight_end":12,"highlight_start":5,"text":"    Excited,"}]}]}}
{"reason":"compiler-message","package_id":"path+file:///Users/bradyjeong/Documents/Projects/Amp/gta4/gta_game/gameplay_sim#0.1.0","manifest_path":"/Users/bradyjeong/Documents/Projects/Amp/gta4/gta_game/gameplay_sim/Cargo.toml","target":{"kind":["lib"],"crate_types":["lib"],"name":"gameplay_sim","src_path":"/Users/bradyjeong/Documents/Projects/Amp/gta4/gta_game/gameplay_sim/src/lib.rs","edition":"2021","doc":true,"doctest":true,"test":true},"message":{"rendered":"warning: missing documentation for a struct field\n  --> gameplay_sim/src/systems/spawn_validation.rs:63:5\n   |\n63 |     pub radius: f32,\n   |     ^^^^^^^^^^^^^^^\n\n","$message_type":"diagnostic","children":[],"code":{"code":"missing_docs","explanation":null},"level":"warning","message":"missing documentation for a struct field","spans":[{"byte_end":2564,"byte_start":2549,"column_end":20,"column_start":5,"expansion":null,"file_name":"gameplay_sim/src/systems/spawn_validation.rs","is_primary":true,"label":null,"line_end":63,"line_start":63,"suggested_replacement":null,"suggestion_applicability":null,"text":[{"highlight_end":20,"highlight_start":5,"text":"    pub radius: f32,"}]}]}}
{"reason":"compiler-message","package_id":"path+file:///Users/bradyjeong/Documents/Projects/Amp/gta4/gta_game/gameplay_sim#0.1.0","manifest_path":"/Users/bradyjeong/Documents/Projects/Amp/gta4/gta_game/gameplay_sim/Cargo.toml","target":{"kind":["lib"],"crate_types":["lib"],"name":"gameplay_sim","src_path":"/Users/bradyjeong/Documents/Projects/Amp/gta4/gta_game/gameplay_sim/src/lib.rs","edition":"2021","doc":true,"doctest":true,"test":true},"message":{"rendered":"warning: missing documentation for a variant\n  --> gameplay_sim/src/systems/human_behavior.rs:23:5\n   |\n23 |     Tired,\n   |     ^^^^^\n\n","$message_type":"diagnostic","children":[],"code":{"code":"missing_docs","explanation":null},"level":"warning","message":"missing documentation for a variant","spans":[{"byte_end":481,"byte_start":476,"column_end":10,"column_start":5,"expansion":null,"file_name":"gameplay_sim/src/systems/human_behavior.rs","is_primary":true,"label":null,"line_end":23,"line_start":23,"suggested_replacement":null,"suggestion_applicability":null,"text":[{"highlight_end":10,"highlight_start":5,"text":"    Tired,"}]}]}}
{"reason":"compiler-message","package_id":"path+file:///Users/bradyjeong/Documents/Projects/Amp/gta4/gta_game/gameplay_sim#0.1.0","manifest_path":"/Users/bradyjeong/Documents/Projects/Amp/gta4/gta_game/gameplay_sim/Cargo.toml","target":{"kind":["lib"],"crate_types":["lib"],"name":"gameplay_sim","src_path":"/Users/bradyjeong/Documents/Projects/Amp/gta4/gta_game/gameplay_sim/src/lib.rs","edition":"2021","doc":true,"doctest":true,"test":true},"message":{"rendered":"warning: missing documentation for a variant\n  --> gameplay_sim/src/systems/human_behavior.rs:24:5\n   |\n24 |     Anxious,\n   |     ^^^^^^^\n\n","$message_type":"diagnostic","children":[],"code":{"code":"missing_docs","explanation":null},"level":"warning","message":"missing documentation for a variant","spans":[{"byte_end":494,"byte_start":487,"column_end":12,"column_start":5,"expansion":null,"file_name":"gameplay_sim/src/systems/human_behavior.rs","is_primary":true,"label":null,"line_end":24,"line_start":24,"suggested_replacement":null,"suggestion_applicability":null,"text":[{"highlight_end":12,"highlight_start":5,"text":"    Anxious,"}]}]}}
{"reason":"compiler-message","package_id":"path+file:///Users/bradyjeong/Documents/Projects/Amp/gta4/gta_game/gameplay_sim#0.1.0","manifest_path":"/Users/bradyjeong/Documents/Projects/Amp/gta4/gta_game/gameplay_sim/Cargo.toml","target":{"kind":["lib"],"crate_types":["lib"],"name":"gameplay_sim","src_path":"/Users/bradyjeong/Documents/Projects/Amp/gta4/gta_game/gameplay_sim/src/lib.rs","edition":"2021","doc":true,"doctest":true,"test":true},"message":{"rendered":"warning: missing documentation for a variant\n  --> gameplay_sim/src/systems/human_behavior.rs:25:5\n   |\n25 |     Confident,\n   |     ^^^^^^^^^\n\n","$message_type":"diagnostic","children":[],"code":{"code":"missing_docs","explanation":null},"level":"warning","message":"missing documentation for a variant","spans":[{"byte_end":509,"byte_start":500,"column_end":14,"column_start":5,"expansion":null,"file_name":"gameplay_sim/src/systems/human_behavior.rs","is_primary":true,"label":null,"line_end":25,"line_start":25,"suggested_replacement":null,"suggestion_applicability":null,"text":[{"highlight_end":14,"highlight_start":5,"text":"    Confident,"}]}]}}
{"reason":"compiler-message","package_id":"path+file:///Users/bradyjeong/Documents/Projects/Amp/gta4/gta_game/gameplay_sim#0.1.0","manifest_path":"/Users/bradyjeong/Documents/Projects/Amp/gta4/gta_game/gameplay_sim/Cargo.toml","target":{"kind":["lib"],"crate_types":["lib"],"name":"gameplay_sim","src_path":"/Users/bradyjeong/Documents/Projects/Amp/gta4/gta_game/gameplay_sim/src/lib.rs","edition":"2021","doc":true,"doctest":true,"test":true},"message":{"rendered":"warning: missing documentation for an associated function\n   --> gameplay_sim/src/systems/spawn_validation.rs:129:5\n    |\n129 |     pub fn new() -> Self {\n    |     ^^^^^^^^^^^^^^^^^^^^\n\n","$message_type":"diagnostic","children":[],"code":{"code":"missing_docs","explanation":null},"level":"warning","message":"missing documentation for an associated function","spans":[{"byte_end":4658,"byte_start":4638,"column_end":25,"column_start":5,"expansion":null,"file_name":"gameplay_sim/src/systems/spawn_validation.rs","is_primary":true,"label":null,"line_end":129,"line_start":129,"suggested_replacement":null,"suggestion_applicability":null,"text":[{"highlight_end":25,"highlight_start":5,"text":"    pub fn new() -> Self {"}]}]}}
{"reason":"compiler-message","package_id":"path+file:///Users/bradyjeong/Documents/Projects/Amp/gta4/gta_game/gameplay_sim#0.1.0","manifest_path":"/Users/bradyjeong/Documents/Projects/Amp/gta4/gta_game/gameplay_sim/Cargo.toml","target":{"kind":["lib"],"crate_types":["lib"],"name":"gameplay_sim","src_path":"/Users/bradyjeong/Documents/Projects/Amp/gta4/gta_game/gameplay_sim/src/lib.rs","edition":"2021","doc":true,"doctest":true,"test":true},"message":{"rendered":"warning: missing documentation for a module\n  --> gameplay_sim/src/systems/input/mod.rs:14:1\n   |\n14 | pub mod vehicle_control_config;\n   | ^^^^^^^^^^^^^^^^^^^^^^^^^^^^^^\n\n","$message_type":"diagnostic","children":[],"code":{"code":"missing_docs","explanation":null},"level":"warning","message":"missing documentation for a module","spans":[{"byte_end":610,"byte_start":580,"column_end":31,"column_start":1,"expansion":null,"file_name":"gameplay_sim/src/systems/input/mod.rs","is_primary":true,"label":null,"line_end":14,"line_start":14,"suggested_replacement":null,"suggestion_applicability":null,"text":[{"highlight_end":31,"highlight_start":1,"text":"pub mod vehicle_control_config;"}]}]}}
{"reason":"compiler-message","package_id":"path+file:///Users/bradyjeong/Documents/Projects/Amp/gta4/gta_game/gameplay_sim#0.1.0","manifest_path":"/Users/bradyjeong/Documents/Projects/Amp/gta4/gta_game/gameplay_sim/Cargo.toml","target":{"kind":["lib"],"crate_types":["lib"],"name":"gameplay_sim","src_path":"/Users/bradyjeong/Documents/Projects/Amp/gta4/gta_game/gameplay_sim/src/lib.rs","edition":"2021","doc":true,"doctest":true,"test":true},"message":{"rendered":"warning: missing documentation for an enum\n  --> gameplay_sim/src/systems/input/input_config.rs:17:1\n   |\n17 | pub enum InputAction {\n   | ^^^^^^^^^^^^^^^^^^^^\n\n","$message_type":"diagnostic","children":[],"code":{"code":"missing_docs","explanation":null},"level":"warning","message":"missing documentation for an enum","spans":[{"byte_end":693,"byte_start":673,"column_end":21,"column_start":1,"expansion":null,"file_name":"gameplay_sim/src/systems/input/input_config.rs","is_primary":true,"label":null,"line_end":17,"line_start":17,"suggested_replacement":null,"suggestion_applicability":null,"text":[{"highlight_end":21,"highlight_start":1,"text":"pub enum InputAction {"}]}]}}
{"reason":"compiler-message","package_id":"path+file:///Users/bradyjeong/Documents/Projects/Amp/gta4/gta_game/gameplay_sim#0.1.0","manifest_path":"/Users/bradyjeong/Documents/Projects/Amp/gta4/gta_game/gameplay_sim/Cargo.toml","target":{"kind":["lib"],"crate_types":["lib"],"name":"gameplay_sim","src_path":"/Users/bradyjeong/Documents/Projects/Amp/gta4/gta_game/gameplay_sim/src/lib.rs","edition":"2021","doc":true,"doctest":true,"test":true},"message":{"rendered":"warning: missing documentation for a variant\n  --> gameplay_sim/src/systems/input/input_config.rs:19:5\n   |\n19 |     Forward,\n   |     ^^^^^^^\n\n","$message_type":"diagnostic","children":[],"code":{"code":"missing_docs","explanation":null},"level":"warning","message":"missing documentation for a variant","spans":[{"byte_end":731,"byte_start":724,"column_end":12,"column_start":5,"expansion":null,"file_name":"gameplay_sim/src/systems/input/input_config.rs","is_primary":true,"label":null,"line_end":19,"line_start":19,"suggested_replacement":null,"suggestion_applicability":null,"text":[{"highlight_end":12,"highlight_start":5,"text":"    Forward,"}]}]}}
{"reason":"compiler-message","package_id":"path+file:///Users/bradyjeong/Documents/Projects/Amp/gta4/gta_game/gameplay_sim#0.1.0","manifest_path":"/Users/bradyjeong/Documents/Projects/Amp/gta4/gta_game/gameplay_sim/Cargo.toml","target":{"kind":["lib"],"crate_types":["lib"],"name":"gameplay_sim","src_path":"/Users/bradyjeong/Documents/Projects/Amp/gta4/gta_game/gameplay_sim/src/lib.rs","edition":"2021","doc":true,"doctest":true,"test":true},"message":{"rendered":"warning: missing documentation for a variant\n  --> gameplay_sim/src/systems/input/input_config.rs:20:5\n   |\n20 |     Backward,\n   |     ^^^^^^^^\n\n","$message_type":"diagnostic","children":[],"code":{"code":"missing_docs","explanation":null},"level":"warning","message":"missing documentation for a variant","spans":[{"byte_end":745,"byte_start":737,"column_end":13,"column_start":5,"expansion":null,"file_name":"gameplay_sim/src/systems/input/input_config.rs","is_primary":true,"label":null,"line_end":20,"line_start":20,"suggested_replacement":null,"suggestion_applicability":null,"text":[{"highlight_end":13,"highlight_start":5,"text":"    Backward,"}]}]}}
{"reason":"compiler-message","package_id":"path+file:///Users/bradyjeong/Documents/Projects/Amp/gta4/gta_game/gameplay_sim#0.1.0","manifest_path":"/Users/bradyjeong/Documents/Projects/Amp/gta4/gta_game/gameplay_sim/Cargo.toml","target":{"kind":["lib"],"crate_types":["lib"],"name":"gameplay_sim","src_path":"/Users/bradyjeong/Documents/Projects/Amp/gta4/gta_game/gameplay_sim/src/lib.rs","edition":"2021","doc":true,"doctest":true,"test":true},"message":{"rendered":"warning: missing documentation for a variant\n  --> gameplay_sim/src/systems/input/input_config.rs:21:5\n   |\n21 |     TurnLeft,\n   |     ^^^^^^^^\n\n","$message_type":"diagnostic","children":[],"code":{"code":"missing_docs","explanation":null},"level":"warning","message":"missing documentation for a variant","spans":[{"byte_end":759,"byte_start":751,"column_end":13,"column_start":5,"expansion":null,"file_name":"gameplay_sim/src/systems/input/input_config.rs","is_primary":true,"label":null,"line_end":21,"line_start":21,"suggested_replacement":null,"suggestion_applicability":null,"text":[{"highlight_end":13,"highlight_start":5,"text":"    TurnLeft,"}]}]}}
{"reason":"compiler-message","package_id":"path+file:///Users/bradyjeong/Documents/Projects/Amp/gta4/gta_game/gameplay_sim#0.1.0","manifest_path":"/Users/bradyjeong/Documents/Projects/Amp/gta4/gta_game/gameplay_sim/Cargo.toml","target":{"kind":["lib"],"crate_types":["lib"],"name":"gameplay_sim","src_path":"/Users/bradyjeong/Documents/Projects/Amp/gta4/gta_game/gameplay_sim/src/lib.rs","edition":"2021","doc":true,"doctest":true,"test":true},"message":{"rendered":"warning: missing documentation for a variant\n  --> gameplay_sim/src/systems/input/input_config.rs:22:5\n   |\n22 |     TurnRight,\n   |     ^^^^^^^^^\n\n","$message_type":"diagnostic","children":[],"code":{"code":"missing_docs","explanation":null},"level":"warning","message":"missing documentation for a variant","spans":[{"byte_end":774,"byte_start":765,"column_end":14,"column_start":5,"expansion":null,"file_name":"gameplay_sim/src/systems/input/input_config.rs","is_primary":true,"label":null,"line_end":22,"line_start":22,"suggested_replacement":null,"suggestion_applicability":null,"text":[{"highlight_end":14,"highlight_start":5,"text":"    TurnRight,"}]}]}}
{"reason":"compiler-message","package_id":"path+file:///Users/bradyjeong/Documents/Projects/Amp/gta4/gta_game/gameplay_sim#0.1.0","manifest_path":"/Users/bradyjeong/Documents/Projects/Amp/gta4/gta_game/gameplay_sim/Cargo.toml","target":{"kind":["lib"],"crate_types":["lib"],"name":"gameplay_sim","src_path":"/Users/bradyjeong/Documents/Projects/Amp/gta4/gta_game/gameplay_sim/src/lib.rs","edition":"2021","doc":true,"doctest":true,"test":true},"message":{"rendered":"warning: missing documentation for a variant\n  --> gameplay_sim/src/systems/input/input_config.rs:25:5\n   |\n25 |     VerticalUp,\n   |     ^^^^^^^^^^\n\n","$message_type":"diagnostic","children":[],"code":{"code":"missing_docs","explanation":null},"level":"warning","message":"missing documentation for a variant","spans":[{"byte_end":838,"byte_start":828,"column_end":15,"column_start":5,"expansion":null,"file_name":"gameplay_sim/src/systems/input/input_config.rs","is_primary":true,"label":null,"line_end":25,"line_start":25,"suggested_replacement":null,"suggestion_applicability":null,"text":[{"highlight_end":15,"highlight_start":5,"text":"    VerticalUp,"}]}]}}
{"reason":"compiler-message","package_id":"path+file:///Users/bradyjeong/Documents/Projects/Amp/gta4/gta_game/gameplay_sim#0.1.0","manifest_path":"/Users/bradyjeong/Documents/Projects/Amp/gta4/gta_game/gameplay_sim/Cargo.toml","target":{"kind":["lib"],"crate_types":["lib"],"name":"gameplay_sim","src_path":"/Users/bradyjeong/Documents/Projects/Amp/gta4/gta_game/gameplay_sim/src/lib.rs","edition":"2021","doc":true,"doctest":true,"test":true},"message":{"rendered":"warning: missing documentation for a variant\n  --> gameplay_sim/src/systems/input/input_config.rs:26:5\n   |\n26 |     VerticalDown,\n   |     ^^^^^^^^^^^^\n\n","$message_type":"diagnostic","children":[],"code":{"code":"missing_docs","explanation":null},"level":"warning","message":"missing documentation for a variant","spans":[{"byte_end":856,"byte_start":844,"column_end":17,"column_start":5,"expansion":null,"file_name":"gameplay_sim/src/systems/input/input_config.rs","is_primary":true,"label":null,"line_end":26,"line_start":26,"suggested_replacement":null,"suggestion_applicability":null,"text":[{"highlight_end":17,"highlight_start":5,"text":"    VerticalDown,"}]}]}}
{"reason":"compiler-message","package_id":"path+file:///Users/bradyjeong/Documents/Projects/Amp/gta4/gta_game/gameplay_sim#0.1.0","manifest_path":"/Users/bradyjeong/Documents/Projects/Amp/gta4/gta_game/gameplay_sim/Cargo.toml","target":{"kind":["lib"],"crate_types":["lib"],"name":"gameplay_sim","src_path":"/Users/bradyjeong/Documents/Projects/Amp/gta4/gta_game/gameplay_sim/src/lib.rs","edition":"2021","doc":true,"doctest":true,"test":true},"message":{"rendered":"warning: missing documentation for a variant\n  --> gameplay_sim/src/systems/input/input_config.rs:28:5\n   |\n28 |     PitchUp,\n   |     ^^^^^^^\n\n","$message_type":"diagnostic","children":[],"code":{"code":"missing_docs","explanation":null},"level":"warning","message":"missing documentation for a variant","spans":[{"byte_end":889,"byte_start":882,"column_end":12,"column_start":5,"expansion":null,"file_name":"gameplay_sim/src/systems/input/input_config.rs","is_primary":true,"label":null,"line_end":28,"line_start":28,"suggested_replacement":null,"suggestion_applicability":null,"text":[{"highlight_end":12,"highlight_start":5,"text":"    PitchUp,"}]}]}}
{"reason":"compiler-message","package_id":"path+file:///Users/bradyjeong/Documents/Projects/Amp/gta4/gta_game/gameplay_sim#0.1.0","manifest_path":"/Users/bradyjeong/Documents/Projects/Amp/gta4/gta_game/gameplay_sim/Cargo.toml","target":{"kind":["lib"],"crate_types":["lib"],"name":"gameplay_sim","src_path":"/Users/bradyjeong/Documents/Projects/Amp/gta4/gta_game/gameplay_sim/src/lib.rs","edition":"2021","doc":true,"doctest":true,"test":true},"message":{"rendered":"warning: missing documentation for a variant\n  --> gameplay_sim/src/systems/input/input_config.rs:29:5\n   |\n29 |     PitchDown,\n   |     ^^^^^^^^^\n\n","$message_type":"diagnostic","children":[],"code":{"code":"missing_docs","explanation":null},"level":"warning","message":"missing documentation for a variant","spans":[{"byte_end":904,"byte_start":895,"column_end":14,"column_start":5,"expansion":null,"file_name":"gameplay_sim/src/systems/input/input_config.rs","is_primary":true,"label":null,"line_end":29,"line_start":29,"suggested_replacement":null,"suggestion_applicability":null,"text":[{"highlight_end":14,"highlight_start":5,"text":"    PitchDown,"}]}]}}
{"reason":"compiler-message","package_id":"path+file:///Users/bradyjeong/Documents/Projects/Amp/gta4/gta_game/gameplay_sim#0.1.0","manifest_path":"/Users/bradyjeong/Documents/Projects/Amp/gta4/gta_game/gameplay_sim/Cargo.toml","target":{"kind":["lib"],"crate_types":["lib"],"name":"gameplay_sim","src_path":"/Users/bradyjeong/Documents/Projects/Amp/gta4/gta_game/gameplay_sim/src/lib.rs","edition":"2021","doc":true,"doctest":true,"test":true},"message":{"rendered":"warning: missing documentation for a variant\n  --> gameplay_sim/src/systems/input/input_config.rs:30:5\n   |\n30 |     RollLeft,\n   |     ^^^^^^^^\n\n","$message_type":"diagnostic","children":[],"code":{"code":"missing_docs","explanation":null},"level":"warning","message":"missing documentation for a variant","spans":[{"byte_end":918,"byte_start":910,"column_end":13,"column_start":5,"expansion":null,"file_name":"gameplay_sim/src/systems/input/input_config.rs","is_primary":true,"label":null,"line_end":30,"line_start":30,"suggested_replacement":null,"suggestion_applicability":null,"text":[{"highlight_end":13,"highlight_start":5,"text":"    RollLeft,"}]}]}}
{"reason":"compiler-message","package_id":"path+file:///Users/bradyjeong/Documents/Projects/Amp/gta4/gta_game/gameplay_sim#0.1.0","manifest_path":"/Users/bradyjeong/Documents/Projects/Amp/gta4/gta_game/gameplay_sim/Cargo.toml","target":{"kind":["lib"],"crate_types":["lib"],"name":"gameplay_sim","src_path":"/Users/bradyjeong/Documents/Projects/Amp/gta4/gta_game/gameplay_sim/src/lib.rs","edition":"2021","doc":true,"doctest":true,"test":true},"message":{"rendered":"warning: missing documentation for a variant\n  --> gameplay_sim/src/systems/input/input_config.rs:31:5\n   |\n31 |     RollRight,\n   |     ^^^^^^^^^\n\n","$message_type":"diagnostic","children":[],"code":{"code":"missing_docs","explanation":null},"level":"warning","message":"missing documentation for a variant","spans":[{"byte_end":933,"byte_start":924,"column_end":14,"column_start":5,"expansion":null,"file_name":"gameplay_sim/src/systems/input/input_config.rs","is_primary":true,"label":null,"line_end":31,"line_start":31,"suggested_replacement":null,"suggestion_applicability":null,"text":[{"highlight_end":14,"highlight_start":5,"text":"    RollRight,"}]}]}}
{"reason":"compiler-message","package_id":"path+file:///Users/bradyjeong/Documents/Projects/Amp/gta4/gta_game/gameplay_sim#0.1.0","manifest_path":"/Users/bradyjeong/Documents/Projects/Amp/gta4/gta_game/gameplay_sim/Cargo.toml","target":{"kind":["lib"],"crate_types":["lib"],"name":"gameplay_sim","src_path":"/Users/bradyjeong/Documents/Projects/Amp/gta4/gta_game/gameplay_sim/src/lib.rs","edition":"2021","doc":true,"doctest":true,"test":true},"message":{"rendered":"warning: missing documentation for a variant\n  --> gameplay_sim/src/systems/input/input_config.rs:32:5\n   |\n32 |     YawLeft,\n   |     ^^^^^^^\n\n","$message_type":"diagnostic","children":[],"code":{"code":"missing_docs","explanation":null},"level":"warning","message":"missing documentation for a variant","spans":[{"byte_end":946,"byte_start":939,"column_end":12,"column_start":5,"expansion":null,"file_name":"gameplay_sim/src/systems/input/input_config.rs","is_primary":true,"label":null,"line_end":32,"line_start":32,"suggested_replacement":null,"suggestion_applicability":null,"text":[{"highlight_end":12,"highlight_start":5,"text":"    YawLeft,"}]}]}}
{"reason":"compiler-message","package_id":"path+file:///Users/bradyjeong/Documents/Projects/Amp/gta4/gta_game/gameplay_sim#0.1.0","manifest_path":"/Users/bradyjeong/Documents/Projects/Amp/gta4/gta_game/gameplay_sim/Cargo.toml","target":{"kind":["lib"],"crate_types":["lib"],"name":"gameplay_sim","src_path":"/Users/bradyjeong/Documents/Projects/Amp/gta4/gta_game/gameplay_sim/src/lib.rs","edition":"2021","doc":true,"doctest":true,"test":true},"message":{"rendered":"warning: missing documentation for a variant\n  --> gameplay_sim/src/systems/input/input_config.rs:33:5\n   |\n33 |     YawRight,\n   |     ^^^^^^^^\n\n","$message_type":"diagnostic","children":[],"code":{"code":"missing_docs","explanation":null},"level":"warning","message":"missing documentation for a variant","spans":[{"byte_end":960,"byte_start":952,"column_end":13,"column_start":5,"expansion":null,"file_name":"gameplay_sim/src/systems/input/input_config.rs","is_primary":true,"label":null,"line_end":33,"line_start":33,"suggested_replacement":null,"suggestion_applicability":null,"text":[{"highlight_end":13,"highlight_start":5,"text":"    YawRight,"}]}]}}
{"reason":"compiler-message","package_id":"path+file:///Users/bradyjeong/Documents/Projects/Amp/gta4/gta_game/gameplay_sim#0.1.0","manifest_path":"/Users/bradyjeong/Documents/Projects/Amp/gta4/gta_game/gameplay_sim/Cargo.toml","target":{"kind":["lib"],"crate_types":["lib"],"name":"gameplay_sim","src_path":"/Users/bradyjeong/Documents/Projects/Amp/gta4/gta_game/gameplay_sim/src/lib.rs","edition":"2021","doc":true,"doctest":true,"test":true},"message":{"rendered":"warning: missing documentation for a variant\n  --> gameplay_sim/src/systems/input/input_config.rs:35:5\n   |\n35 |     Run,\n   |     ^^^\n\n","$message_type":"diagnostic","children":[],"code":{"code":"missing_docs","explanation":null},"level":"warning","message":"missing documentation for a variant","spans":[{"byte_end":986,"byte_start":983,"column_end":8,"column_start":5,"expansion":null,"file_name":"gameplay_sim/src/systems/input/input_config.rs","is_primary":true,"label":null,"line_end":35,"line_start":35,"suggested_replacement":null,"suggestion_applicability":null,"text":[{"highlight_end":8,"highlight_start":5,"text":"    Run,"}]}]}}
{"reason":"compiler-message","package_id":"path+file:///Users/bradyjeong/Documents/Projects/Amp/gta4/gta_game/gameplay_sim#0.1.0","manifest_path":"/Users/bradyjeong/Documents/Projects/Amp/gta4/gta_game/gameplay_sim/Cargo.toml","target":{"kind":["lib"],"crate_types":["lib"],"name":"gameplay_sim","src_path":"/Users/bradyjeong/Documents/Projects/Amp/gta4/gta_game/gameplay_sim/src/lib.rs","edition":"2021","doc":true,"doctest":true,"test":true},"message":{"rendered":"warning: missing documentation for a struct field\n  --> gameplay_sim/src/systems/unified_distance_calculator.rs:32:5\n   |\n32 |     pub distance: f32,\n   |     ^^^^^^^^^^^^^^^^^\n\n","$message_type":"diagnostic","children":[],"code":{"code":"missing_docs","explanation":null},"level":"warning","message":"missing documentation for a struct field","spans":[{"byte_end":946,"byte_start":929,"column_end":22,"column_start":5,"expansion":null,"file_name":"gameplay_sim/src/systems/unified_distance_calculator.rs","is_primary":true,"label":null,"line_end":32,"line_start":32,"suggested_replacement":null,"suggestion_applicability":null,"text":[{"highlight_end":22,"highlight_start":5,"text":"    pub distance: f32,"}]}]}}
{"reason":"compiler-message","package_id":"path+file:///Users/bradyjeong/Documents/Projects/Amp/gta4/gta_game/gameplay_sim#0.1.0","manifest_path":"/Users/bradyjeong/Documents/Projects/Amp/gta4/gta_game/gameplay_sim/Cargo.toml","target":{"kind":["lib"],"crate_types":["lib"],"name":"gameplay_sim","src_path":"/Users/bradyjeong/Documents/Projects/Amp/gta4/gta_game/gameplay_sim/src/lib.rs","edition":"2021","doc":true,"doctest":true,"test":true},"message":{"rendered":"warning: missing documentation for a variant\n  --> gameplay_sim/src/systems/input/input_config.rs:36:5\n   |\n36 |     Turbo,\n   |     ^^^^^\n\n","$message_type":"diagnostic","children":[],"code":{"code":"missing_docs","explanation":null},"level":"warning","message":"missing documentation for a variant","spans":[{"byte_end":997,"byte_start":992,"column_end":10,"column_start":5,"expansion":null,"file_name":"gameplay_sim/src/systems/input/input_config.rs","is_primary":true,"label":null,"line_end":36,"line_start":36,"suggested_replacement":null,"suggestion_applicability":null,"text":[{"highlight_end":10,"highlight_start":5,"text":"    Turbo,"}]}]}}
{"reason":"compiler-message","package_id":"path+file:///Users/bradyjeong/Documents/Projects/Amp/gta4/gta_game/gameplay_sim#0.1.0","manifest_path":"/Users/bradyjeong/Documents/Projects/Amp/gta4/gta_game/gameplay_sim/Cargo.toml","target":{"kind":["lib"],"crate_types":["lib"],"name":"gameplay_sim","src_path":"/Users/bradyjeong/Documents/Projects/Amp/gta4/gta_game/gameplay_sim/src/lib.rs","edition":"2021","doc":true,"doctest":true,"test":true},"message":{"rendered":"warning: missing documentation for a struct field\n  --> gameplay_sim/src/systems/unified_distance_calculator.rs:33:5\n   |\n33 |     pub distance_squared: f32,\n   |     ^^^^^^^^^^^^^^^^^^^^^^^^^\n\n","$message_type":"diagnostic","children":[],"code":{"code":"missing_docs","explanation":null},"level":"warning","message":"missing documentation for a struct field","spans":[{"byte_end":977,"byte_start":952,"column_end":30,"column_start":5,"expansion":null,"file_name":"gameplay_sim/src/systems/unified_distance_calculator.rs","is_primary":true,"label":null,"line_end":33,"line_start":33,"suggested_replacement":null,"suggestion_applicability":null,"text":[{"highlight_end":30,"highlight_start":5,"text":"    pub distance_squared: f32,"}]}]}}
{"reason":"compiler-message","package_id":"path+file:///Users/bradyjeong/Documents/Projects/Amp/gta4/gta_game/gameplay_sim#0.1.0","manifest_path":"/Users/bradyjeong/Documents/Projects/Amp/gta4/gta_game/gameplay_sim/Cargo.toml","target":{"kind":["lib"],"crate_types":["lib"],"name":"gameplay_sim","src_path":"/Users/bradyjeong/Documents/Projects/Amp/gta4/gta_game/gameplay_sim/src/lib.rs","edition":"2021","doc":true,"doctest":true,"test":true},"message":{"rendered":"warning: missing documentation for a variant\n  --> gameplay_sim/src/systems/input/input_config.rs:37:5\n   |\n37 |     Afterburner,\n   |     ^^^^^^^^^^^\n\n","$message_type":"diagnostic","children":[],"code":{"code":"missing_docs","explanation":null},"level":"warning","message":"missing documentation for a variant","spans":[{"byte_end":1014,"byte_start":1003,"column_end":16,"column_start":5,"expansion":null,"file_name":"gameplay_sim/src/systems/input/input_config.rs","is_primary":true,"label":null,"line_end":37,"line_start":37,"suggested_replacement":null,"suggestion_applicability":null,"text":[{"highlight_end":16,"highlight_start":5,"text":"    Afterburner,"}]}]}}
{"reason":"compiler-message","package_id":"path+file:///Users/bradyjeong/Documents/Projects/Amp/gta4/gta_game/gameplay_sim#0.1.0","manifest_path":"/Users/bradyjeong/Documents/Projects/Amp/gta4/gta_game/gameplay_sim/Cargo.toml","target":{"kind":["lib"],"crate_types":["lib"],"name":"gameplay_sim","src_path":"/Users/bradyjeong/Documents/Projects/Amp/gta4/gta_game/gameplay_sim/src/lib.rs","edition":"2021","doc":true,"doctest":true,"test":true},"message":{"rendered":"warning: missing documentation for a variant\n  --> gameplay_sim/src/systems/input/input_config.rs:39:5\n   |\n39 |     Interact,\n   |     ^^^^^^^^\n\n","$message_type":"diagnostic","children":[],"code":{"code":"missing_docs","explanation":null},"level":"warning","message":"missing documentation for a variant","spans":[{"byte_end":1047,"byte_start":1039,"column_end":13,"column_start":5,"expansion":null,"file_name":"gameplay_sim/src/systems/input/input_config.rs","is_primary":true,"label":null,"line_end":39,"line_start":39,"suggested_replacement":null,"suggestion_applicability":null,"text":[{"highlight_end":13,"highlight_start":5,"text":"    Interact,"}]}]}}
{"reason":"compiler-message","package_id":"path+file:///Users/bradyjeong/Documents/Projects/Amp/gta4/gta_game/gameplay_sim#0.1.0","manifest_path":"/Users/bradyjeong/Documents/Projects/Amp/gta4/gta_game/gameplay_sim/Cargo.toml","target":{"kind":["lib"],"crate_types":["lib"],"name":"gameplay_sim","src_path":"/Users/bradyjeong/Documents/Projects/Amp/gta4/gta_game/gameplay_sim/src/lib.rs","edition":"2021","doc":true,"doctest":true,"test":true},"message":{"rendered":"warning: missing documentation for a variant\n  --> gameplay_sim/src/systems/input/input_config.rs:41:5\n   |\n41 |     DebugInfo,\n   |     ^^^^^^^^^\n\n","$message_type":"diagnostic","children":[],"code":{"code":"missing_docs","explanation":null},"level":"warning","message":"missing documentation for a variant","spans":[{"byte_end":1075,"byte_start":1066,"column_end":14,"column_start":5,"expansion":null,"file_name":"gameplay_sim/src/systems/input/input_config.rs","is_primary":true,"label":null,"line_end":41,"line_start":41,"suggested_replacement":null,"suggestion_applicability":null,"text":[{"highlight_end":14,"highlight_start":5,"text":"    DebugInfo,"}]}]}}
{"reason":"compiler-message","package_id":"path+file:///Users/bradyjeong/Documents/Projects/Amp/gta4/gta_game/gameplay_sim#0.1.0","manifest_path":"/Users/bradyjeong/Documents/Projects/Amp/gta4/gta_game/gameplay_sim/Cargo.toml","target":{"kind":["lib"],"crate_types":["lib"],"name":"gameplay_sim","src_path":"/Users/bradyjeong/Documents/Projects/Amp/gta4/gta_game/gameplay_sim/src/lib.rs","edition":"2021","doc":true,"doctest":true,"test":true},"message":{"rendered":"warning: missing documentation for a variant\n  --> gameplay_sim/src/systems/input/input_config.rs:42:5\n   |\n42 |     EmergencyReset,\n   |     ^^^^^^^^^^^^^^\n\n","$message_type":"diagnostic","children":[],"code":{"code":"missing_docs","explanation":null},"level":"warning","message":"missing documentation for a variant","spans":[{"byte_end":1095,"byte_start":1081,"column_end":19,"column_start":5,"expansion":null,"file_name":"gameplay_sim/src/systems/input/input_config.rs","is_primary":true,"label":null,"line_end":42,"line_start":42,"suggested_replacement":null,"suggestion_applicability":null,"text":[{"highlight_end":19,"highlight_start":5,"text":"    EmergencyReset,"}]}]}}
{"reason":"compiler-message","package_id":"path+file:///Users/bradyjeong/Documents/Projects/Amp/gta4/gta_game/gameplay_sim#0.1.0","manifest_path":"/Users/bradyjeong/Documents/Projects/Amp/gta4/gta_game/gameplay_sim/Cargo.toml","target":{"kind":["lib"],"crate_types":["lib"],"name":"gameplay_sim","src_path":"/Users/bradyjeong/Documents/Projects/Amp/gta4/gta_game/gameplay_sim/src/lib.rs","edition":"2021","doc":true,"doctest":true,"test":true},"message":{"rendered":"warning: missing documentation for a struct\n  --> gameplay_sim/src/systems/input/input_config.rs:45:1\n   |\n45 | pub struct InputConfig {\n   | ^^^^^^^^^^^^^^^^^^^^^^\n\n","$message_type":"diagnostic","children":[],"code":{"code":"missing_docs","explanation":null},"level":"warning","message":"missing documentation for a struct","spans":[{"byte_end":1155,"byte_start":1133,"column_end":23,"column_start":1,"expansion":null,"file_name":"gameplay_sim/src/systems/input/input_config.rs","is_primary":true,"label":null,"line_end":45,"line_start":45,"suggested_replacement":null,"suggestion_applicability":null,"text":[{"highlight_end":23,"highlight_start":1,"text":"pub struct InputConfig {"}]}]}}
{"reason":"compiler-message","package_id":"path+file:///Users/bradyjeong/Documents/Projects/Amp/gta4/gta_game/gameplay_sim#0.1.0","manifest_path":"/Users/bradyjeong/Documents/Projects/Amp/gta4/gta_game/gameplay_sim/Cargo.toml","target":{"kind":["lib"],"crate_types":["lib"],"name":"gameplay_sim","src_path":"/Users/bradyjeong/Documents/Projects/Amp/gta4/gta_game/gameplay_sim/src/lib.rs","edition":"2021","doc":true,"doctest":true,"test":true},"message":{"rendered":"warning: missing documentation for a struct field\n   --> gameplay_sim/src/systems/unified_distance_calculator.rs:151:5\n    |\n151 |     pub batch_count: u32,\n    |     ^^^^^^^^^^^^^^^^^^^^\n\n","$message_type":"diagnostic","children":[],"code":{"code":"missing_docs","explanation":null},"level":"warning","message":"missing documentation for a struct field","spans":[{"byte_end":5121,"byte_start":5101,"column_end":25,"column_start":5,"expansion":null,"file_name":"gameplay_sim/src/systems/unified_distance_calculator.rs","is_primary":true,"label":null,"line_end":151,"line_start":151,"suggested_replacement":null,"suggestion_applicability":null,"text":[{"highlight_end":25,"highlight_start":5,"text":"    pub batch_count: u32,"}]}]}}
{"reason":"compiler-message","package_id":"path+file:///Users/bradyjeong/Documents/Projects/Amp/gta4/gta_game/gameplay_sim#0.1.0","manifest_path":"/Users/bradyjeong/Documents/Projects/Amp/gta4/gta_game/gameplay_sim/Cargo.toml","target":{"kind":["lib"],"crate_types":["lib"],"name":"gameplay_sim","src_path":"/Users/bradyjeong/Documents/Projects/Amp/gta4/gta_game/gameplay_sim/src/lib.rs","edition":"2021","doc":true,"doctest":true,"test":true},"message":{"rendered":"warning: missing documentation for a method\n   --> gameplay_sim/src/systems/input/input_config.rs:117:5\n    |\n117 |     pub fn get_key_for_action(&self, state: &GameState, action: InputAction) -> Option<KeyCode> {\n    |     ^^^^^^^^^^^^^^^^^^^^^^^^^^^^^^^^^^^^^^^^^^^^^^^^^^^^^^^^^^^^^^^^^^^^^^^^^^^^^^^^^^^^^^^^^^^\n\n","$message_type":"diagnostic","children":[],"code":{"code":"missing_docs","explanation":null},"level":"warning","message":"missing documentation for a method","spans":[{"byte_end":5363,"byte_start":5272,"column_end":96,"column_start":5,"expansion":null,"file_name":"gameplay_sim/src/systems/input/input_config.rs","is_primary":true,"label":null,"line_end":117,"line_start":117,"suggested_replacement":null,"suggestion_applicability":null,"text":[{"highlight_end":96,"highlight_start":5,"text":"    pub fn get_key_for_action(&self, state: &GameState, action: InputAction) -> Option<KeyCode> {"}]}]}}
{"reason":"compiler-message","package_id":"path+file:///Users/bradyjeong/Documents/Projects/Amp/gta4/gta_game/gameplay_sim#0.1.0","manifest_path":"/Users/bradyjeong/Documents/Projects/Amp/gta4/gta_game/gameplay_sim/Cargo.toml","target":{"kind":["lib"],"crate_types":["lib"],"name":"gameplay_sim","src_path":"/Users/bradyjeong/Documents/Projects/Amp/gta4/gta_game/gameplay_sim/src/lib.rs","edition":"2021","doc":true,"doctest":true,"test":true},"message":{"rendered":"warning: missing documentation for a struct field\n   --> gameplay_sim/src/systems/unified_distance_calculator.rs:152:5\n    |\n152 |     pub individual_count: u32,\n    |     ^^^^^^^^^^^^^^^^^^^^^^^^^\n\n","$message_type":"diagnostic","children":[],"code":{"code":"missing_docs","explanation":null},"level":"warning","message":"missing documentation for a struct field","spans":[{"byte_end":5152,"byte_start":5127,"column_end":30,"column_start":5,"expansion":null,"file_name":"gameplay_sim/src/systems/unified_distance_calculator.rs","is_primary":true,"label":null,"line_end":152,"line_start":152,"suggested_replacement":null,"suggestion_applicability":null,"text":[{"highlight_end":30,"highlight_start":5,"text":"    pub individual_count: u32,"}]}]}}
{"reason":"compiler-message","package_id":"path+file:///Users/bradyjeong/Documents/Projects/Amp/gta4/gta_game/gameplay_sim#0.1.0","manifest_path":"/Users/bradyjeong/Documents/Projects/Amp/gta4/gta_game/gameplay_sim/Cargo.toml","target":{"kind":["lib"],"crate_types":["lib"],"name":"gameplay_sim","src_path":"/Users/bradyjeong/Documents/Projects/Amp/gta4/gta_game/gameplay_sim/src/lib.rs","edition":"2021","doc":true,"doctest":true,"test":true},"message":{"rendered":"warning: missing documentation for a method\n   --> gameplay_sim/src/systems/input/input_config.rs:124:5\n    |\n124 |     pub fn set_key_for_action(&mut self, state: GameState, action: InputAction, key: KeyCode) -> Result<(), String> {\n    |     ^^^^^^^^^^^^^^^^^^^^^^^^^^^^^^^^^^^^^^^^^^^^^^^^^^^^^^^^^^^^^^^^^^^^^^^^^^^^^^^^^^^^^^^^^^^^^^^^^^^^^^^^^^^^^^^\n\n","$message_type":"diagnostic","children":[],"code":{"code":"missing_docs","explanation":null},"level":"warning","message":"missing documentation for a method","spans":[{"byte_end":5624,"byte_start":5513,"column_end":116,"column_start":5,"expansion":null,"file_name":"gameplay_sim/src/systems/input/input_config.rs","is_primary":true,"label":null,"line_end":124,"line_start":124,"suggested_replacement":null,"suggestion_applicability":null,"text":[{"highlight_end":116,"highlight_start":5,"text":"    pub fn set_key_for_action(&mut self, state: GameState, action: InputAction, key: KeyCode) -> Result<(), String> {"}]}]}}
{"reason":"compiler-message","package_id":"path+file:///Users/bradyjeong/Documents/Projects/Amp/gta4/gta_game/gameplay_sim#0.1.0","manifest_path":"/Users/bradyjeong/Documents/Projects/Amp/gta4/gta_game/gameplay_sim/Cargo.toml","target":{"kind":["lib"],"crate_types":["lib"],"name":"gameplay_sim","src_path":"/Users/bradyjeong/Documents/Projects/Amp/gta4/gta_game/gameplay_sim/src/lib.rs","edition":"2021","doc":true,"doctest":true,"test":true},"message":{"rendered":"warning: missing documentation for a struct field\n   --> gameplay_sim/src/systems/unified_distance_calculator.rs:153:5\n    |\n153 |     pub frame_cache_size: usize,\n    |     ^^^^^^^^^^^^^^^^^^^^^^^^^^^\n\n","$message_type":"diagnostic","children":[],"code":{"code":"missing_docs","explanation":null},"level":"warning","message":"missing documentation for a struct field","spans":[{"byte_end":5185,"byte_start":5158,"column_end":32,"column_start":5,"expansion":null,"file_name":"gameplay_sim/src/systems/unified_distance_calculator.rs","is_primary":true,"label":null,"line_end":153,"line_start":153,"suggested_replacement":null,"suggestion_applicability":null,"text":[{"highlight_end":32,"highlight_start":5,"text":"    pub frame_cache_size: usize,"}]}]}}
{"reason":"compiler-message","package_id":"path+file:///Users/bradyjeong/Documents/Projects/Amp/gta4/gta_game/gameplay_sim#0.1.0","manifest_path":"/Users/bradyjeong/Documents/Projects/Amp/gta4/gta_game/gameplay_sim/Cargo.toml","target":{"kind":["lib"],"crate_types":["lib"],"name":"gameplay_sim","src_path":"/Users/bradyjeong/Documents/Projects/Amp/gta4/gta_game/gameplay_sim/src/lib.rs","edition":"2021","doc":true,"doctest":true,"test":true},"message":{"rendered":"warning: missing documentation for a method\n   --> gameplay_sim/src/systems/input/input_config.rs:140:5\n    |\n140 |     pub fn reset_to_defaults(&mut self) {\n    |     ^^^^^^^^^^^^^^^^^^^^^^^^^^^^^^^^^^^\n\n","$message_type":"diagnostic","children":[],"code":{"code":"missing_docs","explanation":null},"level":"warning","message":"missing documentation for a method","spans":[{"byte_end":6240,"byte_start":6205,"column_end":40,"column_start":5,"expansion":null,"file_name":"gameplay_sim/src/systems/input/input_config.rs","is_primary":true,"label":null,"line_end":140,"line_start":140,"suggested_replacement":null,"suggestion_applicability":null,"text":[{"highlight_end":40,"highlight_start":5,"text":"    pub fn reset_to_defaults(&mut self) {"}]}]}}
{"reason":"compiler-message","package_id":"path+file:///Users/bradyjeong/Documents/Projects/Amp/gta4/gta_game/gameplay_sim#0.1.0","manifest_path":"/Users/bradyjeong/Documents/Projects/Amp/gta4/gta_game/gameplay_sim/Cargo.toml","target":{"kind":["lib"],"crate_types":["lib"],"name":"gameplay_sim","src_path":"/Users/bradyjeong/Documents/Projects/Amp/gta4/gta_game/gameplay_sim/src/lib.rs","edition":"2021","doc":true,"doctest":true,"test":true},"message":{"rendered":"warning: missing documentation for a struct field\n   --> gameplay_sim/src/systems/unified_distance_calculator.rs:154:5\n    |\n154 |     pub pending_requests: usize,\n    |     ^^^^^^^^^^^^^^^^^^^^^^^^^^^\n\n","$message_type":"diagnostic","children":[],"code":{"code":"missing_docs","explanation":null},"level":"warning","message":"missing documentation for a struct field","spans":[{"byte_end":5218,"byte_start":5191,"column_end":32,"column_start":5,"expansion":null,"file_name":"gameplay_sim/src/systems/unified_distance_calculator.rs","is_primary":true,"label":null,"line_end":154,"line_start":154,"suggested_replacement":null,"suggestion_applicability":null,"text":[{"highlight_end":32,"highlight_start":5,"text":"    pub pending_requests: usize,"}]}]}}
{"reason":"compiler-message","package_id":"path+file:///Users/bradyjeong/Documents/Projects/Amp/gta4/gta_game/gameplay_sim#0.1.0","manifest_path":"/Users/bradyjeong/Documents/Projects/Amp/gta4/gta_game/gameplay_sim/Cargo.toml","target":{"kind":["lib"],"crate_types":["lib"],"name":"gameplay_sim","src_path":"/Users/bradyjeong/Documents/Projects/Amp/gta4/gta_game/gameplay_sim/src/lib.rs","edition":"2021","doc":true,"doctest":true,"test":true},"message":{"rendered":"warning: missing documentation for a method\n   --> gameplay_sim/src/systems/input/input_config.rs:144:5\n    |\n144 |     pub fn enable_fallback(&mut self) {\n    |     ^^^^^^^^^^^^^^^^^^^^^^^^^^^^^^^^^\n\n","$message_type":"diagnostic","children":[],"code":{"code":"missing_docs","explanation":null},"level":"warning","message":"missing documentation for a method","spans":[{"byte_end":6327,"byte_start":6294,"column_end":38,"column_start":5,"expansion":null,"file_name":"gameplay_sim/src/systems/input/input_config.rs","is_primary":true,"label":null,"line_end":144,"line_start":144,"suggested_replacement":null,"suggestion_applicability":null,"text":[{"highlight_end":38,"highlight_start":5,"text":"    pub fn enable_fallback(&mut self) {"}]}]}}
{"reason":"compiler-message","package_id":"path+file:///Users/bradyjeong/Documents/Projects/Amp/gta4/gta_game/gameplay_sim#0.1.0","manifest_path":"/Users/bradyjeong/Documents/Projects/Amp/gta4/gta_game/gameplay_sim/Cargo.toml","target":{"kind":["lib"],"crate_types":["lib"],"name":"gameplay_sim","src_path":"/Users/bradyjeong/Documents/Projects/Amp/gta4/gta_game/gameplay_sim/src/lib.rs","edition":"2021","doc":true,"doctest":true,"test":true},"message":{"rendered":"warning: missing documentation for a module\n  --> gameplay_sim/src/systems/world/mod.rs:19:1\n   |\n19 | pub mod debug;\n   | ^^^^^^^^^^^^^\n\n","$message_type":"diagnostic","children":[],"code":{"code":"missing_docs","explanation":null},"level":"warning","message":"missing documentation for a module","spans":[{"byte_end":708,"byte_start":695,"column_end":14,"column_start":1,"expansion":null,"file_name":"gameplay_sim/src/systems/world/mod.rs","is_primary":true,"label":null,"line_end":19,"line_start":19,"suggested_replacement":null,"suggestion_applicability":null,"text":[{"highlight_end":14,"highlight_start":1,"text":"pub mod debug;"}]}]}}
{"reason":"compiler-message","package_id":"path+file:///Users/bradyjeong/Documents/Projects/Amp/gta4/gta_game/gameplay_sim#0.1.0","manifest_path":"/Users/bradyjeong/Documents/Projects/Amp/gta4/gta_game/gameplay_sim/Cargo.toml","target":{"kind":["lib"],"crate_types":["lib"],"name":"gameplay_sim","src_path":"/Users/bradyjeong/Documents/Projects/Amp/gta4/gta_game/gameplay_sim/src/lib.rs","edition":"2021","doc":true,"doctest":true,"test":true},"message":{"rendered":"warning: missing documentation for a method\n   --> gameplay_sim/src/systems/input/input_config.rs:148:5\n    |\n148 |     pub fn disable_fallback(&mut self) {\n    |     ^^^^^^^^^^^^^^^^^^^^^^^^^^^^^^^^^^\n\n","$message_type":"diagnostic","children":[],"code":{"code":"missing_docs","explanation":null},"level":"warning","message":"missing documentation for a method","spans":[{"byte_end":6409,"byte_start":6375,"column_end":39,"column_start":5,"expansion":null,"file_name":"gameplay_sim/src/systems/input/input_config.rs","is_primary":true,"label":null,"line_end":148,"line_start":148,"suggested_replacement":null,"suggestion_applicability":null,"text":[{"highlight_end":39,"highlight_start":5,"text":"    pub fn disable_fallback(&mut self) {"}]}]}}
{"reason":"compiler-message","package_id":"path+file:///Users/bradyjeong/Documents/Projects/Amp/gta4/gta_game/gameplay_sim#0.1.0","manifest_path":"/Users/bradyjeong/Documents/Projects/Amp/gta4/gta_game/gameplay_sim/Cargo.toml","target":{"kind":["lib"],"crate_types":["lib"],"name":"gameplay_sim","src_path":"/Users/bradyjeong/Documents/Projects/Amp/gta4/gta_game/gameplay_sim/src/lib.rs","edition":"2021","doc":true,"doctest":true,"test":true},"message":{"rendered":"warning: missing documentation for a method\n   --> gameplay_sim/src/systems/input/input_config.rs:152:5\n    |\n152 |     pub fn is_fallback_enabled(&self) -> bool {\n    |     ^^^^^^^^^^^^^^^^^^^^^^^^^^^^^^^^^^^^^^^^^\n\n","$message_type":"diagnostic","children":[],"code":{"code":"missing_docs","explanation":null},"level":"warning","message":"missing documentation for a method","spans":[{"byte_end":6499,"byte_start":6458,"column_end":46,"column_start":5,"expansion":null,"file_name":"gameplay_sim/src/systems/input/input_config.rs","is_primary":true,"label":null,"line_end":152,"line_start":152,"suggested_replacement":null,"suggestion_applicability":null,"text":[{"highlight_end":46,"highlight_start":5,"text":"    pub fn is_fallback_enabled(&self) -> bool {"}]}]}}
{"reason":"compiler-message","package_id":"path+file:///Users/bradyjeong/Documents/Projects/Amp/gta4/gta_game/gameplay_sim#0.1.0","manifest_path":"/Users/bradyjeong/Documents/Projects/Amp/gta4/gta_game/gameplay_sim/Cargo.toml","target":{"kind":["lib"],"crate_types":["lib"],"name":"gameplay_sim","src_path":"/Users/bradyjeong/Documents/Projects/Amp/gta4/gta_game/gameplay_sim/src/lib.rs","edition":"2021","doc":true,"doctest":true,"test":true},"message":{"rendered":"warning: missing documentation for a struct\n  --> gameplay_sim/src/systems/input/input_manager.rs:19:1\n   |\n19 | pub struct InputManager {\n   | ^^^^^^^^^^^^^^^^^^^^^^^\n\n","$message_type":"diagnostic","children":[],"code":{"code":"missing_docs","explanation":null},"level":"warning","message":"missing documentation for a struct","spans":[{"byte_end":804,"byte_start":781,"column_end":24,"column_start":1,"expansion":null,"file_name":"gameplay_sim/src/systems/input/input_manager.rs","is_primary":true,"label":null,"line_end":19,"line_start":19,"suggested_replacement":null,"suggestion_applicability":null,"text":[{"highlight_end":24,"highlight_start":1,"text":"pub struct InputManager {"}]}]}}
{"reason":"compiler-message","package_id":"path+file:///Users/bradyjeong/Documents/Projects/Amp/gta4/gta_game/gameplay_sim#0.1.0","manifest_path":"/Users/bradyjeong/Documents/Projects/Amp/gta4/gta_game/gameplay_sim/Cargo.toml","target":{"kind":["lib"],"crate_types":["lib"],"name":"gameplay_sim","src_path":"/Users/bradyjeong/Documents/Projects/Amp/gta4/gta_game/gameplay_sim/src/lib.rs","edition":"2021","doc":true,"doctest":true,"test":true},"message":{"rendered":"warning: missing documentation for a struct\n  --> gameplay_sim/src/systems/world/culling.rs:19:1\n   |\n19 | pub struct CullingTimer {\n   | ^^^^^^^^^^^^^^^^^^^^^^^\n\n","$message_type":"diagnostic","children":[],"code":{"code":"missing_docs","explanation":null},"level":"warning","message":"missing documentation for a struct","spans":[{"byte_end":974,"byte_start":951,"column_end":24,"column_start":1,"expansion":null,"file_name":"gameplay_sim/src/systems/world/culling.rs","is_primary":true,"label":null,"line_end":19,"line_start":19,"suggested_replacement":null,"suggestion_applicability":null,"text":[{"highlight_end":24,"highlight_start":1,"text":"pub struct CullingTimer {"}]}]}}
{"reason":"compiler-message","package_id":"path+file:///Users/bradyjeong/Documents/Projects/Amp/gta4/gta_game/gameplay_sim#0.1.0","manifest_path":"/Users/bradyjeong/Documents/Projects/Amp/gta4/gta_game/gameplay_sim/Cargo.toml","target":{"kind":["lib"],"crate_types":["lib"],"name":"gameplay_sim","src_path":"/Users/bradyjeong/Documents/Projects/Amp/gta4/gta_game/gameplay_sim/src/lib.rs","edition":"2021","doc":true,"doctest":true,"test":true},"message":{"rendered":"warning: missing documentation for a struct field\n   --> gameplay_sim/src/systems/input/input_manager.rs:182:5\n    |\n182 |     pub arrow_up: bool,\n    |     ^^^^^^^^^^^^^^^^^^\n\n","$message_type":"diagnostic","children":[],"code":{"code":"missing_docs","explanation":null},"level":"warning","message":"missing documentation for a struct field","spans":[{"byte_end":7725,"byte_start":7707,"column_end":23,"column_start":5,"expansion":null,"file_name":"gameplay_sim/src/systems/input/input_manager.rs","is_primary":true,"label":null,"line_end":182,"line_start":182,"suggested_replacement":null,"suggestion_applicability":null,"text":[{"highlight_end":23,"highlight_start":5,"text":"    pub arrow_up: bool,"}]}]}}
{"reason":"compiler-message","package_id":"path+file:///Users/bradyjeong/Documents/Projects/Amp/gta4/gta_game/gameplay_sim#0.1.0","manifest_path":"/Users/bradyjeong/Documents/Projects/Amp/gta4/gta_game/gameplay_sim/Cargo.toml","target":{"kind":["lib"],"crate_types":["lib"],"name":"gameplay_sim","src_path":"/Users/bradyjeong/Documents/Projects/Amp/gta4/gta_game/gameplay_sim/src/lib.rs","edition":"2021","doc":true,"doctest":true,"test":true},"message":{"rendered":"warning: missing documentation for a function\n  --> gameplay_sim/src/systems/world/culling.rs:22:1\n   |\n22 | / pub fn distance_culling_system(\n23 | |     mut cullable_query: Query<(Entity, &mut Cullable, &mut Visibility, &Transform), Without<ActiveEntity>>,\n24 | |     active_query: Query<(Entity, &Transform), (With<ActiveEntity>, Without<Cullable>)>,\n25 | |     _settings: Res<CullingSettings>,\n...  |\n28 | |     mut distance_cache: ResMut<DistanceCache>,\n29 | | ) {\n   | |_^\n\n","$message_type":"diagnostic","children":[],"code":{"code":"missing_docs","explanation":null},"level":"warning","message":"missing documentation for a function","spans":[{"byte_end":1365,"byte_start":995,"column_end":2,"column_start":1,"expansion":null,"file_name":"gameplay_sim/src/systems/world/culling.rs","is_primary":true,"label":null,"line_end":29,"line_start":22,"suggested_replacement":null,"suggestion_applicability":null,"text":[{"highlight_end":32,"highlight_start":1,"text":"pub fn distance_culling_system("},{"highlight_end":108,"highlight_start":1,"text":"    mut cullable_query: Query<(Entity, &mut Cullable, &mut Visibility, &Transform), Without<ActiveEntity>>,"},{"highlight_end":88,"highlight_start":1,"text":"    active_query: Query<(Entity, &Transform), (With<ActiveEntity>, Without<Cullable>)>,"},{"highlight_end":37,"highlight_start":1,"text":"    _settings: Res<CullingSettings>,"},{"highlight_end":21,"highlight_start":1,"text":"    time: Res<Time>,"},{"highlight_end":36,"highlight_start":1,"text":"    mut timer: Local<CullingTimer>,"},{"highlight_end":47,"highlight_start":1,"text":"    mut distance_cache: ResMut<DistanceCache>,"},{"highlight_end":2,"highlight_start":1,"text":") {"}]}]}}
{"reason":"compiler-message","package_id":"path+file:///Users/bradyjeong/Documents/Projects/Amp/gta4/gta_game/gameplay_sim#0.1.0","manifest_path":"/Users/bradyjeong/Documents/Projects/Amp/gta4/gta_game/gameplay_sim/Cargo.toml","target":{"kind":["lib"],"crate_types":["lib"],"name":"gameplay_sim","src_path":"/Users/bradyjeong/Documents/Projects/Amp/gta4/gta_game/gameplay_sim/src/lib.rs","edition":"2021","doc":true,"doctest":true,"test":true},"message":{"rendered":"warning: missing documentation for a struct field\n   --> gameplay_sim/src/systems/input/input_manager.rs:183:5\n    |\n183 |     pub arrow_down: bool,\n    |     ^^^^^^^^^^^^^^^^^^^^\n\n","$message_type":"diagnostic","children":[],"code":{"code":"missing_docs","explanation":null},"level":"warning","message":"missing documentation for a struct field","spans":[{"byte_end":7751,"byte_start":7731,"column_end":25,"column_start":5,"expansion":null,"file_name":"gameplay_sim/src/systems/input/input_manager.rs","is_primary":true,"label":null,"line_end":183,"line_start":183,"suggested_replacement":null,"suggestion_applicability":null,"text":[{"highlight_end":25,"highlight_start":5,"text":"    pub arrow_down: bool,"}]}]}}
{"reason":"compiler-message","package_id":"path+file:///Users/bradyjeong/Documents/Projects/Amp/gta4/gta_game/gameplay_sim#0.1.0","manifest_path":"/Users/bradyjeong/Documents/Projects/Amp/gta4/gta_game/gameplay_sim/Cargo.toml","target":{"kind":["lib"],"crate_types":["lib"],"name":"gameplay_sim","src_path":"/Users/bradyjeong/Documents/Projects/Amp/gta4/gta_game/gameplay_sim/src/lib.rs","edition":"2021","doc":true,"doctest":true,"test":true},"message":{"rendered":"warning: missing documentation for a struct field\n   --> gameplay_sim/src/systems/input/input_manager.rs:184:5\n    |\n184 |     pub arrow_left: bool,\n    |     ^^^^^^^^^^^^^^^^^^^^\n\n","$message_type":"diagnostic","children":[],"code":{"code":"missing_docs","explanation":null},"level":"warning","message":"missing documentation for a struct field","spans":[{"byte_end":7777,"byte_start":7757,"column_end":25,"column_start":5,"expansion":null,"file_name":"gameplay_sim/src/systems/input/input_manager.rs","is_primary":true,"label":null,"line_end":184,"line_start":184,"suggested_replacement":null,"suggestion_applicability":null,"text":[{"highlight_end":25,"highlight_start":5,"text":"    pub arrow_left: bool,"}]}]}}
{"reason":"compiler-message","package_id":"path+file:///Users/bradyjeong/Documents/Projects/Amp/gta4/gta_game/gameplay_sim#0.1.0","manifest_path":"/Users/bradyjeong/Documents/Projects/Amp/gta4/gta_game/gameplay_sim/Cargo.toml","target":{"kind":["lib"],"crate_types":["lib"],"name":"gameplay_sim","src_path":"/Users/bradyjeong/Documents/Projects/Amp/gta4/gta_game/gameplay_sim/src/lib.rs","edition":"2021","doc":true,"doctest":true,"test":true},"message":{"rendered":"warning: missing documentation for a function\n  --> gameplay_sim/src/systems/world/dynamic_content.rs:26:1\n   |\n26 | / pub fn dynamic_terrain_system(\n27 | |     mut terrain_query: Query<&mut Transform, (With<DynamicTerrain>, Without<ActiveEntity>)>,\n28 | |     active_query: Query<&Transform, (With<ActiveEntity>, Without<DynamicTerrain>)>,\n29 | | ) {\n   | |_^\n\n","$message_type":"diagnostic","children":[],"code":{"code":"missing_docs","explanation":null},"level":"warning","message":"missing documentation for a function","spans":[{"byte_end":1344,"byte_start":1135,"column_end":2,"column_start":1,"expansion":null,"file_name":"gameplay_sim/src/systems/world/dynamic_content.rs","is_primary":true,"label":null,"line_end":29,"line_start":26,"suggested_replacement":null,"suggestion_applicability":null,"text":[{"highlight_end":31,"highlight_start":1,"text":"pub fn dynamic_terrain_system("},{"highlight_end":93,"highlight_start":1,"text":"    mut terrain_query: Query<&mut Transform, (With<DynamicTerrain>, Without<ActiveEntity>)>,"},{"highlight_end":84,"highlight_start":1,"text":"    active_query: Query<&Transform, (With<ActiveEntity>, Without<DynamicTerrain>)>,"},{"highlight_end":2,"highlight_start":1,"text":") {"}]}]}}
{"reason":"compiler-message","package_id":"path+file:///Users/bradyjeong/Documents/Projects/Amp/gta4/gta_game/gameplay_sim#0.1.0","manifest_path":"/Users/bradyjeong/Documents/Projects/Amp/gta4/gta_game/gameplay_sim/Cargo.toml","target":{"kind":["lib"],"crate_types":["lib"],"name":"gameplay_sim","src_path":"/Users/bradyjeong/Documents/Projects/Amp/gta4/gta_game/gameplay_sim/src/lib.rs","edition":"2021","doc":true,"doctest":true,"test":true},"message":{"rendered":"warning: missing documentation for a struct field\n   --> gameplay_sim/src/systems/input/input_manager.rs:185:5\n    |\n185 |     pub arrow_right: bool,\n    |     ^^^^^^^^^^^^^^^^^^^^^\n\n","$message_type":"diagnostic","children":[],"code":{"code":"missing_docs","explanation":null},"level":"warning","message":"missing documentation for a struct field","spans":[{"byte_end":7804,"byte_start":7783,"column_end":26,"column_start":5,"expansion":null,"file_name":"gameplay_sim/src/systems/input/input_manager.rs","is_primary":true,"label":null,"line_end":185,"line_start":185,"suggested_replacement":null,"suggestion_applicability":null,"text":[{"highlight_end":26,"highlight_start":5,"text":"    pub arrow_right: bool,"}]}]}}
{"reason":"compiler-message","package_id":"path+file:///Users/bradyjeong/Documents/Projects/Amp/gta4/gta_game/gameplay_sim#0.1.0","manifest_path":"/Users/bradyjeong/Documents/Projects/Amp/gta4/gta_game/gameplay_sim/Cargo.toml","target":{"kind":["lib"],"crate_types":["lib"],"name":"gameplay_sim","src_path":"/Users/bradyjeong/Documents/Projects/Amp/gta4/gta_game/gameplay_sim/src/lib.rs","edition":"2021","doc":true,"doctest":true,"test":true},"message":{"rendered":"warning: missing documentation for a struct\n  --> gameplay_sim/src/systems/world/dynamic_content.rs:46:1\n   |\n46 | pub struct DynamicContentTimer {\n   | ^^^^^^^^^^^^^^^^^^^^^^^^^^^^^^\n\n","$message_type":"diagnostic","children":[],"code":{"code":"missing_docs","explanation":null},"level":"warning","message":"missing documentation for a struct","spans":[{"byte_end":2185,"byte_start":2155,"column_end":31,"column_start":1,"expansion":null,"file_name":"gameplay_sim/src/systems/world/dynamic_content.rs","is_primary":true,"label":null,"line_end":46,"line_start":46,"suggested_replacement":null,"suggestion_applicability":null,"text":[{"highlight_end":31,"highlight_start":1,"text":"pub struct DynamicContentTimer {"}]}]}}
{"reason":"compiler-message","package_id":"path+file:///Users/bradyjeong/Documents/Projects/Amp/gta4/gta_game/gameplay_sim#0.1.0","manifest_path":"/Users/bradyjeong/Documents/Projects/Amp/gta4/gta_game/gameplay_sim/Cargo.toml","target":{"kind":["lib"],"crate_types":["lib"],"name":"gameplay_sim","src_path":"/Users/bradyjeong/Documents/Projects/Amp/gta4/gta_game/gameplay_sim/src/lib.rs","edition":"2021","doc":true,"doctest":true,"test":true},"message":{"rendered":"warning: missing documentation for a struct field\n   --> gameplay_sim/src/systems/input/input_manager.rs:186:5\n    |\n186 |     pub shift_left: bool,\n    |     ^^^^^^^^^^^^^^^^^^^^\n\n","$message_type":"diagnostic","children":[],"code":{"code":"missing_docs","explanation":null},"level":"warning","message":"missing documentation for a struct field","spans":[{"byte_end":7830,"byte_start":7810,"column_end":25,"column_start":5,"expansion":null,"file_name":"gameplay_sim/src/systems/input/input_manager.rs","is_primary":true,"label":null,"line_end":186,"line_start":186,"suggested_replacement":null,"suggestion_applicability":null,"text":[{"highlight_end":25,"highlight_start":5,"text":"    pub shift_left: bool,"}]}]}}
{"reason":"compiler-message","package_id":"path+file:///Users/bradyjeong/Documents/Projects/Amp/gta4/gta_game/gameplay_sim#0.1.0","manifest_path":"/Users/bradyjeong/Documents/Projects/Amp/gta4/gta_game/gameplay_sim/Cargo.toml","target":{"kind":["lib"],"crate_types":["lib"],"name":"gameplay_sim","src_path":"/Users/bradyjeong/Documents/Projects/Amp/gta4/gta_game/gameplay_sim/src/lib.rs","edition":"2021","doc":true,"doctest":true,"test":true},"message":{"rendered":"warning: missing documentation for a struct field\n   --> gameplay_sim/src/systems/input/input_manager.rs:187:5\n    |\n187 |     pub control_left: bool,\n    |     ^^^^^^^^^^^^^^^^^^^^^^\n\n","$message_type":"diagnostic","children":[],"code":{"code":"missing_docs","explanation":null},"level":"warning","message":"missing documentation for a struct field","spans":[{"byte_end":7858,"byte_start":7836,"column_end":27,"column_start":5,"expansion":null,"file_name":"gameplay_sim/src/systems/input/input_manager.rs","is_primary":true,"label":null,"line_end":187,"line_start":187,"suggested_replacement":null,"suggestion_applicability":null,"text":[{"highlight_end":27,"highlight_start":5,"text":"    pub control_left: bool,"}]}]}}
{"reason":"compiler-message","package_id":"path+file:///Users/bradyjeong/Documents/Projects/Amp/gta4/gta_game/gameplay_sim#0.1.0","manifest_path":"/Users/bradyjeong/Documents/Projects/Amp/gta4/gta_game/gameplay_sim/Cargo.toml","target":{"kind":["lib"],"crate_types":["lib"],"name":"gameplay_sim","src_path":"/Users/bradyjeong/Documents/Projects/Amp/gta4/gta_game/gameplay_sim/src/lib.rs","edition":"2021","doc":true,"doctest":true,"test":true},"message":{"rendered":"warning: missing documentation for a struct field\n   --> gameplay_sim/src/systems/input/input_manager.rs:188:5\n    |\n188 |     pub space: bool,\n    |     ^^^^^^^^^^^^^^^\n\n","$message_type":"diagnostic","children":[],"code":{"code":"missing_docs","explanation":null},"level":"warning","message":"missing documentation for a struct field","spans":[{"byte_end":7879,"byte_start":7864,"column_end":20,"column_start":5,"expansion":null,"file_name":"gameplay_sim/src/systems/input/input_manager.rs","is_primary":true,"label":null,"line_end":188,"line_start":188,"suggested_replacement":null,"suggestion_applicability":null,"text":[{"highlight_end":20,"highlight_start":5,"text":"    pub space: bool,"}]}]}}
{"reason":"compiler-message","package_id":"path+file:///Users/bradyjeong/Documents/Projects/Amp/gta4/gta_game/gameplay_sim#0.1.0","manifest_path":"/Users/bradyjeong/Documents/Projects/Amp/gta4/gta_game/gameplay_sim/Cargo.toml","target":{"kind":["lib"],"crate_types":["lib"],"name":"gameplay_sim","src_path":"/Users/bradyjeong/Documents/Projects/Amp/gta4/gta_game/gameplay_sim/src/lib.rs","edition":"2021","doc":true,"doctest":true,"test":true},"message":{"rendered":"warning: missing documentation for a struct field\n   --> gameplay_sim/src/systems/input/input_manager.rs:189:5\n    |\n189 |     pub key_f: bool,\n    |     ^^^^^^^^^^^^^^^\n\n","$message_type":"diagnostic","children":[],"code":{"code":"missing_docs","explanation":null},"level":"warning","message":"missing documentation for a struct field","spans":[{"byte_end":7900,"byte_start":7885,"column_end":20,"column_start":5,"expansion":null,"file_name":"gameplay_sim/src/systems/input/input_manager.rs","is_primary":true,"label":null,"line_end":189,"line_start":189,"suggested_replacement":null,"suggestion_applicability":null,"text":[{"highlight_end":20,"highlight_start":5,"text":"    pub key_f: bool,"}]}]}}
{"reason":"compiler-message","package_id":"path+file:///Users/bradyjeong/Documents/Projects/Amp/gta4/gta_game/gameplay_sim#0.1.0","manifest_path":"/Users/bradyjeong/Documents/Projects/Amp/gta4/gta_game/gameplay_sim/Cargo.toml","target":{"kind":["lib"],"crate_types":["lib"],"name":"gameplay_sim","src_path":"/Users/bradyjeong/Documents/Projects/Amp/gta4/gta_game/gameplay_sim/src/lib.rs","edition":"2021","doc":true,"doctest":true,"test":true},"message":{"rendered":"warning: missing documentation for a function\n  --> gameplay_sim/src/systems/world/dynamic_content.rs:51:1\n   |\n51 | / pub fn dynamic_content_system(\n52 | |     mut commands: Commands,\n53 | |     active_query: Query<&Transform, (With<ActiveEntity>, Without<DynamicContent>)>,\n54 | |     content_query: Query<(Entity, &Transform, &DynamicContent)>,\n...  |\n63 | |     game_config: Res<GameConfig>,\n64 | | ) {\n   | |_^\n\n","$message_type":"diagnostic","children":[],"code":{"code":"missing_docs","explanation":null},"level":"warning","message":"missing documentation for a function","spans":[{"byte_end":2859,"byte_start":2242,"column_end":2,"column_start":1,"expansion":null,"file_name":"gameplay_sim/src/systems/world/dynamic_content.rs","is_primary":true,"label":null,"line_end":64,"line_start":51,"suggested_replacement":null,"suggestion_applicability":null,"text":[{"highlight_end":31,"highlight_start":1,"text":"pub fn dynamic_content_system("},{"highlight_end":28,"highlight_start":1,"text":"    mut commands: Commands,"},{"highlight_end":84,"highlight_start":1,"text":"    active_query: Query<&Transform, (With<ActiveEntity>, Without<DynamicContent>)>,"},{"highlight_end":65,"highlight_start":1,"text":"    content_query: Query<(Entity, &Transform, &DynamicContent)>,"},{"highlight_end":86,"highlight_start":1,"text":"    existing_vehicles_query: Query<&Transform, (With<Car>, Without<DynamicContent>)>,"},{"highlight_end":38,"highlight_start":1,"text":"    mut meshes: ResMut<Assets<Mesh>>,"},{"highlight_end":53,"highlight_start":1,"text":"    mut materials: ResMut<Assets<StandardMaterial>>,"},{"highlight_end":42,"highlight_start":1,"text":"    _entity_limits: ResMut<EntityLimits>,"},{"highlight_end":55,"highlight_start":1,"text":"    mut unified_factory: ResMut<UnifiedEntityFactory>,"},{"highlight_end":36,"highlight_start":1,"text":"    road_network: Res<RoadNetwork>,"},{"highlight_end":21,"highlight_start":1,"text":"    time: Res<Time>,"},{"highlight_end":43,"highlight_start":1,"text":"    mut timer: Local<DynamicContentTimer>,"},{"highlight_end":34,"highlight_start":1,"text":"    game_config: Res<GameConfig>,"},{"highlight_end":2,"highlight_start":1,"text":") {"}]}]}}
{"reason":"compiler-message","package_id":"path+file:///Users/bradyjeong/Documents/Projects/Amp/gta4/gta_game/gameplay_sim#0.1.0","manifest_path":"/Users/bradyjeong/Documents/Projects/Amp/gta4/gta_game/gameplay_sim/Cargo.toml","target":{"kind":["lib"],"crate_types":["lib"],"name":"gameplay_sim","src_path":"/Users/bradyjeong/Documents/Projects/Amp/gta4/gta_game/gameplay_sim/src/lib.rs","edition":"2021","doc":true,"doctest":true,"test":true},"message":{"rendered":"warning: missing documentation for a struct field\n   --> gameplay_sim/src/systems/input/input_manager.rs:190:5\n    |\n190 |     pub key_w: bool,\n    |     ^^^^^^^^^^^^^^^\n\n","$message_type":"diagnostic","children":[],"code":{"code":"missing_docs","explanation":null},"level":"warning","message":"missing documentation for a struct field","spans":[{"byte_end":7921,"byte_start":7906,"column_end":20,"column_start":5,"expansion":null,"file_name":"gameplay_sim/src/systems/input/input_manager.rs","is_primary":true,"label":null,"line_end":190,"line_start":190,"suggested_replacement":null,"suggestion_applicability":null,"text":[{"highlight_end":20,"highlight_start":5,"text":"    pub key_w: bool,"}]}]}}
{"reason":"compiler-message","package_id":"path+file:///Users/bradyjeong/Documents/Projects/Amp/gta4/gta_game/gameplay_sim#0.1.0","manifest_path":"/Users/bradyjeong/Documents/Projects/Amp/gta4/gta_game/gameplay_sim/Cargo.toml","target":{"kind":["lib"],"crate_types":["lib"],"name":"gameplay_sim","src_path":"/Users/bradyjeong/Documents/Projects/Amp/gta4/gta_game/gameplay_sim/src/lib.rs","edition":"2021","doc":true,"doctest":true,"test":true},"message":{"rendered":"warning: missing documentation for a struct field\n   --> gameplay_sim/src/systems/input/input_manager.rs:191:5\n    |\n191 |     pub key_s: bool,\n    |     ^^^^^^^^^^^^^^^\n\n","$message_type":"diagnostic","children":[],"code":{"code":"missing_docs","explanation":null},"level":"warning","message":"missing documentation for a struct field","spans":[{"byte_end":7942,"byte_start":7927,"column_end":20,"column_start":5,"expansion":null,"file_name":"gameplay_sim/src/systems/input/input_manager.rs","is_primary":true,"label":null,"line_end":191,"line_start":191,"suggested_replacement":null,"suggestion_applicability":null,"text":[{"highlight_end":20,"highlight_start":5,"text":"    pub key_s: bool,"}]}]}}
{"reason":"compiler-message","package_id":"path+file:///Users/bradyjeong/Documents/Projects/Amp/gta4/gta_game/gameplay_sim#0.1.0","manifest_path":"/Users/bradyjeong/Documents/Projects/Amp/gta4/gta_game/gameplay_sim/Cargo.toml","target":{"kind":["lib"],"crate_types":["lib"],"name":"gameplay_sim","src_path":"/Users/bradyjeong/Documents/Projects/Amp/gta4/gta_game/gameplay_sim/src/lib.rs","edition":"2021","doc":true,"doctest":true,"test":true},"message":{"rendered":"warning: missing documentation for a struct field\n   --> gameplay_sim/src/systems/input/input_manager.rs:192:5\n    |\n192 |     pub key_a: bool,\n    |     ^^^^^^^^^^^^^^^\n\n","$message_type":"diagnostic","children":[],"code":{"code":"missing_docs","explanation":null},"level":"warning","message":"missing documentation for a struct field","spans":[{"byte_end":7963,"byte_start":7948,"column_end":20,"column_start":5,"expansion":null,"file_name":"gameplay_sim/src/systems/input/input_manager.rs","is_primary":true,"label":null,"line_end":192,"line_start":192,"suggested_replacement":null,"suggestion_applicability":null,"text":[{"highlight_end":20,"highlight_start":5,"text":"    pub key_a: bool,"}]}]}}
{"reason":"compiler-message","package_id":"path+file:///Users/bradyjeong/Documents/Projects/Amp/gta4/gta_game/gameplay_sim#0.1.0","manifest_path":"/Users/bradyjeong/Documents/Projects/Amp/gta4/gta_game/gameplay_sim/Cargo.toml","target":{"kind":["lib"],"crate_types":["lib"],"name":"gameplay_sim","src_path":"/Users/bradyjeong/Documents/Projects/Amp/gta4/gta_game/gameplay_sim/src/lib.rs","edition":"2021","doc":true,"doctest":true,"test":true},"message":{"rendered":"warning: missing documentation for a function\n   --> gameplay_sim/src/systems/world/dynamic_content.rs:167:1\n    |\n167 | / pub fn vehicle_separation_system(\n168 | |     mut vehicle_query: Query<(&mut Transform, &mut Velocity), (With<Car>, With<DynamicContent>)>,\n169 | | ) {\n    | |_^\n\n","$message_type":"diagnostic","children":[],"code":{"code":"missing_docs","explanation":null},"level":"warning","message":"missing documentation for a function","spans":[{"byte_end":8142,"byte_start":8009,"column_end":2,"column_start":1,"expansion":null,"file_name":"gameplay_sim/src/systems/world/dynamic_content.rs","is_primary":true,"label":null,"line_end":169,"line_start":167,"suggested_replacement":null,"suggestion_applicability":null,"text":[{"highlight_end":34,"highlight_start":1,"text":"pub fn vehicle_separation_system("},{"highlight_end":98,"highlight_start":1,"text":"    mut vehicle_query: Query<(&mut Transform, &mut Velocity), (With<Car>, With<DynamicContent>)>,"},{"highlight_end":2,"highlight_start":1,"text":") {"}]}]}}
{"reason":"compiler-message","package_id":"path+file:///Users/bradyjeong/Documents/Projects/Amp/gta4/gta_game/gameplay_sim#0.1.0","manifest_path":"/Users/bradyjeong/Documents/Projects/Amp/gta4/gta_game/gameplay_sim/Cargo.toml","target":{"kind":["lib"],"crate_types":["lib"],"name":"gameplay_sim","src_path":"/Users/bradyjeong/Documents/Projects/Amp/gta4/gta_game/gameplay_sim/src/lib.rs","edition":"2021","doc":true,"doctest":true,"test":true},"message":{"rendered":"warning: missing documentation for a struct field\n   --> gameplay_sim/src/systems/input/input_manager.rs:193:5\n    |\n193 |     pub key_d: bool,\n    |     ^^^^^^^^^^^^^^^\n\n","$message_type":"diagnostic","children":[],"code":{"code":"missing_docs","explanation":null},"level":"warning","message":"missing documentation for a struct field","spans":[{"byte_end":7984,"byte_start":7969,"column_end":20,"column_start":5,"expansion":null,"file_name":"gameplay_sim/src/systems/input/input_manager.rs","is_primary":true,"label":null,"line_end":193,"line_start":193,"suggested_replacement":null,"suggestion_applicability":null,"text":[{"highlight_end":20,"highlight_start":5,"text":"    pub key_d: bool,"}]}]}}
{"reason":"compiler-message","package_id":"path+file:///Users/bradyjeong/Documents/Projects/Amp/gta4/gta_game/gameplay_sim#0.1.0","manifest_path":"/Users/bradyjeong/Documents/Projects/Amp/gta4/gta_game/gameplay_sim/Cargo.toml","target":{"kind":["lib"],"crate_types":["lib"],"name":"gameplay_sim","src_path":"/Users/bradyjeong/Documents/Projects/Amp/gta4/gta_game/gameplay_sim/src/lib.rs","edition":"2021","doc":true,"doctest":true,"test":true},"message":{"rendered":"warning: missing documentation for a struct field\n   --> gameplay_sim/src/systems/input/input_manager.rs:194:5\n    |\n194 |     pub key_q: bool,\n    |     ^^^^^^^^^^^^^^^\n\n","$message_type":"diagnostic","children":[],"code":{"code":"missing_docs","explanation":null},"level":"warning","message":"missing documentation for a struct field","spans":[{"byte_end":8005,"byte_start":7990,"column_end":20,"column_start":5,"expansion":null,"file_name":"gameplay_sim/src/systems/input/input_manager.rs","is_primary":true,"label":null,"line_end":194,"line_start":194,"suggested_replacement":null,"suggestion_applicability":null,"text":[{"highlight_end":20,"highlight_start":5,"text":"    pub key_q: bool,"}]}]}}
{"reason":"compiler-message","package_id":"path+file:///Users/bradyjeong/Documents/Projects/Amp/gta4/gta_game/gameplay_sim#0.1.0","manifest_path":"/Users/bradyjeong/Documents/Projects/Amp/gta4/gta_game/gameplay_sim/Cargo.toml","target":{"kind":["lib"],"crate_types":["lib"],"name":"gameplay_sim","src_path":"/Users/bradyjeong/Documents/Projects/Amp/gta4/gta_game/gameplay_sim/src/lib.rs","edition":"2021","doc":true,"doctest":true,"test":true},"message":{"rendered":"warning: missing documentation for a struct field\n   --> gameplay_sim/src/systems/input/input_manager.rs:195:5\n    |\n195 |     pub key_e: bool,\n    |     ^^^^^^^^^^^^^^^\n\n","$message_type":"diagnostic","children":[],"code":{"code":"missing_docs","explanation":null},"level":"warning","message":"missing documentation for a struct field","spans":[{"byte_end":8026,"byte_start":8011,"column_end":20,"column_start":5,"expansion":null,"file_name":"gameplay_sim/src/systems/input/input_manager.rs","is_primary":true,"label":null,"line_end":195,"line_start":195,"suggested_replacement":null,"suggestion_applicability":null,"text":[{"highlight_end":20,"highlight_start":5,"text":"    pub key_e: bool,"}]}]}}
{"reason":"compiler-message","package_id":"path+file:///Users/bradyjeong/Documents/Projects/Amp/gta4/gta_game/gameplay_sim#0.1.0","manifest_path":"/Users/bradyjeong/Documents/Projects/Amp/gta4/gta_game/gameplay_sim/Cargo.toml","target":{"kind":["lib"],"crate_types":["lib"],"name":"gameplay_sim","src_path":"/Users/bradyjeong/Documents/Projects/Amp/gta4/gta_game/gameplay_sim/src/lib.rs","edition":"2021","doc":true,"doctest":true,"test":true},"message":{"rendered":"warning: missing documentation for a struct field\n   --> gameplay_sim/src/systems/input/input_manager.rs:196:5\n    |\n196 |     pub f1: bool,\n    |     ^^^^^^^^^^^^\n\n","$message_type":"diagnostic","children":[],"code":{"code":"missing_docs","explanation":null},"level":"warning","message":"missing documentation for a struct field","spans":[{"byte_end":8044,"byte_start":8032,"column_end":17,"column_start":5,"expansion":null,"file_name":"gameplay_sim/src/systems/input/input_manager.rs","is_primary":true,"label":null,"line_end":196,"line_start":196,"suggested_replacement":null,"suggestion_applicability":null,"text":[{"highlight_end":17,"highlight_start":5,"text":"    pub f1: bool,"}]}]}}
{"reason":"compiler-message","package_id":"path+file:///Users/bradyjeong/Documents/Projects/Amp/gta4/gta_game/gameplay_sim#0.1.0","manifest_path":"/Users/bradyjeong/Documents/Projects/Amp/gta4/gta_game/gameplay_sim/Cargo.toml","target":{"kind":["lib"],"crate_types":["lib"],"name":"gameplay_sim","src_path":"/Users/bradyjeong/Documents/Projects/Amp/gta4/gta_game/gameplay_sim/src/lib.rs","edition":"2021","doc":true,"doctest":true,"test":true},"message":{"rendered":"warning: missing documentation for a struct field\n   --> gameplay_sim/src/systems/input/input_manager.rs:197:5\n    |\n197 |     pub f2: bool,\n    |     ^^^^^^^^^^^^\n\n","$message_type":"diagnostic","children":[],"code":{"code":"missing_docs","explanation":null},"level":"warning","message":"missing documentation for a struct field","spans":[{"byte_end":8062,"byte_start":8050,"column_end":17,"column_start":5,"expansion":null,"file_name":"gameplay_sim/src/systems/input/input_manager.rs","is_primary":true,"label":null,"line_end":197,"line_start":197,"suggested_replacement":null,"suggestion_applicability":null,"text":[{"highlight_end":17,"highlight_start":5,"text":"    pub f2: bool,"}]}]}}
{"reason":"compiler-message","package_id":"path+file:///Users/bradyjeong/Documents/Projects/Amp/gta4/gta_game/gameplay_sim#0.1.0","manifest_path":"/Users/bradyjeong/Documents/Projects/Amp/gta4/gta_game/gameplay_sim/Cargo.toml","target":{"kind":["lib"],"crate_types":["lib"],"name":"gameplay_sim","src_path":"/Users/bradyjeong/Documents/Projects/Amp/gta4/gta_game/gameplay_sim/src/lib.rs","edition":"2021","doc":true,"doctest":true,"test":true},"message":{"rendered":"warning: missing documentation for a struct field\n   --> gameplay_sim/src/systems/input/input_manager.rs:199:5\n    |\n199 |     pub f_just_pressed: bool,\n    |     ^^^^^^^^^^^^^^^^^^^^^^^^\n\n","$message_type":"diagnostic","children":[],"code":{"code":"missing_docs","explanation":null},"level":"warning","message":"missing documentation for a struct field","spans":[{"byte_end":8119,"byte_start":8095,"column_end":29,"column_start":5,"expansion":null,"file_name":"gameplay_sim/src/systems/input/input_manager.rs","is_primary":true,"label":null,"line_end":199,"line_start":199,"suggested_replacement":null,"suggestion_applicability":null,"text":[{"highlight_end":29,"highlight_start":5,"text":"    pub f_just_pressed: bool,"}]}]}}
{"reason":"compiler-message","package_id":"path+file:///Users/bradyjeong/Documents/Projects/Amp/gta4/gta_game/gameplay_sim#0.1.0","manifest_path":"/Users/bradyjeong/Documents/Projects/Amp/gta4/gta_game/gameplay_sim/Cargo.toml","target":{"kind":["lib"],"crate_types":["lib"],"name":"gameplay_sim","src_path":"/Users/bradyjeong/Documents/Projects/Amp/gta4/gta_game/gameplay_sim/src/lib.rs","edition":"2021","doc":true,"doctest":true,"test":true},"message":{"rendered":"warning: missing documentation for a function\n  --> gameplay_sim/src/systems/world/performance.rs:16:1\n   |\n16 | / pub fn performance_monitoring_system(\n17 | |     time: Res<Time>,\n18 | |     mut stats: ResMut<PerformanceStats>,\n19 | |     entity_query: Query<Entity>,\n20 | |     cullable_query: Query<&Cullable>,\n21 | |     diagnostics: Res<DiagnosticsStore>,\n22 | | ) {\n   | |_^\n\n","$message_type":"diagnostic","children":[],"code":{"code":"missing_docs","explanation":null},"level":"warning","message":"missing documentation for a function","spans":[{"byte_end":906,"byte_start":694,"column_end":2,"column_start":1,"expansion":null,"file_name":"gameplay_sim/src/systems/world/performance.rs","is_primary":true,"label":null,"line_end":22,"line_start":16,"suggested_replacement":null,"suggestion_applicability":null,"text":[{"highlight_end":38,"highlight_start":1,"text":"pub fn performance_monitoring_system("},{"highlight_end":21,"highlight_start":1,"text":"    time: Res<Time>,"},{"highlight_end":41,"highlight_start":1,"text":"    mut stats: ResMut<PerformanceStats>,"},{"highlight_end":33,"highlight_start":1,"text":"    entity_query: Query<Entity>,"},{"highlight_end":38,"highlight_start":1,"text":"    cullable_query: Query<&Cullable>,"},{"highlight_end":40,"highlight_start":1,"text":"    diagnostics: Res<DiagnosticsStore>,"},{"highlight_end":2,"highlight_start":1,"text":") {"}]}]}}
{"reason":"compiler-message","package_id":"path+file:///Users/bradyjeong/Documents/Projects/Amp/gta4/gta_game/gameplay_sim#0.1.0","manifest_path":"/Users/bradyjeong/Documents/Projects/Amp/gta4/gta_game/gameplay_sim/Cargo.toml","target":{"kind":["lib"],"crate_types":["lib"],"name":"gameplay_sim","src_path":"/Users/bradyjeong/Documents/Projects/Amp/gta4/gta_game/gameplay_sim/src/lib.rs","edition":"2021","doc":true,"doctest":true,"test":true},"message":{"rendered":"warning: missing documentation for a struct field\n   --> gameplay_sim/src/systems/input/input_manager.rs:200:5\n    |\n200 |     pub f1_just_pressed: bool,\n    |     ^^^^^^^^^^^^^^^^^^^^^^^^^\n\n","$message_type":"diagnostic","children":[],"code":{"code":"missing_docs","explanation":null},"level":"warning","message":"missing documentation for a struct field","spans":[{"byte_end":8150,"byte_start":8125,"column_end":30,"column_start":5,"expansion":null,"file_name":"gameplay_sim/src/systems/input/input_manager.rs","is_primary":true,"label":null,"line_end":200,"line_start":200,"suggested_replacement":null,"suggestion_applicability":null,"text":[{"highlight_end":30,"highlight_start":5,"text":"    pub f1_just_pressed: bool,"}]}]}}
{"reason":"compiler-message","package_id":"path+file:///Users/bradyjeong/Documents/Projects/Amp/gta4/gta_game/gameplay_sim#0.1.0","manifest_path":"/Users/bradyjeong/Documents/Projects/Amp/gta4/gta_game/gameplay_sim/Cargo.toml","target":{"kind":["lib"],"crate_types":["lib"],"name":"gameplay_sim","src_path":"/Users/bradyjeong/Documents/Projects/Amp/gta4/gta_game/gameplay_sim/src/lib.rs","edition":"2021","doc":true,"doctest":true,"test":true},"message":{"rendered":"warning: missing documentation for a struct field\n   --> gameplay_sim/src/systems/input/input_manager.rs:201:5\n    |\n201 |     pub f2_just_pressed: bool,\n    |     ^^^^^^^^^^^^^^^^^^^^^^^^^\n\n","$message_type":"diagnostic","children":[],"code":{"code":"missing_docs","explanation":null},"level":"warning","message":"missing documentation for a struct field","spans":[{"byte_end":8181,"byte_start":8156,"column_end":30,"column_start":5,"expansion":null,"file_name":"gameplay_sim/src/systems/input/input_manager.rs","is_primary":true,"label":null,"line_end":201,"line_start":201,"suggested_replacement":null,"suggestion_applicability":null,"text":[{"highlight_end":30,"highlight_start":5,"text":"    pub f2_just_pressed: bool,"}]}]}}
{"reason":"compiler-message","package_id":"path+file:///Users/bradyjeong/Documents/Projects/Amp/gta4/gta_game/gameplay_sim#0.1.0","manifest_path":"/Users/bradyjeong/Documents/Projects/Amp/gta4/gta_game/gameplay_sim/Cargo.toml","target":{"kind":["lib"],"crate_types":["lib"],"name":"gameplay_sim","src_path":"/Users/bradyjeong/Documents/Projects/Amp/gta4/gta_game/gameplay_sim/src/lib.rs","edition":"2021","doc":true,"doctest":true,"test":true},"message":{"rendered":"warning: missing documentation for an enum\n  --> gameplay_sim/src/systems/input/vehicle_control_config.rs:10:1\n   |\n10 | pub enum ControlCategory {\n   | ^^^^^^^^^^^^^^^^^^^^^^^^\n\n","$message_type":"diagnostic","children":[],"code":{"code":"missing_docs","explanation":null},"level":"warning","message":"missing documentation for an enum","spans":[{"byte_end":312,"byte_start":288,"column_end":25,"column_start":1,"expansion":null,"file_name":"gameplay_sim/src/systems/input/vehicle_control_config.rs","is_primary":true,"label":null,"line_end":10,"line_start":10,"suggested_replacement":null,"suggestion_applicability":null,"text":[{"highlight_end":25,"highlight_start":1,"text":"pub enum ControlCategory {"}]}]}}
{"reason":"compiler-message","package_id":"path+file:///Users/bradyjeong/Documents/Projects/Amp/gta4/gta_game/gameplay_sim#0.1.0","manifest_path":"/Users/bradyjeong/Documents/Projects/Amp/gta4/gta_game/gameplay_sim/Cargo.toml","target":{"kind":["lib"],"crate_types":["lib"],"name":"gameplay_sim","src_path":"/Users/bradyjeong/Documents/Projects/Amp/gta4/gta_game/gameplay_sim/src/lib.rs","edition":"2021","doc":true,"doctest":true,"test":true},"message":{"rendered":"warning: missing documentation for a variant\n  --> gameplay_sim/src/systems/input/vehicle_control_config.rs:11:5\n   |\n11 |     Primary,    // Movement, steering\n   |     ^^^^^^^\n\n","$message_type":"diagnostic","children":[],"code":{"code":"missing_docs","explanation":null},"level":"warning","message":"missing documentation for a variant","spans":[{"byte_end":326,"byte_start":319,"column_end":12,"column_start":5,"expansion":null,"file_name":"gameplay_sim/src/systems/input/vehicle_control_config.rs","is_primary":true,"label":null,"line_end":11,"line_start":11,"suggested_replacement":null,"suggestion_applicability":null,"text":[{"highlight_end":12,"highlight_start":5,"text":"    Primary,    // Movement, steering"}]}]}}
{"reason":"compiler-message","package_id":"path+file:///Users/bradyjeong/Documents/Projects/Amp/gta4/gta_game/gameplay_sim#0.1.0","manifest_path":"/Users/bradyjeong/Documents/Projects/Amp/gta4/gta_game/gameplay_sim/Cargo.toml","target":{"kind":["lib"],"crate_types":["lib"],"name":"gameplay_sim","src_path":"/Users/bradyjeong/Documents/Projects/Amp/gta4/gta_game/gameplay_sim/src/lib.rs","edition":"2021","doc":true,"doctest":true,"test":true},"message":{"rendered":"warning: missing documentation for a variant\n  --> gameplay_sim/src/systems/input/vehicle_control_config.rs:12:5\n   |\n12 |     Secondary,  // Turbo, afterburner, vertical movement\n   |     ^^^^^^^^^\n\n","$message_type":"diagnostic","children":[],"code":{"code":"missing_docs","explanation":null},"level":"warning","message":"missing documentation for a variant","spans":[{"byte_end":366,"byte_start":357,"column_end":14,"column_start":5,"expansion":null,"file_name":"gameplay_sim/src/systems/input/vehicle_control_config.rs","is_primary":true,"label":null,"line_end":12,"line_start":12,"suggested_replacement":null,"suggestion_applicability":null,"text":[{"highlight_end":14,"highlight_start":5,"text":"    Secondary,  // Turbo, afterburner, vertical movement"}]}]}}
{"reason":"compiler-message","package_id":"path+file:///Users/bradyjeong/Documents/Projects/Amp/gta4/gta_game/gameplay_sim#0.1.0","manifest_path":"/Users/bradyjeong/Documents/Projects/Amp/gta4/gta_game/gameplay_sim/Cargo.toml","target":{"kind":["lib"],"crate_types":["lib"],"name":"gameplay_sim","src_path":"/Users/bradyjeong/Documents/Projects/Amp/gta4/gta_game/gameplay_sim/src/lib.rs","edition":"2021","doc":true,"doctest":true,"test":true},"message":{"rendered":"warning: missing documentation for a struct\n  --> gameplay_sim/src/systems/world/road_mesh.rs:17:1\n   |\n17 | pub struct RoadMeshCache {\n   | ^^^^^^^^^^^^^^^^^^^^^^^^\n\n","$message_type":"diagnostic","children":[],"code":{"code":"missing_docs","explanation":null},"level":"warning","message":"missing documentation for a struct","spans":[{"byte_end":745,"byte_start":721,"column_end":25,"column_start":1,"expansion":null,"file_name":"gameplay_sim/src/systems/world/road_mesh.rs","is_primary":true,"label":null,"line_end":17,"line_start":17,"suggested_replacement":null,"suggestion_applicability":null,"text":[{"highlight_end":25,"highlight_start":1,"text":"pub struct RoadMeshCache {"}]}]}}
{"reason":"compiler-message","package_id":"path+file:///Users/bradyjeong/Documents/Projects/Amp/gta4/gta_game/gameplay_sim#0.1.0","manifest_path":"/Users/bradyjeong/Documents/Projects/Amp/gta4/gta_game/gameplay_sim/Cargo.toml","target":{"kind":["lib"],"crate_types":["lib"],"name":"gameplay_sim","src_path":"/Users/bradyjeong/Documents/Projects/Amp/gta4/gta_game/gameplay_sim/src/lib.rs","edition":"2021","doc":true,"doctest":true,"test":true},"message":{"rendered":"warning: missing documentation for a variant\n  --> gameplay_sim/src/systems/input/vehicle_control_config.rs:13:5\n   |\n13 |     Meta,       // Exit vehicle, debug\n   |     ^^^^\n\n","$message_type":"diagnostic","children":[],"code":{"code":"missing_docs","explanation":null},"level":"warning","message":"missing documentation for a variant","spans":[{"byte_end":418,"byte_start":414,"column_end":9,"column_start":5,"expansion":null,"file_name":"gameplay_sim/src/systems/input/vehicle_control_config.rs","is_primary":true,"label":null,"line_end":13,"line_start":13,"suggested_replacement":null,"suggestion_applicability":null,"text":[{"highlight_end":9,"highlight_start":5,"text":"    Meta,       // Exit vehicle, debug"}]}]}}
{"reason":"compiler-message","package_id":"path+file:///Users/bradyjeong/Documents/Projects/Amp/gta4/gta_game/gameplay_sim#0.1.0","manifest_path":"/Users/bradyjeong/Documents/Projects/Amp/gta4/gta_game/gameplay_sim/Cargo.toml","target":{"kind":["lib"],"crate_types":["lib"],"name":"gameplay_sim","src_path":"/Users/bradyjeong/Documents/Projects/Amp/gta4/gta_game/gameplay_sim/src/lib.rs","edition":"2021","doc":true,"doctest":true,"test":true},"message":{"rendered":"warning: missing documentation for a struct field\n  --> gameplay_sim/src/systems/world/road_mesh.rs:18:5\n   |\n18 |     pub road_meshes: HashMap<String, Handle<Mesh>>,\n   |     ^^^^^^^^^^^^^^^^^^^^^^^^^^^^^^^^^^^^^^^^^^^^^^\n\n","$message_type":"diagnostic","children":[],"code":{"code":"missing_docs","explanation":null},"level":"warning","message":"missing documentation for a struct field","spans":[{"byte_end":798,"byte_start":752,"column_end":51,"column_start":5,"expansion":null,"file_name":"gameplay_sim/src/systems/world/road_mesh.rs","is_primary":true,"label":null,"line_end":18,"line_start":18,"suggested_replacement":null,"suggestion_applicability":null,"text":[{"highlight_end":51,"highlight_start":5,"text":"    pub road_meshes: HashMap<String, Handle<Mesh>>,"}]}]}}
{"reason":"compiler-message","package_id":"path+file:///Users/bradyjeong/Documents/Projects/Amp/gta4/gta_game/gameplay_sim#0.1.0","manifest_path":"/Users/bradyjeong/Documents/Projects/Amp/gta4/gta_game/gameplay_sim/Cargo.toml","target":{"kind":["lib"],"crate_types":["lib"],"name":"gameplay_sim","src_path":"/Users/bradyjeong/Documents/Projects/Amp/gta4/gta_game/gameplay_sim/src/lib.rs","edition":"2021","doc":true,"doctest":true,"test":true},"message":{"rendered":"warning: missing documentation for a struct\n  --> gameplay_sim/src/systems/input/vehicle_control_config.rs:17:1\n   |\n17 | pub struct ControlBinding {\n   | ^^^^^^^^^^^^^^^^^^^^^^^^^\n\n","$message_type":"diagnostic","children":[],"code":{"code":"missing_docs","explanation":null},"level":"warning","message":"missing documentation for a struct","spans":[{"byte_end":501,"byte_start":476,"column_end":26,"column_start":1,"expansion":null,"file_name":"gameplay_sim/src/systems/input/vehicle_control_config.rs","is_primary":true,"label":null,"line_end":17,"line_start":17,"suggested_replacement":null,"suggestion_applicability":null,"text":[{"highlight_end":26,"highlight_start":1,"text":"pub struct ControlBinding {"}]}]}}
{"reason":"compiler-message","package_id":"path+file:///Users/bradyjeong/Documents/Projects/Amp/gta4/gta_game/gameplay_sim#0.1.0","manifest_path":"/Users/bradyjeong/Documents/Projects/Amp/gta4/gta_game/gameplay_sim/Cargo.toml","target":{"kind":["lib"],"crate_types":["lib"],"name":"gameplay_sim","src_path":"/Users/bradyjeong/Documents/Projects/Amp/gta4/gta_game/gameplay_sim/src/lib.rs","edition":"2021","doc":true,"doctest":true,"test":true},"message":{"rendered":"warning: missing documentation for a struct field\n  --> gameplay_sim/src/systems/input/vehicle_control_config.rs:18:5\n   |\n18 |     pub action: InputAction,\n   |     ^^^^^^^^^^^^^^^^^^^^^^^\n\n","$message_type":"diagnostic","children":[],"code":{"code":"missing_docs","explanation":null},"level":"warning","message":"missing documentation for a struct field","spans":[{"byte_end":531,"byte_start":508,"column_end":28,"column_start":5,"expansion":null,"file_name":"gameplay_sim/src/systems/input/vehicle_control_config.rs","is_primary":true,"label":null,"line_end":18,"line_start":18,"suggested_replacement":null,"suggestion_applicability":null,"text":[{"highlight_end":28,"highlight_start":5,"text":"    pub action: InputAction,"}]}]}}
{"reason":"compiler-message","package_id":"path+file:///Users/bradyjeong/Documents/Projects/Amp/gta4/gta_game/gameplay_sim#0.1.0","manifest_path":"/Users/bradyjeong/Documents/Projects/Amp/gta4/gta_game/gameplay_sim/Cargo.toml","target":{"kind":["lib"],"crate_types":["lib"],"name":"gameplay_sim","src_path":"/Users/bradyjeong/Documents/Projects/Amp/gta4/gta_game/gameplay_sim/src/lib.rs","edition":"2021","doc":true,"doctest":true,"test":true},"message":{"rendered":"warning: missing documentation for a function\n  --> gameplay_sim/src/systems/world/road_mesh.rs:21:1\n   |\n21 | / pub fn generate_road_mesh_cached(\n22 | |     road: &RoadSpline,\n23 | |     meshes: &mut ResMut<Assets<Mesh>>,\n24 | |     mut mesh_cache: ResMut<RoadMeshCache>,\n25 | | ) -> Handle<Mesh> {\n   | |_________________^\n\n","$message_type":"diagnostic","children":[],"code":{"code":"missing_docs","explanation":null},"level":"warning","message":"missing documentation for a function","spans":[{"byte_end":959,"byte_start":803,"column_end":18,"column_start":1,"expansion":null,"file_name":"gameplay_sim/src/systems/world/road_mesh.rs","is_primary":true,"label":null,"line_end":25,"line_start":21,"suggested_replacement":null,"suggestion_applicability":null,"text":[{"highlight_end":34,"highlight_start":1,"text":"pub fn generate_road_mesh_cached("},{"highlight_end":23,"highlight_start":1,"text":"    road: &RoadSpline,"},{"highlight_end":39,"highlight_start":1,"text":"    meshes: &mut ResMut<Assets<Mesh>>,"},{"highlight_end":43,"highlight_start":1,"text":"    mut mesh_cache: ResMut<RoadMeshCache>,"},{"highlight_end":18,"highlight_start":1,"text":") -> Handle<Mesh> {"}]}]}}
{"reason":"compiler-message","package_id":"path+file:///Users/bradyjeong/Documents/Projects/Amp/gta4/gta_game/gameplay_sim#0.1.0","manifest_path":"/Users/bradyjeong/Documents/Projects/Amp/gta4/gta_game/gameplay_sim/Cargo.toml","target":{"kind":["lib"],"crate_types":["lib"],"name":"gameplay_sim","src_path":"/Users/bradyjeong/Documents/Projects/Amp/gta4/gta_game/gameplay_sim/src/lib.rs","edition":"2021","doc":true,"doctest":true,"test":true},"message":{"rendered":"warning: missing documentation for a struct field\n  --> gameplay_sim/src/systems/input/vehicle_control_config.rs:19:5\n   |\n19 |     pub key: KeyCode,\n   |     ^^^^^^^^^^^^^^^^\n\n","$message_type":"diagnostic","children":[],"code":{"code":"missing_docs","explanation":null},"level":"warning","message":"missing documentation for a struct field","spans":[{"byte_end":553,"byte_start":537,"column_end":21,"column_start":5,"expansion":null,"file_name":"gameplay_sim/src/systems/input/vehicle_control_config.rs","is_primary":true,"label":null,"line_end":19,"line_start":19,"suggested_replacement":null,"suggestion_applicability":null,"text":[{"highlight_end":21,"highlight_start":5,"text":"    pub key: KeyCode,"}]}]}}
{"reason":"compiler-message","package_id":"path+file:///Users/bradyjeong/Documents/Projects/Amp/gta4/gta_game/gameplay_sim#0.1.0","manifest_path":"/Users/bradyjeong/Documents/Projects/Amp/gta4/gta_game/gameplay_sim/Cargo.toml","target":{"kind":["lib"],"crate_types":["lib"],"name":"gameplay_sim","src_path":"/Users/bradyjeong/Documents/Projects/Amp/gta4/gta_game/gameplay_sim/src/lib.rs","edition":"2021","doc":true,"doctest":true,"test":true},"message":{"rendered":"warning: missing documentation for a function\n  --> gameplay_sim/src/systems/world/road_mesh.rs:43:1\n   |\n43 | pub fn generate_road_mesh(road: &RoadSpline) -> Mesh {\n   | ^^^^^^^^^^^^^^^^^^^^^^^^^^^^^^^^^^^^^^^^^^^^^^^^^^^^\n\n","$message_type":"diagnostic","children":[],"code":{"code":"missing_docs","explanation":null},"level":"warning","message":"missing documentation for a function","spans":[{"byte_end":1509,"byte_start":1457,"column_end":53,"column_start":1,"expansion":null,"file_name":"gameplay_sim/src/systems/world/road_mesh.rs","is_primary":true,"label":null,"line_end":43,"line_start":43,"suggested_replacement":null,"suggestion_applicability":null,"text":[{"highlight_end":53,"highlight_start":1,"text":"pub fn generate_road_mesh(road: &RoadSpline) -> Mesh {"}]}]}}
{"reason":"compiler-message","package_id":"path+file:///Users/bradyjeong/Documents/Projects/Amp/gta4/gta_game/gameplay_sim#0.1.0","manifest_path":"/Users/bradyjeong/Documents/Projects/Amp/gta4/gta_game/gameplay_sim/Cargo.toml","target":{"kind":["lib"],"crate_types":["lib"],"name":"gameplay_sim","src_path":"/Users/bradyjeong/Documents/Projects/Amp/gta4/gta_game/gameplay_sim/src/lib.rs","edition":"2021","doc":true,"doctest":true,"test":true},"message":{"rendered":"warning: missing documentation for a struct field\n  --> gameplay_sim/src/systems/input/vehicle_control_config.rs:20:5\n   |\n20 |     pub description: String,\n   |     ^^^^^^^^^^^^^^^^^^^^^^^\n\n","$message_type":"diagnostic","children":[],"code":{"code":"missing_docs","explanation":null},"level":"warning","message":"missing documentation for a struct field","spans":[{"byte_end":582,"byte_start":559,"column_end":28,"column_start":5,"expansion":null,"file_name":"gameplay_sim/src/systems/input/vehicle_control_config.rs","is_primary":true,"label":null,"line_end":20,"line_start":20,"suggested_replacement":null,"suggestion_applicability":null,"text":[{"highlight_end":28,"highlight_start":5,"text":"    pub description: String,"}]}]}}
{"reason":"compiler-message","package_id":"path+file:///Users/bradyjeong/Documents/Projects/Amp/gta4/gta_game/gameplay_sim#0.1.0","manifest_path":"/Users/bradyjeong/Documents/Projects/Amp/gta4/gta_game/gameplay_sim/Cargo.toml","target":{"kind":["lib"],"crate_types":["lib"],"name":"gameplay_sim","src_path":"/Users/bradyjeong/Documents/Projects/Amp/gta4/gta_game/gameplay_sim/src/lib.rs","edition":"2021","doc":true,"doctest":true,"test":true},"message":{"rendered":"warning: missing documentation for a struct field\n  --> gameplay_sim/src/systems/input/vehicle_control_config.rs:21:5\n   |\n21 |     pub category: ControlCategory,\n   |     ^^^^^^^^^^^^^^^^^^^^^^^^^^^^^\n\n","$message_type":"diagnostic","children":[],"code":{"code":"missing_docs","explanation":null},"level":"warning","message":"missing documentation for a struct field","spans":[{"byte_end":617,"byte_start":588,"column_end":34,"column_start":5,"expansion":null,"file_name":"gameplay_sim/src/systems/input/vehicle_control_config.rs","is_primary":true,"label":null,"line_end":21,"line_start":21,"suggested_replacement":null,"suggestion_applicability":null,"text":[{"highlight_end":34,"highlight_start":5,"text":"    pub category: ControlCategory,"}]}]}}
{"reason":"compiler-message","package_id":"path+file:///Users/bradyjeong/Documents/Projects/Amp/gta4/gta_game/gameplay_sim#0.1.0","manifest_path":"/Users/bradyjeong/Documents/Projects/Amp/gta4/gta_game/gameplay_sim/Cargo.toml","target":{"kind":["lib"],"crate_types":["lib"],"name":"gameplay_sim","src_path":"/Users/bradyjeong/Documents/Projects/Amp/gta4/gta_game/gameplay_sim/src/lib.rs","edition":"2021","doc":true,"doctest":true,"test":true},"message":{"rendered":"warning: missing documentation for a function\n   --> gameplay_sim/src/systems/world/road_mesh.rs:118:1\n    |\n118 | pub fn generate_road_markings_mesh(road: &RoadSpline) -> Vec<Mesh> {\n    | ^^^^^^^^^^^^^^^^^^^^^^^^^^^^^^^^^^^^^^^^^^^^^^^^^^^^^^^^^^^^^^^^^^\n\n","$message_type":"diagnostic","children":[],"code":{"code":"missing_docs","explanation":null},"level":"warning","message":"missing documentation for a function","spans":[{"byte_end":3975,"byte_start":3909,"column_end":67,"column_start":1,"expansion":null,"file_name":"gameplay_sim/src/systems/world/road_mesh.rs","is_primary":true,"label":null,"line_end":118,"line_start":118,"suggested_replacement":null,"suggestion_applicability":null,"text":[{"highlight_end":67,"highlight_start":1,"text":"pub fn generate_road_markings_mesh(road: &RoadSpline) -> Vec<Mesh> {"}]}]}}
{"reason":"compiler-message","package_id":"path+file:///Users/bradyjeong/Documents/Projects/Amp/gta4/gta_game/gameplay_sim#0.1.0","manifest_path":"/Users/bradyjeong/Documents/Projects/Amp/gta4/gta_game/gameplay_sim/Cargo.toml","target":{"kind":["lib"],"crate_types":["lib"],"name":"gameplay_sim","src_path":"/Users/bradyjeong/Documents/Projects/Amp/gta4/gta_game/gameplay_sim/src/lib.rs","edition":"2021","doc":true,"doctest":true,"test":true},"message":{"rendered":"warning: missing documentation for a struct\n  --> gameplay_sim/src/systems/input/vehicle_control_config.rs:25:1\n   |\n25 | pub struct VehicleControlConfig {\n   | ^^^^^^^^^^^^^^^^^^^^^^^^^^^^^^^\n\n","$message_type":"diagnostic","children":[],"code":{"code":"missing_docs","explanation":null},"level":"warning","message":"missing documentation for a struct","spans":[{"byte_end":687,"byte_start":656,"column_end":32,"column_start":1,"expansion":null,"file_name":"gameplay_sim/src/systems/input/vehicle_control_config.rs","is_primary":true,"label":null,"line_end":25,"line_start":25,"suggested_replacement":null,"suggestion_applicability":null,"text":[{"highlight_end":32,"highlight_start":1,"text":"pub struct VehicleControlConfig {"}]}]}}
{"reason":"compiler-message","package_id":"path+file:///Users/bradyjeong/Documents/Projects/Amp/gta4/gta_game/gameplay_sim#0.1.0","manifest_path":"/Users/bradyjeong/Documents/Projects/Amp/gta4/gta_game/gameplay_sim/Cargo.toml","target":{"kind":["lib"],"crate_types":["lib"],"name":"gameplay_sim","src_path":"/Users/bradyjeong/Documents/Projects/Amp/gta4/gta_game/gameplay_sim/src/lib.rs","edition":"2021","doc":true,"doctest":true,"test":true},"message":{"rendered":"warning: missing documentation for a method\n  --> gameplay_sim/src/systems/input/vehicle_control_config.rs:85:5\n   |\n85 | /     pub fn get_key_for_vehicle_action(\n86 | |         &self,\n87 | |         vehicle_type: VehicleType,\n88 | |         action: InputAction,\n89 | |     ) -> Option<KeyCode> {\n   | |________________________^\n\n","$message_type":"diagnostic","children":[],"code":{"code":"missing_docs","explanation":null},"level":"warning","message":"missing documentation for a method","spans":[{"byte_end":4485,"byte_start":4347,"column_end":25,"column_start":5,"expansion":null,"file_name":"gameplay_sim/src/systems/input/vehicle_control_config.rs","is_primary":true,"label":null,"line_end":89,"line_start":85,"suggested_replacement":null,"suggestion_applicability":null,"text":[{"highlight_end":39,"highlight_start":5,"text":"    pub fn get_key_for_vehicle_action("},{"highlight_end":15,"highlight_start":1,"text":"        &self,"},{"highlight_end":35,"highlight_start":1,"text":"        vehicle_type: VehicleType,"},{"highlight_end":29,"highlight_start":1,"text":"        action: InputAction,"},{"highlight_end":25,"highlight_start":1,"text":"    ) -> Option<KeyCode> {"}]}]}}
{"reason":"compiler-message","package_id":"path+file:///Users/bradyjeong/Documents/Projects/Amp/gta4/gta_game/gameplay_sim#0.1.0","manifest_path":"/Users/bradyjeong/Documents/Projects/Amp/gta4/gta_game/gameplay_sim/Cargo.toml","target":{"kind":["lib"],"crate_types":["lib"],"name":"gameplay_sim","src_path":"/Users/bradyjeong/Documents/Projects/Amp/gta4/gta_game/gameplay_sim/src/lib.rs","edition":"2021","doc":true,"doctest":true,"test":true},"message":{"rendered":"warning: missing documentation for a method\n  --> gameplay_sim/src/systems/input/vehicle_control_config.rs:96:5\n   |\n96 | /     pub fn get_vehicle_controls(\n97 | |         &self,\n98 | |         vehicle_type: VehicleType,\n99 | |     ) -> Option<&Vec<ControlBinding>> {\n   | |_____________________________________^\n\n","$message_type":"diagnostic","children":[],"code":{"code":"missing_docs","explanation":null},"level":"warning","message":"missing documentation for a method","spans":[{"byte_end":4737,"byte_start":4621,"column_end":38,"column_start":5,"expansion":null,"file_name":"gameplay_sim/src/systems/input/vehicle_control_config.rs","is_primary":true,"label":null,"line_end":99,"line_start":96,"suggested_replacement":null,"suggestion_applicability":null,"text":[{"highlight_end":33,"highlight_start":5,"text":"    pub fn get_vehicle_controls("},{"highlight_end":15,"highlight_start":1,"text":"        &self,"},{"highlight_end":35,"highlight_start":1,"text":"        vehicle_type: VehicleType,"},{"highlight_end":38,"highlight_start":1,"text":"    ) -> Option<&Vec<ControlBinding>> {"}]}]}}
{"reason":"compiler-message","package_id":"path+file:///Users/bradyjeong/Documents/Projects/Amp/gta4/gta_game/gameplay_sim#0.1.0","manifest_path":"/Users/bradyjeong/Documents/Projects/Amp/gta4/gta_game/gameplay_sim/Cargo.toml","target":{"kind":["lib"],"crate_types":["lib"],"name":"gameplay_sim","src_path":"/Users/bradyjeong/Documents/Projects/Amp/gta4/gta_game/gameplay_sim/src/lib.rs","edition":"2021","doc":true,"doctest":true,"test":true},"message":{"rendered":"warning: missing documentation for a method\n   --> gameplay_sim/src/systems/input/vehicle_control_config.rs:103:5\n    |\n103 | /     pub fn get_vehicle_controls_by_category(\n104 | |         &self,\n105 | |         vehicle_type: VehicleType,\n106 | |         category: ControlCategory,\n107 | |     ) -> Vec<&ControlBinding> {\n    | |_____________________________^\n\n","$message_type":"diagnostic","children":[],"code":{"code":"missing_docs","explanation":null},"level":"warning","message":"missing documentation for a method","spans":[{"byte_end":4955,"byte_start":4800,"column_end":30,"column_start":5,"expansion":null,"file_name":"gameplay_sim/src/systems/input/vehicle_control_config.rs","is_primary":true,"label":null,"line_end":107,"line_start":103,"suggested_replacement":null,"suggestion_applicability":null,"text":[{"highlight_end":45,"highlight_start":5,"text":"    pub fn get_vehicle_controls_by_category("},{"highlight_end":15,"highlight_start":1,"text":"        &self,"},{"highlight_end":35,"highlight_start":1,"text":"        vehicle_type: VehicleType,"},{"highlight_end":35,"highlight_start":1,"text":"        category: ControlCategory,"},{"highlight_end":30,"highlight_start":1,"text":"    ) -> Vec<&ControlBinding> {"}]}]}}
{"reason":"compiler-message","package_id":"path+file:///Users/bradyjeong/Documents/Projects/Amp/gta4/gta_game/gameplay_sim#0.1.0","manifest_path":"/Users/bradyjeong/Documents/Projects/Amp/gta4/gta_game/gameplay_sim/Cargo.toml","target":{"kind":["lib"],"crate_types":["lib"],"name":"gameplay_sim","src_path":"/Users/bradyjeong/Documents/Projects/Amp/gta4/gta_game/gameplay_sim/src/lib.rs","edition":"2021","doc":true,"doctest":true,"test":true},"message":{"rendered":"warning: missing documentation for a function\n   --> gameplay_sim/src/systems/world/road_mesh.rs:345:1\n    |\n345 | pub fn generate_intersection_mesh() -> Option<Mesh> {\n    | ^^^^^^^^^^^^^^^^^^^^^^^^^^^^^^^^^^^^^^^^^^^^^^^^^^^\n\n","$message_type":"diagnostic","children":[],"code":{"code":"missing_docs","explanation":null},"level":"warning","message":"missing documentation for a function","spans":[{"byte_end":11354,"byte_start":11303,"column_end":52,"column_start":1,"expansion":null,"file_name":"gameplay_sim/src/systems/world/road_mesh.rs","is_primary":true,"label":null,"line_end":345,"line_start":345,"suggested_replacement":null,"suggestion_applicability":null,"text":[{"highlight_end":52,"highlight_start":1,"text":"pub fn generate_intersection_mesh() -> Option<Mesh> {"}]}]}}
{"reason":"compiler-message","package_id":"path+file:///Users/bradyjeong/Documents/Projects/Amp/gta4/gta_game/gameplay_sim#0.1.0","manifest_path":"/Users/bradyjeong/Documents/Projects/Amp/gta4/gta_game/gameplay_sim/Cargo.toml","target":{"kind":["lib"],"crate_types":["lib"],"name":"gameplay_sim","src_path":"/Users/bradyjeong/Documents/Projects/Amp/gta4/gta_game/gameplay_sim/src/lib.rs","edition":"2021","doc":true,"doctest":true,"test":true},"message":{"rendered":"warning: missing documentation for a method\n   --> gameplay_sim/src/systems/input/vehicle_control_config.rs:114:5\n    |\n114 | /     pub fn get_available_actions(\n115 | |         &self,\n116 | |         vehicle_type: VehicleType,\n117 | |     ) -> Vec<InputAction> {\n    | |_________________________^\n\n","$message_type":"diagnostic","children":[],"code":{"code":"missing_docs","explanation":null},"level":"warning","message":"missing documentation for a method","spans":[{"byte_end":5245,"byte_start":5140,"column_end":26,"column_start":5,"expansion":null,"file_name":"gameplay_sim/src/systems/input/vehicle_control_config.rs","is_primary":true,"label":null,"line_end":117,"line_start":114,"suggested_replacement":null,"suggestion_applicability":null,"text":[{"highlight_end":34,"highlight_start":5,"text":"    pub fn get_available_actions("},{"highlight_end":15,"highlight_start":1,"text":"        &self,"},{"highlight_end":35,"highlight_start":1,"text":"        vehicle_type: VehicleType,"},{"highlight_end":26,"highlight_start":1,"text":"    ) -> Vec<InputAction> {"}]}]}}
{"reason":"compiler-message","package_id":"path+file:///Users/bradyjeong/Documents/Projects/Amp/gta4/gta_game/gameplay_sim#0.1.0","manifest_path":"/Users/bradyjeong/Documents/Projects/Amp/gta4/gta_game/gameplay_sim/Cargo.toml","target":{"kind":["lib"],"crate_types":["lib"],"name":"gameplay_sim","src_path":"/Users/bradyjeong/Documents/Projects/Amp/gta4/gta_game/gameplay_sim/src/lib.rs","edition":"2021","doc":true,"doctest":true,"test":true},"message":{"rendered":"warning: missing documentation for a method\n   --> gameplay_sim/src/systems/input/vehicle_control_config.rs:124:5\n    |\n124 | /     pub fn is_action_available_for_vehicle(\n125 | |         &self,\n126 | |         vehicle_type: VehicleType,\n127 | |         action: InputAction,\n128 | |     ) -> bool {\n    | |_____________^\n\n","$message_type":"diagnostic","children":[],"code":{"code":"missing_docs","explanation":null},"level":"warning","message":"missing documentation for a method","spans":[{"byte_end":5545,"byte_start":5413,"column_end":14,"column_start":5,"expansion":null,"file_name":"gameplay_sim/src/systems/input/vehicle_control_config.rs","is_primary":true,"label":null,"line_end":128,"line_start":124,"suggested_replacement":null,"suggestion_applicability":null,"text":[{"highlight_end":44,"highlight_start":5,"text":"    pub fn is_action_available_for_vehicle("},{"highlight_end":15,"highlight_start":1,"text":"        &self,"},{"highlight_end":35,"highlight_start":1,"text":"        vehicle_type: VehicleType,"},{"highlight_end":29,"highlight_start":1,"text":"        action: InputAction,"},{"highlight_end":14,"highlight_start":1,"text":"    ) -> bool {"}]}]}}
{"reason":"compiler-message","package_id":"path+file:///Users/bradyjeong/Documents/Projects/Amp/gta4/gta_game/gameplay_sim#0.1.0","manifest_path":"/Users/bradyjeong/Documents/Projects/Amp/gta4/gta_game/gameplay_sim/Cargo.toml","target":{"kind":["lib"],"crate_types":["lib"],"name":"gameplay_sim","src_path":"/Users/bradyjeong/Documents/Projects/Amp/gta4/gta_game/gameplay_sim/src/lib.rs","edition":"2021","doc":true,"doctest":true,"test":true},"message":{"rendered":"warning: missing documentation for a struct\n  --> gameplay_sim/src/systems/world/road_generation.rs:21:1\n   |\n21 | pub struct RoadGenerationCache {\n   | ^^^^^^^^^^^^^^^^^^^^^^^^^^^^^^\n\n","$message_type":"diagnostic","children":[],"code":{"code":"missing_docs","explanation":null},"level":"warning","message":"missing documentation for a struct","spans":[{"byte_end":901,"byte_start":871,"column_end":31,"column_start":1,"expansion":null,"file_name":"gameplay_sim/src/systems/world/road_generation.rs","is_primary":true,"label":null,"line_end":21,"line_start":21,"suggested_replacement":null,"suggestion_applicability":null,"text":[{"highlight_end":31,"highlight_start":1,"text":"pub struct RoadGenerationCache {"}]}]}}
{"reason":"compiler-message","package_id":"path+file:///Users/bradyjeong/Documents/Projects/Amp/gta4/gta_game/gameplay_sim#0.1.0","manifest_path":"/Users/bradyjeong/Documents/Projects/Amp/gta4/gta_game/gameplay_sim/Cargo.toml","target":{"kind":["lib"],"crate_types":["lib"],"name":"gameplay_sim","src_path":"/Users/bradyjeong/Documents/Projects/Amp/gta4/gta_game/gameplay_sim/src/lib.rs","edition":"2021","doc":true,"doctest":true,"test":true},"message":{"rendered":"warning: missing documentation for an associated function\n   --> gameplay_sim/src/systems/input/vehicle_control_config.rs:136:5\n    |\n136 |     pub fn game_state_to_vehicle_type(state: &GameState) -> VehicleType {\n    |     ^^^^^^^^^^^^^^^^^^^^^^^^^^^^^^^^^^^^^^^^^^^^^^^^^^^^^^^^^^^^^^^^^^^\n\n","$message_type":"diagnostic","children":[],"code":{"code":"missing_docs","explanation":null},"level":"warning","message":"missing documentation for an associated function","spans":[{"byte_end":5836,"byte_start":5769,"column_end":72,"column_start":5,"expansion":null,"file_name":"gameplay_sim/src/systems/input/vehicle_control_config.rs","is_primary":true,"label":null,"line_end":136,"line_start":136,"suggested_replacement":null,"suggestion_applicability":null,"text":[{"highlight_end":72,"highlight_start":5,"text":"    pub fn game_state_to_vehicle_type(state: &GameState) -> VehicleType {"}]}]}}
{"reason":"compiler-message","package_id":"path+file:///Users/bradyjeong/Documents/Projects/Amp/gta4/gta_game/gameplay_sim#0.1.0","manifest_path":"/Users/bradyjeong/Documents/Projects/Amp/gta4/gta_game/gameplay_sim/Cargo.toml","target":{"kind":["lib"],"crate_types":["lib"],"name":"gameplay_sim","src_path":"/Users/bradyjeong/Documents/Projects/Amp/gta4/gta_game/gameplay_sim/src/lib.rs","edition":"2021","doc":true,"doctest":true,"test":true},"message":{"rendered":"warning: missing documentation for a struct field\n  --> gameplay_sim/src/systems/world/road_generation.rs:22:5\n   |\n22 |     pub generated_chunks: HashSet<(i32, i32)>,\n   |     ^^^^^^^^^^^^^^^^^^^^^^^^^^^^^^^^^^^^^^^^^\n\n","$message_type":"diagnostic","children":[],"code":{"code":"missing_docs","explanation":null},"level":"warning","message":"missing documentation for a struct field","spans":[{"byte_end":949,"byte_start":908,"column_end":46,"column_start":5,"expansion":null,"file_name":"gameplay_sim/src/systems/world/road_generation.rs","is_primary":true,"label":null,"line_end":22,"line_start":22,"suggested_replacement":null,"suggestion_applicability":null,"text":[{"highlight_end":46,"highlight_start":5,"text":"    pub generated_chunks: HashSet<(i32, i32)>,"}]}]}}
{"reason":"compiler-message","package_id":"path+file:///Users/bradyjeong/Documents/Projects/Amp/gta4/gta_game/gameplay_sim#0.1.0","manifest_path":"/Users/bradyjeong/Documents/Projects/Amp/gta4/gta_game/gameplay_sim/Cargo.toml","target":{"kind":["lib"],"crate_types":["lib"],"name":"gameplay_sim","src_path":"/Users/bradyjeong/Documents/Projects/Amp/gta4/gta_game/gameplay_sim/src/lib.rs","edition":"2021","doc":true,"doctest":true,"test":true},"message":{"rendered":"warning: missing documentation for a struct field\n  --> gameplay_sim/src/systems/world/road_generation.rs:23:5\n   |\n23 |     pub last_player_chunk: Option<(i32, i32)>,\n   |     ^^^^^^^^^^^^^^^^^^^^^^^^^^^^^^^^^^^^^^^^^\n\n","$message_type":"diagnostic","children":[],"code":{"code":"missing_docs","explanation":null},"level":"warning","message":"missing documentation for a struct field","spans":[{"byte_end":996,"byte_start":955,"column_end":46,"column_start":5,"expansion":null,"file_name":"gameplay_sim/src/systems/world/road_generation.rs","is_primary":true,"label":null,"line_end":23,"line_start":23,"suggested_replacement":null,"suggestion_applicability":null,"text":[{"highlight_end":46,"highlight_start":5,"text":"    pub last_player_chunk: Option<(i32, i32)>,"}]}]}}
{"reason":"compiler-message","package_id":"path+file:///Users/bradyjeong/Documents/Projects/Amp/gta4/gta_game/gameplay_sim#0.1.0","manifest_path":"/Users/bradyjeong/Documents/Projects/Amp/gta4/gta_game/gameplay_sim/Cargo.toml","target":{"kind":["lib"],"crate_types":["lib"],"name":"gameplay_sim","src_path":"/Users/bradyjeong/Documents/Projects/Amp/gta4/gta_game/gameplay_sim/src/lib.rs","edition":"2021","doc":true,"doctest":true,"test":true},"message":{"rendered":"warning: missing documentation for a method\n   --> gameplay_sim/src/systems/input/vehicle_control_config.rs:145:5\n    |\n145 | /     pub fn get_controls_for_state(\n146 | |         &self,\n147 | |         state: &GameState,\n148 | |     ) -> Option<&Vec<ControlBinding>> {\n    | |_____________________________________^\n\n","$message_type":"diagnostic","children":[],"code":{"code":"missing_docs","explanation":null},"level":"warning","message":"missing documentation for a method","spans":[{"byte_end":6215,"byte_start":6105,"column_end":38,"column_start":5,"expansion":null,"file_name":"gameplay_sim/src/systems/input/vehicle_control_config.rs","is_primary":true,"label":null,"line_end":148,"line_start":145,"suggested_replacement":null,"suggestion_applicability":null,"text":[{"highlight_end":35,"highlight_start":5,"text":"    pub fn get_controls_for_state("},{"highlight_end":15,"highlight_start":1,"text":"        &self,"},{"highlight_end":27,"highlight_start":1,"text":"        state: &GameState,"},{"highlight_end":38,"highlight_start":1,"text":"    ) -> Option<&Vec<ControlBinding>> {"}]}]}}
{"reason":"compiler-message","package_id":"path+file:///Users/bradyjeong/Documents/Projects/Amp/gta4/gta_game/gameplay_sim#0.1.0","manifest_path":"/Users/bradyjeong/Documents/Projects/Amp/gta4/gta_game/gameplay_sim/Cargo.toml","target":{"kind":["lib"],"crate_types":["lib"],"name":"gameplay_sim","src_path":"/Users/bradyjeong/Documents/Projects/Amp/gta4/gta_game/gameplay_sim/src/lib.rs","edition":"2021","doc":true,"doctest":true,"test":true},"message":{"rendered":"warning: missing documentation for a method\n  --> gameplay_sim/src/systems/world/road_generation.rs:28:5\n   |\n28 |     fn clear_cache(&mut self);\n   |     ^^^^^^^^^^^^^^^^^^^^^^^^^^\n\n","$message_type":"diagnostic","children":[],"code":{"code":"missing_docs","explanation":null},"level":"warning","message":"missing documentation for a method","spans":[{"byte_end":1115,"byte_start":1089,"column_end":31,"column_start":5,"expansion":null,"file_name":"gameplay_sim/src/systems/world/road_generation.rs","is_primary":true,"label":null,"line_end":28,"line_start":28,"suggested_replacement":null,"suggestion_applicability":null,"text":[{"highlight_end":31,"highlight_start":5,"text":"    fn clear_cache(&mut self);"}]}]}}
{"reason":"compiler-message","package_id":"path+file:///Users/bradyjeong/Documents/Projects/Amp/gta4/gta_game/gameplay_sim#0.1.0","manifest_path":"/Users/bradyjeong/Documents/Projects/Amp/gta4/gta_game/gameplay_sim/Cargo.toml","target":{"kind":["lib"],"crate_types":["lib"],"name":"gameplay_sim","src_path":"/Users/bradyjeong/Documents/Projects/Amp/gta4/gta_game/gameplay_sim/src/lib.rs","edition":"2021","doc":true,"doctest":true,"test":true},"message":{"rendered":"warning: missing documentation for a method\n   --> gameplay_sim/src/systems/input/vehicle_control_config.rs:154:5\n    |\n154 | /     pub fn update_control(\n155 | |         &mut self,\n156 | |         vehicle_type: VehicleType,\n157 | |         action: InputAction,\n158 | |         new_key: KeyCode,\n159 | |     ) -> Result<(), String> {\n    | |___________________________^\n\n","$message_type":"diagnostic","children":[],"code":{"code":"missing_docs","explanation":null},"level":"warning","message":"missing documentation for a method","spans":[{"byte_end":6518,"byte_start":6359,"column_end":28,"column_start":5,"expansion":null,"file_name":"gameplay_sim/src/systems/input/vehicle_control_config.rs","is_primary":true,"label":null,"line_end":159,"line_start":154,"suggested_replacement":null,"suggestion_applicability":null,"text":[{"highlight_end":27,"highlight_start":5,"text":"    pub fn update_control("},{"highlight_end":19,"highlight_start":1,"text":"        &mut self,"},{"highlight_end":35,"highlight_start":1,"text":"        vehicle_type: VehicleType,"},{"highlight_end":29,"highlight_start":1,"text":"        action: InputAction,"},{"highlight_end":26,"highlight_start":1,"text":"        new_key: KeyCode,"},{"highlight_end":28,"highlight_start":1,"text":"    ) -> Result<(), String> {"}]}]}}
{"reason":"compiler-message","package_id":"path+file:///Users/bradyjeong/Documents/Projects/Amp/gta4/gta_game/gameplay_sim#0.1.0","manifest_path":"/Users/bradyjeong/Documents/Projects/Amp/gta4/gta_game/gameplay_sim/Cargo.toml","target":{"kind":["lib"],"crate_types":["lib"],"name":"gameplay_sim","src_path":"/Users/bradyjeong/Documents/Projects/Amp/gta4/gta_game/gameplay_sim/src/lib.rs","edition":"2021","doc":true,"doctest":true,"test":true},"message":{"rendered":"warning: missing documentation for a method\n  --> gameplay_sim/src/systems/world/road_generation.rs:29:5\n   |\n29 |     fn generate_chunk_roads(&mut self, chunk_x: i32, chunk_z: i32) -> Vec<u32>;\n   |     ^^^^^^^^^^^^^^^^^^^^^^^^^^^^^^^^^^^^^^^^^^^^^^^^^^^^^^^^^^^^^^^^^^^^^^^^^^^\n\n","$message_type":"diagnostic","children":[],"code":{"code":"missing_docs","explanation":null},"level":"warning","message":"missing documentation for a method","spans":[{"byte_end":1195,"byte_start":1120,"column_end":80,"column_start":5,"expansion":null,"file_name":"gameplay_sim/src/systems/world/road_generation.rs","is_primary":true,"label":null,"line_end":29,"line_start":29,"suggested_replacement":null,"suggestion_applicability":null,"text":[{"highlight_end":80,"highlight_start":5,"text":"    fn generate_chunk_roads(&mut self, chunk_x: i32, chunk_z: i32) -> Vec<u32>;"}]}]}}
{"reason":"compiler-message","package_id":"path+file:///Users/bradyjeong/Documents/Projects/Amp/gta4/gta_game/gameplay_sim#0.1.0","manifest_path":"/Users/bradyjeong/Documents/Projects/Amp/gta4/gta_game/gameplay_sim/Cargo.toml","target":{"kind":["lib"],"crate_types":["lib"],"name":"gameplay_sim","src_path":"/Users/bradyjeong/Documents/Projects/Amp/gta4/gta_game/gameplay_sim/src/lib.rs","edition":"2021","doc":true,"doctest":true,"test":true},"message":{"rendered":"warning: missing documentation for a method\n   --> gameplay_sim/src/systems/input/vehicle_control_config.rs:181:5\n    |\n181 | /     pub fn add_control(\n182 | |         &mut self,\n183 | |         vehicle_type: VehicleType,\n184 | |         binding: ControlBinding,\n185 | |     ) -> Result<(), String> {\n    | |___________________________^\n\n","$message_type":"diagnostic","children":[],"code":{"code":"missing_docs","explanation":null},"level":"warning","message":"missing documentation for a method","spans":[{"byte_end":7455,"byte_start":7321,"column_end":28,"column_start":5,"expansion":null,"file_name":"gameplay_sim/src/systems/input/vehicle_control_config.rs","is_primary":true,"label":null,"line_end":185,"line_start":181,"suggested_replacement":null,"suggestion_applicability":null,"text":[{"highlight_end":24,"highlight_start":5,"text":"    pub fn add_control("},{"highlight_end":19,"highlight_start":1,"text":"        &mut self,"},{"highlight_end":35,"highlight_start":1,"text":"        vehicle_type: VehicleType,"},{"highlight_end":33,"highlight_start":1,"text":"        binding: ControlBinding,"},{"highlight_end":28,"highlight_start":1,"text":"    ) -> Result<(), String> {"}]}]}}
{"reason":"compiler-message","package_id":"path+file:///Users/bradyjeong/Documents/Projects/Amp/gta4/gta_game/gameplay_sim#0.1.0","manifest_path":"/Users/bradyjeong/Documents/Projects/Amp/gta4/gta_game/gameplay_sim/Cargo.toml","target":{"kind":["lib"],"crate_types":["lib"],"name":"gameplay_sim","src_path":"/Users/bradyjeong/Documents/Projects/Amp/gta4/gta_game/gameplay_sim/src/lib.rs","edition":"2021","doc":true,"doctest":true,"test":true},"message":{"rendered":"warning: missing documentation for a method\n   --> gameplay_sim/src/systems/input/vehicle_control_config.rs:210:5\n    |\n210 |     pub fn reset_to_defaults(&mut self) {\n    |     ^^^^^^^^^^^^^^^^^^^^^^^^^^^^^^^^^^^\n\n","$message_type":"diagnostic","children":[],"code":{"code":"missing_docs","explanation":null},"level":"warning","message":"missing documentation for a method","spans":[{"byte_end":8279,"byte_start":8244,"column_end":40,"column_start":5,"expansion":null,"file_name":"gameplay_sim/src/systems/input/vehicle_control_config.rs","is_primary":true,"label":null,"line_end":210,"line_start":210,"suggested_replacement":null,"suggestion_applicability":null,"text":[{"highlight_end":40,"highlight_start":5,"text":"    pub fn reset_to_defaults(&mut self) {"}]}]}}
{"reason":"compiler-message","package_id":"path+file:///Users/bradyjeong/Documents/Projects/Amp/gta4/gta_game/gameplay_sim#0.1.0","manifest_path":"/Users/bradyjeong/Documents/Projects/Amp/gta4/gta_game/gameplay_sim/Cargo.toml","target":{"kind":["lib"],"crate_types":["lib"],"name":"gameplay_sim","src_path":"/Users/bradyjeong/Documents/Projects/Amp/gta4/gta_game/gameplay_sim/src/lib.rs","edition":"2021","doc":true,"doctest":true,"test":true},"message":{"rendered":"warning: missing documentation for an enum\n  --> gameplay_sim/src/systems/input/control_manager.rs:26:1\n   |\n26 | pub enum ControlAction {\n   | ^^^^^^^^^^^^^^^^^^^^^^\n\n","$message_type":"diagnostic","children":[],"code":{"code":"missing_docs","explanation":null},"level":"warning","message":"missing documentation for an enum","spans":[{"byte_end":1074,"byte_start":1052,"column_end":23,"column_start":1,"expansion":null,"file_name":"gameplay_sim/src/systems/input/control_manager.rs","is_primary":true,"label":null,"line_end":26,"line_start":26,"suggested_replacement":null,"suggestion_applicability":null,"text":[{"highlight_end":23,"highlight_start":1,"text":"pub enum ControlAction {"}]}]}}
{"reason":"compiler-message","package_id":"path+file:///Users/bradyjeong/Documents/Projects/Amp/gta4/gta_game/gameplay_sim#0.1.0","manifest_path":"/Users/bradyjeong/Documents/Projects/Amp/gta4/gta_game/gameplay_sim/Cargo.toml","target":{"kind":["lib"],"crate_types":["lib"],"name":"gameplay_sim","src_path":"/Users/bradyjeong/Documents/Projects/Amp/gta4/gta_game/gameplay_sim/src/lib.rs","edition":"2021","doc":true,"doctest":true,"test":true},"message":{"rendered":"warning: missing documentation for a variant\n  --> gameplay_sim/src/systems/input/control_manager.rs:28:5\n   |\n28 |     Accelerate,\n   |     ^^^^^^^^^^\n\n","$message_type":"diagnostic","children":[],"code":{"code":"missing_docs","explanation":null},"level":"warning","message":"missing documentation for a variant","spans":[{"byte_end":1107,"byte_start":1097,"column_end":15,"column_start":5,"expansion":null,"file_name":"gameplay_sim/src/systems/input/control_manager.rs","is_primary":true,"label":null,"line_end":28,"line_start":28,"suggested_replacement":null,"suggestion_applicability":null,"text":[{"highlight_end":15,"highlight_start":5,"text":"    Accelerate,"}]}]}}
{"reason":"compiler-message","package_id":"path+file:///Users/bradyjeong/Documents/Projects/Amp/gta4/gta_game/gameplay_sim#0.1.0","manifest_path":"/Users/bradyjeong/Documents/Projects/Amp/gta4/gta_game/gameplay_sim/Cargo.toml","target":{"kind":["lib"],"crate_types":["lib"],"name":"gameplay_sim","src_path":"/Users/bradyjeong/Documents/Projects/Amp/gta4/gta_game/gameplay_sim/src/lib.rs","edition":"2021","doc":true,"doctest":true,"test":true},"message":{"rendered":"warning: missing documentation for a function\n   --> gameplay_sim/src/systems/world/road_generation.rs:123:1\n    |\n123 | / pub fn road_generation_system(\n124 | |     mut commands: Commands,\n125 | |     active_query: Query<&Transform, With<ActiveEntity>>,\n126 | |     road_query: Query<(Entity, &Transform), With<RoadEntity>>,\n127 | |     mut road_network: ResMut<RoadNetwork>,\n128 | |     mut cache: ResMut<RoadGenerationCache>,\n129 | | ) {\n    | |_^\n\n","$message_type":"diagnostic","children":[],"code":{"code":"missing_docs","explanation":null},"level":"warning","message":"missing documentation for a function","spans":[{"byte_end":4471,"byte_start":4204,"column_end":2,"column_start":1,"expansion":null,"file_name":"gameplay_sim/src/systems/world/road_generation.rs","is_primary":true,"label":null,"line_end":129,"line_start":123,"suggested_replacement":null,"suggestion_applicability":null,"text":[{"highlight_end":31,"highlight_start":1,"text":"pub fn road_generation_system("},{"highlight_end":28,"highlight_start":1,"text":"    mut commands: Commands,"},{"highlight_end":57,"highlight_start":1,"text":"    active_query: Query<&Transform, With<ActiveEntity>>,"},{"highlight_end":63,"highlight_start":1,"text":"    road_query: Query<(Entity, &Transform), With<RoadEntity>>,"},{"highlight_end":43,"highlight_start":1,"text":"    mut road_network: ResMut<RoadNetwork>,"},{"highlight_end":44,"highlight_start":1,"text":"    mut cache: ResMut<RoadGenerationCache>,"},{"highlight_end":2,"highlight_start":1,"text":") {"}]}]}}
{"reason":"compiler-message","package_id":"path+file:///Users/bradyjeong/Documents/Projects/Amp/gta4/gta_game/gameplay_sim#0.1.0","manifest_path":"/Users/bradyjeong/Documents/Projects/Amp/gta4/gta_game/gameplay_sim/Cargo.toml","target":{"kind":["lib"],"crate_types":["lib"],"name":"gameplay_sim","src_path":"/Users/bradyjeong/Documents/Projects/Amp/gta4/gta_game/gameplay_sim/src/lib.rs","edition":"2021","doc":true,"doctest":true,"test":true},"message":{"rendered":"warning: missing documentation for a variant\n  --> gameplay_sim/src/systems/input/control_manager.rs:29:5\n   |\n29 |     Brake,\n   |     ^^^^^\n\n","$message_type":"diagnostic","children":[],"code":{"code":"missing_docs","explanation":null},"level":"warning","message":"missing documentation for a variant","spans":[{"byte_end":1118,"byte_start":1113,"column_end":10,"column_start":5,"expansion":null,"file_name":"gameplay_sim/src/systems/input/control_manager.rs","is_primary":true,"label":null,"line_end":29,"line_start":29,"suggested_replacement":null,"suggestion_applicability":null,"text":[{"highlight_end":10,"highlight_start":5,"text":"    Brake,"}]}]}}
{"reason":"compiler-message","package_id":"path+file:///Users/bradyjeong/Documents/Projects/Amp/gta4/gta_game/gameplay_sim#0.1.0","manifest_path":"/Users/bradyjeong/Documents/Projects/Amp/gta4/gta_game/gameplay_sim/Cargo.toml","target":{"kind":["lib"],"crate_types":["lib"],"name":"gameplay_sim","src_path":"/Users/bradyjeong/Documents/Projects/Amp/gta4/gta_game/gameplay_sim/src/lib.rs","edition":"2021","doc":true,"doctest":true,"test":true},"message":{"rendered":"warning: missing documentation for a variant\n  --> gameplay_sim/src/systems/input/control_manager.rs:30:5\n   |\n30 |     Steer,\n   |     ^^^^^\n\n","$message_type":"diagnostic","children":[],"code":{"code":"missing_docs","explanation":null},"level":"warning","message":"missing documentation for a variant","spans":[{"byte_end":1129,"byte_start":1124,"column_end":10,"column_start":5,"expansion":null,"file_name":"gameplay_sim/src/systems/input/control_manager.rs","is_primary":true,"label":null,"line_end":30,"line_start":30,"suggested_replacement":null,"suggestion_applicability":null,"text":[{"highlight_end":10,"highlight_start":5,"text":"    Steer,"}]}]}}
{"reason":"compiler-message","package_id":"path+file:///Users/bradyjeong/Documents/Projects/Amp/gta4/gta_game/gameplay_sim#0.1.0","manifest_path":"/Users/bradyjeong/Documents/Projects/Amp/gta4/gta_game/gameplay_sim/Cargo.toml","target":{"kind":["lib"],"crate_types":["lib"],"name":"gameplay_sim","src_path":"/Users/bradyjeong/Documents/Projects/Amp/gta4/gta_game/gameplay_sim/src/lib.rs","edition":"2021","doc":true,"doctest":true,"test":true},"message":{"rendered":"warning: missing documentation for a variant\n  --> gameplay_sim/src/systems/input/control_manager.rs:33:5\n   |\n33 |     Pitch,\n   |     ^^^^^\n\n","$message_type":"diagnostic","children":[],"code":{"code":"missing_docs","explanation":null},"level":"warning","message":"missing documentation for a variant","spans":[{"byte_end":1183,"byte_start":1178,"column_end":10,"column_start":5,"expansion":null,"file_name":"gameplay_sim/src/systems/input/control_manager.rs","is_primary":true,"label":null,"line_end":33,"line_start":33,"suggested_replacement":null,"suggestion_applicability":null,"text":[{"highlight_end":10,"highlight_start":5,"text":"    Pitch,"}]}]}}
{"reason":"compiler-message","package_id":"path+file:///Users/bradyjeong/Documents/Projects/Amp/gta4/gta_game/gameplay_sim#0.1.0","manifest_path":"/Users/bradyjeong/Documents/Projects/Amp/gta4/gta_game/gameplay_sim/Cargo.toml","target":{"kind":["lib"],"crate_types":["lib"],"name":"gameplay_sim","src_path":"/Users/bradyjeong/Documents/Projects/Amp/gta4/gta_game/gameplay_sim/src/lib.rs","edition":"2021","doc":true,"doctest":true,"test":true},"message":{"rendered":"warning: missing documentation for a variant\n  --> gameplay_sim/src/systems/input/control_manager.rs:34:5\n   |\n34 |     Roll,\n   |     ^^^^\n\n","$message_type":"diagnostic","children":[],"code":{"code":"missing_docs","explanation":null},"level":"warning","message":"missing documentation for a variant","spans":[{"byte_end":1193,"byte_start":1189,"column_end":9,"column_start":5,"expansion":null,"file_name":"gameplay_sim/src/systems/input/control_manager.rs","is_primary":true,"label":null,"line_end":34,"line_start":34,"suggested_replacement":null,"suggestion_applicability":null,"text":[{"highlight_end":9,"highlight_start":5,"text":"    Roll,"}]}]}}
{"reason":"compiler-message","package_id":"path+file:///Users/bradyjeong/Documents/Projects/Amp/gta4/gta_game/gameplay_sim#0.1.0","manifest_path":"/Users/bradyjeong/Documents/Projects/Amp/gta4/gta_game/gameplay_sim/Cargo.toml","target":{"kind":["lib"],"crate_types":["lib"],"name":"gameplay_sim","src_path":"/Users/bradyjeong/Documents/Projects/Amp/gta4/gta_game/gameplay_sim/src/lib.rs","edition":"2021","doc":true,"doctest":true,"test":true},"message":{"rendered":"warning: missing documentation for a function\n   --> gameplay_sim/src/systems/world/road_generation.rs:266:1\n    |\n266 | pub fn is_on_road_spline(position: Vec3, road_network: &RoadNetwork, tolerance: f32) -> bool {\n    | ^^^^^^^^^^^^^^^^^^^^^^^^^^^^^^^^^^^^^^^^^^^^^^^^^^^^^^^^^^^^^^^^^^^^^^^^^^^^^^^^^^^^^^^^^^^^\n\n","$message_type":"diagnostic","children":[],"code":{"code":"missing_docs","explanation":null},"level":"warning","message":"missing documentation for a function","spans":[{"byte_end":9616,"byte_start":9524,"column_end":93,"column_start":1,"expansion":null,"file_name":"gameplay_sim/src/systems/world/road_generation.rs","is_primary":true,"label":null,"line_end":266,"line_start":266,"suggested_replacement":null,"suggestion_applicability":null,"text":[{"highlight_end":93,"highlight_start":1,"text":"pub fn is_on_road_spline(position: Vec3, road_network: &RoadNetwork, tolerance: f32) -> bool {"}]}]}}
{"reason":"compiler-message","package_id":"path+file:///Users/bradyjeong/Documents/Projects/Amp/gta4/gta_game/gameplay_sim#0.1.0","manifest_path":"/Users/bradyjeong/Documents/Projects/Amp/gta4/gta_game/gameplay_sim/Cargo.toml","target":{"kind":["lib"],"crate_types":["lib"],"name":"gameplay_sim","src_path":"/Users/bradyjeong/Documents/Projects/Amp/gta4/gta_game/gameplay_sim/src/lib.rs","edition":"2021","doc":true,"doctest":true,"test":true},"message":{"rendered":"warning: missing documentation for a variant\n  --> gameplay_sim/src/systems/input/control_manager.rs:35:5\n   |\n35 |     Yaw,\n   |     ^^^\n\n","$message_type":"diagnostic","children":[],"code":{"code":"missing_docs","explanation":null},"level":"warning","message":"missing documentation for a variant","spans":[{"byte_end":1202,"byte_start":1199,"column_end":8,"column_start":5,"expansion":null,"file_name":"gameplay_sim/src/systems/input/control_manager.rs","is_primary":true,"label":null,"line_end":35,"line_start":35,"suggested_replacement":null,"suggestion_applicability":null,"text":[{"highlight_end":8,"highlight_start":5,"text":"    Yaw,"}]}]}}
{"reason":"compiler-message","package_id":"path+file:///Users/bradyjeong/Documents/Projects/Amp/gta4/gta_game/gameplay_sim#0.1.0","manifest_path":"/Users/bradyjeong/Documents/Projects/Amp/gta4/gta_game/gameplay_sim/Cargo.toml","target":{"kind":["lib"],"crate_types":["lib"],"name":"gameplay_sim","src_path":"/Users/bradyjeong/Documents/Projects/Amp/gta4/gta_game/gameplay_sim/src/lib.rs","edition":"2021","doc":true,"doctest":true,"test":true},"message":{"rendered":"warning: missing documentation for a function\n   --> gameplay_sim/src/systems/world/road_generation.rs:270:1\n    |\n270 | pub fn find_nearest_road_position(position: Vec3, road_network: &RoadNetwork) -> Vec3 {\n    | ^^^^^^^^^^^^^^^^^^^^^^^^^^^^^^^^^^^^^^^^^^^^^^^^^^^^^^^^^^^^^^^^^^^^^^^^^^^^^^^^^^^^^\n\n","$message_type":"diagnostic","children":[],"code":{"code":"missing_docs","explanation":null},"level":"warning","message":"missing documentation for a function","spans":[{"byte_end":9776,"byte_start":9691,"column_end":86,"column_start":1,"expansion":null,"file_name":"gameplay_sim/src/systems/world/road_generation.rs","is_primary":true,"label":null,"line_end":270,"line_start":270,"suggested_replacement":null,"suggestion_applicability":null,"text":[{"highlight_end":86,"highlight_start":1,"text":"pub fn find_nearest_road_position(position: Vec3, road_network: &RoadNetwork) -> Vec3 {"}]}]}}
{"reason":"compiler-message","package_id":"path+file:///Users/bradyjeong/Documents/Projects/Amp/gta4/gta_game/gameplay_sim#0.1.0","manifest_path":"/Users/bradyjeong/Documents/Projects/Amp/gta4/gta_game/gameplay_sim/Cargo.toml","target":{"kind":["lib"],"crate_types":["lib"],"name":"gameplay_sim","src_path":"/Users/bradyjeong/Documents/Projects/Amp/gta4/gta_game/gameplay_sim/src/lib.rs","edition":"2021","doc":true,"doctest":true,"test":true},"message":{"rendered":"warning: missing documentation for a variant\n  --> gameplay_sim/src/systems/input/control_manager.rs:36:5\n   |\n36 |     Throttle,\n   |     ^^^^^^^^\n\n","$message_type":"diagnostic","children":[],"code":{"code":"missing_docs","explanation":null},"level":"warning","message":"missing documentation for a variant","spans":[{"byte_end":1216,"byte_start":1208,"column_end":13,"column_start":5,"expansion":null,"file_name":"gameplay_sim/src/systems/input/control_manager.rs","is_primary":true,"label":null,"line_end":36,"line_start":36,"suggested_replacement":null,"suggestion_applicability":null,"text":[{"highlight_end":13,"highlight_start":5,"text":"    Throttle,"}]}]}}
{"reason":"compiler-message","package_id":"path+file:///Users/bradyjeong/Documents/Projects/Amp/gta4/gta_game/gameplay_sim#0.1.0","manifest_path":"/Users/bradyjeong/Documents/Projects/Amp/gta4/gta_game/gameplay_sim/Cargo.toml","target":{"kind":["lib"],"crate_types":["lib"],"name":"gameplay_sim","src_path":"/Users/bradyjeong/Documents/Projects/Amp/gta4/gta_game/gameplay_sim/src/lib.rs","edition":"2021","doc":true,"doctest":true,"test":true},"message":{"rendered":"warning: missing documentation for a variant\n  --> gameplay_sim/src/systems/input/control_manager.rs:39:5\n   |\n39 |     Turbo,\n   |     ^^^^^\n\n","$message_type":"diagnostic","children":[],"code":{"code":"missing_docs","explanation":null},"level":"warning","message":"missing documentation for a variant","spans":[{"byte_end":1247,"byte_start":1242,"column_end":10,"column_start":5,"expansion":null,"file_name":"gameplay_sim/src/systems/input/control_manager.rs","is_primary":true,"label":null,"line_end":39,"line_start":39,"suggested_replacement":null,"suggestion_applicability":null,"text":[{"highlight_end":10,"highlight_start":5,"text":"    Turbo,"}]}]}}
{"reason":"compiler-message","package_id":"path+file:///Users/bradyjeong/Documents/Projects/Amp/gta4/gta_game/gameplay_sim#0.1.0","manifest_path":"/Users/bradyjeong/Documents/Projects/Amp/gta4/gta_game/gameplay_sim/Cargo.toml","target":{"kind":["lib"],"crate_types":["lib"],"name":"gameplay_sim","src_path":"/Users/bradyjeong/Documents/Projects/Amp/gta4/gta_game/gameplay_sim/src/lib.rs","edition":"2021","doc":true,"doctest":true,"test":true},"message":{"rendered":"warning: missing documentation for a variant\n  --> gameplay_sim/src/systems/input/control_manager.rs:40:5\n   |\n40 |     Afterburner,\n   |     ^^^^^^^^^^^\n\n","$message_type":"diagnostic","children":[],"code":{"code":"missing_docs","explanation":null},"level":"warning","message":"missing documentation for a variant","spans":[{"byte_end":1264,"byte_start":1253,"column_end":16,"column_start":5,"expansion":null,"file_name":"gameplay_sim/src/systems/input/control_manager.rs","is_primary":true,"label":null,"line_end":40,"line_start":40,"suggested_replacement":null,"suggestion_applicability":null,"text":[{"highlight_end":16,"highlight_start":5,"text":"    Afterburner,"}]}]}}
{"reason":"compiler-message","package_id":"path+file:///Users/bradyjeong/Documents/Projects/Amp/gta4/gta_game/gameplay_sim#0.1.0","manifest_path":"/Users/bradyjeong/Documents/Projects/Amp/gta4/gta_game/gameplay_sim/Cargo.toml","target":{"kind":["lib"],"crate_types":["lib"],"name":"gameplay_sim","src_path":"/Users/bradyjeong/Documents/Projects/Amp/gta4/gta_game/gameplay_sim/src/lib.rs","edition":"2021","doc":true,"doctest":true,"test":true},"message":{"rendered":"warning: missing documentation for a struct\n  --> gameplay_sim/src/systems/world/map_system.rs:24:1\n   |\n24 | pub struct MapSystem {\n   | ^^^^^^^^^^^^^^^^^^^^\n\n","$message_type":"diagnostic","children":[],"code":{"code":"missing_docs","explanation":null},"level":"warning","message":"missing documentation for a struct","spans":[{"byte_end":973,"byte_start":953,"column_end":21,"column_start":1,"expansion":null,"file_name":"gameplay_sim/src/systems/world/map_system.rs","is_primary":true,"label":null,"line_end":24,"line_start":24,"suggested_replacement":null,"suggestion_applicability":null,"text":[{"highlight_end":21,"highlight_start":1,"text":"pub struct MapSystem {"}]}]}}
{"reason":"compiler-message","package_id":"path+file:///Users/bradyjeong/Documents/Projects/Amp/gta4/gta_game/gameplay_sim#0.1.0","manifest_path":"/Users/bradyjeong/Documents/Projects/Amp/gta4/gta_game/gameplay_sim/Cargo.toml","target":{"kind":["lib"],"crate_types":["lib"],"name":"gameplay_sim","src_path":"/Users/bradyjeong/Documents/Projects/Amp/gta4/gta_game/gameplay_sim/src/lib.rs","edition":"2021","doc":true,"doctest":true,"test":true},"message":{"rendered":"warning: missing documentation for a variant\n  --> gameplay_sim/src/systems/input/control_manager.rs:41:5\n   |\n41 |     EmergencyBrake,\n   |     ^^^^^^^^^^^^^^\n\n","$message_type":"diagnostic","children":[],"code":{"code":"missing_docs","explanation":null},"level":"warning","message":"missing documentation for a variant","spans":[{"byte_end":1284,"byte_start":1270,"column_end":19,"column_start":5,"expansion":null,"file_name":"gameplay_sim/src/systems/input/control_manager.rs","is_primary":true,"label":null,"line_end":41,"line_start":41,"suggested_replacement":null,"suggestion_applicability":null,"text":[{"highlight_end":19,"highlight_start":5,"text":"    EmergencyBrake,"}]}]}}
{"reason":"compiler-message","package_id":"path+file:///Users/bradyjeong/Documents/Projects/Amp/gta4/gta_game/gameplay_sim#0.1.0","manifest_path":"/Users/bradyjeong/Documents/Projects/Amp/gta4/gta_game/gameplay_sim/Cargo.toml","target":{"kind":["lib"],"crate_types":["lib"],"name":"gameplay_sim","src_path":"/Users/bradyjeong/Documents/Projects/Amp/gta4/gta_game/gameplay_sim/src/lib.rs","edition":"2021","doc":true,"doctest":true,"test":true},"message":{"rendered":"warning: missing documentation for a struct field\n  --> gameplay_sim/src/systems/world/map_system.rs:25:5\n   |\n25 |     pub generated_chunks: HashMap<(i32, i32), Entity>,\n   |     ^^^^^^^^^^^^^^^^^^^^^^^^^^^^^^^^^^^^^^^^^^^^^^^^^\n\n","$message_type":"diagnostic","children":[],"code":{"code":"missing_docs","explanation":null},"level":"warning","message":"missing documentation for a struct field","spans":[{"byte_end":1029,"byte_start":980,"column_end":54,"column_start":5,"expansion":null,"file_name":"gameplay_sim/src/systems/world/map_system.rs","is_primary":true,"label":null,"line_end":25,"line_start":25,"suggested_replacement":null,"suggestion_applicability":null,"text":[{"highlight_end":54,"highlight_start":5,"text":"    pub generated_chunks: HashMap<(i32, i32), Entity>,"}]}]}}
{"reason":"compiler-message","package_id":"path+file:///Users/bradyjeong/Documents/Projects/Amp/gta4/gta_game/gameplay_sim#0.1.0","manifest_path":"/Users/bradyjeong/Documents/Projects/Amp/gta4/gta_game/gameplay_sim/Cargo.toml","target":{"kind":["lib"],"crate_types":["lib"],"name":"gameplay_sim","src_path":"/Users/bradyjeong/Documents/Projects/Amp/gta4/gta_game/gameplay_sim/src/lib.rs","edition":"2021","doc":true,"doctest":true,"test":true},"message":{"rendered":"warning: missing documentation for a variant\n  --> gameplay_sim/src/systems/input/control_manager.rs:42:5\n   |\n42 |     Emergency,\n   |     ^^^^^^^^^\n\n","$message_type":"diagnostic","children":[],"code":{"code":"missing_docs","explanation":null},"level":"warning","message":"missing documentation for a variant","spans":[{"byte_end":1299,"byte_start":1290,"column_end":14,"column_start":5,"expansion":null,"file_name":"gameplay_sim/src/systems/input/control_manager.rs","is_primary":true,"label":null,"line_end":42,"line_start":42,"suggested_replacement":null,"suggestion_applicability":null,"text":[{"highlight_end":14,"highlight_start":5,"text":"    Emergency,"}]}]}}
{"reason":"compiler-message","package_id":"path+file:///Users/bradyjeong/Documents/Projects/Amp/gta4/gta_game/gameplay_sim#0.1.0","manifest_path":"/Users/bradyjeong/Documents/Projects/Amp/gta4/gta_game/gameplay_sim/Cargo.toml","target":{"kind":["lib"],"crate_types":["lib"],"name":"gameplay_sim","src_path":"/Users/bradyjeong/Documents/Projects/Amp/gta4/gta_game/gameplay_sim/src/lib.rs","edition":"2021","doc":true,"doctest":true,"test":true},"message":{"rendered":"warning: missing documentation for a struct field\n  --> gameplay_sim/src/systems/world/map_system.rs:26:5\n   |\n26 |     pub chunk_templates: Vec<ChunkTemplate>,\n   |     ^^^^^^^^^^^^^^^^^^^^^^^^^^^^^^^^^^^^^^^\n\n","$message_type":"diagnostic","children":[],"code":{"code":"missing_docs","explanation":null},"level":"warning","message":"missing documentation for a struct field","spans":[{"byte_end":1074,"byte_start":1035,"column_end":44,"column_start":5,"expansion":null,"file_name":"gameplay_sim/src/systems/world/map_system.rs","is_primary":true,"label":null,"line_end":26,"line_start":26,"suggested_replacement":null,"suggestion_applicability":null,"text":[{"highlight_end":44,"highlight_start":5,"text":"    pub chunk_templates: Vec<ChunkTemplate>,"}]}]}}
{"reason":"compiler-message","package_id":"path+file:///Users/bradyjeong/Documents/Projects/Amp/gta4/gta_game/gameplay_sim#0.1.0","manifest_path":"/Users/bradyjeong/Documents/Projects/Amp/gta4/gta_game/gameplay_sim/Cargo.toml","target":{"kind":["lib"],"crate_types":["lib"],"name":"gameplay_sim","src_path":"/Users/bradyjeong/Documents/Projects/Amp/gta4/gta_game/gameplay_sim/src/lib.rs","edition":"2021","doc":true,"doctest":true,"test":true},"message":{"rendered":"warning: missing documentation for a variant\n  --> gameplay_sim/src/systems/input/control_manager.rs:45:5\n   |\n45 |     NPCMove,\n   |     ^^^^^^^\n\n","$message_type":"diagnostic","children":[],"code":{"code":"missing_docs","explanation":null},"level":"warning","message":"missing documentation for a variant","spans":[{"byte_end":1339,"byte_start":1332,"column_end":12,"column_start":5,"expansion":null,"file_name":"gameplay_sim/src/systems/input/control_manager.rs","is_primary":true,"label":null,"line_end":45,"line_start":45,"suggested_replacement":null,"suggestion_applicability":null,"text":[{"highlight_end":12,"highlight_start":5,"text":"    NPCMove,"}]}]}}
{"reason":"compiler-message","package_id":"path+file:///Users/bradyjeong/Documents/Projects/Amp/gta4/gta_game/gameplay_sim#0.1.0","manifest_path":"/Users/bradyjeong/Documents/Projects/Amp/gta4/gta_game/gameplay_sim/Cargo.toml","target":{"kind":["lib"],"crate_types":["lib"],"name":"gameplay_sim","src_path":"/Users/bradyjeong/Documents/Projects/Amp/gta4/gta_game/gameplay_sim/src/lib.rs","edition":"2021","doc":true,"doctest":true,"test":true},"message":{"rendered":"warning: missing documentation for a struct\n  --> gameplay_sim/src/systems/world/map_system.rs:30:1\n   |\n30 | pub struct ChunkTemplate {\n   | ^^^^^^^^^^^^^^^^^^^^^^^^\n\n","$message_type":"diagnostic","children":[],"code":{"code":"missing_docs","explanation":null},"level":"warning","message":"missing documentation for a struct","spans":[{"byte_end":1120,"byte_start":1096,"column_end":25,"column_start":1,"expansion":null,"file_name":"gameplay_sim/src/systems/world/map_system.rs","is_primary":true,"label":null,"line_end":30,"line_start":30,"suggested_replacement":null,"suggestion_applicability":null,"text":[{"highlight_end":25,"highlight_start":1,"text":"pub struct ChunkTemplate {"}]}]}}
{"reason":"compiler-message","package_id":"path+file:///Users/bradyjeong/Documents/Projects/Amp/gta4/gta_game/gameplay_sim#0.1.0","manifest_path":"/Users/bradyjeong/Documents/Projects/Amp/gta4/gta_game/gameplay_sim/Cargo.toml","target":{"kind":["lib"],"crate_types":["lib"],"name":"gameplay_sim","src_path":"/Users/bradyjeong/Documents/Projects/Amp/gta4/gta_game/gameplay_sim/src/lib.rs","edition":"2021","doc":true,"doctest":true,"test":true},"message":{"rendered":"warning: missing documentation for a variant\n  --> gameplay_sim/src/systems/input/control_manager.rs:46:5\n   |\n46 |     NPCTurn,\n   |     ^^^^^^^\n\n","$message_type":"diagnostic","children":[],"code":{"code":"missing_docs","explanation":null},"level":"warning","message":"missing documentation for a variant","spans":[{"byte_end":1352,"byte_start":1345,"column_end":12,"column_start":5,"expansion":null,"file_name":"gameplay_sim/src/systems/input/control_manager.rs","is_primary":true,"label":null,"line_end":46,"line_start":46,"suggested_replacement":null,"suggestion_applicability":null,"text":[{"highlight_end":12,"highlight_start":5,"text":"    NPCTurn,"}]}]}}
{"reason":"compiler-message","package_id":"path+file:///Users/bradyjeong/Documents/Projects/Amp/gta4/gta_game/gameplay_sim#0.1.0","manifest_path":"/Users/bradyjeong/Documents/Projects/Amp/gta4/gta_game/gameplay_sim/Cargo.toml","target":{"kind":["lib"],"crate_types":["lib"],"name":"gameplay_sim","src_path":"/Users/bradyjeong/Documents/Projects/Amp/gta4/gta_game/gameplay_sim/src/lib.rs","edition":"2021","doc":true,"doctest":true,"test":true},"message":{"rendered":"warning: missing documentation for a struct field\n  --> gameplay_sim/src/systems/world/map_system.rs:31:5\n   |\n31 |     pub terrain_height: f32,\n   |     ^^^^^^^^^^^^^^^^^^^^^^^\n\n","$message_type":"diagnostic","children":[],"code":{"code":"missing_docs","explanation":null},"level":"warning","message":"missing documentation for a struct field","spans":[{"byte_end":1150,"byte_start":1127,"column_end":28,"column_start":5,"expansion":null,"file_name":"gameplay_sim/src/systems/world/map_system.rs","is_primary":true,"label":null,"line_end":31,"line_start":31,"suggested_replacement":null,"suggestion_applicability":null,"text":[{"highlight_end":28,"highlight_start":5,"text":"    pub terrain_height: f32,"}]}]}}
{"reason":"compiler-message","package_id":"path+file:///Users/bradyjeong/Documents/Projects/Amp/gta4/gta_game/gameplay_sim#0.1.0","manifest_path":"/Users/bradyjeong/Documents/Projects/Amp/gta4/gta_game/gameplay_sim/Cargo.toml","target":{"kind":["lib"],"crate_types":["lib"],"name":"gameplay_sim","src_path":"/Users/bradyjeong/Documents/Projects/Amp/gta4/gta_game/gameplay_sim/src/lib.rs","edition":"2021","doc":true,"doctest":true,"test":true},"message":{"rendered":"warning: missing documentation for a variant\n  --> gameplay_sim/src/systems/input/control_manager.rs:47:5\n   |\n47 |     NPCWander,\n   |     ^^^^^^^^^\n\n","$message_type":"diagnostic","children":[],"code":{"code":"missing_docs","explanation":null},"level":"warning","message":"missing documentation for a variant","spans":[{"byte_end":1367,"byte_start":1358,"column_end":14,"column_start":5,"expansion":null,"file_name":"gameplay_sim/src/systems/input/control_manager.rs","is_primary":true,"label":null,"line_end":47,"line_start":47,"suggested_replacement":null,"suggestion_applicability":null,"text":[{"highlight_end":14,"highlight_start":5,"text":"    NPCWander,"}]}]}}
{"reason":"compiler-message","package_id":"path+file:///Users/bradyjeong/Documents/Projects/Amp/gta4/gta_game/gameplay_sim#0.1.0","manifest_path":"/Users/bradyjeong/Documents/Projects/Amp/gta4/gta_game/gameplay_sim/Cargo.toml","target":{"kind":["lib"],"crate_types":["lib"],"name":"gameplay_sim","src_path":"/Users/bradyjeong/Documents/Projects/Amp/gta4/gta_game/gameplay_sim/src/lib.rs","edition":"2021","doc":true,"doctest":true,"test":true},"message":{"rendered":"warning: missing documentation for a struct field\n  --> gameplay_sim/src/systems/world/map_system.rs:32:5\n   |\n32 |     pub buildings: Vec<BuildingTemplate>,\n   |     ^^^^^^^^^^^^^^^^^^^^^^^^^^^^^^^^^^^^\n\n","$message_type":"diagnostic","children":[],"code":{"code":"missing_docs","explanation":null},"level":"warning","message":"missing documentation for a struct field","spans":[{"byte_end":1192,"byte_start":1156,"column_end":41,"column_start":5,"expansion":null,"file_name":"gameplay_sim/src/systems/world/map_system.rs","is_primary":true,"label":null,"line_end":32,"line_start":32,"suggested_replacement":null,"suggestion_applicability":null,"text":[{"highlight_end":41,"highlight_start":5,"text":"    pub buildings: Vec<BuildingTemplate>,"}]}]}}
{"reason":"compiler-message","package_id":"path+file:///Users/bradyjeong/Documents/Projects/Amp/gta4/gta_game/gameplay_sim#0.1.0","manifest_path":"/Users/bradyjeong/Documents/Projects/Amp/gta4/gta_game/gameplay_sim/Cargo.toml","target":{"kind":["lib"],"crate_types":["lib"],"name":"gameplay_sim","src_path":"/Users/bradyjeong/Documents/Projects/Amp/gta4/gta_game/gameplay_sim/src/lib.rs","edition":"2021","doc":true,"doctest":true,"test":true},"message":{"rendered":"warning: missing documentation for a variant\n  --> gameplay_sim/src/systems/input/control_manager.rs:50:5\n   |\n50 |     Interact,\n   |     ^^^^^^^^\n\n","$message_type":"diagnostic","children":[],"code":{"code":"missing_docs","explanation":null},"level":"warning","message":"missing documentation for a variant","spans":[{"byte_end":1405,"byte_start":1397,"column_end":13,"column_start":5,"expansion":null,"file_name":"gameplay_sim/src/systems/input/control_manager.rs","is_primary":true,"label":null,"line_end":50,"line_start":50,"suggested_replacement":null,"suggestion_applicability":null,"text":[{"highlight_end":13,"highlight_start":5,"text":"    Interact,"}]}]}}
{"reason":"compiler-message","package_id":"path+file:///Users/bradyjeong/Documents/Projects/Amp/gta4/gta_game/gameplay_sim#0.1.0","manifest_path":"/Users/bradyjeong/Documents/Projects/Amp/gta4/gta_game/gameplay_sim/Cargo.toml","target":{"kind":["lib"],"crate_types":["lib"],"name":"gameplay_sim","src_path":"/Users/bradyjeong/Documents/Projects/Amp/gta4/gta_game/gameplay_sim/src/lib.rs","edition":"2021","doc":true,"doctest":true,"test":true},"message":{"rendered":"warning: missing documentation for a variant\n  --> gameplay_sim/src/systems/input/control_manager.rs:51:5\n   |\n51 |     DebugInfo,\n   |     ^^^^^^^^^\n\n","$message_type":"diagnostic","children":[],"code":{"code":"missing_docs","explanation":null},"level":"warning","message":"missing documentation for a variant","spans":[{"byte_end":1420,"byte_start":1411,"column_end":14,"column_start":5,"expansion":null,"file_name":"gameplay_sim/src/systems/input/control_manager.rs","is_primary":true,"label":null,"line_end":51,"line_start":51,"suggested_replacement":null,"suggestion_applicability":null,"text":[{"highlight_end":14,"highlight_start":5,"text":"    DebugInfo,"}]}]}}
{"reason":"compiler-message","package_id":"path+file:///Users/bradyjeong/Documents/Projects/Amp/gta4/gta_game/gameplay_sim#0.1.0","manifest_path":"/Users/bradyjeong/Documents/Projects/Amp/gta4/gta_game/gameplay_sim/Cargo.toml","target":{"kind":["lib"],"crate_types":["lib"],"name":"gameplay_sim","src_path":"/Users/bradyjeong/Documents/Projects/Amp/gta4/gta_game/gameplay_sim/src/lib.rs","edition":"2021","doc":true,"doctest":true,"test":true},"message":{"rendered":"warning: missing documentation for a struct field\n  --> gameplay_sim/src/systems/world/map_system.rs:33:5\n   |\n33 |     pub vegetation: Vec<VegetationPatch>,\n   |     ^^^^^^^^^^^^^^^^^^^^^^^^^^^^^^^^^^^^\n\n","$message_type":"diagnostic","children":[],"code":{"code":"missing_docs","explanation":null},"level":"warning","message":"missing documentation for a struct field","spans":[{"byte_end":1234,"byte_start":1198,"column_end":41,"column_start":5,"expansion":null,"file_name":"gameplay_sim/src/systems/world/map_system.rs","is_primary":true,"label":null,"line_end":33,"line_start":33,"suggested_replacement":null,"suggestion_applicability":null,"text":[{"highlight_end":41,"highlight_start":5,"text":"    pub vegetation: Vec<VegetationPatch>,"}]}]}}
{"reason":"compiler-message","package_id":"path+file:///Users/bradyjeong/Documents/Projects/Amp/gta4/gta_game/gameplay_sim#0.1.0","manifest_path":"/Users/bradyjeong/Documents/Projects/Amp/gta4/gta_game/gameplay_sim/Cargo.toml","target":{"kind":["lib"],"crate_types":["lib"],"name":"gameplay_sim","src_path":"/Users/bradyjeong/Documents/Projects/Amp/gta4/gta_game/gameplay_sim/src/lib.rs","edition":"2021","doc":true,"doctest":true,"test":true},"message":{"rendered":"warning: missing documentation for a variant\n  --> gameplay_sim/src/systems/input/control_manager.rs:52:5\n   |\n52 |     EmergencyReset,\n   |     ^^^^^^^^^^^^^^\n\n","$message_type":"diagnostic","children":[],"code":{"code":"missing_docs","explanation":null},"level":"warning","message":"missing documentation for a variant","spans":[{"byte_end":1440,"byte_start":1426,"column_end":19,"column_start":5,"expansion":null,"file_name":"gameplay_sim/src/systems/input/control_manager.rs","is_primary":true,"label":null,"line_end":52,"line_start":52,"suggested_replacement":null,"suggestion_applicability":null,"text":[{"highlight_end":19,"highlight_start":5,"text":"    EmergencyReset,"}]}]}}
{"reason":"compiler-message","package_id":"path+file:///Users/bradyjeong/Documents/Projects/Amp/gta4/gta_game/gameplay_sim#0.1.0","manifest_path":"/Users/bradyjeong/Documents/Projects/Amp/gta4/gta_game/gameplay_sim/Cargo.toml","target":{"kind":["lib"],"crate_types":["lib"],"name":"gameplay_sim","src_path":"/Users/bradyjeong/Documents/Projects/Amp/gta4/gta_game/gameplay_sim/src/lib.rs","edition":"2021","doc":true,"doctest":true,"test":true},"message":{"rendered":"warning: missing documentation for a struct\n  --> gameplay_sim/src/systems/world/map_system.rs:37:1\n   |\n37 | pub struct BuildingTemplate {\n   | ^^^^^^^^^^^^^^^^^^^^^^^^^^^\n\n","$message_type":"diagnostic","children":[],"code":{"code":"missing_docs","explanation":null},"level":"warning","message":"missing documentation for a struct","spans":[{"byte_end":1283,"byte_start":1256,"column_end":28,"column_start":1,"expansion":null,"file_name":"gameplay_sim/src/systems/world/map_system.rs","is_primary":true,"label":null,"line_end":37,"line_start":37,"suggested_replacement":null,"suggestion_applicability":null,"text":[{"highlight_end":28,"highlight_start":1,"text":"pub struct BuildingTemplate {"}]}]}}
{"reason":"compiler-message","package_id":"path+file:///Users/bradyjeong/Documents/Projects/Amp/gta4/gta_game/gameplay_sim#0.1.0","manifest_path":"/Users/bradyjeong/Documents/Projects/Amp/gta4/gta_game/gameplay_sim/Cargo.toml","target":{"kind":["lib"],"crate_types":["lib"],"name":"gameplay_sim","src_path":"/Users/bradyjeong/Documents/Projects/Amp/gta4/gta_game/gameplay_sim/src/lib.rs","edition":"2021","doc":true,"doctest":true,"test":true},"message":{"rendered":"warning: missing documentation for a variant\n  --> gameplay_sim/src/systems/input/control_manager.rs:66:5\n   |\n66 |     Player,\n   |     ^^^^^^\n\n","$message_type":"diagnostic","children":[],"code":{"code":"missing_docs","explanation":null},"level":"warning","message":"missing documentation for a variant","spans":[{"byte_end":1882,"byte_start":1876,"column_end":11,"column_start":5,"expansion":null,"file_name":"gameplay_sim/src/systems/input/control_manager.rs","is_primary":true,"label":null,"line_end":66,"line_start":66,"suggested_replacement":null,"suggestion_applicability":null,"text":[{"highlight_end":11,"highlight_start":5,"text":"    Player,"}]}]}}
{"reason":"compiler-message","package_id":"path+file:///Users/bradyjeong/Documents/Projects/Amp/gta4/gta_game/gameplay_sim#0.1.0","manifest_path":"/Users/bradyjeong/Documents/Projects/Amp/gta4/gta_game/gameplay_sim/Cargo.toml","target":{"kind":["lib"],"crate_types":["lib"],"name":"gameplay_sim","src_path":"/Users/bradyjeong/Documents/Projects/Amp/gta4/gta_game/gameplay_sim/src/lib.rs","edition":"2021","doc":true,"doctest":true,"test":true},"message":{"rendered":"warning: missing documentation for a struct field\n  --> gameplay_sim/src/systems/world/map_system.rs:38:5\n   |\n38 |     pub position: Vec3,\n   |     ^^^^^^^^^^^^^^^^^^\n\n","$message_type":"diagnostic","children":[],"code":{"code":"missing_docs","explanation":null},"level":"warning","message":"missing documentation for a struct field","spans":[{"byte_end":1308,"byte_start":1290,"column_end":23,"column_start":5,"expansion":null,"file_name":"gameplay_sim/src/systems/world/map_system.rs","is_primary":true,"label":null,"line_end":38,"line_start":38,"suggested_replacement":null,"suggestion_applicability":null,"text":[{"highlight_end":23,"highlight_start":5,"text":"    pub position: Vec3,"}]}]}}
{"reason":"compiler-message","package_id":"path+file:///Users/bradyjeong/Documents/Projects/Amp/gta4/gta_game/gameplay_sim#0.1.0","manifest_path":"/Users/bradyjeong/Documents/Projects/Amp/gta4/gta_game/gameplay_sim/Cargo.toml","target":{"kind":["lib"],"crate_types":["lib"],"name":"gameplay_sim","src_path":"/Users/bradyjeong/Documents/Projects/Amp/gta4/gta_game/gameplay_sim/src/lib.rs","edition":"2021","doc":true,"doctest":true,"test":true},"message":{"rendered":"warning: missing documentation for a variant\n  --> gameplay_sim/src/systems/input/control_manager.rs:67:5\n   |\n67 |     Vehicle,\n   |     ^^^^^^^\n\n","$message_type":"diagnostic","children":[],"code":{"code":"missing_docs","explanation":null},"level":"warning","message":"missing documentation for a variant","spans":[{"byte_end":1895,"byte_start":1888,"column_end":12,"column_start":5,"expansion":null,"file_name":"gameplay_sim/src/systems/input/control_manager.rs","is_primary":true,"label":null,"line_end":67,"line_start":67,"suggested_replacement":null,"suggestion_applicability":null,"text":[{"highlight_end":12,"highlight_start":5,"text":"    Vehicle,"}]}]}}
{"reason":"compiler-message","package_id":"path+file:///Users/bradyjeong/Documents/Projects/Amp/gta4/gta_game/gameplay_sim#0.1.0","manifest_path":"/Users/bradyjeong/Documents/Projects/Amp/gta4/gta_game/gameplay_sim/Cargo.toml","target":{"kind":["lib"],"crate_types":["lib"],"name":"gameplay_sim","src_path":"/Users/bradyjeong/Documents/Projects/Amp/gta4/gta_game/gameplay_sim/src/lib.rs","edition":"2021","doc":true,"doctest":true,"test":true},"message":{"rendered":"warning: missing documentation for a struct field\n  --> gameplay_sim/src/systems/world/map_system.rs:39:5\n   |\n39 |     pub building_type: BuildingType,\n   |     ^^^^^^^^^^^^^^^^^^^^^^^^^^^^^^^\n\n","$message_type":"diagnostic","children":[],"code":{"code":"missing_docs","explanation":null},"level":"warning","message":"missing documentation for a struct field","spans":[{"byte_end":1345,"byte_start":1314,"column_end":36,"column_start":5,"expansion":null,"file_name":"gameplay_sim/src/systems/world/map_system.rs","is_primary":true,"label":null,"line_end":39,"line_start":39,"suggested_replacement":null,"suggestion_applicability":null,"text":[{"highlight_end":36,"highlight_start":5,"text":"    pub building_type: BuildingType,"}]}]}}
{"reason":"compiler-message","package_id":"path+file:///Users/bradyjeong/Documents/Projects/Amp/gta4/gta_game/gameplay_sim#0.1.0","manifest_path":"/Users/bradyjeong/Documents/Projects/Amp/gta4/gta_game/gameplay_sim/Cargo.toml","target":{"kind":["lib"],"crate_types":["lib"],"name":"gameplay_sim","src_path":"/Users/bradyjeong/Documents/Projects/Amp/gta4/gta_game/gameplay_sim/src/lib.rs","edition":"2021","doc":true,"doctest":true,"test":true},"message":{"rendered":"warning: missing documentation for a variant\n  --> gameplay_sim/src/systems/input/control_manager.rs:68:5\n   |\n68 |     SuperVehicle,\n   |     ^^^^^^^^^^^^\n\n","$message_type":"diagnostic","children":[],"code":{"code":"missing_docs","explanation":null},"level":"warning","message":"missing documentation for a variant","spans":[{"byte_end":1913,"byte_start":1901,"column_end":17,"column_start":5,"expansion":null,"file_name":"gameplay_sim/src/systems/input/control_manager.rs","is_primary":true,"label":null,"line_end":68,"line_start":68,"suggested_replacement":null,"suggestion_applicability":null,"text":[{"highlight_end":17,"highlight_start":5,"text":"    SuperVehicle,"}]}]}}
{"reason":"compiler-message","package_id":"path+file:///Users/bradyjeong/Documents/Projects/Amp/gta4/gta_game/gameplay_sim#0.1.0","manifest_path":"/Users/bradyjeong/Documents/Projects/Amp/gta4/gta_game/gameplay_sim/Cargo.toml","target":{"kind":["lib"],"crate_types":["lib"],"name":"gameplay_sim","src_path":"/Users/bradyjeong/Documents/Projects/Amp/gta4/gta_game/gameplay_sim/src/lib.rs","edition":"2021","doc":true,"doctest":true,"test":true},"message":{"rendered":"warning: missing documentation for a struct field\n  --> gameplay_sim/src/systems/world/map_system.rs:40:5\n   |\n40 |     pub rotation: f32,\n   |     ^^^^^^^^^^^^^^^^^\n\n","$message_type":"diagnostic","children":[],"code":{"code":"missing_docs","explanation":null},"level":"warning","message":"missing documentation for a struct field","spans":[{"byte_end":1368,"byte_start":1351,"column_end":22,"column_start":5,"expansion":null,"file_name":"gameplay_sim/src/systems/world/map_system.rs","is_primary":true,"label":null,"line_end":40,"line_start":40,"suggested_replacement":null,"suggestion_applicability":null,"text":[{"highlight_end":22,"highlight_start":5,"text":"    pub rotation: f32,"}]}]}}
{"reason":"compiler-message","package_id":"path+file:///Users/bradyjeong/Documents/Projects/Amp/gta4/gta_game/gameplay_sim#0.1.0","manifest_path":"/Users/bradyjeong/Documents/Projects/Amp/gta4/gta_game/gameplay_sim/Cargo.toml","target":{"kind":["lib"],"crate_types":["lib"],"name":"gameplay_sim","src_path":"/Users/bradyjeong/Documents/Projects/Amp/gta4/gta_game/gameplay_sim/src/lib.rs","edition":"2021","doc":true,"doctest":true,"test":true},"message":{"rendered":"warning: missing documentation for a variant\n  --> gameplay_sim/src/systems/input/control_manager.rs:69:5\n   |\n69 |     Helicopter,\n   |     ^^^^^^^^^^\n\n","$message_type":"diagnostic","children":[],"code":{"code":"missing_docs","explanation":null},"level":"warning","message":"missing documentation for a variant","spans":[{"byte_end":1929,"byte_start":1919,"column_end":15,"column_start":5,"expansion":null,"file_name":"gameplay_sim/src/systems/input/control_manager.rs","is_primary":true,"label":null,"line_end":69,"line_start":69,"suggested_replacement":null,"suggestion_applicability":null,"text":[{"highlight_end":15,"highlight_start":5,"text":"    Helicopter,"}]}]}}
{"reason":"compiler-message","package_id":"path+file:///Users/bradyjeong/Documents/Projects/Amp/gta4/gta_game/gameplay_sim#0.1.0","manifest_path":"/Users/bradyjeong/Documents/Projects/Amp/gta4/gta_game/gameplay_sim/Cargo.toml","target":{"kind":["lib"],"crate_types":["lib"],"name":"gameplay_sim","src_path":"/Users/bradyjeong/Documents/Projects/Amp/gta4/gta_game/gameplay_sim/src/lib.rs","edition":"2021","doc":true,"doctest":true,"test":true},"message":{"rendered":"warning: missing documentation for a variant\n  --> gameplay_sim/src/systems/input/control_manager.rs:70:5\n   |\n70 |     Aircraft,\n   |     ^^^^^^^^\n\n","$message_type":"diagnostic","children":[],"code":{"code":"missing_docs","explanation":null},"level":"warning","message":"missing documentation for a variant","spans":[{"byte_end":1943,"byte_start":1935,"column_end":13,"column_start":5,"expansion":null,"file_name":"gameplay_sim/src/systems/input/control_manager.rs","is_primary":true,"label":null,"line_end":70,"line_start":70,"suggested_replacement":null,"suggestion_applicability":null,"text":[{"highlight_end":13,"highlight_start":5,"text":"    Aircraft,"}]}]}}
{"reason":"compiler-message","package_id":"path+file:///Users/bradyjeong/Documents/Projects/Amp/gta4/gta_game/gameplay_sim#0.1.0","manifest_path":"/Users/bradyjeong/Documents/Projects/Amp/gta4/gta_game/gameplay_sim/Cargo.toml","target":{"kind":["lib"],"crate_types":["lib"],"name":"gameplay_sim","src_path":"/Users/bradyjeong/Documents/Projects/Amp/gta4/gta_game/gameplay_sim/src/lib.rs","edition":"2021","doc":true,"doctest":true,"test":true},"message":{"rendered":"warning: missing documentation for a struct\n  --> gameplay_sim/src/systems/world/map_system.rs:44:1\n   |\n44 | pub struct VegetationPatch {\n   | ^^^^^^^^^^^^^^^^^^^^^^^^^^\n\n","$message_type":"diagnostic","children":[],"code":{"code":"missing_docs","explanation":null},"level":"warning","message":"missing documentation for a struct","spans":[{"byte_end":1416,"byte_start":1390,"column_end":27,"column_start":1,"expansion":null,"file_name":"gameplay_sim/src/systems/world/map_system.rs","is_primary":true,"label":null,"line_end":44,"line_start":44,"suggested_replacement":null,"suggestion_applicability":null,"text":[{"highlight_end":27,"highlight_start":1,"text":"pub struct VegetationPatch {"}]}]}}
{"reason":"compiler-message","package_id":"path+file:///Users/bradyjeong/Documents/Projects/Amp/gta4/gta_game/gameplay_sim#0.1.0","manifest_path":"/Users/bradyjeong/Documents/Projects/Amp/gta4/gta_game/gameplay_sim/Cargo.toml","target":{"kind":["lib"],"crate_types":["lib"],"name":"gameplay_sim","src_path":"/Users/bradyjeong/Documents/Projects/Amp/gta4/gta_game/gameplay_sim/src/lib.rs","edition":"2021","doc":true,"doctest":true,"test":true},"message":{"rendered":"warning: missing documentation for a variant\n  --> gameplay_sim/src/systems/input/control_manager.rs:71:5\n   |\n71 |     NPC,\n   |     ^^^\n\n","$message_type":"diagnostic","children":[],"code":{"code":"missing_docs","explanation":null},"level":"warning","message":"missing documentation for a variant","spans":[{"byte_end":1952,"byte_start":1949,"column_end":8,"column_start":5,"expansion":null,"file_name":"gameplay_sim/src/systems/input/control_manager.rs","is_primary":true,"label":null,"line_end":71,"line_start":71,"suggested_replacement":null,"suggestion_applicability":null,"text":[{"highlight_end":8,"highlight_start":5,"text":"    NPC,"}]}]}}
{"reason":"compiler-message","package_id":"path+file:///Users/bradyjeong/Documents/Projects/Amp/gta4/gta_game/gameplay_sim#0.1.0","manifest_path":"/Users/bradyjeong/Documents/Projects/Amp/gta4/gta_game/gameplay_sim/Cargo.toml","target":{"kind":["lib"],"crate_types":["lib"],"name":"gameplay_sim","src_path":"/Users/bradyjeong/Documents/Projects/Amp/gta4/gta_game/gameplay_sim/src/lib.rs","edition":"2021","doc":true,"doctest":true,"test":true},"message":{"rendered":"warning: missing documentation for a struct field\n  --> gameplay_sim/src/systems/world/map_system.rs:45:5\n   |\n45 |     pub area: Vec2,\n   |     ^^^^^^^^^^^^^^\n\n","$message_type":"diagnostic","children":[],"code":{"code":"missing_docs","explanation":null},"level":"warning","message":"missing documentation for a struct field","spans":[{"byte_end":1437,"byte_start":1423,"column_end":19,"column_start":5,"expansion":null,"file_name":"gameplay_sim/src/systems/world/map_system.rs","is_primary":true,"label":null,"line_end":45,"line_start":45,"suggested_replacement":null,"suggestion_applicability":null,"text":[{"highlight_end":19,"highlight_start":5,"text":"    pub area: Vec2,"}]}]}}
{"reason":"compiler-message","package_id":"path+file:///Users/bradyjeong/Documents/Projects/Amp/gta4/gta_game/gameplay_sim#0.1.0","manifest_path":"/Users/bradyjeong/Documents/Projects/Amp/gta4/gta_game/gameplay_sim/Cargo.toml","target":{"kind":["lib"],"crate_types":["lib"],"name":"gameplay_sim","src_path":"/Users/bradyjeong/Documents/Projects/Amp/gta4/gta_game/gameplay_sim/src/lib.rs","edition":"2021","doc":true,"doctest":true,"test":true},"message":{"rendered":"warning: missing documentation for a struct field\n  --> gameplay_sim/src/systems/input/control_manager.rs:77:5\n   |\n77 |     pub movement_direction: Vec3,\n   |     ^^^^^^^^^^^^^^^^^^^^^^^^^^^^\n\n","$message_type":"diagnostic","children":[],"code":{"code":"missing_docs","explanation":null},"level":"warning","message":"missing documentation for a struct field","spans":[{"byte_end":2077,"byte_start":2049,"column_end":33,"column_start":5,"expansion":null,"file_name":"gameplay_sim/src/systems/input/control_manager.rs","is_primary":true,"label":null,"line_end":77,"line_start":77,"suggested_replacement":null,"suggestion_applicability":null,"text":[{"highlight_end":33,"highlight_start":5,"text":"    pub movement_direction: Vec3,"}]}]}}
{"reason":"compiler-message","package_id":"path+file:///Users/bradyjeong/Documents/Projects/Amp/gta4/gta_game/gameplay_sim#0.1.0","manifest_path":"/Users/bradyjeong/Documents/Projects/Amp/gta4/gta_game/gameplay_sim/Cargo.toml","target":{"kind":["lib"],"crate_types":["lib"],"name":"gameplay_sim","src_path":"/Users/bradyjeong/Documents/Projects/Amp/gta4/gta_game/gameplay_sim/src/lib.rs","edition":"2021","doc":true,"doctest":true,"test":true},"message":{"rendered":"warning: missing documentation for a struct field\n  --> gameplay_sim/src/systems/world/map_system.rs:46:5\n   |\n46 |     pub vegetation_type: VegetationType,\n   |     ^^^^^^^^^^^^^^^^^^^^^^^^^^^^^^^^^^^\n\n","$message_type":"diagnostic","children":[],"code":{"code":"missing_docs","explanation":null},"level":"warning","message":"missing documentation for a struct field","spans":[{"byte_end":1478,"byte_start":1443,"column_end":40,"column_start":5,"expansion":null,"file_name":"gameplay_sim/src/systems/world/map_system.rs","is_primary":true,"label":null,"line_end":46,"line_start":46,"suggested_replacement":null,"suggestion_applicability":null,"text":[{"highlight_end":40,"highlight_start":5,"text":"    pub vegetation_type: VegetationType,"}]}]}}
{"reason":"compiler-message","package_id":"path+file:///Users/bradyjeong/Documents/Projects/Amp/gta4/gta_game/gameplay_sim#0.1.0","manifest_path":"/Users/bradyjeong/Documents/Projects/Amp/gta4/gta_game/gameplay_sim/Cargo.toml","target":{"kind":["lib"],"crate_types":["lib"],"name":"gameplay_sim","src_path":"/Users/bradyjeong/Documents/Projects/Amp/gta4/gta_game/gameplay_sim/src/lib.rs","edition":"2021","doc":true,"doctest":true,"test":true},"message":{"rendered":"warning: missing documentation for a struct field\n  --> gameplay_sim/src/systems/input/control_manager.rs:78:5\n   |\n78 |     pub rotation_target: f32,\n   |     ^^^^^^^^^^^^^^^^^^^^^^^^\n\n","$message_type":"diagnostic","children":[],"code":{"code":"missing_docs","explanation":null},"level":"warning","message":"missing documentation for a struct field","spans":[{"byte_end":2107,"byte_start":2083,"column_end":29,"column_start":5,"expansion":null,"file_name":"gameplay_sim/src/systems/input/control_manager.rs","is_primary":true,"label":null,"line_end":78,"line_start":78,"suggested_replacement":null,"suggestion_applicability":null,"text":[{"highlight_end":29,"highlight_start":5,"text":"    pub rotation_target: f32,"}]}]}}
{"reason":"compiler-message","package_id":"path+file:///Users/bradyjeong/Documents/Projects/Amp/gta4/gta_game/gameplay_sim#0.1.0","manifest_path":"/Users/bradyjeong/Documents/Projects/Amp/gta4/gta_game/gameplay_sim/Cargo.toml","target":{"kind":["lib"],"crate_types":["lib"],"name":"gameplay_sim","src_path":"/Users/bradyjeong/Documents/Projects/Amp/gta4/gta_game/gameplay_sim/src/lib.rs","edition":"2021","doc":true,"doctest":true,"test":true},"message":{"rendered":"warning: missing documentation for a struct field\n  --> gameplay_sim/src/systems/world/map_system.rs:47:5\n   |\n47 |     pub density: f32,\n   |     ^^^^^^^^^^^^^^^^\n\n","$message_type":"diagnostic","children":[],"code":{"code":"missing_docs","explanation":null},"level":"warning","message":"missing documentation for a struct field","spans":[{"byte_end":1500,"byte_start":1484,"column_end":21,"column_start":5,"expansion":null,"file_name":"gameplay_sim/src/systems/world/map_system.rs","is_primary":true,"label":null,"line_end":47,"line_start":47,"suggested_replacement":null,"suggestion_applicability":null,"text":[{"highlight_end":21,"highlight_start":5,"text":"    pub density: f32,"}]}]}}
{"reason":"compiler-message","package_id":"path+file:///Users/bradyjeong/Documents/Projects/Amp/gta4/gta_game/gameplay_sim#0.1.0","manifest_path":"/Users/bradyjeong/Documents/Projects/Amp/gta4/gta_game/gameplay_sim/Cargo.toml","target":{"kind":["lib"],"crate_types":["lib"],"name":"gameplay_sim","src_path":"/Users/bradyjeong/Documents/Projects/Amp/gta4/gta_game/gameplay_sim/src/lib.rs","edition":"2021","doc":true,"doctest":true,"test":true},"message":{"rendered":"warning: missing documentation for a struct field\n  --> gameplay_sim/src/systems/input/control_manager.rs:79:5\n   |\n79 |     pub speed_factor: f32,\n   |     ^^^^^^^^^^^^^^^^^^^^^\n\n","$message_type":"diagnostic","children":[],"code":{"code":"missing_docs","explanation":null},"level":"warning","message":"missing documentation for a struct field","spans":[{"byte_end":2134,"byte_start":2113,"column_end":26,"column_start":5,"expansion":null,"file_name":"gameplay_sim/src/systems/input/control_manager.rs","is_primary":true,"label":null,"line_end":79,"line_start":79,"suggested_replacement":null,"suggestion_applicability":null,"text":[{"highlight_end":26,"highlight_start":5,"text":"    pub speed_factor: f32,"}]}]}}
{"reason":"compiler-message","package_id":"path+file:///Users/bradyjeong/Documents/Projects/Amp/gta4/gta_game/gameplay_sim#0.1.0","manifest_path":"/Users/bradyjeong/Documents/Projects/Amp/gta4/gta_game/gameplay_sim/Cargo.toml","target":{"kind":["lib"],"crate_types":["lib"],"name":"gameplay_sim","src_path":"/Users/bradyjeong/Documents/Projects/Amp/gta4/gta_game/gameplay_sim/src/lib.rs","edition":"2021","doc":true,"doctest":true,"test":true},"message":{"rendered":"warning: missing documentation for a struct\n  --> gameplay_sim/src/systems/world/map_system.rs:51:1\n   |\n51 | pub struct LandmarkTemplate {\n   | ^^^^^^^^^^^^^^^^^^^^^^^^^^^\n\n","$message_type":"diagnostic","children":[],"code":{"code":"missing_docs","explanation":null},"level":"warning","message":"missing documentation for a struct","spans":[{"byte_end":1549,"byte_start":1522,"column_end":28,"column_start":1,"expansion":null,"file_name":"gameplay_sim/src/systems/world/map_system.rs","is_primary":true,"label":null,"line_end":51,"line_start":51,"suggested_replacement":null,"suggestion_applicability":null,"text":[{"highlight_end":28,"highlight_start":1,"text":"pub struct LandmarkTemplate {"}]}]}}
{"reason":"compiler-message","package_id":"path+file:///Users/bradyjeong/Documents/Projects/Amp/gta4/gta_game/gameplay_sim#0.1.0","manifest_path":"/Users/bradyjeong/Documents/Projects/Amp/gta4/gta_game/gameplay_sim/Cargo.toml","target":{"kind":["lib"],"crate_types":["lib"],"name":"gameplay_sim","src_path":"/Users/bradyjeong/Documents/Projects/Amp/gta4/gta_game/gameplay_sim/src/lib.rs","edition":"2021","doc":true,"doctest":true,"test":true},"message":{"rendered":"warning: missing documentation for a struct field\n  --> gameplay_sim/src/systems/input/control_manager.rs:80:5\n   |\n80 |     pub action_priority: f32,\n   |     ^^^^^^^^^^^^^^^^^^^^^^^^\n\n","$message_type":"diagnostic","children":[],"code":{"code":"missing_docs","explanation":null},"level":"warning","message":"missing documentation for a struct field","spans":[{"byte_end":2164,"byte_start":2140,"column_end":29,"column_start":5,"expansion":null,"file_name":"gameplay_sim/src/systems/input/control_manager.rs","is_primary":true,"label":null,"line_end":80,"line_start":80,"suggested_replacement":null,"suggestion_applicability":null,"text":[{"highlight_end":29,"highlight_start":5,"text":"    pub action_priority: f32,"}]}]}}
{"reason":"compiler-message","package_id":"path+file:///Users/bradyjeong/Documents/Projects/Amp/gta4/gta_game/gameplay_sim#0.1.0","manifest_path":"/Users/bradyjeong/Documents/Projects/Amp/gta4/gta_game/gameplay_sim/Cargo.toml","target":{"kind":["lib"],"crate_types":["lib"],"name":"gameplay_sim","src_path":"/Users/bradyjeong/Documents/Projects/Amp/gta4/gta_game/gameplay_sim/src/lib.rs","edition":"2021","doc":true,"doctest":true,"test":true},"message":{"rendered":"warning: missing documentation for a struct field\n  --> gameplay_sim/src/systems/world/map_system.rs:52:5\n   |\n52 |     pub position: Vec3,\n   |     ^^^^^^^^^^^^^^^^^^\n\n","$message_type":"diagnostic","children":[],"code":{"code":"missing_docs","explanation":null},"level":"warning","message":"missing documentation for a struct field","spans":[{"byte_end":1574,"byte_start":1556,"column_end":23,"column_start":5,"expansion":null,"file_name":"gameplay_sim/src/systems/world/map_system.rs","is_primary":true,"label":null,"line_end":52,"line_start":52,"suggested_replacement":null,"suggestion_applicability":null,"text":[{"highlight_end":23,"highlight_start":5,"text":"    pub position: Vec3,"}]}]}}
{"reason":"compiler-message","package_id":"path+file:///Users/bradyjeong/Documents/Projects/Amp/gta4/gta_game/gameplay_sim#0.1.0","manifest_path":"/Users/bradyjeong/Documents/Projects/Amp/gta4/gta_game/gameplay_sim/Cargo.toml","target":{"kind":["lib"],"crate_types":["lib"],"name":"gameplay_sim","src_path":"/Users/bradyjeong/Documents/Projects/Amp/gta4/gta_game/gameplay_sim/src/lib.rs","edition":"2021","doc":true,"doctest":true,"test":true},"message":{"rendered":"warning: missing documentation for a struct\n  --> gameplay_sim/src/systems/input/control_manager.rs:95:1\n   |\n95 | pub struct VehiclePhysicsConfig {\n   | ^^^^^^^^^^^^^^^^^^^^^^^^^^^^^^^\n\n","$message_type":"diagnostic","children":[],"code":{"code":"missing_docs","explanation":null},"level":"warning","message":"missing documentation for a struct","spans":[{"byte_end":2465,"byte_start":2434,"column_end":32,"column_start":1,"expansion":null,"file_name":"gameplay_sim/src/systems/input/control_manager.rs","is_primary":true,"label":null,"line_end":95,"line_start":95,"suggested_replacement":null,"suggestion_applicability":null,"text":[{"highlight_end":32,"highlight_start":1,"text":"pub struct VehiclePhysicsConfig {"}]}]}}
{"reason":"compiler-message","package_id":"path+file:///Users/bradyjeong/Documents/Projects/Amp/gta4/gta_game/gameplay_sim#0.1.0","manifest_path":"/Users/bradyjeong/Documents/Projects/Amp/gta4/gta_game/gameplay_sim/Cargo.toml","target":{"kind":["lib"],"crate_types":["lib"],"name":"gameplay_sim","src_path":"/Users/bradyjeong/Documents/Projects/Amp/gta4/gta_game/gameplay_sim/src/lib.rs","edition":"2021","doc":true,"doctest":true,"test":true},"message":{"rendered":"warning: missing documentation for a struct field\n  --> gameplay_sim/src/systems/input/control_manager.rs:96:5\n   |\n96 |     pub max_speed: f32,\n   |     ^^^^^^^^^^^^^^^^^^\n\n","$message_type":"diagnostic","children":[],"code":{"code":"missing_docs","explanation":null},"level":"warning","message":"missing documentation for a struct field","spans":[{"byte_end":2490,"byte_start":2472,"column_end":23,"column_start":5,"expansion":null,"file_name":"gameplay_sim/src/systems/input/control_manager.rs","is_primary":true,"label":null,"line_end":96,"line_start":96,"suggested_replacement":null,"suggestion_applicability":null,"text":[{"highlight_end":23,"highlight_start":5,"text":"    pub max_speed: f32,"}]}]}}
{"reason":"compiler-message","package_id":"path+file:///Users/bradyjeong/Documents/Projects/Amp/gta4/gta_game/gameplay_sim#0.1.0","manifest_path":"/Users/bradyjeong/Documents/Projects/Amp/gta4/gta_game/gameplay_sim/Cargo.toml","target":{"kind":["lib"],"crate_types":["lib"],"name":"gameplay_sim","src_path":"/Users/bradyjeong/Documents/Projects/Amp/gta4/gta_game/gameplay_sim/src/lib.rs","edition":"2021","doc":true,"doctest":true,"test":true},"message":{"rendered":"warning: missing documentation for a struct field\n  --> gameplay_sim/src/systems/world/map_system.rs:53:5\n   |\n53 |     pub landmark_type: LandmarkType,\n   |     ^^^^^^^^^^^^^^^^^^^^^^^^^^^^^^^\n\n","$message_type":"diagnostic","children":[],"code":{"code":"missing_docs","explanation":null},"level":"warning","message":"missing documentation for a struct field","spans":[{"byte_end":1611,"byte_start":1580,"column_end":36,"column_start":5,"expansion":null,"file_name":"gameplay_sim/src/systems/world/map_system.rs","is_primary":true,"label":null,"line_end":53,"line_start":53,"suggested_replacement":null,"suggestion_applicability":null,"text":[{"highlight_end":36,"highlight_start":5,"text":"    pub landmark_type: LandmarkType,"}]}]}}
{"reason":"compiler-message","package_id":"path+file:///Users/bradyjeong/Documents/Projects/Amp/gta4/gta_game/gameplay_sim#0.1.0","manifest_path":"/Users/bradyjeong/Documents/Projects/Amp/gta4/gta_game/gameplay_sim/Cargo.toml","target":{"kind":["lib"],"crate_types":["lib"],"name":"gameplay_sim","src_path":"/Users/bradyjeong/Documents/Projects/Amp/gta4/gta_game/gameplay_sim/src/lib.rs","edition":"2021","doc":true,"doctest":true,"test":true},"message":{"rendered":"warning: missing documentation for a struct field\n  --> gameplay_sim/src/systems/input/control_manager.rs:97:5\n   |\n97 |     pub acceleration: f32,\n   |     ^^^^^^^^^^^^^^^^^^^^^\n\n","$message_type":"diagnostic","children":[],"code":{"code":"missing_docs","explanation":null},"level":"warning","message":"missing documentation for a struct field","spans":[{"byte_end":2517,"byte_start":2496,"column_end":26,"column_start":5,"expansion":null,"file_name":"gameplay_sim/src/systems/input/control_manager.rs","is_primary":true,"label":null,"line_end":97,"line_start":97,"suggested_replacement":null,"suggestion_applicability":null,"text":[{"highlight_end":26,"highlight_start":5,"text":"    pub acceleration: f32,"}]}]}}
{"reason":"compiler-message","package_id":"path+file:///Users/bradyjeong/Documents/Projects/Amp/gta4/gta_game/gameplay_sim#0.1.0","manifest_path":"/Users/bradyjeong/Documents/Projects/Amp/gta4/gta_game/gameplay_sim/Cargo.toml","target":{"kind":["lib"],"crate_types":["lib"],"name":"gameplay_sim","src_path":"/Users/bradyjeong/Documents/Projects/Amp/gta4/gta_game/gameplay_sim/src/lib.rs","edition":"2021","doc":true,"doctest":true,"test":true},"message":{"rendered":"warning: missing documentation for an enum\n  --> gameplay_sim/src/systems/world/map_system.rs:57:1\n   |\n57 | pub enum BuildingType {\n   | ^^^^^^^^^^^^^^^^^^^^^\n\n","$message_type":"diagnostic","children":[],"code":{"code":"missing_docs","explanation":null},"level":"warning","message":"missing documentation for an enum","spans":[{"byte_end":1665,"byte_start":1644,"column_end":22,"column_start":1,"expansion":null,"file_name":"gameplay_sim/src/systems/world/map_system.rs","is_primary":true,"label":null,"line_end":57,"line_start":57,"suggested_replacement":null,"suggestion_applicability":null,"text":[{"highlight_end":22,"highlight_start":1,"text":"pub enum BuildingType {"}]}]}}
{"reason":"compiler-message","package_id":"path+file:///Users/bradyjeong/Documents/Projects/Amp/gta4/gta_game/gameplay_sim#0.1.0","manifest_path":"/Users/bradyjeong/Documents/Projects/Amp/gta4/gta_game/gameplay_sim/Cargo.toml","target":{"kind":["lib"],"crate_types":["lib"],"name":"gameplay_sim","src_path":"/Users/bradyjeong/Documents/Projects/Amp/gta4/gta_game/gameplay_sim/src/lib.rs","edition":"2021","doc":true,"doctest":true,"test":true},"message":{"rendered":"warning: missing documentation for a struct field\n  --> gameplay_sim/src/systems/input/control_manager.rs:98:5\n   |\n98 |     pub turn_speed: f32,\n   |     ^^^^^^^^^^^^^^^^^^^\n\n","$message_type":"diagnostic","children":[],"code":{"code":"missing_docs","explanation":null},"level":"warning","message":"missing documentation for a struct field","spans":[{"byte_end":2542,"byte_start":2523,"column_end":24,"column_start":5,"expansion":null,"file_name":"gameplay_sim/src/systems/input/control_manager.rs","is_primary":true,"label":null,"line_end":98,"line_start":98,"suggested_replacement":null,"suggestion_applicability":null,"text":[{"highlight_end":24,"highlight_start":5,"text":"    pub turn_speed: f32,"}]}]}}
{"reason":"compiler-message","package_id":"path+file:///Users/bradyjeong/Documents/Projects/Amp/gta4/gta_game/gameplay_sim#0.1.0","manifest_path":"/Users/bradyjeong/Documents/Projects/Amp/gta4/gta_game/gameplay_sim/Cargo.toml","target":{"kind":["lib"],"crate_types":["lib"],"name":"gameplay_sim","src_path":"/Users/bradyjeong/Documents/Projects/Amp/gta4/gta_game/gameplay_sim/src/lib.rs","edition":"2021","doc":true,"doctest":true,"test":true},"message":{"rendered":"warning: missing documentation for a variant\n  --> gameplay_sim/src/systems/world/map_system.rs:58:5\n   |\n58 |     Residential,\n   |     ^^^^^^^^^^^\n\n","$message_type":"diagnostic","children":[],"code":{"code":"missing_docs","explanation":null},"level":"warning","message":"missing documentation for a variant","spans":[{"byte_end":1683,"byte_start":1672,"column_end":16,"column_start":5,"expansion":null,"file_name":"gameplay_sim/src/systems/world/map_system.rs","is_primary":true,"label":null,"line_end":58,"line_start":58,"suggested_replacement":null,"suggestion_applicability":null,"text":[{"highlight_end":16,"highlight_start":5,"text":"    Residential,"}]}]}}
{"reason":"compiler-message","package_id":"path+file:///Users/bradyjeong/Documents/Projects/Amp/gta4/gta_game/gameplay_sim#0.1.0","manifest_path":"/Users/bradyjeong/Documents/Projects/Amp/gta4/gta_game/gameplay_sim/Cargo.toml","target":{"kind":["lib"],"crate_types":["lib"],"name":"gameplay_sim","src_path":"/Users/bradyjeong/Documents/Projects/Amp/gta4/gta_game/gameplay_sim/src/lib.rs","edition":"2021","doc":true,"doctest":true,"test":true},"message":{"rendered":"warning: missing documentation for a struct field\n  --> gameplay_sim/src/systems/input/control_manager.rs:99:5\n   |\n99 |     pub brake_force: f32,\n   |     ^^^^^^^^^^^^^^^^^^^^\n\n","$message_type":"diagnostic","children":[],"code":{"code":"missing_docs","explanation":null},"level":"warning","message":"missing documentation for a struct field","spans":[{"byte_end":2568,"byte_start":2548,"column_end":25,"column_start":5,"expansion":null,"file_name":"gameplay_sim/src/systems/input/control_manager.rs","is_primary":true,"label":null,"line_end":99,"line_start":99,"suggested_replacement":null,"suggestion_applicability":null,"text":[{"highlight_end":25,"highlight_start":5,"text":"    pub brake_force: f32,"}]}]}}
{"reason":"compiler-message","package_id":"path+file:///Users/bradyjeong/Documents/Projects/Amp/gta4/gta_game/gameplay_sim#0.1.0","manifest_path":"/Users/bradyjeong/Documents/Projects/Amp/gta4/gta_game/gameplay_sim/Cargo.toml","target":{"kind":["lib"],"crate_types":["lib"],"name":"gameplay_sim","src_path":"/Users/bradyjeong/Documents/Projects/Amp/gta4/gta_game/gameplay_sim/src/lib.rs","edition":"2021","doc":true,"doctest":true,"test":true},"message":{"rendered":"warning: missing documentation for a variant\n  --> gameplay_sim/src/systems/world/map_system.rs:59:5\n   |\n59 |     Commercial,\n   |     ^^^^^^^^^^\n\n","$message_type":"diagnostic","children":[],"code":{"code":"missing_docs","explanation":null},"level":"warning","message":"missing documentation for a variant","spans":[{"byte_end":1699,"byte_start":1689,"column_end":15,"column_start":5,"expansion":null,"file_name":"gameplay_sim/src/systems/world/map_system.rs","is_primary":true,"label":null,"line_end":59,"line_start":59,"suggested_replacement":null,"suggestion_applicability":null,"text":[{"highlight_end":15,"highlight_start":5,"text":"    Commercial,"}]}]}}
{"reason":"compiler-message","package_id":"path+file:///Users/bradyjeong/Documents/Projects/Amp/gta4/gta_game/gameplay_sim#0.1.0","manifest_path":"/Users/bradyjeong/Documents/Projects/Amp/gta4/gta_game/gameplay_sim/Cargo.toml","target":{"kind":["lib"],"crate_types":["lib"],"name":"gameplay_sim","src_path":"/Users/bradyjeong/Documents/Projects/Amp/gta4/gta_game/gameplay_sim/src/lib.rs","edition":"2021","doc":true,"doctest":true,"test":true},"message":{"rendered":"warning: missing documentation for a struct field\n   --> gameplay_sim/src/systems/input/control_manager.rs:102:5\n    |\n102 |     pub max_acceleration: f32,\n    |     ^^^^^^^^^^^^^^^^^^^^^^^^^\n\n","$message_type":"diagnostic","children":[],"code":{"code":"missing_docs","explanation":null},"level":"warning","message":"missing documentation for a struct field","spans":[{"byte_end":2631,"byte_start":2606,"column_end":30,"column_start":5,"expansion":null,"file_name":"gameplay_sim/src/systems/input/control_manager.rs","is_primary":true,"label":null,"line_end":102,"line_start":102,"suggested_replacement":null,"suggestion_applicability":null,"text":[{"highlight_end":30,"highlight_start":5,"text":"    pub max_acceleration: f32,"}]}]}}
{"reason":"compiler-message","package_id":"path+file:///Users/bradyjeong/Documents/Projects/Amp/gta4/gta_game/gameplay_sim#0.1.0","manifest_path":"/Users/bradyjeong/Documents/Projects/Amp/gta4/gta_game/gameplay_sim/Cargo.toml","target":{"kind":["lib"],"crate_types":["lib"],"name":"gameplay_sim","src_path":"/Users/bradyjeong/Documents/Projects/Amp/gta4/gta_game/gameplay_sim/src/lib.rs","edition":"2021","doc":true,"doctest":true,"test":true},"message":{"rendered":"warning: missing documentation for a variant\n  --> gameplay_sim/src/systems/world/map_system.rs:60:5\n   |\n60 |     Industrial,\n   |     ^^^^^^^^^^\n\n","$message_type":"diagnostic","children":[],"code":{"code":"missing_docs","explanation":null},"level":"warning","message":"missing documentation for a variant","spans":[{"byte_end":1715,"byte_start":1705,"column_end":15,"column_start":5,"expansion":null,"file_name":"gameplay_sim/src/systems/world/map_system.rs","is_primary":true,"label":null,"line_end":60,"line_start":60,"suggested_replacement":null,"suggestion_applicability":null,"text":[{"highlight_end":15,"highlight_start":5,"text":"    Industrial,"}]}]}}
{"reason":"compiler-message","package_id":"path+file:///Users/bradyjeong/Documents/Projects/Amp/gta4/gta_game/gameplay_sim#0.1.0","manifest_path":"/Users/bradyjeong/Documents/Projects/Amp/gta4/gta_game/gameplay_sim/Cargo.toml","target":{"kind":["lib"],"crate_types":["lib"],"name":"gameplay_sim","src_path":"/Users/bradyjeong/Documents/Projects/Amp/gta4/gta_game/gameplay_sim/src/lib.rs","edition":"2021","doc":true,"doctest":true,"test":true},"message":{"rendered":"warning: missing documentation for a struct field\n   --> gameplay_sim/src/systems/input/control_manager.rs:103:5\n    |\n103 |     pub max_angular_velocity: f32,\n    |     ^^^^^^^^^^^^^^^^^^^^^^^^^^^^^\n\n","$message_type":"diagnostic","children":[],"code":{"code":"missing_docs","explanation":null},"level":"warning","message":"missing documentation for a struct field","spans":[{"byte_end":2666,"byte_start":2637,"column_end":34,"column_start":5,"expansion":null,"file_name":"gameplay_sim/src/systems/input/control_manager.rs","is_primary":true,"label":null,"line_end":103,"line_start":103,"suggested_replacement":null,"suggestion_applicability":null,"text":[{"highlight_end":34,"highlight_start":5,"text":"    pub max_angular_velocity: f32,"}]}]}}
{"reason":"compiler-message","package_id":"path+file:///Users/bradyjeong/Documents/Projects/Amp/gta4/gta_game/gameplay_sim#0.1.0","manifest_path":"/Users/bradyjeong/Documents/Projects/Amp/gta4/gta_game/gameplay_sim/Cargo.toml","target":{"kind":["lib"],"crate_types":["lib"],"name":"gameplay_sim","src_path":"/Users/bradyjeong/Documents/Projects/Amp/gta4/gta_game/gameplay_sim/src/lib.rs","edition":"2021","doc":true,"doctest":true,"test":true},"message":{"rendered":"warning: missing documentation for a variant\n  --> gameplay_sim/src/systems/world/map_system.rs:61:5\n   |\n61 |     Skyscraper,\n   |     ^^^^^^^^^^\n\n","$message_type":"diagnostic","children":[],"code":{"code":"missing_docs","explanation":null},"level":"warning","message":"missing documentation for a variant","spans":[{"byte_end":1731,"byte_start":1721,"column_end":15,"column_start":5,"expansion":null,"file_name":"gameplay_sim/src/systems/world/map_system.rs","is_primary":true,"label":null,"line_end":61,"line_start":61,"suggested_replacement":null,"suggestion_applicability":null,"text":[{"highlight_end":15,"highlight_start":5,"text":"    Skyscraper,"}]}]}}
{"reason":"compiler-message","package_id":"path+file:///Users/bradyjeong/Documents/Projects/Amp/gta4/gta_game/gameplay_sim#0.1.0","manifest_path":"/Users/bradyjeong/Documents/Projects/Amp/gta4/gta_game/gameplay_sim/Cargo.toml","target":{"kind":["lib"],"crate_types":["lib"],"name":"gameplay_sim","src_path":"/Users/bradyjeong/Documents/Projects/Amp/gta4/gta_game/gameplay_sim/src/lib.rs","edition":"2021","doc":true,"doctest":true,"test":true},"message":{"rendered":"warning: missing documentation for a struct field\n   --> gameplay_sim/src/systems/input/control_manager.rs:104:5\n    |\n104 |     pub position_clamp: Vec3,\n    |     ^^^^^^^^^^^^^^^^^^^^^^^^\n\n","$message_type":"diagnostic","children":[],"code":{"code":"missing_docs","explanation":null},"level":"warning","message":"missing documentation for a struct field","spans":[{"byte_end":2696,"byte_start":2672,"column_end":29,"column_start":5,"expansion":null,"file_name":"gameplay_sim/src/systems/input/control_manager.rs","is_primary":true,"label":null,"line_end":104,"line_start":104,"suggested_replacement":null,"suggestion_applicability":null,"text":[{"highlight_end":29,"highlight_start":5,"text":"    pub position_clamp: Vec3,"}]}]}}
{"reason":"compiler-message","package_id":"path+file:///Users/bradyjeong/Documents/Projects/Amp/gta4/gta_game/gameplay_sim#0.1.0","manifest_path":"/Users/bradyjeong/Documents/Projects/Amp/gta4/gta_game/gameplay_sim/Cargo.toml","target":{"kind":["lib"],"crate_types":["lib"],"name":"gameplay_sim","src_path":"/Users/bradyjeong/Documents/Projects/Amp/gta4/gta_game/gameplay_sim/src/lib.rs","edition":"2021","doc":true,"doctest":true,"test":true},"message":{"rendered":"warning: missing documentation for an enum\n  --> gameplay_sim/src/systems/world/map_system.rs:65:1\n   |\n65 | pub enum VegetationType {\n   | ^^^^^^^^^^^^^^^^^^^^^^^\n\n","$message_type":"diagnostic","children":[],"code":{"code":"missing_docs","explanation":null},"level":"warning","message":"missing documentation for an enum","spans":[{"byte_end":1787,"byte_start":1764,"column_end":24,"column_start":1,"expansion":null,"file_name":"gameplay_sim/src/systems/world/map_system.rs","is_primary":true,"label":null,"line_end":65,"line_start":65,"suggested_replacement":null,"suggestion_applicability":null,"text":[{"highlight_end":24,"highlight_start":1,"text":"pub enum VegetationType {"}]}]}}
{"reason":"compiler-message","package_id":"path+file:///Users/bradyjeong/Documents/Projects/Amp/gta4/gta_game/gameplay_sim#0.1.0","manifest_path":"/Users/bradyjeong/Documents/Projects/Amp/gta4/gta_game/gameplay_sim/Cargo.toml","target":{"kind":["lib"],"crate_types":["lib"],"name":"gameplay_sim","src_path":"/Users/bradyjeong/Documents/Projects/Amp/gta4/gta_game/gameplay_sim/src/lib.rs","edition":"2021","doc":true,"doctest":true,"test":true},"message":{"rendered":"warning: missing documentation for a struct field\n   --> gameplay_sim/src/systems/input/control_manager.rs:107:5\n    |\n107 |     pub acceleration_sensitivity: f32,\n    |     ^^^^^^^^^^^^^^^^^^^^^^^^^^^^^^^^^\n\n","$message_type":"diagnostic","children":[],"code":{"code":"missing_docs","explanation":null},"level":"warning","message":"missing documentation for a struct field","spans":[{"byte_end":2765,"byte_start":2732,"column_end":38,"column_start":5,"expansion":null,"file_name":"gameplay_sim/src/systems/input/control_manager.rs","is_primary":true,"label":null,"line_end":107,"line_start":107,"suggested_replacement":null,"suggestion_applicability":null,"text":[{"highlight_end":38,"highlight_start":5,"text":"    pub acceleration_sensitivity: f32,"}]}]}}
{"reason":"compiler-message","package_id":"path+file:///Users/bradyjeong/Documents/Projects/Amp/gta4/gta_game/gameplay_sim#0.1.0","manifest_path":"/Users/bradyjeong/Documents/Projects/Amp/gta4/gta_game/gameplay_sim/Cargo.toml","target":{"kind":["lib"],"crate_types":["lib"],"name":"gameplay_sim","src_path":"/Users/bradyjeong/Documents/Projects/Amp/gta4/gta_game/gameplay_sim/src/lib.rs","edition":"2021","doc":true,"doctest":true,"test":true},"message":{"rendered":"warning: missing documentation for a variant\n  --> gameplay_sim/src/systems/world/map_system.rs:66:5\n   |\n66 |     Trees,\n   |     ^^^^^\n\n","$message_type":"diagnostic","children":[],"code":{"code":"missing_docs","explanation":null},"level":"warning","message":"missing documentation for a variant","spans":[{"byte_end":1799,"byte_start":1794,"column_end":10,"column_start":5,"expansion":null,"file_name":"gameplay_sim/src/systems/world/map_system.rs","is_primary":true,"label":null,"line_end":66,"line_start":66,"suggested_replacement":null,"suggestion_applicability":null,"text":[{"highlight_end":10,"highlight_start":5,"text":"    Trees,"}]}]}}
{"reason":"compiler-message","package_id":"path+file:///Users/bradyjeong/Documents/Projects/Amp/gta4/gta_game/gameplay_sim#0.1.0","manifest_path":"/Users/bradyjeong/Documents/Projects/Amp/gta4/gta_game/gameplay_sim/Cargo.toml","target":{"kind":["lib"],"crate_types":["lib"],"name":"gameplay_sim","src_path":"/Users/bradyjeong/Documents/Projects/Amp/gta4/gta_game/gameplay_sim/src/lib.rs","edition":"2021","doc":true,"doctest":true,"test":true},"message":{"rendered":"warning: missing documentation for a struct field\n   --> gameplay_sim/src/systems/input/control_manager.rs:108:5\n    |\n108 |     pub steering_sensitivity: f32,\n    |     ^^^^^^^^^^^^^^^^^^^^^^^^^^^^^\n\n","$message_type":"diagnostic","children":[],"code":{"code":"missing_docs","explanation":null},"level":"warning","message":"missing documentation for a struct field","spans":[{"byte_end":2800,"byte_start":2771,"column_end":34,"column_start":5,"expansion":null,"file_name":"gameplay_sim/src/systems/input/control_manager.rs","is_primary":true,"label":null,"line_end":108,"line_start":108,"suggested_replacement":null,"suggestion_applicability":null,"text":[{"highlight_end":34,"highlight_start":5,"text":"    pub steering_sensitivity: f32,"}]}]}}
{"reason":"compiler-message","package_id":"path+file:///Users/bradyjeong/Documents/Projects/Amp/gta4/gta_game/gameplay_sim#0.1.0","manifest_path":"/Users/bradyjeong/Documents/Projects/Amp/gta4/gta_game/gameplay_sim/Cargo.toml","target":{"kind":["lib"],"crate_types":["lib"],"name":"gameplay_sim","src_path":"/Users/bradyjeong/Documents/Projects/Amp/gta4/gta_game/gameplay_sim/src/lib.rs","edition":"2021","doc":true,"doctest":true,"test":true},"message":{"rendered":"warning: missing documentation for a variant\n  --> gameplay_sim/src/systems/world/map_system.rs:67:5\n   |\n67 |     Bushes,\n   |     ^^^^^^\n\n","$message_type":"diagnostic","children":[],"code":{"code":"missing_docs","explanation":null},"level":"warning","message":"missing documentation for a variant","spans":[{"byte_end":1811,"byte_start":1805,"column_end":11,"column_start":5,"expansion":null,"file_name":"gameplay_sim/src/systems/world/map_system.rs","is_primary":true,"label":null,"line_end":67,"line_start":67,"suggested_replacement":null,"suggestion_applicability":null,"text":[{"highlight_end":11,"highlight_start":5,"text":"    Bushes,"}]}]}}
{"reason":"compiler-message","package_id":"path+file:///Users/bradyjeong/Documents/Projects/Amp/gta4/gta_game/gameplay_sim#0.1.0","manifest_path":"/Users/bradyjeong/Documents/Projects/Amp/gta4/gta_game/gameplay_sim/Cargo.toml","target":{"kind":["lib"],"crate_types":["lib"],"name":"gameplay_sim","src_path":"/Users/bradyjeong/Documents/Projects/Amp/gta4/gta_game/gameplay_sim/src/lib.rs","edition":"2021","doc":true,"doctest":true,"test":true},"message":{"rendered":"warning: missing documentation for a struct field\n   --> gameplay_sim/src/systems/input/control_manager.rs:109:5\n    |\n109 |     pub brake_sensitivity: f32,\n    |     ^^^^^^^^^^^^^^^^^^^^^^^^^^\n\n","$message_type":"diagnostic","children":[],"code":{"code":"missing_docs","explanation":null},"level":"warning","message":"missing documentation for a struct field","spans":[{"byte_end":2832,"byte_start":2806,"column_end":31,"column_start":5,"expansion":null,"file_name":"gameplay_sim/src/systems/input/control_manager.rs","is_primary":true,"label":null,"line_end":109,"line_start":109,"suggested_replacement":null,"suggestion_applicability":null,"text":[{"highlight_end":31,"highlight_start":5,"text":"    pub brake_sensitivity: f32,"}]}]}}
{"reason":"compiler-message","package_id":"path+file:///Users/bradyjeong/Documents/Projects/Amp/gta4/gta_game/gameplay_sim#0.1.0","manifest_path":"/Users/bradyjeong/Documents/Projects/Amp/gta4/gta_game/gameplay_sim/Cargo.toml","target":{"kind":["lib"],"crate_types":["lib"],"name":"gameplay_sim","src_path":"/Users/bradyjeong/Documents/Projects/Amp/gta4/gta_game/gameplay_sim/src/lib.rs","edition":"2021","doc":true,"doctest":true,"test":true},"message":{"rendered":"warning: missing documentation for a variant\n  --> gameplay_sim/src/systems/world/map_system.rs:68:5\n   |\n68 |     Grass,\n   |     ^^^^^\n\n","$message_type":"diagnostic","children":[],"code":{"code":"missing_docs","explanation":null},"level":"warning","message":"missing documentation for a variant","spans":[{"byte_end":1822,"byte_start":1817,"column_end":10,"column_start":5,"expansion":null,"file_name":"gameplay_sim/src/systems/world/map_system.rs","is_primary":true,"label":null,"line_end":68,"line_start":68,"suggested_replacement":null,"suggestion_applicability":null,"text":[{"highlight_end":10,"highlight_start":5,"text":"    Grass,"}]}]}}
{"reason":"compiler-message","package_id":"path+file:///Users/bradyjeong/Documents/Projects/Amp/gta4/gta_game/gameplay_sim#0.1.0","manifest_path":"/Users/bradyjeong/Documents/Projects/Amp/gta4/gta_game/gameplay_sim/Cargo.toml","target":{"kind":["lib"],"crate_types":["lib"],"name":"gameplay_sim","src_path":"/Users/bradyjeong/Documents/Projects/Amp/gta4/gta_game/gameplay_sim/src/lib.rs","edition":"2021","doc":true,"doctest":true,"test":true},"message":{"rendered":"warning: missing documentation for a struct field\n   --> gameplay_sim/src/systems/input/control_manager.rs:112:5\n    |\n112 |     pub enable_safety_limits: bool,\n    |     ^^^^^^^^^^^^^^^^^^^^^^^^^^^^^^\n\n","$message_type":"diagnostic","children":[],"code":{"code":"missing_docs","explanation":null},"level":"warning","message":"missing documentation for a struct field","spans":[{"byte_end":2894,"byte_start":2864,"column_end":35,"column_start":5,"expansion":null,"file_name":"gameplay_sim/src/systems/input/control_manager.rs","is_primary":true,"label":null,"line_end":112,"line_start":112,"suggested_replacement":null,"suggestion_applicability":null,"text":[{"highlight_end":35,"highlight_start":5,"text":"    pub enable_safety_limits: bool,"}]}]}}
{"reason":"compiler-message","package_id":"path+file:///Users/bradyjeong/Documents/Projects/Amp/gta4/gta_game/gameplay_sim#0.1.0","manifest_path":"/Users/bradyjeong/Documents/Projects/Amp/gta4/gta_game/gameplay_sim/Cargo.toml","target":{"kind":["lib"],"crate_types":["lib"],"name":"gameplay_sim","src_path":"/Users/bradyjeong/Documents/Projects/Amp/gta4/gta_game/gameplay_sim/src/lib.rs","edition":"2021","doc":true,"doctest":true,"test":true},"message":{"rendered":"warning: missing documentation for an enum\n  --> gameplay_sim/src/systems/world/map_system.rs:72:1\n   |\n72 | pub enum LandmarkType {\n   | ^^^^^^^^^^^^^^^^^^^^^\n\n","$message_type":"diagnostic","children":[],"code":{"code":"missing_docs","explanation":null},"level":"warning","message":"missing documentation for an enum","spans":[{"byte_end":1876,"byte_start":1855,"column_end":22,"column_start":1,"expansion":null,"file_name":"gameplay_sim/src/systems/world/map_system.rs","is_primary":true,"label":null,"line_end":72,"line_start":72,"suggested_replacement":null,"suggestion_applicability":null,"text":[{"highlight_end":22,"highlight_start":1,"text":"pub enum LandmarkType {"}]}]}}
{"reason":"compiler-message","package_id":"path+file:///Users/bradyjeong/Documents/Projects/Amp/gta4/gta_game/gameplay_sim#0.1.0","manifest_path":"/Users/bradyjeong/Documents/Projects/Amp/gta4/gta_game/gameplay_sim/Cargo.toml","target":{"kind":["lib"],"crate_types":["lib"],"name":"gameplay_sim","src_path":"/Users/bradyjeong/Documents/Projects/Amp/gta4/gta_game/gameplay_sim/src/lib.rs","edition":"2021","doc":true,"doctest":true,"test":true},"message":{"rendered":"warning: missing documentation for a struct field\n   --> gameplay_sim/src/systems/input/control_manager.rs:113:5\n    |\n113 |     pub max_safe_speed: f32,\n    |     ^^^^^^^^^^^^^^^^^^^^^^^\n\n","$message_type":"diagnostic","children":[],"code":{"code":"missing_docs","explanation":null},"level":"warning","message":"missing documentation for a struct field","spans":[{"byte_end":2923,"byte_start":2900,"column_end":28,"column_start":5,"expansion":null,"file_name":"gameplay_sim/src/systems/input/control_manager.rs","is_primary":true,"label":null,"line_end":113,"line_start":113,"suggested_replacement":null,"suggestion_applicability":null,"text":[{"highlight_end":28,"highlight_start":5,"text":"    pub max_safe_speed: f32,"}]}]}}
{"reason":"compiler-message","package_id":"path+file:///Users/bradyjeong/Documents/Projects/Amp/gta4/gta_game/gameplay_sim#0.1.0","manifest_path":"/Users/bradyjeong/Documents/Projects/Amp/gta4/gta_game/gameplay_sim/Cargo.toml","target":{"kind":["lib"],"crate_types":["lib"],"name":"gameplay_sim","src_path":"/Users/bradyjeong/Documents/Projects/Amp/gta4/gta_game/gameplay_sim/src/lib.rs","edition":"2021","doc":true,"doctest":true,"test":true},"message":{"rendered":"warning: missing documentation for a variant\n  --> gameplay_sim/src/systems/world/map_system.rs:73:5\n   |\n73 |     Park,\n   |     ^^^^\n\n","$message_type":"diagnostic","children":[],"code":{"code":"missing_docs","explanation":null},"level":"warning","message":"missing documentation for a variant","spans":[{"byte_end":1887,"byte_start":1883,"column_end":9,"column_start":5,"expansion":null,"file_name":"gameplay_sim/src/systems/world/map_system.rs","is_primary":true,"label":null,"line_end":73,"line_start":73,"suggested_replacement":null,"suggestion_applicability":null,"text":[{"highlight_end":9,"highlight_start":5,"text":"    Park,"}]}]}}
{"reason":"compiler-message","package_id":"path+file:///Users/bradyjeong/Documents/Projects/Amp/gta4/gta_game/gameplay_sim#0.1.0","manifest_path":"/Users/bradyjeong/Documents/Projects/Amp/gta4/gta_game/gameplay_sim/Cargo.toml","target":{"kind":["lib"],"crate_types":["lib"],"name":"gameplay_sim","src_path":"/Users/bradyjeong/Documents/Projects/Amp/gta4/gta_game/gameplay_sim/src/lib.rs","edition":"2021","doc":true,"doctest":true,"test":true},"message":{"rendered":"warning: missing documentation for a struct field\n   --> gameplay_sim/src/systems/input/control_manager.rs:114:5\n    |\n114 |     pub stability_assist: bool,\n    |     ^^^^^^^^^^^^^^^^^^^^^^^^^^\n\n","$message_type":"diagnostic","children":[],"code":{"code":"missing_docs","explanation":null},"level":"warning","message":"missing documentation for a struct field","spans":[{"byte_end":2955,"byte_start":2929,"column_end":31,"column_start":5,"expansion":null,"file_name":"gameplay_sim/src/systems/input/control_manager.rs","is_primary":true,"label":null,"line_end":114,"line_start":114,"suggested_replacement":null,"suggestion_applicability":null,"text":[{"highlight_end":31,"highlight_start":5,"text":"    pub stability_assist: bool,"}]}]}}
{"reason":"compiler-message","package_id":"path+file:///Users/bradyjeong/Documents/Projects/Amp/gta4/gta_game/gameplay_sim#0.1.0","manifest_path":"/Users/bradyjeong/Documents/Projects/Amp/gta4/gta_game/gameplay_sim/Cargo.toml","target":{"kind":["lib"],"crate_types":["lib"],"name":"gameplay_sim","src_path":"/Users/bradyjeong/Documents/Projects/Amp/gta4/gta_game/gameplay_sim/src/lib.rs","edition":"2021","doc":true,"doctest":true,"test":true},"message":{"rendered":"warning: missing documentation for a variant\n  --> gameplay_sim/src/systems/world/map_system.rs:74:5\n   |\n74 |     Monument,\n   |     ^^^^^^^^\n\n","$message_type":"diagnostic","children":[],"code":{"code":"missing_docs","explanation":null},"level":"warning","message":"missing documentation for a variant","spans":[{"byte_end":1901,"byte_start":1893,"column_end":13,"column_start":5,"expansion":null,"file_name":"gameplay_sim/src/systems/world/map_system.rs","is_primary":true,"label":null,"line_end":74,"line_start":74,"suggested_replacement":null,"suggestion_applicability":null,"text":[{"highlight_end":13,"highlight_start":5,"text":"    Monument,"}]}]}}
{"reason":"compiler-message","package_id":"path+file:///Users/bradyjeong/Documents/Projects/Amp/gta4/gta_game/gameplay_sim#0.1.0","manifest_path":"/Users/bradyjeong/Documents/Projects/Amp/gta4/gta_game/gameplay_sim/Cargo.toml","target":{"kind":["lib"],"crate_types":["lib"],"name":"gameplay_sim","src_path":"/Users/bradyjeong/Documents/Projects/Amp/gta4/gta_game/gameplay_sim/src/lib.rs","edition":"2021","doc":true,"doctest":true,"test":true},"message":{"rendered":"warning: missing documentation for a variant\n  --> gameplay_sim/src/systems/world/map_system.rs:75:5\n   |\n75 |     Bridge,\n   |     ^^^^^^\n\n","$message_type":"diagnostic","children":[],"code":{"code":"missing_docs","explanation":null},"level":"warning","message":"missing documentation for a variant","spans":[{"byte_end":1913,"byte_start":1907,"column_end":11,"column_start":5,"expansion":null,"file_name":"gameplay_sim/src/systems/world/map_system.rs","is_primary":true,"label":null,"line_end":75,"line_start":75,"suggested_replacement":null,"suggestion_applicability":null,"text":[{"highlight_end":11,"highlight_start":5,"text":"    Bridge,"}]}]}}
{"reason":"compiler-message","package_id":"path+file:///Users/bradyjeong/Documents/Projects/Amp/gta4/gta_game/gameplay_sim#0.1.0","manifest_path":"/Users/bradyjeong/Documents/Projects/Amp/gta4/gta_game/gameplay_sim/Cargo.toml","target":{"kind":["lib"],"crate_types":["lib"],"name":"gameplay_sim","src_path":"/Users/bradyjeong/Documents/Projects/Amp/gta4/gta_game/gameplay_sim/src/lib.rs","edition":"2021","doc":true,"doctest":true,"test":true},"message":{"rendered":"warning: missing documentation for an associated function\n  --> gameplay_sim/src/systems/world/map_system.rs:79:5\n   |\n79 |     pub fn new() -> Self {\n   |     ^^^^^^^^^^^^^^^^^^^^\n\n","$message_type":"diagnostic","children":[],"code":{"code":"missing_docs","explanation":null},"level":"warning","message":"missing documentation for an associated function","spans":[{"byte_end":1959,"byte_start":1939,"column_end":25,"column_start":5,"expansion":null,"file_name":"gameplay_sim/src/systems/world/map_system.rs","is_primary":true,"label":null,"line_end":79,"line_start":79,"suggested_replacement":null,"suggestion_applicability":null,"text":[{"highlight_end":25,"highlight_start":5,"text":"    pub fn new() -> Self {"}]}]}}
{"reason":"compiler-message","package_id":"path+file:///Users/bradyjeong/Documents/Projects/Amp/gta4/gta_game/gameplay_sim#0.1.0","manifest_path":"/Users/bradyjeong/Documents/Projects/Amp/gta4/gta_game/gameplay_sim/Cargo.toml","target":{"kind":["lib"],"crate_types":["lib"],"name":"gameplay_sim","src_path":"/Users/bradyjeong/Documents/Projects/Amp/gta4/gta_game/gameplay_sim/src/lib.rs","edition":"2021","doc":true,"doctest":true,"test":true},"message":{"rendered":"warning: missing documentation for a method\n  --> gameplay_sim/src/systems/world/map_system.rs:86:5\n   |\n86 |     pub fn generate_chunk_template(&self, chunk_x: i32, chunk_z: i32) -> ChunkTemplate {\n   |     ^^^^^^^^^^^^^^^^^^^^^^^^^^^^^^^^^^^^^^^^^^^^^^^^^^^^^^^^^^^^^^^^^^^^^^^^^^^^^^^^^^\n\n","$message_type":"diagnostic","children":[],"code":{"code":"missing_docs","explanation":null},"level":"warning","message":"missing documentation for a method","spans":[{"byte_end":2171,"byte_start":2089,"column_end":87,"column_start":5,"expansion":null,"file_name":"gameplay_sim/src/systems/world/map_system.rs","is_primary":true,"label":null,"line_end":86,"line_start":86,"suggested_replacement":null,"suggestion_applicability":null,"text":[{"highlight_end":87,"highlight_start":5,"text":"    pub fn generate_chunk_template(&self, chunk_x: i32, chunk_z: i32) -> ChunkTemplate {"}]}]}}
{"reason":"compiler-message","package_id":"path+file:///Users/bradyjeong/Documents/Projects/Amp/gta4/gta_game/gameplay_sim#0.1.0","manifest_path":"/Users/bradyjeong/Documents/Projects/Amp/gta4/gta_game/gameplay_sim/Cargo.toml","target":{"kind":["lib"],"crate_types":["lib"],"name":"gameplay_sim","src_path":"/Users/bradyjeong/Documents/Projects/Amp/gta4/gta_game/gameplay_sim/src/lib.rs","edition":"2021","doc":true,"doctest":true,"test":true},"message":{"rendered":"warning: missing documentation for a struct\n   --> gameplay_sim/src/systems/input/control_manager.rs:138:1\n    |\n138 | pub struct ControlManager {\n    | ^^^^^^^^^^^^^^^^^^^^^^^^^\n\n","$message_type":"diagnostic","children":[],"code":{"code":"missing_docs","explanation":null},"level":"warning","message":"missing documentation for a struct","spans":[{"byte_end":3594,"byte_start":3569,"column_end":26,"column_start":1,"expansion":null,"file_name":"gameplay_sim/src/systems/input/control_manager.rs","is_primary":true,"label":null,"line_end":138,"line_start":138,"suggested_replacement":null,"suggestion_applicability":null,"text":[{"highlight_end":26,"highlight_start":1,"text":"pub struct ControlManager {"}]}]}}
{"reason":"compiler-message","package_id":"path+file:///Users/bradyjeong/Documents/Projects/Amp/gta4/gta_game/gameplay_sim#0.1.0","manifest_path":"/Users/bradyjeong/Documents/Projects/Amp/gta4/gta_game/gameplay_sim/Cargo.toml","target":{"kind":["lib"],"crate_types":["lib"],"name":"gameplay_sim","src_path":"/Users/bradyjeong/Documents/Projects/Amp/gta4/gta_game/gameplay_sim/src/lib.rs","edition":"2021","doc":true,"doctest":true,"test":true},"message":{"rendered":"warning: missing documentation for a function\n   --> gameplay_sim/src/systems/world/map_system.rs:139:1\n    |\n139 | / pub fn map_generation_system(\n140 | |     mut commands: Commands,\n141 | |     active_query: Query<&Transform, With<ActiveEntity>>,\n142 | |     mut map_system: ResMut<MapSystem>,\n143 | |     mut meshes: ResMut<Assets<Mesh>>,\n144 | |     mut materials: ResMut<Assets<StandardMaterial>>,\n145 | | ) {\n    | |_^\n\n","$message_type":"diagnostic","children":[],"code":{"code":"missing_docs","explanation":null},"level":"warning","message":"missing documentation for a function","spans":[{"byte_end":4176,"byte_start":3930,"column_end":2,"column_start":1,"expansion":null,"file_name":"gameplay_sim/src/systems/world/map_system.rs","is_primary":true,"label":null,"line_end":145,"line_start":139,"suggested_replacement":null,"suggestion_applicability":null,"text":[{"highlight_end":30,"highlight_start":1,"text":"pub fn map_generation_system("},{"highlight_end":28,"highlight_start":1,"text":"    mut commands: Commands,"},{"highlight_end":57,"highlight_start":1,"text":"    active_query: Query<&Transform, With<ActiveEntity>>,"},{"highlight_end":39,"highlight_start":1,"text":"    mut map_system: ResMut<MapSystem>,"},{"highlight_end":38,"highlight_start":1,"text":"    mut meshes: ResMut<Assets<Mesh>>,"},{"highlight_end":53,"highlight_start":1,"text":"    mut materials: ResMut<Assets<StandardMaterial>>,"},{"highlight_end":2,"highlight_start":1,"text":") {"}]}]}}
{"reason":"compiler-message","package_id":"path+file:///Users/bradyjeong/Documents/Projects/Amp/gta4/gta_game/gameplay_sim#0.1.0","manifest_path":"/Users/bradyjeong/Documents/Projects/Amp/gta4/gta_game/gameplay_sim/Cargo.toml","target":{"kind":["lib"],"crate_types":["lib"],"name":"gameplay_sim","src_path":"/Users/bradyjeong/Documents/Projects/Amp/gta4/gta_game/gameplay_sim/src/lib.rs","edition":"2021","doc":true,"doctest":true,"test":true},"message":{"rendered":"warning: missing documentation for a struct\n   --> gameplay_sim/src/systems/world/map_system.rs:441:1\n    |\n441 | pub struct Chunk {\n    | ^^^^^^^^^^^^^^^^\n\n","$message_type":"diagnostic","children":[],"code":{"code":"missing_docs","explanation":null},"level":"warning","message":"missing documentation for a struct","spans":[{"byte_end":13375,"byte_start":13359,"column_end":17,"column_start":1,"expansion":null,"file_name":"gameplay_sim/src/systems/world/map_system.rs","is_primary":true,"label":null,"line_end":441,"line_start":441,"suggested_replacement":null,"suggestion_applicability":null,"text":[{"highlight_end":17,"highlight_start":1,"text":"pub struct Chunk {"}]}]}}
{"reason":"compiler-message","package_id":"path+file:///Users/bradyjeong/Documents/Projects/Amp/gta4/gta_game/gameplay_sim#0.1.0","manifest_path":"/Users/bradyjeong/Documents/Projects/Amp/gta4/gta_game/gameplay_sim/Cargo.toml","target":{"kind":["lib"],"crate_types":["lib"],"name":"gameplay_sim","src_path":"/Users/bradyjeong/Documents/Projects/Amp/gta4/gta_game/gameplay_sim/src/lib.rs","edition":"2021","doc":true,"doctest":true,"test":true},"message":{"rendered":"warning: missing documentation for a struct field\n   --> gameplay_sim/src/systems/world/map_system.rs:442:5\n    |\n442 |     pub x: i32,\n    |     ^^^^^^^^^^\n\n","$message_type":"diagnostic","children":[],"code":{"code":"missing_docs","explanation":null},"level":"warning","message":"missing documentation for a struct field","spans":[{"byte_end":13392,"byte_start":13382,"column_end":15,"column_start":5,"expansion":null,"file_name":"gameplay_sim/src/systems/world/map_system.rs","is_primary":true,"label":null,"line_end":442,"line_start":442,"suggested_replacement":null,"suggestion_applicability":null,"text":[{"highlight_end":15,"highlight_start":5,"text":"    pub x: i32,"}]}]}}
{"reason":"compiler-message","package_id":"path+file:///Users/bradyjeong/Documents/Projects/Amp/gta4/gta_game/gameplay_sim#0.1.0","manifest_path":"/Users/bradyjeong/Documents/Projects/Amp/gta4/gta_game/gameplay_sim/Cargo.toml","target":{"kind":["lib"],"crate_types":["lib"],"name":"gameplay_sim","src_path":"/Users/bradyjeong/Documents/Projects/Amp/gta4/gta_game/gameplay_sim/src/lib.rs","edition":"2021","doc":true,"doctest":true,"test":true},"message":{"rendered":"warning: missing documentation for a struct field\n   --> gameplay_sim/src/systems/world/map_system.rs:443:5\n    |\n443 |     pub z: i32,\n    |     ^^^^^^^^^^\n\n","$message_type":"diagnostic","children":[],"code":{"code":"missing_docs","explanation":null},"level":"warning","message":"missing documentation for a struct field","spans":[{"byte_end":13408,"byte_start":13398,"column_end":15,"column_start":5,"expansion":null,"file_name":"gameplay_sim/src/systems/world/map_system.rs","is_primary":true,"label":null,"line_end":443,"line_start":443,"suggested_replacement":null,"suggestion_applicability":null,"text":[{"highlight_end":15,"highlight_start":5,"text":"    pub z: i32,"}]}]}}
{"reason":"compiler-message","package_id":"path+file:///Users/bradyjeong/Documents/Projects/Amp/gta4/gta_game/gameplay_sim#0.1.0","manifest_path":"/Users/bradyjeong/Documents/Projects/Amp/gta4/gta_game/gameplay_sim/Cargo.toml","target":{"kind":["lib"],"crate_types":["lib"],"name":"gameplay_sim","src_path":"/Users/bradyjeong/Documents/Projects/Amp/gta4/gta_game/gameplay_sim/src/lib.rs","edition":"2021","doc":true,"doctest":true,"test":true},"message":{"rendered":"warning: missing documentation for a struct\n   --> gameplay_sim/src/systems/world/map_system.rs:447:1\n    |\n447 | pub struct TerrainChunk;\n    | ^^^^^^^^^^^^^^^^^^^^^^^\n\n","$message_type":"diagnostic","children":[],"code":{"code":"missing_docs","explanation":null},"level":"warning","message":"missing documentation for a struct","spans":[{"byte_end":13457,"byte_start":13434,"column_end":24,"column_start":1,"expansion":null,"file_name":"gameplay_sim/src/systems/world/map_system.rs","is_primary":true,"label":null,"line_end":447,"line_start":447,"suggested_replacement":null,"suggestion_applicability":null,"text":[{"highlight_end":24,"highlight_start":1,"text":"pub struct TerrainChunk;"}]}]}}
{"reason":"compiler-message","package_id":"path+file:///Users/bradyjeong/Documents/Projects/Amp/gta4/gta_game/gameplay_sim#0.1.0","manifest_path":"/Users/bradyjeong/Documents/Projects/Amp/gta4/gta_game/gameplay_sim/Cargo.toml","target":{"kind":["lib"],"crate_types":["lib"],"name":"gameplay_sim","src_path":"/Users/bradyjeong/Documents/Projects/Amp/gta4/gta_game/gameplay_sim/src/lib.rs","edition":"2021","doc":true,"doctest":true,"test":true},"message":{"rendered":"warning: missing documentation for a struct\n   --> gameplay_sim/src/systems/world/map_system.rs:450:1\n    |\n450 | pub struct Building;\n    | ^^^^^^^^^^^^^^^^^^^\n\n","$message_type":"diagnostic","children":[],"code":{"code":"missing_docs","explanation":null},"level":"warning","message":"missing documentation for a struct","spans":[{"byte_end":13500,"byte_start":13481,"column_end":20,"column_start":1,"expansion":null,"file_name":"gameplay_sim/src/systems/world/map_system.rs","is_primary":true,"label":null,"line_end":450,"line_start":450,"suggested_replacement":null,"suggestion_applicability":null,"text":[{"highlight_end":20,"highlight_start":1,"text":"pub struct Building;"}]}]}}
{"reason":"compiler-message","package_id":"path+file:///Users/bradyjeong/Documents/Projects/Amp/gta4/gta_game/gameplay_sim#0.1.0","manifest_path":"/Users/bradyjeong/Documents/Projects/Amp/gta4/gta_game/gameplay_sim/Cargo.toml","target":{"kind":["lib"],"crate_types":["lib"],"name":"gameplay_sim","src_path":"/Users/bradyjeong/Documents/Projects/Amp/gta4/gta_game/gameplay_sim/src/lib.rs","edition":"2021","doc":true,"doctest":true,"test":true},"message":{"rendered":"warning: missing documentation for a struct\n   --> gameplay_sim/src/systems/world/map_system.rs:453:1\n    |\n453 | pub struct Landmark;\n    | ^^^^^^^^^^^^^^^^^^^\n\n","$message_type":"diagnostic","children":[],"code":{"code":"missing_docs","explanation":null},"level":"warning","message":"missing documentation for a struct","spans":[{"byte_end":13543,"byte_start":13524,"column_end":20,"column_start":1,"expansion":null,"file_name":"gameplay_sim/src/systems/world/map_system.rs","is_primary":true,"label":null,"line_end":453,"line_start":453,"suggested_replacement":null,"suggestion_applicability":null,"text":[{"highlight_end":20,"highlight_start":1,"text":"pub struct Landmark;"}]}]}}
{"reason":"compiler-message","package_id":"path+file:///Users/bradyjeong/Documents/Projects/Amp/gta4/gta_game/gameplay_sim#0.1.0","manifest_path":"/Users/bradyjeong/Documents/Projects/Amp/gta4/gta_game/gameplay_sim/Cargo.toml","target":{"kind":["lib"],"crate_types":["lib"],"name":"gameplay_sim","src_path":"/Users/bradyjeong/Documents/Projects/Amp/gta4/gta_game/gameplay_sim/src/lib.rs","edition":"2021","doc":true,"doctest":true,"test":true},"message":{"rendered":"warning: missing documentation for a constant\n  --> gameplay_sim/src/systems/world/unified_world.rs:19:1\n   |\n19 | pub const UNIFIED_CHUNK_SIZE: f32 = CHUNK_SIZE;\n   | ^^^^^^^^^^^^^^^^^^^^^^^^^^^^^^^^^\n\n","$message_type":"diagnostic","children":[],"code":{"code":"missing_docs","explanation":null},"level":"warning","message":"missing documentation for a constant","spans":[{"byte_end":880,"byte_start":847,"column_end":34,"column_start":1,"expansion":null,"file_name":"gameplay_sim/src/systems/world/unified_world.rs","is_primary":true,"label":null,"line_end":19,"line_start":19,"suggested_replacement":null,"suggestion_applicability":null,"text":[{"highlight_end":34,"highlight_start":1,"text":"pub const UNIFIED_CHUNK_SIZE: f32 = CHUNK_SIZE;"}]}]}}
{"reason":"compiler-message","package_id":"path+file:///Users/bradyjeong/Documents/Projects/Amp/gta4/gta_game/gameplay_sim#0.1.0","manifest_path":"/Users/bradyjeong/Documents/Projects/Amp/gta4/gta_game/gameplay_sim/Cargo.toml","target":{"kind":["lib"],"crate_types":["lib"],"name":"gameplay_sim","src_path":"/Users/bradyjeong/Documents/Projects/Amp/gta4/gta_game/gameplay_sim/src/lib.rs","edition":"2021","doc":true,"doctest":true,"test":true},"message":{"rendered":"warning: missing documentation for a constant\n  --> gameplay_sim/src/systems/world/unified_world.rs:20:1\n   |\n20 | pub const UNIFIED_STREAMING_RADIUS: f32 = 800.0;\n   | ^^^^^^^^^^^^^^^^^^^^^^^^^^^^^^^^^^^^^^^\n\n","$message_type":"diagnostic","children":[],"code":{"code":"missing_docs","explanation":null},"level":"warning","message":"missing documentation for a constant","spans":[{"byte_end":934,"byte_start":895,"column_end":40,"column_start":1,"expansion":null,"file_name":"gameplay_sim/src/systems/world/unified_world.rs","is_primary":true,"label":null,"line_end":20,"line_start":20,"suggested_replacement":null,"suggestion_applicability":null,"text":[{"highlight_end":40,"highlight_start":1,"text":"pub const UNIFIED_STREAMING_RADIUS: f32 = 800.0;"}]}]}}
{"reason":"compiler-message","package_id":"path+file:///Users/bradyjeong/Documents/Projects/Amp/gta4/gta_game/gameplay_sim#0.1.0","manifest_path":"/Users/bradyjeong/Documents/Projects/Amp/gta4/gta_game/gameplay_sim/Cargo.toml","target":{"kind":["lib"],"crate_types":["lib"],"name":"gameplay_sim","src_path":"/Users/bradyjeong/Documents/Projects/Amp/gta4/gta_game/gameplay_sim/src/lib.rs","edition":"2021","doc":true,"doctest":true,"test":true},"message":{"rendered":"warning: missing documentation for a struct\n  --> gameplay_sim/src/systems/world/unified_world.rs:23:1\n   |\n23 | pub struct WorldManager {\n   | ^^^^^^^^^^^^^^^^^^^^^^^\n\n","$message_type":"diagnostic","children":[],"code":{"code":"missing_docs","explanation":null},"level":"warning","message":"missing documentation for a struct","spans":[{"byte_end":997,"byte_start":974,"column_end":24,"column_start":1,"expansion":null,"file_name":"gameplay_sim/src/systems/world/unified_world.rs","is_primary":true,"label":null,"line_end":23,"line_start":23,"suggested_replacement":null,"suggestion_applicability":null,"text":[{"highlight_end":24,"highlight_start":1,"text":"pub struct WorldManager {"}]}]}}
{"reason":"compiler-message","package_id":"path+file:///Users/bradyjeong/Documents/Projects/Amp/gta4/gta_game/gameplay_sim#0.1.0","manifest_path":"/Users/bradyjeong/Documents/Projects/Amp/gta4/gta_game/gameplay_sim/Cargo.toml","target":{"kind":["lib"],"crate_types":["lib"],"name":"gameplay_sim","src_path":"/Users/bradyjeong/Documents/Projects/Amp/gta4/gta_game/gameplay_sim/src/lib.rs","edition":"2021","doc":true,"doctest":true,"test":true},"message":{"rendered":"warning: missing documentation for a struct field\n  --> gameplay_sim/src/systems/world/unified_world.rs:24:5\n   |\n24 |     pub chunks: HashMap<ChunkCoord, ChunkData>,\n   |     ^^^^^^^^^^^^^^^^^^^^^^^^^^^^^^^^^^^^^^^^^^\n\n","$message_type":"diagnostic","children":[],"code":{"code":"missing_docs","explanation":null},"level":"warning","message":"missing documentation for a struct field","spans":[{"byte_end":1046,"byte_start":1004,"column_end":47,"column_start":5,"expansion":null,"file_name":"gameplay_sim/src/systems/world/unified_world.rs","is_primary":true,"label":null,"line_end":24,"line_start":24,"suggested_replacement":null,"suggestion_applicability":null,"text":[{"highlight_end":47,"highlight_start":5,"text":"    pub chunks: HashMap<ChunkCoord, ChunkData>,"}]}]}}
{"reason":"compiler-message","package_id":"path+file:///Users/bradyjeong/Documents/Projects/Amp/gta4/gta_game/gameplay_sim#0.1.0","manifest_path":"/Users/bradyjeong/Documents/Projects/Amp/gta4/gta_game/gameplay_sim/Cargo.toml","target":{"kind":["lib"],"crate_types":["lib"],"name":"gameplay_sim","src_path":"/Users/bradyjeong/Documents/Projects/Amp/gta4/gta_game/gameplay_sim/src/lib.rs","edition":"2021","doc":true,"doctest":true,"test":true},"message":{"rendered":"warning: missing documentation for a struct field\n  --> gameplay_sim/src/systems/world/unified_world.rs:25:5\n   |\n25 |     pub active_chunks: Vec<ChunkCoord>,\n   |     ^^^^^^^^^^^^^^^^^^^^^^^^^^^^^^^^^^\n\n","$message_type":"diagnostic","children":[],"code":{"code":"missing_docs","explanation":null},"level":"warning","message":"missing documentation for a struct field","spans":[{"byte_end":1086,"byte_start":1052,"column_end":39,"column_start":5,"expansion":null,"file_name":"gameplay_sim/src/systems/world/unified_world.rs","is_primary":true,"label":null,"line_end":25,"line_start":25,"suggested_replacement":null,"suggestion_applicability":null,"text":[{"highlight_end":39,"highlight_start":5,"text":"    pub active_chunks: Vec<ChunkCoord>,"}]}]}}
{"reason":"compiler-message","package_id":"path+file:///Users/bradyjeong/Documents/Projects/Amp/gta4/gta_game/gameplay_sim#0.1.0","manifest_path":"/Users/bradyjeong/Documents/Projects/Amp/gta4/gta_game/gameplay_sim/Cargo.toml","target":{"kind":["lib"],"crate_types":["lib"],"name":"gameplay_sim","src_path":"/Users/bradyjeong/Documents/Projects/Amp/gta4/gta_game/gameplay_sim/src/lib.rs","edition":"2021","doc":true,"doctest":true,"test":true},"message":{"rendered":"warning: missing documentation for a struct field\n  --> gameplay_sim/src/systems/world/unified_world.rs:26:5\n   |\n26 |     pub placement_grid: PlacementGrid,\n   |     ^^^^^^^^^^^^^^^^^^^^^^^^^^^^^^^^^\n\n","$message_type":"diagnostic","children":[],"code":{"code":"missing_docs","explanation":null},"level":"warning","message":"missing documentation for a struct field","spans":[{"byte_end":1125,"byte_start":1092,"column_end":38,"column_start":5,"expansion":null,"file_name":"gameplay_sim/src/systems/world/unified_world.rs","is_primary":true,"label":null,"line_end":26,"line_start":26,"suggested_replacement":null,"suggestion_applicability":null,"text":[{"highlight_end":38,"highlight_start":5,"text":"    pub placement_grid: PlacementGrid,"}]}]}}
{"reason":"compiler-message","package_id":"path+file:///Users/bradyjeong/Documents/Projects/Amp/gta4/gta_game/gameplay_sim#0.1.0","manifest_path":"/Users/bradyjeong/Documents/Projects/Amp/gta4/gta_game/gameplay_sim/Cargo.toml","target":{"kind":["lib"],"crate_types":["lib"],"name":"gameplay_sim","src_path":"/Users/bradyjeong/Documents/Projects/Amp/gta4/gta_game/gameplay_sim/src/lib.rs","edition":"2021","doc":true,"doctest":true,"test":true},"message":{"rendered":"warning: missing documentation for a function\n  --> gameplay_sim/src/systems/movement/player.rs:23:1\n   |\n23 | / pub fn human_player_movement(\n24 | |     time: Res<Time>,\n25 | |     control_manager: Res<ControlManager>,\n26 | |     mut player_query: Query<\n...  |\n35 | |     >,\n36 | | ) {\n   | |_^\n\n","$message_type":"diagnostic","children":[],"code":{"code":"missing_docs","explanation":null},"level":"warning","message":"missing documentation for a function","spans":[{"byte_end":1438,"byte_start":1095,"column_end":2,"column_start":1,"expansion":null,"file_name":"gameplay_sim/src/systems/movement/player.rs","is_primary":true,"label":null,"line_end":36,"line_start":23,"suggested_replacement":null,"suggestion_applicability":null,"text":[{"highlight_end":30,"highlight_start":1,"text":"pub fn human_player_movement("},{"highlight_end":21,"highlight_start":1,"text":"    time: Res<Time>,"},{"highlight_end":42,"highlight_start":1,"text":"    control_manager: Res<ControlManager>,"},{"highlight_end":29,"highlight_start":1,"text":"    mut player_query: Query<"},{"highlight_end":10,"highlight_start":1,"text":"        ("},{"highlight_end":27,"highlight_start":1,"text":"            &mut Velocity,"},{"highlight_end":24,"highlight_start":1,"text":"            &Transform,"},{"highlight_end":32,"highlight_start":1,"text":"            &mut HumanMovement,"},{"highlight_end":33,"highlight_start":1,"text":"            &mut HumanAnimation,"},{"highlight_end":32,"highlight_start":1,"text":"            &mut HumanBehavior,"},{"highlight_end":11,"highlight_start":1,"text":"        ),"},{"highlight_end":44,"highlight_start":1,"text":"        (With<Player>, With<ActiveEntity>),"},{"highlight_end":7,"highlight_start":1,"text":"    >,"},{"highlight_end":2,"highlight_start":1,"text":") {"}]}]}}
{"reason":"compiler-message","package_id":"path+file:///Users/bradyjeong/Documents/Projects/Amp/gta4/gta_game/gameplay_sim#0.1.0","manifest_path":"/Users/bradyjeong/Documents/Projects/Amp/gta4/gta_game/gameplay_sim/Cargo.toml","target":{"kind":["lib"],"crate_types":["lib"],"name":"gameplay_sim","src_path":"/Users/bradyjeong/Documents/Projects/Amp/gta4/gta_game/gameplay_sim/src/lib.rs","edition":"2021","doc":true,"doctest":true,"test":true},"message":{"rendered":"warning: missing documentation for a struct field\n  --> gameplay_sim/src/systems/world/unified_world.rs:27:5\n   |\n27 |     pub road_network: RoadNetwork,\n   |     ^^^^^^^^^^^^^^^^^^^^^^^^^^^^^\n\n","$message_type":"diagnostic","children":[],"code":{"code":"missing_docs","explanation":null},"level":"warning","message":"missing documentation for a struct field","spans":[{"byte_end":1160,"byte_start":1131,"column_end":34,"column_start":5,"expansion":null,"file_name":"gameplay_sim/src/systems/world/unified_world.rs","is_primary":true,"label":null,"line_end":27,"line_start":27,"suggested_replacement":null,"suggestion_applicability":null,"text":[{"highlight_end":34,"highlight_start":5,"text":"    pub road_network: RoadNetwork,"}]}]}}
{"reason":"compiler-message","package_id":"path+file:///Users/bradyjeong/Documents/Projects/Amp/gta4/gta_game/gameplay_sim#0.1.0","manifest_path":"/Users/bradyjeong/Documents/Projects/Amp/gta4/gta_game/gameplay_sim/Cargo.toml","target":{"kind":["lib"],"crate_types":["lib"],"name":"gameplay_sim","src_path":"/Users/bradyjeong/Documents/Projects/Amp/gta4/gta_game/gameplay_sim/src/lib.rs","edition":"2021","doc":true,"doctest":true,"test":true},"message":{"rendered":"warning: missing documentation for a struct field\n  --> gameplay_sim/src/systems/world/unified_world.rs:28:5\n   |\n28 |     pub max_chunks_per_frame: usize,\n   |     ^^^^^^^^^^^^^^^^^^^^^^^^^^^^^^^\n\n","$message_type":"diagnostic","children":[],"code":{"code":"missing_docs","explanation":null},"level":"warning","message":"missing documentation for a struct field","spans":[{"byte_end":1197,"byte_start":1166,"column_end":36,"column_start":5,"expansion":null,"file_name":"gameplay_sim/src/systems/world/unified_world.rs","is_primary":true,"label":null,"line_end":28,"line_start":28,"suggested_replacement":null,"suggestion_applicability":null,"text":[{"highlight_end":36,"highlight_start":5,"text":"    pub max_chunks_per_frame: usize,"}]}]}}
{"reason":"compiler-message","package_id":"path+file:///Users/bradyjeong/Documents/Projects/Amp/gta4/gta_game/gameplay_sim#0.1.0","manifest_path":"/Users/bradyjeong/Documents/Projects/Amp/gta4/gta_game/gameplay_sim/Cargo.toml","target":{"kind":["lib"],"crate_types":["lib"],"name":"gameplay_sim","src_path":"/Users/bradyjeong/Documents/Projects/Amp/gta4/gta_game/gameplay_sim/src/lib.rs","edition":"2021","doc":true,"doctest":true,"test":true},"message":{"rendered":"warning: missing documentation for a type alias\n  --> gameplay_sim/src/systems/world/unified_world.rs:32:1\n   |\n32 | pub type UnifiedWorldManager = WorldManager;\n   | ^^^^^^^^^^^^^^^^^^^^^^^^^^^^\n\n","$message_type":"diagnostic","children":[],"code":{"code":"missing_docs","explanation":null},"level":"warning","message":"missing documentation for a type alias","spans":[{"byte_end":1248,"byte_start":1220,"column_end":29,"column_start":1,"expansion":null,"file_name":"gameplay_sim/src/systems/world/unified_world.rs","is_primary":true,"label":null,"line_end":32,"line_start":32,"suggested_replacement":null,"suggestion_applicability":null,"text":[{"highlight_end":29,"highlight_start":1,"text":"pub type UnifiedWorldManager = WorldManager;"}]}]}}
{"reason":"compiler-message","package_id":"path+file:///Users/bradyjeong/Documents/Projects/Amp/gta4/gta_game/gameplay_sim#0.1.0","manifest_path":"/Users/bradyjeong/Documents/Projects/Amp/gta4/gta_game/gameplay_sim/Cargo.toml","target":{"kind":["lib"],"crate_types":["lib"],"name":"gameplay_sim","src_path":"/Users/bradyjeong/Documents/Projects/Amp/gta4/gta_game/gameplay_sim/src/lib.rs","edition":"2021","doc":true,"doctest":true,"test":true},"message":{"rendered":"warning: missing documentation for an associated function\n  --> gameplay_sim/src/systems/world/unified_world.rs:40:5\n   |\n40 |     fn from_world_pos_local(world_pos: Vec3) -> Self;\n   |     ^^^^^^^^^^^^^^^^^^^^^^^^^^^^^^^^^^^^^^^^^^^^^^^^^\n\n","$message_type":"diagnostic","children":[],"code":{"code":"missing_docs","explanation":null},"level":"warning","message":"missing documentation for an associated function","spans":[{"byte_end":1539,"byte_start":1490,"column_end":54,"column_start":5,"expansion":null,"file_name":"gameplay_sim/src/systems/world/unified_world.rs","is_primary":true,"label":null,"line_end":40,"line_start":40,"suggested_replacement":null,"suggestion_applicability":null,"text":[{"highlight_end":54,"highlight_start":5,"text":"    fn from_world_pos_local(world_pos: Vec3) -> Self;"}]}]}}
{"reason":"compiler-message","package_id":"path+file:///Users/bradyjeong/Documents/Projects/Amp/gta4/gta_game/gameplay_sim#0.1.0","manifest_path":"/Users/bradyjeong/Documents/Projects/Amp/gta4/gta_game/gameplay_sim/Cargo.toml","target":{"kind":["lib"],"crate_types":["lib"],"name":"gameplay_sim","src_path":"/Users/bradyjeong/Documents/Projects/Amp/gta4/gta_game/gameplay_sim/src/lib.rs","edition":"2021","doc":true,"doctest":true,"test":true},"message":{"rendered":"warning: missing documentation for a method\n  --> gameplay_sim/src/systems/world/unified_world.rs:41:5\n   |\n41 |     fn to_world_pos_local(&self) -> Vec3;\n   |     ^^^^^^^^^^^^^^^^^^^^^^^^^^^^^^^^^^^^^\n\n","$message_type":"diagnostic","children":[],"code":{"code":"missing_docs","explanation":null},"level":"warning","message":"missing documentation for a method","spans":[{"byte_end":1581,"byte_start":1544,"column_end":42,"column_start":5,"expansion":null,"file_name":"gameplay_sim/src/systems/world/unified_world.rs","is_primary":true,"label":null,"line_end":41,"line_start":41,"suggested_replacement":null,"suggestion_applicability":null,"text":[{"highlight_end":42,"highlight_start":5,"text":"    fn to_world_pos_local(&self) -> Vec3;"}]}]}}
{"reason":"compiler-message","package_id":"path+file:///Users/bradyjeong/Documents/Projects/Amp/gta4/gta_game/gameplay_sim#0.1.0","manifest_path":"/Users/bradyjeong/Documents/Projects/Amp/gta4/gta_game/gameplay_sim/Cargo.toml","target":{"kind":["lib"],"crate_types":["lib"],"name":"gameplay_sim","src_path":"/Users/bradyjeong/Documents/Projects/Amp/gta4/gta_game/gameplay_sim/src/lib.rs","edition":"2021","doc":true,"doctest":true,"test":true},"message":{"rendered":"warning: missing documentation for a struct\n  --> gameplay_sim/src/systems/world/unified_world.rs:55:1\n   |\n55 | pub struct ChunkData {\n   | ^^^^^^^^^^^^^^^^^^^^\n\n","$message_type":"diagnostic","children":[],"code":{"code":"missing_docs","explanation":null},"level":"warning","message":"missing documentation for a struct","spans":[{"byte_end":1868,"byte_start":1848,"column_end":21,"column_start":1,"expansion":null,"file_name":"gameplay_sim/src/systems/world/unified_world.rs","is_primary":true,"label":null,"line_end":55,"line_start":55,"suggested_replacement":null,"suggestion_applicability":null,"text":[{"highlight_end":21,"highlight_start":1,"text":"pub struct ChunkData {"}]}]}}
{"reason":"compiler-message","package_id":"path+file:///Users/bradyjeong/Documents/Projects/Amp/gta4/gta_game/gameplay_sim#0.1.0","manifest_path":"/Users/bradyjeong/Documents/Projects/Amp/gta4/gta_game/gameplay_sim/Cargo.toml","target":{"kind":["lib"],"crate_types":["lib"],"name":"gameplay_sim","src_path":"/Users/bradyjeong/Documents/Projects/Amp/gta4/gta_game/gameplay_sim/src/lib.rs","edition":"2021","doc":true,"doctest":true,"test":true},"message":{"rendered":"warning: missing documentation for a function\n   --> gameplay_sim/src/systems/movement/player.rs:115:1\n    |\n115 | / pub fn human_player_animation(\n116 | |     player_query: Query<\n117 | |         (&Transform, &HumanAnimation, &HumanMovement),\n118 | |         With<Player>\n...   |\n126 | |     time: Res<Time>,\n127 | | ) {\n    | |_^\n\n","$message_type":"diagnostic","children":[],"code":{"code":"missing_docs","explanation":null},"level":"warning","message":"missing documentation for a function","spans":[{"byte_end":5646,"byte_start":4631,"column_end":2,"column_start":1,"expansion":null,"file_name":"gameplay_sim/src/systems/movement/player.rs","is_primary":true,"label":null,"line_end":127,"line_start":115,"suggested_replacement":null,"suggestion_applicability":null,"text":[{"highlight_end":31,"highlight_start":1,"text":"pub fn human_player_animation("},{"highlight_end":25,"highlight_start":1,"text":"    player_query: Query<"},{"highlight_end":55,"highlight_start":1,"text":"        (&Transform, &HumanAnimation, &HumanMovement),"},{"highlight_end":21,"highlight_start":1,"text":"        With<Player>"},{"highlight_end":7,"highlight_start":1,"text":"    >,"},{"highlight_end":82,"highlight_start":1,"text":"    mut torso_query: Query<&mut Transform, (With<PlayerTorso>, Without<Player>)>,"},{"highlight_end":102,"highlight_start":1,"text":"    mut head_query: Query<&mut Transform, (With<PlayerHead>, Without<Player>, Without<PlayerTorso>)>,"},{"highlight_end":130,"highlight_start":1,"text":"    mut left_arm_query: Query<&mut Transform, (With<PlayerLeftArm>, Without<Player>, Without<PlayerTorso>, Without<PlayerHead>)>,"},{"highlight_end":156,"highlight_start":1,"text":"    mut right_arm_query: Query<&mut Transform, (With<PlayerRightArm>, Without<Player>, Without<PlayerTorso>, Without<PlayerHead>, Without<PlayerLeftArm>)>,"},{"highlight_end":179,"highlight_start":1,"text":"    mut left_leg_query: Query<&mut Transform, (With<PlayerLeftLeg>, Without<Player>, Without<PlayerTorso>, Without<PlayerHead>, Without<PlayerLeftArm>, Without<PlayerRightArm>)>,"},{"highlight_end":205,"highlight_start":1,"text":"    mut right_leg_query: Query<&mut Transform, (With<PlayerRightLeg>, Without<Player>, Without<PlayerTorso>, Without<PlayerHead>, Without<PlayerLeftArm>, Without<PlayerRightArm>, Without<PlayerLeftLeg>)>,"},{"highlight_end":21,"highlight_start":1,"text":"    time: Res<Time>,"},{"highlight_end":2,"highlight_start":1,"text":") {"}]}]}}
{"reason":"compiler-message","package_id":"path+file:///Users/bradyjeong/Documents/Projects/Amp/gta4/gta_game/gameplay_sim#0.1.0","manifest_path":"/Users/bradyjeong/Documents/Projects/Amp/gta4/gta_game/gameplay_sim/Cargo.toml","target":{"kind":["lib"],"crate_types":["lib"],"name":"gameplay_sim","src_path":"/Users/bradyjeong/Documents/Projects/Amp/gta4/gta_game/gameplay_sim/src/lib.rs","edition":"2021","doc":true,"doctest":true,"test":true},"message":{"rendered":"warning: missing documentation for a struct field\n  --> gameplay_sim/src/systems/world/unified_world.rs:56:5\n   |\n56 |     pub entities: Vec<Entity>,\n   |     ^^^^^^^^^^^^^^^^^^^^^^^^^\n\n","$message_type":"diagnostic","children":[],"code":{"code":"missing_docs","explanation":null},"level":"warning","message":"missing documentation for a struct field","spans":[{"byte_end":1900,"byte_start":1875,"column_end":30,"column_start":5,"expansion":null,"file_name":"gameplay_sim/src/systems/world/unified_world.rs","is_primary":true,"label":null,"line_end":56,"line_start":56,"suggested_replacement":null,"suggestion_applicability":null,"text":[{"highlight_end":30,"highlight_start":5,"text":"    pub entities: Vec<Entity>,"}]}]}}
{"reason":"compiler-message","package_id":"path+file:///Users/bradyjeong/Documents/Projects/Amp/gta4/gta_game/gameplay_sim#0.1.0","manifest_path":"/Users/bradyjeong/Documents/Projects/Amp/gta4/gta_game/gameplay_sim/Cargo.toml","target":{"kind":["lib"],"crate_types":["lib"],"name":"gameplay_sim","src_path":"/Users/bradyjeong/Documents/Projects/Amp/gta4/gta_game/gameplay_sim/src/lib.rs","edition":"2021","doc":true,"doctest":true,"test":true},"message":{"rendered":"warning: missing documentation for a struct field\n  --> gameplay_sim/src/systems/world/unified_world.rs:57:5\n   |\n57 |     pub last_updated: f32,\n   |     ^^^^^^^^^^^^^^^^^^^^^\n\n","$message_type":"diagnostic","children":[],"code":{"code":"missing_docs","explanation":null},"level":"warning","message":"missing documentation for a struct field","spans":[{"byte_end":1927,"byte_start":1906,"column_end":26,"column_start":5,"expansion":null,"file_name":"gameplay_sim/src/systems/world/unified_world.rs","is_primary":true,"label":null,"line_end":57,"line_start":57,"suggested_replacement":null,"suggestion_applicability":null,"text":[{"highlight_end":26,"highlight_start":5,"text":"    pub last_updated: f32,"}]}]}}
{"reason":"compiler-message","package_id":"path+file:///Users/bradyjeong/Documents/Projects/Amp/gta4/gta_game/gameplay_sim#0.1.0","manifest_path":"/Users/bradyjeong/Documents/Projects/Amp/gta4/gta_game/gameplay_sim/Cargo.toml","target":{"kind":["lib"],"crate_types":["lib"],"name":"gameplay_sim","src_path":"/Users/bradyjeong/Documents/Projects/Amp/gta4/gta_game/gameplay_sim/src/lib.rs","edition":"2021","doc":true,"doctest":true,"test":true},"message":{"rendered":"warning: missing documentation for a struct field\n  --> gameplay_sim/src/systems/world/unified_world.rs:58:5\n   |\n58 |     pub is_loaded: bool,\n   |     ^^^^^^^^^^^^^^^^^^^\n\n","$message_type":"diagnostic","children":[],"code":{"code":"missing_docs","explanation":null},"level":"warning","message":"missing documentation for a struct field","spans":[{"byte_end":1952,"byte_start":1933,"column_end":24,"column_start":5,"expansion":null,"file_name":"gameplay_sim/src/systems/world/unified_world.rs","is_primary":true,"label":null,"line_end":58,"line_start":58,"suggested_replacement":null,"suggestion_applicability":null,"text":[{"highlight_end":24,"highlight_start":5,"text":"    pub is_loaded: bool,"}]}]}}
{"reason":"compiler-message","package_id":"path+file:///Users/bradyjeong/Documents/Projects/Amp/gta4/gta_game/gameplay_sim#0.1.0","manifest_path":"/Users/bradyjeong/Documents/Projects/Amp/gta4/gta_game/gameplay_sim/Cargo.toml","target":{"kind":["lib"],"crate_types":["lib"],"name":"gameplay_sim","src_path":"/Users/bradyjeong/Documents/Projects/Amp/gta4/gta_game/gameplay_sim/src/lib.rs","edition":"2021","doc":true,"doctest":true,"test":true},"message":{"rendered":"warning: missing documentation for a struct field\n  --> gameplay_sim/src/systems/world/unified_world.rs:59:5\n   |\n59 |     pub distance_to_player: f32,\n   |     ^^^^^^^^^^^^^^^^^^^^^^^^^^^\n\n","$message_type":"diagnostic","children":[],"code":{"code":"missing_docs","explanation":null},"level":"warning","message":"missing documentation for a struct field","spans":[{"byte_end":1985,"byte_start":1958,"column_end":32,"column_start":5,"expansion":null,"file_name":"gameplay_sim/src/systems/world/unified_world.rs","is_primary":true,"label":null,"line_end":59,"line_start":59,"suggested_replacement":null,"suggestion_applicability":null,"text":[{"highlight_end":32,"highlight_start":5,"text":"    pub distance_to_player: f32,"}]}]}}
{"reason":"compiler-message","package_id":"path+file:///Users/bradyjeong/Documents/Projects/Amp/gta4/gta_game/gameplay_sim#0.1.0","manifest_path":"/Users/bradyjeong/Documents/Projects/Amp/gta4/gta_game/gameplay_sim/Cargo.toml","target":{"kind":["lib"],"crate_types":["lib"],"name":"gameplay_sim","src_path":"/Users/bradyjeong/Documents/Projects/Amp/gta4/gta_game/gameplay_sim/src/lib.rs","edition":"2021","doc":true,"doctest":true,"test":true},"message":{"rendered":"warning: missing documentation for a struct field\n  --> gameplay_sim/src/systems/world/unified_world.rs:60:5\n   |\n60 |     pub state: ChunkState,\n   |     ^^^^^^^^^^^^^^^^^^^^^\n\n","$message_type":"diagnostic","children":[],"code":{"code":"missing_docs","explanation":null},"level":"warning","message":"missing documentation for a struct field","spans":[{"byte_end":2012,"byte_start":1991,"column_end":26,"column_start":5,"expansion":null,"file_name":"gameplay_sim/src/systems/world/unified_world.rs","is_primary":true,"label":null,"line_end":60,"line_start":60,"suggested_replacement":null,"suggestion_applicability":null,"text":[{"highlight_end":26,"highlight_start":5,"text":"    pub state: ChunkState,"}]}]}}
{"reason":"compiler-message","package_id":"path+file:///Users/bradyjeong/Documents/Projects/Amp/gta4/gta_game/gameplay_sim#0.1.0","manifest_path":"/Users/bradyjeong/Documents/Projects/Amp/gta4/gta_game/gameplay_sim/Cargo.toml","target":{"kind":["lib"],"crate_types":["lib"],"name":"gameplay_sim","src_path":"/Users/bradyjeong/Documents/Projects/Amp/gta4/gta_game/gameplay_sim/src/lib.rs","edition":"2021","doc":true,"doctest":true,"test":true},"message":{"rendered":"warning: missing documentation for a function\n  --> gameplay_sim/src/systems/movement/vehicles.rs:20:1\n   |\n20 | / pub fn car_movement(\n21 | |     control_manager: Res<ControlManager>,\n22 | |     config: Res<GameConfig>,\n23 | |     mut car_query: Query<(&mut Velocity, &Transform), (With<Car>, With<ActiveEntity>, Without<SuperCar>)>,\n24 | |     _time: Res<Time>,\n25 | | ) {\n   | |_^\n\n","$message_type":"diagnostic","children":[],"code":{"code":"missing_docs","explanation":null},"level":"warning","message":"missing documentation for a function","spans":[{"byte_end":1223,"byte_start":1001,"column_end":2,"column_start":1,"expansion":null,"file_name":"gameplay_sim/src/systems/movement/vehicles.rs","is_primary":true,"label":null,"line_end":25,"line_start":20,"suggested_replacement":null,"suggestion_applicability":null,"text":[{"highlight_end":21,"highlight_start":1,"text":"pub fn car_movement("},{"highlight_end":42,"highlight_start":1,"text":"    control_manager: Res<ControlManager>,"},{"highlight_end":29,"highlight_start":1,"text":"    config: Res<GameConfig>,"},{"highlight_end":107,"highlight_start":1,"text":"    mut car_query: Query<(&mut Velocity, &Transform), (With<Car>, With<ActiveEntity>, Without<SuperCar>)>,"},{"highlight_end":22,"highlight_start":1,"text":"    _time: Res<Time>,"},{"highlight_end":2,"highlight_start":1,"text":") {"}]}]}}
{"reason":"compiler-message","package_id":"path+file:///Users/bradyjeong/Documents/Projects/Amp/gta4/gta_game/gameplay_sim#0.1.0","manifest_path":"/Users/bradyjeong/Documents/Projects/Amp/gta4/gta_game/gameplay_sim/Cargo.toml","target":{"kind":["lib"],"crate_types":["lib"],"name":"gameplay_sim","src_path":"/Users/bradyjeong/Documents/Projects/Amp/gta4/gta_game/gameplay_sim/src/lib.rs","edition":"2021","doc":true,"doctest":true,"test":true},"message":{"rendered":"warning: missing documentation for a struct field\n  --> gameplay_sim/src/systems/world/unified_world.rs:61:5\n   |\n61 |     pub coord: ChunkCoord,\n   |     ^^^^^^^^^^^^^^^^^^^^^\n\n","$message_type":"diagnostic","children":[],"code":{"code":"missing_docs","explanation":null},"level":"warning","message":"missing documentation for a struct field","spans":[{"byte_end":2039,"byte_start":2018,"column_end":26,"column_start":5,"expansion":null,"file_name":"gameplay_sim/src/systems/world/unified_world.rs","is_primary":true,"label":null,"line_end":61,"line_start":61,"suggested_replacement":null,"suggestion_applicability":null,"text":[{"highlight_end":26,"highlight_start":5,"text":"    pub coord: ChunkCoord,"}]}]}}
{"reason":"compiler-message","package_id":"path+file:///Users/bradyjeong/Documents/Projects/Amp/gta4/gta_game/gameplay_sim#0.1.0","manifest_path":"/Users/bradyjeong/Documents/Projects/Amp/gta4/gta_game/gameplay_sim/Cargo.toml","target":{"kind":["lib"],"crate_types":["lib"],"name":"gameplay_sim","src_path":"/Users/bradyjeong/Documents/Projects/Amp/gta4/gta_game/gameplay_sim/src/lib.rs","edition":"2021","doc":true,"doctest":true,"test":true},"message":{"rendered":"warning: missing documentation for a struct field\n  --> gameplay_sim/src/systems/world/unified_world.rs:62:5\n   |\n62 |     pub last_update: f32,\n   |     ^^^^^^^^^^^^^^^^^^^^\n\n","$message_type":"diagnostic","children":[],"code":{"code":"missing_docs","explanation":null},"level":"warning","message":"missing documentation for a struct field","spans":[{"byte_end":2065,"byte_start":2045,"column_end":25,"column_start":5,"expansion":null,"file_name":"gameplay_sim/src/systems/world/unified_world.rs","is_primary":true,"label":null,"line_end":62,"line_start":62,"suggested_replacement":null,"suggestion_applicability":null,"text":[{"highlight_end":25,"highlight_start":5,"text":"    pub last_update: f32,"}]}]}}
{"reason":"compiler-message","package_id":"path+file:///Users/bradyjeong/Documents/Projects/Amp/gta4/gta_game/gameplay_sim#0.1.0","manifest_path":"/Users/bradyjeong/Documents/Projects/Amp/gta4/gta_game/gameplay_sim/Cargo.toml","target":{"kind":["lib"],"crate_types":["lib"],"name":"gameplay_sim","src_path":"/Users/bradyjeong/Documents/Projects/Amp/gta4/gta_game/gameplay_sim/src/lib.rs","edition":"2021","doc":true,"doctest":true,"test":true},"message":{"rendered":"warning: missing documentation for a struct field\n  --> gameplay_sim/src/systems/world/unified_world.rs:63:5\n   |\n63 |     pub entity_count: usize,\n   |     ^^^^^^^^^^^^^^^^^^^^^^^\n\n","$message_type":"diagnostic","children":[],"code":{"code":"missing_docs","explanation":null},"level":"warning","message":"missing documentation for a struct field","spans":[{"byte_end":2094,"byte_start":2071,"column_end":28,"column_start":5,"expansion":null,"file_name":"gameplay_sim/src/systems/world/unified_world.rs","is_primary":true,"label":null,"line_end":63,"line_start":63,"suggested_replacement":null,"suggestion_applicability":null,"text":[{"highlight_end":28,"highlight_start":5,"text":"    pub entity_count: usize,"}]}]}}
{"reason":"compiler-message","package_id":"path+file:///Users/bradyjeong/Documents/Projects/Amp/gta4/gta_game/gameplay_sim#0.1.0","manifest_path":"/Users/bradyjeong/Documents/Projects/Amp/gta4/gta_game/gameplay_sim/Cargo.toml","target":{"kind":["lib"],"crate_types":["lib"],"name":"gameplay_sim","src_path":"/Users/bradyjeong/Documents/Projects/Amp/gta4/gta_game/gameplay_sim/src/lib.rs","edition":"2021","doc":true,"doctest":true,"test":true},"message":{"rendered":"warning: missing documentation for a struct field\n  --> gameplay_sim/src/systems/world/unified_world.rs:64:5\n   |\n64 |     pub roads_generated: bool,\n   |     ^^^^^^^^^^^^^^^^^^^^^^^^^\n\n","$message_type":"diagnostic","children":[],"code":{"code":"missing_docs","explanation":null},"level":"warning","message":"missing documentation for a struct field","spans":[{"byte_end":2125,"byte_start":2100,"column_end":30,"column_start":5,"expansion":null,"file_name":"gameplay_sim/src/systems/world/unified_world.rs","is_primary":true,"label":null,"line_end":64,"line_start":64,"suggested_replacement":null,"suggestion_applicability":null,"text":[{"highlight_end":30,"highlight_start":5,"text":"    pub roads_generated: bool,"}]}]}}
{"reason":"compiler-message","package_id":"path+file:///Users/bradyjeong/Documents/Projects/Amp/gta4/gta_game/gameplay_sim#0.1.0","manifest_path":"/Users/bradyjeong/Documents/Projects/Amp/gta4/gta_game/gameplay_sim/Cargo.toml","target":{"kind":["lib"],"crate_types":["lib"],"name":"gameplay_sim","src_path":"/Users/bradyjeong/Documents/Projects/Amp/gta4/gta_game/gameplay_sim/src/lib.rs","edition":"2021","doc":true,"doctest":true,"test":true},"message":{"rendered":"warning: missing documentation for a function\n  --> gameplay_sim/src/systems/movement/vehicles.rs:77:1\n   |\n77 | / pub fn supercar_movement_deprecated(\n78 | |     time: Res<Time>,\n79 | |     control_manager: Res<ControlManager>,\n80 | |     mut supercar_query: Query<(&mut Velocity, &Transform, &mut SuperCar), (With<Car>, With<ActiveEntity>, With<SuperCar>)>,\n...  |\n83 | |     mut materials: ResMut<Assets<StandardMaterial>>,\n84 | | ) {\n   | |_^\n\n","$message_type":"diagnostic","children":[],"code":{"code":"missing_docs","explanation":null},"level":"warning","message":"missing documentation for a function","spans":[{"byte_end":3801,"byte_start":3457,"column_end":2,"column_start":1,"expansion":null,"file_name":"gameplay_sim/src/systems/movement/vehicles.rs","is_primary":true,"label":null,"line_end":84,"line_start":77,"suggested_replacement":null,"suggestion_applicability":null,"text":[{"highlight_end":37,"highlight_start":1,"text":"pub fn supercar_movement_deprecated("},{"highlight_end":21,"highlight_start":1,"text":"    time: Res<Time>,"},{"highlight_end":42,"highlight_start":1,"text":"    control_manager: Res<ControlManager>,"},{"highlight_end":124,"highlight_start":1,"text":"    mut supercar_query: Query<(&mut Velocity, &Transform, &mut SuperCar), (With<Car>, With<ActiveEntity>, With<SuperCar>)>,"},{"highlight_end":28,"highlight_start":1,"text":"    mut commands: Commands,"},{"highlight_end":38,"highlight_start":1,"text":"    mut meshes: ResMut<Assets<Mesh>>,"},{"highlight_end":53,"highlight_start":1,"text":"    mut materials: ResMut<Assets<StandardMaterial>>,"},{"highlight_end":2,"highlight_start":1,"text":") {"}]}]}}
{"reason":"compiler-message","package_id":"path+file:///Users/bradyjeong/Documents/Projects/Amp/gta4/gta_game/gameplay_sim#0.1.0","manifest_path":"/Users/bradyjeong/Documents/Projects/Amp/gta4/gta_game/gameplay_sim/Cargo.toml","target":{"kind":["lib"],"crate_types":["lib"],"name":"gameplay_sim","src_path":"/Users/bradyjeong/Documents/Projects/Amp/gta4/gta_game/gameplay_sim/src/lib.rs","edition":"2021","doc":true,"doctest":true,"test":true},"message":{"rendered":"warning: missing documentation for a struct field\n  --> gameplay_sim/src/systems/world/unified_world.rs:65:5\n   |\n65 |     pub buildings_generated: bool,\n   |     ^^^^^^^^^^^^^^^^^^^^^^^^^^^^^\n\n","$message_type":"diagnostic","children":[],"code":{"code":"missing_docs","explanation":null},"level":"warning","message":"missing documentation for a struct field","spans":[{"byte_end":2160,"byte_start":2131,"column_end":34,"column_start":5,"expansion":null,"file_name":"gameplay_sim/src/systems/world/unified_world.rs","is_primary":true,"label":null,"line_end":65,"line_start":65,"suggested_replacement":null,"suggestion_applicability":null,"text":[{"highlight_end":34,"highlight_start":5,"text":"    pub buildings_generated: bool,"}]}]}}
{"reason":"compiler-message","package_id":"path+file:///Users/bradyjeong/Documents/Projects/Amp/gta4/gta_game/gameplay_sim#0.1.0","manifest_path":"/Users/bradyjeong/Documents/Projects/Amp/gta4/gta_game/gameplay_sim/Cargo.toml","target":{"kind":["lib"],"crate_types":["lib"],"name":"gameplay_sim","src_path":"/Users/bradyjeong/Documents/Projects/Amp/gta4/gta_game/gameplay_sim/src/lib.rs","edition":"2021","doc":true,"doctest":true,"test":true},"message":{"rendered":"warning: missing documentation for a struct field\n  --> gameplay_sim/src/systems/world/unified_world.rs:66:5\n   |\n66 |     pub vehicles_generated: bool,\n   |     ^^^^^^^^^^^^^^^^^^^^^^^^^^^^\n\n","$message_type":"diagnostic","children":[],"code":{"code":"missing_docs","explanation":null},"level":"warning","message":"missing documentation for a struct field","spans":[{"byte_end":2194,"byte_start":2166,"column_end":33,"column_start":5,"expansion":null,"file_name":"gameplay_sim/src/systems/world/unified_world.rs","is_primary":true,"label":null,"line_end":66,"line_start":66,"suggested_replacement":null,"suggestion_applicability":null,"text":[{"highlight_end":33,"highlight_start":5,"text":"    pub vehicles_generated: bool,"}]}]}}
{"reason":"compiler-message","package_id":"path+file:///Users/bradyjeong/Documents/Projects/Amp/gta4/gta_game/gameplay_sim#0.1.0","manifest_path":"/Users/bradyjeong/Documents/Projects/Amp/gta4/gta_game/gameplay_sim/Cargo.toml","target":{"kind":["lib"],"crate_types":["lib"],"name":"gameplay_sim","src_path":"/Users/bradyjeong/Documents/Projects/Amp/gta4/gta_game/gameplay_sim/src/lib.rs","edition":"2021","doc":true,"doctest":true,"test":true},"message":{"rendered":"warning: missing documentation for a struct field\n  --> gameplay_sim/src/systems/world/unified_world.rs:67:5\n   |\n67 |     pub vegetation_generated: bool,\n   |     ^^^^^^^^^^^^^^^^^^^^^^^^^^^^^^\n\n","$message_type":"diagnostic","children":[],"code":{"code":"missing_docs","explanation":null},"level":"warning","message":"missing documentation for a struct field","spans":[{"byte_end":2230,"byte_start":2200,"column_end":35,"column_start":5,"expansion":null,"file_name":"gameplay_sim/src/systems/world/unified_world.rs","is_primary":true,"label":null,"line_end":67,"line_start":67,"suggested_replacement":null,"suggestion_applicability":null,"text":[{"highlight_end":35,"highlight_start":5,"text":"    pub vegetation_generated: bool,"}]}]}}
{"reason":"compiler-message","package_id":"path+file:///Users/bradyjeong/Documents/Projects/Amp/gta4/gta_game/gameplay_sim#0.1.0","manifest_path":"/Users/bradyjeong/Documents/Projects/Amp/gta4/gta_game/gameplay_sim/Cargo.toml","target":{"kind":["lib"],"crate_types":["lib"],"name":"gameplay_sim","src_path":"/Users/bradyjeong/Documents/Projects/Amp/gta4/gta_game/gameplay_sim/src/lib.rs","edition":"2021","doc":true,"doctest":true,"test":true},"message":{"rendered":"warning: missing documentation for an associated function\n  --> gameplay_sim/src/systems/world/unified_world.rs:71:5\n   |\n71 |     pub fn new() -> Self {\n   |     ^^^^^^^^^^^^^^^^^^^^\n\n","$message_type":"diagnostic","children":[],"code":{"code":"missing_docs","explanation":null},"level":"warning","message":"missing documentation for an associated function","spans":[{"byte_end":2276,"byte_start":2256,"column_end":25,"column_start":5,"expansion":null,"file_name":"gameplay_sim/src/systems/world/unified_world.rs","is_primary":true,"label":null,"line_end":71,"line_start":71,"suggested_replacement":null,"suggestion_applicability":null,"text":[{"highlight_end":25,"highlight_start":5,"text":"    pub fn new() -> Self {"}]}]}}
{"reason":"compiler-message","package_id":"path+file:///Users/bradyjeong/Documents/Projects/Amp/gta4/gta_game/gameplay_sim#0.1.0","manifest_path":"/Users/bradyjeong/Documents/Projects/Amp/gta4/gta_game/gameplay_sim/Cargo.toml","target":{"kind":["lib"],"crate_types":["lib"],"name":"gameplay_sim","src_path":"/Users/bradyjeong/Documents/Projects/Amp/gta4/gta_game/gameplay_sim/src/lib.rs","edition":"2021","doc":true,"doctest":true,"test":true},"message":{"rendered":"warning: missing documentation for a method\n  --> gameplay_sim/src/systems/world/unified_world.rs:88:5\n   |\n88 |     pub fn add_entity(&mut self, entity: Entity) {\n   |     ^^^^^^^^^^^^^^^^^^^^^^^^^^^^^^^^^^^^^^^^^^^^\n\n","$message_type":"diagnostic","children":[],"code":{"code":"missing_docs","explanation":null},"level":"warning","message":"missing documentation for a method","spans":[{"byte_end":2798,"byte_start":2754,"column_end":49,"column_start":5,"expansion":null,"file_name":"gameplay_sim/src/systems/world/unified_world.rs","is_primary":true,"label":null,"line_end":88,"line_start":88,"suggested_replacement":null,"suggestion_applicability":null,"text":[{"highlight_end":49,"highlight_start":5,"text":"    pub fn add_entity(&mut self, entity: Entity) {"}]}]}}
{"reason":"compiler-message","package_id":"path+file:///Users/bradyjeong/Documents/Projects/Amp/gta4/gta_game/gameplay_sim#0.1.0","manifest_path":"/Users/bradyjeong/Documents/Projects/Amp/gta4/gta_game/gameplay_sim/Cargo.toml","target":{"kind":["lib"],"crate_types":["lib"],"name":"gameplay_sim","src_path":"/Users/bradyjeong/Documents/Projects/Amp/gta4/gta_game/gameplay_sim/src/lib.rs","edition":"2021","doc":true,"doctest":true,"test":true},"message":{"rendered":"warning: missing documentation for a method\n  --> gameplay_sim/src/systems/world/unified_world.rs:94:5\n   |\n94 |     pub fn remove_entity(&mut self, entity: Entity) {\n   |     ^^^^^^^^^^^^^^^^^^^^^^^^^^^^^^^^^^^^^^^^^^^^^^^\n\n","$message_type":"diagnostic","children":[],"code":{"code":"missing_docs","explanation":null},"level":"warning","message":"missing documentation for a method","spans":[{"byte_end":2959,"byte_start":2912,"column_end":52,"column_start":5,"expansion":null,"file_name":"gameplay_sim/src/systems/world/unified_world.rs","is_primary":true,"label":null,"line_end":94,"line_start":94,"suggested_replacement":null,"suggestion_applicability":null,"text":[{"highlight_end":52,"highlight_start":5,"text":"    pub fn remove_entity(&mut self, entity: Entity) {"}]}]}}
{"reason":"compiler-message","package_id":"path+file:///Users/bradyjeong/Documents/Projects/Amp/gta4/gta_game/gameplay_sim#0.1.0","manifest_path":"/Users/bradyjeong/Documents/Projects/Amp/gta4/gta_game/gameplay_sim/Cargo.toml","target":{"kind":["lib"],"crate_types":["lib"],"name":"gameplay_sim","src_path":"/Users/bradyjeong/Documents/Projects/Amp/gta4/gta_game/gameplay_sim/src/lib.rs","edition":"2021","doc":true,"doctest":true,"test":true},"message":{"rendered":"warning: missing documentation for a struct\n   --> gameplay_sim/src/systems/world/unified_world.rs:100:1\n    |\n100 | pub struct PlacementGrid {\n    | ^^^^^^^^^^^^^^^^^^^^^^^^\n\n","$message_type":"diagnostic","children":[],"code":{"code":"missing_docs","explanation":null},"level":"warning","message":"missing documentation for a struct","spans":[{"byte_end":3062,"byte_start":3038,"column_end":25,"column_start":1,"expansion":null,"file_name":"gameplay_sim/src/systems/world/unified_world.rs","is_primary":true,"label":null,"line_end":100,"line_start":100,"suggested_replacement":null,"suggestion_applicability":null,"text":[{"highlight_end":25,"highlight_start":1,"text":"pub struct PlacementGrid {"}]}]}}
{"reason":"compiler-message","package_id":"path+file:///Users/bradyjeong/Documents/Projects/Amp/gta4/gta_game/gameplay_sim#0.1.0","manifest_path":"/Users/bradyjeong/Documents/Projects/Amp/gta4/gta_game/gameplay_sim/Cargo.toml","target":{"kind":["lib"],"crate_types":["lib"],"name":"gameplay_sim","src_path":"/Users/bradyjeong/Documents/Projects/Amp/gta4/gta_game/gameplay_sim/src/lib.rs","edition":"2021","doc":true,"doctest":true,"test":true},"message":{"rendered":"warning: missing documentation for an associated function\n   --> gameplay_sim/src/systems/world/unified_world.rs:108:5\n    |\n108 |     pub fn new() -> Self {\n    |     ^^^^^^^^^^^^^^^^^^^^\n\n","$message_type":"diagnostic","children":[],"code":{"code":"missing_docs","explanation":null},"level":"warning","message":"missing documentation for an associated function","spans":[{"byte_end":3327,"byte_start":3307,"column_end":25,"column_start":5,"expansion":null,"file_name":"gameplay_sim/src/systems/world/unified_world.rs","is_primary":true,"label":null,"line_end":108,"line_start":108,"suggested_replacement":null,"suggestion_applicability":null,"text":[{"highlight_end":25,"highlight_start":5,"text":"    pub fn new() -> Self {"}]}]}}
{"reason":"compiler-message","package_id":"path+file:///Users/bradyjeong/Documents/Projects/Amp/gta4/gta_game/gameplay_sim#0.1.0","manifest_path":"/Users/bradyjeong/Documents/Projects/Amp/gta4/gta_game/gameplay_sim/Cargo.toml","target":{"kind":["lib"],"crate_types":["lib"],"name":"gameplay_sim","src_path":"/Users/bradyjeong/Documents/Projects/Amp/gta4/gta_game/gameplay_sim/src/lib.rs","edition":"2021","doc":true,"doctest":true,"test":true},"message":{"rendered":"warning: missing documentation for a method\n   --> gameplay_sim/src/systems/world/unified_world.rs:115:5\n    |\n115 |     pub fn clear(&mut self) {\n    |     ^^^^^^^^^^^^^^^^^^^^^^^\n\n","$message_type":"diagnostic","children":[],"code":{"code":"missing_docs","explanation":null},"level":"warning","message":"missing documentation for a method","spans":[{"byte_end":3477,"byte_start":3454,"column_end":28,"column_start":5,"expansion":null,"file_name":"gameplay_sim/src/systems/world/unified_world.rs","is_primary":true,"label":null,"line_end":115,"line_start":115,"suggested_replacement":null,"suggestion_applicability":null,"text":[{"highlight_end":28,"highlight_start":5,"text":"    pub fn clear(&mut self) {"}]}]}}
{"reason":"compiler-message","package_id":"path+file:///Users/bradyjeong/Documents/Projects/Amp/gta4/gta_game/gameplay_sim#0.1.0","manifest_path":"/Users/bradyjeong/Documents/Projects/Amp/gta4/gta_game/gameplay_sim/Cargo.toml","target":{"kind":["lib"],"crate_types":["lib"],"name":"gameplay_sim","src_path":"/Users/bradyjeong/Documents/Projects/Amp/gta4/gta_game/gameplay_sim/src/lib.rs","edition":"2021","doc":true,"doctest":true,"test":true},"message":{"rendered":"warning: missing documentation for a method\n   --> gameplay_sim/src/systems/world/unified_world.rs:119:5\n    |\n119 |     pub fn add_entity(&mut self, position: Vec3, content_type: ContentType, radius: f32) {\n    |     ^^^^^^^^^^^^^^^^^^^^^^^^^^^^^^^^^^^^^^^^^^^^^^^^^^^^^^^^^^^^^^^^^^^^^^^^^^^^^^^^^^^^\n\n","$message_type":"diagnostic","children":[],"code":{"code":"missing_docs","explanation":null},"level":"warning","message":"missing documentation for a method","spans":[{"byte_end":3606,"byte_start":3522,"column_end":89,"column_start":5,"expansion":null,"file_name":"gameplay_sim/src/systems/world/unified_world.rs","is_primary":true,"label":null,"line_end":119,"line_start":119,"suggested_replacement":null,"suggestion_applicability":null,"text":[{"highlight_end":89,"highlight_start":5,"text":"    pub fn add_entity(&mut self, position: Vec3, content_type: ContentType, radius: f32) {"}]}]}}
{"reason":"compiler-message","package_id":"path+file:///Users/bradyjeong/Documents/Projects/Amp/gta4/gta_game/gameplay_sim#0.1.0","manifest_path":"/Users/bradyjeong/Documents/Projects/Amp/gta4/gta_game/gameplay_sim/Cargo.toml","target":{"kind":["lib"],"crate_types":["lib"],"name":"gameplay_sim","src_path":"/Users/bradyjeong/Documents/Projects/Amp/gta4/gta_game/gameplay_sim/src/lib.rs","edition":"2021","doc":true,"doctest":true,"test":true},"message":{"rendered":"warning: missing documentation for a method\n   --> gameplay_sim/src/systems/world/unified_world.rs:124:5\n    |\n124 |     pub fn remove_entity(&mut self, position: Vec3, content_type: ContentType) {\n    |     ^^^^^^^^^^^^^^^^^^^^^^^^^^^^^^^^^^^^^^^^^^^^^^^^^^^^^^^^^^^^^^^^^^^^^^^^^^\n\n","$message_type":"diagnostic","children":[],"code":{"code":"missing_docs","explanation":null},"level":"warning","message":"missing documentation for a method","spans":[{"byte_end":3830,"byte_start":3756,"column_end":79,"column_start":5,"expansion":null,"file_name":"gameplay_sim/src/systems/world/unified_world.rs","is_primary":true,"label":null,"line_end":124,"line_start":124,"suggested_replacement":null,"suggestion_applicability":null,"text":[{"highlight_end":79,"highlight_start":5,"text":"    pub fn remove_entity(&mut self, position: Vec3, content_type: ContentType) {"}]}]}}
{"reason":"compiler-message","package_id":"path+file:///Users/bradyjeong/Documents/Projects/Amp/gta4/gta_game/gameplay_sim#0.1.0","manifest_path":"/Users/bradyjeong/Documents/Projects/Amp/gta4/gta_game/gameplay_sim/Cargo.toml","target":{"kind":["lib"],"crate_types":["lib"],"name":"gameplay_sim","src_path":"/Users/bradyjeong/Documents/Projects/Amp/gta4/gta_game/gameplay_sim/src/lib.rs","edition":"2021","doc":true,"doctest":true,"test":true},"message":{"rendered":"warning: missing documentation for a method\n   --> gameplay_sim/src/systems/world/unified_world.rs:133:5\n    |\n133 |     pub fn can_place(&self, position: Vec3, _content_type: ContentType, radius: f32, min_distance: f32) -> bool {\n    |     ^^^^^^^^^^^^^^^^^^^^^^^^^^^^^^^^^^^^^^^^^^^^^^^^^^^^^^^^^^^^^^^^^^^^^^^^^^^^^^^^^^^^^^^^^^^^^^^^^^^^^^^^^^^\n\n","$message_type":"diagnostic","children":[],"code":{"code":"missing_docs","explanation":null},"level":"warning","message":"missing documentation for a method","spans":[{"byte_end":4215,"byte_start":4108,"column_end":112,"column_start":5,"expansion":null,"file_name":"gameplay_sim/src/systems/world/unified_world.rs","is_primary":true,"label":null,"line_end":133,"line_start":133,"suggested_replacement":null,"suggestion_applicability":null,"text":[{"highlight_end":112,"highlight_start":5,"text":"    pub fn can_place(&self, position: Vec3, _content_type: ContentType, radius: f32, min_distance: f32) -> bool {"}]}]}}
{"reason":"compiler-message","package_id":"path+file:///Users/bradyjeong/Documents/Projects/Amp/gta4/gta_game/gameplay_sim#0.1.0","manifest_path":"/Users/bradyjeong/Documents/Projects/Amp/gta4/gta_game/gameplay_sim/Cargo.toml","target":{"kind":["lib"],"crate_types":["lib"],"name":"gameplay_sim","src_path":"/Users/bradyjeong/Documents/Projects/Amp/gta4/gta_game/gameplay_sim/src/lib.rs","edition":"2021","doc":true,"doctest":true,"test":true},"message":{"rendered":"warning: missing documentation for a method\n   --> gameplay_sim/src/systems/world/unified_world.rs:157:5\n    |\n157 |     pub fn get_nearby_entities(&self, position: Vec3, radius: f32) -> Vec<(Vec3, ContentType, f32)> {\n    |     ^^^^^^^^^^^^^^^^^^^^^^^^^^^^^^^^^^^^^^^^^^^^^^^^^^^^^^^^^^^^^^^^^^^^^^^^^^^^^^^^^^^^^^^^^^^^^^^\n\n","$message_type":"diagnostic","children":[],"code":{"code":"missing_docs","explanation":null},"level":"warning","message":"missing documentation for a method","spans":[{"byte_end":5127,"byte_start":5032,"column_end":100,"column_start":5,"expansion":null,"file_name":"gameplay_sim/src/systems/world/unified_world.rs","is_primary":true,"label":null,"line_end":157,"line_start":157,"suggested_replacement":null,"suggestion_applicability":null,"text":[{"highlight_end":100,"highlight_start":5,"text":"    pub fn get_nearby_entities(&self, position: Vec3, radius: f32) -> Vec<(Vec3, ContentType, f32)> {"}]}]}}
{"reason":"compiler-message","package_id":"path+file:///Users/bradyjeong/Documents/Projects/Amp/gta4/gta_game/gameplay_sim#0.1.0","manifest_path":"/Users/bradyjeong/Documents/Projects/Amp/gta4/gta_game/gameplay_sim/Cargo.toml","target":{"kind":["lib"],"crate_types":["lib"],"name":"gameplay_sim","src_path":"/Users/bradyjeong/Documents/Projects/Amp/gta4/gta_game/gameplay_sim/src/lib.rs","edition":"2021","doc":true,"doctest":true,"test":true},"message":{"rendered":"warning: missing documentation for an associated function\n   --> gameplay_sim/src/systems/world/unified_world.rs:190:5\n    |\n190 |     pub fn new() -> Self {\n    |     ^^^^^^^^^^^^^^^^^^^^\n\n","$message_type":"diagnostic","children":[],"code":{"code":"missing_docs","explanation":null},"level":"warning","message":"missing documentation for an associated function","spans":[{"byte_end":6249,"byte_start":6229,"column_end":25,"column_start":5,"expansion":null,"file_name":"gameplay_sim/src/systems/world/unified_world.rs","is_primary":true,"label":null,"line_end":190,"line_start":190,"suggested_replacement":null,"suggestion_applicability":null,"text":[{"highlight_end":25,"highlight_start":5,"text":"    pub fn new() -> Self {"}]}]}}
{"reason":"compiler-message","package_id":"path+file:///Users/bradyjeong/Documents/Projects/Amp/gta4/gta_game/gameplay_sim#0.1.0","manifest_path":"/Users/bradyjeong/Documents/Projects/Amp/gta4/gta_game/gameplay_sim/Cargo.toml","target":{"kind":["lib"],"crate_types":["lib"],"name":"gameplay_sim","src_path":"/Users/bradyjeong/Documents/Projects/Amp/gta4/gta_game/gameplay_sim/src/lib.rs","edition":"2021","doc":true,"doctest":true,"test":true},"message":{"rendered":"warning: missing documentation for a method\n   --> gameplay_sim/src/systems/world/unified_world.rs:200:5\n    |\n200 |     pub fn get_or_create_chunk(&mut self, coord: ChunkCoord) -> &mut ChunkData {\n    |     ^^^^^^^^^^^^^^^^^^^^^^^^^^^^^^^^^^^^^^^^^^^^^^^^^^^^^^^^^^^^^^^^^^^^^^^^^^\n\n","$message_type":"diagnostic","children":[],"code":{"code":"missing_docs","explanation":null},"level":"warning","message":"missing documentation for a method","spans":[{"byte_end":6574,"byte_start":6500,"column_end":79,"column_start":5,"expansion":null,"file_name":"gameplay_sim/src/systems/world/unified_world.rs","is_primary":true,"label":null,"line_end":200,"line_start":200,"suggested_replacement":null,"suggestion_applicability":null,"text":[{"highlight_end":79,"highlight_start":5,"text":"    pub fn get_or_create_chunk(&mut self, coord: ChunkCoord) -> &mut ChunkData {"}]}]}}
{"reason":"compiler-message","package_id":"path+file:///Users/bradyjeong/Documents/Projects/Amp/gta4/gta_game/gameplay_sim#0.1.0","manifest_path":"/Users/bradyjeong/Documents/Projects/Amp/gta4/gta_game/gameplay_sim/Cargo.toml","target":{"kind":["lib"],"crate_types":["lib"],"name":"gameplay_sim","src_path":"/Users/bradyjeong/Documents/Projects/Amp/gta4/gta_game/gameplay_sim/src/lib.rs","edition":"2021","doc":true,"doctest":true,"test":true},"message":{"rendered":"warning: missing documentation for a function\n  --> gameplay_sim/src/systems/movement/aircraft.rs:20:1\n   |\n20 | / pub fn helicopter_movement(\n21 | |     control_manager: Res<ControlManager>,\n22 | |     config: Res<GameConfig>,\n23 | |     mut helicopter_query: Query<(&mut Velocity, &Transform), (With<Helicopter>, With<ActiveEntity>)>,\n24 | | ) {\n   | |_^\n\n","$message_type":"diagnostic","children":[],"code":{"code":"missing_docs","explanation":null},"level":"warning","message":"missing documentation for a function","spans":[{"byte_end":1104,"byte_start":902,"column_end":2,"column_start":1,"expansion":null,"file_name":"gameplay_sim/src/systems/movement/aircraft.rs","is_primary":true,"label":null,"line_end":24,"line_start":20,"suggested_replacement":null,"suggestion_applicability":null,"text":[{"highlight_end":28,"highlight_start":1,"text":"pub fn helicopter_movement("},{"highlight_end":42,"highlight_start":1,"text":"    control_manager: Res<ControlManager>,"},{"highlight_end":29,"highlight_start":1,"text":"    config: Res<GameConfig>,"},{"highlight_end":102,"highlight_start":1,"text":"    mut helicopter_query: Query<(&mut Velocity, &Transform), (With<Helicopter>, With<ActiveEntity>)>,"},{"highlight_end":2,"highlight_start":1,"text":") {"}]}]}}
{"reason":"compiler-message","package_id":"path+file:///Users/bradyjeong/Documents/Projects/Amp/gta4/gta_game/gameplay_sim#0.1.0","manifest_path":"/Users/bradyjeong/Documents/Projects/Amp/gta4/gta_game/gameplay_sim/Cargo.toml","target":{"kind":["lib"],"crate_types":["lib"],"name":"gameplay_sim","src_path":"/Users/bradyjeong/Documents/Projects/Amp/gta4/gta_game/gameplay_sim/src/lib.rs","edition":"2021","doc":true,"doctest":true,"test":true},"message":{"rendered":"warning: missing documentation for a method\n   --> gameplay_sim/src/systems/world/unified_world.rs:204:5\n    |\n204 |     pub fn get_chunk_mut(&mut self, coord: ChunkCoord) -> Option<&mut ChunkData> {\n    |     ^^^^^^^^^^^^^^^^^^^^^^^^^^^^^^^^^^^^^^^^^^^^^^^^^^^^^^^^^^^^^^^^^^^^^^^^^^^^\n\n","$message_type":"diagnostic","children":[],"code":{"code":"missing_docs","explanation":null},"level":"warning","message":"missing documentation for a method","spans":[{"byte_end":6732,"byte_start":6656,"column_end":81,"column_start":5,"expansion":null,"file_name":"gameplay_sim/src/systems/world/unified_world.rs","is_primary":true,"label":null,"line_end":204,"line_start":204,"suggested_replacement":null,"suggestion_applicability":null,"text":[{"highlight_end":81,"highlight_start":5,"text":"    pub fn get_chunk_mut(&mut self, coord: ChunkCoord) -> Option<&mut ChunkData> {"}]}]}}
{"reason":"compiler-message","package_id":"path+file:///Users/bradyjeong/Documents/Projects/Amp/gta4/gta_game/gameplay_sim#0.1.0","manifest_path":"/Users/bradyjeong/Documents/Projects/Amp/gta4/gta_game/gameplay_sim/Cargo.toml","target":{"kind":["lib"],"crate_types":["lib"],"name":"gameplay_sim","src_path":"/Users/bradyjeong/Documents/Projects/Amp/gta4/gta_game/gameplay_sim/src/lib.rs","edition":"2021","doc":true,"doctest":true,"test":true},"message":{"rendered":"warning: missing documentation for a method\n   --> gameplay_sim/src/systems/world/unified_world.rs:208:5\n    |\n208 |     pub fn get_chunk(&self, coord: ChunkCoord) -> Option<&ChunkData> {\n    |     ^^^^^^^^^^^^^^^^^^^^^^^^^^^^^^^^^^^^^^^^^^^^^^^^^^^^^^^^^^^^^^^^\n\n","$message_type":"diagnostic","children":[],"code":{"code":"missing_docs","explanation":null},"level":"warning","message":"missing documentation for a method","spans":[{"byte_end":6850,"byte_start":6786,"column_end":69,"column_start":5,"expansion":null,"file_name":"gameplay_sim/src/systems/world/unified_world.rs","is_primary":true,"label":null,"line_end":208,"line_start":208,"suggested_replacement":null,"suggestion_applicability":null,"text":[{"highlight_end":69,"highlight_start":5,"text":"    pub fn get_chunk(&self, coord: ChunkCoord) -> Option<&ChunkData> {"}]}]}}
{"reason":"compiler-message","package_id":"path+file:///Users/bradyjeong/Documents/Projects/Amp/gta4/gta_game/gameplay_sim#0.1.0","manifest_path":"/Users/bradyjeong/Documents/Projects/Amp/gta4/gta_game/gameplay_sim/Cargo.toml","target":{"kind":["lib"],"crate_types":["lib"],"name":"gameplay_sim","src_path":"/Users/bradyjeong/Documents/Projects/Amp/gta4/gta_game/gameplay_sim/src/lib.rs","edition":"2021","doc":true,"doctest":true,"test":true},"message":{"rendered":"warning: missing documentation for a function\n  --> gameplay_sim/src/systems/movement/aircraft.rs:64:1\n   |\n64 | / pub fn rotate_helicopter_rotors(\n65 | |     time: Res<Time>,\n66 | |     mut main_rotor_query: Query<&mut Transform, (With<MainRotor>, Without<TailRotor>)>,\n67 | |     mut tail_rotor_query: Query<&mut Transform, (With<TailRotor>, Without<MainRotor>)>,\n68 | | ) {\n   | |_^\n\n","$message_type":"diagnostic","children":[],"code":{"code":"missing_docs","explanation":null},"level":"warning","message":"missing documentation for a function","spans":[{"byte_end":2972,"byte_start":2741,"column_end":2,"column_start":1,"expansion":null,"file_name":"gameplay_sim/src/systems/movement/aircraft.rs","is_primary":true,"label":null,"line_end":68,"line_start":64,"suggested_replacement":null,"suggestion_applicability":null,"text":[{"highlight_end":33,"highlight_start":1,"text":"pub fn rotate_helicopter_rotors("},{"highlight_end":21,"highlight_start":1,"text":"    time: Res<Time>,"},{"highlight_end":88,"highlight_start":1,"text":"    mut main_rotor_query: Query<&mut Transform, (With<MainRotor>, Without<TailRotor>)>,"},{"highlight_end":88,"highlight_start":1,"text":"    mut tail_rotor_query: Query<&mut Transform, (With<TailRotor>, Without<MainRotor>)>,"},{"highlight_end":2,"highlight_start":1,"text":") {"}]}]}}
{"reason":"compiler-message","package_id":"path+file:///Users/bradyjeong/Documents/Projects/Amp/gta4/gta_game/gameplay_sim#0.1.0","manifest_path":"/Users/bradyjeong/Documents/Projects/Amp/gta4/gta_game/gameplay_sim/Cargo.toml","target":{"kind":["lib"],"crate_types":["lib"],"name":"gameplay_sim","src_path":"/Users/bradyjeong/Documents/Projects/Amp/gta4/gta_game/gameplay_sim/src/lib.rs","edition":"2021","doc":true,"doctest":true,"test":true},"message":{"rendered":"warning: missing documentation for a method\n   --> gameplay_sim/src/systems/world/unified_world.rs:212:5\n    |\n212 |     pub fn calculate_lod_level(&self, distance: f32) -> u32 {\n    |     ^^^^^^^^^^^^^^^^^^^^^^^^^^^^^^^^^^^^^^^^^^^^^^^^^^^^^^^\n\n","$message_type":"diagnostic","children":[],"code":{"code":"missing_docs","explanation":null},"level":"warning","message":"missing documentation for a method","spans":[{"byte_end":6955,"byte_start":6900,"column_end":60,"column_start":5,"expansion":null,"file_name":"gameplay_sim/src/systems/world/unified_world.rs","is_primary":true,"label":null,"line_end":212,"line_start":212,"suggested_replacement":null,"suggestion_applicability":null,"text":[{"highlight_end":60,"highlight_start":5,"text":"    pub fn calculate_lod_level(&self, distance: f32) -> u32 {"}]}]}}
{"reason":"compiler-message","package_id":"path+file:///Users/bradyjeong/Documents/Projects/Amp/gta4/gta_game/gameplay_sim#0.1.0","manifest_path":"/Users/bradyjeong/Documents/Projects/Amp/gta4/gta_game/gameplay_sim/Cargo.toml","target":{"kind":["lib"],"crate_types":["lib"],"name":"gameplay_sim","src_path":"/Users/bradyjeong/Documents/Projects/Amp/gta4/gta_game/gameplay_sim/src/lib.rs","edition":"2021","doc":true,"doctest":true,"test":true},"message":{"rendered":"warning: missing documentation for a method\n   --> gameplay_sim/src/systems/world/unified_world.rs:224:5\n    |\n224 |     pub fn unload_chunk(&mut self, coord: ChunkCoord, commands: &mut Commands) {\n    |     ^^^^^^^^^^^^^^^^^^^^^^^^^^^^^^^^^^^^^^^^^^^^^^^^^^^^^^^^^^^^^^^^^^^^^^^^^^\n\n","$message_type":"diagnostic","children":[],"code":{"code":"missing_docs","explanation":null},"level":"warning","message":"missing documentation for a method","spans":[{"byte_end":7299,"byte_start":7225,"column_end":79,"column_start":5,"expansion":null,"file_name":"gameplay_sim/src/systems/world/unified_world.rs","is_primary":true,"label":null,"line_end":224,"line_start":224,"suggested_replacement":null,"suggestion_applicability":null,"text":[{"highlight_end":79,"highlight_start":5,"text":"    pub fn unload_chunk(&mut self, coord: ChunkCoord, commands: &mut Commands) {"}]}]}}
{"reason":"compiler-message","package_id":"path+file:///Users/bradyjeong/Documents/Projects/Amp/gta4/gta_game/gameplay_sim#0.1.0","manifest_path":"/Users/bradyjeong/Documents/Projects/Amp/gta4/gta_game/gameplay_sim/Cargo.toml","target":{"kind":["lib"],"crate_types":["lib"],"name":"gameplay_sim","src_path":"/Users/bradyjeong/Documents/Projects/Amp/gta4/gta_game/gameplay_sim/src/lib.rs","edition":"2021","doc":true,"doctest":true,"test":true},"message":{"rendered":"warning: missing documentation for a method\n   --> gameplay_sim/src/systems/world/unified_world.rs:236:5\n    |\n236 |     pub fn update_active_chunks(&mut self, player_pos: Vec3, load_radius: f32) {\n    |     ^^^^^^^^^^^^^^^^^^^^^^^^^^^^^^^^^^^^^^^^^^^^^^^^^^^^^^^^^^^^^^^^^^^^^^^^^^\n\n","$message_type":"diagnostic","children":[],"code":{"code":"missing_docs","explanation":null},"level":"warning","message":"missing documentation for a method","spans":[{"byte_end":7732,"byte_start":7658,"column_end":79,"column_start":5,"expansion":null,"file_name":"gameplay_sim/src/systems/world/unified_world.rs","is_primary":true,"label":null,"line_end":236,"line_start":236,"suggested_replacement":null,"suggestion_applicability":null,"text":[{"highlight_end":79,"highlight_start":5,"text":"    pub fn update_active_chunks(&mut self, player_pos: Vec3, load_radius: f32) {"}]}]}}
{"reason":"compiler-message","package_id":"path+file:///Users/bradyjeong/Documents/Projects/Amp/gta4/gta_game/gameplay_sim#0.1.0","manifest_path":"/Users/bradyjeong/Documents/Projects/Amp/gta4/gta_game/gameplay_sim/Cargo.toml","target":{"kind":["lib"],"crate_types":["lib"],"name":"gameplay_sim","src_path":"/Users/bradyjeong/Documents/Projects/Amp/gta4/gta_game/gameplay_sim/src/lib.rs","edition":"2021","doc":true,"doctest":true,"test":true},"message":{"rendered":"warning: missing documentation for a function\n  --> gameplay_sim/src/systems/movement/aircraft.rs:82:1\n   |\n82 | / pub fn f16_movement(\n83 | |     time: Res<Time>,\n84 | |     control_manager: Res<ControlManager>,\n85 | |     mut f16_query: Query<(&mut Velocity, &mut Transform, &mut AircraftFlight), (With<F16>, With<ActiveEntity>)>,\n86 | | ) {\n   | |_^\n\n","$message_type":"diagnostic","children":[],"code":{"code":"missing_docs","explanation":null},"level":"warning","message":"missing documentation for a function","spans":[{"byte_end":3761,"byte_start":3563,"column_end":2,"column_start":1,"expansion":null,"file_name":"gameplay_sim/src/systems/movement/aircraft.rs","is_primary":true,"label":null,"line_end":86,"line_start":82,"suggested_replacement":null,"suggestion_applicability":null,"text":[{"highlight_end":21,"highlight_start":1,"text":"pub fn f16_movement("},{"highlight_end":21,"highlight_start":1,"text":"    time: Res<Time>,"},{"highlight_end":42,"highlight_start":1,"text":"    control_manager: Res<ControlManager>,"},{"highlight_end":113,"highlight_start":1,"text":"    mut f16_query: Query<(&mut Velocity, &mut Transform, &mut AircraftFlight), (With<F16>, With<ActiveEntity>)>,"},{"highlight_end":2,"highlight_start":1,"text":") {"}]}]}}
{"reason":"compiler-message","package_id":"path+file:///Users/bradyjeong/Documents/Projects/Amp/gta4/gta_game/gameplay_sim#0.1.0","manifest_path":"/Users/bradyjeong/Documents/Projects/Amp/gta4/gta_game/gameplay_sim/Cargo.toml","target":{"kind":["lib"],"crate_types":["lib"],"name":"gameplay_sim","src_path":"/Users/bradyjeong/Documents/Projects/Amp/gta4/gta_game/gameplay_sim/src/lib.rs","edition":"2021","doc":true,"doctest":true,"test":true},"message":{"rendered":"warning: missing documentation for a method\n   --> gameplay_sim/src/systems/world/unified_world.rs:261:5\n    |\n261 |     pub fn cleanup_distant_chunks(&mut self, player_pos: Vec3, commands: &mut Commands) {\n    |     ^^^^^^^^^^^^^^^^^^^^^^^^^^^^^^^^^^^^^^^^^^^^^^^^^^^^^^^^^^^^^^^^^^^^^^^^^^^^^^^^^^^\n\n","$message_type":"diagnostic","children":[],"code":{"code":"missing_docs","explanation":null},"level":"warning","message":"missing documentation for a method","spans":[{"byte_end":8729,"byte_start":8646,"column_end":88,"column_start":5,"expansion":null,"file_name":"gameplay_sim/src/systems/world/unified_world.rs","is_primary":true,"label":null,"line_end":261,"line_start":261,"suggested_replacement":null,"suggestion_applicability":null,"text":[{"highlight_end":88,"highlight_start":5,"text":"    pub fn cleanup_distant_chunks(&mut self, player_pos: Vec3, commands: &mut Commands) {"}]}]}}
{"reason":"compiler-message","package_id":"path+file:///Users/bradyjeong/Documents/Projects/Amp/gta4/gta_game/gameplay_sim#0.1.0","manifest_path":"/Users/bradyjeong/Documents/Projects/Amp/gta4/gta_game/gameplay_sim/Cargo.toml","target":{"kind":["lib"],"crate_types":["lib"],"name":"gameplay_sim","src_path":"/Users/bradyjeong/Documents/Projects/Amp/gta4/gta_game/gameplay_sim/src/lib.rs","edition":"2021","doc":true,"doctest":true,"test":true},"message":{"rendered":"warning: missing documentation for a method\n   --> gameplay_sim/src/systems/world/unified_world.rs:276:5\n    |\n276 |     pub fn is_chunk_loaded(&self, coord: ChunkCoord) -> bool {\n    |     ^^^^^^^^^^^^^^^^^^^^^^^^^^^^^^^^^^^^^^^^^^^^^^^^^^^^^^^^\n\n","$message_type":"diagnostic","children":[],"code":{"code":"missing_docs","explanation":null},"level":"warning","message":"missing documentation for a method","spans":[{"byte_end":9223,"byte_start":9167,"column_end":61,"column_start":5,"expansion":null,"file_name":"gameplay_sim/src/systems/world/unified_world.rs","is_primary":true,"label":null,"line_end":276,"line_start":276,"suggested_replacement":null,"suggestion_applicability":null,"text":[{"highlight_end":61,"highlight_start":5,"text":"    pub fn is_chunk_loaded(&self, coord: ChunkCoord) -> bool {"}]}]}}
{"reason":"compiler-message","package_id":"path+file:///Users/bradyjeong/Documents/Projects/Amp/gta4/gta_game/gameplay_sim#0.1.0","manifest_path":"/Users/bradyjeong/Documents/Projects/Amp/gta4/gta_game/gameplay_sim/Cargo.toml","target":{"kind":["lib"],"crate_types":["lib"],"name":"gameplay_sim","src_path":"/Users/bradyjeong/Documents/Projects/Amp/gta4/gta_game/gameplay_sim/src/lib.rs","edition":"2021","doc":true,"doctest":true,"test":true},"message":{"rendered":"warning: missing documentation for a method\n   --> gameplay_sim/src/systems/world/unified_world.rs:280:5\n    |\n280 |     pub fn mark_chunk_loaded(&mut self, coord: ChunkCoord) {\n    |     ^^^^^^^^^^^^^^^^^^^^^^^^^^^^^^^^^^^^^^^^^^^^^^^^^^^^^^\n\n","$message_type":"diagnostic","children":[],"code":{"code":"missing_docs","explanation":null},"level":"warning","message":"missing documentation for a method","spans":[{"byte_end":9366,"byte_start":9312,"column_end":59,"column_start":5,"expansion":null,"file_name":"gameplay_sim/src/systems/world/unified_world.rs","is_primary":true,"label":null,"line_end":280,"line_start":280,"suggested_replacement":null,"suggestion_applicability":null,"text":[{"highlight_end":59,"highlight_start":5,"text":"    pub fn mark_chunk_loaded(&mut self, coord: ChunkCoord) {"}]}]}}
{"reason":"compiler-message","package_id":"path+file:///Users/bradyjeong/Documents/Projects/Amp/gta4/gta_game/gameplay_sim#0.1.0","manifest_path":"/Users/bradyjeong/Documents/Projects/Amp/gta4/gta_game/gameplay_sim/Cargo.toml","target":{"kind":["lib"],"crate_types":["lib"],"name":"gameplay_sim","src_path":"/Users/bradyjeong/Documents/Projects/Amp/gta4/gta_game/gameplay_sim/src/lib.rs","edition":"2021","doc":true,"doctest":true,"test":true},"message":{"rendered":"warning: missing documentation for a method\n   --> gameplay_sim/src/systems/world/unified_world.rs:286:5\n    |\n286 |     pub fn add_entity_to_chunk(&mut self, entity: Entity, world_pos: Vec3) {\n    |     ^^^^^^^^^^^^^^^^^^^^^^^^^^^^^^^^^^^^^^^^^^^^^^^^^^^^^^^^^^^^^^^^^^^^^^\n\n","$message_type":"diagnostic","children":[],"code":{"code":"missing_docs","explanation":null},"level":"warning","message":"missing documentation for a method","spans":[{"byte_end":9559,"byte_start":9489,"column_end":75,"column_start":5,"expansion":null,"file_name":"gameplay_sim/src/systems/world/unified_world.rs","is_primary":true,"label":null,"line_end":286,"line_start":286,"suggested_replacement":null,"suggestion_applicability":null,"text":[{"highlight_end":75,"highlight_start":5,"text":"    pub fn add_entity_to_chunk(&mut self, entity: Entity, world_pos: Vec3) {"}]}]}}
{"reason":"compiler-message","package_id":"path+file:///Users/bradyjeong/Documents/Projects/Amp/gta4/gta_game/gameplay_sim#0.1.0","manifest_path":"/Users/bradyjeong/Documents/Projects/Amp/gta4/gta_game/gameplay_sim/Cargo.toml","target":{"kind":["lib"],"crate_types":["lib"],"name":"gameplay_sim","src_path":"/Users/bradyjeong/Documents/Projects/Amp/gta4/gta_game/gameplay_sim/src/lib.rs","edition":"2021","doc":true,"doctest":true,"test":true},"message":{"rendered":"warning: missing documentation for a method\n   --> gameplay_sim/src/systems/world/unified_world.rs:292:5\n    |\n292 |     pub fn remove_entity_from_chunk(&mut self, entity: Entity, world_pos: Vec3) {\n    |     ^^^^^^^^^^^^^^^^^^^^^^^^^^^^^^^^^^^^^^^^^^^^^^^^^^^^^^^^^^^^^^^^^^^^^^^^^^^\n\n","$message_type":"diagnostic","children":[],"code":{"code":"missing_docs","explanation":null},"level":"warning","message":"missing documentation for a method","spans":[{"byte_end":9810,"byte_start":9735,"column_end":80,"column_start":5,"expansion":null,"file_name":"gameplay_sim/src/systems/world/unified_world.rs","is_primary":true,"label":null,"line_end":292,"line_start":292,"suggested_replacement":null,"suggestion_applicability":null,"text":[{"highlight_end":80,"highlight_start":5,"text":"    pub fn remove_entity_from_chunk(&mut self, entity: Entity, world_pos: Vec3) {"}]}]}}
{"reason":"compiler-message","package_id":"path+file:///Users/bradyjeong/Documents/Projects/Amp/gta4/gta_game/gameplay_sim#0.1.0","manifest_path":"/Users/bradyjeong/Documents/Projects/Amp/gta4/gta_game/gameplay_sim/Cargo.toml","target":{"kind":["lib"],"crate_types":["lib"],"name":"gameplay_sim","src_path":"/Users/bradyjeong/Documents/Projects/Amp/gta4/gta_game/gameplay_sim/src/lib.rs","edition":"2021","doc":true,"doctest":true,"test":true},"message":{"rendered":"warning: missing documentation for a function\n   --> gameplay_sim/src/systems/world/unified_world.rs:300:1\n    |\n300 | / pub fn world_management_system(\n301 | |     mut world_manager: ResMut<WorldManager>,\n302 | |     mut commands: Commands,\n303 | |     active_query: Query<&Transform, With<ActiveEntity>>,\n304 | |     time: Res<Time>,\n305 | | ) {\n    | |_^\n\n","$message_type":"diagnostic","children":[],"code":{"code":"missing_docs","explanation":null},"level":"warning","message":"missing documentation for a function","spans":[{"byte_end":10187,"byte_start":10003,"column_end":2,"column_start":1,"expansion":null,"file_name":"gameplay_sim/src/systems/world/unified_world.rs","is_primary":true,"label":null,"line_end":305,"line_start":300,"suggested_replacement":null,"suggestion_applicability":null,"text":[{"highlight_end":32,"highlight_start":1,"text":"pub fn world_management_system("},{"highlight_end":45,"highlight_start":1,"text":"    mut world_manager: ResMut<WorldManager>,"},{"highlight_end":28,"highlight_start":1,"text":"    mut commands: Commands,"},{"highlight_end":57,"highlight_start":1,"text":"    active_query: Query<&Transform, With<ActiveEntity>>,"},{"highlight_end":21,"highlight_start":1,"text":"    time: Res<Time>,"},{"highlight_end":2,"highlight_start":1,"text":") {"}]}]}}
{"reason":"compiler-message","package_id":"path+file:///Users/bradyjeong/Documents/Projects/Amp/gta4/gta_game/gameplay_sim#0.1.0","manifest_path":"/Users/bradyjeong/Documents/Projects/Amp/gta4/gta_game/gameplay_sim/Cargo.toml","target":{"kind":["lib"],"crate_types":["lib"],"name":"gameplay_sim","src_path":"/Users/bradyjeong/Documents/Projects/Amp/gta4/gta_game/gameplay_sim/src/lib.rs","edition":"2021","doc":true,"doctest":true,"test":true},"message":{"rendered":"warning: missing documentation for a function\n   --> gameplay_sim/src/systems/world/unified_world.rs:332:1\n    |\n332 | / pub fn spatial_query_system(\n333 | |     world_manager: Res<WorldManager>,\n334 | |     entity_query: Query<(&Transform, &ContentType), With<DynamicContent>>,\n335 | | ) {\n    | |_^\n\n","$message_type":"diagnostic","children":[],"code":{"code":"missing_docs","explanation":null},"level":"warning","message":"missing documentation for a function","spans":[{"byte_end":11311,"byte_start":11168,"column_end":2,"column_start":1,"expansion":null,"file_name":"gameplay_sim/src/systems/world/unified_world.rs","is_primary":true,"label":null,"line_end":335,"line_start":332,"suggested_replacement":null,"suggestion_applicability":null,"text":[{"highlight_end":29,"highlight_start":1,"text":"pub fn spatial_query_system("},{"highlight_end":38,"highlight_start":1,"text":"    world_manager: Res<WorldManager>,"},{"highlight_end":75,"highlight_start":1,"text":"    entity_query: Query<(&Transform, &ContentType), With<DynamicContent>>,"},{"highlight_end":2,"highlight_start":1,"text":") {"}]}]}}
{"reason":"compiler-message","package_id":"path+file:///Users/bradyjeong/Documents/Projects/Amp/gta4/gta_game/gameplay_sim#0.1.0","manifest_path":"/Users/bradyjeong/Documents/Projects/Amp/gta4/gta_game/gameplay_sim/Cargo.toml","target":{"kind":["lib"],"crate_types":["lib"],"name":"gameplay_sim","src_path":"/Users/bradyjeong/Documents/Projects/Amp/gta4/gta_game/gameplay_sim/src/lib.rs","edition":"2021","doc":true,"doctest":true,"test":true},"message":{"rendered":"warning: missing documentation for a function\n   --> gameplay_sim/src/systems/world/unified_world.rs:356:1\n    |\n356 | pub fn world_pos_to_chunk_coord(world_pos: Vec3) -> ChunkCoord {\n    | ^^^^^^^^^^^^^^^^^^^^^^^^^^^^^^^^^^^^^^^^^^^^^^^^^^^^^^^^^^^^^^\n\n","$message_type":"diagnostic","children":[],"code":{"code":"missing_docs","explanation":null},"level":"warning","message":"missing documentation for a function","spans":[{"byte_end":11980,"byte_start":11918,"column_end":63,"column_start":1,"expansion":null,"file_name":"gameplay_sim/src/systems/world/unified_world.rs","is_primary":true,"label":null,"line_end":356,"line_start":356,"suggested_replacement":null,"suggestion_applicability":null,"text":[{"highlight_end":63,"highlight_start":1,"text":"pub fn world_pos_to_chunk_coord(world_pos: Vec3) -> ChunkCoord {"}]}]}}
{"reason":"compiler-message","package_id":"path+file:///Users/bradyjeong/Documents/Projects/Amp/gta4/gta_game/gameplay_sim#0.1.0","manifest_path":"/Users/bradyjeong/Documents/Projects/Amp/gta4/gta_game/gameplay_sim/Cargo.toml","target":{"kind":["lib"],"crate_types":["lib"],"name":"gameplay_sim","src_path":"/Users/bradyjeong/Documents/Projects/Amp/gta4/gta_game/gameplay_sim/src/lib.rs","edition":"2021","doc":true,"doctest":true,"test":true},"message":{"rendered":"warning: missing documentation for a function\n   --> gameplay_sim/src/systems/world/unified_world.rs:360:1\n    |\n360 | pub fn chunk_coord_to_world_pos(coord: ChunkCoord) -> Vec3 {\n    | ^^^^^^^^^^^^^^^^^^^^^^^^^^^^^^^^^^^^^^^^^^^^^^^^^^^^^^^^^^\n\n","$message_type":"diagnostic","children":[],"code":{"code":"missing_docs","explanation":null},"level":"warning","message":"missing documentation for a function","spans":[{"byte_end":12098,"byte_start":12040,"column_end":59,"column_start":1,"expansion":null,"file_name":"gameplay_sim/src/systems/world/unified_world.rs","is_primary":true,"label":null,"line_end":360,"line_start":360,"suggested_replacement":null,"suggestion_applicability":null,"text":[{"highlight_end":59,"highlight_start":1,"text":"pub fn chunk_coord_to_world_pos(coord: ChunkCoord) -> Vec3 {"}]}]}}
{"reason":"compiler-message","package_id":"path+file:///Users/bradyjeong/Documents/Projects/Amp/gta4/gta_game/gameplay_sim#0.1.0","manifest_path":"/Users/bradyjeong/Documents/Projects/Amp/gta4/gta_game/gameplay_sim/Cargo.toml","target":{"kind":["lib"],"crate_types":["lib"],"name":"gameplay_sim","src_path":"/Users/bradyjeong/Documents/Projects/Amp/gta4/gta_game/gameplay_sim/src/lib.rs","edition":"2021","doc":true,"doctest":true,"test":true},"message":{"rendered":"warning: missing documentation for a function\n   --> gameplay_sim/src/systems/world/unified_world.rs:364:1\n    |\n364 | pub fn get_chunk_bounds(coord: ChunkCoord) -> (Vec3, Vec3) {\n    | ^^^^^^^^^^^^^^^^^^^^^^^^^^^^^^^^^^^^^^^^^^^^^^^^^^^^^^^^^^\n\n","$message_type":"diagnostic","children":[],"code":{"code":"missing_docs","explanation":null},"level":"warning","message":"missing documentation for a function","spans":[{"byte_end":12197,"byte_start":12139,"column_end":59,"column_start":1,"expansion":null,"file_name":"gameplay_sim/src/systems/world/unified_world.rs","is_primary":true,"label":null,"line_end":364,"line_start":364,"suggested_replacement":null,"suggestion_applicability":null,"text":[{"highlight_end":59,"highlight_start":1,"text":"pub fn get_chunk_bounds(coord: ChunkCoord) -> (Vec3, Vec3) {"}]}]}}
{"reason":"compiler-message","package_id":"path+file:///Users/bradyjeong/Documents/Projects/Amp/gta4/gta_game/gameplay_sim#0.1.0","manifest_path":"/Users/bradyjeong/Documents/Projects/Amp/gta4/gta_game/gameplay_sim/Cargo.toml","target":{"kind":["lib"],"crate_types":["lib"],"name":"gameplay_sim","src_path":"/Users/bradyjeong/Documents/Projects/Amp/gta4/gta_game/gameplay_sim/src/lib.rs","edition":"2021","doc":true,"doctest":true,"test":true},"message":{"rendered":"warning: missing documentation for a function\n   --> gameplay_sim/src/systems/world/unified_world.rs:374:1\n    |\n374 | pub fn is_position_in_chunk(world_pos: Vec3, coord: ChunkCoord) -> bool {\n    | ^^^^^^^^^^^^^^^^^^^^^^^^^^^^^^^^^^^^^^^^^^^^^^^^^^^^^^^^^^^^^^^^^^^^^^^\n\n","$message_type":"diagnostic","children":[],"code":{"code":"missing_docs","explanation":null},"level":"warning","message":"missing documentation for a function","spans":[{"byte_end":12508,"byte_start":12437,"column_end":72,"column_start":1,"expansion":null,"file_name":"gameplay_sim/src/systems/world/unified_world.rs","is_primary":true,"label":null,"line_end":374,"line_start":374,"suggested_replacement":null,"suggestion_applicability":null,"text":[{"highlight_end":72,"highlight_start":1,"text":"pub fn is_position_in_chunk(world_pos: Vec3, coord: ChunkCoord) -> bool {"}]}]}}
{"reason":"compiler-message","package_id":"path+file:///Users/bradyjeong/Documents/Projects/Amp/gta4/gta_game/gameplay_sim#0.1.0","manifest_path":"/Users/bradyjeong/Documents/Projects/Amp/gta4/gta_game/gameplay_sim/Cargo.toml","target":{"kind":["lib"],"crate_types":["lib"],"name":"gameplay_sim","src_path":"/Users/bradyjeong/Documents/Projects/Amp/gta4/gta_game/gameplay_sim/src/lib.rs","edition":"2021","doc":true,"doctest":true,"test":true},"message":{"rendered":"warning: missing documentation for a function\n   --> gameplay_sim/src/systems/world/unified_world.rs:382:1\n    |\n382 | pub fn unified_world_streaming_system() {\n    | ^^^^^^^^^^^^^^^^^^^^^^^^^^^^^^^^^^^^^^^\n\n","$message_type":"diagnostic","children":[],"code":{"code":"missing_docs","explanation":null},"level":"warning","message":"missing documentation for a function","spans":[{"byte_end":12738,"byte_start":12699,"column_end":40,"column_start":1,"expansion":null,"file_name":"gameplay_sim/src/systems/world/unified_world.rs","is_primary":true,"label":null,"line_end":382,"line_start":382,"suggested_replacement":null,"suggestion_applicability":null,"text":[{"highlight_end":40,"highlight_start":1,"text":"pub fn unified_world_streaming_system() {"}]}]}}
{"reason":"compiler-message","package_id":"path+file:///Users/bradyjeong/Documents/Projects/Amp/gta4/gta_game/gameplay_sim#0.1.0","manifest_path":"/Users/bradyjeong/Documents/Projects/Amp/gta4/gta_game/gameplay_sim/Cargo.toml","target":{"kind":["lib"],"crate_types":["lib"],"name":"gameplay_sim","src_path":"/Users/bradyjeong/Documents/Projects/Amp/gta4/gta_game/gameplay_sim/src/lib.rs","edition":"2021","doc":true,"doctest":true,"test":true},"message":{"rendered":"warning: missing documentation for a function\n   --> gameplay_sim/src/systems/world/unified_world.rs:386:1\n    |\n386 | pub fn layered_generation_coordinator() {\n    | ^^^^^^^^^^^^^^^^^^^^^^^^^^^^^^^^^^^^^^^\n\n","$message_type":"diagnostic","children":[],"code":{"code":"missing_docs","explanation":null},"level":"warning","message":"missing documentation for a function","spans":[{"byte_end":12835,"byte_start":12796,"column_end":40,"column_start":1,"expansion":null,"file_name":"gameplay_sim/src/systems/world/unified_world.rs","is_primary":true,"label":null,"line_end":386,"line_start":386,"suggested_replacement":null,"suggestion_applicability":null,"text":[{"highlight_end":40,"highlight_start":1,"text":"pub fn layered_generation_coordinator() {"}]}]}}
{"reason":"compiler-message","package_id":"path+file:///Users/bradyjeong/Documents/Projects/Amp/gta4/gta_game/gameplay_sim#0.1.0","manifest_path":"/Users/bradyjeong/Documents/Projects/Amp/gta4/gta_game/gameplay_sim/Cargo.toml","target":{"kind":["lib"],"crate_types":["lib"],"name":"gameplay_sim","src_path":"/Users/bradyjeong/Documents/Projects/Amp/gta4/gta_game/gameplay_sim/src/lib.rs","edition":"2021","doc":true,"doctest":true,"test":true},"message":{"rendered":"warning: missing documentation for a function\n   --> gameplay_sim/src/systems/world/unified_world.rs:390:1\n    |\n390 | pub fn vehicle_layer_system() {\n    | ^^^^^^^^^^^^^^^^^^^^^^^^^^^^^\n\n","$message_type":"diagnostic","children":[],"code":{"code":"missing_docs","explanation":null},"level":"warning","message":"missing documentation for a function","spans":[{"byte_end":12929,"byte_start":12900,"column_end":30,"column_start":1,"expansion":null,"file_name":"gameplay_sim/src/systems/world/unified_world.rs","is_primary":true,"label":null,"line_end":390,"line_start":390,"suggested_replacement":null,"suggestion_applicability":null,"text":[{"highlight_end":30,"highlight_start":1,"text":"pub fn vehicle_layer_system() {"}]}]}}
{"reason":"compiler-message","package_id":"path+file:///Users/bradyjeong/Documents/Projects/Amp/gta4/gta_game/gameplay_sim#0.1.0","manifest_path":"/Users/bradyjeong/Documents/Projects/Amp/gta4/gta_game/gameplay_sim/Cargo.toml","target":{"kind":["lib"],"crate_types":["lib"],"name":"gameplay_sim","src_path":"/Users/bradyjeong/Documents/Projects/Amp/gta4/gta_game/gameplay_sim/src/lib.rs","edition":"2021","doc":true,"doctest":true,"test":true},"message":{"rendered":"warning: missing documentation for a function\n   --> gameplay_sim/src/systems/world/unified_world.rs:394:1\n    |\n394 | pub fn master_unified_lod_system() {\n    | ^^^^^^^^^^^^^^^^^^^^^^^^^^^^^^^^^^\n\n","$message_type":"diagnostic","children":[],"code":{"code":"missing_docs","explanation":null},"level":"warning","message":"missing documentation for a function","spans":[{"byte_end":13019,"byte_start":12985,"column_end":35,"column_start":1,"expansion":null,"file_name":"gameplay_sim/src/systems/world/unified_world.rs","is_primary":true,"label":null,"line_end":394,"line_start":394,"suggested_replacement":null,"suggestion_applicability":null,"text":[{"highlight_end":35,"highlight_start":1,"text":"pub fn master_unified_lod_system() {"}]}]}}
{"reason":"compiler-message","package_id":"path+file:///Users/bradyjeong/Documents/Projects/Amp/gta4/gta_game/gameplay_sim#0.1.0","manifest_path":"/Users/bradyjeong/Documents/Projects/Amp/gta4/gta_game/gameplay_sim/Cargo.toml","target":{"kind":["lib"],"crate_types":["lib"],"name":"gameplay_sim","src_path":"/Users/bradyjeong/Documents/Projects/Amp/gta4/gta_game/gameplay_sim/src/lib.rs","edition":"2021","doc":true,"doctest":true,"test":true},"message":{"rendered":"warning: missing documentation for a function\n   --> gameplay_sim/src/systems/world/unified_world.rs:398:1\n    |\n398 | pub fn master_lod_performance_monitor() {\n    | ^^^^^^^^^^^^^^^^^^^^^^^^^^^^^^^^^^^^^^^\n\n","$message_type":"diagnostic","children":[],"code":{"code":"missing_docs","explanation":null},"level":"warning","message":"missing documentation for a function","spans":[{"byte_end":13111,"byte_start":13072,"column_end":40,"column_start":1,"expansion":null,"file_name":"gameplay_sim/src/systems/world/unified_world.rs","is_primary":true,"label":null,"line_end":398,"line_start":398,"suggested_replacement":null,"suggestion_applicability":null,"text":[{"highlight_end":40,"highlight_start":1,"text":"pub fn master_lod_performance_monitor() {"}]}]}}
{"reason":"compiler-message","package_id":"path+file:///Users/bradyjeong/Documents/Projects/Amp/gta4/gta_game/gameplay_sim#0.1.0","manifest_path":"/Users/bradyjeong/Documents/Projects/Amp/gta4/gta_game/gameplay_sim/Cargo.toml","target":{"kind":["lib"],"crate_types":["lib"],"name":"gameplay_sim","src_path":"/Users/bradyjeong/Documents/Projects/Amp/gta4/gta_game/gameplay_sim/src/lib.rs","edition":"2021","doc":true,"doctest":true,"test":true},"message":{"rendered":"warning: missing documentation for a function\n   --> gameplay_sim/src/systems/world/unified_world.rs:402:1\n    |\n402 | pub fn initialize_master_lod_system() {\n    | ^^^^^^^^^^^^^^^^^^^^^^^^^^^^^^^^^^^^^\n\n","$message_type":"diagnostic","children":[],"code":{"code":"missing_docs","explanation":null},"level":"warning","message":"missing documentation for a function","spans":[{"byte_end":13214,"byte_start":13177,"column_end":38,"column_start":1,"expansion":null,"file_name":"gameplay_sim/src/systems/world/unified_world.rs","is_primary":true,"label":null,"line_end":402,"line_start":402,"suggested_replacement":null,"suggestion_applicability":null,"text":[{"highlight_end":38,"highlight_start":1,"text":"pub fn initialize_master_lod_system() {"}]}]}}
{"reason":"compiler-message","package_id":"path+file:///Users/bradyjeong/Documents/Projects/Amp/gta4/gta_game/gameplay_sim#0.1.0","manifest_path":"/Users/bradyjeong/Documents/Projects/Amp/gta4/gta_game/gameplay_sim/Cargo.toml","target":{"kind":["lib"],"crate_types":["lib"],"name":"gameplay_sim","src_path":"/Users/bradyjeong/Documents/Projects/Amp/gta4/gta_game/gameplay_sim/src/lib.rs","edition":"2021","doc":true,"doctest":true,"test":true},"message":{"rendered":"warning: missing documentation for a function\n   --> gameplay_sim/src/systems/world/unified_world.rs:406:1\n    |\n406 | pub fn adaptive_lod_system() {\n    | ^^^^^^^^^^^^^^^^^^^^^^^^^^^^\n\n","$message_type":"diagnostic","children":[],"code":{"code":"missing_docs","explanation":null},"level":"warning","message":"missing documentation for a function","spans":[{"byte_end":13306,"byte_start":13278,"column_end":29,"column_start":1,"expansion":null,"file_name":"gameplay_sim/src/systems/world/unified_world.rs","is_primary":true,"label":null,"line_end":406,"line_start":406,"suggested_replacement":null,"suggestion_applicability":null,"text":[{"highlight_end":29,"highlight_start":1,"text":"pub fn adaptive_lod_system() {"}]}]}}
{"reason":"compiler-message","package_id":"path+file:///Users/bradyjeong/Documents/Projects/Amp/gta4/gta_game/gameplay_sim#0.1.0","manifest_path":"/Users/bradyjeong/Documents/Projects/Amp/gta4/gta_game/gameplay_sim/Cargo.toml","target":{"kind":["lib"],"crate_types":["lib"],"name":"gameplay_sim","src_path":"/Users/bradyjeong/Documents/Projects/Amp/gta4/gta_game/gameplay_sim/src/lib.rs","edition":"2021","doc":true,"doctest":true,"test":true},"message":{"rendered":"warning: missing documentation for a function\n   --> gameplay_sim/src/systems/world/unified_world.rs:410:1\n    |\n410 | pub fn unified_cleanup_system() {\n    | ^^^^^^^^^^^^^^^^^^^^^^^^^^^^^^^\n\n","$message_type":"diagnostic","children":[],"code":{"code":"missing_docs","explanation":null},"level":"warning","message":"missing documentation for a function","spans":[{"byte_end":13392,"byte_start":13361,"column_end":32,"column_start":1,"expansion":null,"file_name":"gameplay_sim/src/systems/world/unified_world.rs","is_primary":true,"label":null,"line_end":410,"line_start":410,"suggested_replacement":null,"suggestion_applicability":null,"text":[{"highlight_end":32,"highlight_start":1,"text":"pub fn unified_cleanup_system() {"}]}]}}
{"reason":"compiler-message","package_id":"path+file:///Users/bradyjeong/Documents/Projects/Amp/gta4/gta_game/gameplay_sim#0.1.0","manifest_path":"/Users/bradyjeong/Documents/Projects/Amp/gta4/gta_game/gameplay_sim/Cargo.toml","target":{"kind":["lib"],"crate_types":["lib"],"name":"gameplay_sim","src_path":"/Users/bradyjeong/Documents/Projects/Amp/gta4/gta_game/gameplay_sim/src/lib.rs","edition":"2021","doc":true,"doctest":true,"test":true},"message":{"rendered":"warning: missing documentation for a function\n   --> gameplay_sim/src/systems/world/unified_world.rs:414:1\n    |\n414 | pub fn spawn_new_npc_system() {\n    | ^^^^^^^^^^^^^^^^^^^^^^^^^^^^^\n\n","$message_type":"diagnostic","children":[],"code":{"code":"missing_docs","explanation":null},"level":"warning","message":"missing documentation for a function","spans":[{"byte_end":13479,"byte_start":13450,"column_end":30,"column_start":1,"expansion":null,"file_name":"gameplay_sim/src/systems/world/unified_world.rs","is_primary":true,"label":null,"line_end":414,"line_start":414,"suggested_replacement":null,"suggestion_applicability":null,"text":[{"highlight_end":30,"highlight_start":1,"text":"pub fn spawn_new_npc_system() {"}]}]}}
{"reason":"compiler-message","package_id":"path+file:///Users/bradyjeong/Documents/Projects/Amp/gta4/gta_game/gameplay_sim#0.1.0","manifest_path":"/Users/bradyjeong/Documents/Projects/Amp/gta4/gta_game/gameplay_sim/Cargo.toml","target":{"kind":["lib"],"crate_types":["lib"],"name":"gameplay_sim","src_path":"/Users/bradyjeong/Documents/Projects/Amp/gta4/gta_game/gameplay_sim/src/lib.rs","edition":"2021","doc":true,"doctest":true,"test":true},"message":{"rendered":"warning: missing documentation for an enum\n  --> gameplay_sim/src/systems/world/layered_generation.rs:20:1\n   |\n20 | pub enum ChunkState {\n   | ^^^^^^^^^^^^^^^^^^^\n\n","$message_type":"diagnostic","children":[],"code":{"code":"missing_docs","explanation":null},"level":"warning","message":"missing documentation for an enum","spans":[{"byte_end":914,"byte_start":895,"column_end":20,"column_start":1,"expansion":null,"file_name":"gameplay_sim/src/systems/world/layered_generation.rs","is_primary":true,"label":null,"line_end":20,"line_start":20,"suggested_replacement":null,"suggestion_applicability":null,"text":[{"highlight_end":20,"highlight_start":1,"text":"pub enum ChunkState {"}]}]}}
{"reason":"compiler-message","package_id":"path+file:///Users/bradyjeong/Documents/Projects/Amp/gta4/gta_game/gameplay_sim#0.1.0","manifest_path":"/Users/bradyjeong/Documents/Projects/Amp/gta4/gta_game/gameplay_sim/Cargo.toml","target":{"kind":["lib"],"crate_types":["lib"],"name":"gameplay_sim","src_path":"/Users/bradyjeong/Documents/Projects/Amp/gta4/gta_game/gameplay_sim/src/lib.rs","edition":"2021","doc":true,"doctest":true,"test":true},"message":{"rendered":"warning: missing documentation for a variant\n  --> gameplay_sim/src/systems/world/layered_generation.rs:21:5\n   |\n21 |     Empty,\n   |     ^^^^^\n\n","$message_type":"diagnostic","children":[],"code":{"code":"missing_docs","explanation":null},"level":"warning","message":"missing documentation for a variant","spans":[{"byte_end":926,"byte_start":921,"column_end":10,"column_start":5,"expansion":null,"file_name":"gameplay_sim/src/systems/world/layered_generation.rs","is_primary":true,"label":null,"line_end":21,"line_start":21,"suggested_replacement":null,"suggestion_applicability":null,"text":[{"highlight_end":10,"highlight_start":5,"text":"    Empty,"}]}]}}
{"reason":"compiler-message","package_id":"path+file:///Users/bradyjeong/Documents/Projects/Amp/gta4/gta_game/gameplay_sim#0.1.0","manifest_path":"/Users/bradyjeong/Documents/Projects/Amp/gta4/gta_game/gameplay_sim/Cargo.toml","target":{"kind":["lib"],"crate_types":["lib"],"name":"gameplay_sim","src_path":"/Users/bradyjeong/Documents/Projects/Amp/gta4/gta_game/gameplay_sim/src/lib.rs","edition":"2021","doc":true,"doctest":true,"test":true},"message":{"rendered":"warning: missing documentation for a variant\n  --> gameplay_sim/src/systems/world/layered_generation.rs:22:5\n   |\n22 |     Loading,\n   |     ^^^^^^^\n\n","$message_type":"diagnostic","children":[],"code":{"code":"missing_docs","explanation":null},"level":"warning","message":"missing documentation for a variant","spans":[{"byte_end":939,"byte_start":932,"column_end":12,"column_start":5,"expansion":null,"file_name":"gameplay_sim/src/systems/world/layered_generation.rs","is_primary":true,"label":null,"line_end":22,"line_start":22,"suggested_replacement":null,"suggestion_applicability":null,"text":[{"highlight_end":12,"highlight_start":5,"text":"    Loading,"}]}]}}
{"reason":"compiler-message","package_id":"path+file:///Users/bradyjeong/Documents/Projects/Amp/gta4/gta_game/gameplay_sim#0.1.0","manifest_path":"/Users/bradyjeong/Documents/Projects/Amp/gta4/gta_game/gameplay_sim/Cargo.toml","target":{"kind":["lib"],"crate_types":["lib"],"name":"gameplay_sim","src_path":"/Users/bradyjeong/Documents/Projects/Amp/gta4/gta_game/gameplay_sim/src/lib.rs","edition":"2021","doc":true,"doctest":true,"test":true},"message":{"rendered":"warning: missing documentation for a variant\n  --> gameplay_sim/src/systems/world/layered_generation.rs:23:5\n   |\n23 |     Loaded,\n   |     ^^^^^^\n\n","$message_type":"diagnostic","children":[],"code":{"code":"missing_docs","explanation":null},"level":"warning","message":"missing documentation for a variant","spans":[{"byte_end":951,"byte_start":945,"column_end":11,"column_start":5,"expansion":null,"file_name":"gameplay_sim/src/systems/world/layered_generation.rs","is_primary":true,"label":null,"line_end":23,"line_start":23,"suggested_replacement":null,"suggestion_applicability":null,"text":[{"highlight_end":11,"highlight_start":5,"text":"    Loaded,"}]}]}}
{"reason":"compiler-message","package_id":"path+file:///Users/bradyjeong/Documents/Projects/Amp/gta4/gta_game/gameplay_sim#0.1.0","manifest_path":"/Users/bradyjeong/Documents/Projects/Amp/gta4/gta_game/gameplay_sim/Cargo.toml","target":{"kind":["lib"],"crate_types":["lib"],"name":"gameplay_sim","src_path":"/Users/bradyjeong/Documents/Projects/Amp/gta4/gta_game/gameplay_sim/src/lib.rs","edition":"2021","doc":true,"doctest":true,"test":true},"message":{"rendered":"warning: missing documentation for a struct\n  --> gameplay_sim/src/systems/world/layered_generation.rs:27:1\n   |\n27 | pub struct LayeredChunkData {\n   | ^^^^^^^^^^^^^^^^^^^^^^^^^^^\n\n","$message_type":"diagnostic","children":[],"code":{"code":"missing_docs","explanation":null},"level":"warning","message":"missing documentation for a struct","spans":[{"byte_end":1000,"byte_start":973,"column_end":28,"column_start":1,"expansion":null,"file_name":"gameplay_sim/src/systems/world/layered_generation.rs","is_primary":true,"label":null,"line_end":27,"line_start":27,"suggested_replacement":null,"suggestion_applicability":null,"text":[{"highlight_end":28,"highlight_start":1,"text":"pub struct LayeredChunkData {"}]}]}}
{"reason":"compiler-message","package_id":"path+file:///Users/bradyjeong/Documents/Projects/Amp/gta4/gta_game/gameplay_sim#0.1.0","manifest_path":"/Users/bradyjeong/Documents/Projects/Amp/gta4/gta_game/gameplay_sim/Cargo.toml","target":{"kind":["lib"],"crate_types":["lib"],"name":"gameplay_sim","src_path":"/Users/bradyjeong/Documents/Projects/Amp/gta4/gta_game/gameplay_sim/src/lib.rs","edition":"2021","doc":true,"doctest":true,"test":true},"message":{"rendered":"warning: missing documentation for a struct field\n  --> gameplay_sim/src/systems/world/layered_generation.rs:28:5\n   |\n28 |     pub state: ChunkState,\n   |     ^^^^^^^^^^^^^^^^^^^^^\n\n","$message_type":"diagnostic","children":[],"code":{"code":"missing_docs","explanation":null},"level":"warning","message":"missing documentation for a struct field","spans":[{"byte_end":1028,"byte_start":1007,"column_end":26,"column_start":5,"expansion":null,"file_name":"gameplay_sim/src/systems/world/layered_generation.rs","is_primary":true,"label":null,"line_end":28,"line_start":28,"suggested_replacement":null,"suggestion_applicability":null,"text":[{"highlight_end":26,"highlight_start":5,"text":"    pub state: ChunkState,"}]}]}}
{"reason":"compiler-message","package_id":"path+file:///Users/bradyjeong/Documents/Projects/Amp/gta4/gta_game/gameplay_sim#0.1.0","manifest_path":"/Users/bradyjeong/Documents/Projects/Amp/gta4/gta_game/gameplay_sim/Cargo.toml","target":{"kind":["lib"],"crate_types":["lib"],"name":"gameplay_sim","src_path":"/Users/bradyjeong/Documents/Projects/Amp/gta4/gta_game/gameplay_sim/src/lib.rs","edition":"2021","doc":true,"doctest":true,"test":true},"message":{"rendered":"warning: missing documentation for a struct field\n  --> gameplay_sim/src/systems/world/layered_generation.rs:29:5\n   |\n29 |     pub completed_layers: HashSet<ContentLayer>,\n   |     ^^^^^^^^^^^^^^^^^^^^^^^^^^^^^^^^^^^^^^^^^^^\n\n","$message_type":"diagnostic","children":[],"code":{"code":"missing_docs","explanation":null},"level":"warning","message":"missing documentation for a struct field","spans":[{"byte_end":1077,"byte_start":1034,"column_end":48,"column_start":5,"expansion":null,"file_name":"gameplay_sim/src/systems/world/layered_generation.rs","is_primary":true,"label":null,"line_end":29,"line_start":29,"suggested_replacement":null,"suggestion_applicability":null,"text":[{"highlight_end":48,"highlight_start":5,"text":"    pub completed_layers: HashSet<ContentLayer>,"}]}]}}
{"reason":"compiler-message","package_id":"path+file:///Users/bradyjeong/Documents/Projects/Amp/gta4/gta_game/gameplay_sim#0.1.0","manifest_path":"/Users/bradyjeong/Documents/Projects/Amp/gta4/gta_game/gameplay_sim/Cargo.toml","target":{"kind":["lib"],"crate_types":["lib"],"name":"gameplay_sim","src_path":"/Users/bradyjeong/Documents/Projects/Amp/gta4/gta_game/gameplay_sim/src/lib.rs","edition":"2021","doc":true,"doctest":true,"test":true},"message":{"rendered":"warning: missing documentation for a struct field\n  --> gameplay_sim/src/systems/world/layered_generation.rs:30:5\n   |\n30 |     pub roads_generated: bool,\n   |     ^^^^^^^^^^^^^^^^^^^^^^^^^\n\n","$message_type":"diagnostic","children":[],"code":{"code":"missing_docs","explanation":null},"level":"warning","message":"missing documentation for a struct field","spans":[{"byte_end":1108,"byte_start":1083,"column_end":30,"column_start":5,"expansion":null,"file_name":"gameplay_sim/src/systems/world/layered_generation.rs","is_primary":true,"label":null,"line_end":30,"line_start":30,"suggested_replacement":null,"suggestion_applicability":null,"text":[{"highlight_end":30,"highlight_start":5,"text":"    pub roads_generated: bool,"}]}]}}
{"reason":"compiler-message","package_id":"path+file:///Users/bradyjeong/Documents/Projects/Amp/gta4/gta_game/gameplay_sim#0.1.0","manifest_path":"/Users/bradyjeong/Documents/Projects/Amp/gta4/gta_game/gameplay_sim/Cargo.toml","target":{"kind":["lib"],"crate_types":["lib"],"name":"gameplay_sim","src_path":"/Users/bradyjeong/Documents/Projects/Amp/gta4/gta_game/gameplay_sim/src/lib.rs","edition":"2021","doc":true,"doctest":true,"test":true},"message":{"rendered":"warning: missing documentation for a struct field\n  --> gameplay_sim/src/systems/world/layered_generation.rs:31:5\n   |\n31 |     pub buildings_generated: bool,\n   |     ^^^^^^^^^^^^^^^^^^^^^^^^^^^^^\n\n","$message_type":"diagnostic","children":[],"code":{"code":"missing_docs","explanation":null},"level":"warning","message":"missing documentation for a struct field","spans":[{"byte_end":1143,"byte_start":1114,"column_end":34,"column_start":5,"expansion":null,"file_name":"gameplay_sim/src/systems/world/layered_generation.rs","is_primary":true,"label":null,"line_end":31,"line_start":31,"suggested_replacement":null,"suggestion_applicability":null,"text":[{"highlight_end":34,"highlight_start":5,"text":"    pub buildings_generated: bool,"}]}]}}
{"reason":"compiler-message","package_id":"path+file:///Users/bradyjeong/Documents/Projects/Amp/gta4/gta_game/gameplay_sim#0.1.0","manifest_path":"/Users/bradyjeong/Documents/Projects/Amp/gta4/gta_game/gameplay_sim/Cargo.toml","target":{"kind":["lib"],"crate_types":["lib"],"name":"gameplay_sim","src_path":"/Users/bradyjeong/Documents/Projects/Amp/gta4/gta_game/gameplay_sim/src/lib.rs","edition":"2021","doc":true,"doctest":true,"test":true},"message":{"rendered":"warning: missing documentation for a struct field\n  --> gameplay_sim/src/systems/world/layered_generation.rs:32:5\n   |\n32 |     pub vegetation_generated: bool,\n   |     ^^^^^^^^^^^^^^^^^^^^^^^^^^^^^^\n\n","$message_type":"diagnostic","children":[],"code":{"code":"missing_docs","explanation":null},"level":"warning","message":"missing documentation for a struct field","spans":[{"byte_end":1179,"byte_start":1149,"column_end":35,"column_start":5,"expansion":null,"file_name":"gameplay_sim/src/systems/world/layered_generation.rs","is_primary":true,"label":null,"line_end":32,"line_start":32,"suggested_replacement":null,"suggestion_applicability":null,"text":[{"highlight_end":35,"highlight_start":5,"text":"    pub vegetation_generated: bool,"}]}]}}
{"reason":"compiler-message","package_id":"path+file:///Users/bradyjeong/Documents/Projects/Amp/gta4/gta_game/gameplay_sim#0.1.0","manifest_path":"/Users/bradyjeong/Documents/Projects/Amp/gta4/gta_game/gameplay_sim/Cargo.toml","target":{"kind":["lib"],"crate_types":["lib"],"name":"gameplay_sim","src_path":"/Users/bradyjeong/Documents/Projects/Amp/gta4/gta_game/gameplay_sim/src/lib.rs","edition":"2021","doc":true,"doctest":true,"test":true},"message":{"rendered":"warning: missing documentation for a function\n  --> gameplay_sim/src/systems/world/layered_generation.rs:47:1\n   |\n47 | / pub fn layered_generation_system(\n48 | |     mut commands: Commands,\n49 | |     active_query: Query<&Transform, With<ActiveEntity>>,\n50 | |     mut world_manager: ResMut<WorldManager>,\n51 | |     time: Res<Time>,\n52 | | ) {\n   | |_^\n\n","$message_type":"diagnostic","children":[],"code":{"code":"missing_docs","explanation":null},"level":"warning","message":"missing documentation for a function","spans":[{"byte_end":1668,"byte_start":1482,"column_end":2,"column_start":1,"expansion":null,"file_name":"gameplay_sim/src/systems/world/layered_generation.rs","is_primary":true,"label":null,"line_end":52,"line_start":47,"suggested_replacement":null,"suggestion_applicability":null,"text":[{"highlight_end":34,"highlight_start":1,"text":"pub fn layered_generation_system("},{"highlight_end":28,"highlight_start":1,"text":"    mut commands: Commands,"},{"highlight_end":57,"highlight_start":1,"text":"    active_query: Query<&Transform, With<ActiveEntity>>,"},{"highlight_end":45,"highlight_start":1,"text":"    mut world_manager: ResMut<WorldManager>,"},{"highlight_end":21,"highlight_start":1,"text":"    time: Res<Time>,"},{"highlight_end":2,"highlight_start":1,"text":") {"}]}]}}
{"reason":"compiler-message","package_id":"path+file:///Users/bradyjeong/Documents/Projects/Amp/gta4/gta_game/gameplay_sim#0.1.0","manifest_path":"/Users/bradyjeong/Documents/Projects/Amp/gta4/gta_game/gameplay_sim/Cargo.toml","target":{"kind":["lib"],"crate_types":["lib"],"name":"gameplay_sim","src_path":"/Users/bradyjeong/Documents/Projects/Amp/gta4/gta_game/gameplay_sim/src/lib.rs","edition":"2021","doc":true,"doctest":true,"test":true},"message":{"rendered":"warning: missing documentation for a function\n  --> gameplay_sim/src/systems/world/layered_generation.rs:83:1\n   |\n83 | / pub fn road_layer_system(\n84 | |     mut commands: Commands,\n85 | |     mut world_manager: ResMut<WorldManager>,\n86 | |     mut meshes: ResMut<Assets<Mesh>>,\n87 | |     mut materials: ResMut<Assets<StandardMaterial>>,\n88 | | ) {\n   | |_^\n\n","$message_type":"diagnostic","children":[],"code":{"code":"missing_docs","explanation":null},"level":"warning","message":"missing documentation for a function","spans":[{"byte_end":2749,"byte_start":2558,"column_end":2,"column_start":1,"expansion":null,"file_name":"gameplay_sim/src/systems/world/layered_generation.rs","is_primary":true,"label":null,"line_end":88,"line_start":83,"suggested_replacement":null,"suggestion_applicability":null,"text":[{"highlight_end":26,"highlight_start":1,"text":"pub fn road_layer_system("},{"highlight_end":28,"highlight_start":1,"text":"    mut commands: Commands,"},{"highlight_end":45,"highlight_start":1,"text":"    mut world_manager: ResMut<WorldManager>,"},{"highlight_end":38,"highlight_start":1,"text":"    mut meshes: ResMut<Assets<Mesh>>,"},{"highlight_end":53,"highlight_start":1,"text":"    mut materials: ResMut<Assets<StandardMaterial>>,"},{"highlight_end":2,"highlight_start":1,"text":") {"}]}]}}
{"reason":"compiler-message","package_id":"path+file:///Users/bradyjeong/Documents/Projects/Amp/gta4/gta_game/gameplay_sim#0.1.0","manifest_path":"/Users/bradyjeong/Documents/Projects/Amp/gta4/gta_game/gameplay_sim/Cargo.toml","target":{"kind":["lib"],"crate_types":["lib"],"name":"gameplay_sim","src_path":"/Users/bradyjeong/Documents/Projects/Amp/gta4/gta_game/gameplay_sim/src/lib.rs","edition":"2021","doc":true,"doctest":true,"test":true},"message":{"rendered":"warning: missing documentation for a function\n   --> gameplay_sim/src/systems/world/layered_generation.rs:134:1\n    |\n134 | / pub fn building_layer_system(\n135 | |     mut commands: Commands,\n136 | |     mut world_manager: ResMut<WorldManager>,\n137 | |     mut meshes: ResMut<Assets<Mesh>>,\n138 | |     mut materials: ResMut<Assets<StandardMaterial>>,\n139 | | ) {\n    | |_^\n\n","$message_type":"diagnostic","children":[],"code":{"code":"missing_docs","explanation":null},"level":"warning","message":"missing documentation for a function","spans":[{"byte_end":4371,"byte_start":4176,"column_end":2,"column_start":1,"expansion":null,"file_name":"gameplay_sim/src/systems/world/layered_generation.rs","is_primary":true,"label":null,"line_end":139,"line_start":134,"suggested_replacement":null,"suggestion_applicability":null,"text":[{"highlight_end":30,"highlight_start":1,"text":"pub fn building_layer_system("},{"highlight_end":28,"highlight_start":1,"text":"    mut commands: Commands,"},{"highlight_end":45,"highlight_start":1,"text":"    mut world_manager: ResMut<WorldManager>,"},{"highlight_end":38,"highlight_start":1,"text":"    mut meshes: ResMut<Assets<Mesh>>,"},{"highlight_end":53,"highlight_start":1,"text":"    mut materials: ResMut<Assets<StandardMaterial>>,"},{"highlight_end":2,"highlight_start":1,"text":") {"}]}]}}
{"reason":"compiler-message","package_id":"path+file:///Users/bradyjeong/Documents/Projects/Amp/gta4/gta_game/gameplay_sim#0.1.0","manifest_path":"/Users/bradyjeong/Documents/Projects/Amp/gta4/gta_game/gameplay_sim/Cargo.toml","target":{"kind":["lib"],"crate_types":["lib"],"name":"gameplay_sim","src_path":"/Users/bradyjeong/Documents/Projects/Amp/gta4/gta_game/gameplay_sim/src/lib.rs","edition":"2021","doc":true,"doctest":true,"test":true},"message":{"rendered":"warning: missing documentation for a function\n   --> gameplay_sim/src/systems/world/layered_generation.rs:187:1\n    |\n187 | / pub fn vegetation_layer_system(\n188 | |     mut commands: Commands,\n189 | |     mut world_manager: ResMut<WorldManager>,\n190 | |     mut meshes: ResMut<Assets<Mesh>>,\n191 | |     mut materials: ResMut<Assets<StandardMaterial>>,\n192 | | ) {\n    | |_^\n\n","$message_type":"diagnostic","children":[],"code":{"code":"missing_docs","explanation":null},"level":"warning","message":"missing documentation for a function","spans":[{"byte_end":5985,"byte_start":5788,"column_end":2,"column_start":1,"expansion":null,"file_name":"gameplay_sim/src/systems/world/layered_generation.rs","is_primary":true,"label":null,"line_end":192,"line_start":187,"suggested_replacement":null,"suggestion_applicability":null,"text":[{"highlight_end":32,"highlight_start":1,"text":"pub fn vegetation_layer_system("},{"highlight_end":28,"highlight_start":1,"text":"    mut commands: Commands,"},{"highlight_end":45,"highlight_start":1,"text":"    mut world_manager: ResMut<WorldManager>,"},{"highlight_end":38,"highlight_start":1,"text":"    mut meshes: ResMut<Assets<Mesh>>,"},{"highlight_end":53,"highlight_start":1,"text":"    mut materials: ResMut<Assets<StandardMaterial>>,"},{"highlight_end":2,"highlight_start":1,"text":") {"}]}]}}
{"reason":"compiler-message","package_id":"path+file:///Users/bradyjeong/Documents/Projects/Amp/gta4/gta_game/gameplay_sim#0.1.0","manifest_path":"/Users/bradyjeong/Documents/Projects/Amp/gta4/gta_game/gameplay_sim/Cargo.toml","target":{"kind":["lib"],"crate_types":["lib"],"name":"gameplay_sim","src_path":"/Users/bradyjeong/Documents/Projects/Amp/gta4/gta_game/gameplay_sim/src/lib.rs","edition":"2021","doc":true,"doctest":true,"test":true},"message":{"rendered":"warning: missing documentation for a struct field\n  --> gameplay_sim/src/systems/movement/supercar_effects.rs:19:5\n   |\n19 |     pub flames: Vec<Entity>,\n   |     ^^^^^^^^^^^^^^^^^^^^^^^\n\n","$message_type":"diagnostic","children":[],"code":{"code":"missing_docs","explanation":null},"level":"warning","message":"missing documentation for a struct field","spans":[{"byte_end":849,"byte_start":826,"column_end":28,"column_start":5,"expansion":null,"file_name":"gameplay_sim/src/systems/movement/supercar_effects.rs","is_primary":true,"label":null,"line_end":19,"line_start":19,"suggested_replacement":null,"suggestion_applicability":null,"text":[{"highlight_end":28,"highlight_start":5,"text":"    pub flames: Vec<Entity>,"}]}]}}
{"reason":"compiler-message","package_id":"path+file:///Users/bradyjeong/Documents/Projects/Amp/gta4/gta_game/gameplay_sim#0.1.0","manifest_path":"/Users/bradyjeong/Documents/Projects/Amp/gta4/gta_game/gameplay_sim/Cargo.toml","target":{"kind":["lib"],"crate_types":["lib"],"name":"gameplay_sim","src_path":"/Users/bradyjeong/Documents/Projects/Amp/gta4/gta_game/gameplay_sim/src/lib.rs","edition":"2021","doc":true,"doctest":true,"test":true},"message":{"rendered":"warning: missing documentation for a function\n   --> gameplay_sim/src/systems/world/layered_generation.rs:249:1\n    |\n249 | pub fn get_next_layer_to_generate(completed_layers: &HashSet<ContentLayer>) -> Option<ContentLayer> {\n    | ^^^^^^^^^^^^^^^^^^^^^^^^^^^^^^^^^^^^^^^^^^^^^^^^^^^^^^^^^^^^^^^^^^^^^^^^^^^^^^^^^^^^^^^^^^^^^^^^^^^\n\n","$message_type":"diagnostic","children":[],"code":{"code":"missing_docs","explanation":null},"level":"warning","message":"missing documentation for a function","spans":[{"byte_end":7732,"byte_start":7633,"column_end":100,"column_start":1,"expansion":null,"file_name":"gameplay_sim/src/systems/world/layered_generation.rs","is_primary":true,"label":null,"line_end":249,"line_start":249,"suggested_replacement":null,"suggestion_applicability":null,"text":[{"highlight_end":100,"highlight_start":1,"text":"pub fn get_next_layer_to_generate(completed_layers: &HashSet<ContentLayer>) -> Option<ContentLayer> {"}]}]}}
{"reason":"compiler-message","package_id":"path+file:///Users/bradyjeong/Documents/Projects/Amp/gta4/gta_game/gameplay_sim#0.1.0","manifest_path":"/Users/bradyjeong/Documents/Projects/Amp/gta4/gta_game/gameplay_sim/Cargo.toml","target":{"kind":["lib"],"crate_types":["lib"],"name":"gameplay_sim","src_path":"/Users/bradyjeong/Documents/Projects/Amp/gta4/gta_game/gameplay_sim/src/lib.rs","edition":"2021","doc":true,"doctest":true,"test":true},"message":{"rendered":"warning: missing documentation for a struct field\n  --> gameplay_sim/src/systems/movement/supercar_effects.rs:20:5\n   |\n20 |     pub available_flames: Vec<Entity>,\n   |     ^^^^^^^^^^^^^^^^^^^^^^^^^^^^^^^^^\n\n","$message_type":"diagnostic","children":[],"code":{"code":"missing_docs","explanation":null},"level":"warning","message":"missing documentation for a struct field","spans":[{"byte_end":888,"byte_start":855,"column_end":38,"column_start":5,"expansion":null,"file_name":"gameplay_sim/src/systems/movement/supercar_effects.rs","is_primary":true,"label":null,"line_end":20,"line_start":20,"suggested_replacement":null,"suggestion_applicability":null,"text":[{"highlight_end":38,"highlight_start":5,"text":"    pub available_flames: Vec<Entity>,"}]}]}}
{"reason":"compiler-message","package_id":"path+file:///Users/bradyjeong/Documents/Projects/Amp/gta4/gta_game/gameplay_sim#0.1.0","manifest_path":"/Users/bradyjeong/Documents/Projects/Amp/gta4/gta_game/gameplay_sim/Cargo.toml","target":{"kind":["lib"],"crate_types":["lib"],"name":"gameplay_sim","src_path":"/Users/bradyjeong/Documents/Projects/Amp/gta4/gta_game/gameplay_sim/src/lib.rs","edition":"2021","doc":true,"doctest":true,"test":true},"message":{"rendered":"warning: missing documentation for a function\n   --> gameplay_sim/src/systems/world/layered_generation.rs:266:1\n    |\n266 | pub fn is_chunk_fully_generated(completed_layers: &HashSet<ContentLayer>) -> bool {\n    | ^^^^^^^^^^^^^^^^^^^^^^^^^^^^^^^^^^^^^^^^^^^^^^^^^^^^^^^^^^^^^^^^^^^^^^^^^^^^^^^^^\n\n","$message_type":"diagnostic","children":[],"code":{"code":"missing_docs","explanation":null},"level":"warning","message":"missing documentation for a function","spans":[{"byte_end":8124,"byte_start":8043,"column_end":82,"column_start":1,"expansion":null,"file_name":"gameplay_sim/src/systems/world/layered_generation.rs","is_primary":true,"label":null,"line_end":266,"line_start":266,"suggested_replacement":null,"suggestion_applicability":null,"text":[{"highlight_end":82,"highlight_start":1,"text":"pub fn is_chunk_fully_generated(completed_layers: &HashSet<ContentLayer>) -> bool {"}]}]}}
{"reason":"compiler-message","package_id":"path+file:///Users/bradyjeong/Documents/Projects/Amp/gta4/gta_game/gameplay_sim#0.1.0","manifest_path":"/Users/bradyjeong/Documents/Projects/Amp/gta4/gta_game/gameplay_sim/Cargo.toml","target":{"kind":["lib"],"crate_types":["lib"],"name":"gameplay_sim","src_path":"/Users/bradyjeong/Documents/Projects/Amp/gta4/gta_game/gameplay_sim/src/lib.rs","edition":"2021","doc":true,"doctest":true,"test":true},"message":{"rendered":"warning: missing documentation for a struct field\n  --> gameplay_sim/src/systems/movement/supercar_effects.rs:21:5\n   |\n21 |     pub max_flames: usize,\n   |     ^^^^^^^^^^^^^^^^^^^^^\n\n","$message_type":"diagnostic","children":[],"code":{"code":"missing_docs","explanation":null},"level":"warning","message":"missing documentation for a struct field","spans":[{"byte_end":915,"byte_start":894,"column_end":26,"column_start":5,"expansion":null,"file_name":"gameplay_sim/src/systems/movement/supercar_effects.rs","is_primary":true,"label":null,"line_end":21,"line_start":21,"suggested_replacement":null,"suggestion_applicability":null,"text":[{"highlight_end":26,"highlight_start":5,"text":"    pub max_flames: usize,"}]}]}}
{"reason":"compiler-message","package_id":"path+file:///Users/bradyjeong/Documents/Projects/Amp/gta4/gta_game/gameplay_sim#0.1.0","manifest_path":"/Users/bradyjeong/Documents/Projects/Amp/gta4/gta_game/gameplay_sim/Cargo.toml","target":{"kind":["lib"],"crate_types":["lib"],"name":"gameplay_sim","src_path":"/Users/bradyjeong/Documents/Projects/Amp/gta4/gta_game/gameplay_sim/src/lib.rs","edition":"2021","doc":true,"doctest":true,"test":true},"message":{"rendered":"warning: missing documentation for a struct\n  --> gameplay_sim/src/systems/world/unified_lod.rs:17:1\n   |\n17 | pub struct LODCoordinator {\n   | ^^^^^^^^^^^^^^^^^^^^^^^^^\n\n","$message_type":"diagnostic","children":[],"code":{"code":"missing_docs","explanation":null},"level":"warning","message":"missing documentation for a struct","spans":[{"byte_end":699,"byte_start":674,"column_end":26,"column_start":1,"expansion":null,"file_name":"gameplay_sim/src/systems/world/unified_lod.rs","is_primary":true,"label":null,"line_end":17,"line_start":17,"suggested_replacement":null,"suggestion_applicability":null,"text":[{"highlight_end":26,"highlight_start":1,"text":"pub struct LODCoordinator {"}]}]}}
{"reason":"compiler-message","package_id":"path+file:///Users/bradyjeong/Documents/Projects/Amp/gta4/gta_game/gameplay_sim#0.1.0","manifest_path":"/Users/bradyjeong/Documents/Projects/Amp/gta4/gta_game/gameplay_sim/Cargo.toml","target":{"kind":["lib"],"crate_types":["lib"],"name":"gameplay_sim","src_path":"/Users/bradyjeong/Documents/Projects/Amp/gta4/gta_game/gameplay_sim/src/lib.rs","edition":"2021","doc":true,"doctest":true,"test":true},"message":{"rendered":"warning: missing documentation for a struct field\n  --> gameplay_sim/src/systems/world/unified_lod.rs:18:5\n   |\n18 |     pub stats: LODPerformanceStats,\n   |     ^^^^^^^^^^^^^^^^^^^^^^^^^^^^^^\n\n","$message_type":"diagnostic","children":[],"code":{"code":"missing_docs","explanation":null},"level":"warning","message":"missing documentation for a struct field","spans":[{"byte_end":736,"byte_start":706,"column_end":35,"column_start":5,"expansion":null,"file_name":"gameplay_sim/src/systems/world/unified_lod.rs","is_primary":true,"label":null,"line_end":18,"line_start":18,"suggested_replacement":null,"suggestion_applicability":null,"text":[{"highlight_end":35,"highlight_start":5,"text":"    pub stats: LODPerformanceStats,"}]}]}}
{"reason":"compiler-message","package_id":"path+file:///Users/bradyjeong/Documents/Projects/Amp/gta4/gta_game/gameplay_sim#0.1.0","manifest_path":"/Users/bradyjeong/Documents/Projects/Amp/gta4/gta_game/gameplay_sim/Cargo.toml","target":{"kind":["lib"],"crate_types":["lib"],"name":"gameplay_sim","src_path":"/Users/bradyjeong/Documents/Projects/Amp/gta4/gta_game/gameplay_sim/src/lib.rs","edition":"2021","doc":true,"doctest":true,"test":true},"message":{"rendered":"warning: missing documentation for a struct field\n  --> gameplay_sim/src/systems/world/unified_lod.rs:19:5\n   |\n19 |     pub config: LODPluginConfig,\n   |     ^^^^^^^^^^^^^^^^^^^^^^^^^^^\n\n","$message_type":"diagnostic","children":[],"code":{"code":"missing_docs","explanation":null},"level":"warning","message":"missing documentation for a struct field","spans":[{"byte_end":769,"byte_start":742,"column_end":32,"column_start":5,"expansion":null,"file_name":"gameplay_sim/src/systems/world/unified_lod.rs","is_primary":true,"label":null,"line_end":19,"line_start":19,"suggested_replacement":null,"suggestion_applicability":null,"text":[{"highlight_end":32,"highlight_start":5,"text":"    pub config: LODPluginConfig,"}]}]}}
{"reason":"compiler-message","package_id":"path+file:///Users/bradyjeong/Documents/Projects/Amp/gta4/gta_game/gameplay_sim#0.1.0","manifest_path":"/Users/bradyjeong/Documents/Projects/Amp/gta4/gta_game/gameplay_sim/Cargo.toml","target":{"kind":["lib"],"crate_types":["lib"],"name":"gameplay_sim","src_path":"/Users/bradyjeong/Documents/Projects/Amp/gta4/gta_game/gameplay_sim/src/lib.rs","edition":"2021","doc":true,"doctest":true,"test":true},"message":{"rendered":"warning: missing documentation for a struct field\n  --> gameplay_sim/src/systems/world/unified_lod.rs:20:5\n   |\n20 |     pub frame_counter: FrameCounter,\n   |     ^^^^^^^^^^^^^^^^^^^^^^^^^^^^^^^\n\n","$message_type":"diagnostic","children":[],"code":{"code":"missing_docs","explanation":null},"level":"warning","message":"missing documentation for a struct field","spans":[{"byte_end":806,"byte_start":775,"column_end":36,"column_start":5,"expansion":null,"file_name":"gameplay_sim/src/systems/world/unified_lod.rs","is_primary":true,"label":null,"line_end":20,"line_start":20,"suggested_replacement":null,"suggestion_applicability":null,"text":[{"highlight_end":36,"highlight_start":5,"text":"    pub frame_counter: FrameCounter,"}]}]}}
{"reason":"compiler-message","package_id":"path+file:///Users/bradyjeong/Documents/Projects/Amp/gta4/gta_game/gameplay_sim#0.1.0","manifest_path":"/Users/bradyjeong/Documents/Projects/Amp/gta4/gta_game/gameplay_sim/Cargo.toml","target":{"kind":["lib"],"crate_types":["lib"],"name":"gameplay_sim","src_path":"/Users/bradyjeong/Documents/Projects/Amp/gta4/gta_game/gameplay_sim/src/lib.rs","edition":"2021","doc":true,"doctest":true,"test":true},"message":{"rendered":"warning: missing documentation for a struct field\n  --> gameplay_sim/src/systems/world/unified_lod.rs:21:5\n   |\n21 |     pub distance_cache: DistanceCache,\n   |     ^^^^^^^^^^^^^^^^^^^^^^^^^^^^^^^^^\n\n","$message_type":"diagnostic","children":[],"code":{"code":"missing_docs","explanation":null},"level":"warning","message":"missing documentation for a struct field","spans":[{"byte_end":845,"byte_start":812,"column_end":38,"column_start":5,"expansion":null,"file_name":"gameplay_sim/src/systems/world/unified_lod.rs","is_primary":true,"label":null,"line_end":21,"line_start":21,"suggested_replacement":null,"suggestion_applicability":null,"text":[{"highlight_end":38,"highlight_start":5,"text":"    pub distance_cache: DistanceCache,"}]}]}}
{"reason":"compiler-message","package_id":"path+file:///Users/bradyjeong/Documents/Projects/Amp/gta4/gta_game/gameplay_sim#0.1.0","manifest_path":"/Users/bradyjeong/Documents/Projects/Amp/gta4/gta_game/gameplay_sim/Cargo.toml","target":{"kind":["lib"],"crate_types":["lib"],"name":"gameplay_sim","src_path":"/Users/bradyjeong/Documents/Projects/Amp/gta4/gta_game/gameplay_sim/src/lib.rs","edition":"2021","doc":true,"doctest":true,"test":true},"message":{"rendered":"warning: missing documentation for a struct\n  --> gameplay_sim/src/systems/world/unified_lod.rs:25:1\n   |\n25 | pub struct LODPerformanceStats {\n   | ^^^^^^^^^^^^^^^^^^^^^^^^^^^^^^\n\n","$message_type":"diagnostic","children":[],"code":{"code":"missing_docs","explanation":null},"level":"warning","message":"missing documentation for a struct","spans":[{"byte_end":899,"byte_start":869,"column_end":31,"column_start":1,"expansion":null,"file_name":"gameplay_sim/src/systems/world/unified_lod.rs","is_primary":true,"label":null,"line_end":25,"line_start":25,"suggested_replacement":null,"suggestion_applicability":null,"text":[{"highlight_end":31,"highlight_start":1,"text":"pub struct LODPerformanceStats {"}]}]}}
{"reason":"compiler-message","package_id":"path+file:///Users/bradyjeong/Documents/Projects/Amp/gta4/gta_game/gameplay_sim#0.1.0","manifest_path":"/Users/bradyjeong/Documents/Projects/Amp/gta4/gta_game/gameplay_sim/Cargo.toml","target":{"kind":["lib"],"crate_types":["lib"],"name":"gameplay_sim","src_path":"/Users/bradyjeong/Documents/Projects/Amp/gta4/gta_game/gameplay_sim/src/lib.rs","edition":"2021","doc":true,"doctest":true,"test":true},"message":{"rendered":"warning: missing documentation for a struct field\n  --> gameplay_sim/src/systems/world/unified_lod.rs:26:5\n   |\n26 |     pub entities_processed: usize,\n   |     ^^^^^^^^^^^^^^^^^^^^^^^^^^^^^\n\n","$message_type":"diagnostic","children":[],"code":{"code":"missing_docs","explanation":null},"level":"warning","message":"missing documentation for a struct field","spans":[{"byte_end":935,"byte_start":906,"column_end":34,"column_start":5,"expansion":null,"file_name":"gameplay_sim/src/systems/world/unified_lod.rs","is_primary":true,"label":null,"line_end":26,"line_start":26,"suggested_replacement":null,"suggestion_applicability":null,"text":[{"highlight_end":34,"highlight_start":5,"text":"    pub entities_processed: usize,"}]}]}}
{"reason":"compiler-message","package_id":"path+file:///Users/bradyjeong/Documents/Projects/Amp/gta4/gta_game/gameplay_sim#0.1.0","manifest_path":"/Users/bradyjeong/Documents/Projects/Amp/gta4/gta_game/gameplay_sim/Cargo.toml","target":{"kind":["lib"],"crate_types":["lib"],"name":"gameplay_sim","src_path":"/Users/bradyjeong/Documents/Projects/Amp/gta4/gta_game/gameplay_sim/src/lib.rs","edition":"2021","doc":true,"doctest":true,"test":true},"message":{"rendered":"warning: missing documentation for a struct\n --> gameplay_sim/src/systems/parallel_physics.rs:6:1\n  |\n6 | pub struct ParallelPhysicsPlugin;\n  | ^^^^^^^^^^^^^^^^^^^^^^^^^^^^^^^^\n\n","$message_type":"diagnostic","children":[],"code":{"code":"missing_docs","explanation":null},"level":"warning","message":"missing documentation for a struct","spans":[{"byte_end":253,"byte_start":221,"column_end":33,"column_start":1,"expansion":null,"file_name":"gameplay_sim/src/systems/parallel_physics.rs","is_primary":true,"label":null,"line_end":6,"line_start":6,"suggested_replacement":null,"suggestion_applicability":null,"text":[{"highlight_end":33,"highlight_start":1,"text":"pub struct ParallelPhysicsPlugin;"}]}]}}
{"reason":"compiler-message","package_id":"path+file:///Users/bradyjeong/Documents/Projects/Amp/gta4/gta_game/gameplay_sim#0.1.0","manifest_path":"/Users/bradyjeong/Documents/Projects/Amp/gta4/gta_game/gameplay_sim/Cargo.toml","target":{"kind":["lib"],"crate_types":["lib"],"name":"gameplay_sim","src_path":"/Users/bradyjeong/Documents/Projects/Amp/gta4/gta_game/gameplay_sim/src/lib.rs","edition":"2021","doc":true,"doctest":true,"test":true},"message":{"rendered":"warning: missing documentation for a struct field\n  --> gameplay_sim/src/systems/world/unified_lod.rs:27:5\n   |\n27 |     pub entities_culled: usize,\n   |     ^^^^^^^^^^^^^^^^^^^^^^^^^^\n\n","$message_type":"diagnostic","children":[],"code":{"code":"missing_docs","explanation":null},"level":"warning","message":"missing documentation for a struct field","spans":[{"byte_end":967,"byte_start":941,"column_end":31,"column_start":5,"expansion":null,"file_name":"gameplay_sim/src/systems/world/unified_lod.rs","is_primary":true,"label":null,"line_end":27,"line_start":27,"suggested_replacement":null,"suggestion_applicability":null,"text":[{"highlight_end":31,"highlight_start":5,"text":"    pub entities_culled: usize,"}]}]}}
{"reason":"compiler-message","package_id":"path+file:///Users/bradyjeong/Documents/Projects/Amp/gta4/gta_game/gameplay_sim#0.1.0","manifest_path":"/Users/bradyjeong/Documents/Projects/Amp/gta4/gta_game/gameplay_sim/Cargo.toml","target":{"kind":["lib"],"crate_types":["lib"],"name":"gameplay_sim","src_path":"/Users/bradyjeong/Documents/Projects/Amp/gta4/gta_game/gameplay_sim/src/lib.rs","edition":"2021","doc":true,"doctest":true,"test":true},"message":{"rendered":"warning: missing documentation for a struct field\n  --> gameplay_sim/src/systems/world/unified_lod.rs:28:5\n   |\n28 |     pub frame_time_ms: f32,\n   |     ^^^^^^^^^^^^^^^^^^^^^^\n\n","$message_type":"diagnostic","children":[],"code":{"code":"missing_docs","explanation":null},"level":"warning","message":"missing documentation for a struct field","spans":[{"byte_end":995,"byte_start":973,"column_end":27,"column_start":5,"expansion":null,"file_name":"gameplay_sim/src/systems/world/unified_lod.rs","is_primary":true,"label":null,"line_end":28,"line_start":28,"suggested_replacement":null,"suggestion_applicability":null,"text":[{"highlight_end":27,"highlight_start":5,"text":"    pub frame_time_ms: f32,"}]}]}}
{"reason":"compiler-message","package_id":"path+file:///Users/bradyjeong/Documents/Projects/Amp/gta4/gta_game/gameplay_sim#0.1.0","manifest_path":"/Users/bradyjeong/Documents/Projects/Amp/gta4/gta_game/gameplay_sim/Cargo.toml","target":{"kind":["lib"],"crate_types":["lib"],"name":"gameplay_sim","src_path":"/Users/bradyjeong/Documents/Projects/Amp/gta4/gta_game/gameplay_sim/src/lib.rs","edition":"2021","doc":true,"doctest":true,"test":true},"message":{"rendered":"warning: missing documentation for a struct\n  --> gameplay_sim/src/systems/world/unified_lod.rs:32:1\n   |\n32 | pub struct LODPluginConfig {\n   | ^^^^^^^^^^^^^^^^^^^^^^^^^^\n\n","$message_type":"diagnostic","children":[],"code":{"code":"missing_docs","explanation":null},"level":"warning","message":"missing documentation for a struct","spans":[{"byte_end":1045,"byte_start":1019,"column_end":27,"column_start":1,"expansion":null,"file_name":"gameplay_sim/src/systems/world/unified_lod.rs","is_primary":true,"label":null,"line_end":32,"line_start":32,"suggested_replacement":null,"suggestion_applicability":null,"text":[{"highlight_end":27,"highlight_start":1,"text":"pub struct LODPluginConfig {"}]}]}}
{"reason":"compiler-message","package_id":"path+file:///Users/bradyjeong/Documents/Projects/Amp/gta4/gta_game/gameplay_sim#0.1.0","manifest_path":"/Users/bradyjeong/Documents/Projects/Amp/gta4/gta_game/gameplay_sim/Cargo.toml","target":{"kind":["lib"],"crate_types":["lib"],"name":"gameplay_sim","src_path":"/Users/bradyjeong/Documents/Projects/Amp/gta4/gta_game/gameplay_sim/src/lib.rs","edition":"2021","doc":true,"doctest":true,"test":true},"message":{"rendered":"warning: missing documentation for a struct field\n  --> gameplay_sim/src/systems/world/unified_lod.rs:33:5\n   |\n33 |     pub building_distance: f32,\n   |     ^^^^^^^^^^^^^^^^^^^^^^^^^^\n\n","$message_type":"diagnostic","children":[],"code":{"code":"missing_docs","explanation":null},"level":"warning","message":"missing documentation for a struct field","spans":[{"byte_end":1078,"byte_start":1052,"column_end":31,"column_start":5,"expansion":null,"file_name":"gameplay_sim/src/systems/world/unified_lod.rs","is_primary":true,"label":null,"line_end":33,"line_start":33,"suggested_replacement":null,"suggestion_applicability":null,"text":[{"highlight_end":31,"highlight_start":5,"text":"    pub building_distance: f32,"}]}]}}
{"reason":"compiler-message","package_id":"path+file:///Users/bradyjeong/Documents/Projects/Amp/gta4/gta_game/gameplay_sim#0.1.0","manifest_path":"/Users/bradyjeong/Documents/Projects/Amp/gta4/gta_game/gameplay_sim/Cargo.toml","target":{"kind":["lib"],"crate_types":["lib"],"name":"gameplay_sim","src_path":"/Users/bradyjeong/Documents/Projects/Amp/gta4/gta_game/gameplay_sim/src/lib.rs","edition":"2021","doc":true,"doctest":true,"test":true},"message":{"rendered":"warning: missing documentation for a struct field\n  --> gameplay_sim/src/systems/world/unified_lod.rs:34:5\n   |\n34 |     pub vehicle_distance: f32,\n   |     ^^^^^^^^^^^^^^^^^^^^^^^^^\n\n","$message_type":"diagnostic","children":[],"code":{"code":"missing_docs","explanation":null},"level":"warning","message":"missing documentation for a struct field","spans":[{"byte_end":1109,"byte_start":1084,"column_end":30,"column_start":5,"expansion":null,"file_name":"gameplay_sim/src/systems/world/unified_lod.rs","is_primary":true,"label":null,"line_end":34,"line_start":34,"suggested_replacement":null,"suggestion_applicability":null,"text":[{"highlight_end":30,"highlight_start":5,"text":"    pub vehicle_distance: f32,"}]}]}}
{"reason":"compiler-message","package_id":"path+file:///Users/bradyjeong/Documents/Projects/Amp/gta4/gta_game/gameplay_sim#0.1.0","manifest_path":"/Users/bradyjeong/Documents/Projects/Amp/gta4/gta_game/gameplay_sim/Cargo.toml","target":{"kind":["lib"],"crate_types":["lib"],"name":"gameplay_sim","src_path":"/Users/bradyjeong/Documents/Projects/Amp/gta4/gta_game/gameplay_sim/src/lib.rs","edition":"2021","doc":true,"doctest":true,"test":true},"message":{"rendered":"warning: missing documentation for a struct field\n  --> gameplay_sim/src/systems/world/unified_lod.rs:35:5\n   |\n35 |     pub npc_distance: f32,\n   |     ^^^^^^^^^^^^^^^^^^^^^\n\n","$message_type":"diagnostic","children":[],"code":{"code":"missing_docs","explanation":null},"level":"warning","message":"missing documentation for a struct field","spans":[{"byte_end":1136,"byte_start":1115,"column_end":26,"column_start":5,"expansion":null,"file_name":"gameplay_sim/src/systems/world/unified_lod.rs","is_primary":true,"label":null,"line_end":35,"line_start":35,"suggested_replacement":null,"suggestion_applicability":null,"text":[{"highlight_end":26,"highlight_start":5,"text":"    pub npc_distance: f32,"}]}]}}
{"reason":"compiler-message","package_id":"path+file:///Users/bradyjeong/Documents/Projects/Amp/gta4/gta_game/gameplay_sim#0.1.0","manifest_path":"/Users/bradyjeong/Documents/Projects/Amp/gta4/gta_game/gameplay_sim/Cargo.toml","target":{"kind":["lib"],"crate_types":["lib"],"name":"gameplay_sim","src_path":"/Users/bradyjeong/Documents/Projects/Amp/gta4/gta_game/gameplay_sim/src/lib.rs","edition":"2021","doc":true,"doctest":true,"test":true},"message":{"rendered":"warning: missing documentation for a struct field\n  --> gameplay_sim/src/systems/world/unified_lod.rs:36:5\n   |\n36 |     pub vegetation_distance: f32,\n   |     ^^^^^^^^^^^^^^^^^^^^^^^^^^^^\n\n","$message_type":"diagnostic","children":[],"code":{"code":"missing_docs","explanation":null},"level":"warning","message":"missing documentation for a struct field","spans":[{"byte_end":1170,"byte_start":1142,"column_end":33,"column_start":5,"expansion":null,"file_name":"gameplay_sim/src/systems/world/unified_lod.rs","is_primary":true,"label":null,"line_end":36,"line_start":36,"suggested_replacement":null,"suggestion_applicability":null,"text":[{"highlight_end":33,"highlight_start":5,"text":"    pub vegetation_distance: f32,"}]}]}}
{"reason":"compiler-message","package_id":"path+file:///Users/bradyjeong/Documents/Projects/Amp/gta4/gta_game/gameplay_sim#0.1.0","manifest_path":"/Users/bradyjeong/Documents/Projects/Amp/gta4/gta_game/gameplay_sim/Cargo.toml","target":{"kind":["lib"],"crate_types":["lib"],"name":"gameplay_sim","src_path":"/Users/bradyjeong/Documents/Projects/Amp/gta4/gta_game/gameplay_sim/src/lib.rs","edition":"2021","doc":true,"doctest":true,"test":true},"message":{"rendered":"warning: missing documentation for an associated function\n  --> gameplay_sim/src/systems/world/unified_lod.rs:40:5\n   |\n40 |     pub fn new() -> Self {\n   |     ^^^^^^^^^^^^^^^^^^^^\n\n","$message_type":"diagnostic","children":[],"code":{"code":"missing_docs","explanation":null},"level":"warning","message":"missing documentation for an associated function","spans":[{"byte_end":1222,"byte_start":1202,"column_end":25,"column_start":5,"expansion":null,"file_name":"gameplay_sim/src/systems/world/unified_lod.rs","is_primary":true,"label":null,"line_end":40,"line_start":40,"suggested_replacement":null,"suggestion_applicability":null,"text":[{"highlight_end":25,"highlight_start":5,"text":"    pub fn new() -> Self {"}]}]}}
{"reason":"compiler-message","package_id":"path+file:///Users/bradyjeong/Documents/Projects/Amp/gta4/gta_game/gameplay_sim#0.1.0","manifest_path":"/Users/bradyjeong/Documents/Projects/Amp/gta4/gta_game/gameplay_sim/Cargo.toml","target":{"kind":["lib"],"crate_types":["lib"],"name":"gameplay_sim","src_path":"/Users/bradyjeong/Documents/Projects/Amp/gta4/gta_game/gameplay_sim/src/lib.rs","edition":"2021","doc":true,"doctest":true,"test":true},"message":{"rendered":"warning: missing documentation for a struct\n  --> gameplay_sim/src/systems/world/unified_lod.rs:51:1\n   |\n51 | pub struct FrameCounter {\n   | ^^^^^^^^^^^^^^^^^^^^^^^\n\n","$message_type":"diagnostic","children":[],"code":{"code":"missing_docs","explanation":null},"level":"warning","message":"missing documentation for a struct","spans":[{"byte_end":1449,"byte_start":1426,"column_end":24,"column_start":1,"expansion":null,"file_name":"gameplay_sim/src/systems/world/unified_lod.rs","is_primary":true,"label":null,"line_end":51,"line_start":51,"suggested_replacement":null,"suggestion_applicability":null,"text":[{"highlight_end":24,"highlight_start":1,"text":"pub struct FrameCounter {"}]}]}}
{"reason":"compiler-message","package_id":"path+file:///Users/bradyjeong/Documents/Projects/Amp/gta4/gta_game/gameplay_sim#0.1.0","manifest_path":"/Users/bradyjeong/Documents/Projects/Amp/gta4/gta_game/gameplay_sim/Cargo.toml","target":{"kind":["lib"],"crate_types":["lib"],"name":"gameplay_sim","src_path":"/Users/bradyjeong/Documents/Projects/Amp/gta4/gta_game/gameplay_sim/src/lib.rs","edition":"2021","doc":true,"doctest":true,"test":true},"message":{"rendered":"warning: missing documentation for a struct field\n   --> gameplay_sim/src/systems/physics_utils.rs:229:5\n    |\n229 |     pub throttle: f32,\n    |     ^^^^^^^^^^^^^^^^^\n\n","$message_type":"diagnostic","children":[],"code":{"code":"missing_docs","explanation":null},"level":"warning","message":"missing documentation for a struct field","spans":[{"byte_end":9045,"byte_start":9028,"column_end":22,"column_start":5,"expansion":null,"file_name":"gameplay_sim/src/systems/physics_utils.rs","is_primary":true,"label":null,"line_end":229,"line_start":229,"suggested_replacement":null,"suggestion_applicability":null,"text":[{"highlight_end":22,"highlight_start":5,"text":"    pub throttle: f32,"}]}]}}
{"reason":"compiler-message","package_id":"path+file:///Users/bradyjeong/Documents/Projects/Amp/gta4/gta_game/gameplay_sim#0.1.0","manifest_path":"/Users/bradyjeong/Documents/Projects/Amp/gta4/gta_game/gameplay_sim/Cargo.toml","target":{"kind":["lib"],"crate_types":["lib"],"name":"gameplay_sim","src_path":"/Users/bradyjeong/Documents/Projects/Amp/gta4/gta_game/gameplay_sim/src/lib.rs","edition":"2021","doc":true,"doctest":true,"test":true},"message":{"rendered":"warning: missing documentation for a struct field\n  --> gameplay_sim/src/systems/world/unified_lod.rs:52:5\n   |\n52 |     pub frame: u64,\n   |     ^^^^^^^^^^^^^^\n\n","$message_type":"diagnostic","children":[],"code":{"code":"missing_docs","explanation":null},"level":"warning","message":"missing documentation for a struct field","spans":[{"byte_end":1470,"byte_start":1456,"column_end":19,"column_start":5,"expansion":null,"file_name":"gameplay_sim/src/systems/world/unified_lod.rs","is_primary":true,"label":null,"line_end":52,"line_start":52,"suggested_replacement":null,"suggestion_applicability":null,"text":[{"highlight_end":19,"highlight_start":5,"text":"    pub frame: u64,"}]}]}}
{"reason":"compiler-message","package_id":"path+file:///Users/bradyjeong/Documents/Projects/Amp/gta4/gta_game/gameplay_sim#0.1.0","manifest_path":"/Users/bradyjeong/Documents/Projects/Amp/gta4/gta_game/gameplay_sim/Cargo.toml","target":{"kind":["lib"],"crate_types":["lib"],"name":"gameplay_sim","src_path":"/Users/bradyjeong/Documents/Projects/Amp/gta4/gta_game/gameplay_sim/src/lib.rs","edition":"2021","doc":true,"doctest":true,"test":true},"message":{"rendered":"warning: missing documentation for a struct field\n   --> gameplay_sim/src/systems/physics_utils.rs:230:5\n    |\n230 |     pub brake: f32,\n    |     ^^^^^^^^^^^^^^\n\n","$message_type":"diagnostic","children":[],"code":{"code":"missing_docs","explanation":null},"level":"warning","message":"missing documentation for a struct field","spans":[{"byte_end":9065,"byte_start":9051,"column_end":19,"column_start":5,"expansion":null,"file_name":"gameplay_sim/src/systems/physics_utils.rs","is_primary":true,"label":null,"line_end":230,"line_start":230,"suggested_replacement":null,"suggestion_applicability":null,"text":[{"highlight_end":19,"highlight_start":5,"text":"    pub brake: f32,"}]}]}}
{"reason":"compiler-message","package_id":"path+file:///Users/bradyjeong/Documents/Projects/Amp/gta4/gta_game/gameplay_sim#0.1.0","manifest_path":"/Users/bradyjeong/Documents/Projects/Amp/gta4/gta_game/gameplay_sim/Cargo.toml","target":{"kind":["lib"],"crate_types":["lib"],"name":"gameplay_sim","src_path":"/Users/bradyjeong/Documents/Projects/Amp/gta4/gta_game/gameplay_sim/src/lib.rs","edition":"2021","doc":true,"doctest":true,"test":true},"message":{"rendered":"warning: missing documentation for a struct\n  --> gameplay_sim/src/systems/world/unified_lod.rs:56:1\n   |\n56 | pub struct DistanceCache {\n   | ^^^^^^^^^^^^^^^^^^^^^^^^\n\n","$message_type":"diagnostic","children":[],"code":{"code":"missing_docs","explanation":null},"level":"warning","message":"missing documentation for a struct","spans":[{"byte_end":1518,"byte_start":1494,"column_end":25,"column_start":1,"expansion":null,"file_name":"gameplay_sim/src/systems/world/unified_lod.rs","is_primary":true,"label":null,"line_end":56,"line_start":56,"suggested_replacement":null,"suggestion_applicability":null,"text":[{"highlight_end":25,"highlight_start":1,"text":"pub struct DistanceCache {"}]}]}}
{"reason":"compiler-message","package_id":"path+file:///Users/bradyjeong/Documents/Projects/Amp/gta4/gta_game/gameplay_sim#0.1.0","manifest_path":"/Users/bradyjeong/Documents/Projects/Amp/gta4/gta_game/gameplay_sim/Cargo.toml","target":{"kind":["lib"],"crate_types":["lib"],"name":"gameplay_sim","src_path":"/Users/bradyjeong/Documents/Projects/Amp/gta4/gta_game/gameplay_sim/src/lib.rs","edition":"2021","doc":true,"doctest":true,"test":true},"message":{"rendered":"warning: missing documentation for a struct field\n   --> gameplay_sim/src/systems/physics_utils.rs:231:5\n    |\n231 |     pub steering: f32,\n    |     ^^^^^^^^^^^^^^^^^\n\n","$message_type":"diagnostic","children":[],"code":{"code":"missing_docs","explanation":null},"level":"warning","message":"missing documentation for a struct field","spans":[{"byte_end":9088,"byte_start":9071,"column_end":22,"column_start":5,"expansion":null,"file_name":"gameplay_sim/src/systems/physics_utils.rs","is_primary":true,"label":null,"line_end":231,"line_start":231,"suggested_replacement":null,"suggestion_applicability":null,"text":[{"highlight_end":22,"highlight_start":5,"text":"    pub steering: f32,"}]}]}}
{"reason":"compiler-message","package_id":"path+file:///Users/bradyjeong/Documents/Projects/Amp/gta4/gta_game/gameplay_sim#0.1.0","manifest_path":"/Users/bradyjeong/Documents/Projects/Amp/gta4/gta_game/gameplay_sim/Cargo.toml","target":{"kind":["lib"],"crate_types":["lib"],"name":"gameplay_sim","src_path":"/Users/bradyjeong/Documents/Projects/Amp/gta4/gta_game/gameplay_sim/src/lib.rs","edition":"2021","doc":true,"doctest":true,"test":true},"message":{"rendered":"warning: missing documentation for a struct field\n  --> gameplay_sim/src/systems/world/unified_lod.rs:57:5\n   |\n57 |     pub cache: HashMap<Entity, (f32, u64)>, // distance, frame_calculated\n   |     ^^^^^^^^^^^^^^^^^^^^^^^^^^^^^^^^^^^^^^\n\n","$message_type":"diagnostic","children":[],"code":{"code":"missing_docs","explanation":null},"level":"warning","message":"missing documentation for a struct field","spans":[{"byte_end":1563,"byte_start":1525,"column_end":43,"column_start":5,"expansion":null,"file_name":"gameplay_sim/src/systems/world/unified_lod.rs","is_primary":true,"label":null,"line_end":57,"line_start":57,"suggested_replacement":null,"suggestion_applicability":null,"text":[{"highlight_end":43,"highlight_start":5,"text":"    pub cache: HashMap<Entity, (f32, u64)>, // distance, frame_calculated"}]}]}}
{"reason":"compiler-message","package_id":"path+file:///Users/bradyjeong/Documents/Projects/Amp/gta4/gta_game/gameplay_sim#0.1.0","manifest_path":"/Users/bradyjeong/Documents/Projects/Amp/gta4/gta_game/gameplay_sim/Cargo.toml","target":{"kind":["lib"],"crate_types":["lib"],"name":"gameplay_sim","src_path":"/Users/bradyjeong/Documents/Projects/Amp/gta4/gta_game/gameplay_sim/src/lib.rs","edition":"2021","doc":true,"doctest":true,"test":true},"message":{"rendered":"warning: missing documentation for a struct field\n   --> gameplay_sim/src/systems/physics_utils.rs:232:5\n    |\n232 |     pub pitch: f32,\n    |     ^^^^^^^^^^^^^^\n\n","$message_type":"diagnostic","children":[],"code":{"code":"missing_docs","explanation":null},"level":"warning","message":"missing documentation for a struct field","spans":[{"byte_end":9108,"byte_start":9094,"column_end":19,"column_start":5,"expansion":null,"file_name":"gameplay_sim/src/systems/physics_utils.rs","is_primary":true,"label":null,"line_end":232,"line_start":232,"suggested_replacement":null,"suggestion_applicability":null,"text":[{"highlight_end":19,"highlight_start":5,"text":"    pub pitch: f32,"}]}]}}
{"reason":"compiler-message","package_id":"path+file:///Users/bradyjeong/Documents/Projects/Amp/gta4/gta_game/gameplay_sim#0.1.0","manifest_path":"/Users/bradyjeong/Documents/Projects/Amp/gta4/gta_game/gameplay_sim/Cargo.toml","target":{"kind":["lib"],"crate_types":["lib"],"name":"gameplay_sim","src_path":"/Users/bradyjeong/Documents/Projects/Amp/gta4/gta_game/gameplay_sim/src/lib.rs","edition":"2021","doc":true,"doctest":true,"test":true},"message":{"rendered":"warning: missing documentation for a struct field\n  --> gameplay_sim/src/systems/world/unified_lod.rs:58:5\n   |\n58 |     pub max_entries: usize,\n   |     ^^^^^^^^^^^^^^^^^^^^^^\n\n","$message_type":"diagnostic","children":[],"code":{"code":"missing_docs","explanation":null},"level":"warning","message":"missing documentation for a struct field","spans":[{"byte_end":1621,"byte_start":1599,"column_end":27,"column_start":5,"expansion":null,"file_name":"gameplay_sim/src/systems/world/unified_lod.rs","is_primary":true,"label":null,"line_end":58,"line_start":58,"suggested_replacement":null,"suggestion_applicability":null,"text":[{"highlight_end":27,"highlight_start":5,"text":"    pub max_entries: usize,"}]}]}}
{"reason":"compiler-message","package_id":"path+file:///Users/bradyjeong/Documents/Projects/Amp/gta4/gta_game/gameplay_sim#0.1.0","manifest_path":"/Users/bradyjeong/Documents/Projects/Amp/gta4/gta_game/gameplay_sim/Cargo.toml","target":{"kind":["lib"],"crate_types":["lib"],"name":"gameplay_sim","src_path":"/Users/bradyjeong/Documents/Projects/Amp/gta4/gta_game/gameplay_sim/src/lib.rs","edition":"2021","doc":true,"doctest":true,"test":true},"message":{"rendered":"warning: missing documentation for a struct field\n   --> gameplay_sim/src/systems/physics_utils.rs:233:5\n    |\n233 |     pub roll: f32,\n    |     ^^^^^^^^^^^^^\n\n","$message_type":"diagnostic","children":[],"code":{"code":"missing_docs","explanation":null},"level":"warning","message":"missing documentation for a struct field","spans":[{"byte_end":9127,"byte_start":9114,"column_end":18,"column_start":5,"expansion":null,"file_name":"gameplay_sim/src/systems/physics_utils.rs","is_primary":true,"label":null,"line_end":233,"line_start":233,"suggested_replacement":null,"suggestion_applicability":null,"text":[{"highlight_end":18,"highlight_start":5,"text":"    pub roll: f32,"}]}]}}
{"reason":"compiler-message","package_id":"path+file:///Users/bradyjeong/Documents/Projects/Amp/gta4/gta_game/gameplay_sim#0.1.0","manifest_path":"/Users/bradyjeong/Documents/Projects/Amp/gta4/gta_game/gameplay_sim/Cargo.toml","target":{"kind":["lib"],"crate_types":["lib"],"name":"gameplay_sim","src_path":"/Users/bradyjeong/Documents/Projects/Amp/gta4/gta_game/gameplay_sim/src/lib.rs","edition":"2021","doc":true,"doctest":true,"test":true},"message":{"rendered":"warning: missing documentation for an associated function\n  --> gameplay_sim/src/systems/world/unified_lod.rs:62:5\n   |\n62 |     pub fn new() -> Self {\n   |     ^^^^^^^^^^^^^^^^^^^^\n\n","$message_type":"diagnostic","children":[],"code":{"code":"missing_docs","explanation":null},"level":"warning","message":"missing documentation for an associated function","spans":[{"byte_end":1671,"byte_start":1651,"column_end":25,"column_start":5,"expansion":null,"file_name":"gameplay_sim/src/systems/world/unified_lod.rs","is_primary":true,"label":null,"line_end":62,"line_start":62,"suggested_replacement":null,"suggestion_applicability":null,"text":[{"highlight_end":25,"highlight_start":5,"text":"    pub fn new() -> Self {"}]}]}}
{"reason":"compiler-message","package_id":"path+file:///Users/bradyjeong/Documents/Projects/Amp/gta4/gta_game/gameplay_sim#0.1.0","manifest_path":"/Users/bradyjeong/Documents/Projects/Amp/gta4/gta_game/gameplay_sim/Cargo.toml","target":{"kind":["lib"],"crate_types":["lib"],"name":"gameplay_sim","src_path":"/Users/bradyjeong/Documents/Projects/Amp/gta4/gta_game/gameplay_sim/src/lib.rs","edition":"2021","doc":true,"doctest":true,"test":true},"message":{"rendered":"warning: missing documentation for a struct field\n   --> gameplay_sim/src/systems/physics_utils.rs:234:5\n    |\n234 |     pub yaw: f32,\n    |     ^^^^^^^^^^^^\n\n","$message_type":"diagnostic","children":[],"code":{"code":"missing_docs","explanation":null},"level":"warning","message":"missing documentation for a struct field","spans":[{"byte_end":9145,"byte_start":9133,"column_end":17,"column_start":5,"expansion":null,"file_name":"gameplay_sim/src/systems/physics_utils.rs","is_primary":true,"label":null,"line_end":234,"line_start":234,"suggested_replacement":null,"suggestion_applicability":null,"text":[{"highlight_end":17,"highlight_start":5,"text":"    pub yaw: f32,"}]}]}}
{"reason":"compiler-message","package_id":"path+file:///Users/bradyjeong/Documents/Projects/Amp/gta4/gta_game/gameplay_sim#0.1.0","manifest_path":"/Users/bradyjeong/Documents/Projects/Amp/gta4/gta_game/gameplay_sim/Cargo.toml","target":{"kind":["lib"],"crate_types":["lib"],"name":"gameplay_sim","src_path":"/Users/bradyjeong/Documents/Projects/Amp/gta4/gta_game/gameplay_sim/src/lib.rs","edition":"2021","doc":true,"doctest":true,"test":true},"message":{"rendered":"warning: missing documentation for a method\n  --> gameplay_sim/src/systems/world/unified_lod.rs:69:5\n   |\n69 |     pub fn get_distance(&mut self, entity: Entity, current_frame: u64, entity_pos: Vec3, active_pos: Vec3) -> f32 {\n   |     ^^^^^^^^^^^^^^^^^^^^^^^^^^^^^^^^^^^^^^^^^^^^^^^^^^^^^^^^^^^^^^^^^^^^^^^^^^^^^^^^^^^^^^^^^^^^^^^^^^^^^^^^^^^^^\n\n","$message_type":"diagnostic","children":[],"code":{"code":"missing_docs","explanation":null},"level":"warning","message":"missing documentation for a method","spans":[{"byte_end":1889,"byte_start":1780,"column_end":114,"column_start":5,"expansion":null,"file_name":"gameplay_sim/src/systems/world/unified_lod.rs","is_primary":true,"label":null,"line_end":69,"line_start":69,"suggested_replacement":null,"suggestion_applicability":null,"text":[{"highlight_end":114,"highlight_start":5,"text":"    pub fn get_distance(&mut self, entity: Entity, current_frame: u64, entity_pos: Vec3, active_pos: Vec3) -> f32 {"}]}]}}
{"reason":"compiler-message","package_id":"path+file:///Users/bradyjeong/Documents/Projects/Amp/gta4/gta_game/gameplay_sim#0.1.0","manifest_path":"/Users/bradyjeong/Documents/Projects/Amp/gta4/gta_game/gameplay_sim/Cargo.toml","target":{"kind":["lib"],"crate_types":["lib"],"name":"gameplay_sim","src_path":"/Users/bradyjeong/Documents/Projects/Amp/gta4/gta_game/gameplay_sim/src/lib.rs","edition":"2021","doc":true,"doctest":true,"test":true},"message":{"rendered":"warning: missing documentation for a struct field\n   --> gameplay_sim/src/systems/physics_utils.rs:235:5\n    |\n235 |     pub thrust: f32,\n    |     ^^^^^^^^^^^^^^^\n\n","$message_type":"diagnostic","children":[],"code":{"code":"missing_docs","explanation":null},"level":"warning","message":"missing documentation for a struct field","spans":[{"byte_end":9166,"byte_start":9151,"column_end":20,"column_start":5,"expansion":null,"file_name":"gameplay_sim/src/systems/physics_utils.rs","is_primary":true,"label":null,"line_end":235,"line_start":235,"suggested_replacement":null,"suggestion_applicability":null,"text":[{"highlight_end":20,"highlight_start":5,"text":"    pub thrust: f32,"}]}]}}
{"reason":"compiler-message","package_id":"path+file:///Users/bradyjeong/Documents/Projects/Amp/gta4/gta_game/gameplay_sim#0.1.0","manifest_path":"/Users/bradyjeong/Documents/Projects/Amp/gta4/gta_game/gameplay_sim/Cargo.toml","target":{"kind":["lib"],"crate_types":["lib"],"name":"gameplay_sim","src_path":"/Users/bradyjeong/Documents/Projects/Amp/gta4/gta_game/gameplay_sim/src/lib.rs","edition":"2021","doc":true,"doctest":true,"test":true},"message":{"rendered":"warning: missing documentation for a struct field\n   --> gameplay_sim/src/systems/physics_utils.rs:236:5\n    |\n236 |     pub forward: f32,\n    |     ^^^^^^^^^^^^^^^^\n\n","$message_type":"diagnostic","children":[],"code":{"code":"missing_docs","explanation":null},"level":"warning","message":"missing documentation for a struct field","spans":[{"byte_end":9188,"byte_start":9172,"column_end":21,"column_start":5,"expansion":null,"file_name":"gameplay_sim/src/systems/physics_utils.rs","is_primary":true,"label":null,"line_end":236,"line_start":236,"suggested_replacement":null,"suggestion_applicability":null,"text":[{"highlight_end":21,"highlight_start":5,"text":"    pub forward: f32,"}]}]}}
{"reason":"compiler-message","package_id":"path+file:///Users/bradyjeong/Documents/Projects/Amp/gta4/gta_game/gameplay_sim#0.1.0","manifest_path":"/Users/bradyjeong/Documents/Projects/Amp/gta4/gta_game/gameplay_sim/Cargo.toml","target":{"kind":["lib"],"crate_types":["lib"],"name":"gameplay_sim","src_path":"/Users/bradyjeong/Documents/Projects/Amp/gta4/gta_game/gameplay_sim/src/lib.rs","edition":"2021","doc":true,"doctest":true,"test":true},"message":{"rendered":"warning: missing documentation for a function\n  --> gameplay_sim/src/systems/world/unified_lod.rs:88:1\n   |\n88 | / pub fn unified_lod_system(\n89 | |     mut commands: Commands,\n90 | |     active_query: Query<(Entity, &Transform), With<ActiveEntity>>,\n91 | |     mut cullable_query: Query<(Entity, &Transform, &mut Cullable)>,\n92 | |     mut lod_coordinator: ResMut<LODCoordinator>,\n93 | |     time: Res<Time>,\n94 | | ) {\n   | |_^\n\n","$message_type":"diagnostic","children":[],"code":{"code":"missing_docs","explanation":null},"level":"warning","message":"missing documentation for a function","spans":[{"byte_end":2662,"byte_start":2401,"column_end":2,"column_start":1,"expansion":null,"file_name":"gameplay_sim/src/systems/world/unified_lod.rs","is_primary":true,"label":null,"line_end":94,"line_start":88,"suggested_replacement":null,"suggestion_applicability":null,"text":[{"highlight_end":27,"highlight_start":1,"text":"pub fn unified_lod_system("},{"highlight_end":28,"highlight_start":1,"text":"    mut commands: Commands,"},{"highlight_end":67,"highlight_start":1,"text":"    active_query: Query<(Entity, &Transform), With<ActiveEntity>>,"},{"highlight_end":68,"highlight_start":1,"text":"    mut cullable_query: Query<(Entity, &Transform, &mut Cullable)>,"},{"highlight_end":49,"highlight_start":1,"text":"    mut lod_coordinator: ResMut<LODCoordinator>,"},{"highlight_end":21,"highlight_start":1,"text":"    time: Res<Time>,"},{"highlight_end":2,"highlight_start":1,"text":") {"}]}]}}
{"reason":"compiler-message","package_id":"path+file:///Users/bradyjeong/Documents/Projects/Amp/gta4/gta_game/gameplay_sim#0.1.0","manifest_path":"/Users/bradyjeong/Documents/Projects/Amp/gta4/gta_game/gameplay_sim/Cargo.toml","target":{"kind":["lib"],"crate_types":["lib"],"name":"gameplay_sim","src_path":"/Users/bradyjeong/Documents/Projects/Amp/gta4/gta_game/gameplay_sim/src/lib.rs","edition":"2021","doc":true,"doctest":true,"test":true},"message":{"rendered":"warning: missing documentation for a struct field\n   --> gameplay_sim/src/systems/physics_utils.rs:237:5\n    |\n237 |     pub backward: f32,\n    |     ^^^^^^^^^^^^^^^^^\n\n","$message_type":"diagnostic","children":[],"code":{"code":"missing_docs","explanation":null},"level":"warning","message":"missing documentation for a struct field","spans":[{"byte_end":9211,"byte_start":9194,"column_end":22,"column_start":5,"expansion":null,"file_name":"gameplay_sim/src/systems/physics_utils.rs","is_primary":true,"label":null,"line_end":237,"line_start":237,"suggested_replacement":null,"suggestion_applicability":null,"text":[{"highlight_end":22,"highlight_start":5,"text":"    pub backward: f32,"}]}]}}
{"reason":"compiler-message","package_id":"path+file:///Users/bradyjeong/Documents/Projects/Amp/gta4/gta_game/gameplay_sim#0.1.0","manifest_path":"/Users/bradyjeong/Documents/Projects/Amp/gta4/gta_game/gameplay_sim/Cargo.toml","target":{"kind":["lib"],"crate_types":["lib"],"name":"gameplay_sim","src_path":"/Users/bradyjeong/Documents/Projects/Amp/gta4/gta_game/gameplay_sim/src/lib.rs","edition":"2021","doc":true,"doctest":true,"test":true},"message":{"rendered":"warning: missing documentation for a function\n   --> gameplay_sim/src/systems/world/unified_lod.rs:139:1\n    |\n139 | / pub fn visibility_update_system(\n140 | |     mut visibility_query: Query<(&mut Visibility, &Cullable)>,\n141 | | ) {\n    | |_^\n\n","$message_type":"diagnostic","children":[],"code":{"code":"missing_docs","explanation":null},"level":"warning","message":"missing documentation for a function","spans":[{"byte_end":4306,"byte_start":4209,"column_end":2,"column_start":1,"expansion":null,"file_name":"gameplay_sim/src/systems/world/unified_lod.rs","is_primary":true,"label":null,"line_end":141,"line_start":139,"suggested_replacement":null,"suggestion_applicability":null,"text":[{"highlight_end":33,"highlight_start":1,"text":"pub fn visibility_update_system("},{"highlight_end":63,"highlight_start":1,"text":"    mut visibility_query: Query<(&mut Visibility, &Cullable)>,"},{"highlight_end":2,"highlight_start":1,"text":") {"}]}]}}
{"reason":"compiler-message","package_id":"path+file:///Users/bradyjeong/Documents/Projects/Amp/gta4/gta_game/gameplay_sim#0.1.0","manifest_path":"/Users/bradyjeong/Documents/Projects/Amp/gta4/gta_game/gameplay_sim/Cargo.toml","target":{"kind":["lib"],"crate_types":["lib"],"name":"gameplay_sim","src_path":"/Users/bradyjeong/Documents/Projects/Amp/gta4/gta_game/gameplay_sim/src/lib.rs","edition":"2021","doc":true,"doctest":true,"test":true},"message":{"rendered":"warning: missing documentation for a struct field\n   --> gameplay_sim/src/systems/physics_utils.rs:238:5\n    |\n238 |     pub left: f32,\n    |     ^^^^^^^^^^^^^\n\n","$message_type":"diagnostic","children":[],"code":{"code":"missing_docs","explanation":null},"level":"warning","message":"missing documentation for a struct field","spans":[{"byte_end":9230,"byte_start":9217,"column_end":18,"column_start":5,"expansion":null,"file_name":"gameplay_sim/src/systems/physics_utils.rs","is_primary":true,"label":null,"line_end":238,"line_start":238,"suggested_replacement":null,"suggestion_applicability":null,"text":[{"highlight_end":18,"highlight_start":5,"text":"    pub left: f32,"}]}]}}
{"reason":"compiler-message","package_id":"path+file:///Users/bradyjeong/Documents/Projects/Amp/gta4/gta_game/gameplay_sim#0.1.0","manifest_path":"/Users/bradyjeong/Documents/Projects/Amp/gta4/gta_game/gameplay_sim/Cargo.toml","target":{"kind":["lib"],"crate_types":["lib"],"name":"gameplay_sim","src_path":"/Users/bradyjeong/Documents/Projects/Amp/gta4/gta_game/gameplay_sim/src/lib.rs","edition":"2021","doc":true,"doctest":true,"test":true},"message":{"rendered":"warning: missing documentation for a function\n   --> gameplay_sim/src/systems/world/unified_lod.rs:151:1\n    |\n151 | / pub fn lod_stats_system(\n152 | |     lod_coordinator: Res<LODCoordinator>,\n153 | |     time: Res<Time>,\n154 | | ) {\n    | |_^\n\n","$message_type":"diagnostic","children":[],"code":{"code":"missing_docs","explanation":null},"level":"warning","message":"missing documentation for a function","spans":[{"byte_end":4627,"byte_start":4538,"column_end":2,"column_start":1,"expansion":null,"file_name":"gameplay_sim/src/systems/world/unified_lod.rs","is_primary":true,"label":null,"line_end":154,"line_start":151,"suggested_replacement":null,"suggestion_applicability":null,"text":[{"highlight_end":25,"highlight_start":1,"text":"pub fn lod_stats_system("},{"highlight_end":42,"highlight_start":1,"text":"    lod_coordinator: Res<LODCoordinator>,"},{"highlight_end":21,"highlight_start":1,"text":"    time: Res<Time>,"},{"highlight_end":2,"highlight_start":1,"text":") {"}]}]}}
{"reason":"compiler-message","package_id":"path+file:///Users/bradyjeong/Documents/Projects/Amp/gta4/gta_game/gameplay_sim#0.1.0","manifest_path":"/Users/bradyjeong/Documents/Projects/Amp/gta4/gta_game/gameplay_sim/Cargo.toml","target":{"kind":["lib"],"crate_types":["lib"],"name":"gameplay_sim","src_path":"/Users/bradyjeong/Documents/Projects/Amp/gta4/gta_game/gameplay_sim/src/lib.rs","edition":"2021","doc":true,"doctest":true,"test":true},"message":{"rendered":"warning: missing documentation for a struct field\n   --> gameplay_sim/src/systems/physics_utils.rs:239:5\n    |\n239 |     pub right: f32,\n    |     ^^^^^^^^^^^^^^\n\n","$message_type":"diagnostic","children":[],"code":{"code":"missing_docs","explanation":null},"level":"warning","message":"missing documentation for a struct field","spans":[{"byte_end":9250,"byte_start":9236,"column_end":19,"column_start":5,"expansion":null,"file_name":"gameplay_sim/src/systems/physics_utils.rs","is_primary":true,"label":null,"line_end":239,"line_start":239,"suggested_replacement":null,"suggestion_applicability":null,"text":[{"highlight_end":19,"highlight_start":5,"text":"    pub right: f32,"}]}]}}
{"reason":"compiler-message","package_id":"path+file:///Users/bradyjeong/Documents/Projects/Amp/gta4/gta_game/gameplay_sim#0.1.0","manifest_path":"/Users/bradyjeong/Documents/Projects/Amp/gta4/gta_game/gameplay_sim/Cargo.toml","target":{"kind":["lib"],"crate_types":["lib"],"name":"gameplay_sim","src_path":"/Users/bradyjeong/Documents/Projects/Amp/gta4/gta_game/gameplay_sim/src/lib.rs","edition":"2021","doc":true,"doctest":true,"test":true},"message":{"rendered":"warning: missing documentation for a struct field\n   --> gameplay_sim/src/systems/physics_utils.rs:240:5\n    |\n240 |     pub jump: f32,\n    |     ^^^^^^^^^^^^^\n\n","$message_type":"diagnostic","children":[],"code":{"code":"missing_docs","explanation":null},"level":"warning","message":"missing documentation for a struct field","spans":[{"byte_end":9269,"byte_start":9256,"column_end":18,"column_start":5,"expansion":null,"file_name":"gameplay_sim/src/systems/physics_utils.rs","is_primary":true,"label":null,"line_end":240,"line_start":240,"suggested_replacement":null,"suggestion_applicability":null,"text":[{"highlight_end":18,"highlight_start":5,"text":"    pub jump: f32,"}]}]}}
{"reason":"compiler-message","package_id":"path+file:///Users/bradyjeong/Documents/Projects/Amp/gta4/gta_game/gameplay_sim#0.1.0","manifest_path":"/Users/bradyjeong/Documents/Projects/Amp/gta4/gta_game/gameplay_sim/Cargo.toml","target":{"kind":["lib"],"crate_types":["lib"],"name":"gameplay_sim","src_path":"/Users/bradyjeong/Documents/Projects/Amp/gta4/gta_game/gameplay_sim/src/lib.rs","edition":"2021","doc":true,"doctest":true,"test":true},"message":{"rendered":"warning: missing documentation for a struct\n   --> gameplay_sim/src/systems/world/unified_lod.rs:168:1\n    |\n168 | pub struct LODEntity {\n    | ^^^^^^^^^^^^^^^^^^^^\n\n","$message_type":"diagnostic","children":[],"code":{"code":"missing_docs","explanation":null},"level":"warning","message":"missing documentation for a struct","spans":[{"byte_end":5057,"byte_start":5037,"column_end":21,"column_start":1,"expansion":null,"file_name":"gameplay_sim/src/systems/world/unified_lod.rs","is_primary":true,"label":null,"line_end":168,"line_start":168,"suggested_replacement":null,"suggestion_applicability":null,"text":[{"highlight_end":21,"highlight_start":1,"text":"pub struct LODEntity {"}]}]}}
{"reason":"compiler-message","package_id":"path+file:///Users/bradyjeong/Documents/Projects/Amp/gta4/gta_game/gameplay_sim#0.1.0","manifest_path":"/Users/bradyjeong/Documents/Projects/Amp/gta4/gta_game/gameplay_sim/Cargo.toml","target":{"kind":["lib"],"crate_types":["lib"],"name":"gameplay_sim","src_path":"/Users/bradyjeong/Documents/Projects/Amp/gta4/gta_game/gameplay_sim/src/lib.rs","edition":"2021","doc":true,"doctest":true,"test":true},"message":{"rendered":"warning: missing documentation for a struct field\n   --> gameplay_sim/src/systems/world/unified_lod.rs:169:5\n    |\n169 |     pub entity_type: EntityType,\n    |     ^^^^^^^^^^^^^^^^^^^^^^^^^^^\n\n","$message_type":"diagnostic","children":[],"code":{"code":"missing_docs","explanation":null},"level":"warning","message":"missing documentation for a struct field","spans":[{"byte_end":5091,"byte_start":5064,"column_end":32,"column_start":5,"expansion":null,"file_name":"gameplay_sim/src/systems/world/unified_lod.rs","is_primary":true,"label":null,"line_end":169,"line_start":169,"suggested_replacement":null,"suggestion_applicability":null,"text":[{"highlight_end":32,"highlight_start":5,"text":"    pub entity_type: EntityType,"}]}]}}
{"reason":"compiler-message","package_id":"path+file:///Users/bradyjeong/Documents/Projects/Amp/gta4/gta_game/gameplay_sim#0.1.0","manifest_path":"/Users/bradyjeong/Documents/Projects/Amp/gta4/gta_game/gameplay_sim/Cargo.toml","target":{"kind":["lib"],"crate_types":["lib"],"name":"gameplay_sim","src_path":"/Users/bradyjeong/Documents/Projects/Amp/gta4/gta_game/gameplay_sim/src/lib.rs","edition":"2021","doc":true,"doctest":true,"test":true},"message":{"rendered":"warning: missing documentation for a struct field\n   --> gameplay_sim/src/systems/world/unified_lod.rs:170:5\n    |\n170 |     pub base_distance: f32,\n    |     ^^^^^^^^^^^^^^^^^^^^^^\n\n","$message_type":"diagnostic","children":[],"code":{"code":"missing_docs","explanation":null},"level":"warning","message":"missing documentation for a struct field","spans":[{"byte_end":5119,"byte_start":5097,"column_end":27,"column_start":5,"expansion":null,"file_name":"gameplay_sim/src/systems/world/unified_lod.rs","is_primary":true,"label":null,"line_end":170,"line_start":170,"suggested_replacement":null,"suggestion_applicability":null,"text":[{"highlight_end":27,"highlight_start":5,"text":"    pub base_distance: f32,"}]}]}}
{"reason":"compiler-message","package_id":"path+file:///Users/bradyjeong/Documents/Projects/Amp/gta4/gta_game/gameplay_sim#0.1.0","manifest_path":"/Users/bradyjeong/Documents/Projects/Amp/gta4/gta_game/gameplay_sim/Cargo.toml","target":{"kind":["lib"],"crate_types":["lib"],"name":"gameplay_sim","src_path":"/Users/bradyjeong/Documents/Projects/Amp/gta4/gta_game/gameplay_sim/src/lib.rs","edition":"2021","doc":true,"doctest":true,"test":true},"message":{"rendered":"warning: missing documentation for a struct field\n   --> gameplay_sim/src/systems/world/unified_lod.rs:171:5\n    |\n171 |     pub current_lod: usize,\n    |     ^^^^^^^^^^^^^^^^^^^^^^\n\n","$message_type":"diagnostic","children":[],"code":{"code":"missing_docs","explanation":null},"level":"warning","message":"missing documentation for a struct field","spans":[{"byte_end":5147,"byte_start":5125,"column_end":27,"column_start":5,"expansion":null,"file_name":"gameplay_sim/src/systems/world/unified_lod.rs","is_primary":true,"label":null,"line_end":171,"line_start":171,"suggested_replacement":null,"suggestion_applicability":null,"text":[{"highlight_end":27,"highlight_start":5,"text":"    pub current_lod: usize,"}]}]}}
{"reason":"compiler-message","package_id":"path+file:///Users/bradyjeong/Documents/Projects/Amp/gta4/gta_game/gameplay_sim#0.1.0","manifest_path":"/Users/bradyjeong/Documents/Projects/Amp/gta4/gta_game/gameplay_sim/Cargo.toml","target":{"kind":["lib"],"crate_types":["lib"],"name":"gameplay_sim","src_path":"/Users/bradyjeong/Documents/Projects/Amp/gta4/gta_game/gameplay_sim/src/lib.rs","edition":"2021","doc":true,"doctest":true,"test":true},"message":{"rendered":"warning: missing documentation for an enum\n   --> gameplay_sim/src/systems/world/unified_lod.rs:175:1\n    |\n175 | pub enum EntityType {\n    | ^^^^^^^^^^^^^^^^^^^\n\n","$message_type":"diagnostic","children":[],"code":{"code":"missing_docs","explanation":null},"level":"warning","message":"missing documentation for an enum","spans":[{"byte_end":5209,"byte_start":5190,"column_end":20,"column_start":1,"expansion":null,"file_name":"gameplay_sim/src/systems/world/unified_lod.rs","is_primary":true,"label":null,"line_end":175,"line_start":175,"suggested_replacement":null,"suggestion_applicability":null,"text":[{"highlight_end":20,"highlight_start":1,"text":"pub enum EntityType {"}]}]}}
{"reason":"compiler-message","package_id":"path+file:///Users/bradyjeong/Documents/Projects/Amp/gta4/gta_game/gameplay_sim#0.1.0","manifest_path":"/Users/bradyjeong/Documents/Projects/Amp/gta4/gta_game/gameplay_sim/Cargo.toml","target":{"kind":["lib"],"crate_types":["lib"],"name":"gameplay_sim","src_path":"/Users/bradyjeong/Documents/Projects/Amp/gta4/gta_game/gameplay_sim/src/lib.rs","edition":"2021","doc":true,"doctest":true,"test":true},"message":{"rendered":"warning: missing documentation for a variant\n   --> gameplay_sim/src/systems/world/unified_lod.rs:176:5\n    |\n176 |     Building,\n    |     ^^^^^^^^\n\n","$message_type":"diagnostic","children":[],"code":{"code":"missing_docs","explanation":null},"level":"warning","message":"missing documentation for a variant","spans":[{"byte_end":5224,"byte_start":5216,"column_end":13,"column_start":5,"expansion":null,"file_name":"gameplay_sim/src/systems/world/unified_lod.rs","is_primary":true,"label":null,"line_end":176,"line_start":176,"suggested_replacement":null,"suggestion_applicability":null,"text":[{"highlight_end":13,"highlight_start":5,"text":"    Building,"}]}]}}
{"reason":"compiler-message","package_id":"path+file:///Users/bradyjeong/Documents/Projects/Amp/gta4/gta_game/gameplay_sim#0.1.0","manifest_path":"/Users/bradyjeong/Documents/Projects/Amp/gta4/gta_game/gameplay_sim/Cargo.toml","target":{"kind":["lib"],"crate_types":["lib"],"name":"gameplay_sim","src_path":"/Users/bradyjeong/Documents/Projects/Amp/gta4/gta_game/gameplay_sim/src/lib.rs","edition":"2021","doc":true,"doctest":true,"test":true},"message":{"rendered":"warning: missing documentation for an enum\n --> gameplay_sim/src/systems/spawn_validation.rs:7:1\n  |\n7 | pub enum SpawnableType {\n  | ^^^^^^^^^^^^^^^^^^^^^^\n\n","$message_type":"diagnostic","children":[],"code":{"code":"missing_docs","explanation":null},"level":"warning","message":"missing documentation for an enum","spans":[{"byte_end":249,"byte_start":227,"column_end":23,"column_start":1,"expansion":null,"file_name":"gameplay_sim/src/systems/spawn_validation.rs","is_primary":true,"label":null,"line_end":7,"line_start":7,"suggested_replacement":null,"suggestion_applicability":null,"text":[{"highlight_end":23,"highlight_start":1,"text":"pub enum SpawnableType {"}]}]}}
{"reason":"compiler-message","package_id":"path+file:///Users/bradyjeong/Documents/Projects/Amp/gta4/gta_game/gameplay_sim#0.1.0","manifest_path":"/Users/bradyjeong/Documents/Projects/Amp/gta4/gta_game/gameplay_sim/Cargo.toml","target":{"kind":["lib"],"crate_types":["lib"],"name":"gameplay_sim","src_path":"/Users/bradyjeong/Documents/Projects/Amp/gta4/gta_game/gameplay_sim/src/lib.rs","edition":"2021","doc":true,"doctest":true,"test":true},"message":{"rendered":"warning: missing documentation for a variant\n   --> gameplay_sim/src/systems/world/unified_lod.rs:177:5\n    |\n177 |     Vehicle,\n    |     ^^^^^^^\n\n","$message_type":"diagnostic","children":[],"code":{"code":"missing_docs","explanation":null},"level":"warning","message":"missing documentation for a variant","spans":[{"byte_end":5237,"byte_start":5230,"column_end":12,"column_start":5,"expansion":null,"file_name":"gameplay_sim/src/systems/world/unified_lod.rs","is_primary":true,"label":null,"line_end":177,"line_start":177,"suggested_replacement":null,"suggestion_applicability":null,"text":[{"highlight_end":12,"highlight_start":5,"text":"    Vehicle,"}]}]}}
{"reason":"compiler-message","package_id":"path+file:///Users/bradyjeong/Documents/Projects/Amp/gta4/gta_game/gameplay_sim#0.1.0","manifest_path":"/Users/bradyjeong/Documents/Projects/Amp/gta4/gta_game/gameplay_sim/Cargo.toml","target":{"kind":["lib"],"crate_types":["lib"],"name":"gameplay_sim","src_path":"/Users/bradyjeong/Documents/Projects/Amp/gta4/gta_game/gameplay_sim/src/lib.rs","edition":"2021","doc":true,"doctest":true,"test":true},"message":{"rendered":"warning: missing documentation for a variant\n --> gameplay_sim/src/systems/spawn_validation.rs:8:5\n  |\n8 |     Vehicle,\n  |     ^^^^^^^\n\n","$message_type":"diagnostic","children":[],"code":{"code":"missing_docs","explanation":null},"level":"warning","message":"missing documentation for a variant","spans":[{"byte_end":263,"byte_start":256,"column_end":12,"column_start":5,"expansion":null,"file_name":"gameplay_sim/src/systems/spawn_validation.rs","is_primary":true,"label":null,"line_end":8,"line_start":8,"suggested_replacement":null,"suggestion_applicability":null,"text":[{"highlight_end":12,"highlight_start":5,"text":"    Vehicle,"}]}]}}
{"reason":"compiler-message","package_id":"path+file:///Users/bradyjeong/Documents/Projects/Amp/gta4/gta_game/gameplay_sim#0.1.0","manifest_path":"/Users/bradyjeong/Documents/Projects/Amp/gta4/gta_game/gameplay_sim/Cargo.toml","target":{"kind":["lib"],"crate_types":["lib"],"name":"gameplay_sim","src_path":"/Users/bradyjeong/Documents/Projects/Amp/gta4/gta_game/gameplay_sim/src/lib.rs","edition":"2021","doc":true,"doctest":true,"test":true},"message":{"rendered":"warning: missing documentation for a variant\n   --> gameplay_sim/src/systems/world/unified_lod.rs:178:5\n    |\n178 |     NPC,\n    |     ^^^\n\n","$message_type":"diagnostic","children":[],"code":{"code":"missing_docs","explanation":null},"level":"warning","message":"missing documentation for a variant","spans":[{"byte_end":5246,"byte_start":5243,"column_end":8,"column_start":5,"expansion":null,"file_name":"gameplay_sim/src/systems/world/unified_lod.rs","is_primary":true,"label":null,"line_end":178,"line_start":178,"suggested_replacement":null,"suggestion_applicability":null,"text":[{"highlight_end":8,"highlight_start":5,"text":"    NPC,"}]}]}}
{"reason":"compiler-message","package_id":"path+file:///Users/bradyjeong/Documents/Projects/Amp/gta4/gta_game/gameplay_sim#0.1.0","manifest_path":"/Users/bradyjeong/Documents/Projects/Amp/gta4/gta_game/gameplay_sim/Cargo.toml","target":{"kind":["lib"],"crate_types":["lib"],"name":"gameplay_sim","src_path":"/Users/bradyjeong/Documents/Projects/Amp/gta4/gta_game/gameplay_sim/src/lib.rs","edition":"2021","doc":true,"doctest":true,"test":true},"message":{"rendered":"warning: missing documentation for a variant\n --> gameplay_sim/src/systems/spawn_validation.rs:9:5\n  |\n9 |     Aircraft,\n  |     ^^^^^^^^\n\n","$message_type":"diagnostic","children":[],"code":{"code":"missing_docs","explanation":null},"level":"warning","message":"missing documentation for a variant","spans":[{"byte_end":277,"byte_start":269,"column_end":13,"column_start":5,"expansion":null,"file_name":"gameplay_sim/src/systems/spawn_validation.rs","is_primary":true,"label":null,"line_end":9,"line_start":9,"suggested_replacement":null,"suggestion_applicability":null,"text":[{"highlight_end":13,"highlight_start":5,"text":"    Aircraft,"}]}]}}
{"reason":"compiler-message","package_id":"path+file:///Users/bradyjeong/Documents/Projects/Amp/gta4/gta_game/gameplay_sim#0.1.0","manifest_path":"/Users/bradyjeong/Documents/Projects/Amp/gta4/gta_game/gameplay_sim/Cargo.toml","target":{"kind":["lib"],"crate_types":["lib"],"name":"gameplay_sim","src_path":"/Users/bradyjeong/Documents/Projects/Amp/gta4/gta_game/gameplay_sim/src/lib.rs","edition":"2021","doc":true,"doctest":true,"test":true},"message":{"rendered":"warning: missing documentation for a variant\n   --> gameplay_sim/src/systems/world/unified_lod.rs:179:5\n    |\n179 |     Vegetation,\n    |     ^^^^^^^^^^\n\n","$message_type":"diagnostic","children":[],"code":{"code":"missing_docs","explanation":null},"level":"warning","message":"missing documentation for a variant","spans":[{"byte_end":5262,"byte_start":5252,"column_end":15,"column_start":5,"expansion":null,"file_name":"gameplay_sim/src/systems/world/unified_lod.rs","is_primary":true,"label":null,"line_end":179,"line_start":179,"suggested_replacement":null,"suggestion_applicability":null,"text":[{"highlight_end":15,"highlight_start":5,"text":"    Vegetation,"}]}]}}
{"reason":"compiler-message","package_id":"path+file:///Users/bradyjeong/Documents/Projects/Amp/gta4/gta_game/gameplay_sim#0.1.0","manifest_path":"/Users/bradyjeong/Documents/Projects/Amp/gta4/gta_game/gameplay_sim/Cargo.toml","target":{"kind":["lib"],"crate_types":["lib"],"name":"gameplay_sim","src_path":"/Users/bradyjeong/Documents/Projects/Amp/gta4/gta_game/gameplay_sim/src/lib.rs","edition":"2021","doc":true,"doctest":true,"test":true},"message":{"rendered":"warning: missing documentation for a variant\n  --> gameplay_sim/src/systems/spawn_validation.rs:10:5\n   |\n10 |     NPC,\n   |     ^^^\n\n","$message_type":"diagnostic","children":[],"code":{"code":"missing_docs","explanation":null},"level":"warning","message":"missing documentation for a variant","spans":[{"byte_end":286,"byte_start":283,"column_end":8,"column_start":5,"expansion":null,"file_name":"gameplay_sim/src/systems/spawn_validation.rs","is_primary":true,"label":null,"line_end":10,"line_start":10,"suggested_replacement":null,"suggestion_applicability":null,"text":[{"highlight_end":8,"highlight_start":5,"text":"    NPC,"}]}]}}
{"reason":"compiler-message","package_id":"path+file:///Users/bradyjeong/Documents/Projects/Amp/gta4/gta_game/gameplay_sim#0.1.0","manifest_path":"/Users/bradyjeong/Documents/Projects/Amp/gta4/gta_game/gameplay_sim/Cargo.toml","target":{"kind":["lib"],"crate_types":["lib"],"name":"gameplay_sim","src_path":"/Users/bradyjeong/Documents/Projects/Amp/gta4/gta_game/gameplay_sim/src/lib.rs","edition":"2021","doc":true,"doctest":true,"test":true},"message":{"rendered":"warning: missing documentation for a variant\n  --> gameplay_sim/src/systems/spawn_validation.rs:11:5\n   |\n11 |     Building,\n   |     ^^^^^^^^\n\n","$message_type":"diagnostic","children":[],"code":{"code":"missing_docs","explanation":null},"level":"warning","message":"missing documentation for a variant","spans":[{"byte_end":300,"byte_start":292,"column_end":13,"column_start":5,"expansion":null,"file_name":"gameplay_sim/src/systems/spawn_validation.rs","is_primary":true,"label":null,"line_end":11,"line_start":11,"suggested_replacement":null,"suggestion_applicability":null,"text":[{"highlight_end":13,"highlight_start":5,"text":"    Building,"}]}]}}
{"reason":"compiler-message","package_id":"path+file:///Users/bradyjeong/Documents/Projects/Amp/gta4/gta_game/gameplay_sim#0.1.0","manifest_path":"/Users/bradyjeong/Documents/Projects/Amp/gta4/gta_game/gameplay_sim/Cargo.toml","target":{"kind":["lib"],"crate_types":["lib"],"name":"gameplay_sim","src_path":"/Users/bradyjeong/Documents/Projects/Amp/gta4/gta_game/gameplay_sim/src/lib.rs","edition":"2021","doc":true,"doctest":true,"test":true},"message":{"rendered":"warning: missing documentation for an associated function\n   --> gameplay_sim/src/systems/world/unified_lod.rs:183:5\n    |\n183 |     pub fn new(entity_type: EntityType) -> Self {\n    |     ^^^^^^^^^^^^^^^^^^^^^^^^^^^^^^^^^^^^^^^^^^^\n\n","$message_type":"diagnostic","children":[],"code":{"code":"missing_docs","explanation":null},"level":"warning","message":"missing documentation for an associated function","spans":[{"byte_end":5331,"byte_start":5288,"column_end":48,"column_start":5,"expansion":null,"file_name":"gameplay_sim/src/systems/world/unified_lod.rs","is_primary":true,"label":null,"line_end":183,"line_start":183,"suggested_replacement":null,"suggestion_applicability":null,"text":[{"highlight_end":48,"highlight_start":5,"text":"    pub fn new(entity_type: EntityType) -> Self {"}]}]}}
{"reason":"compiler-message","package_id":"path+file:///Users/bradyjeong/Documents/Projects/Amp/gta4/gta_game/gameplay_sim#0.1.0","manifest_path":"/Users/bradyjeong/Documents/Projects/Amp/gta4/gta_game/gameplay_sim/Cargo.toml","target":{"kind":["lib"],"crate_types":["lib"],"name":"gameplay_sim","src_path":"/Users/bradyjeong/Documents/Projects/Amp/gta4/gta_game/gameplay_sim/src/lib.rs","edition":"2021","doc":true,"doctest":true,"test":true},"message":{"rendered":"warning: missing documentation for a variant\n  --> gameplay_sim/src/systems/spawn_validation.rs:12:5\n   |\n12 |     Tree,\n   |     ^^^^\n\n","$message_type":"diagnostic","children":[],"code":{"code":"missing_docs","explanation":null},"level":"warning","message":"missing documentation for a variant","spans":[{"byte_end":310,"byte_start":306,"column_end":9,"column_start":5,"expansion":null,"file_name":"gameplay_sim/src/systems/spawn_validation.rs","is_primary":true,"label":null,"line_end":12,"line_start":12,"suggested_replacement":null,"suggestion_applicability":null,"text":[{"highlight_end":9,"highlight_start":5,"text":"    Tree,"}]}]}}
{"reason":"compiler-message","package_id":"path+file:///Users/bradyjeong/Documents/Projects/Amp/gta4/gta_game/gameplay_sim#0.1.0","manifest_path":"/Users/bradyjeong/Documents/Projects/Amp/gta4/gta_game/gameplay_sim/Cargo.toml","target":{"kind":["lib"],"crate_types":["lib"],"name":"gameplay_sim","src_path":"/Users/bradyjeong/Documents/Projects/Amp/gta4/gta_game/gameplay_sim/src/lib.rs","edition":"2021","doc":true,"doctest":true,"test":true},"message":{"rendered":"warning: missing documentation for a variant\n  --> gameplay_sim/src/systems/spawn_validation.rs:13:5\n   |\n13 |     EnvironmentObject,\n   |     ^^^^^^^^^^^^^^^^^\n\n","$message_type":"diagnostic","children":[],"code":{"code":"missing_docs","explanation":null},"level":"warning","message":"missing documentation for a variant","spans":[{"byte_end":333,"byte_start":316,"column_end":22,"column_start":5,"expansion":null,"file_name":"gameplay_sim/src/systems/spawn_validation.rs","is_primary":true,"label":null,"line_end":13,"line_start":13,"suggested_replacement":null,"suggestion_applicability":null,"text":[{"highlight_end":22,"highlight_start":5,"text":"    EnvironmentObject,"}]}]}}
{"reason":"compiler-message","package_id":"path+file:///Users/bradyjeong/Documents/Projects/Amp/gta4/gta_game/gameplay_sim#0.1.0","manifest_path":"/Users/bradyjeong/Documents/Projects/Amp/gta4/gta_game/gameplay_sim/Cargo.toml","target":{"kind":["lib"],"crate_types":["lib"],"name":"gameplay_sim","src_path":"/Users/bradyjeong/Documents/Projects/Amp/gta4/gta_game/gameplay_sim/src/lib.rs","edition":"2021","doc":true,"doctest":true,"test":true},"message":{"rendered":"warning: missing documentation for a function\n   --> gameplay_sim/src/systems/world/unified_lod.rs:199:1\n    |\n199 | / pub fn lod_level_system(\n200 | |     active_query: Query<&Transform, With<ActiveEntity>>,\n201 | |     mut lod_query: Query<(&Transform, &mut LODEntity)>,\n202 | | ) {\n    | |_^\n\n","$message_type":"diagnostic","children":[],"code":{"code":"missing_docs","explanation":null},"level":"warning","message":"missing documentation for a function","spans":[{"byte_end":5823,"byte_start":5684,"column_end":2,"column_start":1,"expansion":null,"file_name":"gameplay_sim/src/systems/world/unified_lod.rs","is_primary":true,"label":null,"line_end":202,"line_start":199,"suggested_replacement":null,"suggestion_applicability":null,"text":[{"highlight_end":25,"highlight_start":1,"text":"pub fn lod_level_system("},{"highlight_end":57,"highlight_start":1,"text":"    active_query: Query<&Transform, With<ActiveEntity>>,"},{"highlight_end":56,"highlight_start":1,"text":"    mut lod_query: Query<(&Transform, &mut LODEntity)>,"},{"highlight_end":2,"highlight_start":1,"text":") {"}]}]}}
{"reason":"compiler-message","package_id":"path+file:///Users/bradyjeong/Documents/Projects/Amp/gta4/gta_game/gameplay_sim#0.1.0","manifest_path":"/Users/bradyjeong/Documents/Projects/Amp/gta4/gta_game/gameplay_sim/Cargo.toml","target":{"kind":["lib"],"crate_types":["lib"],"name":"gameplay_sim","src_path":"/Users/bradyjeong/Documents/Projects/Amp/gta4/gta_game/gameplay_sim/src/lib.rs","edition":"2021","doc":true,"doctest":true,"test":true},"message":{"rendered":"warning: missing documentation for a variant\n  --> gameplay_sim/src/systems/spawn_validation.rs:14:5\n   |\n14 |     Player,\n   |     ^^^^^^\n\n","$message_type":"diagnostic","children":[],"code":{"code":"missing_docs","explanation":null},"level":"warning","message":"missing documentation for a variant","spans":[{"byte_end":345,"byte_start":339,"column_end":11,"column_start":5,"expansion":null,"file_name":"gameplay_sim/src/systems/spawn_validation.rs","is_primary":true,"label":null,"line_end":14,"line_start":14,"suggested_replacement":null,"suggestion_applicability":null,"text":[{"highlight_end":11,"highlight_start":5,"text":"    Player,"}]}]}}
{"reason":"compiler-message","package_id":"path+file:///Users/bradyjeong/Documents/Projects/Amp/gta4/gta_game/gameplay_sim#0.1.0","manifest_path":"/Users/bradyjeong/Documents/Projects/Amp/gta4/gta_game/gameplay_sim/Cargo.toml","target":{"kind":["lib"],"crate_types":["lib"],"name":"gameplay_sim","src_path":"/Users/bradyjeong/Documents/Projects/Amp/gta4/gta_game/gameplay_sim/src/lib.rs","edition":"2021","doc":true,"doctest":true,"test":true},"message":{"rendered":"warning: missing documentation for a struct\n  --> gameplay_sim/src/systems/spawn_validation.rs:59:1\n   |\n59 | pub struct SpawnedEntity {\n   | ^^^^^^^^^^^^^^^^^^^^^^^^\n\n","$message_type":"diagnostic","children":[],"code":{"code":"missing_docs","explanation":null},"level":"warning","message":"missing documentation for a struct","spans":[{"byte_end":2455,"byte_start":2431,"column_end":25,"column_start":1,"expansion":null,"file_name":"gameplay_sim/src/systems/spawn_validation.rs","is_primary":true,"label":null,"line_end":59,"line_start":59,"suggested_replacement":null,"suggestion_applicability":null,"text":[{"highlight_end":25,"highlight_start":1,"text":"pub struct SpawnedEntity {"}]}]}}
{"reason":"compiler-message","package_id":"path+file:///Users/bradyjeong/Documents/Projects/Amp/gta4/gta_game/gameplay_sim#0.1.0","manifest_path":"/Users/bradyjeong/Documents/Projects/Amp/gta4/gta_game/gameplay_sim/Cargo.toml","target":{"kind":["lib"],"crate_types":["lib"],"name":"gameplay_sim","src_path":"/Users/bradyjeong/Documents/Projects/Amp/gta4/gta_game/gameplay_sim/src/lib.rs","edition":"2021","doc":true,"doctest":true,"test":true},"message":{"rendered":"warning: missing documentation for a struct field\n  --> gameplay_sim/src/systems/spawn_validation.rs:60:5\n   |\n60 |     pub position: Vec3,\n   |     ^^^^^^^^^^^^^^^^^^\n\n","$message_type":"diagnostic","children":[],"code":{"code":"missing_docs","explanation":null},"level":"warning","message":"missing documentation for a struct field","spans":[{"byte_end":2480,"byte_start":2462,"column_end":23,"column_start":5,"expansion":null,"file_name":"gameplay_sim/src/systems/spawn_validation.rs","is_primary":true,"label":null,"line_end":60,"line_start":60,"suggested_replacement":null,"suggestion_applicability":null,"text":[{"highlight_end":23,"highlight_start":5,"text":"    pub position: Vec3,"}]}]}}
{"reason":"compiler-message","package_id":"path+file:///Users/bradyjeong/Documents/Projects/Amp/gta4/gta_game/gameplay_sim#0.1.0","manifest_path":"/Users/bradyjeong/Documents/Projects/Amp/gta4/gta_game/gameplay_sim/Cargo.toml","target":{"kind":["lib"],"crate_types":["lib"],"name":"gameplay_sim","src_path":"/Users/bradyjeong/Documents/Projects/Amp/gta4/gta_game/gameplay_sim/src/lib.rs","edition":"2021","doc":true,"doctest":true,"test":true},"message":{"rendered":"warning: missing documentation for an enum\n  --> gameplay_sim/src/systems/world/npc_lod.rs:15:1\n   |\n15 | pub enum NPCLOD {\n   | ^^^^^^^^^^^^^^^\n\n","$message_type":"diagnostic","children":[],"code":{"code":"missing_docs","explanation":null},"level":"warning","message":"missing documentation for an enum","spans":[{"byte_end":669,"byte_start":654,"column_end":16,"column_start":1,"expansion":null,"file_name":"gameplay_sim/src/systems/world/npc_lod.rs","is_primary":true,"label":null,"line_end":15,"line_start":15,"suggested_replacement":null,"suggestion_applicability":null,"text":[{"highlight_end":16,"highlight_start":1,"text":"pub enum NPCLOD {"}]}]}}
{"reason":"compiler-message","package_id":"path+file:///Users/bradyjeong/Documents/Projects/Amp/gta4/gta_game/gameplay_sim#0.1.0","manifest_path":"/Users/bradyjeong/Documents/Projects/Amp/gta4/gta_game/gameplay_sim/Cargo.toml","target":{"kind":["lib"],"crate_types":["lib"],"name":"gameplay_sim","src_path":"/Users/bradyjeong/Documents/Projects/Amp/gta4/gta_game/gameplay_sim/src/lib.rs","edition":"2021","doc":true,"doctest":true,"test":true},"message":{"rendered":"warning: missing documentation for a struct field\n  --> gameplay_sim/src/systems/spawn_validation.rs:61:5\n   |\n61 |     pub entity_type: SpawnableType,\n   |     ^^^^^^^^^^^^^^^^^^^^^^^^^^^^^^\n\n","$message_type":"diagnostic","children":[],"code":{"code":"missing_docs","explanation":null},"level":"warning","message":"missing documentation for a struct field","spans":[{"byte_end":2516,"byte_start":2486,"column_end":35,"column_start":5,"expansion":null,"file_name":"gameplay_sim/src/systems/spawn_validation.rs","is_primary":true,"label":null,"line_end":61,"line_start":61,"suggested_replacement":null,"suggestion_applicability":null,"text":[{"highlight_end":35,"highlight_start":5,"text":"    pub entity_type: SpawnableType,"}]}]}}
{"reason":"compiler-message","package_id":"path+file:///Users/bradyjeong/Documents/Projects/Amp/gta4/gta_game/gameplay_sim#0.1.0","manifest_path":"/Users/bradyjeong/Documents/Projects/Amp/gta4/gta_game/gameplay_sim/Cargo.toml","target":{"kind":["lib"],"crate_types":["lib"],"name":"gameplay_sim","src_path":"/Users/bradyjeong/Documents/Projects/Amp/gta4/gta_game/gameplay_sim/src/lib.rs","edition":"2021","doc":true,"doctest":true,"test":true},"message":{"rendered":"warning: missing documentation for a variant\n  --> gameplay_sim/src/systems/world/npc_lod.rs:16:5\n   |\n16 |     High,   // Full model, animations\n   |     ^^^^\n\n","$message_type":"diagnostic","children":[],"code":{"code":"missing_docs","explanation":null},"level":"warning","message":"missing documentation for a variant","spans":[{"byte_end":680,"byte_start":676,"column_end":9,"column_start":5,"expansion":null,"file_name":"gameplay_sim/src/systems/world/npc_lod.rs","is_primary":true,"label":null,"line_end":16,"line_start":16,"suggested_replacement":null,"suggestion_applicability":null,"text":[{"highlight_end":9,"highlight_start":5,"text":"    High,   // Full model, animations"}]}]}}
{"reason":"compiler-message","package_id":"path+file:///Users/bradyjeong/Documents/Projects/Amp/gta4/gta_game/gameplay_sim#0.1.0","manifest_path":"/Users/bradyjeong/Documents/Projects/Amp/gta4/gta_game/gameplay_sim/Cargo.toml","target":{"kind":["lib"],"crate_types":["lib"],"name":"gameplay_sim","src_path":"/Users/bradyjeong/Documents/Projects/Amp/gta4/gta_game/gameplay_sim/src/lib.rs","edition":"2021","doc":true,"doctest":true,"test":true},"message":{"rendered":"warning: missing documentation for a struct field\n  --> gameplay_sim/src/systems/spawn_validation.rs:62:5\n   |\n62 |     pub entity_id: Entity,\n   |     ^^^^^^^^^^^^^^^^^^^^^\n\n","$message_type":"diagnostic","children":[],"code":{"code":"missing_docs","explanation":null},"level":"warning","message":"missing documentation for a struct field","spans":[{"byte_end":2543,"byte_start":2522,"column_end":26,"column_start":5,"expansion":null,"file_name":"gameplay_sim/src/systems/spawn_validation.rs","is_primary":true,"label":null,"line_end":62,"line_start":62,"suggested_replacement":null,"suggestion_applicability":null,"text":[{"highlight_end":26,"highlight_start":5,"text":"    pub entity_id: Entity,"}]}]}}
{"reason":"compiler-message","package_id":"path+file:///Users/bradyjeong/Documents/Projects/Amp/gta4/gta_game/gameplay_sim#0.1.0","manifest_path":"/Users/bradyjeong/Documents/Projects/Amp/gta4/gta_game/gameplay_sim/Cargo.toml","target":{"kind":["lib"],"crate_types":["lib"],"name":"gameplay_sim","src_path":"/Users/bradyjeong/Documents/Projects/Amp/gta4/gta_game/gameplay_sim/src/lib.rs","edition":"2021","doc":true,"doctest":true,"test":true},"message":{"rendered":"warning: missing documentation for a variant\n  --> gameplay_sim/src/systems/world/npc_lod.rs:17:5\n   |\n17 |     Medium, // Simplified model\n   |     ^^^^^^\n\n","$message_type":"diagnostic","children":[],"code":{"code":"missing_docs","explanation":null},"level":"warning","message":"missing documentation for a variant","spans":[{"byte_end":720,"byte_start":714,"column_end":11,"column_start":5,"expansion":null,"file_name":"gameplay_sim/src/systems/world/npc_lod.rs","is_primary":true,"label":null,"line_end":17,"line_start":17,"suggested_replacement":null,"suggestion_applicability":null,"text":[{"highlight_end":11,"highlight_start":5,"text":"    Medium, // Simplified model"}]}]}}
{"reason":"compiler-message","package_id":"path+file:///Users/bradyjeong/Documents/Projects/Amp/gta4/gta_game/gameplay_sim#0.1.0","manifest_path":"/Users/bradyjeong/Documents/Projects/Amp/gta4/gta_game/gameplay_sim/Cargo.toml","target":{"kind":["lib"],"crate_types":["lib"],"name":"gameplay_sim","src_path":"/Users/bradyjeong/Documents/Projects/Amp/gta4/gta_game/gameplay_sim/src/lib.rs","edition":"2021","doc":true,"doctest":true,"test":true},"message":{"rendered":"warning: missing documentation for a struct field\n  --> gameplay_sim/src/systems/spawn_validation.rs:63:5\n   |\n63 |     pub radius: f32,\n   |     ^^^^^^^^^^^^^^^\n\n","$message_type":"diagnostic","children":[],"code":{"code":"missing_docs","explanation":null},"level":"warning","message":"missing documentation for a struct field","spans":[{"byte_end":2564,"byte_start":2549,"column_end":20,"column_start":5,"expansion":null,"file_name":"gameplay_sim/src/systems/spawn_validation.rs","is_primary":true,"label":null,"line_end":63,"line_start":63,"suggested_replacement":null,"suggestion_applicability":null,"text":[{"highlight_end":20,"highlight_start":5,"text":"    pub radius: f32,"}]}]}}
{"reason":"compiler-message","package_id":"path+file:///Users/bradyjeong/Documents/Projects/Amp/gta4/gta_game/gameplay_sim#0.1.0","manifest_path":"/Users/bradyjeong/Documents/Projects/Amp/gta4/gta_game/gameplay_sim/Cargo.toml","target":{"kind":["lib"],"crate_types":["lib"],"name":"gameplay_sim","src_path":"/Users/bradyjeong/Documents/Projects/Amp/gta4/gta_game/gameplay_sim/src/lib.rs","edition":"2021","doc":true,"doctest":true,"test":true},"message":{"rendered":"warning: missing documentation for a variant\n  --> gameplay_sim/src/systems/world/npc_lod.rs:18:5\n   |\n18 |     Low,    // Billboard or very simple model\n   |     ^^^\n\n","$message_type":"diagnostic","children":[],"code":{"code":"missing_docs","explanation":null},"level":"warning","message":"missing documentation for a variant","spans":[{"byte_end":749,"byte_start":746,"column_end":8,"column_start":5,"expansion":null,"file_name":"gameplay_sim/src/systems/world/npc_lod.rs","is_primary":true,"label":null,"line_end":18,"line_start":18,"suggested_replacement":null,"suggestion_applicability":null,"text":[{"highlight_end":8,"highlight_start":5,"text":"    Low,    // Billboard or very simple model"}]}]}}
{"reason":"compiler-message","package_id":"path+file:///Users/bradyjeong/Documents/Projects/Amp/gta4/gta_game/gameplay_sim#0.1.0","manifest_path":"/Users/bradyjeong/Documents/Projects/Amp/gta4/gta_game/gameplay_sim/Cargo.toml","target":{"kind":["lib"],"crate_types":["lib"],"name":"gameplay_sim","src_path":"/Users/bradyjeong/Documents/Projects/Amp/gta4/gta_game/gameplay_sim/src/lib.rs","edition":"2021","doc":true,"doctest":true,"test":true},"message":{"rendered":"warning: missing documentation for a variant\n  --> gameplay_sim/src/systems/world/npc_lod.rs:19:5\n   |\n19 |     Hidden, // Not visible\n   |     ^^^^^^\n\n","$message_type":"diagnostic","children":[],"code":{"code":"missing_docs","explanation":null},"level":"warning","message":"missing documentation for a variant","spans":[{"byte_end":798,"byte_start":792,"column_end":11,"column_start":5,"expansion":null,"file_name":"gameplay_sim/src/systems/world/npc_lod.rs","is_primary":true,"label":null,"line_end":19,"line_start":19,"suggested_replacement":null,"suggestion_applicability":null,"text":[{"highlight_end":11,"highlight_start":5,"text":"    Hidden, // Not visible"}]}]}}
{"reason":"compiler-message","package_id":"path+file:///Users/bradyjeong/Documents/Projects/Amp/gta4/gta_game/gameplay_sim#0.1.0","manifest_path":"/Users/bradyjeong/Documents/Projects/Amp/gta4/gta_game/gameplay_sim/Cargo.toml","target":{"kind":["lib"],"crate_types":["lib"],"name":"gameplay_sim","src_path":"/Users/bradyjeong/Documents/Projects/Amp/gta4/gta_game/gameplay_sim/src/lib.rs","edition":"2021","doc":true,"doctest":true,"test":true},"message":{"rendered":"warning: missing documentation for an associated function\n   --> gameplay_sim/src/systems/spawn_validation.rs:129:5\n    |\n129 |     pub fn new() -> Self {\n    |     ^^^^^^^^^^^^^^^^^^^^\n\n","$message_type":"diagnostic","children":[],"code":{"code":"missing_docs","explanation":null},"level":"warning","message":"missing documentation for an associated function","spans":[{"byte_end":4658,"byte_start":4638,"column_end":25,"column_start":5,"expansion":null,"file_name":"gameplay_sim/src/systems/spawn_validation.rs","is_primary":true,"label":null,"line_end":129,"line_start":129,"suggested_replacement":null,"suggestion_applicability":null,"text":[{"highlight_end":25,"highlight_start":5,"text":"    pub fn new() -> Self {"}]}]}}
{"reason":"compiler-message","package_id":"path+file:///Users/bradyjeong/Documents/Projects/Amp/gta4/gta_game/gameplay_sim#0.1.0","manifest_path":"/Users/bradyjeong/Documents/Projects/Amp/gta4/gta_game/gameplay_sim/Cargo.toml","target":{"kind":["lib"],"crate_types":["lib"],"name":"gameplay_sim","src_path":"/Users/bradyjeong/Documents/Projects/Amp/gta4/gta_game/gameplay_sim/src/lib.rs","edition":"2021","doc":true,"doctest":true,"test":true},"message":{"rendered":"warning: missing documentation for a struct\n  --> gameplay_sim/src/systems/world/npc_lod.rs:23:1\n   |\n23 | pub struct NPCState {\n   | ^^^^^^^^^^^^^^^^^^^\n\n","$message_type":"diagnostic","children":[],"code":{"code":"missing_docs","explanation":null},"level":"warning","message":"missing documentation for a struct","spans":[{"byte_end":872,"byte_start":853,"column_end":20,"column_start":1,"expansion":null,"file_name":"gameplay_sim/src/systems/world/npc_lod.rs","is_primary":true,"label":null,"line_end":23,"line_start":23,"suggested_replacement":null,"suggestion_applicability":null,"text":[{"highlight_end":20,"highlight_start":1,"text":"pub struct NPCState {"}]}]}}
{"reason":"compiler-message","package_id":"path+file:///Users/bradyjeong/Documents/Projects/Amp/gta4/gta_game/gameplay_sim#0.1.0","manifest_path":"/Users/bradyjeong/Documents/Projects/Amp/gta4/gta_game/gameplay_sim/Cargo.toml","target":{"kind":["lib"],"crate_types":["lib"],"name":"gameplay_sim","src_path":"/Users/bradyjeong/Documents/Projects/Amp/gta4/gta_game/gameplay_sim/src/lib.rs","edition":"2021","doc":true,"doctest":true,"test":true},"message":{"rendered":"warning: missing documentation for a struct field\n  --> gameplay_sim/src/systems/world/npc_lod.rs:24:5\n   |\n24 |     pub current_lod: NPCLOD,\n   |     ^^^^^^^^^^^^^^^^^^^^^^^\n\n","$message_type":"diagnostic","children":[],"code":{"code":"missing_docs","explanation":null},"level":"warning","message":"missing documentation for a struct field","spans":[{"byte_end":902,"byte_start":879,"column_end":28,"column_start":5,"expansion":null,"file_name":"gameplay_sim/src/systems/world/npc_lod.rs","is_primary":true,"label":null,"line_end":24,"line_start":24,"suggested_replacement":null,"suggestion_applicability":null,"text":[{"highlight_end":28,"highlight_start":5,"text":"    pub current_lod: NPCLOD,"}]}]}}
{"reason":"compiler-message","package_id":"path+file:///Users/bradyjeong/Documents/Projects/Amp/gta4/gta_game/gameplay_sim#0.1.0","manifest_path":"/Users/bradyjeong/Documents/Projects/Amp/gta4/gta_game/gameplay_sim/Cargo.toml","target":{"kind":["lib"],"crate_types":["lib"],"name":"gameplay_sim","src_path":"/Users/bradyjeong/Documents/Projects/Amp/gta4/gta_game/gameplay_sim/src/lib.rs","edition":"2021","doc":true,"doctest":true,"test":true},"message":{"rendered":"warning: missing documentation for a struct field\n  --> gameplay_sim/src/systems/world/npc_lod.rs:25:5\n   |\n25 |     pub last_lod_update: f32,\n   |     ^^^^^^^^^^^^^^^^^^^^^^^^\n\n","$message_type":"diagnostic","children":[],"code":{"code":"missing_docs","explanation":null},"level":"warning","message":"missing documentation for a struct field","spans":[{"byte_end":932,"byte_start":908,"column_end":29,"column_start":5,"expansion":null,"file_name":"gameplay_sim/src/systems/world/npc_lod.rs","is_primary":true,"label":null,"line_end":25,"line_start":25,"suggested_replacement":null,"suggestion_applicability":null,"text":[{"highlight_end":29,"highlight_start":5,"text":"    pub last_lod_update: f32,"}]}]}}
{"reason":"compiler-message","package_id":"path+file:///Users/bradyjeong/Documents/Projects/Amp/gta4/gta_game/gameplay_sim#0.1.0","manifest_path":"/Users/bradyjeong/Documents/Projects/Amp/gta4/gta_game/gameplay_sim/Cargo.toml","target":{"kind":["lib"],"crate_types":["lib"],"name":"gameplay_sim","src_path":"/Users/bradyjeong/Documents/Projects/Amp/gta4/gta_game/gameplay_sim/src/lib.rs","edition":"2021","doc":true,"doctest":true,"test":true},"message":{"rendered":"warning: missing documentation for a function\n  --> gameplay_sim/src/systems/world/npc_lod.rs:37:1\n   |\n37 | / pub fn npc_lod_system(\n38 | |     active_query: Query<&Transform, With<ActiveEntity>>,\n39 | |     mut npc_query: Query<(Entity, &mut NPCState, &Transform, &mut Visibility), With<NPC>>,\n40 | |     time: Res<Time>,\n41 | | ) {\n   | |_^\n\n","$message_type":"diagnostic","children":[],"code":{"code":"missing_docs","explanation":null},"level":"warning","message":"missing documentation for a function","spans":[{"byte_end":1292,"byte_start":1099,"column_end":2,"column_start":1,"expansion":null,"file_name":"gameplay_sim/src/systems/world/npc_lod.rs","is_primary":true,"label":null,"line_end":41,"line_start":37,"suggested_replacement":null,"suggestion_applicability":null,"text":[{"highlight_end":23,"highlight_start":1,"text":"pub fn npc_lod_system("},{"highlight_end":57,"highlight_start":1,"text":"    active_query: Query<&Transform, With<ActiveEntity>>,"},{"highlight_end":91,"highlight_start":1,"text":"    mut npc_query: Query<(Entity, &mut NPCState, &Transform, &mut Visibility), With<NPC>>,"},{"highlight_end":21,"highlight_start":1,"text":"    time: Res<Time>,"},{"highlight_end":2,"highlight_start":1,"text":") {"}]}]}}
{"reason":"compiler-message","package_id":"path+file:///Users/bradyjeong/Documents/Projects/Amp/gta4/gta_game/gameplay_sim#0.1.0","manifest_path":"/Users/bradyjeong/Documents/Projects/Amp/gta4/gta_game/gameplay_sim/Cargo.toml","target":{"kind":["lib"],"crate_types":["lib"],"name":"gameplay_sim","src_path":"/Users/bradyjeong/Documents/Projects/Amp/gta4/gta_game/gameplay_sim/src/lib.rs","edition":"2021","doc":true,"doctest":true,"test":true},"message":{"rendered":"warning: missing documentation for a function\n   --> gameplay_sim/src/systems/world/npc_lod.rs:108:1\n    |\n108 | / pub fn npc_mesh_lod_system(\n109 | |     npc_query: Query<&NPCState, (With<NPC>, Changed<NPCState>)>,\n110 | |     // In a real implementation, you'd have access to mesh handles here\n111 | | ) {\n    | |_^\n\n","$message_type":"diagnostic","children":[],"code":{"code":"missing_docs","explanation":null},"level":"warning","message":"missing documentation for a function","spans":[{"byte_end":3691,"byte_start":3525,"column_end":2,"column_start":1,"expansion":null,"file_name":"gameplay_sim/src/systems/world/npc_lod.rs","is_primary":true,"label":null,"line_end":111,"line_start":108,"suggested_replacement":null,"suggestion_applicability":null,"text":[{"highlight_end":28,"highlight_start":1,"text":"pub fn npc_mesh_lod_system("},{"highlight_end":65,"highlight_start":1,"text":"    npc_query: Query<&NPCState, (With<NPC>, Changed<NPCState>)>,"},{"highlight_end":72,"highlight_start":1,"text":"    // In a real implementation, you'd have access to mesh handles here"},{"highlight_end":2,"highlight_start":1,"text":") {"}]}]}}
{"reason":"compiler-message","package_id":"path+file:///Users/bradyjeong/Documents/Projects/Amp/gta4/gta_game/gameplay_sim#0.1.0","manifest_path":"/Users/bradyjeong/Documents/Projects/Amp/gta4/gta_game/gameplay_sim/Cargo.toml","target":{"kind":["lib"],"crate_types":["lib"],"name":"gameplay_sim","src_path":"/Users/bradyjeong/Documents/Projects/Amp/gta4/gta_game/gameplay_sim/src/lib.rs","edition":"2021","doc":true,"doctest":true,"test":true},"message":{"rendered":"warning: missing documentation for a function\n   --> gameplay_sim/src/systems/world/npc_lod.rs:132:1\n    |\n132 | / pub fn spawn_npc_with_lod(\n133 | |     commands: &mut Commands,\n134 | |     position: Vec3,\n135 | |     meshes: &mut ResMut<Assets<Mesh>>,\n136 | |     materials: &mut ResMut<Assets<StandardMaterial>>,\n137 | | ) -> Entity {\n    | |___________^\n\n","$message_type":"diagnostic","children":[],"code":{"code":"missing_docs","explanation":null},"level":"warning","message":"missing documentation for a function","spans":[{"byte_end":4414,"byte_start":4234,"column_end":12,"column_start":1,"expansion":null,"file_name":"gameplay_sim/src/systems/world/npc_lod.rs","is_primary":true,"label":null,"line_end":137,"line_start":132,"suggested_replacement":null,"suggestion_applicability":null,"text":[{"highlight_end":27,"highlight_start":1,"text":"pub fn spawn_npc_with_lod("},{"highlight_end":29,"highlight_start":1,"text":"    commands: &mut Commands,"},{"highlight_end":20,"highlight_start":1,"text":"    position: Vec3,"},{"highlight_end":39,"highlight_start":1,"text":"    meshes: &mut ResMut<Assets<Mesh>>,"},{"highlight_end":54,"highlight_start":1,"text":"    materials: &mut ResMut<Assets<StandardMaterial>>,"},{"highlight_end":12,"highlight_start":1,"text":") -> Entity {"}]}]}}
{"reason":"compiler-message","package_id":"path+file:///Users/bradyjeong/Documents/Projects/Amp/gta4/gta_game/gameplay_sim#0.1.0","manifest_path":"/Users/bradyjeong/Documents/Projects/Amp/gta4/gta_game/gameplay_sim/Cargo.toml","target":{"kind":["lib"],"crate_types":["lib"],"name":"gameplay_sim","src_path":"/Users/bradyjeong/Documents/Projects/Amp/gta4/gta_game/gameplay_sim/src/lib.rs","edition":"2021","doc":true,"doctest":true,"test":true},"message":{"rendered":"warning: missing documentation for a struct field\n  --> gameplay_sim/src/systems/unified_distance_calculator.rs:32:5\n   |\n32 |     pub distance: f32,\n   |     ^^^^^^^^^^^^^^^^^\n\n","$message_type":"diagnostic","children":[],"code":{"code":"missing_docs","explanation":null},"level":"warning","message":"missing documentation for a struct field","spans":[{"byte_end":946,"byte_start":929,"column_end":22,"column_start":5,"expansion":null,"file_name":"gameplay_sim/src/systems/unified_distance_calculator.rs","is_primary":true,"label":null,"line_end":32,"line_start":32,"suggested_replacement":null,"suggestion_applicability":null,"text":[{"highlight_end":22,"highlight_start":5,"text":"    pub distance: f32,"}]}]}}
{"reason":"compiler-message","package_id":"path+file:///Users/bradyjeong/Documents/Projects/Amp/gta4/gta_game/gameplay_sim#0.1.0","manifest_path":"/Users/bradyjeong/Documents/Projects/Amp/gta4/gta_game/gameplay_sim/Cargo.toml","target":{"kind":["lib"],"crate_types":["lib"],"name":"gameplay_sim","src_path":"/Users/bradyjeong/Documents/Projects/Amp/gta4/gta_game/gameplay_sim/src/lib.rs","edition":"2021","doc":true,"doctest":true,"test":true},"message":{"rendered":"warning: missing documentation for a struct field\n  --> gameplay_sim/src/systems/unified_distance_calculator.rs:33:5\n   |\n33 |     pub distance_squared: f32,\n   |     ^^^^^^^^^^^^^^^^^^^^^^^^^\n\n","$message_type":"diagnostic","children":[],"code":{"code":"missing_docs","explanation":null},"level":"warning","message":"missing documentation for a struct field","spans":[{"byte_end":977,"byte_start":952,"column_end":30,"column_start":5,"expansion":null,"file_name":"gameplay_sim/src/systems/unified_distance_calculator.rs","is_primary":true,"label":null,"line_end":33,"line_start":33,"suggested_replacement":null,"suggestion_applicability":null,"text":[{"highlight_end":30,"highlight_start":5,"text":"    pub distance_squared: f32,"}]}]}}
{"reason":"compiler-message","package_id":"path+file:///Users/bradyjeong/Documents/Projects/Amp/gta4/gta_game/gameplay_sim#0.1.0","manifest_path":"/Users/bradyjeong/Documents/Projects/Amp/gta4/gta_game/gameplay_sim/Cargo.toml","target":{"kind":["lib"],"crate_types":["lib"],"name":"gameplay_sim","src_path":"/Users/bradyjeong/Documents/Projects/Amp/gta4/gta_game/gameplay_sim/src/lib.rs","edition":"2021","doc":true,"doctest":true,"test":true},"message":{"rendered":"warning: missing documentation for a function\n  --> gameplay_sim/src/systems/world/npc_spawn.rs:16:1\n   |\n16 | / pub fn npc_spawn_system(\n17 | |     mut commands: Commands,\n18 | |     active_query: Query<&Transform, With<ActiveEntity>>,\n19 | |     npc_query: Query<&Transform, With<NPC>>,\n...  |\n23 | |     game_config: Res<GameConfig>,\n24 | | ) {\n   | |_^\n\n","$message_type":"diagnostic","children":[],"code":{"code":"missing_docs","explanation":null},"level":"warning","message":"missing documentation for a function","spans":[{"byte_end":989,"byte_start":687,"column_end":2,"column_start":1,"expansion":null,"file_name":"gameplay_sim/src/systems/world/npc_spawn.rs","is_primary":true,"label":null,"line_end":24,"line_start":16,"suggested_replacement":null,"suggestion_applicability":null,"text":[{"highlight_end":25,"highlight_start":1,"text":"pub fn npc_spawn_system("},{"highlight_end":28,"highlight_start":1,"text":"    mut commands: Commands,"},{"highlight_end":57,"highlight_start":1,"text":"    active_query: Query<&Transform, With<ActiveEntity>>,"},{"highlight_end":45,"highlight_start":1,"text":"    npc_query: Query<&Transform, With<NPC>>,"},{"highlight_end":21,"highlight_start":1,"text":"    time: Res<Time>,"},{"highlight_end":38,"highlight_start":1,"text":"    mut meshes: ResMut<Assets<Mesh>>,"},{"highlight_end":53,"highlight_start":1,"text":"    mut materials: ResMut<Assets<StandardMaterial>>,"},{"highlight_end":34,"highlight_start":1,"text":"    game_config: Res<GameConfig>,"},{"highlight_end":2,"highlight_start":1,"text":") {"}]}]}}
{"reason":"compiler-message","package_id":"path+file:///Users/bradyjeong/Documents/Projects/Amp/gta4/gta_game/gameplay_sim#0.1.0","manifest_path":"/Users/bradyjeong/Documents/Projects/Amp/gta4/gta_game/gameplay_sim/Cargo.toml","target":{"kind":["lib"],"crate_types":["lib"],"name":"gameplay_sim","src_path":"/Users/bradyjeong/Documents/Projects/Amp/gta4/gta_game/gameplay_sim/src/lib.rs","edition":"2021","doc":true,"doctest":true,"test":true},"message":{"rendered":"warning: missing documentation for a function\n  --> gameplay_sim/src/systems/world/npc_spawn.rs:57:1\n   |\n57 | / pub fn spawn_npc_unified(\n58 | |     commands: &mut Commands,\n59 | |     position: Vec3,\n60 | |     meshes: &mut ResMut<Assets<Mesh>>,\n61 | |     materials: &mut ResMut<Assets<StandardMaterial>>,\n62 | | ) -> Entity {\n   | |___________^\n\n","$message_type":"diagnostic","children":[],"code":{"code":"missing_docs","explanation":null},"level":"warning","message":"missing documentation for a function","spans":[{"byte_end":2255,"byte_start":2076,"column_end":12,"column_start":1,"expansion":null,"file_name":"gameplay_sim/src/systems/world/npc_spawn.rs","is_primary":true,"label":null,"line_end":62,"line_start":57,"suggested_replacement":null,"suggestion_applicability":null,"text":[{"highlight_end":26,"highlight_start":1,"text":"pub fn spawn_npc_unified("},{"highlight_end":29,"highlight_start":1,"text":"    commands: &mut Commands,"},{"highlight_end":20,"highlight_start":1,"text":"    position: Vec3,"},{"highlight_end":39,"highlight_start":1,"text":"    meshes: &mut ResMut<Assets<Mesh>>,"},{"highlight_end":54,"highlight_start":1,"text":"    materials: &mut ResMut<Assets<StandardMaterial>>,"},{"highlight_end":12,"highlight_start":1,"text":") -> Entity {"}]}]}}
{"reason":"compiler-message","package_id":"path+file:///Users/bradyjeong/Documents/Projects/Amp/gta4/gta_game/gameplay_sim#0.1.0","manifest_path":"/Users/bradyjeong/Documents/Projects/Amp/gta4/gta_game/gameplay_sim/Cargo.toml","target":{"kind":["lib"],"crate_types":["lib"],"name":"gameplay_sim","src_path":"/Users/bradyjeong/Documents/Projects/Amp/gta4/gta_game/gameplay_sim/src/lib.rs","edition":"2021","doc":true,"doctest":true,"test":true},"message":{"rendered":"warning: missing documentation for a struct field\n   --> gameplay_sim/src/systems/unified_distance_calculator.rs:151:5\n    |\n151 |     pub batch_count: u32,\n    |     ^^^^^^^^^^^^^^^^^^^^\n\n","$message_type":"diagnostic","children":[],"code":{"code":"missing_docs","explanation":null},"level":"warning","message":"missing documentation for a struct field","spans":[{"byte_end":5121,"byte_start":5101,"column_end":25,"column_start":5,"expansion":null,"file_name":"gameplay_sim/src/systems/unified_distance_calculator.rs","is_primary":true,"label":null,"line_end":151,"line_start":151,"suggested_replacement":null,"suggestion_applicability":null,"text":[{"highlight_end":25,"highlight_start":5,"text":"    pub batch_count: u32,"}]}]}}
{"reason":"compiler-message","package_id":"path+file:///Users/bradyjeong/Documents/Projects/Amp/gta4/gta_game/gameplay_sim#0.1.0","manifest_path":"/Users/bradyjeong/Documents/Projects/Amp/gta4/gta_game/gameplay_sim/Cargo.toml","target":{"kind":["lib"],"crate_types":["lib"],"name":"gameplay_sim","src_path":"/Users/bradyjeong/Documents/Projects/Amp/gta4/gta_game/gameplay_sim/src/lib.rs","edition":"2021","doc":true,"doctest":true,"test":true},"message":{"rendered":"warning: missing documentation for a function\n  --> gameplay_sim/src/systems/world/npc_spawn.rs:66:1\n   |\n66 | / pub fn cleanup_distant_npcs_system(\n67 | |     mut commands: Commands,\n68 | |     active_query: Query<&Transform, With<ActiveEntity>>,\n69 | |     npc_query: Query<(Entity, &Transform), With<NPC>>,\n70 | | ) {\n   | |_^\n\n","$message_type":"diagnostic","children":[],"code":{"code":"missing_docs","explanation":null},"level":"warning","message":"missing documentation for a function","spans":[{"byte_end":2500,"byte_start":2323,"column_end":2,"column_start":1,"expansion":null,"file_name":"gameplay_sim/src/systems/world/npc_spawn.rs","is_primary":true,"label":null,"line_end":70,"line_start":66,"suggested_replacement":null,"suggestion_applicability":null,"text":[{"highlight_end":36,"highlight_start":1,"text":"pub fn cleanup_distant_npcs_system("},{"highlight_end":28,"highlight_start":1,"text":"    mut commands: Commands,"},{"highlight_end":57,"highlight_start":1,"text":"    active_query: Query<&Transform, With<ActiveEntity>>,"},{"highlight_end":55,"highlight_start":1,"text":"    npc_query: Query<(Entity, &Transform), With<NPC>>,"},{"highlight_end":2,"highlight_start":1,"text":") {"}]}]}}
{"reason":"compiler-message","package_id":"path+file:///Users/bradyjeong/Documents/Projects/Amp/gta4/gta_game/gameplay_sim#0.1.0","manifest_path":"/Users/bradyjeong/Documents/Projects/Amp/gta4/gta_game/gameplay_sim/Cargo.toml","target":{"kind":["lib"],"crate_types":["lib"],"name":"gameplay_sim","src_path":"/Users/bradyjeong/Documents/Projects/Amp/gta4/gta_game/gameplay_sim/src/lib.rs","edition":"2021","doc":true,"doctest":true,"test":true},"message":{"rendered":"warning: missing documentation for a struct field\n   --> gameplay_sim/src/systems/unified_distance_calculator.rs:152:5\n    |\n152 |     pub individual_count: u32,\n    |     ^^^^^^^^^^^^^^^^^^^^^^^^^\n\n","$message_type":"diagnostic","children":[],"code":{"code":"missing_docs","explanation":null},"level":"warning","message":"missing documentation for a struct field","spans":[{"byte_end":5152,"byte_start":5127,"column_end":30,"column_start":5,"expansion":null,"file_name":"gameplay_sim/src/systems/unified_distance_calculator.rs","is_primary":true,"label":null,"line_end":152,"line_start":152,"suggested_replacement":null,"suggestion_applicability":null,"text":[{"highlight_end":30,"highlight_start":5,"text":"    pub individual_count: u32,"}]}]}}
{"reason":"compiler-message","package_id":"path+file:///Users/bradyjeong/Documents/Projects/Amp/gta4/gta_game/gameplay_sim#0.1.0","manifest_path":"/Users/bradyjeong/Documents/Projects/Amp/gta4/gta_game/gameplay_sim/Cargo.toml","target":{"kind":["lib"],"crate_types":["lib"],"name":"gameplay_sim","src_path":"/Users/bradyjeong/Documents/Projects/Amp/gta4/gta_game/gameplay_sim/src/lib.rs","edition":"2021","doc":true,"doctest":true,"test":true},"message":{"rendered":"warning: missing documentation for a struct field\n   --> gameplay_sim/src/systems/unified_distance_calculator.rs:153:5\n    |\n153 |     pub frame_cache_size: usize,\n    |     ^^^^^^^^^^^^^^^^^^^^^^^^^^^\n\n","$message_type":"diagnostic","children":[],"code":{"code":"missing_docs","explanation":null},"level":"warning","message":"missing documentation for a struct field","spans":[{"byte_end":5185,"byte_start":5158,"column_end":32,"column_start":5,"expansion":null,"file_name":"gameplay_sim/src/systems/unified_distance_calculator.rs","is_primary":true,"label":null,"line_end":153,"line_start":153,"suggested_replacement":null,"suggestion_applicability":null,"text":[{"highlight_end":32,"highlight_start":5,"text":"    pub frame_cache_size: usize,"}]}]}}
{"reason":"compiler-message","package_id":"path+file:///Users/bradyjeong/Documents/Projects/Amp/gta4/gta_game/gameplay_sim#0.1.0","manifest_path":"/Users/bradyjeong/Documents/Projects/Amp/gta4/gta_game/gameplay_sim/Cargo.toml","target":{"kind":["lib"],"crate_types":["lib"],"name":"gameplay_sim","src_path":"/Users/bradyjeong/Documents/Projects/Amp/gta4/gta_game/gameplay_sim/src/lib.rs","edition":"2021","doc":true,"doctest":true,"test":true},"message":{"rendered":"warning: missing documentation for a function\n  --> gameplay_sim/src/systems/world/npc_spawn.rs:84:1\n   |\n84 | / pub fn spawn_simple_npc_with_ground_detection(\n85 | |     commands: &mut Commands,\n86 | |     position: Vec3,\n87 | |     meshes: &mut ResMut<Assets<Mesh>>,\n88 | |     materials: &mut ResMut<Assets<StandardMaterial>>,\n89 | | ) -> Entity {\n   | |___________^\n\n","$message_type":"diagnostic","children":[],"code":{"code":"missing_docs","explanation":null},"level":"warning","message":"missing documentation for a function","spans":[{"byte_end":3181,"byte_start":2981,"column_end":12,"column_start":1,"expansion":null,"file_name":"gameplay_sim/src/systems/world/npc_spawn.rs","is_primary":true,"label":null,"line_end":89,"line_start":84,"suggested_replacement":null,"suggestion_applicability":null,"text":[{"highlight_end":47,"highlight_start":1,"text":"pub fn spawn_simple_npc_with_ground_detection("},{"highlight_end":29,"highlight_start":1,"text":"    commands: &mut Commands,"},{"highlight_end":20,"highlight_start":1,"text":"    position: Vec3,"},{"highlight_end":39,"highlight_start":1,"text":"    meshes: &mut ResMut<Assets<Mesh>>,"},{"highlight_end":54,"highlight_start":1,"text":"    materials: &mut ResMut<Assets<StandardMaterial>>,"},{"highlight_end":12,"highlight_start":1,"text":") -> Entity {"}]}]}}
{"reason":"compiler-message","package_id":"path+file:///Users/bradyjeong/Documents/Projects/Amp/gta4/gta_game/gameplay_sim#0.1.0","manifest_path":"/Users/bradyjeong/Documents/Projects/Amp/gta4/gta_game/gameplay_sim/Cargo.toml","target":{"kind":["lib"],"crate_types":["lib"],"name":"gameplay_sim","src_path":"/Users/bradyjeong/Documents/Projects/Amp/gta4/gta_game/gameplay_sim/src/lib.rs","edition":"2021","doc":true,"doctest":true,"test":true},"message":{"rendered":"warning: missing documentation for a struct field\n   --> gameplay_sim/src/systems/unified_distance_calculator.rs:154:5\n    |\n154 |     pub pending_requests: usize,\n    |     ^^^^^^^^^^^^^^^^^^^^^^^^^^^\n\n","$message_type":"diagnostic","children":[],"code":{"code":"missing_docs","explanation":null},"level":"warning","message":"missing documentation for a struct field","spans":[{"byte_end":5218,"byte_start":5191,"column_end":32,"column_start":5,"expansion":null,"file_name":"gameplay_sim/src/systems/unified_distance_calculator.rs","is_primary":true,"label":null,"line_end":154,"line_start":154,"suggested_replacement":null,"suggestion_applicability":null,"text":[{"highlight_end":32,"highlight_start":5,"text":"    pub pending_requests: usize,"}]}]}}
{"reason":"compiler-message","package_id":"path+file:///Users/bradyjeong/Documents/Projects/Amp/gta4/gta_game/gameplay_sim#0.1.0","manifest_path":"/Users/bradyjeong/Documents/Projects/Amp/gta4/gta_game/gameplay_sim/Cargo.toml","target":{"kind":["lib"],"crate_types":["lib"],"name":"gameplay_sim","src_path":"/Users/bradyjeong/Documents/Projects/Amp/gta4/gta_game/gameplay_sim/src/lib.rs","edition":"2021","doc":true,"doctest":true,"test":true},"message":{"rendered":"warning: missing documentation for a function\n  --> gameplay_sim/src/systems/world/npc_spawn.rs:93:1\n   |\n93 | / pub fn spawn_simple_npc(\n94 | |     commands: &mut Commands,\n95 | |     position: Vec3,\n96 | |     meshes: &mut ResMut<Assets<Mesh>>,\n97 | |     materials: &mut ResMut<Assets<StandardMaterial>>,\n98 | | ) -> Entity {\n   | |___________^\n\n","$message_type":"diagnostic","children":[],"code":{"code":"missing_docs","explanation":null},"level":"warning","message":"missing documentation for a function","spans":[{"byte_end":3426,"byte_start":3248,"column_end":12,"column_start":1,"expansion":null,"file_name":"gameplay_sim/src/systems/world/npc_spawn.rs","is_primary":true,"label":null,"line_end":98,"line_start":93,"suggested_replacement":null,"suggestion_applicability":null,"text":[{"highlight_end":25,"highlight_start":1,"text":"pub fn spawn_simple_npc("},{"highlight_end":29,"highlight_start":1,"text":"    commands: &mut Commands,"},{"highlight_end":20,"highlight_start":1,"text":"    position: Vec3,"},{"highlight_end":39,"highlight_start":1,"text":"    meshes: &mut ResMut<Assets<Mesh>>,"},{"highlight_end":54,"highlight_start":1,"text":"    materials: &mut ResMut<Assets<StandardMaterial>>,"},{"highlight_end":12,"highlight_start":1,"text":") -> Entity {"}]}]}}
{"reason":"compiler-message","package_id":"path+file:///Users/bradyjeong/Documents/Projects/Amp/gta4/gta_game/gameplay_sim#0.1.0","manifest_path":"/Users/bradyjeong/Documents/Projects/Amp/gta4/gta_game/gameplay_sim/Cargo.toml","target":{"kind":["lib"],"crate_types":["lib"],"name":"gameplay_sim","src_path":"/Users/bradyjeong/Documents/Projects/Amp/gta4/gta_game/gameplay_sim/src/lib.rs","edition":"2021","doc":true,"doctest":true,"test":true},"message":{"rendered":"warning: missing documentation for a function\n   --> gameplay_sim/src/systems/world/npc_spawn.rs:102:1\n    |\n102 | / pub fn spawn_npc_with_new_architecture(\n103 | |     commands: &mut Commands,\n104 | |     position: Vec3,\n105 | |     meshes: &mut ResMut<Assets<Mesh>>,\n106 | |     materials: &mut ResMut<Assets<StandardMaterial>>,\n107 | | ) -> Entity {\n    | |___________^\n\n","$message_type":"diagnostic","children":[],"code":{"code":"missing_docs","explanation":null},"level":"warning","message":"missing documentation for a function","spans":[{"byte_end":3686,"byte_start":3493,"column_end":12,"column_start":1,"expansion":null,"file_name":"gameplay_sim/src/systems/world/npc_spawn.rs","is_primary":true,"label":null,"line_end":107,"line_start":102,"suggested_replacement":null,"suggestion_applicability":null,"text":[{"highlight_end":40,"highlight_start":1,"text":"pub fn spawn_npc_with_new_architecture("},{"highlight_end":29,"highlight_start":1,"text":"    commands: &mut Commands,"},{"highlight_end":20,"highlight_start":1,"text":"    position: Vec3,"},{"highlight_end":39,"highlight_start":1,"text":"    meshes: &mut ResMut<Assets<Mesh>>,"},{"highlight_end":54,"highlight_start":1,"text":"    materials: &mut ResMut<Assets<StandardMaterial>>,"},{"highlight_end":12,"highlight_start":1,"text":") -> Entity {"}]}]}}
{"reason":"compiler-message","package_id":"path+file:///Users/bradyjeong/Documents/Projects/Amp/gta4/gta_game/gameplay_sim#0.1.0","manifest_path":"/Users/bradyjeong/Documents/Projects/Amp/gta4/gta_game/gameplay_sim/Cargo.toml","target":{"kind":["lib"],"crate_types":["lib"],"name":"gameplay_sim","src_path":"/Users/bradyjeong/Documents/Projects/Amp/gta4/gta_game/gameplay_sim/src/lib.rs","edition":"2021","doc":true,"doctest":true,"test":true},"message":{"rendered":"warning: missing documentation for a module\n  --> gameplay_sim/src/systems/world/mod.rs:19:1\n   |\n19 | pub mod debug;\n   | ^^^^^^^^^^^^^\n\n","$message_type":"diagnostic","children":[],"code":{"code":"missing_docs","explanation":null},"level":"warning","message":"missing documentation for a module","spans":[{"byte_end":708,"byte_start":695,"column_end":14,"column_start":1,"expansion":null,"file_name":"gameplay_sim/src/systems/world/mod.rs","is_primary":true,"label":null,"line_end":19,"line_start":19,"suggested_replacement":null,"suggestion_applicability":null,"text":[{"highlight_end":14,"highlight_start":1,"text":"pub mod debug;"}]}]}}
{"reason":"compiler-message","package_id":"path+file:///Users/bradyjeong/Documents/Projects/Amp/gta4/gta_game/gameplay_sim#0.1.0","manifest_path":"/Users/bradyjeong/Documents/Projects/Amp/gta4/gta_game/gameplay_sim/Cargo.toml","target":{"kind":["lib"],"crate_types":["lib"],"name":"gameplay_sim","src_path":"/Users/bradyjeong/Documents/Projects/Amp/gta4/gta_game/gameplay_sim/src/lib.rs","edition":"2021","doc":true,"doctest":true,"test":true},"message":{"rendered":"warning: missing documentation for a function\n   --> gameplay_sim/src/systems/world/npc_spawn.rs:111:1\n    |\n111 | / pub fn migrate_legacy_npcs(\n112 | |     mut commands: Commands,\n113 | |     legacy_npc_query: Query<Entity, (With<NPC>, Without<DynamicContent>)>,\n114 | | ) {\n    | |_^\n\n","$message_type":"diagnostic","children":[],"code":{"code":"missing_docs","explanation":null},"level":"warning","message":"missing documentation for a function","spans":[{"byte_end":3885,"byte_start":3753,"column_end":2,"column_start":1,"expansion":null,"file_name":"gameplay_sim/src/systems/world/npc_spawn.rs","is_primary":true,"label":null,"line_end":114,"line_start":111,"suggested_replacement":null,"suggestion_applicability":null,"text":[{"highlight_end":28,"highlight_start":1,"text":"pub fn migrate_legacy_npcs("},{"highlight_end":28,"highlight_start":1,"text":"    mut commands: Commands,"},{"highlight_end":75,"highlight_start":1,"text":"    legacy_npc_query: Query<Entity, (With<NPC>, Without<DynamicContent>)>,"},{"highlight_end":2,"highlight_start":1,"text":") {"}]}]}}
{"reason":"compiler-message","package_id":"path+file:///Users/bradyjeong/Documents/Projects/Amp/gta4/gta_game/gameplay_sim#0.1.0","manifest_path":"/Users/bradyjeong/Documents/Projects/Amp/gta4/gta_game/gameplay_sim/Cargo.toml","target":{"kind":["lib"],"crate_types":["lib"],"name":"gameplay_sim","src_path":"/Users/bradyjeong/Documents/Projects/Amp/gta4/gta_game/gameplay_sim/src/lib.rs","edition":"2021","doc":true,"doctest":true,"test":true},"message":{"rendered":"warning: missing documentation for an enum\n  --> gameplay_sim/src/systems/world/vegetation_lod.rs:16:1\n   |\n16 | pub enum VegetationDetailLevel {\n   | ^^^^^^^^^^^^^^^^^^^^^^^^^^^^^^\n\n","$message_type":"diagnostic","children":[],"code":{"code":"missing_docs","explanation":null},"level":"warning","message":"missing documentation for an enum","spans":[{"byte_end":731,"byte_start":701,"column_end":31,"column_start":1,"expansion":null,"file_name":"gameplay_sim/src/systems/world/vegetation_lod.rs","is_primary":true,"label":null,"line_end":16,"line_start":16,"suggested_replacement":null,"suggestion_applicability":null,"text":[{"highlight_end":31,"highlight_start":1,"text":"pub enum VegetationDetailLevel {"}]}]}}
{"reason":"compiler-message","package_id":"path+file:///Users/bradyjeong/Documents/Projects/Amp/gta4/gta_game/gameplay_sim#0.1.0","manifest_path":"/Users/bradyjeong/Documents/Projects/Amp/gta4/gta_game/gameplay_sim/Cargo.toml","target":{"kind":["lib"],"crate_types":["lib"],"name":"gameplay_sim","src_path":"/Users/bradyjeong/Documents/Projects/Amp/gta4/gta_game/gameplay_sim/src/lib.rs","edition":"2021","doc":true,"doctest":true,"test":true},"message":{"rendered":"warning: missing documentation for a variant\n  --> gameplay_sim/src/systems/world/vegetation_lod.rs:17:5\n   |\n17 |     High,       // Full 3D model\n   |     ^^^^\n\n","$message_type":"diagnostic","children":[],"code":{"code":"missing_docs","explanation":null},"level":"warning","message":"missing documentation for a variant","spans":[{"byte_end":742,"byte_start":738,"column_end":9,"column_start":5,"expansion":null,"file_name":"gameplay_sim/src/systems/world/vegetation_lod.rs","is_primary":true,"label":null,"line_end":17,"line_start":17,"suggested_replacement":null,"suggestion_applicability":null,"text":[{"highlight_end":9,"highlight_start":5,"text":"    High,       // Full 3D model"}]}]}}
{"reason":"compiler-message","package_id":"path+file:///Users/bradyjeong/Documents/Projects/Amp/gta4/gta_game/gameplay_sim#0.1.0","manifest_path":"/Users/bradyjeong/Documents/Projects/Amp/gta4/gta_game/gameplay_sim/Cargo.toml","target":{"kind":["lib"],"crate_types":["lib"],"name":"gameplay_sim","src_path":"/Users/bradyjeong/Documents/Projects/Amp/gta4/gta_game/gameplay_sim/src/lib.rs","edition":"2021","doc":true,"doctest":true,"test":true},"message":{"rendered":"warning: missing documentation for a variant\n  --> gameplay_sim/src/systems/world/vegetation_lod.rs:18:5\n   |\n18 |     Medium,     // Simplified 3D model\n   |     ^^^^^^\n\n","$message_type":"diagnostic","children":[],"code":{"code":"missing_docs","explanation":null},"level":"warning","message":"missing documentation for a variant","spans":[{"byte_end":777,"byte_start":771,"column_end":11,"column_start":5,"expansion":null,"file_name":"gameplay_sim/src/systems/world/vegetation_lod.rs","is_primary":true,"label":null,"line_end":18,"line_start":18,"suggested_replacement":null,"suggestion_applicability":null,"text":[{"highlight_end":11,"highlight_start":5,"text":"    Medium,     // Simplified 3D model"}]}]}}
{"reason":"compiler-message","package_id":"path+file:///Users/bradyjeong/Documents/Projects/Amp/gta4/gta_game/gameplay_sim#0.1.0","manifest_path":"/Users/bradyjeong/Documents/Projects/Amp/gta4/gta_game/gameplay_sim/Cargo.toml","target":{"kind":["lib"],"crate_types":["lib"],"name":"gameplay_sim","src_path":"/Users/bradyjeong/Documents/Projects/Amp/gta4/gta_game/gameplay_sim/src/lib.rs","edition":"2021","doc":true,"doctest":true,"test":true},"message":{"rendered":"warning: missing documentation for a variant\n  --> gameplay_sim/src/systems/world/vegetation_lod.rs:19:5\n   |\n19 |     Low,        // Very simple 3D model\n   |     ^^^\n\n","$message_type":"diagnostic","children":[],"code":{"code":"missing_docs","explanation":null},"level":"warning","message":"missing documentation for a variant","spans":[{"byte_end":813,"byte_start":810,"column_end":8,"column_start":5,"expansion":null,"file_name":"gameplay_sim/src/systems/world/vegetation_lod.rs","is_primary":true,"label":null,"line_end":19,"line_start":19,"suggested_replacement":null,"suggestion_applicability":null,"text":[{"highlight_end":8,"highlight_start":5,"text":"    Low,        // Very simple 3D model"}]}]}}
{"reason":"compiler-message","package_id":"path+file:///Users/bradyjeong/Documents/Projects/Amp/gta4/gta_game/gameplay_sim#0.1.0","manifest_path":"/Users/bradyjeong/Documents/Projects/Amp/gta4/gta_game/gameplay_sim/Cargo.toml","target":{"kind":["lib"],"crate_types":["lib"],"name":"gameplay_sim","src_path":"/Users/bradyjeong/Documents/Projects/Amp/gta4/gta_game/gameplay_sim/src/lib.rs","edition":"2021","doc":true,"doctest":true,"test":true},"message":{"rendered":"warning: missing documentation for a variant\n  --> gameplay_sim/src/systems/world/vegetation_lod.rs:20:5\n   |\n20 |     Billboard,  // 2D billboard sprite\n   |     ^^^^^^^^^\n\n","$message_type":"diagnostic","children":[],"code":{"code":"missing_docs","explanation":null},"level":"warning","message":"missing documentation for a variant","spans":[{"byte_end":859,"byte_start":850,"column_end":14,"column_start":5,"expansion":null,"file_name":"gameplay_sim/src/systems/world/vegetation_lod.rs","is_primary":true,"label":null,"line_end":20,"line_start":20,"suggested_replacement":null,"suggestion_applicability":null,"text":[{"highlight_end":14,"highlight_start":5,"text":"    Billboard,  // 2D billboard sprite"}]}]}}
{"reason":"compiler-message","package_id":"path+file:///Users/bradyjeong/Documents/Projects/Amp/gta4/gta_game/gameplay_sim#0.1.0","manifest_path":"/Users/bradyjeong/Documents/Projects/Amp/gta4/gta_game/gameplay_sim/Cargo.toml","target":{"kind":["lib"],"crate_types":["lib"],"name":"gameplay_sim","src_path":"/Users/bradyjeong/Documents/Projects/Amp/gta4/gta_game/gameplay_sim/src/lib.rs","edition":"2021","doc":true,"doctest":true,"test":true},"message":{"rendered":"warning: missing documentation for a variant\n  --> gameplay_sim/src/systems/world/vegetation_lod.rs:21:5\n   |\n21 |     Hidden,     // Not visible\n   |     ^^^^^^\n\n","$message_type":"diagnostic","children":[],"code":{"code":"missing_docs","explanation":null},"level":"warning","message":"missing documentation for a variant","spans":[{"byte_end":895,"byte_start":889,"column_end":11,"column_start":5,"expansion":null,"file_name":"gameplay_sim/src/systems/world/vegetation_lod.rs","is_primary":true,"label":null,"line_end":21,"line_start":21,"suggested_replacement":null,"suggestion_applicability":null,"text":[{"highlight_end":11,"highlight_start":5,"text":"    Hidden,     // Not visible"}]}]}}
{"reason":"compiler-message","package_id":"path+file:///Users/bradyjeong/Documents/Projects/Amp/gta4/gta_game/gameplay_sim#0.1.0","manifest_path":"/Users/bradyjeong/Documents/Projects/Amp/gta4/gta_game/gameplay_sim/Cargo.toml","target":{"kind":["lib"],"crate_types":["lib"],"name":"gameplay_sim","src_path":"/Users/bradyjeong/Documents/Projects/Amp/gta4/gta_game/gameplay_sim/src/lib.rs","edition":"2021","doc":true,"doctest":true,"test":true},"message":{"rendered":"warning: missing documentation for a struct\n  --> gameplay_sim/src/systems/world/culling.rs:19:1\n   |\n19 | pub struct CullingTimer {\n   | ^^^^^^^^^^^^^^^^^^^^^^^\n\n","$message_type":"diagnostic","children":[],"code":{"code":"missing_docs","explanation":null},"level":"warning","message":"missing documentation for a struct","spans":[{"byte_end":974,"byte_start":951,"column_end":24,"column_start":1,"expansion":null,"file_name":"gameplay_sim/src/systems/world/culling.rs","is_primary":true,"label":null,"line_end":19,"line_start":19,"suggested_replacement":null,"suggestion_applicability":null,"text":[{"highlight_end":24,"highlight_start":1,"text":"pub struct CullingTimer {"}]}]}}
{"reason":"compiler-message","package_id":"path+file:///Users/bradyjeong/Documents/Projects/Amp/gta4/gta_game/gameplay_sim#0.1.0","manifest_path":"/Users/bradyjeong/Documents/Projects/Amp/gta4/gta_game/gameplay_sim/Cargo.toml","target":{"kind":["lib"],"crate_types":["lib"],"name":"gameplay_sim","src_path":"/Users/bradyjeong/Documents/Projects/Amp/gta4/gta_game/gameplay_sim/src/lib.rs","edition":"2021","doc":true,"doctest":true,"test":true},"message":{"rendered":"warning: missing documentation for a struct\n  --> gameplay_sim/src/systems/world/vegetation_lod.rs:25:1\n   |\n25 | pub struct VegetationLOD {\n   | ^^^^^^^^^^^^^^^^^^^^^^^^\n\n","$message_type":"diagnostic","children":[],"code":{"code":"missing_docs","explanation":null},"level":"warning","message":"missing documentation for a struct","spans":[{"byte_end":978,"byte_start":954,"column_end":25,"column_start":1,"expansion":null,"file_name":"gameplay_sim/src/systems/world/vegetation_lod.rs","is_primary":true,"label":null,"line_end":25,"line_start":25,"suggested_replacement":null,"suggestion_applicability":null,"text":[{"highlight_end":25,"highlight_start":1,"text":"pub struct VegetationLOD {"}]}]}}
{"reason":"compiler-message","package_id":"path+file:///Users/bradyjeong/Documents/Projects/Amp/gta4/gta_game/gameplay_sim#0.1.0","manifest_path":"/Users/bradyjeong/Documents/Projects/Amp/gta4/gta_game/gameplay_sim/Cargo.toml","target":{"kind":["lib"],"crate_types":["lib"],"name":"gameplay_sim","src_path":"/Users/bradyjeong/Documents/Projects/Amp/gta4/gta_game/gameplay_sim/src/lib.rs","edition":"2021","doc":true,"doctest":true,"test":true},"message":{"rendered":"warning: missing documentation for a struct field\n  --> gameplay_sim/src/systems/world/vegetation_lod.rs:26:5\n   |\n26 |     pub detail_level: VegetationDetailLevel,\n   |     ^^^^^^^^^^^^^^^^^^^^^^^^^^^^^^^^^^^^^^^\n\n","$message_type":"diagnostic","children":[],"code":{"code":"missing_docs","explanation":null},"level":"warning","message":"missing documentation for a struct field","spans":[{"byte_end":1024,"byte_start":985,"column_end":44,"column_start":5,"expansion":null,"file_name":"gameplay_sim/src/systems/world/vegetation_lod.rs","is_primary":true,"label":null,"line_end":26,"line_start":26,"suggested_replacement":null,"suggestion_applicability":null,"text":[{"highlight_end":44,"highlight_start":5,"text":"    pub detail_level: VegetationDetailLevel,"}]}]}}
{"reason":"compiler-message","package_id":"path+file:///Users/bradyjeong/Documents/Projects/Amp/gta4/gta_game/gameplay_sim#0.1.0","manifest_path":"/Users/bradyjeong/Documents/Projects/Amp/gta4/gta_game/gameplay_sim/Cargo.toml","target":{"kind":["lib"],"crate_types":["lib"],"name":"gameplay_sim","src_path":"/Users/bradyjeong/Documents/Projects/Amp/gta4/gta_game/gameplay_sim/src/lib.rs","edition":"2021","doc":true,"doctest":true,"test":true},"message":{"rendered":"warning: missing documentation for a function\n  --> gameplay_sim/src/systems/world/culling.rs:22:1\n   |\n22 | / pub fn distance_culling_system(\n23 | |     mut cullable_query: Query<(Entity, &mut Cullable, &mut Visibility, &Transform), Without<ActiveEntity>>,\n24 | |     active_query: Query<(Entity, &Transform), (With<ActiveEntity>, Without<Cullable>)>,\n25 | |     _settings: Res<CullingSettings>,\n...  |\n28 | |     mut distance_cache: ResMut<DistanceCache>,\n29 | | ) {\n   | |_^\n\n","$message_type":"diagnostic","children":[],"code":{"code":"missing_docs","explanation":null},"level":"warning","message":"missing documentation for a function","spans":[{"byte_end":1365,"byte_start":995,"column_end":2,"column_start":1,"expansion":null,"file_name":"gameplay_sim/src/systems/world/culling.rs","is_primary":true,"label":null,"line_end":29,"line_start":22,"suggested_replacement":null,"suggestion_applicability":null,"text":[{"highlight_end":32,"highlight_start":1,"text":"pub fn distance_culling_system("},{"highlight_end":108,"highlight_start":1,"text":"    mut cullable_query: Query<(Entity, &mut Cullable, &mut Visibility, &Transform), Without<ActiveEntity>>,"},{"highlight_end":88,"highlight_start":1,"text":"    active_query: Query<(Entity, &Transform), (With<ActiveEntity>, Without<Cullable>)>,"},{"highlight_end":37,"highlight_start":1,"text":"    _settings: Res<CullingSettings>,"},{"highlight_end":21,"highlight_start":1,"text":"    time: Res<Time>,"},{"highlight_end":36,"highlight_start":1,"text":"    mut timer: Local<CullingTimer>,"},{"highlight_end":47,"highlight_start":1,"text":"    mut distance_cache: ResMut<DistanceCache>,"},{"highlight_end":2,"highlight_start":1,"text":") {"}]}]}}
{"reason":"compiler-message","package_id":"path+file:///Users/bradyjeong/Documents/Projects/Amp/gta4/gta_game/gameplay_sim#0.1.0","manifest_path":"/Users/bradyjeong/Documents/Projects/Amp/gta4/gta_game/gameplay_sim/Cargo.toml","target":{"kind":["lib"],"crate_types":["lib"],"name":"gameplay_sim","src_path":"/Users/bradyjeong/Documents/Projects/Amp/gta4/gta_game/gameplay_sim/src/lib.rs","edition":"2021","doc":true,"doctest":true,"test":true},"message":{"rendered":"warning: missing documentation for a struct field\n  --> gameplay_sim/src/systems/world/vegetation_lod.rs:27:5\n   |\n27 |     pub last_update: f32,\n   |     ^^^^^^^^^^^^^^^^^^^^\n\n","$message_type":"diagnostic","children":[],"code":{"code":"missing_docs","explanation":null},"level":"warning","message":"missing documentation for a struct field","spans":[{"byte_end":1050,"byte_start":1030,"column_end":25,"column_start":5,"expansion":null,"file_name":"gameplay_sim/src/systems/world/vegetation_lod.rs","is_primary":true,"label":null,"line_end":27,"line_start":27,"suggested_replacement":null,"suggestion_applicability":null,"text":[{"highlight_end":25,"highlight_start":5,"text":"    pub last_update: f32,"}]}]}}
{"reason":"compiler-message","package_id":"path+file:///Users/bradyjeong/Documents/Projects/Amp/gta4/gta_game/gameplay_sim#0.1.0","manifest_path":"/Users/bradyjeong/Documents/Projects/Amp/gta4/gta_game/gameplay_sim/Cargo.toml","target":{"kind":["lib"],"crate_types":["lib"],"name":"gameplay_sim","src_path":"/Users/bradyjeong/Documents/Projects/Amp/gta4/gta_game/gameplay_sim/src/lib.rs","edition":"2021","doc":true,"doctest":true,"test":true},"message":{"rendered":"warning: missing documentation for a struct field\n  --> gameplay_sim/src/systems/world/vegetation_lod.rs:28:5\n   |\n28 |     pub base_distance: f32,\n   |     ^^^^^^^^^^^^^^^^^^^^^^\n\n","$message_type":"diagnostic","children":[],"code":{"code":"missing_docs","explanation":null},"level":"warning","message":"missing documentation for a struct field","spans":[{"byte_end":1078,"byte_start":1056,"column_end":27,"column_start":5,"expansion":null,"file_name":"gameplay_sim/src/systems/world/vegetation_lod.rs","is_primary":true,"label":null,"line_end":28,"line_start":28,"suggested_replacement":null,"suggestion_applicability":null,"text":[{"highlight_end":27,"highlight_start":5,"text":"    pub base_distance: f32,"}]}]}}
{"reason":"compiler-message","package_id":"path+file:///Users/bradyjeong/Documents/Projects/Amp/gta4/gta_game/gameplay_sim#0.1.0","manifest_path":"/Users/bradyjeong/Documents/Projects/Amp/gta4/gta_game/gameplay_sim/Cargo.toml","target":{"kind":["lib"],"crate_types":["lib"],"name":"gameplay_sim","src_path":"/Users/bradyjeong/Documents/Projects/Amp/gta4/gta_game/gameplay_sim/src/lib.rs","edition":"2021","doc":true,"doctest":true,"test":true},"message":{"rendered":"warning: missing documentation for a function\n  --> gameplay_sim/src/systems/world/dynamic_content.rs:26:1\n   |\n26 | / pub fn dynamic_terrain_system(\n27 | |     mut terrain_query: Query<&mut Transform, (With<DynamicTerrain>, Without<ActiveEntity>)>,\n28 | |     active_query: Query<&Transform, (With<ActiveEntity>, Without<DynamicTerrain>)>,\n29 | | ) {\n   | |_^\n\n","$message_type":"diagnostic","children":[],"code":{"code":"missing_docs","explanation":null},"level":"warning","message":"missing documentation for a function","spans":[{"byte_end":1344,"byte_start":1135,"column_end":2,"column_start":1,"expansion":null,"file_name":"gameplay_sim/src/systems/world/dynamic_content.rs","is_primary":true,"label":null,"line_end":29,"line_start":26,"suggested_replacement":null,"suggestion_applicability":null,"text":[{"highlight_end":31,"highlight_start":1,"text":"pub fn dynamic_terrain_system("},{"highlight_end":93,"highlight_start":1,"text":"    mut terrain_query: Query<&mut Transform, (With<DynamicTerrain>, Without<ActiveEntity>)>,"},{"highlight_end":84,"highlight_start":1,"text":"    active_query: Query<&Transform, (With<ActiveEntity>, Without<DynamicTerrain>)>,"},{"highlight_end":2,"highlight_start":1,"text":") {"}]}]}}
{"reason":"compiler-message","package_id":"path+file:///Users/bradyjeong/Documents/Projects/Amp/gta4/gta_game/gameplay_sim#0.1.0","manifest_path":"/Users/bradyjeong/Documents/Projects/Amp/gta4/gta_game/gameplay_sim/Cargo.toml","target":{"kind":["lib"],"crate_types":["lib"],"name":"gameplay_sim","src_path":"/Users/bradyjeong/Documents/Projects/Amp/gta4/gta_game/gameplay_sim/src/lib.rs","edition":"2021","doc":true,"doctest":true,"test":true},"message":{"rendered":"warning: missing documentation for a struct\n  --> gameplay_sim/src/systems/world/vegetation_lod.rs:42:1\n   |\n42 | pub struct VegetationBillboard {\n   | ^^^^^^^^^^^^^^^^^^^^^^^^^^^^^^\n\n","$message_type":"diagnostic","children":[],"code":{"code":"missing_docs","explanation":null},"level":"warning","message":"missing documentation for a struct","spans":[{"byte_end":1361,"byte_start":1331,"column_end":31,"column_start":1,"expansion":null,"file_name":"gameplay_sim/src/systems/world/vegetation_lod.rs","is_primary":true,"label":null,"line_end":42,"line_start":42,"suggested_replacement":null,"suggestion_applicability":null,"text":[{"highlight_end":31,"highlight_start":1,"text":"pub struct VegetationBillboard {"}]}]}}
{"reason":"compiler-message","package_id":"path+file:///Users/bradyjeong/Documents/Projects/Amp/gta4/gta_game/gameplay_sim#0.1.0","manifest_path":"/Users/bradyjeong/Documents/Projects/Amp/gta4/gta_game/gameplay_sim/Cargo.toml","target":{"kind":["lib"],"crate_types":["lib"],"name":"gameplay_sim","src_path":"/Users/bradyjeong/Documents/Projects/Amp/gta4/gta_game/gameplay_sim/src/lib.rs","edition":"2021","doc":true,"doctest":true,"test":true},"message":{"rendered":"warning: missing documentation for a struct\n  --> gameplay_sim/src/systems/world/dynamic_content.rs:46:1\n   |\n46 | pub struct DynamicContentTimer {\n   | ^^^^^^^^^^^^^^^^^^^^^^^^^^^^^^\n\n","$message_type":"diagnostic","children":[],"code":{"code":"missing_docs","explanation":null},"level":"warning","message":"missing documentation for a struct","spans":[{"byte_end":2185,"byte_start":2155,"column_end":31,"column_start":1,"expansion":null,"file_name":"gameplay_sim/src/systems/world/dynamic_content.rs","is_primary":true,"label":null,"line_end":46,"line_start":46,"suggested_replacement":null,"suggestion_applicability":null,"text":[{"highlight_end":31,"highlight_start":1,"text":"pub struct DynamicContentTimer {"}]}]}}
{"reason":"compiler-message","package_id":"path+file:///Users/bradyjeong/Documents/Projects/Amp/gta4/gta_game/gameplay_sim#0.1.0","manifest_path":"/Users/bradyjeong/Documents/Projects/Amp/gta4/gta_game/gameplay_sim/Cargo.toml","target":{"kind":["lib"],"crate_types":["lib"],"name":"gameplay_sim","src_path":"/Users/bradyjeong/Documents/Projects/Amp/gta4/gta_game/gameplay_sim/src/lib.rs","edition":"2021","doc":true,"doctest":true,"test":true},"message":{"rendered":"warning: missing documentation for a struct field\n  --> gameplay_sim/src/systems/world/vegetation_lod.rs:43:5\n   |\n43 |     pub original_up: Vec3,\n   |     ^^^^^^^^^^^^^^^^^^^^^\n\n","$message_type":"diagnostic","children":[],"code":{"code":"missing_docs","explanation":null},"level":"warning","message":"missing documentation for a struct field","spans":[{"byte_end":1389,"byte_start":1368,"column_end":26,"column_start":5,"expansion":null,"file_name":"gameplay_sim/src/systems/world/vegetation_lod.rs","is_primary":true,"label":null,"line_end":43,"line_start":43,"suggested_replacement":null,"suggestion_applicability":null,"text":[{"highlight_end":26,"highlight_start":5,"text":"    pub original_up: Vec3,"}]}]}}
{"reason":"compiler-message","package_id":"path+file:///Users/bradyjeong/Documents/Projects/Amp/gta4/gta_game/gameplay_sim#0.1.0","manifest_path":"/Users/bradyjeong/Documents/Projects/Amp/gta4/gta_game/gameplay_sim/Cargo.toml","target":{"kind":["lib"],"crate_types":["lib"],"name":"gameplay_sim","src_path":"/Users/bradyjeong/Documents/Projects/Amp/gta4/gta_game/gameplay_sim/src/lib.rs","edition":"2021","doc":true,"doctest":true,"test":true},"message":{"rendered":"warning: missing documentation for a function\n  --> gameplay_sim/src/systems/world/dynamic_content.rs:51:1\n   |\n51 | / pub fn dynamic_content_system(\n52 | |     mut commands: Commands,\n53 | |     active_query: Query<&Transform, (With<ActiveEntity>, Without<DynamicContent>)>,\n54 | |     content_query: Query<(Entity, &Transform, &DynamicContent)>,\n...  |\n63 | |     game_config: Res<GameConfig>,\n64 | | ) {\n   | |_^\n\n","$message_type":"diagnostic","children":[],"code":{"code":"missing_docs","explanation":null},"level":"warning","message":"missing documentation for a function","spans":[{"byte_end":2859,"byte_start":2242,"column_end":2,"column_start":1,"expansion":null,"file_name":"gameplay_sim/src/systems/world/dynamic_content.rs","is_primary":true,"label":null,"line_end":64,"line_start":51,"suggested_replacement":null,"suggestion_applicability":null,"text":[{"highlight_end":31,"highlight_start":1,"text":"pub fn dynamic_content_system("},{"highlight_end":28,"highlight_start":1,"text":"    mut commands: Commands,"},{"highlight_end":84,"highlight_start":1,"text":"    active_query: Query<&Transform, (With<ActiveEntity>, Without<DynamicContent>)>,"},{"highlight_end":65,"highlight_start":1,"text":"    content_query: Query<(Entity, &Transform, &DynamicContent)>,"},{"highlight_end":86,"highlight_start":1,"text":"    existing_vehicles_query: Query<&Transform, (With<Car>, Without<DynamicContent>)>,"},{"highlight_end":38,"highlight_start":1,"text":"    mut meshes: ResMut<Assets<Mesh>>,"},{"highlight_end":53,"highlight_start":1,"text":"    mut materials: ResMut<Assets<StandardMaterial>>,"},{"highlight_end":42,"highlight_start":1,"text":"    _entity_limits: ResMut<EntityLimits>,"},{"highlight_end":55,"highlight_start":1,"text":"    mut unified_factory: ResMut<UnifiedEntityFactory>,"},{"highlight_end":36,"highlight_start":1,"text":"    road_network: Res<RoadNetwork>,"},{"highlight_end":21,"highlight_start":1,"text":"    time: Res<Time>,"},{"highlight_end":43,"highlight_start":1,"text":"    mut timer: Local<DynamicContentTimer>,"},{"highlight_end":34,"highlight_start":1,"text":"    game_config: Res<GameConfig>,"},{"highlight_end":2,"highlight_start":1,"text":") {"}]}]}}
{"reason":"compiler-message","package_id":"path+file:///Users/bradyjeong/Documents/Projects/Amp/gta4/gta_game/gameplay_sim#0.1.0","manifest_path":"/Users/bradyjeong/Documents/Projects/Amp/gta4/gta_game/gameplay_sim/Cargo.toml","target":{"kind":["lib"],"crate_types":["lib"],"name":"gameplay_sim","src_path":"/Users/bradyjeong/Documents/Projects/Amp/gta4/gta_game/gameplay_sim/src/lib.rs","edition":"2021","doc":true,"doctest":true,"test":true},"message":{"rendered":"warning: missing documentation for a function\n  --> gameplay_sim/src/systems/world/vegetation_lod.rs:50:1\n   |\n50 | / pub fn vegetation_lod_system(\n51 | |     active_query: Query<&Transform, With<ActiveEntity>>,\n52 | |     mut vegetation_query: Query<(Entity, &mut VegetationLOD, &Transform, &mut Visibility)>,\n53 | |     time: Res<Time>,\n54 | | ) {\n   | |_^\n\n","$message_type":"diagnostic","children":[],"code":{"code":"missing_docs","explanation":null},"level":"warning","message":"missing documentation for a function","spans":[{"byte_end":1669,"byte_start":1468,"column_end":2,"column_start":1,"expansion":null,"file_name":"gameplay_sim/src/systems/world/vegetation_lod.rs","is_primary":true,"label":null,"line_end":54,"line_start":50,"suggested_replacement":null,"suggestion_applicability":null,"text":[{"highlight_end":30,"highlight_start":1,"text":"pub fn vegetation_lod_system("},{"highlight_end":57,"highlight_start":1,"text":"    active_query: Query<&Transform, With<ActiveEntity>>,"},{"highlight_end":92,"highlight_start":1,"text":"    mut vegetation_query: Query<(Entity, &mut VegetationLOD, &Transform, &mut Visibility)>,"},{"highlight_end":21,"highlight_start":1,"text":"    time: Res<Time>,"},{"highlight_end":2,"highlight_start":1,"text":") {"}]}]}}
{"reason":"compiler-message","package_id":"path+file:///Users/bradyjeong/Documents/Projects/Amp/gta4/gta_game/gameplay_sim#0.1.0","manifest_path":"/Users/bradyjeong/Documents/Projects/Amp/gta4/gta_game/gameplay_sim/Cargo.toml","target":{"kind":["lib"],"crate_types":["lib"],"name":"gameplay_sim","src_path":"/Users/bradyjeong/Documents/Projects/Amp/gta4/gta_game/gameplay_sim/src/lib.rs","edition":"2021","doc":true,"doctest":true,"test":true},"message":{"rendered":"warning: missing documentation for a function\n   --> gameplay_sim/src/systems/world/dynamic_content.rs:167:1\n    |\n167 | / pub fn vehicle_separation_system(\n168 | |     mut vehicle_query: Query<(&mut Transform, &mut Velocity), (With<Car>, With<DynamicContent>)>,\n169 | | ) {\n    | |_^\n\n","$message_type":"diagnostic","children":[],"code":{"code":"missing_docs","explanation":null},"level":"warning","message":"missing documentation for a function","spans":[{"byte_end":8142,"byte_start":8009,"column_end":2,"column_start":1,"expansion":null,"file_name":"gameplay_sim/src/systems/world/dynamic_content.rs","is_primary":true,"label":null,"line_end":169,"line_start":167,"suggested_replacement":null,"suggestion_applicability":null,"text":[{"highlight_end":34,"highlight_start":1,"text":"pub fn vehicle_separation_system("},{"highlight_end":98,"highlight_start":1,"text":"    mut vehicle_query: Query<(&mut Transform, &mut Velocity), (With<Car>, With<DynamicContent>)>,"},{"highlight_end":2,"highlight_start":1,"text":") {"}]}]}}
{"reason":"compiler-message","package_id":"path+file:///Users/bradyjeong/Documents/Projects/Amp/gta4/gta_game/gameplay_sim#0.1.0","manifest_path":"/Users/bradyjeong/Documents/Projects/Amp/gta4/gta_game/gameplay_sim/Cargo.toml","target":{"kind":["lib"],"crate_types":["lib"],"name":"gameplay_sim","src_path":"/Users/bradyjeong/Documents/Projects/Amp/gta4/gta_game/gameplay_sim/src/lib.rs","edition":"2021","doc":true,"doctest":true,"test":true},"message":{"rendered":"warning: missing documentation for a function\n  --> gameplay_sim/src/systems/world/vegetation_lod.rs:95:1\n   |\n95 | / pub fn vegetation_billboard_system(\n96 | |     active_query: Query<&Transform, With<ActiveEntity>>,\n97 | |     mut billboard_query: Query<(&mut Transform, &VegetationLOD, &VegetationBillboard), (Without<ActiveEntity>, With<VegetationBillboard>)>,\n98 | | ) {\n   | |_^\n\n","$message_type":"diagnostic","children":[],"code":{"code":"missing_docs","explanation":null},"level":"warning","message":"missing documentation for a function","spans":[{"byte_end":3407,"byte_start":3173,"column_end":2,"column_start":1,"expansion":null,"file_name":"gameplay_sim/src/systems/world/vegetation_lod.rs","is_primary":true,"label":null,"line_end":98,"line_start":95,"suggested_replacement":null,"suggestion_applicability":null,"text":[{"highlight_end":36,"highlight_start":1,"text":"pub fn vegetation_billboard_system("},{"highlight_end":57,"highlight_start":1,"text":"    active_query: Query<&Transform, With<ActiveEntity>>,"},{"highlight_end":140,"highlight_start":1,"text":"    mut billboard_query: Query<(&mut Transform, &VegetationLOD, &VegetationBillboard), (Without<ActiveEntity>, With<VegetationBillboard>)>,"},{"highlight_end":2,"highlight_start":1,"text":") {"}]}]}}
{"reason":"compiler-message","package_id":"path+file:///Users/bradyjeong/Documents/Projects/Amp/gta4/gta_game/gameplay_sim#0.1.0","manifest_path":"/Users/bradyjeong/Documents/Projects/Amp/gta4/gta_game/gameplay_sim/Cargo.toml","target":{"kind":["lib"],"crate_types":["lib"],"name":"gameplay_sim","src_path":"/Users/bradyjeong/Documents/Projects/Amp/gta4/gta_game/gameplay_sim/src/lib.rs","edition":"2021","doc":true,"doctest":true,"test":true},"message":{"rendered":"warning: missing documentation for a function\n   --> gameplay_sim/src/systems/world/vegetation_lod.rs:111:1\n    |\n111 | / pub fn vegetation_billboard_mesh_generator(\n112 | |     mut commands: Commands,\n113 | |     vegetation_query: Query<(Entity, &VegetationLOD), (Changed<VegetationLOD>, With<VegetationLOD>)>,\n114 | |     mut meshes: ResMut<Assets<Mesh>>,\n115 | |     mut materials: ResMut<Assets<StandardMaterial>>,\n116 | | ) {\n    | |_^\n\n","$message_type":"diagnostic","children":[],"code":{"code":"missing_docs","explanation":null},"level":"warning","message":"missing documentation for a function","spans":[{"byte_end":4222,"byte_start":3956,"column_end":2,"column_start":1,"expansion":null,"file_name":"gameplay_sim/src/systems/world/vegetation_lod.rs","is_primary":true,"label":null,"line_end":116,"line_start":111,"suggested_replacement":null,"suggestion_applicability":null,"text":[{"highlight_end":44,"highlight_start":1,"text":"pub fn vegetation_billboard_mesh_generator("},{"highlight_end":28,"highlight_start":1,"text":"    mut commands: Commands,"},{"highlight_end":102,"highlight_start":1,"text":"    vegetation_query: Query<(Entity, &VegetationLOD), (Changed<VegetationLOD>, With<VegetationLOD>)>,"},{"highlight_end":38,"highlight_start":1,"text":"    mut meshes: ResMut<Assets<Mesh>>,"},{"highlight_end":53,"highlight_start":1,"text":"    mut materials: ResMut<Assets<StandardMaterial>>,"},{"highlight_end":2,"highlight_start":1,"text":") {"}]}]}}
{"reason":"compiler-message","package_id":"path+file:///Users/bradyjeong/Documents/Projects/Amp/gta4/gta_game/gameplay_sim#0.1.0","manifest_path":"/Users/bradyjeong/Documents/Projects/Amp/gta4/gta_game/gameplay_sim/Cargo.toml","target":{"kind":["lib"],"crate_types":["lib"],"name":"gameplay_sim","src_path":"/Users/bradyjeong/Documents/Projects/Amp/gta4/gta_game/gameplay_sim/src/lib.rs","edition":"2021","doc":true,"doctest":true,"test":true},"message":{"rendered":"warning: missing documentation for a function\n  --> gameplay_sim/src/systems/world/performance.rs:16:1\n   |\n16 | / pub fn performance_monitoring_system(\n17 | |     time: Res<Time>,\n18 | |     mut stats: ResMut<PerformanceStats>,\n19 | |     entity_query: Query<Entity>,\n20 | |     cullable_query: Query<&Cullable>,\n21 | |     diagnostics: Res<DiagnosticsStore>,\n22 | | ) {\n   | |_^\n\n","$message_type":"diagnostic","children":[],"code":{"code":"missing_docs","explanation":null},"level":"warning","message":"missing documentation for a function","spans":[{"byte_end":906,"byte_start":694,"column_end":2,"column_start":1,"expansion":null,"file_name":"gameplay_sim/src/systems/world/performance.rs","is_primary":true,"label":null,"line_end":22,"line_start":16,"suggested_replacement":null,"suggestion_applicability":null,"text":[{"highlight_end":38,"highlight_start":1,"text":"pub fn performance_monitoring_system("},{"highlight_end":21,"highlight_start":1,"text":"    time: Res<Time>,"},{"highlight_end":41,"highlight_start":1,"text":"    mut stats: ResMut<PerformanceStats>,"},{"highlight_end":33,"highlight_start":1,"text":"    entity_query: Query<Entity>,"},{"highlight_end":38,"highlight_start":1,"text":"    cullable_query: Query<&Cullable>,"},{"highlight_end":40,"highlight_start":1,"text":"    diagnostics: Res<DiagnosticsStore>,"},{"highlight_end":2,"highlight_start":1,"text":") {"}]}]}}
{"reason":"compiler-message","package_id":"path+file:///Users/bradyjeong/Documents/Projects/Amp/gta4/gta_game/gameplay_sim#0.1.0","manifest_path":"/Users/bradyjeong/Documents/Projects/Amp/gta4/gta_game/gameplay_sim/Cargo.toml","target":{"kind":["lib"],"crate_types":["lib"],"name":"gameplay_sim","src_path":"/Users/bradyjeong/Documents/Projects/Amp/gta4/gta_game/gameplay_sim/src/lib.rs","edition":"2021","doc":true,"doctest":true,"test":true},"message":{"rendered":"warning: missing documentation for a struct\n   --> gameplay_sim/src/systems/world/vegetation_lod.rs:140:1\n    |\n140 | pub struct VegetationBillboardResources {\n    | ^^^^^^^^^^^^^^^^^^^^^^^^^^^^^^^^^^^^^^^\n\n","$message_type":"diagnostic","children":[],"code":{"code":"missing_docs","explanation":null},"level":"warning","message":"missing documentation for a struct","spans":[{"byte_end":5170,"byte_start":5131,"column_end":40,"column_start":1,"expansion":null,"file_name":"gameplay_sim/src/systems/world/vegetation_lod.rs","is_primary":true,"label":null,"line_end":140,"line_start":140,"suggested_replacement":null,"suggestion_applicability":null,"text":[{"highlight_end":40,"highlight_start":1,"text":"pub struct VegetationBillboardResources {"}]}]}}
{"reason":"compiler-message","package_id":"path+file:///Users/bradyjeong/Documents/Projects/Amp/gta4/gta_game/gameplay_sim#0.1.0","manifest_path":"/Users/bradyjeong/Documents/Projects/Amp/gta4/gta_game/gameplay_sim/Cargo.toml","target":{"kind":["lib"],"crate_types":["lib"],"name":"gameplay_sim","src_path":"/Users/bradyjeong/Documents/Projects/Amp/gta4/gta_game/gameplay_sim/src/lib.rs","edition":"2021","doc":true,"doctest":true,"test":true},"message":{"rendered":"warning: missing documentation for a struct field\n   --> gameplay_sim/src/systems/world/vegetation_lod.rs:141:5\n    |\n141 |     pub billboard_mesh: Option<Handle<Mesh>>,\n    |     ^^^^^^^^^^^^^^^^^^^^^^^^^^^^^^^^^^^^^^^^\n\n","$message_type":"diagnostic","children":[],"code":{"code":"missing_docs","explanation":null},"level":"warning","message":"missing documentation for a struct field","spans":[{"byte_end":5217,"byte_start":5177,"column_end":45,"column_start":5,"expansion":null,"file_name":"gameplay_sim/src/systems/world/vegetation_lod.rs","is_primary":true,"label":null,"line_end":141,"line_start":141,"suggested_replacement":null,"suggestion_applicability":null,"text":[{"highlight_end":45,"highlight_start":5,"text":"    pub billboard_mesh: Option<Handle<Mesh>>,"}]}]}}
{"reason":"compiler-message","package_id":"path+file:///Users/bradyjeong/Documents/Projects/Amp/gta4/gta_game/gameplay_sim#0.1.0","manifest_path":"/Users/bradyjeong/Documents/Projects/Amp/gta4/gta_game/gameplay_sim/Cargo.toml","target":{"kind":["lib"],"crate_types":["lib"],"name":"gameplay_sim","src_path":"/Users/bradyjeong/Documents/Projects/Amp/gta4/gta_game/gameplay_sim/src/lib.rs","edition":"2021","doc":true,"doctest":true,"test":true},"message":{"rendered":"warning: missing documentation for a struct field\n   --> gameplay_sim/src/systems/world/vegetation_lod.rs:142:5\n    |\n142 |     pub billboard_material: Option<Handle<StandardMaterial>>,\n    |     ^^^^^^^^^^^^^^^^^^^^^^^^^^^^^^^^^^^^^^^^^^^^^^^^^^^^^^^^\n\n","$message_type":"diagnostic","children":[],"code":{"code":"missing_docs","explanation":null},"level":"warning","message":"missing documentation for a struct field","spans":[{"byte_end":5279,"byte_start":5223,"column_end":61,"column_start":5,"expansion":null,"file_name":"gameplay_sim/src/systems/world/vegetation_lod.rs","is_primary":true,"label":null,"line_end":142,"line_start":142,"suggested_replacement":null,"suggestion_applicability":null,"text":[{"highlight_end":61,"highlight_start":5,"text":"    pub billboard_material: Option<Handle<StandardMaterial>>,"}]}]}}
{"reason":"compiler-message","package_id":"path+file:///Users/bradyjeong/Documents/Projects/Amp/gta4/gta_game/gameplay_sim#0.1.0","manifest_path":"/Users/bradyjeong/Documents/Projects/Amp/gta4/gta_game/gameplay_sim/Cargo.toml","target":{"kind":["lib"],"crate_types":["lib"],"name":"gameplay_sim","src_path":"/Users/bradyjeong/Documents/Projects/Amp/gta4/gta_game/gameplay_sim/src/lib.rs","edition":"2021","doc":true,"doctest":true,"test":true},"message":{"rendered":"warning: missing documentation for a function\n   --> gameplay_sim/src/systems/world/vegetation_lod.rs:162:1\n    |\n162 | / pub fn spawn_vegetation_with_lod(\n163 | |     commands: &mut Commands,\n164 | |     position: Vec3,\n165 | |     vegetation_type: ContentType,\n166 | |     meshes: &mut ResMut<Assets<Mesh>>,\n167 | |     materials: &mut ResMut<Assets<StandardMaterial>>,\n168 | | ) -> Entity {\n    | |___________^\n\n","$message_type":"diagnostic","children":[],"code":{"code":"missing_docs","explanation":null},"level":"warning","message":"missing documentation for a function","spans":[{"byte_end":6006,"byte_start":5785,"column_end":12,"column_start":1,"expansion":null,"file_name":"gameplay_sim/src/systems/world/vegetation_lod.rs","is_primary":true,"label":null,"line_end":168,"line_start":162,"suggested_replacement":null,"suggestion_applicability":null,"text":[{"highlight_end":34,"highlight_start":1,"text":"pub fn spawn_vegetation_with_lod("},{"highlight_end":29,"highlight_start":1,"text":"    commands: &mut Commands,"},{"highlight_end":20,"highlight_start":1,"text":"    position: Vec3,"},{"highlight_end":34,"highlight_start":1,"text":"    vegetation_type: ContentType,"},{"highlight_end":39,"highlight_start":1,"text":"    meshes: &mut ResMut<Assets<Mesh>>,"},{"highlight_end":54,"highlight_start":1,"text":"    materials: &mut ResMut<Assets<StandardMaterial>>,"},{"highlight_end":12,"highlight_start":1,"text":") -> Entity {"}]}]}}
{"reason":"compiler-message","package_id":"path+file:///Users/bradyjeong/Documents/Projects/Amp/gta4/gta_game/gameplay_sim#0.1.0","manifest_path":"/Users/bradyjeong/Documents/Projects/Amp/gta4/gta_game/gameplay_sim/Cargo.toml","target":{"kind":["lib"],"crate_types":["lib"],"name":"gameplay_sim","src_path":"/Users/bradyjeong/Documents/Projects/Amp/gta4/gta_game/gameplay_sim/src/lib.rs","edition":"2021","doc":true,"doctest":true,"test":true},"message":{"rendered":"warning: missing documentation for a struct\n  --> gameplay_sim/src/systems/world/road_mesh.rs:17:1\n   |\n17 | pub struct RoadMeshCache {\n   | ^^^^^^^^^^^^^^^^^^^^^^^^\n\n","$message_type":"diagnostic","children":[],"code":{"code":"missing_docs","explanation":null},"level":"warning","message":"missing documentation for a struct","spans":[{"byte_end":745,"byte_start":721,"column_end":25,"column_start":1,"expansion":null,"file_name":"gameplay_sim/src/systems/world/road_mesh.rs","is_primary":true,"label":null,"line_end":17,"line_start":17,"suggested_replacement":null,"suggestion_applicability":null,"text":[{"highlight_end":25,"highlight_start":1,"text":"pub struct RoadMeshCache {"}]}]}}
{"reason":"compiler-message","package_id":"path+file:///Users/bradyjeong/Documents/Projects/Amp/gta4/gta_game/gameplay_sim#0.1.0","manifest_path":"/Users/bradyjeong/Documents/Projects/Amp/gta4/gta_game/gameplay_sim/Cargo.toml","target":{"kind":["lib"],"crate_types":["lib"],"name":"gameplay_sim","src_path":"/Users/bradyjeong/Documents/Projects/Amp/gta4/gta_game/gameplay_sim/src/lib.rs","edition":"2021","doc":true,"doctest":true,"test":true},"message":{"rendered":"warning: missing documentation for a struct field\n  --> gameplay_sim/src/systems/world/road_mesh.rs:18:5\n   |\n18 |     pub road_meshes: HashMap<String, Handle<Mesh>>,\n   |     ^^^^^^^^^^^^^^^^^^^^^^^^^^^^^^^^^^^^^^^^^^^^^^\n\n","$message_type":"diagnostic","children":[],"code":{"code":"missing_docs","explanation":null},"level":"warning","message":"missing documentation for a struct field","spans":[{"byte_end":798,"byte_start":752,"column_end":51,"column_start":5,"expansion":null,"file_name":"gameplay_sim/src/systems/world/road_mesh.rs","is_primary":true,"label":null,"line_end":18,"line_start":18,"suggested_replacement":null,"suggestion_applicability":null,"text":[{"highlight_end":51,"highlight_start":5,"text":"    pub road_meshes: HashMap<String, Handle<Mesh>>,"}]}]}}
{"reason":"compiler-message","package_id":"path+file:///Users/bradyjeong/Documents/Projects/Amp/gta4/gta_game/gameplay_sim#0.1.0","manifest_path":"/Users/bradyjeong/Documents/Projects/Amp/gta4/gta_game/gameplay_sim/Cargo.toml","target":{"kind":["lib"],"crate_types":["lib"],"name":"gameplay_sim","src_path":"/Users/bradyjeong/Documents/Projects/Amp/gta4/gta_game/gameplay_sim/src/lib.rs","edition":"2021","doc":true,"doctest":true,"test":true},"message":{"rendered":"warning: missing documentation for a function\n   --> gameplay_sim/src/systems/world/vegetation_lod.rs:191:1\n    |\n191 | / pub fn vegetation_instancing_system(\n192 | |     vegetation_query: Query<(&Transform, &VegetationLOD)>,\n193 | |     // In a real implementation, you'd have instancing resources here\n194 | | ) {\n    | |_^\n\n","$message_type":"diagnostic","children":[],"code":{"code":"missing_docs","explanation":null},"level":"warning","message":"missing documentation for a function","spans":[{"byte_end":6717,"byte_start":6550,"column_end":2,"column_start":1,"expansion":null,"file_name":"gameplay_sim/src/systems/world/vegetation_lod.rs","is_primary":true,"label":null,"line_end":194,"line_start":191,"suggested_replacement":null,"suggestion_applicability":null,"text":[{"highlight_end":37,"highlight_start":1,"text":"pub fn vegetation_instancing_system("},{"highlight_end":59,"highlight_start":1,"text":"    vegetation_query: Query<(&Transform, &VegetationLOD)>,"},{"highlight_end":70,"highlight_start":1,"text":"    // In a real implementation, you'd have instancing resources here"},{"highlight_end":2,"highlight_start":1,"text":") {"}]}]}}
{"reason":"compiler-message","package_id":"path+file:///Users/bradyjeong/Documents/Projects/Amp/gta4/gta_game/gameplay_sim#0.1.0","manifest_path":"/Users/bradyjeong/Documents/Projects/Amp/gta4/gta_game/gameplay_sim/Cargo.toml","target":{"kind":["lib"],"crate_types":["lib"],"name":"gameplay_sim","src_path":"/Users/bradyjeong/Documents/Projects/Amp/gta4/gta_game/gameplay_sim/src/lib.rs","edition":"2021","doc":true,"doctest":true,"test":true},"message":{"rendered":"warning: missing documentation for a function\n   --> gameplay_sim/src/systems/world/vegetation_lod.rs:216:1\n    |\n216 | pub fn adaptive_vegetation_lod_system() {\n    | ^^^^^^^^^^^^^^^^^^^^^^^^^^^^^^^^^^^^^^^\n\n","$message_type":"diagnostic","children":[],"code":{"code":"missing_docs","explanation":null},"level":"warning","message":"missing documentation for a function","spans":[{"byte_end":7687,"byte_start":7648,"column_end":40,"column_start":1,"expansion":null,"file_name":"gameplay_sim/src/systems/world/vegetation_lod.rs","is_primary":true,"label":null,"line_end":216,"line_start":216,"suggested_replacement":null,"suggestion_applicability":null,"text":[{"highlight_end":40,"highlight_start":1,"text":"pub fn adaptive_vegetation_lod_system() {"}]}]}}
{"reason":"compiler-message","package_id":"path+file:///Users/bradyjeong/Documents/Projects/Amp/gta4/gta_game/gameplay_sim#0.1.0","manifest_path":"/Users/bradyjeong/Documents/Projects/Amp/gta4/gta_game/gameplay_sim/Cargo.toml","target":{"kind":["lib"],"crate_types":["lib"],"name":"gameplay_sim","src_path":"/Users/bradyjeong/Documents/Projects/Amp/gta4/gta_game/gameplay_sim/src/lib.rs","edition":"2021","doc":true,"doctest":true,"test":true},"message":{"rendered":"warning: missing documentation for a function\n  --> gameplay_sim/src/systems/world/road_mesh.rs:21:1\n   |\n21 | / pub fn generate_road_mesh_cached(\n22 | |     road: &RoadSpline,\n23 | |     meshes: &mut ResMut<Assets<Mesh>>,\n24 | |     mut mesh_cache: ResMut<RoadMeshCache>,\n25 | | ) -> Handle<Mesh> {\n   | |_________________^\n\n","$message_type":"diagnostic","children":[],"code":{"code":"missing_docs","explanation":null},"level":"warning","message":"missing documentation for a function","spans":[{"byte_end":959,"byte_start":803,"column_end":18,"column_start":1,"expansion":null,"file_name":"gameplay_sim/src/systems/world/road_mesh.rs","is_primary":true,"label":null,"line_end":25,"line_start":21,"suggested_replacement":null,"suggestion_applicability":null,"text":[{"highlight_end":34,"highlight_start":1,"text":"pub fn generate_road_mesh_cached("},{"highlight_end":23,"highlight_start":1,"text":"    road: &RoadSpline,"},{"highlight_end":39,"highlight_start":1,"text":"    meshes: &mut ResMut<Assets<Mesh>>,"},{"highlight_end":43,"highlight_start":1,"text":"    mut mesh_cache: ResMut<RoadMeshCache>,"},{"highlight_end":18,"highlight_start":1,"text":") -> Handle<Mesh> {"}]}]}}
{"reason":"compiler-message","package_id":"path+file:///Users/bradyjeong/Documents/Projects/Amp/gta4/gta_game/gameplay_sim#0.1.0","manifest_path":"/Users/bradyjeong/Documents/Projects/Amp/gta4/gta_game/gameplay_sim/Cargo.toml","target":{"kind":["lib"],"crate_types":["lib"],"name":"gameplay_sim","src_path":"/Users/bradyjeong/Documents/Projects/Amp/gta4/gta_game/gameplay_sim/src/lib.rs","edition":"2021","doc":true,"doctest":true,"test":true},"message":{"rendered":"warning: missing documentation for a function\n   --> gameplay_sim/src/systems/world/vegetation_lod.rs:220:1\n    |\n220 | pub fn vegetation_lod_performance_monitor() {\n    | ^^^^^^^^^^^^^^^^^^^^^^^^^^^^^^^^^^^^^^^^^^^\n\n","$message_type":"diagnostic","children":[],"code":{"code":"missing_docs","explanation":null},"level":"warning","message":"missing documentation for a function","spans":[{"byte_end":7796,"byte_start":7753,"column_end":44,"column_start":1,"expansion":null,"file_name":"gameplay_sim/src/systems/world/vegetation_lod.rs","is_primary":true,"label":null,"line_end":220,"line_start":220,"suggested_replacement":null,"suggestion_applicability":null,"text":[{"highlight_end":44,"highlight_start":1,"text":"pub fn vegetation_lod_performance_monitor() {"}]}]}}
{"reason":"compiler-message","package_id":"path+file:///Users/bradyjeong/Documents/Projects/Amp/gta4/gta_game/gameplay_sim#0.1.0","manifest_path":"/Users/bradyjeong/Documents/Projects/Amp/gta4/gta_game/gameplay_sim/Cargo.toml","target":{"kind":["lib"],"crate_types":["lib"],"name":"gameplay_sim","src_path":"/Users/bradyjeong/Documents/Projects/Amp/gta4/gta_game/gameplay_sim/src/lib.rs","edition":"2021","doc":true,"doctest":true,"test":true},"message":{"rendered":"warning: missing documentation for a function\n  --> gameplay_sim/src/systems/world/road_mesh.rs:43:1\n   |\n43 | pub fn generate_road_mesh(road: &RoadSpline) -> Mesh {\n   | ^^^^^^^^^^^^^^^^^^^^^^^^^^^^^^^^^^^^^^^^^^^^^^^^^^^^\n\n","$message_type":"diagnostic","children":[],"code":{"code":"missing_docs","explanation":null},"level":"warning","message":"missing documentation for a function","spans":[{"byte_end":1509,"byte_start":1457,"column_end":53,"column_start":1,"expansion":null,"file_name":"gameplay_sim/src/systems/world/road_mesh.rs","is_primary":true,"label":null,"line_end":43,"line_start":43,"suggested_replacement":null,"suggestion_applicability":null,"text":[{"highlight_end":53,"highlight_start":1,"text":"pub fn generate_road_mesh(road: &RoadSpline) -> Mesh {"}]}]}}
{"reason":"compiler-message","package_id":"path+file:///Users/bradyjeong/Documents/Projects/Amp/gta4/gta_game/gameplay_sim#0.1.0","manifest_path":"/Users/bradyjeong/Documents/Projects/Amp/gta4/gta_game/gameplay_sim/Cargo.toml","target":{"kind":["lib"],"crate_types":["lib"],"name":"gameplay_sim","src_path":"/Users/bradyjeong/Documents/Projects/Amp/gta4/gta_game/gameplay_sim/src/lib.rs","edition":"2021","doc":true,"doctest":true,"test":true},"message":{"rendered":"warning: missing documentation for a function\n   --> gameplay_sim/src/systems/world/vegetation_lod.rs:224:1\n    |\n224 | pub fn vegetation_lod_batching_system() {\n    | ^^^^^^^^^^^^^^^^^^^^^^^^^^^^^^^^^^^^^^^\n\n","$message_type":"diagnostic","children":[],"code":{"code":"missing_docs","explanation":null},"level":"warning","message":"missing documentation for a function","spans":[{"byte_end":7912,"byte_start":7873,"column_end":40,"column_start":1,"expansion":null,"file_name":"gameplay_sim/src/systems/world/vegetation_lod.rs","is_primary":true,"label":null,"line_end":224,"line_start":224,"suggested_replacement":null,"suggestion_applicability":null,"text":[{"highlight_end":40,"highlight_start":1,"text":"pub fn vegetation_lod_batching_system() {"}]}]}}
{"reason":"compiler-message","package_id":"path+file:///Users/bradyjeong/Documents/Projects/Amp/gta4/gta_game/gameplay_sim#0.1.0","manifest_path":"/Users/bradyjeong/Documents/Projects/Amp/gta4/gta_game/gameplay_sim/Cargo.toml","target":{"kind":["lib"],"crate_types":["lib"],"name":"gameplay_sim","src_path":"/Users/bradyjeong/Documents/Projects/Amp/gta4/gta_game/gameplay_sim/src/lib.rs","edition":"2021","doc":true,"doctest":true,"test":true},"message":{"rendered":"warning: missing documentation for a struct\n   --> gameplay_sim/src/systems/world/vegetation_lod.rs:229:1\n    |\n229 | pub struct LODFrameCounter {\n    | ^^^^^^^^^^^^^^^^^^^^^^^^^^\n\n","$message_type":"diagnostic","children":[],"code":{"code":"missing_docs","explanation":null},"level":"warning","message":"missing documentation for a struct","spans":[{"byte_end":8033,"byte_start":8007,"column_end":27,"column_start":1,"expansion":null,"file_name":"gameplay_sim/src/systems/world/vegetation_lod.rs","is_primary":true,"label":null,"line_end":229,"line_start":229,"suggested_replacement":null,"suggestion_applicability":null,"text":[{"highlight_end":27,"highlight_start":1,"text":"pub struct LODFrameCounter {"}]}]}}
{"reason":"compiler-message","package_id":"path+file:///Users/bradyjeong/Documents/Projects/Amp/gta4/gta_game/gameplay_sim#0.1.0","manifest_path":"/Users/bradyjeong/Documents/Projects/Amp/gta4/gta_game/gameplay_sim/Cargo.toml","target":{"kind":["lib"],"crate_types":["lib"],"name":"gameplay_sim","src_path":"/Users/bradyjeong/Documents/Projects/Amp/gta4/gta_game/gameplay_sim/src/lib.rs","edition":"2021","doc":true,"doctest":true,"test":true},"message":{"rendered":"warning: missing documentation for a struct field\n   --> gameplay_sim/src/systems/world/vegetation_lod.rs:230:5\n    |\n230 |     pub frame: u64,\n    |     ^^^^^^^^^^^^^^\n\n","$message_type":"diagnostic","children":[],"code":{"code":"missing_docs","explanation":null},"level":"warning","message":"missing documentation for a struct field","spans":[{"byte_end":8054,"byte_start":8040,"column_end":19,"column_start":5,"expansion":null,"file_name":"gameplay_sim/src/systems/world/vegetation_lod.rs","is_primary":true,"label":null,"line_end":230,"line_start":230,"suggested_replacement":null,"suggestion_applicability":null,"text":[{"highlight_end":19,"highlight_start":5,"text":"    pub frame: u64,"}]}]}}
{"reason":"compiler-message","package_id":"path+file:///Users/bradyjeong/Documents/Projects/Amp/gta4/gta_game/gameplay_sim#0.1.0","manifest_path":"/Users/bradyjeong/Documents/Projects/Amp/gta4/gta_game/gameplay_sim/Cargo.toml","target":{"kind":["lib"],"crate_types":["lib"],"name":"gameplay_sim","src_path":"/Users/bradyjeong/Documents/Projects/Amp/gta4/gta_game/gameplay_sim/src/lib.rs","edition":"2021","doc":true,"doctest":true,"test":true},"message":{"rendered":"warning: missing documentation for a function\n   --> gameplay_sim/src/systems/world/road_mesh.rs:118:1\n    |\n118 | pub fn generate_road_markings_mesh(road: &RoadSpline) -> Vec<Mesh> {\n    | ^^^^^^^^^^^^^^^^^^^^^^^^^^^^^^^^^^^^^^^^^^^^^^^^^^^^^^^^^^^^^^^^^^\n\n","$message_type":"diagnostic","children":[],"code":{"code":"missing_docs","explanation":null},"level":"warning","message":"missing documentation for a function","spans":[{"byte_end":3975,"byte_start":3909,"column_end":67,"column_start":1,"expansion":null,"file_name":"gameplay_sim/src/systems/world/road_mesh.rs","is_primary":true,"label":null,"line_end":118,"line_start":118,"suggested_replacement":null,"suggestion_applicability":null,"text":[{"highlight_end":67,"highlight_start":1,"text":"pub fn generate_road_markings_mesh(road: &RoadSpline) -> Vec<Mesh> {"}]}]}}
{"reason":"compiler-message","package_id":"path+file:///Users/bradyjeong/Documents/Projects/Amp/gta4/gta_game/gameplay_sim#0.1.0","manifest_path":"/Users/bradyjeong/Documents/Projects/Amp/gta4/gta_game/gameplay_sim/Cargo.toml","target":{"kind":["lib"],"crate_types":["lib"],"name":"gameplay_sim","src_path":"/Users/bradyjeong/Documents/Projects/Amp/gta4/gta_game/gameplay_sim/src/lib.rs","edition":"2021","doc":true,"doctest":true,"test":true},"message":{"rendered":"warning: missing documentation for a struct\n  --> gameplay_sim/src/systems/world/unified_distance_culling.rs:18:1\n   |\n18 | pub struct UnifiedCullable {\n   | ^^^^^^^^^^^^^^^^^^^^^^^^^^\n\n","$message_type":"diagnostic","children":[],"code":{"code":"missing_docs","explanation":null},"level":"warning","message":"missing documentation for a struct","spans":[{"byte_end":770,"byte_start":744,"column_end":27,"column_start":1,"expansion":null,"file_name":"gameplay_sim/src/systems/world/unified_distance_culling.rs","is_primary":true,"label":null,"line_end":18,"line_start":18,"suggested_replacement":null,"suggestion_applicability":null,"text":[{"highlight_end":27,"highlight_start":1,"text":"pub struct UnifiedCullable {"}]}]}}
{"reason":"compiler-message","package_id":"path+file:///Users/bradyjeong/Documents/Projects/Amp/gta4/gta_game/gameplay_sim#0.1.0","manifest_path":"/Users/bradyjeong/Documents/Projects/Amp/gta4/gta_game/gameplay_sim/Cargo.toml","target":{"kind":["lib"],"crate_types":["lib"],"name":"gameplay_sim","src_path":"/Users/bradyjeong/Documents/Projects/Amp/gta4/gta_game/gameplay_sim/src/lib.rs","edition":"2021","doc":true,"doctest":true,"test":true},"message":{"rendered":"warning: missing documentation for a struct field\n  --> gameplay_sim/src/systems/world/unified_distance_culling.rs:19:5\n   |\n19 |     pub max_distance: f32,\n   |     ^^^^^^^^^^^^^^^^^^^^^\n\n","$message_type":"diagnostic","children":[],"code":{"code":"missing_docs","explanation":null},"level":"warning","message":"missing documentation for a struct field","spans":[{"byte_end":798,"byte_start":777,"column_end":26,"column_start":5,"expansion":null,"file_name":"gameplay_sim/src/systems/world/unified_distance_culling.rs","is_primary":true,"label":null,"line_end":19,"line_start":19,"suggested_replacement":null,"suggestion_applicability":null,"text":[{"highlight_end":26,"highlight_start":5,"text":"    pub max_distance: f32,"}]}]}}
{"reason":"compiler-message","package_id":"path+file:///Users/bradyjeong/Documents/Projects/Amp/gta4/gta_game/gameplay_sim#0.1.0","manifest_path":"/Users/bradyjeong/Documents/Projects/Amp/gta4/gta_game/gameplay_sim/Cargo.toml","target":{"kind":["lib"],"crate_types":["lib"],"name":"gameplay_sim","src_path":"/Users/bradyjeong/Documents/Projects/Amp/gta4/gta_game/gameplay_sim/src/lib.rs","edition":"2021","doc":true,"doctest":true,"test":true},"message":{"rendered":"warning: missing documentation for a struct field\n  --> gameplay_sim/src/systems/world/unified_distance_culling.rs:20:5\n   |\n20 |     pub current_lod: usize,\n   |     ^^^^^^^^^^^^^^^^^^^^^^\n\n","$message_type":"diagnostic","children":[],"code":{"code":"missing_docs","explanation":null},"level":"warning","message":"missing documentation for a struct field","spans":[{"byte_end":826,"byte_start":804,"column_end":27,"column_start":5,"expansion":null,"file_name":"gameplay_sim/src/systems/world/unified_distance_culling.rs","is_primary":true,"label":null,"line_end":20,"line_start":20,"suggested_replacement":null,"suggestion_applicability":null,"text":[{"highlight_end":27,"highlight_start":5,"text":"    pub current_lod: usize,"}]}]}}
{"reason":"compiler-message","package_id":"path+file:///Users/bradyjeong/Documents/Projects/Amp/gta4/gta_game/gameplay_sim#0.1.0","manifest_path":"/Users/bradyjeong/Documents/Projects/Amp/gta4/gta_game/gameplay_sim/Cargo.toml","target":{"kind":["lib"],"crate_types":["lib"],"name":"gameplay_sim","src_path":"/Users/bradyjeong/Documents/Projects/Amp/gta4/gta_game/gameplay_sim/src/lib.rs","edition":"2021","doc":true,"doctest":true,"test":true},"message":{"rendered":"warning: missing documentation for a struct field\n  --> gameplay_sim/src/systems/world/unified_distance_culling.rs:21:5\n   |\n21 |     pub is_culled: bool,\n   |     ^^^^^^^^^^^^^^^^^^^\n\n","$message_type":"diagnostic","children":[],"code":{"code":"missing_docs","explanation":null},"level":"warning","message":"missing documentation for a struct field","spans":[{"byte_end":851,"byte_start":832,"column_end":24,"column_start":5,"expansion":null,"file_name":"gameplay_sim/src/systems/world/unified_distance_culling.rs","is_primary":true,"label":null,"line_end":21,"line_start":21,"suggested_replacement":null,"suggestion_applicability":null,"text":[{"highlight_end":24,"highlight_start":5,"text":"    pub is_culled: bool,"}]}]}}
{"reason":"compiler-message","package_id":"path+file:///Users/bradyjeong/Documents/Projects/Amp/gta4/gta_game/gameplay_sim#0.1.0","manifest_path":"/Users/bradyjeong/Documents/Projects/Amp/gta4/gta_game/gameplay_sim/Cargo.toml","target":{"kind":["lib"],"crate_types":["lib"],"name":"gameplay_sim","src_path":"/Users/bradyjeong/Documents/Projects/Amp/gta4/gta_game/gameplay_sim/src/lib.rs","edition":"2021","doc":true,"doctest":true,"test":true},"message":{"rendered":"warning: missing documentation for a struct field\n  --> gameplay_sim/src/systems/world/unified_distance_culling.rs:22:5\n   |\n22 |     pub last_distance: f32,\n   |     ^^^^^^^^^^^^^^^^^^^^^^\n\n","$message_type":"diagnostic","children":[],"code":{"code":"missing_docs","explanation":null},"level":"warning","message":"missing documentation for a struct field","spans":[{"byte_end":879,"byte_start":857,"column_end":27,"column_start":5,"expansion":null,"file_name":"gameplay_sim/src/systems/world/unified_distance_culling.rs","is_primary":true,"label":null,"line_end":22,"line_start":22,"suggested_replacement":null,"suggestion_applicability":null,"text":[{"highlight_end":27,"highlight_start":5,"text":"    pub last_distance: f32,"}]}]}}
{"reason":"compiler-message","package_id":"path+file:///Users/bradyjeong/Documents/Projects/Amp/gta4/gta_game/gameplay_sim#0.1.0","manifest_path":"/Users/bradyjeong/Documents/Projects/Amp/gta4/gta_game/gameplay_sim/Cargo.toml","target":{"kind":["lib"],"crate_types":["lib"],"name":"gameplay_sim","src_path":"/Users/bradyjeong/Documents/Projects/Amp/gta4/gta_game/gameplay_sim/src/lib.rs","edition":"2021","doc":true,"doctest":true,"test":true},"message":{"rendered":"warning: missing documentation for a function\n   --> gameplay_sim/src/systems/world/road_mesh.rs:345:1\n    |\n345 | pub fn generate_intersection_mesh() -> Option<Mesh> {\n    | ^^^^^^^^^^^^^^^^^^^^^^^^^^^^^^^^^^^^^^^^^^^^^^^^^^^\n\n","$message_type":"diagnostic","children":[],"code":{"code":"missing_docs","explanation":null},"level":"warning","message":"missing documentation for a function","spans":[{"byte_end":11354,"byte_start":11303,"column_end":52,"column_start":1,"expansion":null,"file_name":"gameplay_sim/src/systems/world/road_mesh.rs","is_primary":true,"label":null,"line_end":345,"line_start":345,"suggested_replacement":null,"suggestion_applicability":null,"text":[{"highlight_end":52,"highlight_start":1,"text":"pub fn generate_intersection_mesh() -> Option<Mesh> {"}]}]}}
{"reason":"compiler-message","package_id":"path+file:///Users/bradyjeong/Documents/Projects/Amp/gta4/gta_game/gameplay_sim#0.1.0","manifest_path":"/Users/bradyjeong/Documents/Projects/Amp/gta4/gta_game/gameplay_sim/Cargo.toml","target":{"kind":["lib"],"crate_types":["lib"],"name":"gameplay_sim","src_path":"/Users/bradyjeong/Documents/Projects/Amp/gta4/gta_game/gameplay_sim/src/lib.rs","edition":"2021","doc":true,"doctest":true,"test":true},"message":{"rendered":"warning: missing documentation for a struct field\n  --> gameplay_sim/src/systems/world/unified_distance_culling.rs:23:5\n   |\n23 |     pub dirty: bool,\n   |     ^^^^^^^^^^^^^^^\n\n","$message_type":"diagnostic","children":[],"code":{"code":"missing_docs","explanation":null},"level":"warning","message":"missing documentation for a struct field","spans":[{"byte_end":900,"byte_start":885,"column_end":20,"column_start":5,"expansion":null,"file_name":"gameplay_sim/src/systems/world/unified_distance_culling.rs","is_primary":true,"label":null,"line_end":23,"line_start":23,"suggested_replacement":null,"suggestion_applicability":null,"text":[{"highlight_end":20,"highlight_start":5,"text":"    pub dirty: bool,"}]}]}}
{"reason":"compiler-message","package_id":"path+file:///Users/bradyjeong/Documents/Projects/Amp/gta4/gta_game/gameplay_sim#0.1.0","manifest_path":"/Users/bradyjeong/Documents/Projects/Amp/gta4/gta_game/gameplay_sim/Cargo.toml","target":{"kind":["lib"],"crate_types":["lib"],"name":"gameplay_sim","src_path":"/Users/bradyjeong/Documents/Projects/Amp/gta4/gta_game/gameplay_sim/src/lib.rs","edition":"2021","doc":true,"doctest":true,"test":true},"message":{"rendered":"warning: missing documentation for an associated function\n  --> gameplay_sim/src/systems/world/unified_distance_culling.rs:39:5\n   |\n39 |     pub fn vehicle() -> Self {\n   |     ^^^^^^^^^^^^^^^^^^^^^^^^\n\n","$message_type":"diagnostic","children":[],"code":{"code":"missing_docs","explanation":null},"level":"warning","message":"missing documentation for an associated function","spans":[{"byte_end":1200,"byte_start":1176,"column_end":29,"column_start":5,"expansion":null,"file_name":"gameplay_sim/src/systems/world/unified_distance_culling.rs","is_primary":true,"label":null,"line_end":39,"line_start":39,"suggested_replacement":null,"suggestion_applicability":null,"text":[{"highlight_end":29,"highlight_start":5,"text":"    pub fn vehicle() -> Self {"}]}]}}
{"reason":"compiler-message","package_id":"path+file:///Users/bradyjeong/Documents/Projects/Amp/gta4/gta_game/gameplay_sim#0.1.0","manifest_path":"/Users/bradyjeong/Documents/Projects/Amp/gta4/gta_game/gameplay_sim/Cargo.toml","target":{"kind":["lib"],"crate_types":["lib"],"name":"gameplay_sim","src_path":"/Users/bradyjeong/Documents/Projects/Amp/gta4/gta_game/gameplay_sim/src/lib.rs","edition":"2021","doc":true,"doctest":true,"test":true},"message":{"rendered":"warning: missing documentation for a struct\n  --> gameplay_sim/src/systems/world/road_generation.rs:21:1\n   |\n21 | pub struct RoadGenerationCache {\n   | ^^^^^^^^^^^^^^^^^^^^^^^^^^^^^^\n\n","$message_type":"diagnostic","children":[],"code":{"code":"missing_docs","explanation":null},"level":"warning","message":"missing documentation for a struct","spans":[{"byte_end":901,"byte_start":871,"column_end":31,"column_start":1,"expansion":null,"file_name":"gameplay_sim/src/systems/world/road_generation.rs","is_primary":true,"label":null,"line_end":21,"line_start":21,"suggested_replacement":null,"suggestion_applicability":null,"text":[{"highlight_end":31,"highlight_start":1,"text":"pub struct RoadGenerationCache {"}]}]}}
{"reason":"compiler-message","package_id":"path+file:///Users/bradyjeong/Documents/Projects/Amp/gta4/gta_game/gameplay_sim#0.1.0","manifest_path":"/Users/bradyjeong/Documents/Projects/Amp/gta4/gta_game/gameplay_sim/Cargo.toml","target":{"kind":["lib"],"crate_types":["lib"],"name":"gameplay_sim","src_path":"/Users/bradyjeong/Documents/Projects/Amp/gta4/gta_game/gameplay_sim/src/lib.rs","edition":"2021","doc":true,"doctest":true,"test":true},"message":{"rendered":"warning: missing documentation for an associated function\n  --> gameplay_sim/src/systems/world/unified_distance_culling.rs:49:5\n   |\n49 |     pub fn building() -> Self {\n   |     ^^^^^^^^^^^^^^^^^^^^^^^^^\n\n","$message_type":"diagnostic","children":[],"code":{"code":"missing_docs","explanation":null},"level":"warning","message":"missing documentation for an associated function","spans":[{"byte_end":1416,"byte_start":1391,"column_end":30,"column_start":5,"expansion":null,"file_name":"gameplay_sim/src/systems/world/unified_distance_culling.rs","is_primary":true,"label":null,"line_end":49,"line_start":49,"suggested_replacement":null,"suggestion_applicability":null,"text":[{"highlight_end":30,"highlight_start":5,"text":"    pub fn building() -> Self {"}]}]}}
{"reason":"compiler-message","package_id":"path+file:///Users/bradyjeong/Documents/Projects/Amp/gta4/gta_game/gameplay_sim#0.1.0","manifest_path":"/Users/bradyjeong/Documents/Projects/Amp/gta4/gta_game/gameplay_sim/Cargo.toml","target":{"kind":["lib"],"crate_types":["lib"],"name":"gameplay_sim","src_path":"/Users/bradyjeong/Documents/Projects/Amp/gta4/gta_game/gameplay_sim/src/lib.rs","edition":"2021","doc":true,"doctest":true,"test":true},"message":{"rendered":"warning: missing documentation for a struct field\n  --> gameplay_sim/src/systems/world/road_generation.rs:22:5\n   |\n22 |     pub generated_chunks: HashSet<(i32, i32)>,\n   |     ^^^^^^^^^^^^^^^^^^^^^^^^^^^^^^^^^^^^^^^^^\n\n","$message_type":"diagnostic","children":[],"code":{"code":"missing_docs","explanation":null},"level":"warning","message":"missing documentation for a struct field","spans":[{"byte_end":949,"byte_start":908,"column_end":46,"column_start":5,"expansion":null,"file_name":"gameplay_sim/src/systems/world/road_generation.rs","is_primary":true,"label":null,"line_end":22,"line_start":22,"suggested_replacement":null,"suggestion_applicability":null,"text":[{"highlight_end":46,"highlight_start":5,"text":"    pub generated_chunks: HashSet<(i32, i32)>,"}]}]}}
{"reason":"compiler-message","package_id":"path+file:///Users/bradyjeong/Documents/Projects/Amp/gta4/gta_game/gameplay_sim#0.1.0","manifest_path":"/Users/bradyjeong/Documents/Projects/Amp/gta4/gta_game/gameplay_sim/Cargo.toml","target":{"kind":["lib"],"crate_types":["lib"],"name":"gameplay_sim","src_path":"/Users/bradyjeong/Documents/Projects/Amp/gta4/gta_game/gameplay_sim/src/lib.rs","edition":"2021","doc":true,"doctest":true,"test":true},"message":{"rendered":"warning: missing documentation for an associated function\n  --> gameplay_sim/src/systems/world/unified_distance_culling.rs:59:5\n   |\n59 |     pub fn npc() -> Self {\n   |     ^^^^^^^^^^^^^^^^^^^^\n\n","$message_type":"diagnostic","children":[],"code":{"code":"missing_docs","explanation":null},"level":"warning","message":"missing documentation for an associated function","spans":[{"byte_end":1627,"byte_start":1607,"column_end":25,"column_start":5,"expansion":null,"file_name":"gameplay_sim/src/systems/world/unified_distance_culling.rs","is_primary":true,"label":null,"line_end":59,"line_start":59,"suggested_replacement":null,"suggestion_applicability":null,"text":[{"highlight_end":25,"highlight_start":5,"text":"    pub fn npc() -> Self {"}]}]}}
{"reason":"compiler-message","package_id":"path+file:///Users/bradyjeong/Documents/Projects/Amp/gta4/gta_game/gameplay_sim#0.1.0","manifest_path":"/Users/bradyjeong/Documents/Projects/Amp/gta4/gta_game/gameplay_sim/Cargo.toml","target":{"kind":["lib"],"crate_types":["lib"],"name":"gameplay_sim","src_path":"/Users/bradyjeong/Documents/Projects/Amp/gta4/gta_game/gameplay_sim/src/lib.rs","edition":"2021","doc":true,"doctest":true,"test":true},"message":{"rendered":"warning: missing documentation for an associated function\n  --> gameplay_sim/src/systems/world/unified_distance_culling.rs:69:5\n   |\n69 |     pub fn tree() -> Self {\n   |     ^^^^^^^^^^^^^^^^^^^^^\n\n","$message_type":"diagnostic","children":[],"code":{"code":"missing_docs","explanation":null},"level":"warning","message":"missing documentation for an associated function","spans":[{"byte_end":1839,"byte_start":1818,"column_end":26,"column_start":5,"expansion":null,"file_name":"gameplay_sim/src/systems/world/unified_distance_culling.rs","is_primary":true,"label":null,"line_end":69,"line_start":69,"suggested_replacement":null,"suggestion_applicability":null,"text":[{"highlight_end":26,"highlight_start":5,"text":"    pub fn tree() -> Self {"}]}]}}
{"reason":"compiler-message","package_id":"path+file:///Users/bradyjeong/Documents/Projects/Amp/gta4/gta_game/gameplay_sim#0.1.0","manifest_path":"/Users/bradyjeong/Documents/Projects/Amp/gta4/gta_game/gameplay_sim/Cargo.toml","target":{"kind":["lib"],"crate_types":["lib"],"name":"gameplay_sim","src_path":"/Users/bradyjeong/Documents/Projects/Amp/gta4/gta_game/gameplay_sim/src/lib.rs","edition":"2021","doc":true,"doctest":true,"test":true},"message":{"rendered":"warning: missing documentation for a struct field\n  --> gameplay_sim/src/systems/world/road_generation.rs:23:5\n   |\n23 |     pub last_player_chunk: Option<(i32, i32)>,\n   |     ^^^^^^^^^^^^^^^^^^^^^^^^^^^^^^^^^^^^^^^^^\n\n","$message_type":"diagnostic","children":[],"code":{"code":"missing_docs","explanation":null},"level":"warning","message":"missing documentation for a struct field","spans":[{"byte_end":996,"byte_start":955,"column_end":46,"column_start":5,"expansion":null,"file_name":"gameplay_sim/src/systems/world/road_generation.rs","is_primary":true,"label":null,"line_end":23,"line_start":23,"suggested_replacement":null,"suggestion_applicability":null,"text":[{"highlight_end":46,"highlight_start":5,"text":"    pub last_player_chunk: Option<(i32, i32)>,"}]}]}}
{"reason":"compiler-message","package_id":"path+file:///Users/bradyjeong/Documents/Projects/Amp/gta4/gta_game/gameplay_sim#0.1.0","manifest_path":"/Users/bradyjeong/Documents/Projects/Amp/gta4/gta_game/gameplay_sim/Cargo.toml","target":{"kind":["lib"],"crate_types":["lib"],"name":"gameplay_sim","src_path":"/Users/bradyjeong/Documents/Projects/Amp/gta4/gta_game/gameplay_sim/src/lib.rs","edition":"2021","doc":true,"doctest":true,"test":true},"message":{"rendered":"warning: missing documentation for a struct\n  --> gameplay_sim/src/systems/world/unified_distance_culling.rs:81:1\n   |\n81 | pub struct DirtyVisibility {\n   | ^^^^^^^^^^^^^^^^^^^^^^^^^^\n\n","$message_type":"diagnostic","children":[],"code":{"code":"missing_docs","explanation":null},"level":"warning","message":"missing documentation for a struct","spans":[{"byte_end":2085,"byte_start":2059,"column_end":27,"column_start":1,"expansion":null,"file_name":"gameplay_sim/src/systems/world/unified_distance_culling.rs","is_primary":true,"label":null,"line_end":81,"line_start":81,"suggested_replacement":null,"suggestion_applicability":null,"text":[{"highlight_end":27,"highlight_start":1,"text":"pub struct DirtyVisibility {"}]}]}}
{"reason":"compiler-message","package_id":"path+file:///Users/bradyjeong/Documents/Projects/Amp/gta4/gta_game/gameplay_sim#0.1.0","manifest_path":"/Users/bradyjeong/Documents/Projects/Amp/gta4/gta_game/gameplay_sim/Cargo.toml","target":{"kind":["lib"],"crate_types":["lib"],"name":"gameplay_sim","src_path":"/Users/bradyjeong/Documents/Projects/Amp/gta4/gta_game/gameplay_sim/src/lib.rs","edition":"2021","doc":true,"doctest":true,"test":true},"message":{"rendered":"warning: missing documentation for a struct field\n  --> gameplay_sim/src/systems/world/unified_distance_culling.rs:82:5\n   |\n82 |     pub priority: DirtyPriority,\n   |     ^^^^^^^^^^^^^^^^^^^^^^^^^^^\n\n","$message_type":"diagnostic","children":[],"code":{"code":"missing_docs","explanation":null},"level":"warning","message":"missing documentation for a struct field","spans":[{"byte_end":2119,"byte_start":2092,"column_end":32,"column_start":5,"expansion":null,"file_name":"gameplay_sim/src/systems/world/unified_distance_culling.rs","is_primary":true,"label":null,"line_end":82,"line_start":82,"suggested_replacement":null,"suggestion_applicability":null,"text":[{"highlight_end":32,"highlight_start":5,"text":"    pub priority: DirtyPriority,"}]}]}}
{"reason":"compiler-message","package_id":"path+file:///Users/bradyjeong/Documents/Projects/Amp/gta4/gta_game/gameplay_sim#0.1.0","manifest_path":"/Users/bradyjeong/Documents/Projects/Amp/gta4/gta_game/gameplay_sim/Cargo.toml","target":{"kind":["lib"],"crate_types":["lib"],"name":"gameplay_sim","src_path":"/Users/bradyjeong/Documents/Projects/Amp/gta4/gta_game/gameplay_sim/src/lib.rs","edition":"2021","doc":true,"doctest":true,"test":true},"message":{"rendered":"warning: missing documentation for a method\n  --> gameplay_sim/src/systems/world/road_generation.rs:28:5\n   |\n28 |     fn clear_cache(&mut self);\n   |     ^^^^^^^^^^^^^^^^^^^^^^^^^^\n\n","$message_type":"diagnostic","children":[],"code":{"code":"missing_docs","explanation":null},"level":"warning","message":"missing documentation for a method","spans":[{"byte_end":1115,"byte_start":1089,"column_end":31,"column_start":5,"expansion":null,"file_name":"gameplay_sim/src/systems/world/road_generation.rs","is_primary":true,"label":null,"line_end":28,"line_start":28,"suggested_replacement":null,"suggestion_applicability":null,"text":[{"highlight_end":31,"highlight_start":5,"text":"    fn clear_cache(&mut self);"}]}]}}
{"reason":"compiler-message","package_id":"path+file:///Users/bradyjeong/Documents/Projects/Amp/gta4/gta_game/gameplay_sim#0.1.0","manifest_path":"/Users/bradyjeong/Documents/Projects/Amp/gta4/gta_game/gameplay_sim/Cargo.toml","target":{"kind":["lib"],"crate_types":["lib"],"name":"gameplay_sim","src_path":"/Users/bradyjeong/Documents/Projects/Amp/gta4/gta_game/gameplay_sim/src/lib.rs","edition":"2021","doc":true,"doctest":true,"test":true},"message":{"rendered":"warning: missing documentation for a method\n  --> gameplay_sim/src/systems/world/road_generation.rs:29:5\n   |\n29 |     fn generate_chunk_roads(&mut self, chunk_x: i32, chunk_z: i32) -> Vec<u32>;\n   |     ^^^^^^^^^^^^^^^^^^^^^^^^^^^^^^^^^^^^^^^^^^^^^^^^^^^^^^^^^^^^^^^^^^^^^^^^^^^\n\n","$message_type":"diagnostic","children":[],"code":{"code":"missing_docs","explanation":null},"level":"warning","message":"missing documentation for a method","spans":[{"byte_end":1195,"byte_start":1120,"column_end":80,"column_start":5,"expansion":null,"file_name":"gameplay_sim/src/systems/world/road_generation.rs","is_primary":true,"label":null,"line_end":29,"line_start":29,"suggested_replacement":null,"suggestion_applicability":null,"text":[{"highlight_end":80,"highlight_start":5,"text":"    fn generate_chunk_roads(&mut self, chunk_x: i32, chunk_z: i32) -> Vec<u32>;"}]}]}}
{"reason":"compiler-message","package_id":"path+file:///Users/bradyjeong/Documents/Projects/Amp/gta4/gta_game/gameplay_sim#0.1.0","manifest_path":"/Users/bradyjeong/Documents/Projects/Amp/gta4/gta_game/gameplay_sim/Cargo.toml","target":{"kind":["lib"],"crate_types":["lib"],"name":"gameplay_sim","src_path":"/Users/bradyjeong/Documents/Projects/Amp/gta4/gta_game/gameplay_sim/src/lib.rs","edition":"2021","doc":true,"doctest":true,"test":true},"message":{"rendered":"warning: missing documentation for an associated function\n  --> gameplay_sim/src/systems/world/unified_distance_culling.rs:86:5\n   |\n86 |     pub fn new(priority: DirtyPriority) -> Self {\n   |     ^^^^^^^^^^^^^^^^^^^^^^^^^^^^^^^^^^^^^^^^^^^\n\n","$message_type":"diagnostic","children":[],"code":{"code":"missing_docs","explanation":null},"level":"warning","message":"missing documentation for an associated function","spans":[{"byte_end":2194,"byte_start":2151,"column_end":48,"column_start":5,"expansion":null,"file_name":"gameplay_sim/src/systems/world/unified_distance_culling.rs","is_primary":true,"label":null,"line_end":86,"line_start":86,"suggested_replacement":null,"suggestion_applicability":null,"text":[{"highlight_end":48,"highlight_start":5,"text":"    pub fn new(priority: DirtyPriority) -> Self {"}]}]}}
{"reason":"compiler-message","package_id":"path+file:///Users/bradyjeong/Documents/Projects/Amp/gta4/gta_game/gameplay_sim#0.1.0","manifest_path":"/Users/bradyjeong/Documents/Projects/Amp/gta4/gta_game/gameplay_sim/Cargo.toml","target":{"kind":["lib"],"crate_types":["lib"],"name":"gameplay_sim","src_path":"/Users/bradyjeong/Documents/Projects/Amp/gta4/gta_game/gameplay_sim/src/lib.rs","edition":"2021","doc":true,"doctest":true,"test":true},"message":{"rendered":"warning: missing documentation for an enum\n  --> gameplay_sim/src/systems/world/unified_distance_culling.rs:92:1\n   |\n92 | pub enum DirtyPriority {\n   | ^^^^^^^^^^^^^^^^^^^^^^\n\n","$message_type":"diagnostic","children":[],"code":{"code":"missing_docs","explanation":null},"level":"warning","message":"missing documentation for an enum","spans":[{"byte_end":2299,"byte_start":2277,"column_end":23,"column_start":1,"expansion":null,"file_name":"gameplay_sim/src/systems/world/unified_distance_culling.rs","is_primary":true,"label":null,"line_end":92,"line_start":92,"suggested_replacement":null,"suggestion_applicability":null,"text":[{"highlight_end":23,"highlight_start":1,"text":"pub enum DirtyPriority {"}]}]}}
{"reason":"compiler-message","package_id":"path+file:///Users/bradyjeong/Documents/Projects/Amp/gta4/gta_game/gameplay_sim#0.1.0","manifest_path":"/Users/bradyjeong/Documents/Projects/Amp/gta4/gta_game/gameplay_sim/Cargo.toml","target":{"kind":["lib"],"crate_types":["lib"],"name":"gameplay_sim","src_path":"/Users/bradyjeong/Documents/Projects/Amp/gta4/gta_game/gameplay_sim/src/lib.rs","edition":"2021","doc":true,"doctest":true,"test":true},"message":{"rendered":"warning: missing documentation for a variant\n  --> gameplay_sim/src/systems/world/unified_distance_culling.rs:93:5\n   |\n93 |     High,\n   |     ^^^^\n\n","$message_type":"diagnostic","children":[],"code":{"code":"missing_docs","explanation":null},"level":"warning","message":"missing documentation for a variant","spans":[{"byte_end":2310,"byte_start":2306,"column_end":9,"column_start":5,"expansion":null,"file_name":"gameplay_sim/src/systems/world/unified_distance_culling.rs","is_primary":true,"label":null,"line_end":93,"line_start":93,"suggested_replacement":null,"suggestion_applicability":null,"text":[{"highlight_end":9,"highlight_start":5,"text":"    High,"}]}]}}
{"reason":"compiler-message","package_id":"path+file:///Users/bradyjeong/Documents/Projects/Amp/gta4/gta_game/gameplay_sim#0.1.0","manifest_path":"/Users/bradyjeong/Documents/Projects/Amp/gta4/gta_game/gameplay_sim/Cargo.toml","target":{"kind":["lib"],"crate_types":["lib"],"name":"gameplay_sim","src_path":"/Users/bradyjeong/Documents/Projects/Amp/gta4/gta_game/gameplay_sim/src/lib.rs","edition":"2021","doc":true,"doctest":true,"test":true},"message":{"rendered":"warning: missing documentation for a variant\n  --> gameplay_sim/src/systems/world/unified_distance_culling.rs:94:5\n   |\n94 |     Normal,\n   |     ^^^^^^\n\n","$message_type":"diagnostic","children":[],"code":{"code":"missing_docs","explanation":null},"level":"warning","message":"missing documentation for a variant","spans":[{"byte_end":2322,"byte_start":2316,"column_end":11,"column_start":5,"expansion":null,"file_name":"gameplay_sim/src/systems/world/unified_distance_culling.rs","is_primary":true,"label":null,"line_end":94,"line_start":94,"suggested_replacement":null,"suggestion_applicability":null,"text":[{"highlight_end":11,"highlight_start":5,"text":"    Normal,"}]}]}}
{"reason":"compiler-message","package_id":"path+file:///Users/bradyjeong/Documents/Projects/Amp/gta4/gta_game/gameplay_sim#0.1.0","manifest_path":"/Users/bradyjeong/Documents/Projects/Amp/gta4/gta_game/gameplay_sim/Cargo.toml","target":{"kind":["lib"],"crate_types":["lib"],"name":"gameplay_sim","src_path":"/Users/bradyjeong/Documents/Projects/Amp/gta4/gta_game/gameplay_sim/src/lib.rs","edition":"2021","doc":true,"doctest":true,"test":true},"message":{"rendered":"warning: missing documentation for a function\n   --> gameplay_sim/src/systems/world/road_generation.rs:123:1\n    |\n123 | / pub fn road_generation_system(\n124 | |     mut commands: Commands,\n125 | |     active_query: Query<&Transform, With<ActiveEntity>>,\n126 | |     road_query: Query<(Entity, &Transform), With<RoadEntity>>,\n127 | |     mut road_network: ResMut<RoadNetwork>,\n128 | |     mut cache: ResMut<RoadGenerationCache>,\n129 | | ) {\n    | |_^\n\n","$message_type":"diagnostic","children":[],"code":{"code":"missing_docs","explanation":null},"level":"warning","message":"missing documentation for a function","spans":[{"byte_end":4471,"byte_start":4204,"column_end":2,"column_start":1,"expansion":null,"file_name":"gameplay_sim/src/systems/world/road_generation.rs","is_primary":true,"label":null,"line_end":129,"line_start":123,"suggested_replacement":null,"suggestion_applicability":null,"text":[{"highlight_end":31,"highlight_start":1,"text":"pub fn road_generation_system("},{"highlight_end":28,"highlight_start":1,"text":"    mut commands: Commands,"},{"highlight_end":57,"highlight_start":1,"text":"    active_query: Query<&Transform, With<ActiveEntity>>,"},{"highlight_end":63,"highlight_start":1,"text":"    road_query: Query<(Entity, &Transform), With<RoadEntity>>,"},{"highlight_end":43,"highlight_start":1,"text":"    mut road_network: ResMut<RoadNetwork>,"},{"highlight_end":44,"highlight_start":1,"text":"    mut cache: ResMut<RoadGenerationCache>,"},{"highlight_end":2,"highlight_start":1,"text":") {"}]}]}}
{"reason":"compiler-message","package_id":"path+file:///Users/bradyjeong/Documents/Projects/Amp/gta4/gta_game/gameplay_sim#0.1.0","manifest_path":"/Users/bradyjeong/Documents/Projects/Amp/gta4/gta_game/gameplay_sim/Cargo.toml","target":{"kind":["lib"],"crate_types":["lib"],"name":"gameplay_sim","src_path":"/Users/bradyjeong/Documents/Projects/Amp/gta4/gta_game/gameplay_sim/src/lib.rs","edition":"2021","doc":true,"doctest":true,"test":true},"message":{"rendered":"warning: missing documentation for a variant\n  --> gameplay_sim/src/systems/world/unified_distance_culling.rs:95:5\n   |\n95 |     Low,\n   |     ^^^\n\n","$message_type":"diagnostic","children":[],"code":{"code":"missing_docs","explanation":null},"level":"warning","message":"missing documentation for a variant","spans":[{"byte_end":2331,"byte_start":2328,"column_end":8,"column_start":5,"expansion":null,"file_name":"gameplay_sim/src/systems/world/unified_distance_culling.rs","is_primary":true,"label":null,"line_end":95,"line_start":95,"suggested_replacement":null,"suggestion_applicability":null,"text":[{"highlight_end":8,"highlight_start":5,"text":"    Low,"}]}]}}
{"reason":"compiler-message","package_id":"path+file:///Users/bradyjeong/Documents/Projects/Amp/gta4/gta_game/gameplay_sim#0.1.0","manifest_path":"/Users/bradyjeong/Documents/Projects/Amp/gta4/gta_game/gameplay_sim/Cargo.toml","target":{"kind":["lib"],"crate_types":["lib"],"name":"gameplay_sim","src_path":"/Users/bradyjeong/Documents/Projects/Amp/gta4/gta_game/gameplay_sim/src/lib.rs","edition":"2021","doc":true,"doctest":true,"test":true},"message":{"rendered":"warning: missing documentation for a struct\n  --> gameplay_sim/src/systems/world/unified_distance_culling.rs:99:1\n   |\n99 | pub struct DirtyLOD;\n   | ^^^^^^^^^^^^^^^^^^^\n\n","$message_type":"diagnostic","children":[],"code":{"code":"missing_docs","explanation":null},"level":"warning","message":"missing documentation for a struct","spans":[{"byte_end":2396,"byte_start":2377,"column_end":20,"column_start":1,"expansion":null,"file_name":"gameplay_sim/src/systems/world/unified_distance_culling.rs","is_primary":true,"label":null,"line_end":99,"line_start":99,"suggested_replacement":null,"suggestion_applicability":null,"text":[{"highlight_end":20,"highlight_start":1,"text":"pub struct DirtyLOD;"}]}]}}
{"reason":"compiler-message","package_id":"path+file:///Users/bradyjeong/Documents/Projects/Amp/gta4/gta_game/gameplay_sim#0.1.0","manifest_path":"/Users/bradyjeong/Documents/Projects/Amp/gta4/gta_game/gameplay_sim/Cargo.toml","target":{"kind":["lib"],"crate_types":["lib"],"name":"gameplay_sim","src_path":"/Users/bradyjeong/Documents/Projects/Amp/gta4/gta_game/gameplay_sim/src/lib.rs","edition":"2021","doc":true,"doctest":true,"test":true},"message":{"rendered":"warning: missing documentation for a struct\n   --> gameplay_sim/src/systems/world/unified_distance_culling.rs:102:1\n    |\n102 | pub struct DistanceCullingStats {\n    | ^^^^^^^^^^^^^^^^^^^^^^^^^^^^^^^\n\n","$message_type":"diagnostic","children":[],"code":{"code":"missing_docs","explanation":null},"level":"warning","message":"missing documentation for a struct","spans":[{"byte_end":2473,"byte_start":2442,"column_end":32,"column_start":1,"expansion":null,"file_name":"gameplay_sim/src/systems/world/unified_distance_culling.rs","is_primary":true,"label":null,"line_end":102,"line_start":102,"suggested_replacement":null,"suggestion_applicability":null,"text":[{"highlight_end":32,"highlight_start":1,"text":"pub struct DistanceCullingStats {"}]}]}}
{"reason":"compiler-message","package_id":"path+file:///Users/bradyjeong/Documents/Projects/Amp/gta4/gta_game/gameplay_sim#0.1.0","manifest_path":"/Users/bradyjeong/Documents/Projects/Amp/gta4/gta_game/gameplay_sim/Cargo.toml","target":{"kind":["lib"],"crate_types":["lib"],"name":"gameplay_sim","src_path":"/Users/bradyjeong/Documents/Projects/Amp/gta4/gta_game/gameplay_sim/src/lib.rs","edition":"2021","doc":true,"doctest":true,"test":true},"message":{"rendered":"warning: missing documentation for a function\n   --> gameplay_sim/src/systems/world/road_generation.rs:266:1\n    |\n266 | pub fn is_on_road_spline(position: Vec3, road_network: &RoadNetwork, tolerance: f32) -> bool {\n    | ^^^^^^^^^^^^^^^^^^^^^^^^^^^^^^^^^^^^^^^^^^^^^^^^^^^^^^^^^^^^^^^^^^^^^^^^^^^^^^^^^^^^^^^^^^^^\n\n","$message_type":"diagnostic","children":[],"code":{"code":"missing_docs","explanation":null},"level":"warning","message":"missing documentation for a function","spans":[{"byte_end":9616,"byte_start":9524,"column_end":93,"column_start":1,"expansion":null,"file_name":"gameplay_sim/src/systems/world/road_generation.rs","is_primary":true,"label":null,"line_end":266,"line_start":266,"suggested_replacement":null,"suggestion_applicability":null,"text":[{"highlight_end":93,"highlight_start":1,"text":"pub fn is_on_road_spline(position: Vec3, road_network: &RoadNetwork, tolerance: f32) -> bool {"}]}]}}
{"reason":"compiler-message","package_id":"path+file:///Users/bradyjeong/Documents/Projects/Amp/gta4/gta_game/gameplay_sim#0.1.0","manifest_path":"/Users/bradyjeong/Documents/Projects/Amp/gta4/gta_game/gameplay_sim/Cargo.toml","target":{"kind":["lib"],"crate_types":["lib"],"name":"gameplay_sim","src_path":"/Users/bradyjeong/Documents/Projects/Amp/gta4/gta_game/gameplay_sim/src/lib.rs","edition":"2021","doc":true,"doctest":true,"test":true},"message":{"rendered":"warning: missing documentation for a struct field\n   --> gameplay_sim/src/systems/world/unified_distance_culling.rs:103:5\n    |\n103 |     pub entities_processed: usize,\n    |     ^^^^^^^^^^^^^^^^^^^^^^^^^^^^^\n\n","$message_type":"diagnostic","children":[],"code":{"code":"missing_docs","explanation":null},"level":"warning","message":"missing documentation for a struct field","spans":[{"byte_end":2509,"byte_start":2480,"column_end":34,"column_start":5,"expansion":null,"file_name":"gameplay_sim/src/systems/world/unified_distance_culling.rs","is_primary":true,"label":null,"line_end":103,"line_start":103,"suggested_replacement":null,"suggestion_applicability":null,"text":[{"highlight_end":34,"highlight_start":5,"text":"    pub entities_processed: usize,"}]}]}}
{"reason":"compiler-message","package_id":"path+file:///Users/bradyjeong/Documents/Projects/Amp/gta4/gta_game/gameplay_sim#0.1.0","manifest_path":"/Users/bradyjeong/Documents/Projects/Amp/gta4/gta_game/gameplay_sim/Cargo.toml","target":{"kind":["lib"],"crate_types":["lib"],"name":"gameplay_sim","src_path":"/Users/bradyjeong/Documents/Projects/Amp/gta4/gta_game/gameplay_sim/src/lib.rs","edition":"2021","doc":true,"doctest":true,"test":true},"message":{"rendered":"warning: missing documentation for a function\n   --> gameplay_sim/src/systems/world/road_generation.rs:270:1\n    |\n270 | pub fn find_nearest_road_position(position: Vec3, road_network: &RoadNetwork) -> Vec3 {\n    | ^^^^^^^^^^^^^^^^^^^^^^^^^^^^^^^^^^^^^^^^^^^^^^^^^^^^^^^^^^^^^^^^^^^^^^^^^^^^^^^^^^^^^\n\n","$message_type":"diagnostic","children":[],"code":{"code":"missing_docs","explanation":null},"level":"warning","message":"missing documentation for a function","spans":[{"byte_end":9776,"byte_start":9691,"column_end":86,"column_start":1,"expansion":null,"file_name":"gameplay_sim/src/systems/world/road_generation.rs","is_primary":true,"label":null,"line_end":270,"line_start":270,"suggested_replacement":null,"suggestion_applicability":null,"text":[{"highlight_end":86,"highlight_start":1,"text":"pub fn find_nearest_road_position(position: Vec3, road_network: &RoadNetwork) -> Vec3 {"}]}]}}
{"reason":"compiler-message","package_id":"path+file:///Users/bradyjeong/Documents/Projects/Amp/gta4/gta_game/gameplay_sim#0.1.0","manifest_path":"/Users/bradyjeong/Documents/Projects/Amp/gta4/gta_game/gameplay_sim/Cargo.toml","target":{"kind":["lib"],"crate_types":["lib"],"name":"gameplay_sim","src_path":"/Users/bradyjeong/Documents/Projects/Amp/gta4/gta_game/gameplay_sim/src/lib.rs","edition":"2021","doc":true,"doctest":true,"test":true},"message":{"rendered":"warning: missing documentation for a struct field\n   --> gameplay_sim/src/systems/world/unified_distance_culling.rs:104:5\n    |\n104 |     pub entities_culled: usize,\n    |     ^^^^^^^^^^^^^^^^^^^^^^^^^^\n\n","$message_type":"diagnostic","children":[],"code":{"code":"missing_docs","explanation":null},"level":"warning","message":"missing documentation for a struct field","spans":[{"byte_end":2541,"byte_start":2515,"column_end":31,"column_start":5,"expansion":null,"file_name":"gameplay_sim/src/systems/world/unified_distance_culling.rs","is_primary":true,"label":null,"line_end":104,"line_start":104,"suggested_replacement":null,"suggestion_applicability":null,"text":[{"highlight_end":31,"highlight_start":5,"text":"    pub entities_culled: usize,"}]}]}}
{"reason":"compiler-message","package_id":"path+file:///Users/bradyjeong/Documents/Projects/Amp/gta4/gta_game/gameplay_sim#0.1.0","manifest_path":"/Users/bradyjeong/Documents/Projects/Amp/gta4/gta_game/gameplay_sim/Cargo.toml","target":{"kind":["lib"],"crate_types":["lib"],"name":"gameplay_sim","src_path":"/Users/bradyjeong/Documents/Projects/Amp/gta4/gta_game/gameplay_sim/src/lib.rs","edition":"2021","doc":true,"doctest":true,"test":true},"message":{"rendered":"warning: missing documentation for a struct field\n   --> gameplay_sim/src/systems/world/unified_distance_culling.rs:105:5\n    |\n105 |     pub cache_hits: usize,\n    |     ^^^^^^^^^^^^^^^^^^^^^\n\n","$message_type":"diagnostic","children":[],"code":{"code":"missing_docs","explanation":null},"level":"warning","message":"missing documentation for a struct field","spans":[{"byte_end":2568,"byte_start":2547,"column_end":26,"column_start":5,"expansion":null,"file_name":"gameplay_sim/src/systems/world/unified_distance_culling.rs","is_primary":true,"label":null,"line_end":105,"line_start":105,"suggested_replacement":null,"suggestion_applicability":null,"text":[{"highlight_end":26,"highlight_start":5,"text":"    pub cache_hits: usize,"}]}]}}
{"reason":"compiler-message","package_id":"path+file:///Users/bradyjeong/Documents/Projects/Amp/gta4/gta_game/gameplay_sim#0.1.0","manifest_path":"/Users/bradyjeong/Documents/Projects/Amp/gta4/gta_game/gameplay_sim/Cargo.toml","target":{"kind":["lib"],"crate_types":["lib"],"name":"gameplay_sim","src_path":"/Users/bradyjeong/Documents/Projects/Amp/gta4/gta_game/gameplay_sim/src/lib.rs","edition":"2021","doc":true,"doctest":true,"test":true},"message":{"rendered":"warning: missing documentation for a struct field\n   --> gameplay_sim/src/systems/world/unified_distance_culling.rs:106:5\n    |\n106 |     pub cache_misses: usize,\n    |     ^^^^^^^^^^^^^^^^^^^^^^^\n\n","$message_type":"diagnostic","children":[],"code":{"code":"missing_docs","explanation":null},"level":"warning","message":"missing documentation for a struct field","spans":[{"byte_end":2597,"byte_start":2574,"column_end":28,"column_start":5,"expansion":null,"file_name":"gameplay_sim/src/systems/world/unified_distance_culling.rs","is_primary":true,"label":null,"line_end":106,"line_start":106,"suggested_replacement":null,"suggestion_applicability":null,"text":[{"highlight_end":28,"highlight_start":5,"text":"    pub cache_misses: usize,"}]}]}}
{"reason":"compiler-message","package_id":"path+file:///Users/bradyjeong/Documents/Projects/Amp/gta4/gta_game/gameplay_sim#0.1.0","manifest_path":"/Users/bradyjeong/Documents/Projects/Amp/gta4/gta_game/gameplay_sim/Cargo.toml","target":{"kind":["lib"],"crate_types":["lib"],"name":"gameplay_sim","src_path":"/Users/bradyjeong/Documents/Projects/Amp/gta4/gta_game/gameplay_sim/src/lib.rs","edition":"2021","doc":true,"doctest":true,"test":true},"message":{"rendered":"warning: missing documentation for a struct\n  --> gameplay_sim/src/systems/world/map_system.rs:24:1\n   |\n24 | pub struct MapSystem {\n   | ^^^^^^^^^^^^^^^^^^^^\n\n","$message_type":"diagnostic","children":[],"code":{"code":"missing_docs","explanation":null},"level":"warning","message":"missing documentation for a struct","spans":[{"byte_end":973,"byte_start":953,"column_end":21,"column_start":1,"expansion":null,"file_name":"gameplay_sim/src/systems/world/map_system.rs","is_primary":true,"label":null,"line_end":24,"line_start":24,"suggested_replacement":null,"suggestion_applicability":null,"text":[{"highlight_end":21,"highlight_start":1,"text":"pub struct MapSystem {"}]}]}}
{"reason":"compiler-message","package_id":"path+file:///Users/bradyjeong/Documents/Projects/Amp/gta4/gta_game/gameplay_sim#0.1.0","manifest_path":"/Users/bradyjeong/Documents/Projects/Amp/gta4/gta_game/gameplay_sim/Cargo.toml","target":{"kind":["lib"],"crate_types":["lib"],"name":"gameplay_sim","src_path":"/Users/bradyjeong/Documents/Projects/Amp/gta4/gta_game/gameplay_sim/src/lib.rs","edition":"2021","doc":true,"doctest":true,"test":true},"message":{"rendered":"warning: missing documentation for a function\n   --> gameplay_sim/src/systems/world/unified_distance_culling.rs:109:1\n    |\n109 | / pub fn unified_distance_culling_system(\n110 | |     mut commands: Commands,\n111 | |     active_query: Query<&Transform, With<ActiveEntity>>,\n112 | |     mut cullable_query: Query<(Entity, &mut UnifiedCullable, &Transform, &mut Visibility)>,\n113 | |     mut stats: ResMut<DistanceCullingStats>,\n114 | |     time: Res<Time>,\n115 | | ) {\n    | |_^\n\n","$message_type":"diagnostic","children":[],"code":{"code":"missing_docs","explanation":null},"level":"warning","message":"missing documentation for a function","spans":[{"byte_end":2886,"byte_start":2602,"column_end":2,"column_start":1,"expansion":null,"file_name":"gameplay_sim/src/systems/world/unified_distance_culling.rs","is_primary":true,"label":null,"line_end":115,"line_start":109,"suggested_replacement":null,"suggestion_applicability":null,"text":[{"highlight_end":40,"highlight_start":1,"text":"pub fn unified_distance_culling_system("},{"highlight_end":28,"highlight_start":1,"text":"    mut commands: Commands,"},{"highlight_end":57,"highlight_start":1,"text":"    active_query: Query<&Transform, With<ActiveEntity>>,"},{"highlight_end":92,"highlight_start":1,"text":"    mut cullable_query: Query<(Entity, &mut UnifiedCullable, &Transform, &mut Visibility)>,"},{"highlight_end":45,"highlight_start":1,"text":"    mut stats: ResMut<DistanceCullingStats>,"},{"highlight_end":21,"highlight_start":1,"text":"    time: Res<Time>,"},{"highlight_end":2,"highlight_start":1,"text":") {"}]}]}}
{"reason":"compiler-message","package_id":"path+file:///Users/bradyjeong/Documents/Projects/Amp/gta4/gta_game/gameplay_sim#0.1.0","manifest_path":"/Users/bradyjeong/Documents/Projects/Amp/gta4/gta_game/gameplay_sim/Cargo.toml","target":{"kind":["lib"],"crate_types":["lib"],"name":"gameplay_sim","src_path":"/Users/bradyjeong/Documents/Projects/Amp/gta4/gta_game/gameplay_sim/src/lib.rs","edition":"2021","doc":true,"doctest":true,"test":true},"message":{"rendered":"warning: missing documentation for a struct field\n  --> gameplay_sim/src/systems/world/map_system.rs:25:5\n   |\n25 |     pub generated_chunks: HashMap<(i32, i32), Entity>,\n   |     ^^^^^^^^^^^^^^^^^^^^^^^^^^^^^^^^^^^^^^^^^^^^^^^^^\n\n","$message_type":"diagnostic","children":[],"code":{"code":"missing_docs","explanation":null},"level":"warning","message":"missing documentation for a struct field","spans":[{"byte_end":1029,"byte_start":980,"column_end":54,"column_start":5,"expansion":null,"file_name":"gameplay_sim/src/systems/world/map_system.rs","is_primary":true,"label":null,"line_end":25,"line_start":25,"suggested_replacement":null,"suggestion_applicability":null,"text":[{"highlight_end":54,"highlight_start":5,"text":"    pub generated_chunks: HashMap<(i32, i32), Entity>,"}]}]}}
{"reason":"compiler-message","package_id":"path+file:///Users/bradyjeong/Documents/Projects/Amp/gta4/gta_game/gameplay_sim#0.1.0","manifest_path":"/Users/bradyjeong/Documents/Projects/Amp/gta4/gta_game/gameplay_sim/Cargo.toml","target":{"kind":["lib"],"crate_types":["lib"],"name":"gameplay_sim","src_path":"/Users/bradyjeong/Documents/Projects/Amp/gta4/gta_game/gameplay_sim/src/lib.rs","edition":"2021","doc":true,"doctest":true,"test":true},"message":{"rendered":"warning: missing documentation for a struct field\n  --> gameplay_sim/src/systems/world/map_system.rs:26:5\n   |\n26 |     pub chunk_templates: Vec<ChunkTemplate>,\n   |     ^^^^^^^^^^^^^^^^^^^^^^^^^^^^^^^^^^^^^^^\n\n","$message_type":"diagnostic","children":[],"code":{"code":"missing_docs","explanation":null},"level":"warning","message":"missing documentation for a struct field","spans":[{"byte_end":1074,"byte_start":1035,"column_end":44,"column_start":5,"expansion":null,"file_name":"gameplay_sim/src/systems/world/map_system.rs","is_primary":true,"label":null,"line_end":26,"line_start":26,"suggested_replacement":null,"suggestion_applicability":null,"text":[{"highlight_end":44,"highlight_start":5,"text":"    pub chunk_templates: Vec<ChunkTemplate>,"}]}]}}
{"reason":"compiler-message","package_id":"path+file:///Users/bradyjeong/Documents/Projects/Amp/gta4/gta_game/gameplay_sim#0.1.0","manifest_path":"/Users/bradyjeong/Documents/Projects/Amp/gta4/gta_game/gameplay_sim/Cargo.toml","target":{"kind":["lib"],"crate_types":["lib"],"name":"gameplay_sim","src_path":"/Users/bradyjeong/Documents/Projects/Amp/gta4/gta_game/gameplay_sim/src/lib.rs","edition":"2021","doc":true,"doctest":true,"test":true},"message":{"rendered":"warning: missing documentation for a function\n   --> gameplay_sim/src/systems/world/unified_distance_culling.rs:162:1\n    |\n162 | / pub fn unified_vehicle_lod_system(\n163 | |     vehicle_query: Query<(Entity, &UnifiedCullable, &VehicleState), (With<DirtyLOD>, Changed<UnifiedCullable>)>,\n164 | | ) {\n    | |_^\n\n","$message_type":"diagnostic","children":[],"code":{"code":"missing_docs","explanation":null},"level":"warning","message":"missing documentation for a function","spans":[{"byte_end":4615,"byte_start":4466,"column_end":2,"column_start":1,"expansion":null,"file_name":"gameplay_sim/src/systems/world/unified_distance_culling.rs","is_primary":true,"label":null,"line_end":164,"line_start":162,"suggested_replacement":null,"suggestion_applicability":null,"text":[{"highlight_end":35,"highlight_start":1,"text":"pub fn unified_vehicle_lod_system("},{"highlight_end":113,"highlight_start":1,"text":"    vehicle_query: Query<(Entity, &UnifiedCullable, &VehicleState), (With<DirtyLOD>, Changed<UnifiedCullable>)>,"},{"highlight_end":2,"highlight_start":1,"text":") {"}]}]}}
{"reason":"compiler-message","package_id":"path+file:///Users/bradyjeong/Documents/Projects/Amp/gta4/gta_game/gameplay_sim#0.1.0","manifest_path":"/Users/bradyjeong/Documents/Projects/Amp/gta4/gta_game/gameplay_sim/Cargo.toml","target":{"kind":["lib"],"crate_types":["lib"],"name":"gameplay_sim","src_path":"/Users/bradyjeong/Documents/Projects/Amp/gta4/gta_game/gameplay_sim/src/lib.rs","edition":"2021","doc":true,"doctest":true,"test":true},"message":{"rendered":"warning: missing documentation for a struct\n  --> gameplay_sim/src/systems/world/map_system.rs:30:1\n   |\n30 | pub struct ChunkTemplate {\n   | ^^^^^^^^^^^^^^^^^^^^^^^^\n\n","$message_type":"diagnostic","children":[],"code":{"code":"missing_docs","explanation":null},"level":"warning","message":"missing documentation for a struct","spans":[{"byte_end":1120,"byte_start":1096,"column_end":25,"column_start":1,"expansion":null,"file_name":"gameplay_sim/src/systems/world/map_system.rs","is_primary":true,"label":null,"line_end":30,"line_start":30,"suggested_replacement":null,"suggestion_applicability":null,"text":[{"highlight_end":25,"highlight_start":1,"text":"pub struct ChunkTemplate {"}]}]}}
{"reason":"compiler-message","package_id":"path+file:///Users/bradyjeong/Documents/Projects/Amp/gta4/gta_game/gameplay_sim#0.1.0","manifest_path":"/Users/bradyjeong/Documents/Projects/Amp/gta4/gta_game/gameplay_sim/Cargo.toml","target":{"kind":["lib"],"crate_types":["lib"],"name":"gameplay_sim","src_path":"/Users/bradyjeong/Documents/Projects/Amp/gta4/gta_game/gameplay_sim/src/lib.rs","edition":"2021","doc":true,"doctest":true,"test":true},"message":{"rendered":"warning: missing documentation for a function\n   --> gameplay_sim/src/systems/world/unified_distance_culling.rs:180:1\n    |\n180 | / pub fn unified_building_lod_system(\n181 | |     building_query: Query<(Entity, &UnifiedCullable), (With<Building>, Changed<UnifiedCullable>)>,\n182 | | ) {\n    | |_^\n\n","$message_type":"diagnostic","children":[],"code":{"code":"missing_docs","explanation":null},"level":"warning","message":"missing documentation for a function","spans":[{"byte_end":5272,"byte_start":5136,"column_end":2,"column_start":1,"expansion":null,"file_name":"gameplay_sim/src/systems/world/unified_distance_culling.rs","is_primary":true,"label":null,"line_end":182,"line_start":180,"suggested_replacement":null,"suggestion_applicability":null,"text":[{"highlight_end":36,"highlight_start":1,"text":"pub fn unified_building_lod_system("},{"highlight_end":99,"highlight_start":1,"text":"    building_query: Query<(Entity, &UnifiedCullable), (With<Building>, Changed<UnifiedCullable>)>,"},{"highlight_end":2,"highlight_start":1,"text":") {"}]}]}}
{"reason":"compiler-message","package_id":"path+file:///Users/bradyjeong/Documents/Projects/Amp/gta4/gta_game/gameplay_sim#0.1.0","manifest_path":"/Users/bradyjeong/Documents/Projects/Amp/gta4/gta_game/gameplay_sim/Cargo.toml","target":{"kind":["lib"],"crate_types":["lib"],"name":"gameplay_sim","src_path":"/Users/bradyjeong/Documents/Projects/Amp/gta4/gta_game/gameplay_sim/src/lib.rs","edition":"2021","doc":true,"doctest":true,"test":true},"message":{"rendered":"warning: missing documentation for a struct field\n  --> gameplay_sim/src/systems/world/map_system.rs:31:5\n   |\n31 |     pub terrain_height: f32,\n   |     ^^^^^^^^^^^^^^^^^^^^^^^\n\n","$message_type":"diagnostic","children":[],"code":{"code":"missing_docs","explanation":null},"level":"warning","message":"missing documentation for a struct field","spans":[{"byte_end":1150,"byte_start":1127,"column_end":28,"column_start":5,"expansion":null,"file_name":"gameplay_sim/src/systems/world/map_system.rs","is_primary":true,"label":null,"line_end":31,"line_start":31,"suggested_replacement":null,"suggestion_applicability":null,"text":[{"highlight_end":28,"highlight_start":5,"text":"    pub terrain_height: f32,"}]}]}}
{"reason":"compiler-message","package_id":"path+file:///Users/bradyjeong/Documents/Projects/Amp/gta4/gta_game/gameplay_sim#0.1.0","manifest_path":"/Users/bradyjeong/Documents/Projects/Amp/gta4/gta_game/gameplay_sim/Cargo.toml","target":{"kind":["lib"],"crate_types":["lib"],"name":"gameplay_sim","src_path":"/Users/bradyjeong/Documents/Projects/Amp/gta4/gta_game/gameplay_sim/src/lib.rs","edition":"2021","doc":true,"doctest":true,"test":true},"message":{"rendered":"warning: missing documentation for a struct field\n  --> gameplay_sim/src/systems/world/map_system.rs:32:5\n   |\n32 |     pub buildings: Vec<BuildingTemplate>,\n   |     ^^^^^^^^^^^^^^^^^^^^^^^^^^^^^^^^^^^^\n\n","$message_type":"diagnostic","children":[],"code":{"code":"missing_docs","explanation":null},"level":"warning","message":"missing documentation for a struct field","spans":[{"byte_end":1192,"byte_start":1156,"column_end":41,"column_start":5,"expansion":null,"file_name":"gameplay_sim/src/systems/world/map_system.rs","is_primary":true,"label":null,"line_end":32,"line_start":32,"suggested_replacement":null,"suggestion_applicability":null,"text":[{"highlight_end":41,"highlight_start":5,"text":"    pub buildings: Vec<BuildingTemplate>,"}]}]}}
{"reason":"compiler-message","package_id":"path+file:///Users/bradyjeong/Documents/Projects/Amp/gta4/gta_game/gameplay_sim#0.1.0","manifest_path":"/Users/bradyjeong/Documents/Projects/Amp/gta4/gta_game/gameplay_sim/Cargo.toml","target":{"kind":["lib"],"crate_types":["lib"],"name":"gameplay_sim","src_path":"/Users/bradyjeong/Documents/Projects/Amp/gta4/gta_game/gameplay_sim/src/lib.rs","edition":"2021","doc":true,"doctest":true,"test":true},"message":{"rendered":"warning: missing documentation for a function\n   --> gameplay_sim/src/systems/world/unified_distance_culling.rs:191:1\n    |\n191 | / pub fn unified_npc_lod_system(\n192 | |     npc_query: Query<(Entity, &UnifiedCullable), (With<NPC>, Changed<UnifiedCullable>)>,\n193 | | ) {\n    | |_^\n\n","$message_type":"diagnostic","children":[],"code":{"code":"missing_docs","explanation":null},"level":"warning","message":"missing documentation for a function","spans":[{"byte_end":5664,"byte_start":5543,"column_end":2,"column_start":1,"expansion":null,"file_name":"gameplay_sim/src/systems/world/unified_distance_culling.rs","is_primary":true,"label":null,"line_end":193,"line_start":191,"suggested_replacement":null,"suggestion_applicability":null,"text":[{"highlight_end":31,"highlight_start":1,"text":"pub fn unified_npc_lod_system("},{"highlight_end":89,"highlight_start":1,"text":"    npc_query: Query<(Entity, &UnifiedCullable), (With<NPC>, Changed<UnifiedCullable>)>,"},{"highlight_end":2,"highlight_start":1,"text":") {"}]}]}}
{"reason":"compiler-message","package_id":"path+file:///Users/bradyjeong/Documents/Projects/Amp/gta4/gta_game/gameplay_sim#0.1.0","manifest_path":"/Users/bradyjeong/Documents/Projects/Amp/gta4/gta_game/gameplay_sim/Cargo.toml","target":{"kind":["lib"],"crate_types":["lib"],"name":"gameplay_sim","src_path":"/Users/bradyjeong/Documents/Projects/Amp/gta4/gta_game/gameplay_sim/src/lib.rs","edition":"2021","doc":true,"doctest":true,"test":true},"message":{"rendered":"warning: missing documentation for a struct field\n  --> gameplay_sim/src/systems/world/map_system.rs:33:5\n   |\n33 |     pub vegetation: Vec<VegetationPatch>,\n   |     ^^^^^^^^^^^^^^^^^^^^^^^^^^^^^^^^^^^^\n\n","$message_type":"diagnostic","children":[],"code":{"code":"missing_docs","explanation":null},"level":"warning","message":"missing documentation for a struct field","spans":[{"byte_end":1234,"byte_start":1198,"column_end":41,"column_start":5,"expansion":null,"file_name":"gameplay_sim/src/systems/world/map_system.rs","is_primary":true,"label":null,"line_end":33,"line_start":33,"suggested_replacement":null,"suggestion_applicability":null,"text":[{"highlight_end":41,"highlight_start":5,"text":"    pub vegetation: Vec<VegetationPatch>,"}]}]}}
{"reason":"compiler-message","package_id":"path+file:///Users/bradyjeong/Documents/Projects/Amp/gta4/gta_game/gameplay_sim#0.1.0","manifest_path":"/Users/bradyjeong/Documents/Projects/Amp/gta4/gta_game/gameplay_sim/Cargo.toml","target":{"kind":["lib"],"crate_types":["lib"],"name":"gameplay_sim","src_path":"/Users/bradyjeong/Documents/Projects/Amp/gta4/gta_game/gameplay_sim/src/lib.rs","edition":"2021","doc":true,"doctest":true,"test":true},"message":{"rendered":"warning: missing documentation for a function\n   --> gameplay_sim/src/systems/world/unified_distance_culling.rs:208:1\n    |\n208 | / pub fn dirty_visibility_processor_system(\n209 | |     mut commands: Commands,\n210 | |     dirty_query: Query<(Entity, &DirtyVisibility)>,\n211 | | ) {\n    | |_^\n\n","$message_type":"diagnostic","children":[],"code":{"code":"missing_docs","explanation":null},"level":"warning","message":"missing documentation for a function","spans":[{"byte_end":6215,"byte_start":6092,"column_end":2,"column_start":1,"expansion":null,"file_name":"gameplay_sim/src/systems/world/unified_distance_culling.rs","is_primary":true,"label":null,"line_end":211,"line_start":208,"suggested_replacement":null,"suggestion_applicability":null,"text":[{"highlight_end":42,"highlight_start":1,"text":"pub fn dirty_visibility_processor_system("},{"highlight_end":28,"highlight_start":1,"text":"    mut commands: Commands,"},{"highlight_end":52,"highlight_start":1,"text":"    dirty_query: Query<(Entity, &DirtyVisibility)>,"},{"highlight_end":2,"highlight_start":1,"text":") {"}]}]}}
{"reason":"compiler-message","package_id":"path+file:///Users/bradyjeong/Documents/Projects/Amp/gta4/gta_game/gameplay_sim#0.1.0","manifest_path":"/Users/bradyjeong/Documents/Projects/Amp/gta4/gta_game/gameplay_sim/Cargo.toml","target":{"kind":["lib"],"crate_types":["lib"],"name":"gameplay_sim","src_path":"/Users/bradyjeong/Documents/Projects/Amp/gta4/gta_game/gameplay_sim/src/lib.rs","edition":"2021","doc":true,"doctest":true,"test":true},"message":{"rendered":"warning: missing documentation for a struct\n  --> gameplay_sim/src/systems/world/map_system.rs:37:1\n   |\n37 | pub struct BuildingTemplate {\n   | ^^^^^^^^^^^^^^^^^^^^^^^^^^^\n\n","$message_type":"diagnostic","children":[],"code":{"code":"missing_docs","explanation":null},"level":"warning","message":"missing documentation for a struct","spans":[{"byte_end":1283,"byte_start":1256,"column_end":28,"column_start":1,"expansion":null,"file_name":"gameplay_sim/src/systems/world/map_system.rs","is_primary":true,"label":null,"line_end":37,"line_start":37,"suggested_replacement":null,"suggestion_applicability":null,"text":[{"highlight_end":28,"highlight_start":1,"text":"pub struct BuildingTemplate {"}]}]}}
{"reason":"compiler-message","package_id":"path+file:///Users/bradyjeong/Documents/Projects/Amp/gta4/gta_game/gameplay_sim#0.1.0","manifest_path":"/Users/bradyjeong/Documents/Projects/Amp/gta4/gta_game/gameplay_sim/Cargo.toml","target":{"kind":["lib"],"crate_types":["lib"],"name":"gameplay_sim","src_path":"/Users/bradyjeong/Documents/Projects/Amp/gta4/gta_game/gameplay_sim/src/lib.rs","edition":"2021","doc":true,"doctest":true,"test":true},"message":{"rendered":"warning: missing documentation for a function\n   --> gameplay_sim/src/systems/world/unified_distance_culling.rs:232:1\n    |\n232 | / pub fn culling_stats_system(\n233 | |     stats: Res<DistanceCullingStats>,\n234 | |     time: Res<Time>,\n235 | | ) {\n    | |_^\n\n","$message_type":"diagnostic","children":[],"code":{"code":"missing_docs","explanation":null},"level":"warning","message":"missing documentation for a function","spans":[{"byte_end":6935,"byte_start":6846,"column_end":2,"column_start":1,"expansion":null,"file_name":"gameplay_sim/src/systems/world/unified_distance_culling.rs","is_primary":true,"label":null,"line_end":235,"line_start":232,"suggested_replacement":null,"suggestion_applicability":null,"text":[{"highlight_end":29,"highlight_start":1,"text":"pub fn culling_stats_system("},{"highlight_end":38,"highlight_start":1,"text":"    stats: Res<DistanceCullingStats>,"},{"highlight_end":21,"highlight_start":1,"text":"    time: Res<Time>,"},{"highlight_end":2,"highlight_start":1,"text":") {"}]}]}}
{"reason":"compiler-message","package_id":"path+file:///Users/bradyjeong/Documents/Projects/Amp/gta4/gta_game/gameplay_sim#0.1.0","manifest_path":"/Users/bradyjeong/Documents/Projects/Amp/gta4/gta_game/gameplay_sim/Cargo.toml","target":{"kind":["lib"],"crate_types":["lib"],"name":"gameplay_sim","src_path":"/Users/bradyjeong/Documents/Projects/Amp/gta4/gta_game/gameplay_sim/src/lib.rs","edition":"2021","doc":true,"doctest":true,"test":true},"message":{"rendered":"warning: missing documentation for a struct field\n  --> gameplay_sim/src/systems/world/map_system.rs:38:5\n   |\n38 |     pub position: Vec3,\n   |     ^^^^^^^^^^^^^^^^^^\n\n","$message_type":"diagnostic","children":[],"code":{"code":"missing_docs","explanation":null},"level":"warning","message":"missing documentation for a struct field","spans":[{"byte_end":1308,"byte_start":1290,"column_end":23,"column_start":5,"expansion":null,"file_name":"gameplay_sim/src/systems/world/map_system.rs","is_primary":true,"label":null,"line_end":38,"line_start":38,"suggested_replacement":null,"suggestion_applicability":null,"text":[{"highlight_end":23,"highlight_start":5,"text":"    pub position: Vec3,"}]}]}}
{"reason":"compiler-message","package_id":"path+file:///Users/bradyjeong/Documents/Projects/Amp/gta4/gta_game/gameplay_sim#0.1.0","manifest_path":"/Users/bradyjeong/Documents/Projects/Amp/gta4/gta_game/gameplay_sim/Cargo.toml","target":{"kind":["lib"],"crate_types":["lib"],"name":"gameplay_sim","src_path":"/Users/bradyjeong/Documents/Projects/Amp/gta4/gta_game/gameplay_sim/src/lib.rs","edition":"2021","doc":true,"doctest":true,"test":true},"message":{"rendered":"warning: missing documentation for a struct field\n  --> gameplay_sim/src/systems/world/map_system.rs:39:5\n   |\n39 |     pub building_type: BuildingType,\n   |     ^^^^^^^^^^^^^^^^^^^^^^^^^^^^^^^\n\n","$message_type":"diagnostic","children":[],"code":{"code":"missing_docs","explanation":null},"level":"warning","message":"missing documentation for a struct field","spans":[{"byte_end":1345,"byte_start":1314,"column_end":36,"column_start":5,"expansion":null,"file_name":"gameplay_sim/src/systems/world/map_system.rs","is_primary":true,"label":null,"line_end":39,"line_start":39,"suggested_replacement":null,"suggestion_applicability":null,"text":[{"highlight_end":36,"highlight_start":5,"text":"    pub building_type: BuildingType,"}]}]}}
{"reason":"compiler-message","package_id":"path+file:///Users/bradyjeong/Documents/Projects/Amp/gta4/gta_game/gameplay_sim#0.1.0","manifest_path":"/Users/bradyjeong/Documents/Projects/Amp/gta4/gta_game/gameplay_sim/Cargo.toml","target":{"kind":["lib"],"crate_types":["lib"],"name":"gameplay_sim","src_path":"/Users/bradyjeong/Documents/Projects/Amp/gta4/gta_game/gameplay_sim/src/lib.rs","edition":"2021","doc":true,"doctest":true,"test":true},"message":{"rendered":"warning: missing documentation for a struct field\n  --> gameplay_sim/src/systems/world/map_system.rs:40:5\n   |\n40 |     pub rotation: f32,\n   |     ^^^^^^^^^^^^^^^^^\n\n","$message_type":"diagnostic","children":[],"code":{"code":"missing_docs","explanation":null},"level":"warning","message":"missing documentation for a struct field","spans":[{"byte_end":1368,"byte_start":1351,"column_end":22,"column_start":5,"expansion":null,"file_name":"gameplay_sim/src/systems/world/map_system.rs","is_primary":true,"label":null,"line_end":40,"line_start":40,"suggested_replacement":null,"suggestion_applicability":null,"text":[{"highlight_end":22,"highlight_start":5,"text":"    pub rotation: f32,"}]}]}}
{"reason":"compiler-message","package_id":"path+file:///Users/bradyjeong/Documents/Projects/Amp/gta4/gta_game/gameplay_sim#0.1.0","manifest_path":"/Users/bradyjeong/Documents/Projects/Amp/gta4/gta_game/gameplay_sim/Cargo.toml","target":{"kind":["lib"],"crate_types":["lib"],"name":"gameplay_sim","src_path":"/Users/bradyjeong/Documents/Projects/Amp/gta4/gta_game/gameplay_sim/src/lib.rs","edition":"2021","doc":true,"doctest":true,"test":true},"message":{"rendered":"warning: missing documentation for a function\n   --> gameplay_sim/src/systems/world/unified_distance_culling.rs:260:1\n    |\n260 | pub fn mark_entity_for_lod_update(commands: &mut Commands, entity: Entity) {\n    | ^^^^^^^^^^^^^^^^^^^^^^^^^^^^^^^^^^^^^^^^^^^^^^^^^^^^^^^^^^^^^^^^^^^^^^^^^^\n\n","$message_type":"diagnostic","children":[],"code":{"code":"missing_docs","explanation":null},"level":"warning","message":"missing documentation for a function","spans":[{"byte_end":7580,"byte_start":7506,"column_end":75,"column_start":1,"expansion":null,"file_name":"gameplay_sim/src/systems/world/unified_distance_culling.rs","is_primary":true,"label":null,"line_end":260,"line_start":260,"suggested_replacement":null,"suggestion_applicability":null,"text":[{"highlight_end":75,"highlight_start":1,"text":"pub fn mark_entity_for_lod_update(commands: &mut Commands, entity: Entity) {"}]}]}}
{"reason":"compiler-message","package_id":"path+file:///Users/bradyjeong/Documents/Projects/Amp/gta4/gta_game/gameplay_sim#0.1.0","manifest_path":"/Users/bradyjeong/Documents/Projects/Amp/gta4/gta_game/gameplay_sim/Cargo.toml","target":{"kind":["lib"],"crate_types":["lib"],"name":"gameplay_sim","src_path":"/Users/bradyjeong/Documents/Projects/Amp/gta4/gta_game/gameplay_sim/src/lib.rs","edition":"2021","doc":true,"doctest":true,"test":true},"message":{"rendered":"warning: missing documentation for a struct\n  --> gameplay_sim/src/systems/world/map_system.rs:44:1\n   |\n44 | pub struct VegetationPatch {\n   | ^^^^^^^^^^^^^^^^^^^^^^^^^^\n\n","$message_type":"diagnostic","children":[],"code":{"code":"missing_docs","explanation":null},"level":"warning","message":"missing documentation for a struct","spans":[{"byte_end":1416,"byte_start":1390,"column_end":27,"column_start":1,"expansion":null,"file_name":"gameplay_sim/src/systems/world/map_system.rs","is_primary":true,"label":null,"line_end":44,"line_start":44,"suggested_replacement":null,"suggestion_applicability":null,"text":[{"highlight_end":27,"highlight_start":1,"text":"pub struct VegetationPatch {"}]}]}}
{"reason":"compiler-message","package_id":"path+file:///Users/bradyjeong/Documents/Projects/Amp/gta4/gta_game/gameplay_sim#0.1.0","manifest_path":"/Users/bradyjeong/Documents/Projects/Amp/gta4/gta_game/gameplay_sim/Cargo.toml","target":{"kind":["lib"],"crate_types":["lib"],"name":"gameplay_sim","src_path":"/Users/bradyjeong/Documents/Projects/Amp/gta4/gta_game/gameplay_sim/src/lib.rs","edition":"2021","doc":true,"doctest":true,"test":true},"message":{"rendered":"warning: missing documentation for a struct field\n  --> gameplay_sim/src/systems/world/map_system.rs:45:5\n   |\n45 |     pub area: Vec2,\n   |     ^^^^^^^^^^^^^^\n\n","$message_type":"diagnostic","children":[],"code":{"code":"missing_docs","explanation":null},"level":"warning","message":"missing documentation for a struct field","spans":[{"byte_end":1437,"byte_start":1423,"column_end":19,"column_start":5,"expansion":null,"file_name":"gameplay_sim/src/systems/world/map_system.rs","is_primary":true,"label":null,"line_end":45,"line_start":45,"suggested_replacement":null,"suggestion_applicability":null,"text":[{"highlight_end":19,"highlight_start":5,"text":"    pub area: Vec2,"}]}]}}
{"reason":"compiler-message","package_id":"path+file:///Users/bradyjeong/Documents/Projects/Amp/gta4/gta_game/gameplay_sim#0.1.0","manifest_path":"/Users/bradyjeong/Documents/Projects/Amp/gta4/gta_game/gameplay_sim/Cargo.toml","target":{"kind":["lib"],"crate_types":["lib"],"name":"gameplay_sim","src_path":"/Users/bradyjeong/Documents/Projects/Amp/gta4/gta_game/gameplay_sim/src/lib.rs","edition":"2021","doc":true,"doctest":true,"test":true},"message":{"rendered":"warning: missing documentation for a function\n   --> gameplay_sim/src/systems/world/unified_distance_culling.rs:264:1\n    |\n264 | / pub fn cleanup_culled_entities_system(\n265 | |     mut commands: Commands,\n266 | |     cullable_query: Query<Entity, (With<UnifiedCullable>, With<DynamicContent>)>,\n267 | |     active_query: Query<&Transform, With<ActiveEntity>>,\n268 | | ) {\n    | |_^\n\n","$message_type":"diagnostic","children":[],"code":{"code":"missing_docs","explanation":null},"level":"warning","message":"missing documentation for a function","spans":[{"byte_end":7839,"byte_start":7632,"column_end":2,"column_start":1,"expansion":null,"file_name":"gameplay_sim/src/systems/world/unified_distance_culling.rs","is_primary":true,"label":null,"line_end":268,"line_start":264,"suggested_replacement":null,"suggestion_applicability":null,"text":[{"highlight_end":39,"highlight_start":1,"text":"pub fn cleanup_culled_entities_system("},{"highlight_end":28,"highlight_start":1,"text":"    mut commands: Commands,"},{"highlight_end":82,"highlight_start":1,"text":"    cullable_query: Query<Entity, (With<UnifiedCullable>, With<DynamicContent>)>,"},{"highlight_end":57,"highlight_start":1,"text":"    active_query: Query<&Transform, With<ActiveEntity>>,"},{"highlight_end":2,"highlight_start":1,"text":") {"}]}]}}
{"reason":"compiler-message","package_id":"path+file:///Users/bradyjeong/Documents/Projects/Amp/gta4/gta_game/gameplay_sim#0.1.0","manifest_path":"/Users/bradyjeong/Documents/Projects/Amp/gta4/gta_game/gameplay_sim/Cargo.toml","target":{"kind":["lib"],"crate_types":["lib"],"name":"gameplay_sim","src_path":"/Users/bradyjeong/Documents/Projects/Amp/gta4/gta_game/gameplay_sim/src/lib.rs","edition":"2021","doc":true,"doctest":true,"test":true},"message":{"rendered":"warning: missing documentation for a struct field\n  --> gameplay_sim/src/systems/world/map_system.rs:46:5\n   |\n46 |     pub vegetation_type: VegetationType,\n   |     ^^^^^^^^^^^^^^^^^^^^^^^^^^^^^^^^^^^\n\n","$message_type":"diagnostic","children":[],"code":{"code":"missing_docs","explanation":null},"level":"warning","message":"missing documentation for a struct field","spans":[{"byte_end":1478,"byte_start":1443,"column_end":40,"column_start":5,"expansion":null,"file_name":"gameplay_sim/src/systems/world/map_system.rs","is_primary":true,"label":null,"line_end":46,"line_start":46,"suggested_replacement":null,"suggestion_applicability":null,"text":[{"highlight_end":40,"highlight_start":5,"text":"    pub vegetation_type: VegetationType,"}]}]}}
{"reason":"compiler-message","package_id":"path+file:///Users/bradyjeong/Documents/Projects/Amp/gta4/gta_game/gameplay_sim#0.1.0","manifest_path":"/Users/bradyjeong/Documents/Projects/Amp/gta4/gta_game/gameplay_sim/Cargo.toml","target":{"kind":["lib"],"crate_types":["lib"],"name":"gameplay_sim","src_path":"/Users/bradyjeong/Documents/Projects/Amp/gta4/gta_game/gameplay_sim/src/lib.rs","edition":"2021","doc":true,"doctest":true,"test":true},"message":{"rendered":"warning: missing documentation for a struct field\n  --> gameplay_sim/src/systems/world/map_system.rs:47:5\n   |\n47 |     pub density: f32,\n   |     ^^^^^^^^^^^^^^^^\n\n","$message_type":"diagnostic","children":[],"code":{"code":"missing_docs","explanation":null},"level":"warning","message":"missing documentation for a struct field","spans":[{"byte_end":1500,"byte_start":1484,"column_end":21,"column_start":5,"expansion":null,"file_name":"gameplay_sim/src/systems/world/map_system.rs","is_primary":true,"label":null,"line_end":47,"line_start":47,"suggested_replacement":null,"suggestion_applicability":null,"text":[{"highlight_end":21,"highlight_start":5,"text":"    pub density: f32,"}]}]}}
{"reason":"compiler-message","package_id":"path+file:///Users/bradyjeong/Documents/Projects/Amp/gta4/gta_game/gameplay_sim#0.1.0","manifest_path":"/Users/bradyjeong/Documents/Projects/Amp/gta4/gta_game/gameplay_sim/Cargo.toml","target":{"kind":["lib"],"crate_types":["lib"],"name":"gameplay_sim","src_path":"/Users/bradyjeong/Documents/Projects/Amp/gta4/gta_game/gameplay_sim/src/lib.rs","edition":"2021","doc":true,"doctest":true,"test":true},"message":{"rendered":"warning: missing documentation for a struct\n  --> gameplay_sim/src/systems/world/map_system.rs:51:1\n   |\n51 | pub struct LandmarkTemplate {\n   | ^^^^^^^^^^^^^^^^^^^^^^^^^^^\n\n","$message_type":"diagnostic","children":[],"code":{"code":"missing_docs","explanation":null},"level":"warning","message":"missing documentation for a struct","spans":[{"byte_end":1549,"byte_start":1522,"column_end":28,"column_start":1,"expansion":null,"file_name":"gameplay_sim/src/systems/world/map_system.rs","is_primary":true,"label":null,"line_end":51,"line_start":51,"suggested_replacement":null,"suggestion_applicability":null,"text":[{"highlight_end":28,"highlight_start":1,"text":"pub struct LandmarkTemplate {"}]}]}}
{"reason":"compiler-message","package_id":"path+file:///Users/bradyjeong/Documents/Projects/Amp/gta4/gta_game/gameplay_sim#0.1.0","manifest_path":"/Users/bradyjeong/Documents/Projects/Amp/gta4/gta_game/gameplay_sim/Cargo.toml","target":{"kind":["lib"],"crate_types":["lib"],"name":"gameplay_sim","src_path":"/Users/bradyjeong/Documents/Projects/Amp/gta4/gta_game/gameplay_sim/src/lib.rs","edition":"2021","doc":true,"doctest":true,"test":true},"message":{"rendered":"warning: missing documentation for a struct\n   --> gameplay_sim/src/systems/world/unified_distance_culling.rs:284:1\n    |\n284 | pub struct CullableEntityBundle {\n    | ^^^^^^^^^^^^^^^^^^^^^^^^^^^^^^^\n\n","$message_type":"diagnostic","children":[],"code":{"code":"missing_docs","explanation":null},"level":"warning","message":"missing documentation for a struct","spans":[{"byte_end":8381,"byte_start":8350,"column_end":32,"column_start":1,"expansion":null,"file_name":"gameplay_sim/src/systems/world/unified_distance_culling.rs","is_primary":true,"label":null,"line_end":284,"line_start":284,"suggested_replacement":null,"suggestion_applicability":null,"text":[{"highlight_end":32,"highlight_start":1,"text":"pub struct CullableEntityBundle {"}]}]}}
{"reason":"compiler-message","package_id":"path+file:///Users/bradyjeong/Documents/Projects/Amp/gta4/gta_game/gameplay_sim#0.1.0","manifest_path":"/Users/bradyjeong/Documents/Projects/Amp/gta4/gta_game/gameplay_sim/Cargo.toml","target":{"kind":["lib"],"crate_types":["lib"],"name":"gameplay_sim","src_path":"/Users/bradyjeong/Documents/Projects/Amp/gta4/gta_game/gameplay_sim/src/lib.rs","edition":"2021","doc":true,"doctest":true,"test":true},"message":{"rendered":"warning: missing documentation for a struct field\n  --> gameplay_sim/src/systems/world/map_system.rs:52:5\n   |\n52 |     pub position: Vec3,\n   |     ^^^^^^^^^^^^^^^^^^\n\n","$message_type":"diagnostic","children":[],"code":{"code":"missing_docs","explanation":null},"level":"warning","message":"missing documentation for a struct field","spans":[{"byte_end":1574,"byte_start":1556,"column_end":23,"column_start":5,"expansion":null,"file_name":"gameplay_sim/src/systems/world/map_system.rs","is_primary":true,"label":null,"line_end":52,"line_start":52,"suggested_replacement":null,"suggestion_applicability":null,"text":[{"highlight_end":23,"highlight_start":5,"text":"    pub position: Vec3,"}]}]}}
{"reason":"compiler-message","package_id":"path+file:///Users/bradyjeong/Documents/Projects/Amp/gta4/gta_game/gameplay_sim#0.1.0","manifest_path":"/Users/bradyjeong/Documents/Projects/Amp/gta4/gta_game/gameplay_sim/Cargo.toml","target":{"kind":["lib"],"crate_types":["lib"],"name":"gameplay_sim","src_path":"/Users/bradyjeong/Documents/Projects/Amp/gta4/gta_game/gameplay_sim/src/lib.rs","edition":"2021","doc":true,"doctest":true,"test":true},"message":{"rendered":"warning: missing documentation for a struct field\n   --> gameplay_sim/src/systems/world/unified_distance_culling.rs:285:5\n    |\n285 |     pub cullable: UnifiedCullable,\n    |     ^^^^^^^^^^^^^^^^^^^^^^^^^^^^^\n\n","$message_type":"diagnostic","children":[],"code":{"code":"missing_docs","explanation":null},"level":"warning","message":"missing documentation for a struct field","spans":[{"byte_end":8417,"byte_start":8388,"column_end":34,"column_start":5,"expansion":null,"file_name":"gameplay_sim/src/systems/world/unified_distance_culling.rs","is_primary":true,"label":null,"line_end":285,"line_start":285,"suggested_replacement":null,"suggestion_applicability":null,"text":[{"highlight_end":34,"highlight_start":5,"text":"    pub cullable: UnifiedCullable,"}]}]}}
{"reason":"compiler-message","package_id":"path+file:///Users/bradyjeong/Documents/Projects/Amp/gta4/gta_game/gameplay_sim#0.1.0","manifest_path":"/Users/bradyjeong/Documents/Projects/Amp/gta4/gta_game/gameplay_sim/Cargo.toml","target":{"kind":["lib"],"crate_types":["lib"],"name":"gameplay_sim","src_path":"/Users/bradyjeong/Documents/Projects/Amp/gta4/gta_game/gameplay_sim/src/lib.rs","edition":"2021","doc":true,"doctest":true,"test":true},"message":{"rendered":"warning: missing documentation for a struct field\n  --> gameplay_sim/src/systems/world/map_system.rs:53:5\n   |\n53 |     pub landmark_type: LandmarkType,\n   |     ^^^^^^^^^^^^^^^^^^^^^^^^^^^^^^^\n\n","$message_type":"diagnostic","children":[],"code":{"code":"missing_docs","explanation":null},"level":"warning","message":"missing documentation for a struct field","spans":[{"byte_end":1611,"byte_start":1580,"column_end":36,"column_start":5,"expansion":null,"file_name":"gameplay_sim/src/systems/world/map_system.rs","is_primary":true,"label":null,"line_end":53,"line_start":53,"suggested_replacement":null,"suggestion_applicability":null,"text":[{"highlight_end":36,"highlight_start":5,"text":"    pub landmark_type: LandmarkType,"}]}]}}
{"reason":"compiler-message","package_id":"path+file:///Users/bradyjeong/Documents/Projects/Amp/gta4/gta_game/gameplay_sim#0.1.0","manifest_path":"/Users/bradyjeong/Documents/Projects/Amp/gta4/gta_game/gameplay_sim/Cargo.toml","target":{"kind":["lib"],"crate_types":["lib"],"name":"gameplay_sim","src_path":"/Users/bradyjeong/Documents/Projects/Amp/gta4/gta_game/gameplay_sim/src/lib.rs","edition":"2021","doc":true,"doctest":true,"test":true},"message":{"rendered":"warning: missing documentation for a struct field\n   --> gameplay_sim/src/systems/world/unified_distance_culling.rs:286:5\n    |\n286 |     pub transform: Transform,\n    |     ^^^^^^^^^^^^^^^^^^^^^^^^\n\n","$message_type":"diagnostic","children":[],"code":{"code":"missing_docs","explanation":null},"level":"warning","message":"missing documentation for a struct field","spans":[{"byte_end":8447,"byte_start":8423,"column_end":29,"column_start":5,"expansion":null,"file_name":"gameplay_sim/src/systems/world/unified_distance_culling.rs","is_primary":true,"label":null,"line_end":286,"line_start":286,"suggested_replacement":null,"suggestion_applicability":null,"text":[{"highlight_end":29,"highlight_start":5,"text":"    pub transform: Transform,"}]}]}}
{"reason":"compiler-message","package_id":"path+file:///Users/bradyjeong/Documents/Projects/Amp/gta4/gta_game/gameplay_sim#0.1.0","manifest_path":"/Users/bradyjeong/Documents/Projects/Amp/gta4/gta_game/gameplay_sim/Cargo.toml","target":{"kind":["lib"],"crate_types":["lib"],"name":"gameplay_sim","src_path":"/Users/bradyjeong/Documents/Projects/Amp/gta4/gta_game/gameplay_sim/src/lib.rs","edition":"2021","doc":true,"doctest":true,"test":true},"message":{"rendered":"warning: missing documentation for an enum\n  --> gameplay_sim/src/systems/world/map_system.rs:57:1\n   |\n57 | pub enum BuildingType {\n   | ^^^^^^^^^^^^^^^^^^^^^\n\n","$message_type":"diagnostic","children":[],"code":{"code":"missing_docs","explanation":null},"level":"warning","message":"missing documentation for an enum","spans":[{"byte_end":1665,"byte_start":1644,"column_end":22,"column_start":1,"expansion":null,"file_name":"gameplay_sim/src/systems/world/map_system.rs","is_primary":true,"label":null,"line_end":57,"line_start":57,"suggested_replacement":null,"suggestion_applicability":null,"text":[{"highlight_end":22,"highlight_start":1,"text":"pub enum BuildingType {"}]}]}}
{"reason":"compiler-message","package_id":"path+file:///Users/bradyjeong/Documents/Projects/Amp/gta4/gta_game/gameplay_sim#0.1.0","manifest_path":"/Users/bradyjeong/Documents/Projects/Amp/gta4/gta_game/gameplay_sim/Cargo.toml","target":{"kind":["lib"],"crate_types":["lib"],"name":"gameplay_sim","src_path":"/Users/bradyjeong/Documents/Projects/Amp/gta4/gta_game/gameplay_sim/src/lib.rs","edition":"2021","doc":true,"doctest":true,"test":true},"message":{"rendered":"warning: missing documentation for a struct field\n   --> gameplay_sim/src/systems/world/unified_distance_culling.rs:287:5\n    |\n287 |     pub visibility: Visibility,\n    |     ^^^^^^^^^^^^^^^^^^^^^^^^^^\n\n","$message_type":"diagnostic","children":[],"code":{"code":"missing_docs","explanation":null},"level":"warning","message":"missing documentation for a struct field","spans":[{"byte_end":8479,"byte_start":8453,"column_end":31,"column_start":5,"expansion":null,"file_name":"gameplay_sim/src/systems/world/unified_distance_culling.rs","is_primary":true,"label":null,"line_end":287,"line_start":287,"suggested_replacement":null,"suggestion_applicability":null,"text":[{"highlight_end":31,"highlight_start":5,"text":"    pub visibility: Visibility,"}]}]}}
{"reason":"compiler-message","package_id":"path+file:///Users/bradyjeong/Documents/Projects/Amp/gta4/gta_game/gameplay_sim#0.1.0","manifest_path":"/Users/bradyjeong/Documents/Projects/Amp/gta4/gta_game/gameplay_sim/Cargo.toml","target":{"kind":["lib"],"crate_types":["lib"],"name":"gameplay_sim","src_path":"/Users/bradyjeong/Documents/Projects/Amp/gta4/gta_game/gameplay_sim/src/lib.rs","edition":"2021","doc":true,"doctest":true,"test":true},"message":{"rendered":"warning: missing documentation for a variant\n  --> gameplay_sim/src/systems/world/map_system.rs:58:5\n   |\n58 |     Residential,\n   |     ^^^^^^^^^^^\n\n","$message_type":"diagnostic","children":[],"code":{"code":"missing_docs","explanation":null},"level":"warning","message":"missing documentation for a variant","spans":[{"byte_end":1683,"byte_start":1672,"column_end":16,"column_start":5,"expansion":null,"file_name":"gameplay_sim/src/systems/world/map_system.rs","is_primary":true,"label":null,"line_end":58,"line_start":58,"suggested_replacement":null,"suggestion_applicability":null,"text":[{"highlight_end":16,"highlight_start":5,"text":"    Residential,"}]}]}}
{"reason":"compiler-message","package_id":"path+file:///Users/bradyjeong/Documents/Projects/Amp/gta4/gta_game/gameplay_sim#0.1.0","manifest_path":"/Users/bradyjeong/Documents/Projects/Amp/gta4/gta_game/gameplay_sim/Cargo.toml","target":{"kind":["lib"],"crate_types":["lib"],"name":"gameplay_sim","src_path":"/Users/bradyjeong/Documents/Projects/Amp/gta4/gta_game/gameplay_sim/src/lib.rs","edition":"2021","doc":true,"doctest":true,"test":true},"message":{"rendered":"warning: missing documentation for a variant\n  --> gameplay_sim/src/systems/world/map_system.rs:59:5\n   |\n59 |     Commercial,\n   |     ^^^^^^^^^^\n\n","$message_type":"diagnostic","children":[],"code":{"code":"missing_docs","explanation":null},"level":"warning","message":"missing documentation for a variant","spans":[{"byte_end":1699,"byte_start":1689,"column_end":15,"column_start":5,"expansion":null,"file_name":"gameplay_sim/src/systems/world/map_system.rs","is_primary":true,"label":null,"line_end":59,"line_start":59,"suggested_replacement":null,"suggestion_applicability":null,"text":[{"highlight_end":15,"highlight_start":5,"text":"    Commercial,"}]}]}}
{"reason":"compiler-message","package_id":"path+file:///Users/bradyjeong/Documents/Projects/Amp/gta4/gta_game/gameplay_sim#0.1.0","manifest_path":"/Users/bradyjeong/Documents/Projects/Amp/gta4/gta_game/gameplay_sim/Cargo.toml","target":{"kind":["lib"],"crate_types":["lib"],"name":"gameplay_sim","src_path":"/Users/bradyjeong/Documents/Projects/Amp/gta4/gta_game/gameplay_sim/src/lib.rs","edition":"2021","doc":true,"doctest":true,"test":true},"message":{"rendered":"warning: missing documentation for an associated function\n   --> gameplay_sim/src/systems/world/unified_distance_culling.rs:291:5\n    |\n291 |     pub fn new(position: Vec3, max_distance: f32) -> Self {\n    |     ^^^^^^^^^^^^^^^^^^^^^^^^^^^^^^^^^^^^^^^^^^^^^^^^^^^^^\n\n","$message_type":"diagnostic","children":[],"code":{"code":"missing_docs","explanation":null},"level":"warning","message":"missing documentation for an associated function","spans":[{"byte_end":8569,"byte_start":8516,"column_end":58,"column_start":5,"expansion":null,"file_name":"gameplay_sim/src/systems/world/unified_distance_culling.rs","is_primary":true,"label":null,"line_end":291,"line_start":291,"suggested_replacement":null,"suggestion_applicability":null,"text":[{"highlight_end":58,"highlight_start":5,"text":"    pub fn new(position: Vec3, max_distance: f32) -> Self {"}]}]}}
{"reason":"compiler-message","package_id":"path+file:///Users/bradyjeong/Documents/Projects/Amp/gta4/gta_game/gameplay_sim#0.1.0","manifest_path":"/Users/bradyjeong/Documents/Projects/Amp/gta4/gta_game/gameplay_sim/Cargo.toml","target":{"kind":["lib"],"crate_types":["lib"],"name":"gameplay_sim","src_path":"/Users/bradyjeong/Documents/Projects/Amp/gta4/gta_game/gameplay_sim/src/lib.rs","edition":"2021","doc":true,"doctest":true,"test":true},"message":{"rendered":"warning: missing documentation for a variant\n  --> gameplay_sim/src/systems/world/map_system.rs:60:5\n   |\n60 |     Industrial,\n   |     ^^^^^^^^^^\n\n","$message_type":"diagnostic","children":[],"code":{"code":"missing_docs","explanation":null},"level":"warning","message":"missing documentation for a variant","spans":[{"byte_end":1715,"byte_start":1705,"column_end":15,"column_start":5,"expansion":null,"file_name":"gameplay_sim/src/systems/world/map_system.rs","is_primary":true,"label":null,"line_end":60,"line_start":60,"suggested_replacement":null,"suggestion_applicability":null,"text":[{"highlight_end":15,"highlight_start":5,"text":"    Industrial,"}]}]}}
{"reason":"compiler-message","package_id":"path+file:///Users/bradyjeong/Documents/Projects/Amp/gta4/gta_game/gameplay_sim#0.1.0","manifest_path":"/Users/bradyjeong/Documents/Projects/Amp/gta4/gta_game/gameplay_sim/Cargo.toml","target":{"kind":["lib"],"crate_types":["lib"],"name":"gameplay_sim","src_path":"/Users/bradyjeong/Documents/Projects/Amp/gta4/gta_game/gameplay_sim/src/lib.rs","edition":"2021","doc":true,"doctest":true,"test":true},"message":{"rendered":"warning: missing documentation for a variant\n  --> gameplay_sim/src/systems/world/map_system.rs:61:5\n   |\n61 |     Skyscraper,\n   |     ^^^^^^^^^^\n\n","$message_type":"diagnostic","children":[],"code":{"code":"missing_docs","explanation":null},"level":"warning","message":"missing documentation for a variant","spans":[{"byte_end":1731,"byte_start":1721,"column_end":15,"column_start":5,"expansion":null,"file_name":"gameplay_sim/src/systems/world/map_system.rs","is_primary":true,"label":null,"line_end":61,"line_start":61,"suggested_replacement":null,"suggestion_applicability":null,"text":[{"highlight_end":15,"highlight_start":5,"text":"    Skyscraper,"}]}]}}
{"reason":"compiler-message","package_id":"path+file:///Users/bradyjeong/Documents/Projects/Amp/gta4/gta_game/gameplay_sim#0.1.0","manifest_path":"/Users/bradyjeong/Documents/Projects/Amp/gta4/gta_game/gameplay_sim/Cargo.toml","target":{"kind":["lib"],"crate_types":["lib"],"name":"gameplay_sim","src_path":"/Users/bradyjeong/Documents/Projects/Amp/gta4/gta_game/gameplay_sim/src/lib.rs","edition":"2021","doc":true,"doctest":true,"test":true},"message":{"rendered":"warning: missing documentation for a struct\n   --> gameplay_sim/src/systems/world/unified_distance_culling.rs:306:1\n    |\n306 | pub struct CullingConfig {\n    | ^^^^^^^^^^^^^^^^^^^^^^^^\n\n","$message_type":"diagnostic","children":[],"code":{"code":"missing_docs","explanation":null},"level":"warning","message":"missing documentation for a struct","spans":[{"byte_end":8918,"byte_start":8894,"column_end":25,"column_start":1,"expansion":null,"file_name":"gameplay_sim/src/systems/world/unified_distance_culling.rs","is_primary":true,"label":null,"line_end":306,"line_start":306,"suggested_replacement":null,"suggestion_applicability":null,"text":[{"highlight_end":25,"highlight_start":1,"text":"pub struct CullingConfig {"}]}]}}
{"reason":"compiler-message","package_id":"path+file:///Users/bradyjeong/Documents/Projects/Amp/gta4/gta_game/gameplay_sim#0.1.0","manifest_path":"/Users/bradyjeong/Documents/Projects/Amp/gta4/gta_game/gameplay_sim/Cargo.toml","target":{"kind":["lib"],"crate_types":["lib"],"name":"gameplay_sim","src_path":"/Users/bradyjeong/Documents/Projects/Amp/gta4/gta_game/gameplay_sim/src/lib.rs","edition":"2021","doc":true,"doctest":true,"test":true},"message":{"rendered":"warning: missing documentation for an enum\n  --> gameplay_sim/src/systems/world/map_system.rs:65:1\n   |\n65 | pub enum VegetationType {\n   | ^^^^^^^^^^^^^^^^^^^^^^^\n\n","$message_type":"diagnostic","children":[],"code":{"code":"missing_docs","explanation":null},"level":"warning","message":"missing documentation for an enum","spans":[{"byte_end":1787,"byte_start":1764,"column_end":24,"column_start":1,"expansion":null,"file_name":"gameplay_sim/src/systems/world/map_system.rs","is_primary":true,"label":null,"line_end":65,"line_start":65,"suggested_replacement":null,"suggestion_applicability":null,"text":[{"highlight_end":24,"highlight_start":1,"text":"pub enum VegetationType {"}]}]}}
{"reason":"compiler-message","package_id":"path+file:///Users/bradyjeong/Documents/Projects/Amp/gta4/gta_game/gameplay_sim#0.1.0","manifest_path":"/Users/bradyjeong/Documents/Projects/Amp/gta4/gta_game/gameplay_sim/Cargo.toml","target":{"kind":["lib"],"crate_types":["lib"],"name":"gameplay_sim","src_path":"/Users/bradyjeong/Documents/Projects/Amp/gta4/gta_game/gameplay_sim/src/lib.rs","edition":"2021","doc":true,"doctest":true,"test":true},"message":{"rendered":"warning: missing documentation for a struct field\n   --> gameplay_sim/src/systems/world/unified_distance_culling.rs:307:5\n    |\n307 |     pub max_entities_per_frame: usize,\n    |     ^^^^^^^^^^^^^^^^^^^^^^^^^^^^^^^^^\n\n","$message_type":"diagnostic","children":[],"code":{"code":"missing_docs","explanation":null},"level":"warning","message":"missing documentation for a struct field","spans":[{"byte_end":8958,"byte_start":8925,"column_end":38,"column_start":5,"expansion":null,"file_name":"gameplay_sim/src/systems/world/unified_distance_culling.rs","is_primary":true,"label":null,"line_end":307,"line_start":307,"suggested_replacement":null,"suggestion_applicability":null,"text":[{"highlight_end":38,"highlight_start":5,"text":"    pub max_entities_per_frame: usize,"}]}]}}
{"reason":"compiler-message","package_id":"path+file:///Users/bradyjeong/Documents/Projects/Amp/gta4/gta_game/gameplay_sim#0.1.0","manifest_path":"/Users/bradyjeong/Documents/Projects/Amp/gta4/gta_game/gameplay_sim/Cargo.toml","target":{"kind":["lib"],"crate_types":["lib"],"name":"gameplay_sim","src_path":"/Users/bradyjeong/Documents/Projects/Amp/gta4/gta_game/gameplay_sim/src/lib.rs","edition":"2021","doc":true,"doctest":true,"test":true},"message":{"rendered":"warning: missing documentation for a variant\n  --> gameplay_sim/src/systems/world/map_system.rs:66:5\n   |\n66 |     Trees,\n   |     ^^^^^\n\n","$message_type":"diagnostic","children":[],"code":{"code":"missing_docs","explanation":null},"level":"warning","message":"missing documentation for a variant","spans":[{"byte_end":1799,"byte_start":1794,"column_end":10,"column_start":5,"expansion":null,"file_name":"gameplay_sim/src/systems/world/map_system.rs","is_primary":true,"label":null,"line_end":66,"line_start":66,"suggested_replacement":null,"suggestion_applicability":null,"text":[{"highlight_end":10,"highlight_start":5,"text":"    Trees,"}]}]}}
{"reason":"compiler-message","package_id":"path+file:///Users/bradyjeong/Documents/Projects/Amp/gta4/gta_game/gameplay_sim#0.1.0","manifest_path":"/Users/bradyjeong/Documents/Projects/Amp/gta4/gta_game/gameplay_sim/Cargo.toml","target":{"kind":["lib"],"crate_types":["lib"],"name":"gameplay_sim","src_path":"/Users/bradyjeong/Documents/Projects/Amp/gta4/gta_game/gameplay_sim/src/lib.rs","edition":"2021","doc":true,"doctest":true,"test":true},"message":{"rendered":"warning: missing documentation for a struct field\n   --> gameplay_sim/src/systems/world/unified_distance_culling.rs:308:5\n    |\n308 |     pub cache_size: usize,\n    |     ^^^^^^^^^^^^^^^^^^^^^\n\n","$message_type":"diagnostic","children":[],"code":{"code":"missing_docs","explanation":null},"level":"warning","message":"missing documentation for a struct field","spans":[{"byte_end":8985,"byte_start":8964,"column_end":26,"column_start":5,"expansion":null,"file_name":"gameplay_sim/src/systems/world/unified_distance_culling.rs","is_primary":true,"label":null,"line_end":308,"line_start":308,"suggested_replacement":null,"suggestion_applicability":null,"text":[{"highlight_end":26,"highlight_start":5,"text":"    pub cache_size: usize,"}]}]}}
{"reason":"compiler-message","package_id":"path+file:///Users/bradyjeong/Documents/Projects/Amp/gta4/gta_game/gameplay_sim#0.1.0","manifest_path":"/Users/bradyjeong/Documents/Projects/Amp/gta4/gta_game/gameplay_sim/Cargo.toml","target":{"kind":["lib"],"crate_types":["lib"],"name":"gameplay_sim","src_path":"/Users/bradyjeong/Documents/Projects/Amp/gta4/gta_game/gameplay_sim/src/lib.rs","edition":"2021","doc":true,"doctest":true,"test":true},"message":{"rendered":"warning: missing documentation for a variant\n  --> gameplay_sim/src/systems/world/map_system.rs:67:5\n   |\n67 |     Bushes,\n   |     ^^^^^^\n\n","$message_type":"diagnostic","children":[],"code":{"code":"missing_docs","explanation":null},"level":"warning","message":"missing documentation for a variant","spans":[{"byte_end":1811,"byte_start":1805,"column_end":11,"column_start":5,"expansion":null,"file_name":"gameplay_sim/src/systems/world/map_system.rs","is_primary":true,"label":null,"line_end":67,"line_start":67,"suggested_replacement":null,"suggestion_applicability":null,"text":[{"highlight_end":11,"highlight_start":5,"text":"    Bushes,"}]}]}}
{"reason":"compiler-message","package_id":"path+file:///Users/bradyjeong/Documents/Projects/Amp/gta4/gta_game/gameplay_sim#0.1.0","manifest_path":"/Users/bradyjeong/Documents/Projects/Amp/gta4/gta_game/gameplay_sim/Cargo.toml","target":{"kind":["lib"],"crate_types":["lib"],"name":"gameplay_sim","src_path":"/Users/bradyjeong/Documents/Projects/Amp/gta4/gta_game/gameplay_sim/src/lib.rs","edition":"2021","doc":true,"doctest":true,"test":true},"message":{"rendered":"warning: missing documentation for a struct field\n   --> gameplay_sim/src/systems/world/unified_distance_culling.rs:309:5\n    |\n309 |     pub update_frequency: f32,\n    |     ^^^^^^^^^^^^^^^^^^^^^^^^^\n\n","$message_type":"diagnostic","children":[],"code":{"code":"missing_docs","explanation":null},"level":"warning","message":"missing documentation for a struct field","spans":[{"byte_end":9016,"byte_start":8991,"column_end":30,"column_start":5,"expansion":null,"file_name":"gameplay_sim/src/systems/world/unified_distance_culling.rs","is_primary":true,"label":null,"line_end":309,"line_start":309,"suggested_replacement":null,"suggestion_applicability":null,"text":[{"highlight_end":30,"highlight_start":5,"text":"    pub update_frequency: f32,"}]}]}}
{"reason":"compiler-message","package_id":"path+file:///Users/bradyjeong/Documents/Projects/Amp/gta4/gta_game/gameplay_sim#0.1.0","manifest_path":"/Users/bradyjeong/Documents/Projects/Amp/gta4/gta_game/gameplay_sim/Cargo.toml","target":{"kind":["lib"],"crate_types":["lib"],"name":"gameplay_sim","src_path":"/Users/bradyjeong/Documents/Projects/Amp/gta4/gta_game/gameplay_sim/src/lib.rs","edition":"2021","doc":true,"doctest":true,"test":true},"message":{"rendered":"warning: missing documentation for a variant\n  --> gameplay_sim/src/systems/world/map_system.rs:68:5\n   |\n68 |     Grass,\n   |     ^^^^^\n\n","$message_type":"diagnostic","children":[],"code":{"code":"missing_docs","explanation":null},"level":"warning","message":"missing documentation for a variant","spans":[{"byte_end":1822,"byte_start":1817,"column_end":10,"column_start":5,"expansion":null,"file_name":"gameplay_sim/src/systems/world/map_system.rs","is_primary":true,"label":null,"line_end":68,"line_start":68,"suggested_replacement":null,"suggestion_applicability":null,"text":[{"highlight_end":10,"highlight_start":5,"text":"    Grass,"}]}]}}
{"reason":"compiler-message","package_id":"path+file:///Users/bradyjeong/Documents/Projects/Amp/gta4/gta_game/gameplay_sim#0.1.0","manifest_path":"/Users/bradyjeong/Documents/Projects/Amp/gta4/gta_game/gameplay_sim/Cargo.toml","target":{"kind":["lib"],"crate_types":["lib"],"name":"gameplay_sim","src_path":"/Users/bradyjeong/Documents/Projects/Amp/gta4/gta_game/gameplay_sim/src/lib.rs","edition":"2021","doc":true,"doctest":true,"test":true},"message":{"rendered":"warning: missing documentation for an enum\n  --> gameplay_sim/src/systems/world/map_system.rs:72:1\n   |\n72 | pub enum LandmarkType {\n   | ^^^^^^^^^^^^^^^^^^^^^\n\n","$message_type":"diagnostic","children":[],"code":{"code":"missing_docs","explanation":null},"level":"warning","message":"missing documentation for an enum","spans":[{"byte_end":1876,"byte_start":1855,"column_end":22,"column_start":1,"expansion":null,"file_name":"gameplay_sim/src/systems/world/map_system.rs","is_primary":true,"label":null,"line_end":72,"line_start":72,"suggested_replacement":null,"suggestion_applicability":null,"text":[{"highlight_end":22,"highlight_start":1,"text":"pub enum LandmarkType {"}]}]}}
{"reason":"compiler-message","package_id":"path+file:///Users/bradyjeong/Documents/Projects/Amp/gta4/gta_game/gameplay_sim#0.1.0","manifest_path":"/Users/bradyjeong/Documents/Projects/Amp/gta4/gta_game/gameplay_sim/Cargo.toml","target":{"kind":["lib"],"crate_types":["lib"],"name":"gameplay_sim","src_path":"/Users/bradyjeong/Documents/Projects/Amp/gta4/gta_game/gameplay_sim/src/lib.rs","edition":"2021","doc":true,"doctest":true,"test":true},"message":{"rendered":"warning: missing documentation for a variant\n  --> gameplay_sim/src/systems/world/map_system.rs:73:5\n   |\n73 |     Park,\n   |     ^^^^\n\n","$message_type":"diagnostic","children":[],"code":{"code":"missing_docs","explanation":null},"level":"warning","message":"missing documentation for a variant","spans":[{"byte_end":1887,"byte_start":1883,"column_end":9,"column_start":5,"expansion":null,"file_name":"gameplay_sim/src/systems/world/map_system.rs","is_primary":true,"label":null,"line_end":73,"line_start":73,"suggested_replacement":null,"suggestion_applicability":null,"text":[{"highlight_end":9,"highlight_start":5,"text":"    Park,"}]}]}}
{"reason":"compiler-message","package_id":"path+file:///Users/bradyjeong/Documents/Projects/Amp/gta4/gta_game/gameplay_sim#0.1.0","manifest_path":"/Users/bradyjeong/Documents/Projects/Amp/gta4/gta_game/gameplay_sim/Cargo.toml","target":{"kind":["lib"],"crate_types":["lib"],"name":"gameplay_sim","src_path":"/Users/bradyjeong/Documents/Projects/Amp/gta4/gta_game/gameplay_sim/src/lib.rs","edition":"2021","doc":true,"doctest":true,"test":true},"message":{"rendered":"warning: missing documentation for a variant\n  --> gameplay_sim/src/systems/world/map_system.rs:74:5\n   |\n74 |     Monument,\n   |     ^^^^^^^^\n\n","$message_type":"diagnostic","children":[],"code":{"code":"missing_docs","explanation":null},"level":"warning","message":"missing documentation for a variant","spans":[{"byte_end":1901,"byte_start":1893,"column_end":13,"column_start":5,"expansion":null,"file_name":"gameplay_sim/src/systems/world/map_system.rs","is_primary":true,"label":null,"line_end":74,"line_start":74,"suggested_replacement":null,"suggestion_applicability":null,"text":[{"highlight_end":13,"highlight_start":5,"text":"    Monument,"}]}]}}
{"reason":"compiler-message","package_id":"path+file:///Users/bradyjeong/Documents/Projects/Amp/gta4/gta_game/gameplay_sim#0.1.0","manifest_path":"/Users/bradyjeong/Documents/Projects/Amp/gta4/gta_game/gameplay_sim/Cargo.toml","target":{"kind":["lib"],"crate_types":["lib"],"name":"gameplay_sim","src_path":"/Users/bradyjeong/Documents/Projects/Amp/gta4/gta_game/gameplay_sim/src/lib.rs","edition":"2021","doc":true,"doctest":true,"test":true},"message":{"rendered":"warning: missing documentation for a variant\n  --> gameplay_sim/src/systems/world/map_system.rs:75:5\n   |\n75 |     Bridge,\n   |     ^^^^^^\n\n","$message_type":"diagnostic","children":[],"code":{"code":"missing_docs","explanation":null},"level":"warning","message":"missing documentation for a variant","spans":[{"byte_end":1913,"byte_start":1907,"column_end":11,"column_start":5,"expansion":null,"file_name":"gameplay_sim/src/systems/world/map_system.rs","is_primary":true,"label":null,"line_end":75,"line_start":75,"suggested_replacement":null,"suggestion_applicability":null,"text":[{"highlight_end":11,"highlight_start":5,"text":"    Bridge,"}]}]}}
{"reason":"compiler-message","package_id":"path+file:///Users/bradyjeong/Documents/Projects/Amp/gta4/gta_game/gameplay_sim#0.1.0","manifest_path":"/Users/bradyjeong/Documents/Projects/Amp/gta4/gta_game/gameplay_sim/Cargo.toml","target":{"kind":["lib"],"crate_types":["lib"],"name":"gameplay_sim","src_path":"/Users/bradyjeong/Documents/Projects/Amp/gta4/gta_game/gameplay_sim/src/lib.rs","edition":"2021","doc":true,"doctest":true,"test":true},"message":{"rendered":"warning: missing documentation for an associated function\n  --> gameplay_sim/src/systems/world/map_system.rs:79:5\n   |\n79 |     pub fn new() -> Self {\n   |     ^^^^^^^^^^^^^^^^^^^^\n\n","$message_type":"diagnostic","children":[],"code":{"code":"missing_docs","explanation":null},"level":"warning","message":"missing documentation for an associated function","spans":[{"byte_end":1959,"byte_start":1939,"column_end":25,"column_start":5,"expansion":null,"file_name":"gameplay_sim/src/systems/world/map_system.rs","is_primary":true,"label":null,"line_end":79,"line_start":79,"suggested_replacement":null,"suggestion_applicability":null,"text":[{"highlight_end":25,"highlight_start":5,"text":"    pub fn new() -> Self {"}]}]}}
{"reason":"compiler-message","package_id":"path+file:///Users/bradyjeong/Documents/Projects/Amp/gta4/gta_game/gameplay_sim#0.1.0","manifest_path":"/Users/bradyjeong/Documents/Projects/Amp/gta4/gta_game/gameplay_sim/Cargo.toml","target":{"kind":["lib"],"crate_types":["lib"],"name":"gameplay_sim","src_path":"/Users/bradyjeong/Documents/Projects/Amp/gta4/gta_game/gameplay_sim/src/lib.rs","edition":"2021","doc":true,"doctest":true,"test":true},"message":{"rendered":"warning: missing documentation for a method\n  --> gameplay_sim/src/systems/world/map_system.rs:86:5\n   |\n86 |     pub fn generate_chunk_template(&self, chunk_x: i32, chunk_z: i32) -> ChunkTemplate {\n   |     ^^^^^^^^^^^^^^^^^^^^^^^^^^^^^^^^^^^^^^^^^^^^^^^^^^^^^^^^^^^^^^^^^^^^^^^^^^^^^^^^^^\n\n","$message_type":"diagnostic","children":[],"code":{"code":"missing_docs","explanation":null},"level":"warning","message":"missing documentation for a method","spans":[{"byte_end":2171,"byte_start":2089,"column_end":87,"column_start":5,"expansion":null,"file_name":"gameplay_sim/src/systems/world/map_system.rs","is_primary":true,"label":null,"line_end":86,"line_start":86,"suggested_replacement":null,"suggestion_applicability":null,"text":[{"highlight_end":87,"highlight_start":5,"text":"    pub fn generate_chunk_template(&self, chunk_x: i32, chunk_z: i32) -> ChunkTemplate {"}]}]}}
{"reason":"compiler-message","package_id":"path+file:///Users/bradyjeong/Documents/Projects/Amp/gta4/gta_game/gameplay_sim#0.1.0","manifest_path":"/Users/bradyjeong/Documents/Projects/Amp/gta4/gta_game/gameplay_sim/Cargo.toml","target":{"kind":["lib"],"crate_types":["lib"],"name":"gameplay_sim","src_path":"/Users/bradyjeong/Documents/Projects/Amp/gta4/gta_game/gameplay_sim/src/lib.rs","edition":"2021","doc":true,"doctest":true,"test":true},"message":{"rendered":"warning: missing documentation for a struct\n  --> gameplay_sim/src/systems/timing_service.rs:15:1\n   |\n15 | pub struct TimingService {\n   | ^^^^^^^^^^^^^^^^^^^^^^^^\n\n","$message_type":"diagnostic","children":[],"code":{"code":"missing_docs","explanation":null},"level":"warning","message":"missing documentation for a struct","spans":[{"byte_end":609,"byte_start":585,"column_end":25,"column_start":1,"expansion":null,"file_name":"gameplay_sim/src/systems/timing_service.rs","is_primary":true,"label":null,"line_end":15,"line_start":15,"suggested_replacement":null,"suggestion_applicability":null,"text":[{"highlight_end":25,"highlight_start":1,"text":"pub struct TimingService {"}]}]}}
{"reason":"compiler-message","package_id":"path+file:///Users/bradyjeong/Documents/Projects/Amp/gta4/gta_game/gameplay_sim#0.1.0","manifest_path":"/Users/bradyjeong/Documents/Projects/Amp/gta4/gta_game/gameplay_sim/Cargo.toml","target":{"kind":["lib"],"crate_types":["lib"],"name":"gameplay_sim","src_path":"/Users/bradyjeong/Documents/Projects/Amp/gta4/gta_game/gameplay_sim/src/lib.rs","edition":"2021","doc":true,"doctest":true,"test":true},"message":{"rendered":"warning: missing documentation for a function\n   --> gameplay_sim/src/systems/world/map_system.rs:139:1\n    |\n139 | / pub fn map_generation_system(\n140 | |     mut commands: Commands,\n141 | |     active_query: Query<&Transform, With<ActiveEntity>>,\n142 | |     mut map_system: ResMut<MapSystem>,\n143 | |     mut meshes: ResMut<Assets<Mesh>>,\n144 | |     mut materials: ResMut<Assets<StandardMaterial>>,\n145 | | ) {\n    | |_^\n\n","$message_type":"diagnostic","children":[],"code":{"code":"missing_docs","explanation":null},"level":"warning","message":"missing documentation for a function","spans":[{"byte_end":4176,"byte_start":3930,"column_end":2,"column_start":1,"expansion":null,"file_name":"gameplay_sim/src/systems/world/map_system.rs","is_primary":true,"label":null,"line_end":145,"line_start":139,"suggested_replacement":null,"suggestion_applicability":null,"text":[{"highlight_end":30,"highlight_start":1,"text":"pub fn map_generation_system("},{"highlight_end":28,"highlight_start":1,"text":"    mut commands: Commands,"},{"highlight_end":57,"highlight_start":1,"text":"    active_query: Query<&Transform, With<ActiveEntity>>,"},{"highlight_end":39,"highlight_start":1,"text":"    mut map_system: ResMut<MapSystem>,"},{"highlight_end":38,"highlight_start":1,"text":"    mut meshes: ResMut<Assets<Mesh>>,"},{"highlight_end":53,"highlight_start":1,"text":"    mut materials: ResMut<Assets<StandardMaterial>>,"},{"highlight_end":2,"highlight_start":1,"text":") {"}]}]}}
{"reason":"compiler-message","package_id":"path+file:///Users/bradyjeong/Documents/Projects/Amp/gta4/gta_game/gameplay_sim#0.1.0","manifest_path":"/Users/bradyjeong/Documents/Projects/Amp/gta4/gta_game/gameplay_sim/Cargo.toml","target":{"kind":["lib"],"crate_types":["lib"],"name":"gameplay_sim","src_path":"/Users/bradyjeong/Documents/Projects/Amp/gta4/gta_game/gameplay_sim/src/lib.rs","edition":"2021","doc":true,"doctest":true,"test":true},"message":{"rendered":"warning: missing documentation for an enum\n  --> gameplay_sim/src/systems/timing_service.rs:24:1\n   |\n24 | pub enum SystemType {\n   | ^^^^^^^^^^^^^^^^^^^\n\n","$message_type":"diagnostic","children":[],"code":{"code":"missing_docs","explanation":null},"level":"warning","message":"missing documentation for an enum","spans":[{"byte_end":873,"byte_start":854,"column_end":20,"column_start":1,"expansion":null,"file_name":"gameplay_sim/src/systems/timing_service.rs","is_primary":true,"label":null,"line_end":24,"line_start":24,"suggested_replacement":null,"suggestion_applicability":null,"text":[{"highlight_end":20,"highlight_start":1,"text":"pub enum SystemType {"}]}]}}
{"reason":"compiler-message","package_id":"path+file:///Users/bradyjeong/Documents/Projects/Amp/gta4/gta_game/gameplay_sim#0.1.0","manifest_path":"/Users/bradyjeong/Documents/Projects/Amp/gta4/gta_game/gameplay_sim/Cargo.toml","target":{"kind":["lib"],"crate_types":["lib"],"name":"gameplay_sim","src_path":"/Users/bradyjeong/Documents/Projects/Amp/gta4/gta_game/gameplay_sim/src/lib.rs","edition":"2021","doc":true,"doctest":true,"test":true},"message":{"rendered":"warning: missing documentation for a variant\n  --> gameplay_sim/src/systems/timing_service.rs:25:5\n   |\n25 |     DynamicContent,\n   |     ^^^^^^^^^^^^^^\n\n","$message_type":"diagnostic","children":[],"code":{"code":"missing_docs","explanation":null},"level":"warning","message":"missing documentation for a variant","spans":[{"byte_end":894,"byte_start":880,"column_end":19,"column_start":5,"expansion":null,"file_name":"gameplay_sim/src/systems/timing_service.rs","is_primary":true,"label":null,"line_end":25,"line_start":25,"suggested_replacement":null,"suggestion_applicability":null,"text":[{"highlight_end":19,"highlight_start":5,"text":"    DynamicContent,"}]}]}}
{"reason":"compiler-message","package_id":"path+file:///Users/bradyjeong/Documents/Projects/Amp/gta4/gta_game/gameplay_sim#0.1.0","manifest_path":"/Users/bradyjeong/Documents/Projects/Amp/gta4/gta_game/gameplay_sim/Cargo.toml","target":{"kind":["lib"],"crate_types":["lib"],"name":"gameplay_sim","src_path":"/Users/bradyjeong/Documents/Projects/Amp/gta4/gta_game/gameplay_sim/src/lib.rs","edition":"2021","doc":true,"doctest":true,"test":true},"message":{"rendered":"warning: missing documentation for a variant\n  --> gameplay_sim/src/systems/timing_service.rs:26:5\n   |\n26 |     RoadGeneration,\n   |     ^^^^^^^^^^^^^^\n\n","$message_type":"diagnostic","children":[],"code":{"code":"missing_docs","explanation":null},"level":"warning","message":"missing documentation for a variant","spans":[{"byte_end":914,"byte_start":900,"column_end":19,"column_start":5,"expansion":null,"file_name":"gameplay_sim/src/systems/timing_service.rs","is_primary":true,"label":null,"line_end":26,"line_start":26,"suggested_replacement":null,"suggestion_applicability":null,"text":[{"highlight_end":19,"highlight_start":5,"text":"    RoadGeneration,"}]}]}}
{"reason":"compiler-message","package_id":"path+file:///Users/bradyjeong/Documents/Projects/Amp/gta4/gta_game/gameplay_sim#0.1.0","manifest_path":"/Users/bradyjeong/Documents/Projects/Amp/gta4/gta_game/gameplay_sim/Cargo.toml","target":{"kind":["lib"],"crate_types":["lib"],"name":"gameplay_sim","src_path":"/Users/bradyjeong/Documents/Projects/Amp/gta4/gta_game/gameplay_sim/src/lib.rs","edition":"2021","doc":true,"doctest":true,"test":true},"message":{"rendered":"warning: missing documentation for a variant\n  --> gameplay_sim/src/systems/timing_service.rs:27:5\n   |\n27 |     Performance,\n   |     ^^^^^^^^^^^\n\n","$message_type":"diagnostic","children":[],"code":{"code":"missing_docs","explanation":null},"level":"warning","message":"missing documentation for a variant","spans":[{"byte_end":931,"byte_start":920,"column_end":16,"column_start":5,"expansion":null,"file_name":"gameplay_sim/src/systems/timing_service.rs","is_primary":true,"label":null,"line_end":27,"line_start":27,"suggested_replacement":null,"suggestion_applicability":null,"text":[{"highlight_end":16,"highlight_start":5,"text":"    Performance,"}]}]}}
{"reason":"compiler-message","package_id":"path+file:///Users/bradyjeong/Documents/Projects/Amp/gta4/gta_game/gameplay_sim#0.1.0","manifest_path":"/Users/bradyjeong/Documents/Projects/Amp/gta4/gta_game/gameplay_sim/Cargo.toml","target":{"kind":["lib"],"crate_types":["lib"],"name":"gameplay_sim","src_path":"/Users/bradyjeong/Documents/Projects/Amp/gta4/gta_game/gameplay_sim/src/lib.rs","edition":"2021","doc":true,"doctest":true,"test":true},"message":{"rendered":"warning: missing documentation for a variant\n  --> gameplay_sim/src/systems/timing_service.rs:28:5\n   |\n28 |     Culling,\n   |     ^^^^^^^\n\n","$message_type":"diagnostic","children":[],"code":{"code":"missing_docs","explanation":null},"level":"warning","message":"missing documentation for a variant","spans":[{"byte_end":944,"byte_start":937,"column_end":12,"column_start":5,"expansion":null,"file_name":"gameplay_sim/src/systems/timing_service.rs","is_primary":true,"label":null,"line_end":28,"line_start":28,"suggested_replacement":null,"suggestion_applicability":null,"text":[{"highlight_end":12,"highlight_start":5,"text":"    Culling,"}]}]}}
{"reason":"compiler-message","package_id":"path+file:///Users/bradyjeong/Documents/Projects/Amp/gta4/gta_game/gameplay_sim#0.1.0","manifest_path":"/Users/bradyjeong/Documents/Projects/Amp/gta4/gta_game/gameplay_sim/Cargo.toml","target":{"kind":["lib"],"crate_types":["lib"],"name":"gameplay_sim","src_path":"/Users/bradyjeong/Documents/Projects/Amp/gta4/gta_game/gameplay_sim/src/lib.rs","edition":"2021","doc":true,"doctest":true,"test":true},"message":{"rendered":"warning: missing documentation for a variant\n  --> gameplay_sim/src/systems/timing_service.rs:29:5\n   |\n29 |     LOD,\n   |     ^^^\n\n","$message_type":"diagnostic","children":[],"code":{"code":"missing_docs","explanation":null},"level":"warning","message":"missing documentation for a variant","spans":[{"byte_end":953,"byte_start":950,"column_end":8,"column_start":5,"expansion":null,"file_name":"gameplay_sim/src/systems/timing_service.rs","is_primary":true,"label":null,"line_end":29,"line_start":29,"suggested_replacement":null,"suggestion_applicability":null,"text":[{"highlight_end":8,"highlight_start":5,"text":"    LOD,"}]}]}}
{"reason":"compiler-message","package_id":"path+file:///Users/bradyjeong/Documents/Projects/Amp/gta4/gta_game/gameplay_sim#0.1.0","manifest_path":"/Users/bradyjeong/Documents/Projects/Amp/gta4/gta_game/gameplay_sim/Cargo.toml","target":{"kind":["lib"],"crate_types":["lib"],"name":"gameplay_sim","src_path":"/Users/bradyjeong/Documents/Projects/Amp/gta4/gta_game/gameplay_sim/src/lib.rs","edition":"2021","doc":true,"doctest":true,"test":true},"message":{"rendered":"warning: missing documentation for a variant\n  --> gameplay_sim/src/systems/timing_service.rs:30:5\n   |\n30 |     NPCLOD,\n   |     ^^^^^^\n\n","$message_type":"diagnostic","children":[],"code":{"code":"missing_docs","explanation":null},"level":"warning","message":"missing documentation for a variant","spans":[{"byte_end":965,"byte_start":959,"column_end":11,"column_start":5,"expansion":null,"file_name":"gameplay_sim/src/systems/timing_service.rs","is_primary":true,"label":null,"line_end":30,"line_start":30,"suggested_replacement":null,"suggestion_applicability":null,"text":[{"highlight_end":11,"highlight_start":5,"text":"    NPCLOD,"}]}]}}
{"reason":"compiler-message","package_id":"path+file:///Users/bradyjeong/Documents/Projects/Amp/gta4/gta_game/gameplay_sim#0.1.0","manifest_path":"/Users/bradyjeong/Documents/Projects/Amp/gta4/gta_game/gameplay_sim/Cargo.toml","target":{"kind":["lib"],"crate_types":["lib"],"name":"gameplay_sim","src_path":"/Users/bradyjeong/Documents/Projects/Amp/gta4/gta_game/gameplay_sim/src/lib.rs","edition":"2021","doc":true,"doctest":true,"test":true},"message":{"rendered":"warning: missing documentation for a struct\n   --> gameplay_sim/src/systems/world/map_system.rs:441:1\n    |\n441 | pub struct Chunk {\n    | ^^^^^^^^^^^^^^^^\n\n","$message_type":"diagnostic","children":[],"code":{"code":"missing_docs","explanation":null},"level":"warning","message":"missing documentation for a struct","spans":[{"byte_end":13375,"byte_start":13359,"column_end":17,"column_start":1,"expansion":null,"file_name":"gameplay_sim/src/systems/world/map_system.rs","is_primary":true,"label":null,"line_end":441,"line_start":441,"suggested_replacement":null,"suggestion_applicability":null,"text":[{"highlight_end":17,"highlight_start":1,"text":"pub struct Chunk {"}]}]}}
{"reason":"compiler-message","package_id":"path+file:///Users/bradyjeong/Documents/Projects/Amp/gta4/gta_game/gameplay_sim#0.1.0","manifest_path":"/Users/bradyjeong/Documents/Projects/Amp/gta4/gta_game/gameplay_sim/Cargo.toml","target":{"kind":["lib"],"crate_types":["lib"],"name":"gameplay_sim","src_path":"/Users/bradyjeong/Documents/Projects/Amp/gta4/gta_game/gameplay_sim/src/lib.rs","edition":"2021","doc":true,"doctest":true,"test":true},"message":{"rendered":"warning: missing documentation for a struct\n  --> gameplay_sim/src/systems/timing_service.rs:34:1\n   |\n34 | pub struct EntityTimer {\n   | ^^^^^^^^^^^^^^^^^^^^^^\n\n","$message_type":"diagnostic","children":[],"code":{"code":"missing_docs","explanation":null},"level":"warning","message":"missing documentation for a struct","spans":[{"byte_end":1009,"byte_start":987,"column_end":23,"column_start":1,"expansion":null,"file_name":"gameplay_sim/src/systems/timing_service.rs","is_primary":true,"label":null,"line_end":34,"line_start":34,"suggested_replacement":null,"suggestion_applicability":null,"text":[{"highlight_end":23,"highlight_start":1,"text":"pub struct EntityTimer {"}]}]}}
{"reason":"compiler-message","package_id":"path+file:///Users/bradyjeong/Documents/Projects/Amp/gta4/gta_game/gameplay_sim#0.1.0","manifest_path":"/Users/bradyjeong/Documents/Projects/Amp/gta4/gta_game/gameplay_sim/Cargo.toml","target":{"kind":["lib"],"crate_types":["lib"],"name":"gameplay_sim","src_path":"/Users/bradyjeong/Documents/Projects/Amp/gta4/gta_game/gameplay_sim/src/lib.rs","edition":"2021","doc":true,"doctest":true,"test":true},"message":{"rendered":"warning: missing documentation for a struct field\n  --> gameplay_sim/src/systems/timing_service.rs:35:5\n   |\n35 |     pub last_update: f32,\n   |     ^^^^^^^^^^^^^^^^^^^^\n\n","$message_type":"diagnostic","children":[],"code":{"code":"missing_docs","explanation":null},"level":"warning","message":"missing documentation for a struct field","spans":[{"byte_end":1036,"byte_start":1016,"column_end":25,"column_start":5,"expansion":null,"file_name":"gameplay_sim/src/systems/timing_service.rs","is_primary":true,"label":null,"line_end":35,"line_start":35,"suggested_replacement":null,"suggestion_applicability":null,"text":[{"highlight_end":25,"highlight_start":5,"text":"    pub last_update: f32,"}]}]}}
{"reason":"compiler-message","package_id":"path+file:///Users/bradyjeong/Documents/Projects/Amp/gta4/gta_game/gameplay_sim#0.1.0","manifest_path":"/Users/bradyjeong/Documents/Projects/Amp/gta4/gta_game/gameplay_sim/Cargo.toml","target":{"kind":["lib"],"crate_types":["lib"],"name":"gameplay_sim","src_path":"/Users/bradyjeong/Documents/Projects/Amp/gta4/gta_game/gameplay_sim/src/lib.rs","edition":"2021","doc":true,"doctest":true,"test":true},"message":{"rendered":"warning: missing documentation for a struct field\n   --> gameplay_sim/src/systems/world/map_system.rs:442:5\n    |\n442 |     pub x: i32,\n    |     ^^^^^^^^^^\n\n","$message_type":"diagnostic","children":[],"code":{"code":"missing_docs","explanation":null},"level":"warning","message":"missing documentation for a struct field","spans":[{"byte_end":13392,"byte_start":13382,"column_end":15,"column_start":5,"expansion":null,"file_name":"gameplay_sim/src/systems/world/map_system.rs","is_primary":true,"label":null,"line_end":442,"line_start":442,"suggested_replacement":null,"suggestion_applicability":null,"text":[{"highlight_end":15,"highlight_start":5,"text":"    pub x: i32,"}]}]}}
{"reason":"compiler-message","package_id":"path+file:///Users/bradyjeong/Documents/Projects/Amp/gta4/gta_game/gameplay_sim#0.1.0","manifest_path":"/Users/bradyjeong/Documents/Projects/Amp/gta4/gta_game/gameplay_sim/Cargo.toml","target":{"kind":["lib"],"crate_types":["lib"],"name":"gameplay_sim","src_path":"/Users/bradyjeong/Documents/Projects/Amp/gta4/gta_game/gameplay_sim/src/lib.rs","edition":"2021","doc":true,"doctest":true,"test":true},"message":{"rendered":"warning: missing documentation for a struct field\n  --> gameplay_sim/src/systems/timing_service.rs:36:5\n   |\n36 |     pub interval: f32,\n   |     ^^^^^^^^^^^^^^^^^\n\n","$message_type":"diagnostic","children":[],"code":{"code":"missing_docs","explanation":null},"level":"warning","message":"missing documentation for a struct field","spans":[{"byte_end":1059,"byte_start":1042,"column_end":22,"column_start":5,"expansion":null,"file_name":"gameplay_sim/src/systems/timing_service.rs","is_primary":true,"label":null,"line_end":36,"line_start":36,"suggested_replacement":null,"suggestion_applicability":null,"text":[{"highlight_end":22,"highlight_start":5,"text":"    pub interval: f32,"}]}]}}
{"reason":"compiler-message","package_id":"path+file:///Users/bradyjeong/Documents/Projects/Amp/gta4/gta_game/gameplay_sim#0.1.0","manifest_path":"/Users/bradyjeong/Documents/Projects/Amp/gta4/gta_game/gameplay_sim/Cargo.toml","target":{"kind":["lib"],"crate_types":["lib"],"name":"gameplay_sim","src_path":"/Users/bradyjeong/Documents/Projects/Amp/gta4/gta_game/gameplay_sim/src/lib.rs","edition":"2021","doc":true,"doctest":true,"test":true},"message":{"rendered":"warning: missing documentation for a struct field\n   --> gameplay_sim/src/systems/world/map_system.rs:443:5\n    |\n443 |     pub z: i32,\n    |     ^^^^^^^^^^\n\n","$message_type":"diagnostic","children":[],"code":{"code":"missing_docs","explanation":null},"level":"warning","message":"missing documentation for a struct field","spans":[{"byte_end":13408,"byte_start":13398,"column_end":15,"column_start":5,"expansion":null,"file_name":"gameplay_sim/src/systems/world/map_system.rs","is_primary":true,"label":null,"line_end":443,"line_start":443,"suggested_replacement":null,"suggestion_applicability":null,"text":[{"highlight_end":15,"highlight_start":5,"text":"    pub z: i32,"}]}]}}
{"reason":"compiler-message","package_id":"path+file:///Users/bradyjeong/Documents/Projects/Amp/gta4/gta_game/gameplay_sim#0.1.0","manifest_path":"/Users/bradyjeong/Documents/Projects/Amp/gta4/gta_game/gameplay_sim/Cargo.toml","target":{"kind":["lib"],"crate_types":["lib"],"name":"gameplay_sim","src_path":"/Users/bradyjeong/Documents/Projects/Amp/gta4/gta_game/gameplay_sim/src/lib.rs","edition":"2021","doc":true,"doctest":true,"test":true},"message":{"rendered":"warning: missing documentation for a struct field\n  --> gameplay_sim/src/systems/timing_service.rs:37:5\n   |\n37 |     pub timer_type: EntityTimerType,\n   |     ^^^^^^^^^^^^^^^^^^^^^^^^^^^^^^^\n\n","$message_type":"diagnostic","children":[],"code":{"code":"missing_docs","explanation":null},"level":"warning","message":"missing documentation for a struct field","spans":[{"byte_end":1096,"byte_start":1065,"column_end":36,"column_start":5,"expansion":null,"file_name":"gameplay_sim/src/systems/timing_service.rs","is_primary":true,"label":null,"line_end":37,"line_start":37,"suggested_replacement":null,"suggestion_applicability":null,"text":[{"highlight_end":36,"highlight_start":5,"text":"    pub timer_type: EntityTimerType,"}]}]}}
{"reason":"compiler-message","package_id":"path+file:///Users/bradyjeong/Documents/Projects/Amp/gta4/gta_game/gameplay_sim#0.1.0","manifest_path":"/Users/bradyjeong/Documents/Projects/Amp/gta4/gta_game/gameplay_sim/Cargo.toml","target":{"kind":["lib"],"crate_types":["lib"],"name":"gameplay_sim","src_path":"/Users/bradyjeong/Documents/Projects/Amp/gta4/gta_game/gameplay_sim/src/lib.rs","edition":"2021","doc":true,"doctest":true,"test":true},"message":{"rendered":"warning: missing documentation for a struct\n   --> gameplay_sim/src/systems/world/map_system.rs:447:1\n    |\n447 | pub struct TerrainChunk;\n    | ^^^^^^^^^^^^^^^^^^^^^^^\n\n","$message_type":"diagnostic","children":[],"code":{"code":"missing_docs","explanation":null},"level":"warning","message":"missing documentation for a struct","spans":[{"byte_end":13457,"byte_start":13434,"column_end":24,"column_start":1,"expansion":null,"file_name":"gameplay_sim/src/systems/world/map_system.rs","is_primary":true,"label":null,"line_end":447,"line_start":447,"suggested_replacement":null,"suggestion_applicability":null,"text":[{"highlight_end":24,"highlight_start":1,"text":"pub struct TerrainChunk;"}]}]}}
{"reason":"compiler-message","package_id":"path+file:///Users/bradyjeong/Documents/Projects/Amp/gta4/gta_game/gameplay_sim#0.1.0","manifest_path":"/Users/bradyjeong/Documents/Projects/Amp/gta4/gta_game/gameplay_sim/Cargo.toml","target":{"kind":["lib"],"crate_types":["lib"],"name":"gameplay_sim","src_path":"/Users/bradyjeong/Documents/Projects/Amp/gta4/gta_game/gameplay_sim/src/lib.rs","edition":"2021","doc":true,"doctest":true,"test":true},"message":{"rendered":"warning: missing documentation for an enum\n  --> gameplay_sim/src/systems/timing_service.rs:41:1\n   |\n41 | pub enum EntityTimerType {\n   | ^^^^^^^^^^^^^^^^^^^^^^^^\n\n","$message_type":"diagnostic","children":[],"code":{"code":"missing_docs","explanation":null},"level":"warning","message":"missing documentation for an enum","spans":[{"byte_end":1170,"byte_start":1146,"column_end":25,"column_start":1,"expansion":null,"file_name":"gameplay_sim/src/systems/timing_service.rs","is_primary":true,"label":null,"line_end":41,"line_start":41,"suggested_replacement":null,"suggestion_applicability":null,"text":[{"highlight_end":25,"highlight_start":1,"text":"pub enum EntityTimerType {"}]}]}}
{"reason":"compiler-message","package_id":"path+file:///Users/bradyjeong/Documents/Projects/Amp/gta4/gta_game/gameplay_sim#0.1.0","manifest_path":"/Users/bradyjeong/Documents/Projects/Amp/gta4/gta_game/gameplay_sim/Cargo.toml","target":{"kind":["lib"],"crate_types":["lib"],"name":"gameplay_sim","src_path":"/Users/bradyjeong/Documents/Projects/Amp/gta4/gta_game/gameplay_sim/src/lib.rs","edition":"2021","doc":true,"doctest":true,"test":true},"message":{"rendered":"warning: missing documentation for a variant\n  --> gameplay_sim/src/systems/timing_service.rs:42:5\n   |\n42 |     Movement,\n   |     ^^^^^^^^\n\n","$message_type":"diagnostic","children":[],"code":{"code":"missing_docs","explanation":null},"level":"warning","message":"missing documentation for a variant","spans":[{"byte_end":1185,"byte_start":1177,"column_end":13,"column_start":5,"expansion":null,"file_name":"gameplay_sim/src/systems/timing_service.rs","is_primary":true,"label":null,"line_end":42,"line_start":42,"suggested_replacement":null,"suggestion_applicability":null,"text":[{"highlight_end":13,"highlight_start":5,"text":"    Movement,"}]}]}}
{"reason":"compiler-message","package_id":"path+file:///Users/bradyjeong/Documents/Projects/Amp/gta4/gta_game/gameplay_sim#0.1.0","manifest_path":"/Users/bradyjeong/Documents/Projects/Amp/gta4/gta_game/gameplay_sim/Cargo.toml","target":{"kind":["lib"],"crate_types":["lib"],"name":"gameplay_sim","src_path":"/Users/bradyjeong/Documents/Projects/Amp/gta4/gta_game/gameplay_sim/src/lib.rs","edition":"2021","doc":true,"doctest":true,"test":true},"message":{"rendered":"warning: missing documentation for a struct\n   --> gameplay_sim/src/systems/world/map_system.rs:450:1\n    |\n450 | pub struct Building;\n    | ^^^^^^^^^^^^^^^^^^^\n\n","$message_type":"diagnostic","children":[],"code":{"code":"missing_docs","explanation":null},"level":"warning","message":"missing documentation for a struct","spans":[{"byte_end":13500,"byte_start":13481,"column_end":20,"column_start":1,"expansion":null,"file_name":"gameplay_sim/src/systems/world/map_system.rs","is_primary":true,"label":null,"line_end":450,"line_start":450,"suggested_replacement":null,"suggestion_applicability":null,"text":[{"highlight_end":20,"highlight_start":1,"text":"pub struct Building;"}]}]}}
{"reason":"compiler-message","package_id":"path+file:///Users/bradyjeong/Documents/Projects/Amp/gta4/gta_game/gameplay_sim#0.1.0","manifest_path":"/Users/bradyjeong/Documents/Projects/Amp/gta4/gta_game/gameplay_sim/Cargo.toml","target":{"kind":["lib"],"crate_types":["lib"],"name":"gameplay_sim","src_path":"/Users/bradyjeong/Documents/Projects/Amp/gta4/gta_game/gameplay_sim/src/lib.rs","edition":"2021","doc":true,"doctest":true,"test":true},"message":{"rendered":"warning: missing documentation for a variant\n  --> gameplay_sim/src/systems/timing_service.rs:43:5\n   |\n43 |     LOD,\n   |     ^^^\n\n","$message_type":"diagnostic","children":[],"code":{"code":"missing_docs","explanation":null},"level":"warning","message":"missing documentation for a variant","spans":[{"byte_end":1194,"byte_start":1191,"column_end":8,"column_start":5,"expansion":null,"file_name":"gameplay_sim/src/systems/timing_service.rs","is_primary":true,"label":null,"line_end":43,"line_start":43,"suggested_replacement":null,"suggestion_applicability":null,"text":[{"highlight_end":8,"highlight_start":5,"text":"    LOD,"}]}]}}
{"reason":"compiler-message","package_id":"path+file:///Users/bradyjeong/Documents/Projects/Amp/gta4/gta_game/gameplay_sim#0.1.0","manifest_path":"/Users/bradyjeong/Documents/Projects/Amp/gta4/gta_game/gameplay_sim/Cargo.toml","target":{"kind":["lib"],"crate_types":["lib"],"name":"gameplay_sim","src_path":"/Users/bradyjeong/Documents/Projects/Amp/gta4/gta_game/gameplay_sim/src/lib.rs","edition":"2021","doc":true,"doctest":true,"test":true},"message":{"rendered":"warning: missing documentation for a variant\n  --> gameplay_sim/src/systems/timing_service.rs:44:5\n   |\n44 |     Culling,\n   |     ^^^^^^^\n\n","$message_type":"diagnostic","children":[],"code":{"code":"missing_docs","explanation":null},"level":"warning","message":"missing documentation for a variant","spans":[{"byte_end":1207,"byte_start":1200,"column_end":12,"column_start":5,"expansion":null,"file_name":"gameplay_sim/src/systems/timing_service.rs","is_primary":true,"label":null,"line_end":44,"line_start":44,"suggested_replacement":null,"suggestion_applicability":null,"text":[{"highlight_end":12,"highlight_start":5,"text":"    Culling,"}]}]}}
{"reason":"compiler-message","package_id":"path+file:///Users/bradyjeong/Documents/Projects/Amp/gta4/gta_game/gameplay_sim#0.1.0","manifest_path":"/Users/bradyjeong/Documents/Projects/Amp/gta4/gta_game/gameplay_sim/Cargo.toml","target":{"kind":["lib"],"crate_types":["lib"],"name":"gameplay_sim","src_path":"/Users/bradyjeong/Documents/Projects/Amp/gta4/gta_game/gameplay_sim/src/lib.rs","edition":"2021","doc":true,"doctest":true,"test":true},"message":{"rendered":"warning: missing documentation for a struct\n   --> gameplay_sim/src/systems/world/map_system.rs:453:1\n    |\n453 | pub struct Landmark;\n    | ^^^^^^^^^^^^^^^^^^^\n\n","$message_type":"diagnostic","children":[],"code":{"code":"missing_docs","explanation":null},"level":"warning","message":"missing documentation for a struct","spans":[{"byte_end":13543,"byte_start":13524,"column_end":20,"column_start":1,"expansion":null,"file_name":"gameplay_sim/src/systems/world/map_system.rs","is_primary":true,"label":null,"line_end":453,"line_start":453,"suggested_replacement":null,"suggestion_applicability":null,"text":[{"highlight_end":20,"highlight_start":1,"text":"pub struct Landmark;"}]}]}}
{"reason":"compiler-message","package_id":"path+file:///Users/bradyjeong/Documents/Projects/Amp/gta4/gta_game/gameplay_sim#0.1.0","manifest_path":"/Users/bradyjeong/Documents/Projects/Amp/gta4/gta_game/gameplay_sim/Cargo.toml","target":{"kind":["lib"],"crate_types":["lib"],"name":"gameplay_sim","src_path":"/Users/bradyjeong/Documents/Projects/Amp/gta4/gta_game/gameplay_sim/src/lib.rs","edition":"2021","doc":true,"doctest":true,"test":true},"message":{"rendered":"warning: missing documentation for a variant\n  --> gameplay_sim/src/systems/timing_service.rs:45:5\n   |\n45 |     Animation,\n   |     ^^^^^^^^^\n\n","$message_type":"diagnostic","children":[],"code":{"code":"missing_docs","explanation":null},"level":"warning","message":"missing documentation for a variant","spans":[{"byte_end":1222,"byte_start":1213,"column_end":14,"column_start":5,"expansion":null,"file_name":"gameplay_sim/src/systems/timing_service.rs","is_primary":true,"label":null,"line_end":45,"line_start":45,"suggested_replacement":null,"suggestion_applicability":null,"text":[{"highlight_end":14,"highlight_start":5,"text":"    Animation,"}]}]}}
{"reason":"compiler-message","package_id":"path+file:///Users/bradyjeong/Documents/Projects/Amp/gta4/gta_game/gameplay_sim#0.1.0","manifest_path":"/Users/bradyjeong/Documents/Projects/Amp/gta4/gta_game/gameplay_sim/Cargo.toml","target":{"kind":["lib"],"crate_types":["lib"],"name":"gameplay_sim","src_path":"/Users/bradyjeong/Documents/Projects/Amp/gta4/gta_game/gameplay_sim/src/lib.rs","edition":"2021","doc":true,"doctest":true,"test":true},"message":{"rendered":"warning: missing documentation for a variant\n  --> gameplay_sim/src/systems/timing_service.rs:46:5\n   |\n46 |     NPCLOD,\n   |     ^^^^^^\n\n","$message_type":"diagnostic","children":[],"code":{"code":"missing_docs","explanation":null},"level":"warning","message":"missing documentation for a variant","spans":[{"byte_end":1234,"byte_start":1228,"column_end":11,"column_start":5,"expansion":null,"file_name":"gameplay_sim/src/systems/timing_service.rs","is_primary":true,"label":null,"line_end":46,"line_start":46,"suggested_replacement":null,"suggestion_applicability":null,"text":[{"highlight_end":11,"highlight_start":5,"text":"    NPCLOD,"}]}]}}
{"reason":"compiler-message","package_id":"path+file:///Users/bradyjeong/Documents/Projects/Amp/gta4/gta_game/gameplay_sim#0.1.0","manifest_path":"/Users/bradyjeong/Documents/Projects/Amp/gta4/gta_game/gameplay_sim/Cargo.toml","target":{"kind":["lib"],"crate_types":["lib"],"name":"gameplay_sim","src_path":"/Users/bradyjeong/Documents/Projects/Amp/gta4/gta_game/gameplay_sim/src/lib.rs","edition":"2021","doc":true,"doctest":true,"test":true},"message":{"rendered":"warning: missing documentation for a constant\n  --> gameplay_sim/src/systems/world/unified_world.rs:19:1\n   |\n19 | pub const UNIFIED_CHUNK_SIZE: f32 = CHUNK_SIZE;\n   | ^^^^^^^^^^^^^^^^^^^^^^^^^^^^^^^^^\n\n","$message_type":"diagnostic","children":[],"code":{"code":"missing_docs","explanation":null},"level":"warning","message":"missing documentation for a constant","spans":[{"byte_end":880,"byte_start":847,"column_end":34,"column_start":1,"expansion":null,"file_name":"gameplay_sim/src/systems/world/unified_world.rs","is_primary":true,"label":null,"line_end":19,"line_start":19,"suggested_replacement":null,"suggestion_applicability":null,"text":[{"highlight_end":34,"highlight_start":1,"text":"pub const UNIFIED_CHUNK_SIZE: f32 = CHUNK_SIZE;"}]}]}}
{"reason":"compiler-message","package_id":"path+file:///Users/bradyjeong/Documents/Projects/Amp/gta4/gta_game/gameplay_sim#0.1.0","manifest_path":"/Users/bradyjeong/Documents/Projects/Amp/gta4/gta_game/gameplay_sim/Cargo.toml","target":{"kind":["lib"],"crate_types":["lib"],"name":"gameplay_sim","src_path":"/Users/bradyjeong/Documents/Projects/Amp/gta4/gta_game/gameplay_sim/src/lib.rs","edition":"2021","doc":true,"doctest":true,"test":true},"message":{"rendered":"warning: missing documentation for a variant\n  --> gameplay_sim/src/systems/timing_service.rs:47:5\n   |\n47 |     VehicleLOD,\n   |     ^^^^^^^^^^\n\n","$message_type":"diagnostic","children":[],"code":{"code":"missing_docs","explanation":null},"level":"warning","message":"missing documentation for a variant","spans":[{"byte_end":1250,"byte_start":1240,"column_end":15,"column_start":5,"expansion":null,"file_name":"gameplay_sim/src/systems/timing_service.rs","is_primary":true,"label":null,"line_end":47,"line_start":47,"suggested_replacement":null,"suggestion_applicability":null,"text":[{"highlight_end":15,"highlight_start":5,"text":"    VehicleLOD,"}]}]}}
{"reason":"compiler-message","package_id":"path+file:///Users/bradyjeong/Documents/Projects/Amp/gta4/gta_game/gameplay_sim#0.1.0","manifest_path":"/Users/bradyjeong/Documents/Projects/Amp/gta4/gta_game/gameplay_sim/Cargo.toml","target":{"kind":["lib"],"crate_types":["lib"],"name":"gameplay_sim","src_path":"/Users/bradyjeong/Documents/Projects/Amp/gta4/gta_game/gameplay_sim/src/lib.rs","edition":"2021","doc":true,"doctest":true,"test":true},"message":{"rendered":"warning: missing documentation for a constant\n  --> gameplay_sim/src/systems/world/unified_world.rs:20:1\n   |\n20 | pub const UNIFIED_STREAMING_RADIUS: f32 = 800.0;\n   | ^^^^^^^^^^^^^^^^^^^^^^^^^^^^^^^^^^^^^^^\n\n","$message_type":"diagnostic","children":[],"code":{"code":"missing_docs","explanation":null},"level":"warning","message":"missing documentation for a constant","spans":[{"byte_end":934,"byte_start":895,"column_end":40,"column_start":1,"expansion":null,"file_name":"gameplay_sim/src/systems/world/unified_world.rs","is_primary":true,"label":null,"line_end":20,"line_start":20,"suggested_replacement":null,"suggestion_applicability":null,"text":[{"highlight_end":40,"highlight_start":1,"text":"pub const UNIFIED_STREAMING_RADIUS: f32 = 800.0;"}]}]}}
{"reason":"compiler-message","package_id":"path+file:///Users/bradyjeong/Documents/Projects/Amp/gta4/gta_game/gameplay_sim#0.1.0","manifest_path":"/Users/bradyjeong/Documents/Projects/Amp/gta4/gta_game/gameplay_sim/Cargo.toml","target":{"kind":["lib"],"crate_types":["lib"],"name":"gameplay_sim","src_path":"/Users/bradyjeong/Documents/Projects/Amp/gta4/gta_game/gameplay_sim/src/lib.rs","edition":"2021","doc":true,"doctest":true,"test":true},"message":{"rendered":"warning: missing documentation for a variant\n  --> gameplay_sim/src/systems/timing_service.rs:48:5\n   |\n48 |     VegetationLOD,\n   |     ^^^^^^^^^^^^^\n\n","$message_type":"diagnostic","children":[],"code":{"code":"missing_docs","explanation":null},"level":"warning","message":"missing documentation for a variant","spans":[{"byte_end":1269,"byte_start":1256,"column_end":18,"column_start":5,"expansion":null,"file_name":"gameplay_sim/src/systems/timing_service.rs","is_primary":true,"label":null,"line_end":48,"line_start":48,"suggested_replacement":null,"suggestion_applicability":null,"text":[{"highlight_end":18,"highlight_start":5,"text":"    VegetationLOD,"}]}]}}
{"reason":"compiler-message","package_id":"path+file:///Users/bradyjeong/Documents/Projects/Amp/gta4/gta_game/gameplay_sim#0.1.0","manifest_path":"/Users/bradyjeong/Documents/Projects/Amp/gta4/gta_game/gameplay_sim/Cargo.toml","target":{"kind":["lib"],"crate_types":["lib"],"name":"gameplay_sim","src_path":"/Users/bradyjeong/Documents/Projects/Amp/gta4/gta_game/gameplay_sim/src/lib.rs","edition":"2021","doc":true,"doctest":true,"test":true},"message":{"rendered":"warning: missing documentation for a method\n  --> gameplay_sim/src/systems/timing_service.rs:89:5\n   |\n89 |     pub fn should_run_system(&mut self, system_type: SystemType) -> bool {\n   |     ^^^^^^^^^^^^^^^^^^^^^^^^^^^^^^^^^^^^^^^^^^^^^^^^^^^^^^^^^^^^^^^^^^^^\n\n","$message_type":"diagnostic","children":[],"code":{"code":"missing_docs","explanation":null},"level":"warning","message":"missing documentation for a method","spans":[{"byte_end":2488,"byte_start":2420,"column_end":73,"column_start":5,"expansion":null,"file_name":"gameplay_sim/src/systems/timing_service.rs","is_primary":true,"label":null,"line_end":89,"line_start":89,"suggested_replacement":null,"suggestion_applicability":null,"text":[{"highlight_end":73,"highlight_start":5,"text":"    pub fn should_run_system(&mut self, system_type: SystemType) -> bool {"}]}]}}
{"reason":"compiler-message","package_id":"path+file:///Users/bradyjeong/Documents/Projects/Amp/gta4/gta_game/gameplay_sim#0.1.0","manifest_path":"/Users/bradyjeong/Documents/Projects/Amp/gta4/gta_game/gameplay_sim/Cargo.toml","target":{"kind":["lib"],"crate_types":["lib"],"name":"gameplay_sim","src_path":"/Users/bradyjeong/Documents/Projects/Amp/gta4/gta_game/gameplay_sim/src/lib.rs","edition":"2021","doc":true,"doctest":true,"test":true},"message":{"rendered":"warning: missing documentation for a struct\n  --> gameplay_sim/src/systems/world/unified_world.rs:23:1\n   |\n23 | pub struct WorldManager {\n   | ^^^^^^^^^^^^^^^^^^^^^^^\n\n","$message_type":"diagnostic","children":[],"code":{"code":"missing_docs","explanation":null},"level":"warning","message":"missing documentation for a struct","spans":[{"byte_end":997,"byte_start":974,"column_end":24,"column_start":1,"expansion":null,"file_name":"gameplay_sim/src/systems/world/unified_world.rs","is_primary":true,"label":null,"line_end":23,"line_start":23,"suggested_replacement":null,"suggestion_applicability":null,"text":[{"highlight_end":24,"highlight_start":1,"text":"pub struct WorldManager {"}]}]}}
{"reason":"compiler-message","package_id":"path+file:///Users/bradyjeong/Documents/Projects/Amp/gta4/gta_game/gameplay_sim#0.1.0","manifest_path":"/Users/bradyjeong/Documents/Projects/Amp/gta4/gta_game/gameplay_sim/Cargo.toml","target":{"kind":["lib"],"crate_types":["lib"],"name":"gameplay_sim","src_path":"/Users/bradyjeong/Documents/Projects/Amp/gta4/gta_game/gameplay_sim/src/lib.rs","edition":"2021","doc":true,"doctest":true,"test":true},"message":{"rendered":"warning: missing documentation for a method\n   --> gameplay_sim/src/systems/timing_service.rs:101:5\n    |\n101 |     pub fn register_entity(&mut self, entity: Entity, timer_type: EntityTimerType, interval: f32) {\n    |     ^^^^^^^^^^^^^^^^^^^^^^^^^^^^^^^^^^^^^^^^^^^^^^^^^^^^^^^^^^^^^^^^^^^^^^^^^^^^^^^^^^^^^^^^^^^^^\n\n","$message_type":"diagnostic","children":[],"code":{"code":"missing_docs","explanation":null},"level":"warning","message":"missing documentation for a method","spans":[{"byte_end":2972,"byte_start":2879,"column_end":98,"column_start":5,"expansion":null,"file_name":"gameplay_sim/src/systems/timing_service.rs","is_primary":true,"label":null,"line_end":101,"line_start":101,"suggested_replacement":null,"suggestion_applicability":null,"text":[{"highlight_end":98,"highlight_start":5,"text":"    pub fn register_entity(&mut self, entity: Entity, timer_type: EntityTimerType, interval: f32) {"}]}]}}
{"reason":"compiler-message","package_id":"path+file:///Users/bradyjeong/Documents/Projects/Amp/gta4/gta_game/gameplay_sim#0.1.0","manifest_path":"/Users/bradyjeong/Documents/Projects/Amp/gta4/gta_game/gameplay_sim/Cargo.toml","target":{"kind":["lib"],"crate_types":["lib"],"name":"gameplay_sim","src_path":"/Users/bradyjeong/Documents/Projects/Amp/gta4/gta_game/gameplay_sim/src/lib.rs","edition":"2021","doc":true,"doctest":true,"test":true},"message":{"rendered":"warning: missing documentation for a struct field\n  --> gameplay_sim/src/systems/world/unified_world.rs:24:5\n   |\n24 |     pub chunks: HashMap<ChunkCoord, ChunkData>,\n   |     ^^^^^^^^^^^^^^^^^^^^^^^^^^^^^^^^^^^^^^^^^^\n\n","$message_type":"diagnostic","children":[],"code":{"code":"missing_docs","explanation":null},"level":"warning","message":"missing documentation for a struct field","spans":[{"byte_end":1046,"byte_start":1004,"column_end":47,"column_start":5,"expansion":null,"file_name":"gameplay_sim/src/systems/world/unified_world.rs","is_primary":true,"label":null,"line_end":24,"line_start":24,"suggested_replacement":null,"suggestion_applicability":null,"text":[{"highlight_end":47,"highlight_start":5,"text":"    pub chunks: HashMap<ChunkCoord, ChunkData>,"}]}]}}
{"reason":"compiler-message","package_id":"path+file:///Users/bradyjeong/Documents/Projects/Amp/gta4/gta_game/gameplay_sim#0.1.0","manifest_path":"/Users/bradyjeong/Documents/Projects/Amp/gta4/gta_game/gameplay_sim/Cargo.toml","target":{"kind":["lib"],"crate_types":["lib"],"name":"gameplay_sim","src_path":"/Users/bradyjeong/Documents/Projects/Amp/gta4/gta_game/gameplay_sim/src/lib.rs","edition":"2021","doc":true,"doctest":true,"test":true},"message":{"rendered":"warning: missing documentation for a method\n   --> gameplay_sim/src/systems/timing_service.rs:110:5\n    |\n110 |     pub fn should_update_entity(&mut self, entity: Entity) -> bool {\n    |     ^^^^^^^^^^^^^^^^^^^^^^^^^^^^^^^^^^^^^^^^^^^^^^^^^^^^^^^^^^^^^^\n\n","$message_type":"diagnostic","children":[],"code":{"code":"missing_docs","explanation":null},"level":"warning","message":"missing documentation for a method","spans":[{"byte_end":3237,"byte_start":3175,"column_end":67,"column_start":5,"expansion":null,"file_name":"gameplay_sim/src/systems/timing_service.rs","is_primary":true,"label":null,"line_end":110,"line_start":110,"suggested_replacement":null,"suggestion_applicability":null,"text":[{"highlight_end":67,"highlight_start":5,"text":"    pub fn should_update_entity(&mut self, entity: Entity) -> bool {"}]}]}}
{"reason":"compiler-message","package_id":"path+file:///Users/bradyjeong/Documents/Projects/Amp/gta4/gta_game/gameplay_sim#0.1.0","manifest_path":"/Users/bradyjeong/Documents/Projects/Amp/gta4/gta_game/gameplay_sim/Cargo.toml","target":{"kind":["lib"],"crate_types":["lib"],"name":"gameplay_sim","src_path":"/Users/bradyjeong/Documents/Projects/Amp/gta4/gta_game/gameplay_sim/src/lib.rs","edition":"2021","doc":true,"doctest":true,"test":true},"message":{"rendered":"warning: missing documentation for a struct field\n  --> gameplay_sim/src/systems/world/unified_world.rs:25:5\n   |\n25 |     pub active_chunks: Vec<ChunkCoord>,\n   |     ^^^^^^^^^^^^^^^^^^^^^^^^^^^^^^^^^^\n\n","$message_type":"diagnostic","children":[],"code":{"code":"missing_docs","explanation":null},"level":"warning","message":"missing documentation for a struct field","spans":[{"byte_end":1086,"byte_start":1052,"column_end":39,"column_start":5,"expansion":null,"file_name":"gameplay_sim/src/systems/world/unified_world.rs","is_primary":true,"label":null,"line_end":25,"line_start":25,"suggested_replacement":null,"suggestion_applicability":null,"text":[{"highlight_end":39,"highlight_start":5,"text":"    pub active_chunks: Vec<ChunkCoord>,"}]}]}}
{"reason":"compiler-message","package_id":"path+file:///Users/bradyjeong/Documents/Projects/Amp/gta4/gta_game/gameplay_sim#0.1.0","manifest_path":"/Users/bradyjeong/Documents/Projects/Amp/gta4/gta_game/gameplay_sim/Cargo.toml","target":{"kind":["lib"],"crate_types":["lib"],"name":"gameplay_sim","src_path":"/Users/bradyjeong/Documents/Projects/Amp/gta4/gta_game/gameplay_sim/src/lib.rs","edition":"2021","doc":true,"doctest":true,"test":true},"message":{"rendered":"warning: missing documentation for a method\n   --> gameplay_sim/src/systems/timing_service.rs:123:5\n    |\n123 |     pub fn unregister_entity(&mut self, entity: Entity) {\n    |     ^^^^^^^^^^^^^^^^^^^^^^^^^^^^^^^^^^^^^^^^^^^^^^^^^^^\n\n","$message_type":"diagnostic","children":[],"code":{"code":"missing_docs","explanation":null},"level":"warning","message":"missing documentation for a method","spans":[{"byte_end":3656,"byte_start":3605,"column_end":56,"column_start":5,"expansion":null,"file_name":"gameplay_sim/src/systems/timing_service.rs","is_primary":true,"label":null,"line_end":123,"line_start":123,"suggested_replacement":null,"suggestion_applicability":null,"text":[{"highlight_end":56,"highlight_start":5,"text":"    pub fn unregister_entity(&mut self, entity: Entity) {"}]}]}}
{"reason":"compiler-message","package_id":"path+file:///Users/bradyjeong/Documents/Projects/Amp/gta4/gta_game/gameplay_sim#0.1.0","manifest_path":"/Users/bradyjeong/Documents/Projects/Amp/gta4/gta_game/gameplay_sim/Cargo.toml","target":{"kind":["lib"],"crate_types":["lib"],"name":"gameplay_sim","src_path":"/Users/bradyjeong/Documents/Projects/Amp/gta4/gta_game/gameplay_sim/src/lib.rs","edition":"2021","doc":true,"doctest":true,"test":true},"message":{"rendered":"warning: missing documentation for a struct field\n  --> gameplay_sim/src/systems/world/unified_world.rs:26:5\n   |\n26 |     pub placement_grid: PlacementGrid,\n   |     ^^^^^^^^^^^^^^^^^^^^^^^^^^^^^^^^^\n\n","$message_type":"diagnostic","children":[],"code":{"code":"missing_docs","explanation":null},"level":"warning","message":"missing documentation for a struct field","spans":[{"byte_end":1125,"byte_start":1092,"column_end":38,"column_start":5,"expansion":null,"file_name":"gameplay_sim/src/systems/world/unified_world.rs","is_primary":true,"label":null,"line_end":26,"line_start":26,"suggested_replacement":null,"suggestion_applicability":null,"text":[{"highlight_end":38,"highlight_start":5,"text":"    pub placement_grid: PlacementGrid,"}]}]}}
{"reason":"compiler-message","package_id":"path+file:///Users/bradyjeong/Documents/Projects/Amp/gta4/gta_game/gameplay_sim#0.1.0","manifest_path":"/Users/bradyjeong/Documents/Projects/Amp/gta4/gta_game/gameplay_sim/Cargo.toml","target":{"kind":["lib"],"crate_types":["lib"],"name":"gameplay_sim","src_path":"/Users/bradyjeong/Documents/Projects/Amp/gta4/gta_game/gameplay_sim/src/lib.rs","edition":"2021","doc":true,"doctest":true,"test":true},"message":{"rendered":"warning: missing documentation for a method\n   --> gameplay_sim/src/systems/timing_service.rs:127:5\n    |\n127 |     pub fn set_system_interval(&mut self, system_type: SystemType, interval: f32) {\n    |     ^^^^^^^^^^^^^^^^^^^^^^^^^^^^^^^^^^^^^^^^^^^^^^^^^^^^^^^^^^^^^^^^^^^^^^^^^^^^^\n\n","$message_type":"diagnostic","children":[],"code":{"code":"missing_docs","explanation":null},"level":"warning","message":"missing documentation for a method","spans":[{"byte_end":3795,"byte_start":3718,"column_end":82,"column_start":5,"expansion":null,"file_name":"gameplay_sim/src/systems/timing_service.rs","is_primary":true,"label":null,"line_end":127,"line_start":127,"suggested_replacement":null,"suggestion_applicability":null,"text":[{"highlight_end":82,"highlight_start":5,"text":"    pub fn set_system_interval(&mut self, system_type: SystemType, interval: f32) {"}]}]}}
{"reason":"compiler-message","package_id":"path+file:///Users/bradyjeong/Documents/Projects/Amp/gta4/gta_game/gameplay_sim#0.1.0","manifest_path":"/Users/bradyjeong/Documents/Projects/Amp/gta4/gta_game/gameplay_sim/Cargo.toml","target":{"kind":["lib"],"crate_types":["lib"],"name":"gameplay_sim","src_path":"/Users/bradyjeong/Documents/Projects/Amp/gta4/gta_game/gameplay_sim/src/lib.rs","edition":"2021","doc":true,"doctest":true,"test":true},"message":{"rendered":"warning: missing documentation for a struct field\n  --> gameplay_sim/src/systems/world/unified_world.rs:27:5\n   |\n27 |     pub road_network: RoadNetwork,\n   |     ^^^^^^^^^^^^^^^^^^^^^^^^^^^^^\n\n","$message_type":"diagnostic","children":[],"code":{"code":"missing_docs","explanation":null},"level":"warning","message":"missing documentation for a struct field","spans":[{"byte_end":1160,"byte_start":1131,"column_end":34,"column_start":5,"expansion":null,"file_name":"gameplay_sim/src/systems/world/unified_world.rs","is_primary":true,"label":null,"line_end":27,"line_start":27,"suggested_replacement":null,"suggestion_applicability":null,"text":[{"highlight_end":34,"highlight_start":5,"text":"    pub road_network: RoadNetwork,"}]}]}}
{"reason":"compiler-message","package_id":"path+file:///Users/bradyjeong/Documents/Projects/Amp/gta4/gta_game/gameplay_sim#0.1.0","manifest_path":"/Users/bradyjeong/Documents/Projects/Amp/gta4/gta_game/gameplay_sim/Cargo.toml","target":{"kind":["lib"],"crate_types":["lib"],"name":"gameplay_sim","src_path":"/Users/bradyjeong/Documents/Projects/Amp/gta4/gta_game/gameplay_sim/src/lib.rs","edition":"2021","doc":true,"doctest":true,"test":true},"message":{"rendered":"warning: missing documentation for a method\n   --> gameplay_sim/src/systems/timing_service.rs:131:5\n    |\n131 |     pub fn get_current_time(&self) -> f32 {\n    |     ^^^^^^^^^^^^^^^^^^^^^^^^^^^^^^^^^^^^^\n\n","$message_type":"diagnostic","children":[],"code":{"code":"missing_docs","explanation":null},"level":"warning","message":"missing documentation for a method","spans":[{"byte_end":3911,"byte_start":3874,"column_end":42,"column_start":5,"expansion":null,"file_name":"gameplay_sim/src/systems/timing_service.rs","is_primary":true,"label":null,"line_end":131,"line_start":131,"suggested_replacement":null,"suggestion_applicability":null,"text":[{"highlight_end":42,"highlight_start":5,"text":"    pub fn get_current_time(&self) -> f32 {"}]}]}}
{"reason":"compiler-message","package_id":"path+file:///Users/bradyjeong/Documents/Projects/Amp/gta4/gta_game/gameplay_sim#0.1.0","manifest_path":"/Users/bradyjeong/Documents/Projects/Amp/gta4/gta_game/gameplay_sim/Cargo.toml","target":{"kind":["lib"],"crate_types":["lib"],"name":"gameplay_sim","src_path":"/Users/bradyjeong/Documents/Projects/Amp/gta4/gta_game/gameplay_sim/src/lib.rs","edition":"2021","doc":true,"doctest":true,"test":true},"message":{"rendered":"warning: missing documentation for a struct field\n  --> gameplay_sim/src/systems/world/unified_world.rs:28:5\n   |\n28 |     pub max_chunks_per_frame: usize,\n   |     ^^^^^^^^^^^^^^^^^^^^^^^^^^^^^^^\n\n","$message_type":"diagnostic","children":[],"code":{"code":"missing_docs","explanation":null},"level":"warning","message":"missing documentation for a struct field","spans":[{"byte_end":1197,"byte_start":1166,"column_end":36,"column_start":5,"expansion":null,"file_name":"gameplay_sim/src/systems/world/unified_world.rs","is_primary":true,"label":null,"line_end":28,"line_start":28,"suggested_replacement":null,"suggestion_applicability":null,"text":[{"highlight_end":36,"highlight_start":5,"text":"    pub max_chunks_per_frame: usize,"}]}]}}
{"reason":"compiler-message","package_id":"path+file:///Users/bradyjeong/Documents/Projects/Amp/gta4/gta_game/gameplay_sim#0.1.0","manifest_path":"/Users/bradyjeong/Documents/Projects/Amp/gta4/gta_game/gameplay_sim/Cargo.toml","target":{"kind":["lib"],"crate_types":["lib"],"name":"gameplay_sim","src_path":"/Users/bradyjeong/Documents/Projects/Amp/gta4/gta_game/gameplay_sim/src/lib.rs","edition":"2021","doc":true,"doctest":true,"test":true},"message":{"rendered":"warning: missing documentation for a method\n   --> gameplay_sim/src/systems/timing_service.rs:135:5\n    |\n135 |     pub fn get_delta_time(&self) -> f32 {\n    |     ^^^^^^^^^^^^^^^^^^^^^^^^^^^^^^^^^^^\n\n","$message_type":"diagnostic","children":[],"code":{"code":"missing_docs","explanation":null},"level":"warning","message":"missing documentation for a method","spans":[{"byte_end":3990,"byte_start":3955,"column_end":40,"column_start":5,"expansion":null,"file_name":"gameplay_sim/src/systems/timing_service.rs","is_primary":true,"label":null,"line_end":135,"line_start":135,"suggested_replacement":null,"suggestion_applicability":null,"text":[{"highlight_end":40,"highlight_start":5,"text":"    pub fn get_delta_time(&self) -> f32 {"}]}]}}
{"reason":"compiler-message","package_id":"path+file:///Users/bradyjeong/Documents/Projects/Amp/gta4/gta_game/gameplay_sim#0.1.0","manifest_path":"/Users/bradyjeong/Documents/Projects/Amp/gta4/gta_game/gameplay_sim/Cargo.toml","target":{"kind":["lib"],"crate_types":["lib"],"name":"gameplay_sim","src_path":"/Users/bradyjeong/Documents/Projects/Amp/gta4/gta_game/gameplay_sim/src/lib.rs","edition":"2021","doc":true,"doctest":true,"test":true},"message":{"rendered":"warning: missing documentation for a type alias\n  --> gameplay_sim/src/systems/world/unified_world.rs:32:1\n   |\n32 | pub type UnifiedWorldManager = WorldManager;\n   | ^^^^^^^^^^^^^^^^^^^^^^^^^^^^\n\n","$message_type":"diagnostic","children":[],"code":{"code":"missing_docs","explanation":null},"level":"warning","message":"missing documentation for a type alias","spans":[{"byte_end":1248,"byte_start":1220,"column_end":29,"column_start":1,"expansion":null,"file_name":"gameplay_sim/src/systems/world/unified_world.rs","is_primary":true,"label":null,"line_end":32,"line_start":32,"suggested_replacement":null,"suggestion_applicability":null,"text":[{"highlight_end":29,"highlight_start":1,"text":"pub type UnifiedWorldManager = WorldManager;"}]}]}}
{"reason":"compiler-message","package_id":"path+file:///Users/bradyjeong/Documents/Projects/Amp/gta4/gta_game/gameplay_sim#0.1.0","manifest_path":"/Users/bradyjeong/Documents/Projects/Amp/gta4/gta_game/gameplay_sim/Cargo.toml","target":{"kind":["lib"],"crate_types":["lib"],"name":"gameplay_sim","src_path":"/Users/bradyjeong/Documents/Projects/Amp/gta4/gta_game/gameplay_sim/src/lib.rs","edition":"2021","doc":true,"doctest":true,"test":true},"message":{"rendered":"warning: missing documentation for a method\n   --> gameplay_sim/src/systems/timing_service.rs:139:5\n    |\n139 |     pub fn cleanup_old_timers(&mut self, max_age: f32) {\n    |     ^^^^^^^^^^^^^^^^^^^^^^^^^^^^^^^^^^^^^^^^^^^^^^^^^^\n\n","$message_type":"diagnostic","children":[],"code":{"code":"missing_docs","explanation":null},"level":"warning","message":"missing documentation for a method","spans":[{"byte_end":4082,"byte_start":4032,"column_end":55,"column_start":5,"expansion":null,"file_name":"gameplay_sim/src/systems/timing_service.rs","is_primary":true,"label":null,"line_end":139,"line_start":139,"suggested_replacement":null,"suggestion_applicability":null,"text":[{"highlight_end":55,"highlight_start":5,"text":"    pub fn cleanup_old_timers(&mut self, max_age: f32) {"}]}]}}
{"reason":"compiler-message","package_id":"path+file:///Users/bradyjeong/Documents/Projects/Amp/gta4/gta_game/gameplay_sim#0.1.0","manifest_path":"/Users/bradyjeong/Documents/Projects/Amp/gta4/gta_game/gameplay_sim/Cargo.toml","target":{"kind":["lib"],"crate_types":["lib"],"name":"gameplay_sim","src_path":"/Users/bradyjeong/Documents/Projects/Amp/gta4/gta_game/gameplay_sim/src/lib.rs","edition":"2021","doc":true,"doctest":true,"test":true},"message":{"rendered":"warning: missing documentation for an associated function\n  --> gameplay_sim/src/systems/world/unified_world.rs:40:5\n   |\n40 |     fn from_world_pos_local(world_pos: Vec3) -> Self;\n   |     ^^^^^^^^^^^^^^^^^^^^^^^^^^^^^^^^^^^^^^^^^^^^^^^^^\n\n","$message_type":"diagnostic","children":[],"code":{"code":"missing_docs","explanation":null},"level":"warning","message":"missing documentation for an associated function","spans":[{"byte_end":1539,"byte_start":1490,"column_end":54,"column_start":5,"expansion":null,"file_name":"gameplay_sim/src/systems/world/unified_world.rs","is_primary":true,"label":null,"line_end":40,"line_start":40,"suggested_replacement":null,"suggestion_applicability":null,"text":[{"highlight_end":54,"highlight_start":5,"text":"    fn from_world_pos_local(world_pos: Vec3) -> Self;"}]}]}}
{"reason":"compiler-message","package_id":"path+file:///Users/bradyjeong/Documents/Projects/Amp/gta4/gta_game/gameplay_sim#0.1.0","manifest_path":"/Users/bradyjeong/Documents/Projects/Amp/gta4/gta_game/gameplay_sim/Cargo.toml","target":{"kind":["lib"],"crate_types":["lib"],"name":"gameplay_sim","src_path":"/Users/bradyjeong/Documents/Projects/Amp/gta4/gta_game/gameplay_sim/src/lib.rs","edition":"2021","doc":true,"doctest":true,"test":true},"message":{"rendered":"warning: missing documentation for an associated function\n   --> gameplay_sim/src/systems/timing_service.rs:148:5\n    |\n148 |     pub fn new(timer_type: EntityTimerType, interval: f32) -> Self {\n    |     ^^^^^^^^^^^^^^^^^^^^^^^^^^^^^^^^^^^^^^^^^^^^^^^^^^^^^^^^^^^^^^\n\n","$message_type":"diagnostic","children":[],"code":{"code":"missing_docs","explanation":null},"level":"warning","message":"missing documentation for an associated function","spans":[{"byte_end":4339,"byte_start":4277,"column_end":67,"column_start":5,"expansion":null,"file_name":"gameplay_sim/src/systems/timing_service.rs","is_primary":true,"label":null,"line_end":148,"line_start":148,"suggested_replacement":null,"suggestion_applicability":null,"text":[{"highlight_end":67,"highlight_start":5,"text":"    pub fn new(timer_type: EntityTimerType, interval: f32) -> Self {"}]}]}}
{"reason":"compiler-message","package_id":"path+file:///Users/bradyjeong/Documents/Projects/Amp/gta4/gta_game/gameplay_sim#0.1.0","manifest_path":"/Users/bradyjeong/Documents/Projects/Amp/gta4/gta_game/gameplay_sim/Cargo.toml","target":{"kind":["lib"],"crate_types":["lib"],"name":"gameplay_sim","src_path":"/Users/bradyjeong/Documents/Projects/Amp/gta4/gta_game/gameplay_sim/src/lib.rs","edition":"2021","doc":true,"doctest":true,"test":true},"message":{"rendered":"warning: missing documentation for a method\n  --> gameplay_sim/src/systems/world/unified_world.rs:41:5\n   |\n41 |     fn to_world_pos_local(&self) -> Vec3;\n   |     ^^^^^^^^^^^^^^^^^^^^^^^^^^^^^^^^^^^^^\n\n","$message_type":"diagnostic","children":[],"code":{"code":"missing_docs","explanation":null},"level":"warning","message":"missing documentation for a method","spans":[{"byte_end":1581,"byte_start":1544,"column_end":42,"column_start":5,"expansion":null,"file_name":"gameplay_sim/src/systems/world/unified_world.rs","is_primary":true,"label":null,"line_end":41,"line_start":41,"suggested_replacement":null,"suggestion_applicability":null,"text":[{"highlight_end":42,"highlight_start":5,"text":"    fn to_world_pos_local(&self) -> Vec3;"}]}]}}
{"reason":"compiler-message","package_id":"path+file:///Users/bradyjeong/Documents/Projects/Amp/gta4/gta_game/gameplay_sim#0.1.0","manifest_path":"/Users/bradyjeong/Documents/Projects/Amp/gta4/gta_game/gameplay_sim/Cargo.toml","target":{"kind":["lib"],"crate_types":["lib"],"name":"gameplay_sim","src_path":"/Users/bradyjeong/Documents/Projects/Amp/gta4/gta_game/gameplay_sim/src/lib.rs","edition":"2021","doc":true,"doctest":true,"test":true},"message":{"rendered":"warning: missing documentation for a function\n   --> gameplay_sim/src/systems/timing_service.rs:157:1\n    |\n157 | / pub fn timing_service_update_system(\n158 | |     mut timing_service: ResMut<TimingService>,\n159 | |     time: Res<Time>,\n160 | | ) {\n    | |_^\n\n","$message_type":"diagnostic","children":[],"code":{"code":"missing_docs","explanation":null},"level":"warning","message":"missing documentation for a function","spans":[{"byte_end":4558,"byte_start":4452,"column_end":2,"column_start":1,"expansion":null,"file_name":"gameplay_sim/src/systems/timing_service.rs","is_primary":true,"label":null,"line_end":160,"line_start":157,"suggested_replacement":null,"suggestion_applicability":null,"text":[{"highlight_end":37,"highlight_start":1,"text":"pub fn timing_service_update_system("},{"highlight_end":47,"highlight_start":1,"text":"    mut timing_service: ResMut<TimingService>,"},{"highlight_end":21,"highlight_start":1,"text":"    time: Res<Time>,"},{"highlight_end":2,"highlight_start":1,"text":") {"}]}]}}
{"reason":"compiler-message","package_id":"path+file:///Users/bradyjeong/Documents/Projects/Amp/gta4/gta_game/gameplay_sim#0.1.0","manifest_path":"/Users/bradyjeong/Documents/Projects/Amp/gta4/gta_game/gameplay_sim/Cargo.toml","target":{"kind":["lib"],"crate_types":["lib"],"name":"gameplay_sim","src_path":"/Users/bradyjeong/Documents/Projects/Amp/gta4/gta_game/gameplay_sim/src/lib.rs","edition":"2021","doc":true,"doctest":true,"test":true},"message":{"rendered":"warning: missing documentation for a struct\n  --> gameplay_sim/src/systems/world/unified_world.rs:55:1\n   |\n55 | pub struct ChunkData {\n   | ^^^^^^^^^^^^^^^^^^^^\n\n","$message_type":"diagnostic","children":[],"code":{"code":"missing_docs","explanation":null},"level":"warning","message":"missing documentation for a struct","spans":[{"byte_end":1868,"byte_start":1848,"column_end":21,"column_start":1,"expansion":null,"file_name":"gameplay_sim/src/systems/world/unified_world.rs","is_primary":true,"label":null,"line_end":55,"line_start":55,"suggested_replacement":null,"suggestion_applicability":null,"text":[{"highlight_end":21,"highlight_start":1,"text":"pub struct ChunkData {"}]}]}}
{"reason":"compiler-message","package_id":"path+file:///Users/bradyjeong/Documents/Projects/Amp/gta4/gta_game/gameplay_sim#0.1.0","manifest_path":"/Users/bradyjeong/Documents/Projects/Amp/gta4/gta_game/gameplay_sim/Cargo.toml","target":{"kind":["lib"],"crate_types":["lib"],"name":"gameplay_sim","src_path":"/Users/bradyjeong/Documents/Projects/Amp/gta4/gta_game/gameplay_sim/src/lib.rs","edition":"2021","doc":true,"doctest":true,"test":true},"message":{"rendered":"warning: missing documentation for a function\n   --> gameplay_sim/src/systems/timing_service.rs:164:1\n    |\n164 | / pub fn timing_service_cleanup_system(\n165 | |     mut timing_service: ResMut<TimingService>,\n166 | | ) {\n    | |_^\n\n","$message_type":"diagnostic","children":[],"code":{"code":"missing_docs","explanation":null},"level":"warning","message":"missing documentation for a function","spans":[{"byte_end":4684,"byte_start":4598,"column_end":2,"column_start":1,"expansion":null,"file_name":"gameplay_sim/src/systems/timing_service.rs","is_primary":true,"label":null,"line_end":166,"line_start":164,"suggested_replacement":null,"suggestion_applicability":null,"text":[{"highlight_end":38,"highlight_start":1,"text":"pub fn timing_service_cleanup_system("},{"highlight_end":47,"highlight_start":1,"text":"    mut timing_service: ResMut<TimingService>,"},{"highlight_end":2,"highlight_start":1,"text":") {"}]}]}}
{"reason":"compiler-message","package_id":"path+file:///Users/bradyjeong/Documents/Projects/Amp/gta4/gta_game/gameplay_sim#0.1.0","manifest_path":"/Users/bradyjeong/Documents/Projects/Amp/gta4/gta_game/gameplay_sim/Cargo.toml","target":{"kind":["lib"],"crate_types":["lib"],"name":"gameplay_sim","src_path":"/Users/bradyjeong/Documents/Projects/Amp/gta4/gta_game/gameplay_sim/src/lib.rs","edition":"2021","doc":true,"doctest":true,"test":true},"message":{"rendered":"warning: missing documentation for a struct field\n  --> gameplay_sim/src/systems/world/unified_world.rs:56:5\n   |\n56 |     pub entities: Vec<Entity>,\n   |     ^^^^^^^^^^^^^^^^^^^^^^^^^\n\n","$message_type":"diagnostic","children":[],"code":{"code":"missing_docs","explanation":null},"level":"warning","message":"missing documentation for a struct field","spans":[{"byte_end":1900,"byte_start":1875,"column_end":30,"column_start":5,"expansion":null,"file_name":"gameplay_sim/src/systems/world/unified_world.rs","is_primary":true,"label":null,"line_end":56,"line_start":56,"suggested_replacement":null,"suggestion_applicability":null,"text":[{"highlight_end":30,"highlight_start":5,"text":"    pub entities: Vec<Entity>,"}]}]}}
{"reason":"compiler-message","package_id":"path+file:///Users/bradyjeong/Documents/Projects/Amp/gta4/gta_game/gameplay_sim#0.1.0","manifest_path":"/Users/bradyjeong/Documents/Projects/Amp/gta4/gta_game/gameplay_sim/Cargo.toml","target":{"kind":["lib"],"crate_types":["lib"],"name":"gameplay_sim","src_path":"/Users/bradyjeong/Documents/Projects/Amp/gta4/gta_game/gameplay_sim/src/lib.rs","edition":"2021","doc":true,"doctest":true,"test":true},"message":{"rendered":"warning: missing documentation for a function\n   --> gameplay_sim/src/systems/timing_service.rs:172:1\n    |\n172 | pub fn update_timing_service() {\n    | ^^^^^^^^^^^^^^^^^^^^^^^^^^^^^^\n\n","$message_type":"diagnostic","children":[],"code":{"code":"missing_docs","explanation":null},"level":"warning","message":"missing documentation for a function","spans":[{"byte_end":4850,"byte_start":4820,"column_end":31,"column_start":1,"expansion":null,"file_name":"gameplay_sim/src/systems/timing_service.rs","is_primary":true,"label":null,"line_end":172,"line_start":172,"suggested_replacement":null,"suggestion_applicability":null,"text":[{"highlight_end":31,"highlight_start":1,"text":"pub fn update_timing_service() {"}]}]}}
{"reason":"compiler-message","package_id":"path+file:///Users/bradyjeong/Documents/Projects/Amp/gta4/gta_game/gameplay_sim#0.1.0","manifest_path":"/Users/bradyjeong/Documents/Projects/Amp/gta4/gta_game/gameplay_sim/Cargo.toml","target":{"kind":["lib"],"crate_types":["lib"],"name":"gameplay_sim","src_path":"/Users/bradyjeong/Documents/Projects/Amp/gta4/gta_game/gameplay_sim/src/lib.rs","edition":"2021","doc":true,"doctest":true,"test":true},"message":{"rendered":"warning: missing documentation for a struct field\n  --> gameplay_sim/src/systems/world/unified_world.rs:57:5\n   |\n57 |     pub last_updated: f32,\n   |     ^^^^^^^^^^^^^^^^^^^^^\n\n","$message_type":"diagnostic","children":[],"code":{"code":"missing_docs","explanation":null},"level":"warning","message":"missing documentation for a struct field","spans":[{"byte_end":1927,"byte_start":1906,"column_end":26,"column_start":5,"expansion":null,"file_name":"gameplay_sim/src/systems/world/unified_world.rs","is_primary":true,"label":null,"line_end":57,"line_start":57,"suggested_replacement":null,"suggestion_applicability":null,"text":[{"highlight_end":26,"highlight_start":5,"text":"    pub last_updated: f32,"}]}]}}
{"reason":"compiler-message","package_id":"path+file:///Users/bradyjeong/Documents/Projects/Amp/gta4/gta_game/gameplay_sim#0.1.0","manifest_path":"/Users/bradyjeong/Documents/Projects/Amp/gta4/gta_game/gameplay_sim/Cargo.toml","target":{"kind":["lib"],"crate_types":["lib"],"name":"gameplay_sim","src_path":"/Users/bradyjeong/Documents/Projects/Amp/gta4/gta_game/gameplay_sim/src/lib.rs","edition":"2021","doc":true,"doctest":true,"test":true},"message":{"rendered":"warning: missing documentation for a function\n   --> gameplay_sim/src/systems/timing_service.rs:176:1\n    |\n176 | pub fn cleanup_timing_service() {\n    | ^^^^^^^^^^^^^^^^^^^^^^^^^^^^^^^\n\n","$message_type":"diagnostic","children":[],"code":{"code":"missing_docs","explanation":null},"level":"warning","message":"missing documentation for a function","spans":[{"byte_end":4945,"byte_start":4914,"column_end":32,"column_start":1,"expansion":null,"file_name":"gameplay_sim/src/systems/timing_service.rs","is_primary":true,"label":null,"line_end":176,"line_start":176,"suggested_replacement":null,"suggestion_applicability":null,"text":[{"highlight_end":32,"highlight_start":1,"text":"pub fn cleanup_timing_service() {"}]}]}}
{"reason":"compiler-message","package_id":"path+file:///Users/bradyjeong/Documents/Projects/Amp/gta4/gta_game/gameplay_sim#0.1.0","manifest_path":"/Users/bradyjeong/Documents/Projects/Amp/gta4/gta_game/gameplay_sim/Cargo.toml","target":{"kind":["lib"],"crate_types":["lib"],"name":"gameplay_sim","src_path":"/Users/bradyjeong/Documents/Projects/Amp/gta4/gta_game/gameplay_sim/src/lib.rs","edition":"2021","doc":true,"doctest":true,"test":true},"message":{"rendered":"warning: missing documentation for a struct field\n  --> gameplay_sim/src/systems/world/unified_world.rs:58:5\n   |\n58 |     pub is_loaded: bool,\n   |     ^^^^^^^^^^^^^^^^^^^\n\n","$message_type":"diagnostic","children":[],"code":{"code":"missing_docs","explanation":null},"level":"warning","message":"missing documentation for a struct field","spans":[{"byte_end":1952,"byte_start":1933,"column_end":24,"column_start":5,"expansion":null,"file_name":"gameplay_sim/src/systems/world/unified_world.rs","is_primary":true,"label":null,"line_end":58,"line_start":58,"suggested_replacement":null,"suggestion_applicability":null,"text":[{"highlight_end":24,"highlight_start":5,"text":"    pub is_loaded: bool,"}]}]}}
{"reason":"compiler-message","package_id":"path+file:///Users/bradyjeong/Documents/Projects/Amp/gta4/gta_game/gameplay_sim#0.1.0","manifest_path":"/Users/bradyjeong/Documents/Projects/Amp/gta4/gta_game/gameplay_sim/Cargo.toml","target":{"kind":["lib"],"crate_types":["lib"],"name":"gameplay_sim","src_path":"/Users/bradyjeong/Documents/Projects/Amp/gta4/gta_game/gameplay_sim/src/lib.rs","edition":"2021","doc":true,"doctest":true,"test":true},"message":{"rendered":"warning: missing documentation for a struct\n   --> gameplay_sim/src/systems/timing_service.rs:182:1\n    |\n182 | pub struct ManagedTiming {\n    | ^^^^^^^^^^^^^^^^^^^^^^^^\n\n","$message_type":"diagnostic","children":[],"code":{"code":"missing_docs","explanation":null},"level":"warning","message":"missing documentation for a struct","spans":[{"byte_end":5116,"byte_start":5092,"column_end":25,"column_start":1,"expansion":null,"file_name":"gameplay_sim/src/systems/timing_service.rs","is_primary":true,"label":null,"line_end":182,"line_start":182,"suggested_replacement":null,"suggestion_applicability":null,"text":[{"highlight_end":25,"highlight_start":1,"text":"pub struct ManagedTiming {"}]}]}}
{"reason":"compiler-message","package_id":"path+file:///Users/bradyjeong/Documents/Projects/Amp/gta4/gta_game/gameplay_sim#0.1.0","manifest_path":"/Users/bradyjeong/Documents/Projects/Amp/gta4/gta_game/gameplay_sim/Cargo.toml","target":{"kind":["lib"],"crate_types":["lib"],"name":"gameplay_sim","src_path":"/Users/bradyjeong/Documents/Projects/Amp/gta4/gta_game/gameplay_sim/src/lib.rs","edition":"2021","doc":true,"doctest":true,"test":true},"message":{"rendered":"warning: missing documentation for a struct field\n  --> gameplay_sim/src/systems/world/unified_world.rs:59:5\n   |\n59 |     pub distance_to_player: f32,\n   |     ^^^^^^^^^^^^^^^^^^^^^^^^^^^\n\n","$message_type":"diagnostic","children":[],"code":{"code":"missing_docs","explanation":null},"level":"warning","message":"missing documentation for a struct field","spans":[{"byte_end":1985,"byte_start":1958,"column_end":32,"column_start":5,"expansion":null,"file_name":"gameplay_sim/src/systems/world/unified_world.rs","is_primary":true,"label":null,"line_end":59,"line_start":59,"suggested_replacement":null,"suggestion_applicability":null,"text":[{"highlight_end":32,"highlight_start":5,"text":"    pub distance_to_player: f32,"}]}]}}
{"reason":"compiler-message","package_id":"path+file:///Users/bradyjeong/Documents/Projects/Amp/gta4/gta_game/gameplay_sim#0.1.0","manifest_path":"/Users/bradyjeong/Documents/Projects/Amp/gta4/gta_game/gameplay_sim/Cargo.toml","target":{"kind":["lib"],"crate_types":["lib"],"name":"gameplay_sim","src_path":"/Users/bradyjeong/Documents/Projects/Amp/gta4/gta_game/gameplay_sim/src/lib.rs","edition":"2021","doc":true,"doctest":true,"test":true},"message":{"rendered":"warning: missing documentation for a struct field\n   --> gameplay_sim/src/systems/timing_service.rs:183:5\n    |\n183 |     pub last_update: f32,\n    |     ^^^^^^^^^^^^^^^^^^^^\n\n","$message_type":"diagnostic","children":[],"code":{"code":"missing_docs","explanation":null},"level":"warning","message":"missing documentation for a struct field","spans":[{"byte_end":5143,"byte_start":5123,"column_end":25,"column_start":5,"expansion":null,"file_name":"gameplay_sim/src/systems/timing_service.rs","is_primary":true,"label":null,"line_end":183,"line_start":183,"suggested_replacement":null,"suggestion_applicability":null,"text":[{"highlight_end":25,"highlight_start":5,"text":"    pub last_update: f32,"}]}]}}
{"reason":"compiler-message","package_id":"path+file:///Users/bradyjeong/Documents/Projects/Amp/gta4/gta_game/gameplay_sim#0.1.0","manifest_path":"/Users/bradyjeong/Documents/Projects/Amp/gta4/gta_game/gameplay_sim/Cargo.toml","target":{"kind":["lib"],"crate_types":["lib"],"name":"gameplay_sim","src_path":"/Users/bradyjeong/Documents/Projects/Amp/gta4/gta_game/gameplay_sim/src/lib.rs","edition":"2021","doc":true,"doctest":true,"test":true},"message":{"rendered":"warning: missing documentation for a struct field\n  --> gameplay_sim/src/systems/world/unified_world.rs:60:5\n   |\n60 |     pub state: ChunkState,\n   |     ^^^^^^^^^^^^^^^^^^^^^\n\n","$message_type":"diagnostic","children":[],"code":{"code":"missing_docs","explanation":null},"level":"warning","message":"missing documentation for a struct field","spans":[{"byte_end":2012,"byte_start":1991,"column_end":26,"column_start":5,"expansion":null,"file_name":"gameplay_sim/src/systems/world/unified_world.rs","is_primary":true,"label":null,"line_end":60,"line_start":60,"suggested_replacement":null,"suggestion_applicability":null,"text":[{"highlight_end":26,"highlight_start":5,"text":"    pub state: ChunkState,"}]}]}}
{"reason":"compiler-message","package_id":"path+file:///Users/bradyjeong/Documents/Projects/Amp/gta4/gta_game/gameplay_sim#0.1.0","manifest_path":"/Users/bradyjeong/Documents/Projects/Amp/gta4/gta_game/gameplay_sim/Cargo.toml","target":{"kind":["lib"],"crate_types":["lib"],"name":"gameplay_sim","src_path":"/Users/bradyjeong/Documents/Projects/Amp/gta4/gta_game/gameplay_sim/src/lib.rs","edition":"2021","doc":true,"doctest":true,"test":true},"message":{"rendered":"warning: missing documentation for a struct field\n   --> gameplay_sim/src/systems/timing_service.rs:184:5\n    |\n184 |     pub update_interval: f32,\n    |     ^^^^^^^^^^^^^^^^^^^^^^^^\n\n","$message_type":"diagnostic","children":[],"code":{"code":"missing_docs","explanation":null},"level":"warning","message":"missing documentation for a struct field","spans":[{"byte_end":5173,"byte_start":5149,"column_end":29,"column_start":5,"expansion":null,"file_name":"gameplay_sim/src/systems/timing_service.rs","is_primary":true,"label":null,"line_end":184,"line_start":184,"suggested_replacement":null,"suggestion_applicability":null,"text":[{"highlight_end":29,"highlight_start":5,"text":"    pub update_interval: f32,"}]}]}}
{"reason":"compiler-message","package_id":"path+file:///Users/bradyjeong/Documents/Projects/Amp/gta4/gta_game/gameplay_sim#0.1.0","manifest_path":"/Users/bradyjeong/Documents/Projects/Amp/gta4/gta_game/gameplay_sim/Cargo.toml","target":{"kind":["lib"],"crate_types":["lib"],"name":"gameplay_sim","src_path":"/Users/bradyjeong/Documents/Projects/Amp/gta4/gta_game/gameplay_sim/src/lib.rs","edition":"2021","doc":true,"doctest":true,"test":true},"message":{"rendered":"warning: missing documentation for a struct field\n  --> gameplay_sim/src/systems/world/unified_world.rs:61:5\n   |\n61 |     pub coord: ChunkCoord,\n   |     ^^^^^^^^^^^^^^^^^^^^^\n\n","$message_type":"diagnostic","children":[],"code":{"code":"missing_docs","explanation":null},"level":"warning","message":"missing documentation for a struct field","spans":[{"byte_end":2039,"byte_start":2018,"column_end":26,"column_start":5,"expansion":null,"file_name":"gameplay_sim/src/systems/world/unified_world.rs","is_primary":true,"label":null,"line_end":61,"line_start":61,"suggested_replacement":null,"suggestion_applicability":null,"text":[{"highlight_end":26,"highlight_start":5,"text":"    pub coord: ChunkCoord,"}]}]}}
{"reason":"compiler-message","package_id":"path+file:///Users/bradyjeong/Documents/Projects/Amp/gta4/gta_game/gameplay_sim#0.1.0","manifest_path":"/Users/bradyjeong/Documents/Projects/Amp/gta4/gta_game/gameplay_sim/Cargo.toml","target":{"kind":["lib"],"crate_types":["lib"],"name":"gameplay_sim","src_path":"/Users/bradyjeong/Documents/Projects/Amp/gta4/gta_game/gameplay_sim/src/lib.rs","edition":"2021","doc":true,"doctest":true,"test":true},"message":{"rendered":"warning: missing documentation for a struct field\n   --> gameplay_sim/src/systems/timing_service.rs:185:5\n    |\n185 |     pub timer_type: EntityTimerType,\n    |     ^^^^^^^^^^^^^^^^^^^^^^^^^^^^^^^\n\n","$message_type":"diagnostic","children":[],"code":{"code":"missing_docs","explanation":null},"level":"warning","message":"missing documentation for a struct field","spans":[{"byte_end":5210,"byte_start":5179,"column_end":36,"column_start":5,"expansion":null,"file_name":"gameplay_sim/src/systems/timing_service.rs","is_primary":true,"label":null,"line_end":185,"line_start":185,"suggested_replacement":null,"suggestion_applicability":null,"text":[{"highlight_end":36,"highlight_start":5,"text":"    pub timer_type: EntityTimerType,"}]}]}}
{"reason":"compiler-message","package_id":"path+file:///Users/bradyjeong/Documents/Projects/Amp/gta4/gta_game/gameplay_sim#0.1.0","manifest_path":"/Users/bradyjeong/Documents/Projects/Amp/gta4/gta_game/gameplay_sim/Cargo.toml","target":{"kind":["lib"],"crate_types":["lib"],"name":"gameplay_sim","src_path":"/Users/bradyjeong/Documents/Projects/Amp/gta4/gta_game/gameplay_sim/src/lib.rs","edition":"2021","doc":true,"doctest":true,"test":true},"message":{"rendered":"warning: missing documentation for a struct field\n  --> gameplay_sim/src/systems/world/unified_world.rs:62:5\n   |\n62 |     pub last_update: f32,\n   |     ^^^^^^^^^^^^^^^^^^^^\n\n","$message_type":"diagnostic","children":[],"code":{"code":"missing_docs","explanation":null},"level":"warning","message":"missing documentation for a struct field","spans":[{"byte_end":2065,"byte_start":2045,"column_end":25,"column_start":5,"expansion":null,"file_name":"gameplay_sim/src/systems/world/unified_world.rs","is_primary":true,"label":null,"line_end":62,"line_start":62,"suggested_replacement":null,"suggestion_applicability":null,"text":[{"highlight_end":25,"highlight_start":5,"text":"    pub last_update: f32,"}]}]}}
{"reason":"compiler-message","package_id":"path+file:///Users/bradyjeong/Documents/Projects/Amp/gta4/gta_game/gameplay_sim#0.1.0","manifest_path":"/Users/bradyjeong/Documents/Projects/Amp/gta4/gta_game/gameplay_sim/Cargo.toml","target":{"kind":["lib"],"crate_types":["lib"],"name":"gameplay_sim","src_path":"/Users/bradyjeong/Documents/Projects/Amp/gta4/gta_game/gameplay_sim/src/lib.rs","edition":"2021","doc":true,"doctest":true,"test":true},"message":{"rendered":"warning: missing documentation for an associated function\n   --> gameplay_sim/src/systems/timing_service.rs:199:5\n    |\n199 |     pub fn new(timer_type: EntityTimerType) -> Self {\n    |     ^^^^^^^^^^^^^^^^^^^^^^^^^^^^^^^^^^^^^^^^^^^^^^^\n\n","$message_type":"diagnostic","children":[],"code":{"code":"missing_docs","explanation":null},"level":"warning","message":"missing documentation for an associated function","spans":[{"byte_end":5496,"byte_start":5449,"column_end":52,"column_start":5,"expansion":null,"file_name":"gameplay_sim/src/systems/timing_service.rs","is_primary":true,"label":null,"line_end":199,"line_start":199,"suggested_replacement":null,"suggestion_applicability":null,"text":[{"highlight_end":52,"highlight_start":5,"text":"    pub fn new(timer_type: EntityTimerType) -> Self {"}]}]}}
{"reason":"compiler-message","package_id":"path+file:///Users/bradyjeong/Documents/Projects/Amp/gta4/gta_game/gameplay_sim#0.1.0","manifest_path":"/Users/bradyjeong/Documents/Projects/Amp/gta4/gta_game/gameplay_sim/Cargo.toml","target":{"kind":["lib"],"crate_types":["lib"],"name":"gameplay_sim","src_path":"/Users/bradyjeong/Documents/Projects/Amp/gta4/gta_game/gameplay_sim/src/lib.rs","edition":"2021","doc":true,"doctest":true,"test":true},"message":{"rendered":"warning: missing documentation for a struct field\n  --> gameplay_sim/src/systems/world/unified_world.rs:63:5\n   |\n63 |     pub entity_count: usize,\n   |     ^^^^^^^^^^^^^^^^^^^^^^^\n\n","$message_type":"diagnostic","children":[],"code":{"code":"missing_docs","explanation":null},"level":"warning","message":"missing documentation for a struct field","spans":[{"byte_end":2094,"byte_start":2071,"column_end":28,"column_start":5,"expansion":null,"file_name":"gameplay_sim/src/systems/world/unified_world.rs","is_primary":true,"label":null,"line_end":63,"line_start":63,"suggested_replacement":null,"suggestion_applicability":null,"text":[{"highlight_end":28,"highlight_start":5,"text":"    pub entity_count: usize,"}]}]}}
{"reason":"compiler-message","package_id":"path+file:///Users/bradyjeong/Documents/Projects/Amp/gta4/gta_game/gameplay_sim#0.1.0","manifest_path":"/Users/bradyjeong/Documents/Projects/Amp/gta4/gta_game/gameplay_sim/Cargo.toml","target":{"kind":["lib"],"crate_types":["lib"],"name":"gameplay_sim","src_path":"/Users/bradyjeong/Documents/Projects/Amp/gta4/gta_game/gameplay_sim/src/lib.rs","edition":"2021","doc":true,"doctest":true,"test":true},"message":{"rendered":"warning: missing documentation for a function\n --> gameplay_sim/src/systems/performance_monitor.rs:6:1\n  |\n6 | pub fn setup_performance_monitor() {\n  | ^^^^^^^^^^^^^^^^^^^^^^^^^^^^^^^^^^\n\n","$message_type":"diagnostic","children":[],"code":{"code":"missing_docs","explanation":null},"level":"warning","message":"missing documentation for a function","spans":[{"byte_end":153,"byte_start":119,"column_end":35,"column_start":1,"expansion":null,"file_name":"gameplay_sim/src/systems/performance_monitor.rs","is_primary":true,"label":null,"line_end":6,"line_start":6,"suggested_replacement":null,"suggestion_applicability":null,"text":[{"highlight_end":35,"highlight_start":1,"text":"pub fn setup_performance_monitor() {"}]}]}}
{"reason":"compiler-message","package_id":"path+file:///Users/bradyjeong/Documents/Projects/Amp/gta4/gta_game/gameplay_sim#0.1.0","manifest_path":"/Users/bradyjeong/Documents/Projects/Amp/gta4/gta_game/gameplay_sim/Cargo.toml","target":{"kind":["lib"],"crate_types":["lib"],"name":"gameplay_sim","src_path":"/Users/bradyjeong/Documents/Projects/Amp/gta4/gta_game/gameplay_sim/src/lib.rs","edition":"2021","doc":true,"doctest":true,"test":true},"message":{"rendered":"warning: missing documentation for a struct field\n  --> gameplay_sim/src/systems/world/unified_world.rs:64:5\n   |\n64 |     pub roads_generated: bool,\n   |     ^^^^^^^^^^^^^^^^^^^^^^^^^\n\n","$message_type":"diagnostic","children":[],"code":{"code":"missing_docs","explanation":null},"level":"warning","message":"missing documentation for a struct field","spans":[{"byte_end":2125,"byte_start":2100,"column_end":30,"column_start":5,"expansion":null,"file_name":"gameplay_sim/src/systems/world/unified_world.rs","is_primary":true,"label":null,"line_end":64,"line_start":64,"suggested_replacement":null,"suggestion_applicability":null,"text":[{"highlight_end":30,"highlight_start":5,"text":"    pub roads_generated: bool,"}]}]}}
{"reason":"compiler-message","package_id":"path+file:///Users/bradyjeong/Documents/Projects/Amp/gta4/gta_game/gameplay_sim#0.1.0","manifest_path":"/Users/bradyjeong/Documents/Projects/Amp/gta4/gta_game/gameplay_sim/Cargo.toml","target":{"kind":["lib"],"crate_types":["lib"],"name":"gameplay_sim","src_path":"/Users/bradyjeong/Documents/Projects/Amp/gta4/gta_game/gameplay_sim/src/lib.rs","edition":"2021","doc":true,"doctest":true,"test":true},"message":{"rendered":"warning: missing documentation for a struct\n  --> gameplay_sim/src/systems/performance_monitor.rs:10:1\n   |\n10 | pub struct PerformanceMonitor;\n   | ^^^^^^^^^^^^^^^^^^^^^^^^^^^^^\n\n","$message_type":"diagnostic","children":[],"code":{"code":"missing_docs","explanation":null},"level":"warning","message":"missing documentation for a struct","spans":[{"byte_end":246,"byte_start":217,"column_end":30,"column_start":1,"expansion":null,"file_name":"gameplay_sim/src/systems/performance_monitor.rs","is_primary":true,"label":null,"line_end":10,"line_start":10,"suggested_replacement":null,"suggestion_applicability":null,"text":[{"highlight_end":30,"highlight_start":1,"text":"pub struct PerformanceMonitor;"}]}]}}
{"reason":"compiler-message","package_id":"path+file:///Users/bradyjeong/Documents/Projects/Amp/gta4/gta_game/gameplay_sim#0.1.0","manifest_path":"/Users/bradyjeong/Documents/Projects/Amp/gta4/gta_game/gameplay_sim/Cargo.toml","target":{"kind":["lib"],"crate_types":["lib"],"name":"gameplay_sim","src_path":"/Users/bradyjeong/Documents/Projects/Amp/gta4/gta_game/gameplay_sim/src/lib.rs","edition":"2021","doc":true,"doctest":true,"test":true},"message":{"rendered":"warning: missing documentation for a struct field\n  --> gameplay_sim/src/systems/world/unified_world.rs:65:5\n   |\n65 |     pub buildings_generated: bool,\n   |     ^^^^^^^^^^^^^^^^^^^^^^^^^^^^^\n\n","$message_type":"diagnostic","children":[],"code":{"code":"missing_docs","explanation":null},"level":"warning","message":"missing documentation for a struct field","spans":[{"byte_end":2160,"byte_start":2131,"column_end":34,"column_start":5,"expansion":null,"file_name":"gameplay_sim/src/systems/world/unified_world.rs","is_primary":true,"label":null,"line_end":65,"line_start":65,"suggested_replacement":null,"suggestion_applicability":null,"text":[{"highlight_end":34,"highlight_start":5,"text":"    pub buildings_generated: bool,"}]}]}}
{"reason":"compiler-message","package_id":"path+file:///Users/bradyjeong/Documents/Projects/Amp/gta4/gta_game/gameplay_sim#0.1.0","manifest_path":"/Users/bradyjeong/Documents/Projects/Amp/gta4/gta_game/gameplay_sim/Cargo.toml","target":{"kind":["lib"],"crate_types":["lib"],"name":"gameplay_sim","src_path":"/Users/bradyjeong/Documents/Projects/Amp/gta4/gta_game/gameplay_sim/src/lib.rs","edition":"2021","doc":true,"doctest":true,"test":true},"message":{"rendered":"warning: missing documentation for a struct\n --> gameplay_sim/src/systems/audio.rs:7:1\n  |\n7 | pub struct FootstepTimer {\n  | ^^^^^^^^^^^^^^^^^^^^^^^^\n\n","$message_type":"diagnostic","children":[],"code":{"code":"missing_docs","explanation":null},"level":"warning","message":"missing documentation for a struct","spans":[{"byte_end":139,"byte_start":115,"column_end":25,"column_start":1,"expansion":null,"file_name":"gameplay_sim/src/systems/audio.rs","is_primary":true,"label":null,"line_end":7,"line_start":7,"suggested_replacement":null,"suggestion_applicability":null,"text":[{"highlight_end":25,"highlight_start":1,"text":"pub struct FootstepTimer {"}]}]}}
{"reason":"compiler-message","package_id":"path+file:///Users/bradyjeong/Documents/Projects/Amp/gta4/gta_game/gameplay_sim#0.1.0","manifest_path":"/Users/bradyjeong/Documents/Projects/Amp/gta4/gta_game/gameplay_sim/Cargo.toml","target":{"kind":["lib"],"crate_types":["lib"],"name":"gameplay_sim","src_path":"/Users/bradyjeong/Documents/Projects/Amp/gta4/gta_game/gameplay_sim/src/lib.rs","edition":"2021","doc":true,"doctest":true,"test":true},"message":{"rendered":"warning: missing documentation for a struct field\n  --> gameplay_sim/src/systems/world/unified_world.rs:66:5\n   |\n66 |     pub vehicles_generated: bool,\n   |     ^^^^^^^^^^^^^^^^^^^^^^^^^^^^\n\n","$message_type":"diagnostic","children":[],"code":{"code":"missing_docs","explanation":null},"level":"warning","message":"missing documentation for a struct field","spans":[{"byte_end":2194,"byte_start":2166,"column_end":33,"column_start":5,"expansion":null,"file_name":"gameplay_sim/src/systems/world/unified_world.rs","is_primary":true,"label":null,"line_end":66,"line_start":66,"suggested_replacement":null,"suggestion_applicability":null,"text":[{"highlight_end":33,"highlight_start":5,"text":"    pub vehicles_generated: bool,"}]}]}}
{"reason":"compiler-message","package_id":"path+file:///Users/bradyjeong/Documents/Projects/Amp/gta4/gta_game/gameplay_sim#0.1.0","manifest_path":"/Users/bradyjeong/Documents/Projects/Amp/gta4/gta_game/gameplay_sim/Cargo.toml","target":{"kind":["lib"],"crate_types":["lib"],"name":"gameplay_sim","src_path":"/Users/bradyjeong/Documents/Projects/Amp/gta4/gta_game/gameplay_sim/src/lib.rs","edition":"2021","doc":true,"doctest":true,"test":true},"message":{"rendered":"warning: missing documentation for a struct field\n --> gameplay_sim/src/systems/audio.rs:8:5\n  |\n8 |     pub timer: f32,\n  |     ^^^^^^^^^^^^^^\n\n","$message_type":"diagnostic","children":[],"code":{"code":"missing_docs","explanation":null},"level":"warning","message":"missing documentation for a struct field","spans":[{"byte_end":160,"byte_start":146,"column_end":19,"column_start":5,"expansion":null,"file_name":"gameplay_sim/src/systems/audio.rs","is_primary":true,"label":null,"line_end":8,"line_start":8,"suggested_replacement":null,"suggestion_applicability":null,"text":[{"highlight_end":19,"highlight_start":5,"text":"    pub timer: f32,"}]}]}}
{"reason":"compiler-message","package_id":"path+file:///Users/bradyjeong/Documents/Projects/Amp/gta4/gta_game/gameplay_sim#0.1.0","manifest_path":"/Users/bradyjeong/Documents/Projects/Amp/gta4/gta_game/gameplay_sim/Cargo.toml","target":{"kind":["lib"],"crate_types":["lib"],"name":"gameplay_sim","src_path":"/Users/bradyjeong/Documents/Projects/Amp/gta4/gta_game/gameplay_sim/src/lib.rs","edition":"2021","doc":true,"doctest":true,"test":true},"message":{"rendered":"warning: missing documentation for a struct field\n  --> gameplay_sim/src/systems/world/unified_world.rs:67:5\n   |\n67 |     pub vegetation_generated: bool,\n   |     ^^^^^^^^^^^^^^^^^^^^^^^^^^^^^^\n\n","$message_type":"diagnostic","children":[],"code":{"code":"missing_docs","explanation":null},"level":"warning","message":"missing documentation for a struct field","spans":[{"byte_end":2230,"byte_start":2200,"column_end":35,"column_start":5,"expansion":null,"file_name":"gameplay_sim/src/systems/world/unified_world.rs","is_primary":true,"label":null,"line_end":67,"line_start":67,"suggested_replacement":null,"suggestion_applicability":null,"text":[{"highlight_end":35,"highlight_start":5,"text":"    pub vegetation_generated: bool,"}]}]}}
{"reason":"compiler-message","package_id":"path+file:///Users/bradyjeong/Documents/Projects/Amp/gta4/gta_game/gameplay_sim#0.1.0","manifest_path":"/Users/bradyjeong/Documents/Projects/Amp/gta4/gta_game/gameplay_sim/Cargo.toml","target":{"kind":["lib"],"crate_types":["lib"],"name":"gameplay_sim","src_path":"/Users/bradyjeong/Documents/Projects/Amp/gta4/gta_game/gameplay_sim/src/lib.rs","edition":"2021","doc":true,"doctest":true,"test":true},"message":{"rendered":"warning: missing documentation for a struct field\n --> gameplay_sim/src/systems/audio.rs:9:5\n  |\n9 |     pub interval: f32,\n  |     ^^^^^^^^^^^^^^^^^\n\n","$message_type":"diagnostic","children":[],"code":{"code":"missing_docs","explanation":null},"level":"warning","message":"missing documentation for a struct field","spans":[{"byte_end":183,"byte_start":166,"column_end":22,"column_start":5,"expansion":null,"file_name":"gameplay_sim/src/systems/audio.rs","is_primary":true,"label":null,"line_end":9,"line_start":9,"suggested_replacement":null,"suggestion_applicability":null,"text":[{"highlight_end":22,"highlight_start":5,"text":"    pub interval: f32,"}]}]}}
{"reason":"compiler-message","package_id":"path+file:///Users/bradyjeong/Documents/Projects/Amp/gta4/gta_game/gameplay_sim#0.1.0","manifest_path":"/Users/bradyjeong/Documents/Projects/Amp/gta4/gta_game/gameplay_sim/Cargo.toml","target":{"kind":["lib"],"crate_types":["lib"],"name":"gameplay_sim","src_path":"/Users/bradyjeong/Documents/Projects/Amp/gta4/gta_game/gameplay_sim/src/lib.rs","edition":"2021","doc":true,"doctest":true,"test":true},"message":{"rendered":"warning: missing documentation for an associated function\n  --> gameplay_sim/src/systems/world/unified_world.rs:71:5\n   |\n71 |     pub fn new() -> Self {\n   |     ^^^^^^^^^^^^^^^^^^^^\n\n","$message_type":"diagnostic","children":[],"code":{"code":"missing_docs","explanation":null},"level":"warning","message":"missing documentation for an associated function","spans":[{"byte_end":2276,"byte_start":2256,"column_end":25,"column_start":5,"expansion":null,"file_name":"gameplay_sim/src/systems/world/unified_world.rs","is_primary":true,"label":null,"line_end":71,"line_start":71,"suggested_replacement":null,"suggestion_applicability":null,"text":[{"highlight_end":25,"highlight_start":5,"text":"    pub fn new() -> Self {"}]}]}}
{"reason":"compiler-message","package_id":"path+file:///Users/bradyjeong/Documents/Projects/Amp/gta4/gta_game/gameplay_sim#0.1.0","manifest_path":"/Users/bradyjeong/Documents/Projects/Amp/gta4/gta_game/gameplay_sim/Cargo.toml","target":{"kind":["lib"],"crate_types":["lib"],"name":"gameplay_sim","src_path":"/Users/bradyjeong/Documents/Projects/Amp/gta4/gta_game/gameplay_sim/src/lib.rs","edition":"2021","doc":true,"doctest":true,"test":true},"message":{"rendered":"warning: missing documentation for a function\n  --> gameplay_sim/src/systems/audio.rs:12:1\n   |\n12 | pub fn setup_audio() {\n   | ^^^^^^^^^^^^^^^^^^^^\n\n","$message_type":"diagnostic","children":[],"code":{"code":"missing_docs","explanation":null},"level":"warning","message":"missing documentation for a function","spans":[{"byte_end":208,"byte_start":188,"column_end":21,"column_start":1,"expansion":null,"file_name":"gameplay_sim/src/systems/audio.rs","is_primary":true,"label":null,"line_end":12,"line_start":12,"suggested_replacement":null,"suggestion_applicability":null,"text":[{"highlight_end":21,"highlight_start":1,"text":"pub fn setup_audio() {"}]}]}}
{"reason":"compiler-message","package_id":"path+file:///Users/bradyjeong/Documents/Projects/Amp/gta4/gta_game/gameplay_sim#0.1.0","manifest_path":"/Users/bradyjeong/Documents/Projects/Amp/gta4/gta_game/gameplay_sim/Cargo.toml","target":{"kind":["lib"],"crate_types":["lib"],"name":"gameplay_sim","src_path":"/Users/bradyjeong/Documents/Projects/Amp/gta4/gta_game/gameplay_sim/src/lib.rs","edition":"2021","doc":true,"doctest":true,"test":true},"message":{"rendered":"warning: missing documentation for a method\n  --> gameplay_sim/src/systems/world/unified_world.rs:88:5\n   |\n88 |     pub fn add_entity(&mut self, entity: Entity) {\n   |     ^^^^^^^^^^^^^^^^^^^^^^^^^^^^^^^^^^^^^^^^^^^^\n\n","$message_type":"diagnostic","children":[],"code":{"code":"missing_docs","explanation":null},"level":"warning","message":"missing documentation for a method","spans":[{"byte_end":2798,"byte_start":2754,"column_end":49,"column_start":5,"expansion":null,"file_name":"gameplay_sim/src/systems/world/unified_world.rs","is_primary":true,"label":null,"line_end":88,"line_start":88,"suggested_replacement":null,"suggestion_applicability":null,"text":[{"highlight_end":49,"highlight_start":5,"text":"    pub fn add_entity(&mut self, entity: Entity) {"}]}]}}
{"reason":"compiler-message","package_id":"path+file:///Users/bradyjeong/Documents/Projects/Amp/gta4/gta_game/gameplay_sim#0.1.0","manifest_path":"/Users/bradyjeong/Documents/Projects/Amp/gta4/gta_game/gameplay_sim/Cargo.toml","target":{"kind":["lib"],"crate_types":["lib"],"name":"gameplay_sim","src_path":"/Users/bradyjeong/Documents/Projects/Amp/gta4/gta_game/gameplay_sim/src/lib.rs","edition":"2021","doc":true,"doctest":true,"test":true},"message":{"rendered":"warning: missing documentation for a struct\n  --> gameplay_sim/src/systems/audio.rs:16:1\n   |\n16 | pub struct AudioSystem;\n   | ^^^^^^^^^^^^^^^^^^^^^^\n\n","$message_type":"diagnostic","children":[],"code":{"code":"missing_docs","explanation":null},"level":"warning","message":"missing documentation for a struct","spans":[{"byte_end":280,"byte_start":258,"column_end":23,"column_start":1,"expansion":null,"file_name":"gameplay_sim/src/systems/audio.rs","is_primary":true,"label":null,"line_end":16,"line_start":16,"suggested_replacement":null,"suggestion_applicability":null,"text":[{"highlight_end":23,"highlight_start":1,"text":"pub struct AudioSystem;"}]}]}}
{"reason":"compiler-message","package_id":"path+file:///Users/bradyjeong/Documents/Projects/Amp/gta4/gta_game/gameplay_sim#0.1.0","manifest_path":"/Users/bradyjeong/Documents/Projects/Amp/gta4/gta_game/gameplay_sim/Cargo.toml","target":{"kind":["lib"],"crate_types":["lib"],"name":"gameplay_sim","src_path":"/Users/bradyjeong/Documents/Projects/Amp/gta4/gta_game/gameplay_sim/src/lib.rs","edition":"2021","doc":true,"doctest":true,"test":true},"message":{"rendered":"warning: missing documentation for a method\n  --> gameplay_sim/src/systems/world/unified_world.rs:94:5\n   |\n94 |     pub fn remove_entity(&mut self, entity: Entity) {\n   |     ^^^^^^^^^^^^^^^^^^^^^^^^^^^^^^^^^^^^^^^^^^^^^^^\n\n","$message_type":"diagnostic","children":[],"code":{"code":"missing_docs","explanation":null},"level":"warning","message":"missing documentation for a method","spans":[{"byte_end":2959,"byte_start":2912,"column_end":52,"column_start":5,"expansion":null,"file_name":"gameplay_sim/src/systems/world/unified_world.rs","is_primary":true,"label":null,"line_end":94,"line_start":94,"suggested_replacement":null,"suggestion_applicability":null,"text":[{"highlight_end":52,"highlight_start":5,"text":"    pub fn remove_entity(&mut self, entity: Entity) {"}]}]}}
{"reason":"compiler-message","package_id":"path+file:///Users/bradyjeong/Documents/Projects/Amp/gta4/gta_game/gameplay_sim#0.1.0","manifest_path":"/Users/bradyjeong/Documents/Projects/Amp/gta4/gta_game/gameplay_sim/Cargo.toml","target":{"kind":["lib"],"crate_types":["lib"],"name":"gameplay_sim","src_path":"/Users/bradyjeong/Documents/Projects/Amp/gta4/gta_game/gameplay_sim/src/lib.rs","edition":"2021","doc":true,"doctest":true,"test":true},"message":{"rendered":"warning: missing documentation for a function\n  --> gameplay_sim/src/systems/audio.rs:24:1\n   |\n24 | pub fn footstep_system() {\n   | ^^^^^^^^^^^^^^^^^^^^^^^^\n\n","$message_type":"diagnostic","children":[],"code":{"code":"missing_docs","explanation":null},"level":"warning","message":"missing documentation for a function","spans":[{"byte_end":430,"byte_start":406,"column_end":25,"column_start":1,"expansion":null,"file_name":"gameplay_sim/src/systems/audio.rs","is_primary":true,"label":null,"line_end":24,"line_start":24,"suggested_replacement":null,"suggestion_applicability":null,"text":[{"highlight_end":25,"highlight_start":1,"text":"pub fn footstep_system() {"}]}]}}
{"reason":"compiler-message","package_id":"path+file:///Users/bradyjeong/Documents/Projects/Amp/gta4/gta_game/gameplay_sim#0.1.0","manifest_path":"/Users/bradyjeong/Documents/Projects/Amp/gta4/gta_game/gameplay_sim/Cargo.toml","target":{"kind":["lib"],"crate_types":["lib"],"name":"gameplay_sim","src_path":"/Users/bradyjeong/Documents/Projects/Amp/gta4/gta_game/gameplay_sim/src/lib.rs","edition":"2021","doc":true,"doctest":true,"test":true},"message":{"rendered":"warning: missing documentation for a struct\n   --> gameplay_sim/src/systems/world/unified_world.rs:100:1\n    |\n100 | pub struct PlacementGrid {\n    | ^^^^^^^^^^^^^^^^^^^^^^^^\n\n","$message_type":"diagnostic","children":[],"code":{"code":"missing_docs","explanation":null},"level":"warning","message":"missing documentation for a struct","spans":[{"byte_end":3062,"byte_start":3038,"column_end":25,"column_start":1,"expansion":null,"file_name":"gameplay_sim/src/systems/world/unified_world.rs","is_primary":true,"label":null,"line_end":100,"line_start":100,"suggested_replacement":null,"suggestion_applicability":null,"text":[{"highlight_end":25,"highlight_start":1,"text":"pub struct PlacementGrid {"}]}]}}
{"reason":"compiler-message","package_id":"path+file:///Users/bradyjeong/Documents/Projects/Amp/gta4/gta_game/gameplay_sim#0.1.0","manifest_path":"/Users/bradyjeong/Documents/Projects/Amp/gta4/gta_game/gameplay_sim/Cargo.toml","target":{"kind":["lib"],"crate_types":["lib"],"name":"gameplay_sim","src_path":"/Users/bradyjeong/Documents/Projects/Amp/gta4/gta_game/gameplay_sim/src/lib.rs","edition":"2021","doc":true,"doctest":true,"test":true},"message":{"rendered":"warning: missing documentation for a function\n  --> gameplay_sim/src/systems/audio.rs:28:1\n   |\n28 | pub fn cleanup_footstep_sounds() {\n   | ^^^^^^^^^^^^^^^^^^^^^^^^^^^^^^^^\n\n","$message_type":"diagnostic","children":[],"code":{"code":"missing_docs","explanation":null},"level":"warning","message":"missing documentation for a function","spans":[{"byte_end":516,"byte_start":484,"column_end":33,"column_start":1,"expansion":null,"file_name":"gameplay_sim/src/systems/audio.rs","is_primary":true,"label":null,"line_end":28,"line_start":28,"suggested_replacement":null,"suggestion_applicability":null,"text":[{"highlight_end":33,"highlight_start":1,"text":"pub fn cleanup_footstep_sounds() {"}]}]}}
{"reason":"compiler-message","package_id":"path+file:///Users/bradyjeong/Documents/Projects/Amp/gta4/gta_game/gameplay_sim#0.1.0","manifest_path":"/Users/bradyjeong/Documents/Projects/Amp/gta4/gta_game/gameplay_sim/Cargo.toml","target":{"kind":["lib"],"crate_types":["lib"],"name":"gameplay_sim","src_path":"/Users/bradyjeong/Documents/Projects/Amp/gta4/gta_game/gameplay_sim/src/lib.rs","edition":"2021","doc":true,"doctest":true,"test":true},"message":{"rendered":"warning: missing documentation for an associated function\n   --> gameplay_sim/src/systems/world/unified_world.rs:108:5\n    |\n108 |     pub fn new() -> Self {\n    |     ^^^^^^^^^^^^^^^^^^^^\n\n","$message_type":"diagnostic","children":[],"code":{"code":"missing_docs","explanation":null},"level":"warning","message":"missing documentation for an associated function","spans":[{"byte_end":3327,"byte_start":3307,"column_end":25,"column_start":5,"expansion":null,"file_name":"gameplay_sim/src/systems/world/unified_world.rs","is_primary":true,"label":null,"line_end":108,"line_start":108,"suggested_replacement":null,"suggestion_applicability":null,"text":[{"highlight_end":25,"highlight_start":5,"text":"    pub fn new() -> Self {"}]}]}}
{"reason":"compiler-message","package_id":"path+file:///Users/bradyjeong/Documents/Projects/Amp/gta4/gta_game/gameplay_sim#0.1.0","manifest_path":"/Users/bradyjeong/Documents/Projects/Amp/gta4/gta_game/gameplay_sim/Cargo.toml","target":{"kind":["lib"],"crate_types":["lib"],"name":"gameplay_sim","src_path":"/Users/bradyjeong/Documents/Projects/Amp/gta4/gta_game/gameplay_sim/src/lib.rs","edition":"2021","doc":true,"doctest":true,"test":true},"message":{"rendered":"warning: missing documentation for a function\n --> gameplay_sim/src/systems/persistence.rs:7:1\n  |\n7 | pub fn setup_persistence() {\n  | ^^^^^^^^^^^^^^^^^^^^^^^^^^\n\n","$message_type":"diagnostic","children":[],"code":{"code":"missing_docs","explanation":null},"level":"warning","message":"missing documentation for a function","spans":[{"byte_end":150,"byte_start":124,"column_end":27,"column_start":1,"expansion":null,"file_name":"gameplay_sim/src/systems/persistence.rs","is_primary":true,"label":null,"line_end":7,"line_start":7,"suggested_replacement":null,"suggestion_applicability":null,"text":[{"highlight_end":27,"highlight_start":1,"text":"pub fn setup_persistence() {"}]}]}}
{"reason":"compiler-message","package_id":"path+file:///Users/bradyjeong/Documents/Projects/Amp/gta4/gta_game/gameplay_sim#0.1.0","manifest_path":"/Users/bradyjeong/Documents/Projects/Amp/gta4/gta_game/gameplay_sim/Cargo.toml","target":{"kind":["lib"],"crate_types":["lib"],"name":"gameplay_sim","src_path":"/Users/bradyjeong/Documents/Projects/Amp/gta4/gta_game/gameplay_sim/src/lib.rs","edition":"2021","doc":true,"doctest":true,"test":true},"message":{"rendered":"warning: missing documentation for a method\n   --> gameplay_sim/src/systems/world/unified_world.rs:115:5\n    |\n115 |     pub fn clear(&mut self) {\n    |     ^^^^^^^^^^^^^^^^^^^^^^^\n\n","$message_type":"diagnostic","children":[],"code":{"code":"missing_docs","explanation":null},"level":"warning","message":"missing documentation for a method","spans":[{"byte_end":3477,"byte_start":3454,"column_end":28,"column_start":5,"expansion":null,"file_name":"gameplay_sim/src/systems/world/unified_world.rs","is_primary":true,"label":null,"line_end":115,"line_start":115,"suggested_replacement":null,"suggestion_applicability":null,"text":[{"highlight_end":28,"highlight_start":5,"text":"    pub fn clear(&mut self) {"}]}]}}
{"reason":"compiler-message","package_id":"path+file:///Users/bradyjeong/Documents/Projects/Amp/gta4/gta_game/gameplay_sim#0.1.0","manifest_path":"/Users/bradyjeong/Documents/Projects/Amp/gta4/gta_game/gameplay_sim/Cargo.toml","target":{"kind":["lib"],"crate_types":["lib"],"name":"gameplay_sim","src_path":"/Users/bradyjeong/Documents/Projects/Amp/gta4/gta_game/gameplay_sim/src/lib.rs","edition":"2021","doc":true,"doctest":true,"test":true},"message":{"rendered":"warning: missing documentation for a function\n  --> gameplay_sim/src/systems/persistence.rs:12:1\n   |\n12 | pub fn save_game_system() {\n   | ^^^^^^^^^^^^^^^^^^^^^^^^^\n\n","$message_type":"diagnostic","children":[],"code":{"code":"missing_docs","explanation":null},"level":"warning","message":"missing documentation for a function","spans":[{"byte_end":292,"byte_start":267,"column_end":26,"column_start":1,"expansion":null,"file_name":"gameplay_sim/src/systems/persistence.rs","is_primary":true,"label":null,"line_end":12,"line_start":12,"suggested_replacement":null,"suggestion_applicability":null,"text":[{"highlight_end":26,"highlight_start":1,"text":"pub fn save_game_system() {"}]}]}}
{"reason":"compiler-message","package_id":"path+file:///Users/bradyjeong/Documents/Projects/Amp/gta4/gta_game/gameplay_sim#0.1.0","manifest_path":"/Users/bradyjeong/Documents/Projects/Amp/gta4/gta_game/gameplay_sim/Cargo.toml","target":{"kind":["lib"],"crate_types":["lib"],"name":"gameplay_sim","src_path":"/Users/bradyjeong/Documents/Projects/Amp/gta4/gta_game/gameplay_sim/src/lib.rs","edition":"2021","doc":true,"doctest":true,"test":true},"message":{"rendered":"warning: missing documentation for a method\n   --> gameplay_sim/src/systems/world/unified_world.rs:119:5\n    |\n119 |     pub fn add_entity(&mut self, position: Vec3, content_type: ContentType, radius: f32) {\n    |     ^^^^^^^^^^^^^^^^^^^^^^^^^^^^^^^^^^^^^^^^^^^^^^^^^^^^^^^^^^^^^^^^^^^^^^^^^^^^^^^^^^^^\n\n","$message_type":"diagnostic","children":[],"code":{"code":"missing_docs","explanation":null},"level":"warning","message":"missing documentation for a method","spans":[{"byte_end":3606,"byte_start":3522,"column_end":89,"column_start":5,"expansion":null,"file_name":"gameplay_sim/src/systems/world/unified_world.rs","is_primary":true,"label":null,"line_end":119,"line_start":119,"suggested_replacement":null,"suggestion_applicability":null,"text":[{"highlight_end":89,"highlight_start":5,"text":"    pub fn add_entity(&mut self, position: Vec3, content_type: ContentType, radius: f32) {"}]}]}}
{"reason":"compiler-message","package_id":"path+file:///Users/bradyjeong/Documents/Projects/Amp/gta4/gta_game/gameplay_sim#0.1.0","manifest_path":"/Users/bradyjeong/Documents/Projects/Amp/gta4/gta_game/gameplay_sim/Cargo.toml","target":{"kind":["lib"],"crate_types":["lib"],"name":"gameplay_sim","src_path":"/Users/bradyjeong/Documents/Projects/Amp/gta4/gta_game/gameplay_sim/src/lib.rs","edition":"2021","doc":true,"doctest":true,"test":true},"message":{"rendered":"warning: missing documentation for a function\n  --> gameplay_sim/src/systems/persistence.rs:16:1\n   |\n16 | pub fn load_game_system() {\n   | ^^^^^^^^^^^^^^^^^^^^^^^^^\n\n","$message_type":"diagnostic","children":[],"code":{"code":"missing_docs","explanation":null},"level":"warning","message":"missing documentation for a function","spans":[{"byte_end":363,"byte_start":338,"column_end":26,"column_start":1,"expansion":null,"file_name":"gameplay_sim/src/systems/persistence.rs","is_primary":true,"label":null,"line_end":16,"line_start":16,"suggested_replacement":null,"suggestion_applicability":null,"text":[{"highlight_end":26,"highlight_start":1,"text":"pub fn load_game_system() {"}]}]}}
{"reason":"compiler-message","package_id":"path+file:///Users/bradyjeong/Documents/Projects/Amp/gta4/gta_game/gameplay_sim#0.1.0","manifest_path":"/Users/bradyjeong/Documents/Projects/Amp/gta4/gta_game/gameplay_sim/Cargo.toml","target":{"kind":["lib"],"crate_types":["lib"],"name":"gameplay_sim","src_path":"/Users/bradyjeong/Documents/Projects/Amp/gta4/gta_game/gameplay_sim/src/lib.rs","edition":"2021","doc":true,"doctest":true,"test":true},"message":{"rendered":"warning: missing documentation for a method\n   --> gameplay_sim/src/systems/world/unified_world.rs:124:5\n    |\n124 |     pub fn remove_entity(&mut self, position: Vec3, content_type: ContentType) {\n    |     ^^^^^^^^^^^^^^^^^^^^^^^^^^^^^^^^^^^^^^^^^^^^^^^^^^^^^^^^^^^^^^^^^^^^^^^^^^\n\n","$message_type":"diagnostic","children":[],"code":{"code":"missing_docs","explanation":null},"level":"warning","message":"missing documentation for a method","spans":[{"byte_end":3830,"byte_start":3756,"column_end":79,"column_start":5,"expansion":null,"file_name":"gameplay_sim/src/systems/world/unified_world.rs","is_primary":true,"label":null,"line_end":124,"line_start":124,"suggested_replacement":null,"suggestion_applicability":null,"text":[{"highlight_end":79,"highlight_start":5,"text":"    pub fn remove_entity(&mut self, position: Vec3, content_type: ContentType) {"}]}]}}
{"reason":"compiler-message","package_id":"path+file:///Users/bradyjeong/Documents/Projects/Amp/gta4/gta_game/gameplay_sim#0.1.0","manifest_path":"/Users/bradyjeong/Documents/Projects/Amp/gta4/gta_game/gameplay_sim/Cargo.toml","target":{"kind":["lib"],"crate_types":["lib"],"name":"gameplay_sim","src_path":"/Users/bradyjeong/Documents/Projects/Amp/gta4/gta_game/gameplay_sim/src/lib.rs","edition":"2021","doc":true,"doctest":true,"test":true},"message":{"rendered":"warning: missing documentation for a struct\n  --> gameplay_sim/src/systems/persistence.rs:22:1\n   |\n22 | pub struct LoadState {\n   | ^^^^^^^^^^^^^^^^^^^^\n\n","$message_type":"diagnostic","children":[],"code":{"code":"missing_docs","explanation":null},"level":"warning","message":"missing documentation for a struct","spans":[{"byte_end":511,"byte_start":491,"column_end":21,"column_start":1,"expansion":null,"file_name":"gameplay_sim/src/systems/persistence.rs","is_primary":true,"label":null,"line_end":22,"line_start":22,"suggested_replacement":null,"suggestion_applicability":null,"text":[{"highlight_end":21,"highlight_start":1,"text":"pub struct LoadState {"}]}]}}
{"reason":"compiler-message","package_id":"path+file:///Users/bradyjeong/Documents/Projects/Amp/gta4/gta_game/gameplay_sim#0.1.0","manifest_path":"/Users/bradyjeong/Documents/Projects/Amp/gta4/gta_game/gameplay_sim/Cargo.toml","target":{"kind":["lib"],"crate_types":["lib"],"name":"gameplay_sim","src_path":"/Users/bradyjeong/Documents/Projects/Amp/gta4/gta_game/gameplay_sim/src/lib.rs","edition":"2021","doc":true,"doctest":true,"test":true},"message":{"rendered":"warning: missing documentation for a method\n   --> gameplay_sim/src/systems/world/unified_world.rs:133:5\n    |\n133 |     pub fn can_place(&self, position: Vec3, _content_type: ContentType, radius: f32, min_distance: f32) -> bool {\n    |     ^^^^^^^^^^^^^^^^^^^^^^^^^^^^^^^^^^^^^^^^^^^^^^^^^^^^^^^^^^^^^^^^^^^^^^^^^^^^^^^^^^^^^^^^^^^^^^^^^^^^^^^^^^^\n\n","$message_type":"diagnostic","children":[],"code":{"code":"missing_docs","explanation":null},"level":"warning","message":"missing documentation for a method","spans":[{"byte_end":4215,"byte_start":4108,"column_end":112,"column_start":5,"expansion":null,"file_name":"gameplay_sim/src/systems/world/unified_world.rs","is_primary":true,"label":null,"line_end":133,"line_start":133,"suggested_replacement":null,"suggestion_applicability":null,"text":[{"highlight_end":112,"highlight_start":5,"text":"    pub fn can_place(&self, position: Vec3, _content_type: ContentType, radius: f32, min_distance: f32) -> bool {"}]}]}}
{"reason":"compiler-message","package_id":"path+file:///Users/bradyjeong/Documents/Projects/Amp/gta4/gta_game/gameplay_sim#0.1.0","manifest_path":"/Users/bradyjeong/Documents/Projects/Amp/gta4/gta_game/gameplay_sim/Cargo.toml","target":{"kind":["lib"],"crate_types":["lib"],"name":"gameplay_sim","src_path":"/Users/bradyjeong/Documents/Projects/Amp/gta4/gta_game/gameplay_sim/src/lib.rs","edition":"2021","doc":true,"doctest":true,"test":true},"message":{"rendered":"warning: missing documentation for a struct field\n  --> gameplay_sim/src/systems/persistence.rs:23:5\n   |\n23 |     pub loading: bool,\n   |     ^^^^^^^^^^^^^^^^^\n\n","$message_type":"diagnostic","children":[],"code":{"code":"missing_docs","explanation":null},"level":"warning","message":"missing documentation for a struct field","spans":[{"byte_end":535,"byte_start":518,"column_end":22,"column_start":5,"expansion":null,"file_name":"gameplay_sim/src/systems/persistence.rs","is_primary":true,"label":null,"line_end":23,"line_start":23,"suggested_replacement":null,"suggestion_applicability":null,"text":[{"highlight_end":22,"highlight_start":5,"text":"    pub loading: bool,"}]}]}}
{"reason":"compiler-message","package_id":"path+file:///Users/bradyjeong/Documents/Projects/Amp/gta4/gta_game/gameplay_sim#0.1.0","manifest_path":"/Users/bradyjeong/Documents/Projects/Amp/gta4/gta_game/gameplay_sim/Cargo.toml","target":{"kind":["lib"],"crate_types":["lib"],"name":"gameplay_sim","src_path":"/Users/bradyjeong/Documents/Projects/Amp/gta4/gta_game/gameplay_sim/src/lib.rs","edition":"2021","doc":true,"doctest":true,"test":true},"message":{"rendered":"warning: missing documentation for a method\n   --> gameplay_sim/src/systems/world/unified_world.rs:157:5\n    |\n157 |     pub fn get_nearby_entities(&self, position: Vec3, radius: f32) -> Vec<(Vec3, ContentType, f32)> {\n    |     ^^^^^^^^^^^^^^^^^^^^^^^^^^^^^^^^^^^^^^^^^^^^^^^^^^^^^^^^^^^^^^^^^^^^^^^^^^^^^^^^^^^^^^^^^^^^^^^\n\n","$message_type":"diagnostic","children":[],"code":{"code":"missing_docs","explanation":null},"level":"warning","message":"missing documentation for a method","spans":[{"byte_end":5127,"byte_start":5032,"column_end":100,"column_start":5,"expansion":null,"file_name":"gameplay_sim/src/systems/world/unified_world.rs","is_primary":true,"label":null,"line_end":157,"line_start":157,"suggested_replacement":null,"suggestion_applicability":null,"text":[{"highlight_end":100,"highlight_start":5,"text":"    pub fn get_nearby_entities(&self, position: Vec3, radius: f32) -> Vec<(Vec3, ContentType, f32)> {"}]}]}}
{"reason":"compiler-message","package_id":"path+file:///Users/bradyjeong/Documents/Projects/Amp/gta4/gta_game/gameplay_sim#0.1.0","manifest_path":"/Users/bradyjeong/Documents/Projects/Amp/gta4/gta_game/gameplay_sim/Cargo.toml","target":{"kind":["lib"],"crate_types":["lib"],"name":"gameplay_sim","src_path":"/Users/bradyjeong/Documents/Projects/Amp/gta4/gta_game/gameplay_sim/src/lib.rs","edition":"2021","doc":true,"doctest":true,"test":true},"message":{"rendered":"warning: missing documentation for a struct field\n  --> gameplay_sim/src/systems/persistence.rs:24:5\n   |\n24 |     pub progress: f32,\n   |     ^^^^^^^^^^^^^^^^^\n\n","$message_type":"diagnostic","children":[],"code":{"code":"missing_docs","explanation":null},"level":"warning","message":"missing documentation for a struct field","spans":[{"byte_end":558,"byte_start":541,"column_end":22,"column_start":5,"expansion":null,"file_name":"gameplay_sim/src/systems/persistence.rs","is_primary":true,"label":null,"line_end":24,"line_start":24,"suggested_replacement":null,"suggestion_applicability":null,"text":[{"highlight_end":22,"highlight_start":5,"text":"    pub progress: f32,"}]}]}}
{"reason":"compiler-message","package_id":"path+file:///Users/bradyjeong/Documents/Projects/Amp/gta4/gta_game/gameplay_sim#0.1.0","manifest_path":"/Users/bradyjeong/Documents/Projects/Amp/gta4/gta_game/gameplay_sim/Cargo.toml","target":{"kind":["lib"],"crate_types":["lib"],"name":"gameplay_sim","src_path":"/Users/bradyjeong/Documents/Projects/Amp/gta4/gta_game/gameplay_sim/src/lib.rs","edition":"2021","doc":true,"doctest":true,"test":true},"message":{"rendered":"warning: missing documentation for an associated function\n   --> gameplay_sim/src/systems/world/unified_world.rs:190:5\n    |\n190 |     pub fn new() -> Self {\n    |     ^^^^^^^^^^^^^^^^^^^^\n\n","$message_type":"diagnostic","children":[],"code":{"code":"missing_docs","explanation":null},"level":"warning","message":"missing documentation for an associated function","spans":[{"byte_end":6249,"byte_start":6229,"column_end":25,"column_start":5,"expansion":null,"file_name":"gameplay_sim/src/systems/world/unified_world.rs","is_primary":true,"label":null,"line_end":190,"line_start":190,"suggested_replacement":null,"suggestion_applicability":null,"text":[{"highlight_end":25,"highlight_start":5,"text":"    pub fn new() -> Self {"}]}]}}
{"reason":"compiler-message","package_id":"path+file:///Users/bradyjeong/Documents/Projects/Amp/gta4/gta_game/gameplay_sim#0.1.0","manifest_path":"/Users/bradyjeong/Documents/Projects/Amp/gta4/gta_game/gameplay_sim/Cargo.toml","target":{"kind":["lib"],"crate_types":["lib"],"name":"gameplay_sim","src_path":"/Users/bradyjeong/Documents/Projects/Amp/gta4/gta_game/gameplay_sim/src/lib.rs","edition":"2021","doc":true,"doctest":true,"test":true},"message":{"rendered":"warning: missing documentation for a struct\n  --> gameplay_sim/src/systems/persistence.rs:27:1\n   |\n27 | pub struct PersistenceSystem;\n   | ^^^^^^^^^^^^^^^^^^^^^^^^^^^^\n\n","$message_type":"diagnostic","children":[],"code":{"code":"missing_docs","explanation":null},"level":"warning","message":"missing documentation for a struct","spans":[{"byte_end":591,"byte_start":563,"column_end":29,"column_start":1,"expansion":null,"file_name":"gameplay_sim/src/systems/persistence.rs","is_primary":true,"label":null,"line_end":27,"line_start":27,"suggested_replacement":null,"suggestion_applicability":null,"text":[{"highlight_end":29,"highlight_start":1,"text":"pub struct PersistenceSystem;"}]}]}}
{"reason":"compiler-message","package_id":"path+file:///Users/bradyjeong/Documents/Projects/Amp/gta4/gta_game/gameplay_sim#0.1.0","manifest_path":"/Users/bradyjeong/Documents/Projects/Amp/gta4/gta_game/gameplay_sim/Cargo.toml","target":{"kind":["lib"],"crate_types":["lib"],"name":"gameplay_sim","src_path":"/Users/bradyjeong/Documents/Projects/Amp/gta4/gta_game/gameplay_sim/src/lib.rs","edition":"2021","doc":true,"doctest":true,"test":true},"message":{"rendered":"warning: missing documentation for a method\n   --> gameplay_sim/src/systems/world/unified_world.rs:200:5\n    |\n200 |     pub fn get_or_create_chunk(&mut self, coord: ChunkCoord) -> &mut ChunkData {\n    |     ^^^^^^^^^^^^^^^^^^^^^^^^^^^^^^^^^^^^^^^^^^^^^^^^^^^^^^^^^^^^^^^^^^^^^^^^^^\n\n","$message_type":"diagnostic","children":[],"code":{"code":"missing_docs","explanation":null},"level":"warning","message":"missing documentation for a method","spans":[{"byte_end":6574,"byte_start":6500,"column_end":79,"column_start":5,"expansion":null,"file_name":"gameplay_sim/src/systems/world/unified_world.rs","is_primary":true,"label":null,"line_end":200,"line_start":200,"suggested_replacement":null,"suggestion_applicability":null,"text":[{"highlight_end":79,"highlight_start":5,"text":"    pub fn get_or_create_chunk(&mut self, coord: ChunkCoord) -> &mut ChunkData {"}]}]}}
{"reason":"compiler-message","package_id":"path+file:///Users/bradyjeong/Documents/Projects/Amp/gta4/gta_game/gameplay_sim#0.1.0","manifest_path":"/Users/bradyjeong/Documents/Projects/Amp/gta4/gta_game/gameplay_sim/Cargo.toml","target":{"kind":["lib"],"crate_types":["lib"],"name":"gameplay_sim","src_path":"/Users/bradyjeong/Documents/Projects/Amp/gta4/gta_game/gameplay_sim/src/lib.rs","edition":"2021","doc":true,"doctest":true,"test":true},"message":{"rendered":"warning: missing documentation for a function\n --> gameplay_sim/src/systems/camera.rs:6:1\n  |\n6 | pub fn setup_camera() {\n  | ^^^^^^^^^^^^^^^^^^^^^\n\n","$message_type":"diagnostic","children":[],"code":{"code":"missing_docs","explanation":null},"level":"warning","message":"missing documentation for a function","spans":[{"byte_end":108,"byte_start":87,"column_end":22,"column_start":1,"expansion":null,"file_name":"gameplay_sim/src/systems/camera.rs","is_primary":true,"label":null,"line_end":6,"line_start":6,"suggested_replacement":null,"suggestion_applicability":null,"text":[{"highlight_end":22,"highlight_start":1,"text":"pub fn setup_camera() {"}]}]}}
{"reason":"compiler-message","package_id":"path+file:///Users/bradyjeong/Documents/Projects/Amp/gta4/gta_game/gameplay_sim#0.1.0","manifest_path":"/Users/bradyjeong/Documents/Projects/Amp/gta4/gta_game/gameplay_sim/Cargo.toml","target":{"kind":["lib"],"crate_types":["lib"],"name":"gameplay_sim","src_path":"/Users/bradyjeong/Documents/Projects/Amp/gta4/gta_game/gameplay_sim/src/lib.rs","edition":"2021","doc":true,"doctest":true,"test":true},"message":{"rendered":"warning: missing documentation for a method\n   --> gameplay_sim/src/systems/world/unified_world.rs:204:5\n    |\n204 |     pub fn get_chunk_mut(&mut self, coord: ChunkCoord) -> Option<&mut ChunkData> {\n    |     ^^^^^^^^^^^^^^^^^^^^^^^^^^^^^^^^^^^^^^^^^^^^^^^^^^^^^^^^^^^^^^^^^^^^^^^^^^^^\n\n","$message_type":"diagnostic","children":[],"code":{"code":"missing_docs","explanation":null},"level":"warning","message":"missing documentation for a method","spans":[{"byte_end":6732,"byte_start":6656,"column_end":81,"column_start":5,"expansion":null,"file_name":"gameplay_sim/src/systems/world/unified_world.rs","is_primary":true,"label":null,"line_end":204,"line_start":204,"suggested_replacement":null,"suggestion_applicability":null,"text":[{"highlight_end":81,"highlight_start":5,"text":"    pub fn get_chunk_mut(&mut self, coord: ChunkCoord) -> Option<&mut ChunkData> {"}]}]}}
{"reason":"compiler-message","package_id":"path+file:///Users/bradyjeong/Documents/Projects/Amp/gta4/gta_game/gameplay_sim#0.1.0","manifest_path":"/Users/bradyjeong/Documents/Projects/Amp/gta4/gta_game/gameplay_sim/Cargo.toml","target":{"kind":["lib"],"crate_types":["lib"],"name":"gameplay_sim","src_path":"/Users/bradyjeong/Documents/Projects/Amp/gta4/gta_game/gameplay_sim/src/lib.rs","edition":"2021","doc":true,"doctest":true,"test":true},"message":{"rendered":"warning: missing documentation for a struct\n  --> gameplay_sim/src/systems/camera.rs:10:1\n   |\n10 | pub struct CameraSystem;\n   | ^^^^^^^^^^^^^^^^^^^^^^^\n\n","$message_type":"diagnostic","children":[],"code":{"code":"missing_docs","explanation":null},"level":"warning","message":"missing documentation for a struct","spans":[{"byte_end":182,"byte_start":159,"column_end":24,"column_start":1,"expansion":null,"file_name":"gameplay_sim/src/systems/camera.rs","is_primary":true,"label":null,"line_end":10,"line_start":10,"suggested_replacement":null,"suggestion_applicability":null,"text":[{"highlight_end":24,"highlight_start":1,"text":"pub struct CameraSystem;"}]}]}}
{"reason":"compiler-message","package_id":"path+file:///Users/bradyjeong/Documents/Projects/Amp/gta4/gta_game/gameplay_sim#0.1.0","manifest_path":"/Users/bradyjeong/Documents/Projects/Amp/gta4/gta_game/gameplay_sim/Cargo.toml","target":{"kind":["lib"],"crate_types":["lib"],"name":"gameplay_sim","src_path":"/Users/bradyjeong/Documents/Projects/Amp/gta4/gta_game/gameplay_sim/src/lib.rs","edition":"2021","doc":true,"doctest":true,"test":true},"message":{"rendered":"warning: missing documentation for a method\n   --> gameplay_sim/src/systems/world/unified_world.rs:208:5\n    |\n208 |     pub fn get_chunk(&self, coord: ChunkCoord) -> Option<&ChunkData> {\n    |     ^^^^^^^^^^^^^^^^^^^^^^^^^^^^^^^^^^^^^^^^^^^^^^^^^^^^^^^^^^^^^^^^\n\n","$message_type":"diagnostic","children":[],"code":{"code":"missing_docs","explanation":null},"level":"warning","message":"missing documentation for a method","spans":[{"byte_end":6850,"byte_start":6786,"column_end":69,"column_start":5,"expansion":null,"file_name":"gameplay_sim/src/systems/world/unified_world.rs","is_primary":true,"label":null,"line_end":208,"line_start":208,"suggested_replacement":null,"suggestion_applicability":null,"text":[{"highlight_end":69,"highlight_start":5,"text":"    pub fn get_chunk(&self, coord: ChunkCoord) -> Option<&ChunkData> {"}]}]}}
{"reason":"compiler-message","package_id":"path+file:///Users/bradyjeong/Documents/Projects/Amp/gta4/gta_game/gameplay_sim#0.1.0","manifest_path":"/Users/bradyjeong/Documents/Projects/Amp/gta4/gta_game/gameplay_sim/Cargo.toml","target":{"kind":["lib"],"crate_types":["lib"],"name":"gameplay_sim","src_path":"/Users/bradyjeong/Documents/Projects/Amp/gta4/gta_game/gameplay_sim/src/lib.rs","edition":"2021","doc":true,"doctest":true,"test":true},"message":{"rendered":"warning: missing documentation for a function\n  --> gameplay_sim/src/systems/camera.rs:18:1\n   |\n18 | pub fn camera_follow_system() {\n   | ^^^^^^^^^^^^^^^^^^^^^^^^^^^^^\n\n","$message_type":"diagnostic","children":[],"code":{"code":"missing_docs","explanation":null},"level":"warning","message":"missing documentation for a function","spans":[{"byte_end":339,"byte_start":310,"column_end":30,"column_start":1,"expansion":null,"file_name":"gameplay_sim/src/systems/camera.rs","is_primary":true,"label":null,"line_end":18,"line_start":18,"suggested_replacement":null,"suggestion_applicability":null,"text":[{"highlight_end":30,"highlight_start":1,"text":"pub fn camera_follow_system() {"}]}]}}
{"reason":"compiler-message","package_id":"path+file:///Users/bradyjeong/Documents/Projects/Amp/gta4/gta_game/gameplay_sim#0.1.0","manifest_path":"/Users/bradyjeong/Documents/Projects/Amp/gta4/gta_game/gameplay_sim/Cargo.toml","target":{"kind":["lib"],"crate_types":["lib"],"name":"gameplay_sim","src_path":"/Users/bradyjeong/Documents/Projects/Amp/gta4/gta_game/gameplay_sim/src/lib.rs","edition":"2021","doc":true,"doctest":true,"test":true},"message":{"rendered":"warning: missing documentation for a method\n   --> gameplay_sim/src/systems/world/unified_world.rs:212:5\n    |\n212 |     pub fn calculate_lod_level(&self, distance: f32) -> u32 {\n    |     ^^^^^^^^^^^^^^^^^^^^^^^^^^^^^^^^^^^^^^^^^^^^^^^^^^^^^^^\n\n","$message_type":"diagnostic","children":[],"code":{"code":"missing_docs","explanation":null},"level":"warning","message":"missing documentation for a method","spans":[{"byte_end":6955,"byte_start":6900,"column_end":60,"column_start":5,"expansion":null,"file_name":"gameplay_sim/src/systems/world/unified_world.rs","is_primary":true,"label":null,"line_end":212,"line_start":212,"suggested_replacement":null,"suggestion_applicability":null,"text":[{"highlight_end":60,"highlight_start":5,"text":"    pub fn calculate_lod_level(&self, distance: f32) -> u32 {"}]}]}}
{"reason":"compiler-message","package_id":"path+file:///Users/bradyjeong/Documents/Projects/Amp/gta4/gta_game/gameplay_sim#0.1.0","manifest_path":"/Users/bradyjeong/Documents/Projects/Amp/gta4/gta_game/gameplay_sim/Cargo.toml","target":{"kind":["lib"],"crate_types":["lib"],"name":"gameplay_sim","src_path":"/Users/bradyjeong/Documents/Projects/Amp/gta4/gta_game/gameplay_sim/src/lib.rs","edition":"2021","doc":true,"doctest":true,"test":true},"message":{"rendered":"warning: missing documentation for a function\n --> gameplay_sim/src/systems/water.rs:6:1\n  |\n6 | pub fn water_wave_system() {\n  | ^^^^^^^^^^^^^^^^^^^^^^^^^^\n\n","$message_type":"diagnostic","children":[],"code":{"code":"missing_docs","explanation":null},"level":"warning","message":"missing documentation for a function","spans":[{"byte_end":157,"byte_start":131,"column_end":27,"column_start":1,"expansion":null,"file_name":"gameplay_sim/src/systems/water.rs","is_primary":true,"label":null,"line_end":6,"line_start":6,"suggested_replacement":null,"suggestion_applicability":null,"text":[{"highlight_end":27,"highlight_start":1,"text":"pub fn water_wave_system() {"}]}]}}
{"reason":"compiler-message","package_id":"path+file:///Users/bradyjeong/Documents/Projects/Amp/gta4/gta_game/gameplay_sim#0.1.0","manifest_path":"/Users/bradyjeong/Documents/Projects/Amp/gta4/gta_game/gameplay_sim/Cargo.toml","target":{"kind":["lib"],"crate_types":["lib"],"name":"gameplay_sim","src_path":"/Users/bradyjeong/Documents/Projects/Amp/gta4/gta_game/gameplay_sim/src/lib.rs","edition":"2021","doc":true,"doctest":true,"test":true},"message":{"rendered":"warning: missing documentation for a method\n   --> gameplay_sim/src/systems/world/unified_world.rs:224:5\n    |\n224 |     pub fn unload_chunk(&mut self, coord: ChunkCoord, commands: &mut Commands) {\n    |     ^^^^^^^^^^^^^^^^^^^^^^^^^^^^^^^^^^^^^^^^^^^^^^^^^^^^^^^^^^^^^^^^^^^^^^^^^^\n\n","$message_type":"diagnostic","children":[],"code":{"code":"missing_docs","explanation":null},"level":"warning","message":"missing documentation for a method","spans":[{"byte_end":7299,"byte_start":7225,"column_end":79,"column_start":5,"expansion":null,"file_name":"gameplay_sim/src/systems/world/unified_world.rs","is_primary":true,"label":null,"line_end":224,"line_start":224,"suggested_replacement":null,"suggestion_applicability":null,"text":[{"highlight_end":79,"highlight_start":5,"text":"    pub fn unload_chunk(&mut self, coord: ChunkCoord, commands: &mut Commands) {"}]}]}}
{"reason":"compiler-message","package_id":"path+file:///Users/bradyjeong/Documents/Projects/Amp/gta4/gta_game/gameplay_sim#0.1.0","manifest_path":"/Users/bradyjeong/Documents/Projects/Amp/gta4/gta_game/gameplay_sim/Cargo.toml","target":{"kind":["lib"],"crate_types":["lib"],"name":"gameplay_sim","src_path":"/Users/bradyjeong/Documents/Projects/Amp/gta4/gta_game/gameplay_sim/src/lib.rs","edition":"2021","doc":true,"doctest":true,"test":true},"message":{"rendered":"warning: missing documentation for a function\n  --> gameplay_sim/src/systems/water.rs:10:1\n   |\n10 | pub fn yacht_buoyancy_system() {\n   | ^^^^^^^^^^^^^^^^^^^^^^^^^^^^^^\n\n","$message_type":"diagnostic","children":[],"code":{"code":"missing_docs","explanation":null},"level":"warning","message":"missing documentation for a function","spans":[{"byte_end":234,"byte_start":204,"column_end":31,"column_start":1,"expansion":null,"file_name":"gameplay_sim/src/systems/water.rs","is_primary":true,"label":null,"line_end":10,"line_start":10,"suggested_replacement":null,"suggestion_applicability":null,"text":[{"highlight_end":31,"highlight_start":1,"text":"pub fn yacht_buoyancy_system() {"}]}]}}
{"reason":"compiler-message","package_id":"path+file:///Users/bradyjeong/Documents/Projects/Amp/gta4/gta_game/gameplay_sim#0.1.0","manifest_path":"/Users/bradyjeong/Documents/Projects/Amp/gta4/gta_game/gameplay_sim/Cargo.toml","target":{"kind":["lib"],"crate_types":["lib"],"name":"gameplay_sim","src_path":"/Users/bradyjeong/Documents/Projects/Amp/gta4/gta_game/gameplay_sim/src/lib.rs","edition":"2021","doc":true,"doctest":true,"test":true},"message":{"rendered":"warning: missing documentation for a method\n   --> gameplay_sim/src/systems/world/unified_world.rs:236:5\n    |\n236 |     pub fn update_active_chunks(&mut self, player_pos: Vec3, load_radius: f32) {\n    |     ^^^^^^^^^^^^^^^^^^^^^^^^^^^^^^^^^^^^^^^^^^^^^^^^^^^^^^^^^^^^^^^^^^^^^^^^^^\n\n","$message_type":"diagnostic","children":[],"code":{"code":"missing_docs","explanation":null},"level":"warning","message":"missing documentation for a method","spans":[{"byte_end":7732,"byte_start":7658,"column_end":79,"column_start":5,"expansion":null,"file_name":"gameplay_sim/src/systems/world/unified_world.rs","is_primary":true,"label":null,"line_end":236,"line_start":236,"suggested_replacement":null,"suggestion_applicability":null,"text":[{"highlight_end":79,"highlight_start":5,"text":"    pub fn update_active_chunks(&mut self, player_pos: Vec3, load_radius: f32) {"}]}]}}
{"reason":"compiler-message","package_id":"path+file:///Users/bradyjeong/Documents/Projects/Amp/gta4/gta_game/gameplay_sim#0.1.0","manifest_path":"/Users/bradyjeong/Documents/Projects/Amp/gta4/gta_game/gameplay_sim/Cargo.toml","target":{"kind":["lib"],"crate_types":["lib"],"name":"gameplay_sim","src_path":"/Users/bradyjeong/Documents/Projects/Amp/gta4/gta_game/gameplay_sim/src/lib.rs","edition":"2021","doc":true,"doctest":true,"test":true},"message":{"rendered":"warning: missing documentation for a function\n  --> gameplay_sim/src/systems/water.rs:14:1\n   |\n14 | pub fn yacht_water_constraint_system() {\n   | ^^^^^^^^^^^^^^^^^^^^^^^^^^^^^^^^^^^^^^\n\n","$message_type":"diagnostic","children":[],"code":{"code":"missing_docs","explanation":null},"level":"warning","message":"missing documentation for a function","spans":[{"byte_end":323,"byte_start":285,"column_end":39,"column_start":1,"expansion":null,"file_name":"gameplay_sim/src/systems/water.rs","is_primary":true,"label":null,"line_end":14,"line_start":14,"suggested_replacement":null,"suggestion_applicability":null,"text":[{"highlight_end":39,"highlight_start":1,"text":"pub fn yacht_water_constraint_system() {"}]}]}}
{"reason":"compiler-message","package_id":"path+file:///Users/bradyjeong/Documents/Projects/Amp/gta4/gta_game/gameplay_sim#0.1.0","manifest_path":"/Users/bradyjeong/Documents/Projects/Amp/gta4/gta_game/gameplay_sim/Cargo.toml","target":{"kind":["lib"],"crate_types":["lib"],"name":"gameplay_sim","src_path":"/Users/bradyjeong/Documents/Projects/Amp/gta4/gta_game/gameplay_sim/src/lib.rs","edition":"2021","doc":true,"doctest":true,"test":true},"message":{"rendered":"warning: missing documentation for a method\n   --> gameplay_sim/src/systems/world/unified_world.rs:261:5\n    |\n261 |     pub fn cleanup_distant_chunks(&mut self, player_pos: Vec3, commands: &mut Commands) {\n    |     ^^^^^^^^^^^^^^^^^^^^^^^^^^^^^^^^^^^^^^^^^^^^^^^^^^^^^^^^^^^^^^^^^^^^^^^^^^^^^^^^^^^\n\n","$message_type":"diagnostic","children":[],"code":{"code":"missing_docs","explanation":null},"level":"warning","message":"missing documentation for a method","spans":[{"byte_end":8729,"byte_start":8646,"column_end":88,"column_start":5,"expansion":null,"file_name":"gameplay_sim/src/systems/world/unified_world.rs","is_primary":true,"label":null,"line_end":261,"line_start":261,"suggested_replacement":null,"suggestion_applicability":null,"text":[{"highlight_end":88,"highlight_start":5,"text":"    pub fn cleanup_distant_chunks(&mut self, player_pos: Vec3, commands: &mut Commands) {"}]}]}}
{"reason":"compiler-message","package_id":"path+file:///Users/bradyjeong/Documents/Projects/Amp/gta4/gta_game/gameplay_sim#0.1.0","manifest_path":"/Users/bradyjeong/Documents/Projects/Amp/gta4/gta_game/gameplay_sim/Cargo.toml","target":{"kind":["lib"],"crate_types":["lib"],"name":"gameplay_sim","src_path":"/Users/bradyjeong/Documents/Projects/Amp/gta4/gta_game/gameplay_sim/src/lib.rs","edition":"2021","doc":true,"doctest":true,"test":true},"message":{"rendered":"warning: missing documentation for a struct\n  --> gameplay_sim/src/systems/water.rs:19:1\n   |\n19 | pub struct WaterBody {\n   | ^^^^^^^^^^^^^^^^^^^^\n\n","$message_type":"diagnostic","children":[],"code":{"code":"missing_docs","explanation":null},"level":"warning","message":"missing documentation for a struct","spans":[{"byte_end":423,"byte_start":403,"column_end":21,"column_start":1,"expansion":null,"file_name":"gameplay_sim/src/systems/water.rs","is_primary":true,"label":null,"line_end":19,"line_start":19,"suggested_replacement":null,"suggestion_applicability":null,"text":[{"highlight_end":21,"highlight_start":1,"text":"pub struct WaterBody {"}]}]}}
{"reason":"compiler-message","package_id":"path+file:///Users/bradyjeong/Documents/Projects/Amp/gta4/gta_game/gameplay_sim#0.1.0","manifest_path":"/Users/bradyjeong/Documents/Projects/Amp/gta4/gta_game/gameplay_sim/Cargo.toml","target":{"kind":["lib"],"crate_types":["lib"],"name":"gameplay_sim","src_path":"/Users/bradyjeong/Documents/Projects/Amp/gta4/gta_game/gameplay_sim/src/lib.rs","edition":"2021","doc":true,"doctest":true,"test":true},"message":{"rendered":"warning: missing documentation for a method\n   --> gameplay_sim/src/systems/world/unified_world.rs:276:5\n    |\n276 |     pub fn is_chunk_loaded(&self, coord: ChunkCoord) -> bool {\n    |     ^^^^^^^^^^^^^^^^^^^^^^^^^^^^^^^^^^^^^^^^^^^^^^^^^^^^^^^^\n\n","$message_type":"diagnostic","children":[],"code":{"code":"missing_docs","explanation":null},"level":"warning","message":"missing documentation for a method","spans":[{"byte_end":9223,"byte_start":9167,"column_end":61,"column_start":5,"expansion":null,"file_name":"gameplay_sim/src/systems/world/unified_world.rs","is_primary":true,"label":null,"line_end":276,"line_start":276,"suggested_replacement":null,"suggestion_applicability":null,"text":[{"highlight_end":61,"highlight_start":5,"text":"    pub fn is_chunk_loaded(&self, coord: ChunkCoord) -> bool {"}]}]}}
{"reason":"compiler-message","package_id":"path+file:///Users/bradyjeong/Documents/Projects/Amp/gta4/gta_game/gameplay_sim#0.1.0","manifest_path":"/Users/bradyjeong/Documents/Projects/Amp/gta4/gta_game/gameplay_sim/Cargo.toml","target":{"kind":["lib"],"crate_types":["lib"],"name":"gameplay_sim","src_path":"/Users/bradyjeong/Documents/Projects/Amp/gta4/gta_game/gameplay_sim/src/lib.rs","edition":"2021","doc":true,"doctest":true,"test":true},"message":{"rendered":"warning: missing documentation for a struct field\n  --> gameplay_sim/src/systems/water.rs:20:5\n   |\n20 |     pub size: f32,\n   |     ^^^^^^^^^^^^^\n\n","$message_type":"diagnostic","children":[],"code":{"code":"missing_docs","explanation":null},"level":"warning","message":"missing documentation for a struct field","spans":[{"byte_end":443,"byte_start":430,"column_end":18,"column_start":5,"expansion":null,"file_name":"gameplay_sim/src/systems/water.rs","is_primary":true,"label":null,"line_end":20,"line_start":20,"suggested_replacement":null,"suggestion_applicability":null,"text":[{"highlight_end":18,"highlight_start":5,"text":"    pub size: f32,"}]}]}}
{"reason":"compiler-message","package_id":"path+file:///Users/bradyjeong/Documents/Projects/Amp/gta4/gta_game/gameplay_sim#0.1.0","manifest_path":"/Users/bradyjeong/Documents/Projects/Amp/gta4/gta_game/gameplay_sim/Cargo.toml","target":{"kind":["lib"],"crate_types":["lib"],"name":"gameplay_sim","src_path":"/Users/bradyjeong/Documents/Projects/Amp/gta4/gta_game/gameplay_sim/src/lib.rs","edition":"2021","doc":true,"doctest":true,"test":true},"message":{"rendered":"warning: missing documentation for a method\n   --> gameplay_sim/src/systems/world/unified_world.rs:280:5\n    |\n280 |     pub fn mark_chunk_loaded(&mut self, coord: ChunkCoord) {\n    |     ^^^^^^^^^^^^^^^^^^^^^^^^^^^^^^^^^^^^^^^^^^^^^^^^^^^^^^\n\n","$message_type":"diagnostic","children":[],"code":{"code":"missing_docs","explanation":null},"level":"warning","message":"missing documentation for a method","spans":[{"byte_end":9366,"byte_start":9312,"column_end":59,"column_start":5,"expansion":null,"file_name":"gameplay_sim/src/systems/world/unified_world.rs","is_primary":true,"label":null,"line_end":280,"line_start":280,"suggested_replacement":null,"suggestion_applicability":null,"text":[{"highlight_end":59,"highlight_start":5,"text":"    pub fn mark_chunk_loaded(&mut self, coord: ChunkCoord) {"}]}]}}
{"reason":"compiler-message","package_id":"path+file:///Users/bradyjeong/Documents/Projects/Amp/gta4/gta_game/gameplay_sim#0.1.0","manifest_path":"/Users/bradyjeong/Documents/Projects/Amp/gta4/gta_game/gameplay_sim/Cargo.toml","target":{"kind":["lib"],"crate_types":["lib"],"name":"gameplay_sim","src_path":"/Users/bradyjeong/Documents/Projects/Amp/gta4/gta_game/gameplay_sim/src/lib.rs","edition":"2021","doc":true,"doctest":true,"test":true},"message":{"rendered":"warning: missing documentation for a struct field\n  --> gameplay_sim/src/systems/water.rs:21:5\n   |\n21 |     pub depth: f32,\n   |     ^^^^^^^^^^^^^^\n\n","$message_type":"diagnostic","children":[],"code":{"code":"missing_docs","explanation":null},"level":"warning","message":"missing documentation for a struct field","spans":[{"byte_end":463,"byte_start":449,"column_end":19,"column_start":5,"expansion":null,"file_name":"gameplay_sim/src/systems/water.rs","is_primary":true,"label":null,"line_end":21,"line_start":21,"suggested_replacement":null,"suggestion_applicability":null,"text":[{"highlight_end":19,"highlight_start":5,"text":"    pub depth: f32,"}]}]}}
{"reason":"compiler-message","package_id":"path+file:///Users/bradyjeong/Documents/Projects/Amp/gta4/gta_game/gameplay_sim#0.1.0","manifest_path":"/Users/bradyjeong/Documents/Projects/Amp/gta4/gta_game/gameplay_sim/Cargo.toml","target":{"kind":["lib"],"crate_types":["lib"],"name":"gameplay_sim","src_path":"/Users/bradyjeong/Documents/Projects/Amp/gta4/gta_game/gameplay_sim/src/lib.rs","edition":"2021","doc":true,"doctest":true,"test":true},"message":{"rendered":"warning: missing documentation for a method\n   --> gameplay_sim/src/systems/world/unified_world.rs:286:5\n    |\n286 |     pub fn add_entity_to_chunk(&mut self, entity: Entity, world_pos: Vec3) {\n    |     ^^^^^^^^^^^^^^^^^^^^^^^^^^^^^^^^^^^^^^^^^^^^^^^^^^^^^^^^^^^^^^^^^^^^^^\n\n","$message_type":"diagnostic","children":[],"code":{"code":"missing_docs","explanation":null},"level":"warning","message":"missing documentation for a method","spans":[{"byte_end":9559,"byte_start":9489,"column_end":75,"column_start":5,"expansion":null,"file_name":"gameplay_sim/src/systems/world/unified_world.rs","is_primary":true,"label":null,"line_end":286,"line_start":286,"suggested_replacement":null,"suggestion_applicability":null,"text":[{"highlight_end":75,"highlight_start":5,"text":"    pub fn add_entity_to_chunk(&mut self, entity: Entity, world_pos: Vec3) {"}]}]}}
{"reason":"compiler-message","package_id":"path+file:///Users/bradyjeong/Documents/Projects/Amp/gta4/gta_game/gameplay_sim#0.1.0","manifest_path":"/Users/bradyjeong/Documents/Projects/Amp/gta4/gta_game/gameplay_sim/Cargo.toml","target":{"kind":["lib"],"crate_types":["lib"],"name":"gameplay_sim","src_path":"/Users/bradyjeong/Documents/Projects/Amp/gta4/gta_game/gameplay_sim/src/lib.rs","edition":"2021","doc":true,"doctest":true,"test":true},"message":{"rendered":"warning: missing documentation for a struct field\n  --> gameplay_sim/src/systems/water.rs:22:5\n   |\n22 |     pub wave_height: f32,\n   |     ^^^^^^^^^^^^^^^^^^^^\n\n","$message_type":"diagnostic","children":[],"code":{"code":"missing_docs","explanation":null},"level":"warning","message":"missing documentation for a struct field","spans":[{"byte_end":489,"byte_start":469,"column_end":25,"column_start":5,"expansion":null,"file_name":"gameplay_sim/src/systems/water.rs","is_primary":true,"label":null,"line_end":22,"line_start":22,"suggested_replacement":null,"suggestion_applicability":null,"text":[{"highlight_end":25,"highlight_start":5,"text":"    pub wave_height: f32,"}]}]}}
{"reason":"compiler-message","package_id":"path+file:///Users/bradyjeong/Documents/Projects/Amp/gta4/gta_game/gameplay_sim#0.1.0","manifest_path":"/Users/bradyjeong/Documents/Projects/Amp/gta4/gta_game/gameplay_sim/Cargo.toml","target":{"kind":["lib"],"crate_types":["lib"],"name":"gameplay_sim","src_path":"/Users/bradyjeong/Documents/Projects/Amp/gta4/gta_game/gameplay_sim/src/lib.rs","edition":"2021","doc":true,"doctest":true,"test":true},"message":{"rendered":"warning: missing documentation for a method\n   --> gameplay_sim/src/systems/world/unified_world.rs:292:5\n    |\n292 |     pub fn remove_entity_from_chunk(&mut self, entity: Entity, world_pos: Vec3) {\n    |     ^^^^^^^^^^^^^^^^^^^^^^^^^^^^^^^^^^^^^^^^^^^^^^^^^^^^^^^^^^^^^^^^^^^^^^^^^^^\n\n","$message_type":"diagnostic","children":[],"code":{"code":"missing_docs","explanation":null},"level":"warning","message":"missing documentation for a method","spans":[{"byte_end":9810,"byte_start":9735,"column_end":80,"column_start":5,"expansion":null,"file_name":"gameplay_sim/src/systems/world/unified_world.rs","is_primary":true,"label":null,"line_end":292,"line_start":292,"suggested_replacement":null,"suggestion_applicability":null,"text":[{"highlight_end":80,"highlight_start":5,"text":"    pub fn remove_entity_from_chunk(&mut self, entity: Entity, world_pos: Vec3) {"}]}]}}
{"reason":"compiler-message","package_id":"path+file:///Users/bradyjeong/Documents/Projects/Amp/gta4/gta_game/gameplay_sim#0.1.0","manifest_path":"/Users/bradyjeong/Documents/Projects/Amp/gta4/gta_game/gameplay_sim/Cargo.toml","target":{"kind":["lib"],"crate_types":["lib"],"name":"gameplay_sim","src_path":"/Users/bradyjeong/Documents/Projects/Amp/gta4/gta_game/gameplay_sim/src/lib.rs","edition":"2021","doc":true,"doctest":true,"test":true},"message":{"rendered":"warning: missing documentation for a struct field\n  --> gameplay_sim/src/systems/water.rs:23:5\n   |\n23 |     pub wave_speed: f32,\n   |     ^^^^^^^^^^^^^^^^^^^\n\n","$message_type":"diagnostic","children":[],"code":{"code":"missing_docs","explanation":null},"level":"warning","message":"missing documentation for a struct field","spans":[{"byte_end":514,"byte_start":495,"column_end":24,"column_start":5,"expansion":null,"file_name":"gameplay_sim/src/systems/water.rs","is_primary":true,"label":null,"line_end":23,"line_start":23,"suggested_replacement":null,"suggestion_applicability":null,"text":[{"highlight_end":24,"highlight_start":5,"text":"    pub wave_speed: f32,"}]}]}}
{"reason":"compiler-message","package_id":"path+file:///Users/bradyjeong/Documents/Projects/Amp/gta4/gta_game/gameplay_sim#0.1.0","manifest_path":"/Users/bradyjeong/Documents/Projects/Amp/gta4/gta_game/gameplay_sim/Cargo.toml","target":{"kind":["lib"],"crate_types":["lib"],"name":"gameplay_sim","src_path":"/Users/bradyjeong/Documents/Projects/Amp/gta4/gta_game/gameplay_sim/src/lib.rs","edition":"2021","doc":true,"doctest":true,"test":true},"message":{"rendered":"warning: missing documentation for a struct field\n  --> gameplay_sim/src/systems/water.rs:24:5\n   |\n24 |     pub position: Vec3,\n   |     ^^^^^^^^^^^^^^^^^^\n\n","$message_type":"diagnostic","children":[],"code":{"code":"missing_docs","explanation":null},"level":"warning","message":"missing documentation for a struct field","spans":[{"byte_end":538,"byte_start":520,"column_end":23,"column_start":5,"expansion":null,"file_name":"gameplay_sim/src/systems/water.rs","is_primary":true,"label":null,"line_end":24,"line_start":24,"suggested_replacement":null,"suggestion_applicability":null,"text":[{"highlight_end":23,"highlight_start":5,"text":"    pub position: Vec3,"}]}]}}
{"reason":"compiler-message","package_id":"path+file:///Users/bradyjeong/Documents/Projects/Amp/gta4/gta_game/gameplay_sim#0.1.0","manifest_path":"/Users/bradyjeong/Documents/Projects/Amp/gta4/gta_game/gameplay_sim/Cargo.toml","target":{"kind":["lib"],"crate_types":["lib"],"name":"gameplay_sim","src_path":"/Users/bradyjeong/Documents/Projects/Amp/gta4/gta_game/gameplay_sim/src/lib.rs","edition":"2021","doc":true,"doctest":true,"test":true},"message":{"rendered":"warning: missing documentation for a function\n   --> gameplay_sim/src/systems/world/unified_world.rs:300:1\n    |\n300 | / pub fn world_management_system(\n301 | |     mut world_manager: ResMut<WorldManager>,\n302 | |     mut commands: Commands,\n303 | |     active_query: Query<&Transform, With<ActiveEntity>>,\n304 | |     time: Res<Time>,\n305 | | ) {\n    | |_^\n\n","$message_type":"diagnostic","children":[],"code":{"code":"missing_docs","explanation":null},"level":"warning","message":"missing documentation for a function","spans":[{"byte_end":10187,"byte_start":10003,"column_end":2,"column_start":1,"expansion":null,"file_name":"gameplay_sim/src/systems/world/unified_world.rs","is_primary":true,"label":null,"line_end":305,"line_start":300,"suggested_replacement":null,"suggestion_applicability":null,"text":[{"highlight_end":32,"highlight_start":1,"text":"pub fn world_management_system("},{"highlight_end":45,"highlight_start":1,"text":"    mut world_manager: ResMut<WorldManager>,"},{"highlight_end":28,"highlight_start":1,"text":"    mut commands: Commands,"},{"highlight_end":57,"highlight_start":1,"text":"    active_query: Query<&Transform, With<ActiveEntity>>,"},{"highlight_end":21,"highlight_start":1,"text":"    time: Res<Time>,"},{"highlight_end":2,"highlight_start":1,"text":") {"}]}]}}
{"reason":"compiler-message","package_id":"path+file:///Users/bradyjeong/Documents/Projects/Amp/gta4/gta_game/gameplay_sim#0.1.0","manifest_path":"/Users/bradyjeong/Documents/Projects/Amp/gta4/gta_game/gameplay_sim/Cargo.toml","target":{"kind":["lib"],"crate_types":["lib"],"name":"gameplay_sim","src_path":"/Users/bradyjeong/Documents/Projects/Amp/gta4/gta_game/gameplay_sim/src/lib.rs","edition":"2021","doc":true,"doctest":true,"test":true},"message":{"rendered":"warning: missing documentation for a struct\n  --> gameplay_sim/src/systems/water.rs:28:1\n   |\n28 | pub struct Yacht {\n   | ^^^^^^^^^^^^^^^^\n\n","$message_type":"diagnostic","children":[],"code":{"code":"missing_docs","explanation":null},"level":"warning","message":"missing documentation for a struct","spans":[{"byte_end":580,"byte_start":564,"column_end":17,"column_start":1,"expansion":null,"file_name":"gameplay_sim/src/systems/water.rs","is_primary":true,"label":null,"line_end":28,"line_start":28,"suggested_replacement":null,"suggestion_applicability":null,"text":[{"highlight_end":17,"highlight_start":1,"text":"pub struct Yacht {"}]}]}}
{"reason":"compiler-message","package_id":"path+file:///Users/bradyjeong/Documents/Projects/Amp/gta4/gta_game/gameplay_sim#0.1.0","manifest_path":"/Users/bradyjeong/Documents/Projects/Amp/gta4/gta_game/gameplay_sim/Cargo.toml","target":{"kind":["lib"],"crate_types":["lib"],"name":"gameplay_sim","src_path":"/Users/bradyjeong/Documents/Projects/Amp/gta4/gta_game/gameplay_sim/src/lib.rs","edition":"2021","doc":true,"doctest":true,"test":true},"message":{"rendered":"warning: missing documentation for a struct field\n  --> gameplay_sim/src/systems/water.rs:29:5\n   |\n29 |     pub speed: f32,\n   |     ^^^^^^^^^^^^^^\n\n","$message_type":"diagnostic","children":[],"code":{"code":"missing_docs","explanation":null},"level":"warning","message":"missing documentation for a struct field","spans":[{"byte_end":601,"byte_start":587,"column_end":19,"column_start":5,"expansion":null,"file_name":"gameplay_sim/src/systems/water.rs","is_primary":true,"label":null,"line_end":29,"line_start":29,"suggested_replacement":null,"suggestion_applicability":null,"text":[{"highlight_end":19,"highlight_start":5,"text":"    pub speed: f32,"}]}]}}
{"reason":"compiler-message","package_id":"path+file:///Users/bradyjeong/Documents/Projects/Amp/gta4/gta_game/gameplay_sim#0.1.0","manifest_path":"/Users/bradyjeong/Documents/Projects/Amp/gta4/gta_game/gameplay_sim/Cargo.toml","target":{"kind":["lib"],"crate_types":["lib"],"name":"gameplay_sim","src_path":"/Users/bradyjeong/Documents/Projects/Amp/gta4/gta_game/gameplay_sim/src/lib.rs","edition":"2021","doc":true,"doctest":true,"test":true},"message":{"rendered":"warning: missing documentation for a function\n   --> gameplay_sim/src/systems/world/unified_world.rs:332:1\n    |\n332 | / pub fn spatial_query_system(\n333 | |     world_manager: Res<WorldManager>,\n334 | |     entity_query: Query<(&Transform, &ContentType), With<DynamicContent>>,\n335 | | ) {\n    | |_^\n\n","$message_type":"diagnostic","children":[],"code":{"code":"missing_docs","explanation":null},"level":"warning","message":"missing documentation for a function","spans":[{"byte_end":11311,"byte_start":11168,"column_end":2,"column_start":1,"expansion":null,"file_name":"gameplay_sim/src/systems/world/unified_world.rs","is_primary":true,"label":null,"line_end":335,"line_start":332,"suggested_replacement":null,"suggestion_applicability":null,"text":[{"highlight_end":29,"highlight_start":1,"text":"pub fn spatial_query_system("},{"highlight_end":38,"highlight_start":1,"text":"    world_manager: Res<WorldManager>,"},{"highlight_end":75,"highlight_start":1,"text":"    entity_query: Query<(&Transform, &ContentType), With<DynamicContent>>,"},{"highlight_end":2,"highlight_start":1,"text":") {"}]}]}}
{"reason":"compiler-message","package_id":"path+file:///Users/bradyjeong/Documents/Projects/Amp/gta4/gta_game/gameplay_sim#0.1.0","manifest_path":"/Users/bradyjeong/Documents/Projects/Amp/gta4/gta_game/gameplay_sim/Cargo.toml","target":{"kind":["lib"],"crate_types":["lib"],"name":"gameplay_sim","src_path":"/Users/bradyjeong/Documents/Projects/Amp/gta4/gta_game/gameplay_sim/src/lib.rs","edition":"2021","doc":true,"doctest":true,"test":true},"message":{"rendered":"warning: missing documentation for a struct field\n  --> gameplay_sim/src/systems/water.rs:30:5\n   |\n30 |     pub max_speed: f32,\n   |     ^^^^^^^^^^^^^^^^^^\n\n","$message_type":"diagnostic","children":[],"code":{"code":"missing_docs","explanation":null},"level":"warning","message":"missing documentation for a struct field","spans":[{"byte_end":625,"byte_start":607,"column_end":23,"column_start":5,"expansion":null,"file_name":"gameplay_sim/src/systems/water.rs","is_primary":true,"label":null,"line_end":30,"line_start":30,"suggested_replacement":null,"suggestion_applicability":null,"text":[{"highlight_end":23,"highlight_start":5,"text":"    pub max_speed: f32,"}]}]}}
{"reason":"compiler-message","package_id":"path+file:///Users/bradyjeong/Documents/Projects/Amp/gta4/gta_game/gameplay_sim#0.1.0","manifest_path":"/Users/bradyjeong/Documents/Projects/Amp/gta4/gta_game/gameplay_sim/Cargo.toml","target":{"kind":["lib"],"crate_types":["lib"],"name":"gameplay_sim","src_path":"/Users/bradyjeong/Documents/Projects/Amp/gta4/gta_game/gameplay_sim/src/lib.rs","edition":"2021","doc":true,"doctest":true,"test":true},"message":{"rendered":"warning: missing documentation for a function\n   --> gameplay_sim/src/systems/world/unified_world.rs:356:1\n    |\n356 | pub fn world_pos_to_chunk_coord(world_pos: Vec3) -> ChunkCoord {\n    | ^^^^^^^^^^^^^^^^^^^^^^^^^^^^^^^^^^^^^^^^^^^^^^^^^^^^^^^^^^^^^^\n\n","$message_type":"diagnostic","children":[],"code":{"code":"missing_docs","explanation":null},"level":"warning","message":"missing documentation for a function","spans":[{"byte_end":11980,"byte_start":11918,"column_end":63,"column_start":1,"expansion":null,"file_name":"gameplay_sim/src/systems/world/unified_world.rs","is_primary":true,"label":null,"line_end":356,"line_start":356,"suggested_replacement":null,"suggestion_applicability":null,"text":[{"highlight_end":63,"highlight_start":1,"text":"pub fn world_pos_to_chunk_coord(world_pos: Vec3) -> ChunkCoord {"}]}]}}
{"reason":"compiler-message","package_id":"path+file:///Users/bradyjeong/Documents/Projects/Amp/gta4/gta_game/gameplay_sim#0.1.0","manifest_path":"/Users/bradyjeong/Documents/Projects/Amp/gta4/gta_game/gameplay_sim/Cargo.toml","target":{"kind":["lib"],"crate_types":["lib"],"name":"gameplay_sim","src_path":"/Users/bradyjeong/Documents/Projects/Amp/gta4/gta_game/gameplay_sim/src/lib.rs","edition":"2021","doc":true,"doctest":true,"test":true},"message":{"rendered":"warning: missing documentation for a struct field\n  --> gameplay_sim/src/systems/water.rs:31:5\n   |\n31 |     pub turn_speed: f32,\n   |     ^^^^^^^^^^^^^^^^^^^\n\n","$message_type":"diagnostic","children":[],"code":{"code":"missing_docs","explanation":null},"level":"warning","message":"missing documentation for a struct field","spans":[{"byte_end":650,"byte_start":631,"column_end":24,"column_start":5,"expansion":null,"file_name":"gameplay_sim/src/systems/water.rs","is_primary":true,"label":null,"line_end":31,"line_start":31,"suggested_replacement":null,"suggestion_applicability":null,"text":[{"highlight_end":24,"highlight_start":5,"text":"    pub turn_speed: f32,"}]}]}}
{"reason":"compiler-message","package_id":"path+file:///Users/bradyjeong/Documents/Projects/Amp/gta4/gta_game/gameplay_sim#0.1.0","manifest_path":"/Users/bradyjeong/Documents/Projects/Amp/gta4/gta_game/gameplay_sim/Cargo.toml","target":{"kind":["lib"],"crate_types":["lib"],"name":"gameplay_sim","src_path":"/Users/bradyjeong/Documents/Projects/Amp/gta4/gta_game/gameplay_sim/src/lib.rs","edition":"2021","doc":true,"doctest":true,"test":true},"message":{"rendered":"warning: missing documentation for a function\n   --> gameplay_sim/src/systems/world/unified_world.rs:360:1\n    |\n360 | pub fn chunk_coord_to_world_pos(coord: ChunkCoord) -> Vec3 {\n    | ^^^^^^^^^^^^^^^^^^^^^^^^^^^^^^^^^^^^^^^^^^^^^^^^^^^^^^^^^^\n\n","$message_type":"diagnostic","children":[],"code":{"code":"missing_docs","explanation":null},"level":"warning","message":"missing documentation for a function","spans":[{"byte_end":12098,"byte_start":12040,"column_end":59,"column_start":1,"expansion":null,"file_name":"gameplay_sim/src/systems/world/unified_world.rs","is_primary":true,"label":null,"line_end":360,"line_start":360,"suggested_replacement":null,"suggestion_applicability":null,"text":[{"highlight_end":59,"highlight_start":1,"text":"pub fn chunk_coord_to_world_pos(coord: ChunkCoord) -> Vec3 {"}]}]}}
{"reason":"compiler-message","package_id":"path+file:///Users/bradyjeong/Documents/Projects/Amp/gta4/gta_game/gameplay_sim#0.1.0","manifest_path":"/Users/bradyjeong/Documents/Projects/Amp/gta4/gta_game/gameplay_sim/Cargo.toml","target":{"kind":["lib"],"crate_types":["lib"],"name":"gameplay_sim","src_path":"/Users/bradyjeong/Documents/Projects/Amp/gta4/gta_game/gameplay_sim/src/lib.rs","edition":"2021","doc":true,"doctest":true,"test":true},"message":{"rendered":"warning: missing documentation for a function\n   --> gameplay_sim/src/systems/world/unified_world.rs:364:1\n    |\n364 | pub fn get_chunk_bounds(coord: ChunkCoord) -> (Vec3, Vec3) {\n    | ^^^^^^^^^^^^^^^^^^^^^^^^^^^^^^^^^^^^^^^^^^^^^^^^^^^^^^^^^^\n\n","$message_type":"diagnostic","children":[],"code":{"code":"missing_docs","explanation":null},"level":"warning","message":"missing documentation for a function","spans":[{"byte_end":12197,"byte_start":12139,"column_end":59,"column_start":1,"expansion":null,"file_name":"gameplay_sim/src/systems/world/unified_world.rs","is_primary":true,"label":null,"line_end":364,"line_start":364,"suggested_replacement":null,"suggestion_applicability":null,"text":[{"highlight_end":59,"highlight_start":1,"text":"pub fn get_chunk_bounds(coord: ChunkCoord) -> (Vec3, Vec3) {"}]}]}}
{"reason":"compiler-message","package_id":"path+file:///Users/bradyjeong/Documents/Projects/Amp/gta4/gta_game/gameplay_sim#0.1.0","manifest_path":"/Users/bradyjeong/Documents/Projects/Amp/gta4/gta_game/gameplay_sim/Cargo.toml","target":{"kind":["lib"],"crate_types":["lib"],"name":"gameplay_sim","src_path":"/Users/bradyjeong/Documents/Projects/Amp/gta4/gta_game/gameplay_sim/src/lib.rs","edition":"2021","doc":true,"doctest":true,"test":true},"message":{"rendered":"warning: missing documentation for a function\n  --> gameplay_sim/src/systems/water.rs:34:1\n   |\n34 | / pub fn setup_lake(\n35 | |     mut commands: Commands,\n36 | |     mut meshes: ResMut<Assets<Mesh>>,\n37 | |     mut materials: ResMut<Assets<StandardMaterial>>,\n38 | | ) {\n   | |_^\n\n","$message_type":"diagnostic","children":[],"code":{"code":"missing_docs","explanation":null},"level":"warning","message":"missing documentation for a function","spans":[{"byte_end":794,"byte_start":655,"column_end":2,"column_start":1,"expansion":null,"file_name":"gameplay_sim/src/systems/water.rs","is_primary":true,"label":null,"line_end":38,"line_start":34,"suggested_replacement":null,"suggestion_applicability":null,"text":[{"highlight_end":19,"highlight_start":1,"text":"pub fn setup_lake("},{"highlight_end":28,"highlight_start":1,"text":"    mut commands: Commands,"},{"highlight_end":38,"highlight_start":1,"text":"    mut meshes: ResMut<Assets<Mesh>>,"},{"highlight_end":53,"highlight_start":1,"text":"    mut materials: ResMut<Assets<StandardMaterial>>,"},{"highlight_end":2,"highlight_start":1,"text":") {"}]}]}}
{"reason":"compiler-message","package_id":"path+file:///Users/bradyjeong/Documents/Projects/Amp/gta4/gta_game/gameplay_sim#0.1.0","manifest_path":"/Users/bradyjeong/Documents/Projects/Amp/gta4/gta_game/gameplay_sim/Cargo.toml","target":{"kind":["lib"],"crate_types":["lib"],"name":"gameplay_sim","src_path":"/Users/bradyjeong/Documents/Projects/Amp/gta4/gta_game/gameplay_sim/src/lib.rs","edition":"2021","doc":true,"doctest":true,"test":true},"message":{"rendered":"warning: missing documentation for a function\n   --> gameplay_sim/src/systems/world/unified_world.rs:374:1\n    |\n374 | pub fn is_position_in_chunk(world_pos: Vec3, coord: ChunkCoord) -> bool {\n    | ^^^^^^^^^^^^^^^^^^^^^^^^^^^^^^^^^^^^^^^^^^^^^^^^^^^^^^^^^^^^^^^^^^^^^^^\n\n","$message_type":"diagnostic","children":[],"code":{"code":"missing_docs","explanation":null},"level":"warning","message":"missing documentation for a function","spans":[{"byte_end":12508,"byte_start":12437,"column_end":72,"column_start":1,"expansion":null,"file_name":"gameplay_sim/src/systems/world/unified_world.rs","is_primary":true,"label":null,"line_end":374,"line_start":374,"suggested_replacement":null,"suggestion_applicability":null,"text":[{"highlight_end":72,"highlight_start":1,"text":"pub fn is_position_in_chunk(world_pos: Vec3, coord: ChunkCoord) -> bool {"}]}]}}
{"reason":"compiler-message","package_id":"path+file:///Users/bradyjeong/Documents/Projects/Amp/gta4/gta_game/gameplay_sim#0.1.0","manifest_path":"/Users/bradyjeong/Documents/Projects/Amp/gta4/gta_game/gameplay_sim/Cargo.toml","target":{"kind":["lib"],"crate_types":["lib"],"name":"gameplay_sim","src_path":"/Users/bradyjeong/Documents/Projects/Amp/gta4/gta_game/gameplay_sim/src/lib.rs","edition":"2021","doc":true,"doctest":true,"test":true},"message":{"rendered":"warning: missing documentation for a function\n  --> gameplay_sim/src/systems/water.rs:78:1\n   |\n78 | / pub fn setup_yacht(\n79 | |     mut commands: Commands,\n80 | |     mut meshes: ResMut<Assets<Mesh>>,\n81 | |     mut materials: ResMut<Assets<StandardMaterial>>,\n82 | | ) {\n   | |_^\n\n","$message_type":"diagnostic","children":[],"code":{"code":"missing_docs","explanation":null},"level":"warning","message":"missing documentation for a function","spans":[{"byte_end":2272,"byte_start":2132,"column_end":2,"column_start":1,"expansion":null,"file_name":"gameplay_sim/src/systems/water.rs","is_primary":true,"label":null,"line_end":82,"line_start":78,"suggested_replacement":null,"suggestion_applicability":null,"text":[{"highlight_end":20,"highlight_start":1,"text":"pub fn setup_yacht("},{"highlight_end":28,"highlight_start":1,"text":"    mut commands: Commands,"},{"highlight_end":38,"highlight_start":1,"text":"    mut meshes: ResMut<Assets<Mesh>>,"},{"highlight_end":53,"highlight_start":1,"text":"    mut materials: ResMut<Assets<StandardMaterial>>,"},{"highlight_end":2,"highlight_start":1,"text":") {"}]}]}}
{"reason":"compiler-message","package_id":"path+file:///Users/bradyjeong/Documents/Projects/Amp/gta4/gta_game/gameplay_sim#0.1.0","manifest_path":"/Users/bradyjeong/Documents/Projects/Amp/gta4/gta_game/gameplay_sim/Cargo.toml","target":{"kind":["lib"],"crate_types":["lib"],"name":"gameplay_sim","src_path":"/Users/bradyjeong/Documents/Projects/Amp/gta4/gta_game/gameplay_sim/src/lib.rs","edition":"2021","doc":true,"doctest":true,"test":true},"message":{"rendered":"warning: missing documentation for a function\n   --> gameplay_sim/src/systems/world/unified_world.rs:382:1\n    |\n382 | pub fn unified_world_streaming_system() {\n    | ^^^^^^^^^^^^^^^^^^^^^^^^^^^^^^^^^^^^^^^\n\n","$message_type":"diagnostic","children":[],"code":{"code":"missing_docs","explanation":null},"level":"warning","message":"missing documentation for a function","spans":[{"byte_end":12738,"byte_start":12699,"column_end":40,"column_start":1,"expansion":null,"file_name":"gameplay_sim/src/systems/world/unified_world.rs","is_primary":true,"label":null,"line_end":382,"line_start":382,"suggested_replacement":null,"suggestion_applicability":null,"text":[{"highlight_end":40,"highlight_start":1,"text":"pub fn unified_world_streaming_system() {"}]}]}}
{"reason":"compiler-message","package_id":"path+file:///Users/bradyjeong/Documents/Projects/Amp/gta4/gta_game/gameplay_sim#0.1.0","manifest_path":"/Users/bradyjeong/Documents/Projects/Amp/gta4/gta_game/gameplay_sim/Cargo.toml","target":{"kind":["lib"],"crate_types":["lib"],"name":"gameplay_sim","src_path":"/Users/bradyjeong/Documents/Projects/Amp/gta4/gta_game/gameplay_sim/src/lib.rs","edition":"2021","doc":true,"doctest":true,"test":true},"message":{"rendered":"warning: missing documentation for a function\n   --> gameplay_sim/src/systems/water.rs:104:1\n    |\n104 | / pub fn yacht_movement_system(\n105 | |     input: Res<ButtonInput<KeyCode>>,\n106 | |     mut yacht_query: Query<(&mut Transform, &mut Velocity, &Yacht)>,\n107 | |     time: Res<Time>,\n108 | | ) {\n    | |_^\n\n","$message_type":"diagnostic","children":[],"code":{"code":"missing_docs","explanation":null},"level":"warning","message":"missing documentation for a function","spans":[{"byte_end":3037,"byte_start":2878,"column_end":2,"column_start":1,"expansion":null,"file_name":"gameplay_sim/src/systems/water.rs","is_primary":true,"label":null,"line_end":108,"line_start":104,"suggested_replacement":null,"suggestion_applicability":null,"text":[{"highlight_end":30,"highlight_start":1,"text":"pub fn yacht_movement_system("},{"highlight_end":38,"highlight_start":1,"text":"    input: Res<ButtonInput<KeyCode>>,"},{"highlight_end":69,"highlight_start":1,"text":"    mut yacht_query: Query<(&mut Transform, &mut Velocity, &Yacht)>,"},{"highlight_end":21,"highlight_start":1,"text":"    time: Res<Time>,"},{"highlight_end":2,"highlight_start":1,"text":") {"}]}]}}
{"reason":"compiler-message","package_id":"path+file:///Users/bradyjeong/Documents/Projects/Amp/gta4/gta_game/gameplay_sim#0.1.0","manifest_path":"/Users/bradyjeong/Documents/Projects/Amp/gta4/gta_game/gameplay_sim/Cargo.toml","target":{"kind":["lib"],"crate_types":["lib"],"name":"gameplay_sim","src_path":"/Users/bradyjeong/Documents/Projects/Amp/gta4/gta_game/gameplay_sim/src/lib.rs","edition":"2021","doc":true,"doctest":true,"test":true},"message":{"rendered":"warning: missing documentation for a function\n   --> gameplay_sim/src/systems/world/unified_world.rs:386:1\n    |\n386 | pub fn layered_generation_coordinator() {\n    | ^^^^^^^^^^^^^^^^^^^^^^^^^^^^^^^^^^^^^^^\n\n","$message_type":"diagnostic","children":[],"code":{"code":"missing_docs","explanation":null},"level":"warning","message":"missing documentation for a function","spans":[{"byte_end":12835,"byte_start":12796,"column_end":40,"column_start":1,"expansion":null,"file_name":"gameplay_sim/src/systems/world/unified_world.rs","is_primary":true,"label":null,"line_end":386,"line_start":386,"suggested_replacement":null,"suggestion_applicability":null,"text":[{"highlight_end":40,"highlight_start":1,"text":"pub fn layered_generation_coordinator() {"}]}]}}
{"reason":"compiler-message","package_id":"path+file:///Users/bradyjeong/Documents/Projects/Amp/gta4/gta_game/gameplay_sim#0.1.0","manifest_path":"/Users/bradyjeong/Documents/Projects/Amp/gta4/gta_game/gameplay_sim/Cargo.toml","target":{"kind":["lib"],"crate_types":["lib"],"name":"gameplay_sim","src_path":"/Users/bradyjeong/Documents/Projects/Amp/gta4/gta_game/gameplay_sim/src/lib.rs","edition":"2021","doc":true,"doctest":true,"test":true},"message":{"rendered":"warning: missing documentation for a function\n   --> gameplay_sim/src/systems/water.rs:141:1\n    |\n141 | / pub fn water_effects_system(\n142 | |     mut water_query: Query<&mut Transform, With<WaterBody>>,\n143 | |     time: Res<Time>,\n144 | | ) {\n    | |_^\n\n","$message_type":"diagnostic","children":[],"code":{"code":"missing_docs","explanation":null},"level":"warning","message":"missing documentation for a function","spans":[{"byte_end":4054,"byte_start":3942,"column_end":2,"column_start":1,"expansion":null,"file_name":"gameplay_sim/src/systems/water.rs","is_primary":true,"label":null,"line_end":144,"line_start":141,"suggested_replacement":null,"suggestion_applicability":null,"text":[{"highlight_end":29,"highlight_start":1,"text":"pub fn water_effects_system("},{"highlight_end":61,"highlight_start":1,"text":"    mut water_query: Query<&mut Transform, With<WaterBody>>,"},{"highlight_end":21,"highlight_start":1,"text":"    time: Res<Time>,"},{"highlight_end":2,"highlight_start":1,"text":") {"}]}]}}
{"reason":"compiler-message","package_id":"path+file:///Users/bradyjeong/Documents/Projects/Amp/gta4/gta_game/gameplay_sim#0.1.0","manifest_path":"/Users/bradyjeong/Documents/Projects/Amp/gta4/gta_game/gameplay_sim/Cargo.toml","target":{"kind":["lib"],"crate_types":["lib"],"name":"gameplay_sim","src_path":"/Users/bradyjeong/Documents/Projects/Amp/gta4/gta_game/gameplay_sim/src/lib.rs","edition":"2021","doc":true,"doctest":true,"test":true},"message":{"rendered":"warning: missing documentation for a struct field\n --> gameplay_sim/src/systems/batching.rs:6:5\n  |\n6 |     pub frame: u64,\n  |     ^^^^^^^^^^^^^^\n\n","$message_type":"diagnostic","children":[],"code":{"code":"missing_docs","explanation":null},"level":"warning","message":"missing documentation for a struct field","spans":[{"byte_end":143,"byte_start":129,"column_end":19,"column_start":5,"expansion":null,"file_name":"gameplay_sim/src/systems/batching.rs","is_primary":true,"label":null,"line_end":6,"line_start":6,"suggested_replacement":null,"suggestion_applicability":null,"text":[{"highlight_end":19,"highlight_start":5,"text":"    pub frame: u64,"}]}]}}
{"reason":"compiler-message","package_id":"path+file:///Users/bradyjeong/Documents/Projects/Amp/gta4/gta_game/gameplay_sim#0.1.0","manifest_path":"/Users/bradyjeong/Documents/Projects/Amp/gta4/gta_game/gameplay_sim/Cargo.toml","target":{"kind":["lib"],"crate_types":["lib"],"name":"gameplay_sim","src_path":"/Users/bradyjeong/Documents/Projects/Amp/gta4/gta_game/gameplay_sim/src/lib.rs","edition":"2021","doc":true,"doctest":true,"test":true},"message":{"rendered":"warning: missing documentation for a function\n   --> gameplay_sim/src/systems/world/unified_world.rs:390:1\n    |\n390 | pub fn vehicle_layer_system() {\n    | ^^^^^^^^^^^^^^^^^^^^^^^^^^^^^\n\n","$message_type":"diagnostic","children":[],"code":{"code":"missing_docs","explanation":null},"level":"warning","message":"missing documentation for a function","spans":[{"byte_end":12929,"byte_start":12900,"column_end":30,"column_start":1,"expansion":null,"file_name":"gameplay_sim/src/systems/world/unified_world.rs","is_primary":true,"label":null,"line_end":390,"line_start":390,"suggested_replacement":null,"suggestion_applicability":null,"text":[{"highlight_end":30,"highlight_start":1,"text":"pub fn vehicle_layer_system() {"}]}]}}
{"reason":"compiler-message","package_id":"path+file:///Users/bradyjeong/Documents/Projects/Amp/gta4/gta_game/gameplay_sim#0.1.0","manifest_path":"/Users/bradyjeong/Documents/Projects/Amp/gta4/gta_game/gameplay_sim/Cargo.toml","target":{"kind":["lib"],"crate_types":["lib"],"name":"gameplay_sim","src_path":"/Users/bradyjeong/Documents/Projects/Amp/gta4/gta_game/gameplay_sim/src/lib.rs","edition":"2021","doc":true,"doctest":true,"test":true},"message":{"rendered":"warning: missing documentation for a function\n   --> gameplay_sim/src/systems/world/unified_world.rs:394:1\n    |\n394 | pub fn master_unified_lod_system() {\n    | ^^^^^^^^^^^^^^^^^^^^^^^^^^^^^^^^^^\n\n","$message_type":"diagnostic","children":[],"code":{"code":"missing_docs","explanation":null},"level":"warning","message":"missing documentation for a function","spans":[{"byte_end":13019,"byte_start":12985,"column_end":35,"column_start":1,"expansion":null,"file_name":"gameplay_sim/src/systems/world/unified_world.rs","is_primary":true,"label":null,"line_end":394,"line_start":394,"suggested_replacement":null,"suggestion_applicability":null,"text":[{"highlight_end":35,"highlight_start":1,"text":"pub fn master_unified_lod_system() {"}]}]}}
{"reason":"compiler-message","package_id":"path+file:///Users/bradyjeong/Documents/Projects/Amp/gta4/gta_game/gameplay_sim#0.1.0","manifest_path":"/Users/bradyjeong/Documents/Projects/Amp/gta4/gta_game/gameplay_sim/Cargo.toml","target":{"kind":["lib"],"crate_types":["lib"],"name":"gameplay_sim","src_path":"/Users/bradyjeong/Documents/Projects/Amp/gta4/gta_game/gameplay_sim/src/lib.rs","edition":"2021","doc":true,"doctest":true,"test":true},"message":{"rendered":"warning: missing documentation for a function\n   --> gameplay_sim/src/systems/world/unified_world.rs:398:1\n    |\n398 | pub fn master_lod_performance_monitor() {\n    | ^^^^^^^^^^^^^^^^^^^^^^^^^^^^^^^^^^^^^^^\n\n","$message_type":"diagnostic","children":[],"code":{"code":"missing_docs","explanation":null},"level":"warning","message":"missing documentation for a function","spans":[{"byte_end":13111,"byte_start":13072,"column_end":40,"column_start":1,"expansion":null,"file_name":"gameplay_sim/src/systems/world/unified_world.rs","is_primary":true,"label":null,"line_end":398,"line_start":398,"suggested_replacement":null,"suggestion_applicability":null,"text":[{"highlight_end":40,"highlight_start":1,"text":"pub fn master_lod_performance_monitor() {"}]}]}}
{"reason":"compiler-message","package_id":"path+file:///Users/bradyjeong/Documents/Projects/Amp/gta4/gta_game/gameplay_sim#0.1.0","manifest_path":"/Users/bradyjeong/Documents/Projects/Amp/gta4/gta_game/gameplay_sim/Cargo.toml","target":{"kind":["lib"],"crate_types":["lib"],"name":"gameplay_sim","src_path":"/Users/bradyjeong/Documents/Projects/Amp/gta4/gta_game/gameplay_sim/src/lib.rs","edition":"2021","doc":true,"doctest":true,"test":true},"message":{"rendered":"warning: missing documentation for a function\n   --> gameplay_sim/src/systems/world/unified_world.rs:402:1\n    |\n402 | pub fn initialize_master_lod_system() {\n    | ^^^^^^^^^^^^^^^^^^^^^^^^^^^^^^^^^^^^^\n\n","$message_type":"diagnostic","children":[],"code":{"code":"missing_docs","explanation":null},"level":"warning","message":"missing documentation for a function","spans":[{"byte_end":13214,"byte_start":13177,"column_end":38,"column_start":1,"expansion":null,"file_name":"gameplay_sim/src/systems/world/unified_world.rs","is_primary":true,"label":null,"line_end":402,"line_start":402,"suggested_replacement":null,"suggestion_applicability":null,"text":[{"highlight_end":38,"highlight_start":1,"text":"pub fn initialize_master_lod_system() {"}]}]}}
{"reason":"compiler-message","package_id":"path+file:///Users/bradyjeong/Documents/Projects/Amp/gta4/gta_game/gameplay_sim#0.1.0","manifest_path":"/Users/bradyjeong/Documents/Projects/Amp/gta4/gta_game/gameplay_sim/Cargo.toml","target":{"kind":["lib"],"crate_types":["lib"],"name":"gameplay_sim","src_path":"/Users/bradyjeong/Documents/Projects/Amp/gta4/gta_game/gameplay_sim/src/lib.rs","edition":"2021","doc":true,"doctest":true,"test":true},"message":{"rendered":"warning: missing documentation for a function\n   --> gameplay_sim/src/systems/world/unified_world.rs:406:1\n    |\n406 | pub fn adaptive_lod_system() {\n    | ^^^^^^^^^^^^^^^^^^^^^^^^^^^^\n\n","$message_type":"diagnostic","children":[],"code":{"code":"missing_docs","explanation":null},"level":"warning","message":"missing documentation for a function","spans":[{"byte_end":13306,"byte_start":13278,"column_end":29,"column_start":1,"expansion":null,"file_name":"gameplay_sim/src/systems/world/unified_world.rs","is_primary":true,"label":null,"line_end":406,"line_start":406,"suggested_replacement":null,"suggestion_applicability":null,"text":[{"highlight_end":29,"highlight_start":1,"text":"pub fn adaptive_lod_system() {"}]}]}}
{"reason":"compiler-message","package_id":"path+file:///Users/bradyjeong/Documents/Projects/Amp/gta4/gta_game/gameplay_sim#0.1.0","manifest_path":"/Users/bradyjeong/Documents/Projects/Amp/gta4/gta_game/gameplay_sim/Cargo.toml","target":{"kind":["lib"],"crate_types":["lib"],"name":"gameplay_sim","src_path":"/Users/bradyjeong/Documents/Projects/Amp/gta4/gta_game/gameplay_sim/src/lib.rs","edition":"2021","doc":true,"doctest":true,"test":true},"message":{"rendered":"warning: missing documentation for a function\n   --> gameplay_sim/src/systems/world/unified_world.rs:410:1\n    |\n410 | pub fn unified_cleanup_system() {\n    | ^^^^^^^^^^^^^^^^^^^^^^^^^^^^^^^\n\n","$message_type":"diagnostic","children":[],"code":{"code":"missing_docs","explanation":null},"level":"warning","message":"missing documentation for a function","spans":[{"byte_end":13392,"byte_start":13361,"column_end":32,"column_start":1,"expansion":null,"file_name":"gameplay_sim/src/systems/world/unified_world.rs","is_primary":true,"label":null,"line_end":410,"line_start":410,"suggested_replacement":null,"suggestion_applicability":null,"text":[{"highlight_end":32,"highlight_start":1,"text":"pub fn unified_cleanup_system() {"}]}]}}
{"reason":"compiler-message","package_id":"path+file:///Users/bradyjeong/Documents/Projects/Amp/gta4/gta_game/gameplay_sim#0.1.0","manifest_path":"/Users/bradyjeong/Documents/Projects/Amp/gta4/gta_game/gameplay_sim/Cargo.toml","target":{"kind":["lib"],"crate_types":["lib"],"name":"gameplay_sim","src_path":"/Users/bradyjeong/Documents/Projects/Amp/gta4/gta_game/gameplay_sim/src/lib.rs","edition":"2021","doc":true,"doctest":true,"test":true},"message":{"rendered":"warning: missing documentation for a function\n   --> gameplay_sim/src/systems/world/unified_world.rs:414:1\n    |\n414 | pub fn spawn_new_npc_system() {\n    | ^^^^^^^^^^^^^^^^^^^^^^^^^^^^^\n\n","$message_type":"diagnostic","children":[],"code":{"code":"missing_docs","explanation":null},"level":"warning","message":"missing documentation for a function","spans":[{"byte_end":13479,"byte_start":13450,"column_end":30,"column_start":1,"expansion":null,"file_name":"gameplay_sim/src/systems/world/unified_world.rs","is_primary":true,"label":null,"line_end":414,"line_start":414,"suggested_replacement":null,"suggestion_applicability":null,"text":[{"highlight_end":30,"highlight_start":1,"text":"pub fn spawn_new_npc_system() {"}]}]}}
{"reason":"compiler-message","package_id":"path+file:///Users/bradyjeong/Documents/Projects/Amp/gta4/gta_game/gameplay_sim#0.1.0","manifest_path":"/Users/bradyjeong/Documents/Projects/Amp/gta4/gta_game/gameplay_sim/Cargo.toml","target":{"kind":["lib"],"crate_types":["lib"],"name":"gameplay_sim","src_path":"/Users/bradyjeong/Documents/Projects/Amp/gta4/gta_game/gameplay_sim/src/lib.rs","edition":"2021","doc":true,"doctest":true,"test":true},"message":{"rendered":"warning: missing documentation for an enum\n  --> gameplay_sim/src/systems/world/layered_generation.rs:20:1\n   |\n20 | pub enum ChunkState {\n   | ^^^^^^^^^^^^^^^^^^^\n\n","$message_type":"diagnostic","children":[],"code":{"code":"missing_docs","explanation":null},"level":"warning","message":"missing documentation for an enum","spans":[{"byte_end":914,"byte_start":895,"column_end":20,"column_start":1,"expansion":null,"file_name":"gameplay_sim/src/systems/world/layered_generation.rs","is_primary":true,"label":null,"line_end":20,"line_start":20,"suggested_replacement":null,"suggestion_applicability":null,"text":[{"highlight_end":20,"highlight_start":1,"text":"pub enum ChunkState {"}]}]}}
{"reason":"compiler-message","package_id":"path+file:///Users/bradyjeong/Documents/Projects/Amp/gta4/gta_game/gameplay_sim#0.1.0","manifest_path":"/Users/bradyjeong/Documents/Projects/Amp/gta4/gta_game/gameplay_sim/Cargo.toml","target":{"kind":["lib"],"crate_types":["lib"],"name":"gameplay_sim","src_path":"/Users/bradyjeong/Documents/Projects/Amp/gta4/gta_game/gameplay_sim/src/lib.rs","edition":"2021","doc":true,"doctest":true,"test":true},"message":{"rendered":"warning: missing documentation for a variant\n  --> gameplay_sim/src/systems/world/layered_generation.rs:21:5\n   |\n21 |     Empty,\n   |     ^^^^^\n\n","$message_type":"diagnostic","children":[],"code":{"code":"missing_docs","explanation":null},"level":"warning","message":"missing documentation for a variant","spans":[{"byte_end":926,"byte_start":921,"column_end":10,"column_start":5,"expansion":null,"file_name":"gameplay_sim/src/systems/world/layered_generation.rs","is_primary":true,"label":null,"line_end":21,"line_start":21,"suggested_replacement":null,"suggestion_applicability":null,"text":[{"highlight_end":10,"highlight_start":5,"text":"    Empty,"}]}]}}
{"reason":"compiler-message","package_id":"path+file:///Users/bradyjeong/Documents/Projects/Amp/gta4/gta_game/gameplay_sim#0.1.0","manifest_path":"/Users/bradyjeong/Documents/Projects/Amp/gta4/gta_game/gameplay_sim/Cargo.toml","target":{"kind":["lib"],"crate_types":["lib"],"name":"gameplay_sim","src_path":"/Users/bradyjeong/Documents/Projects/Amp/gta4/gta_game/gameplay_sim/src/lib.rs","edition":"2021","doc":true,"doctest":true,"test":true},"message":{"rendered":"warning: missing documentation for a variant\n  --> gameplay_sim/src/systems/world/layered_generation.rs:22:5\n   |\n22 |     Loading,\n   |     ^^^^^^^\n\n","$message_type":"diagnostic","children":[],"code":{"code":"missing_docs","explanation":null},"level":"warning","message":"missing documentation for a variant","spans":[{"byte_end":939,"byte_start":932,"column_end":12,"column_start":5,"expansion":null,"file_name":"gameplay_sim/src/systems/world/layered_generation.rs","is_primary":true,"label":null,"line_end":22,"line_start":22,"suggested_replacement":null,"suggestion_applicability":null,"text":[{"highlight_end":12,"highlight_start":5,"text":"    Loading,"}]}]}}
{"reason":"compiler-message","package_id":"path+file:///Users/bradyjeong/Documents/Projects/Amp/gta4/gta_game/gameplay_sim#0.1.0","manifest_path":"/Users/bradyjeong/Documents/Projects/Amp/gta4/gta_game/gameplay_sim/Cargo.toml","target":{"kind":["lib"],"crate_types":["lib"],"name":"gameplay_sim","src_path":"/Users/bradyjeong/Documents/Projects/Amp/gta4/gta_game/gameplay_sim/src/lib.rs","edition":"2021","doc":true,"doctest":true,"test":true},"message":{"rendered":"warning: missing documentation for a variant\n  --> gameplay_sim/src/systems/world/layered_generation.rs:23:5\n   |\n23 |     Loaded,\n   |     ^^^^^^\n\n","$message_type":"diagnostic","children":[],"code":{"code":"missing_docs","explanation":null},"level":"warning","message":"missing documentation for a variant","spans":[{"byte_end":951,"byte_start":945,"column_end":11,"column_start":5,"expansion":null,"file_name":"gameplay_sim/src/systems/world/layered_generation.rs","is_primary":true,"label":null,"line_end":23,"line_start":23,"suggested_replacement":null,"suggestion_applicability":null,"text":[{"highlight_end":11,"highlight_start":5,"text":"    Loaded,"}]}]}}
{"reason":"compiler-message","package_id":"path+file:///Users/bradyjeong/Documents/Projects/Amp/gta4/gta_game/gameplay_sim#0.1.0","manifest_path":"/Users/bradyjeong/Documents/Projects/Amp/gta4/gta_game/gameplay_sim/Cargo.toml","target":{"kind":["lib"],"crate_types":["lib"],"name":"gameplay_sim","src_path":"/Users/bradyjeong/Documents/Projects/Amp/gta4/gta_game/gameplay_sim/src/lib.rs","edition":"2021","doc":true,"doctest":true,"test":true},"message":{"rendered":"warning: missing documentation for a struct\n  --> gameplay_sim/src/systems/world/layered_generation.rs:27:1\n   |\n27 | pub struct LayeredChunkData {\n   | ^^^^^^^^^^^^^^^^^^^^^^^^^^^\n\n","$message_type":"diagnostic","children":[],"code":{"code":"missing_docs","explanation":null},"level":"warning","message":"missing documentation for a struct","spans":[{"byte_end":1000,"byte_start":973,"column_end":28,"column_start":1,"expansion":null,"file_name":"gameplay_sim/src/systems/world/layered_generation.rs","is_primary":true,"label":null,"line_end":27,"line_start":27,"suggested_replacement":null,"suggestion_applicability":null,"text":[{"highlight_end":28,"highlight_start":1,"text":"pub struct LayeredChunkData {"}]}]}}
{"reason":"compiler-message","package_id":"path+file:///Users/bradyjeong/Documents/Projects/Amp/gta4/gta_game/gameplay_sim#0.1.0","manifest_path":"/Users/bradyjeong/Documents/Projects/Amp/gta4/gta_game/gameplay_sim/Cargo.toml","target":{"kind":["lib"],"crate_types":["lib"],"name":"gameplay_sim","src_path":"/Users/bradyjeong/Documents/Projects/Amp/gta4/gta_game/gameplay_sim/src/lib.rs","edition":"2021","doc":true,"doctest":true,"test":true},"message":{"rendered":"warning: missing documentation for a struct field\n  --> gameplay_sim/src/systems/world/layered_generation.rs:28:5\n   |\n28 |     pub state: ChunkState,\n   |     ^^^^^^^^^^^^^^^^^^^^^\n\n","$message_type":"diagnostic","children":[],"code":{"code":"missing_docs","explanation":null},"level":"warning","message":"missing documentation for a struct field","spans":[{"byte_end":1028,"byte_start":1007,"column_end":26,"column_start":5,"expansion":null,"file_name":"gameplay_sim/src/systems/world/layered_generation.rs","is_primary":true,"label":null,"line_end":28,"line_start":28,"suggested_replacement":null,"suggestion_applicability":null,"text":[{"highlight_end":26,"highlight_start":5,"text":"    pub state: ChunkState,"}]}]}}
{"reason":"compiler-message","package_id":"path+file:///Users/bradyjeong/Documents/Projects/Amp/gta4/gta_game/gameplay_sim#0.1.0","manifest_path":"/Users/bradyjeong/Documents/Projects/Amp/gta4/gta_game/gameplay_sim/Cargo.toml","target":{"kind":["lib"],"crate_types":["lib"],"name":"gameplay_sim","src_path":"/Users/bradyjeong/Documents/Projects/Amp/gta4/gta_game/gameplay_sim/src/lib.rs","edition":"2021","doc":true,"doctest":true,"test":true},"message":{"rendered":"warning: missing documentation for a struct field\n  --> gameplay_sim/src/systems/world/layered_generation.rs:29:5\n   |\n29 |     pub completed_layers: HashSet<ContentLayer>,\n   |     ^^^^^^^^^^^^^^^^^^^^^^^^^^^^^^^^^^^^^^^^^^^\n\n","$message_type":"diagnostic","children":[],"code":{"code":"missing_docs","explanation":null},"level":"warning","message":"missing documentation for a struct field","spans":[{"byte_end":1077,"byte_start":1034,"column_end":48,"column_start":5,"expansion":null,"file_name":"gameplay_sim/src/systems/world/layered_generation.rs","is_primary":true,"label":null,"line_end":29,"line_start":29,"suggested_replacement":null,"suggestion_applicability":null,"text":[{"highlight_end":48,"highlight_start":5,"text":"    pub completed_layers: HashSet<ContentLayer>,"}]}]}}
{"reason":"compiler-message","package_id":"path+file:///Users/bradyjeong/Documents/Projects/Amp/gta4/gta_game/gameplay_sim#0.1.0","manifest_path":"/Users/bradyjeong/Documents/Projects/Amp/gta4/gta_game/gameplay_sim/Cargo.toml","target":{"kind":["lib"],"crate_types":["lib"],"name":"gameplay_sim","src_path":"/Users/bradyjeong/Documents/Projects/Amp/gta4/gta_game/gameplay_sim/src/lib.rs","edition":"2021","doc":true,"doctest":true,"test":true},"message":{"rendered":"warning: missing documentation for a struct field\n  --> gameplay_sim/src/systems/world/layered_generation.rs:30:5\n   |\n30 |     pub roads_generated: bool,\n   |     ^^^^^^^^^^^^^^^^^^^^^^^^^\n\n","$message_type":"diagnostic","children":[],"code":{"code":"missing_docs","explanation":null},"level":"warning","message":"missing documentation for a struct field","spans":[{"byte_end":1108,"byte_start":1083,"column_end":30,"column_start":5,"expansion":null,"file_name":"gameplay_sim/src/systems/world/layered_generation.rs","is_primary":true,"label":null,"line_end":30,"line_start":30,"suggested_replacement":null,"suggestion_applicability":null,"text":[{"highlight_end":30,"highlight_start":5,"text":"    pub roads_generated: bool,"}]}]}}
{"reason":"compiler-message","package_id":"path+file:///Users/bradyjeong/Documents/Projects/Amp/gta4/gta_game/gameplay_sim#0.1.0","manifest_path":"/Users/bradyjeong/Documents/Projects/Amp/gta4/gta_game/gameplay_sim/Cargo.toml","target":{"kind":["lib"],"crate_types":["lib"],"name":"gameplay_sim","src_path":"/Users/bradyjeong/Documents/Projects/Amp/gta4/gta_game/gameplay_sim/src/lib.rs","edition":"2021","doc":true,"doctest":true,"test":true},"message":{"rendered":"warning: missing documentation for a struct field\n  --> gameplay_sim/src/systems/world/layered_generation.rs:31:5\n   |\n31 |     pub buildings_generated: bool,\n   |     ^^^^^^^^^^^^^^^^^^^^^^^^^^^^^\n\n","$message_type":"diagnostic","children":[],"code":{"code":"missing_docs","explanation":null},"level":"warning","message":"missing documentation for a struct field","spans":[{"byte_end":1143,"byte_start":1114,"column_end":34,"column_start":5,"expansion":null,"file_name":"gameplay_sim/src/systems/world/layered_generation.rs","is_primary":true,"label":null,"line_end":31,"line_start":31,"suggested_replacement":null,"suggestion_applicability":null,"text":[{"highlight_end":34,"highlight_start":5,"text":"    pub buildings_generated: bool,"}]}]}}
{"reason":"compiler-message","package_id":"path+file:///Users/bradyjeong/Documents/Projects/Amp/gta4/gta_game/gameplay_sim#0.1.0","manifest_path":"/Users/bradyjeong/Documents/Projects/Amp/gta4/gta_game/gameplay_sim/Cargo.toml","target":{"kind":["lib"],"crate_types":["lib"],"name":"gameplay_sim","src_path":"/Users/bradyjeong/Documents/Projects/Amp/gta4/gta_game/gameplay_sim/src/lib.rs","edition":"2021","doc":true,"doctest":true,"test":true},"message":{"rendered":"warning: missing documentation for a struct field\n  --> gameplay_sim/src/systems/world/layered_generation.rs:32:5\n   |\n32 |     pub vegetation_generated: bool,\n   |     ^^^^^^^^^^^^^^^^^^^^^^^^^^^^^^\n\n","$message_type":"diagnostic","children":[],"code":{"code":"missing_docs","explanation":null},"level":"warning","message":"missing documentation for a struct field","spans":[{"byte_end":1179,"byte_start":1149,"column_end":35,"column_start":5,"expansion":null,"file_name":"gameplay_sim/src/systems/world/layered_generation.rs","is_primary":true,"label":null,"line_end":32,"line_start":32,"suggested_replacement":null,"suggestion_applicability":null,"text":[{"highlight_end":35,"highlight_start":5,"text":"    pub vegetation_generated: bool,"}]}]}}
{"reason":"compiler-message","package_id":"path+file:///Users/bradyjeong/Documents/Projects/Amp/gta4/gta_game/gameplay_sim#0.1.0","manifest_path":"/Users/bradyjeong/Documents/Projects/Amp/gta4/gta_game/gameplay_sim/Cargo.toml","target":{"kind":["lib"],"crate_types":["lib"],"name":"gameplay_sim","src_path":"/Users/bradyjeong/Documents/Projects/Amp/gta4/gta_game/gameplay_sim/src/lib.rs","edition":"2021","doc":true,"doctest":true,"test":true},"message":{"rendered":"warning: missing documentation for a function\n  --> gameplay_sim/src/systems/world/layered_generation.rs:47:1\n   |\n47 | / pub fn layered_generation_system(\n48 | |     mut commands: Commands,\n49 | |     active_query: Query<&Transform, With<ActiveEntity>>,\n50 | |     mut world_manager: ResMut<WorldManager>,\n51 | |     time: Res<Time>,\n52 | | ) {\n   | |_^\n\n","$message_type":"diagnostic","children":[],"code":{"code":"missing_docs","explanation":null},"level":"warning","message":"missing documentation for a function","spans":[{"byte_end":1668,"byte_start":1482,"column_end":2,"column_start":1,"expansion":null,"file_name":"gameplay_sim/src/systems/world/layered_generation.rs","is_primary":true,"label":null,"line_end":52,"line_start":47,"suggested_replacement":null,"suggestion_applicability":null,"text":[{"highlight_end":34,"highlight_start":1,"text":"pub fn layered_generation_system("},{"highlight_end":28,"highlight_start":1,"text":"    mut commands: Commands,"},{"highlight_end":57,"highlight_start":1,"text":"    active_query: Query<&Transform, With<ActiveEntity>>,"},{"highlight_end":45,"highlight_start":1,"text":"    mut world_manager: ResMut<WorldManager>,"},{"highlight_end":21,"highlight_start":1,"text":"    time: Res<Time>,"},{"highlight_end":2,"highlight_start":1,"text":") {"}]}]}}
{"reason":"compiler-message","package_id":"path+file:///Users/bradyjeong/Documents/Projects/Amp/gta4/gta_game/gameplay_sim#0.1.0","manifest_path":"/Users/bradyjeong/Documents/Projects/Amp/gta4/gta_game/gameplay_sim/Cargo.toml","target":{"kind":["lib"],"crate_types":["lib"],"name":"gameplay_sim","src_path":"/Users/bradyjeong/Documents/Projects/Amp/gta4/gta_game/gameplay_sim/src/lib.rs","edition":"2021","doc":true,"doctest":true,"test":true},"message":{"rendered":"warning: missing documentation for a function\n  --> gameplay_sim/src/systems/world/layered_generation.rs:83:1\n   |\n83 | / pub fn road_layer_system(\n84 | |     mut commands: Commands,\n85 | |     mut world_manager: ResMut<WorldManager>,\n86 | |     mut meshes: ResMut<Assets<Mesh>>,\n87 | |     mut materials: ResMut<Assets<StandardMaterial>>,\n88 | | ) {\n   | |_^\n\n","$message_type":"diagnostic","children":[],"code":{"code":"missing_docs","explanation":null},"level":"warning","message":"missing documentation for a function","spans":[{"byte_end":2749,"byte_start":2558,"column_end":2,"column_start":1,"expansion":null,"file_name":"gameplay_sim/src/systems/world/layered_generation.rs","is_primary":true,"label":null,"line_end":88,"line_start":83,"suggested_replacement":null,"suggestion_applicability":null,"text":[{"highlight_end":26,"highlight_start":1,"text":"pub fn road_layer_system("},{"highlight_end":28,"highlight_start":1,"text":"    mut commands: Commands,"},{"highlight_end":45,"highlight_start":1,"text":"    mut world_manager: ResMut<WorldManager>,"},{"highlight_end":38,"highlight_start":1,"text":"    mut meshes: ResMut<Assets<Mesh>>,"},{"highlight_end":53,"highlight_start":1,"text":"    mut materials: ResMut<Assets<StandardMaterial>>,"},{"highlight_end":2,"highlight_start":1,"text":") {"}]}]}}
{"reason":"compiler-message","package_id":"path+file:///Users/bradyjeong/Documents/Projects/Amp/gta4/gta_game/gameplay_sim#0.1.0","manifest_path":"/Users/bradyjeong/Documents/Projects/Amp/gta4/gta_game/gameplay_sim/Cargo.toml","target":{"kind":["lib"],"crate_types":["lib"],"name":"gameplay_sim","src_path":"/Users/bradyjeong/Documents/Projects/Amp/gta4/gta_game/gameplay_sim/src/lib.rs","edition":"2021","doc":true,"doctest":true,"test":true},"message":{"rendered":"warning: missing documentation for a function\n   --> gameplay_sim/src/systems/world/layered_generation.rs:134:1\n    |\n134 | / pub fn building_layer_system(\n135 | |     mut commands: Commands,\n136 | |     mut world_manager: ResMut<WorldManager>,\n137 | |     mut meshes: ResMut<Assets<Mesh>>,\n138 | |     mut materials: ResMut<Assets<StandardMaterial>>,\n139 | | ) {\n    | |_^\n\n","$message_type":"diagnostic","children":[],"code":{"code":"missing_docs","explanation":null},"level":"warning","message":"missing documentation for a function","spans":[{"byte_end":4371,"byte_start":4176,"column_end":2,"column_start":1,"expansion":null,"file_name":"gameplay_sim/src/systems/world/layered_generation.rs","is_primary":true,"label":null,"line_end":139,"line_start":134,"suggested_replacement":null,"suggestion_applicability":null,"text":[{"highlight_end":30,"highlight_start":1,"text":"pub fn building_layer_system("},{"highlight_end":28,"highlight_start":1,"text":"    mut commands: Commands,"},{"highlight_end":45,"highlight_start":1,"text":"    mut world_manager: ResMut<WorldManager>,"},{"highlight_end":38,"highlight_start":1,"text":"    mut meshes: ResMut<Assets<Mesh>>,"},{"highlight_end":53,"highlight_start":1,"text":"    mut materials: ResMut<Assets<StandardMaterial>>,"},{"highlight_end":2,"highlight_start":1,"text":") {"}]}]}}
{"reason":"compiler-message","package_id":"path+file:///Users/bradyjeong/Documents/Projects/Amp/gta4/gta_game/gameplay_sim#0.1.0","manifest_path":"/Users/bradyjeong/Documents/Projects/Amp/gta4/gta_game/gameplay_sim/Cargo.toml","target":{"kind":["lib"],"crate_types":["lib"],"name":"gameplay_sim","src_path":"/Users/bradyjeong/Documents/Projects/Amp/gta4/gta_game/gameplay_sim/src/lib.rs","edition":"2021","doc":true,"doctest":true,"test":true},"message":{"rendered":"warning: missing documentation for a function\n   --> gameplay_sim/src/systems/world/layered_generation.rs:187:1\n    |\n187 | / pub fn vegetation_layer_system(\n188 | |     mut commands: Commands,\n189 | |     mut world_manager: ResMut<WorldManager>,\n190 | |     mut meshes: ResMut<Assets<Mesh>>,\n191 | |     mut materials: ResMut<Assets<StandardMaterial>>,\n192 | | ) {\n    | |_^\n\n","$message_type":"diagnostic","children":[],"code":{"code":"missing_docs","explanation":null},"level":"warning","message":"missing documentation for a function","spans":[{"byte_end":5985,"byte_start":5788,"column_end":2,"column_start":1,"expansion":null,"file_name":"gameplay_sim/src/systems/world/layered_generation.rs","is_primary":true,"label":null,"line_end":192,"line_start":187,"suggested_replacement":null,"suggestion_applicability":null,"text":[{"highlight_end":32,"highlight_start":1,"text":"pub fn vegetation_layer_system("},{"highlight_end":28,"highlight_start":1,"text":"    mut commands: Commands,"},{"highlight_end":45,"highlight_start":1,"text":"    mut world_manager: ResMut<WorldManager>,"},{"highlight_end":38,"highlight_start":1,"text":"    mut meshes: ResMut<Assets<Mesh>>,"},{"highlight_end":53,"highlight_start":1,"text":"    mut materials: ResMut<Assets<StandardMaterial>>,"},{"highlight_end":2,"highlight_start":1,"text":") {"}]}]}}
{"reason":"compiler-message","package_id":"path+file:///Users/bradyjeong/Documents/Projects/Amp/gta4/gta_game/gameplay_sim#0.1.0","manifest_path":"/Users/bradyjeong/Documents/Projects/Amp/gta4/gta_game/gameplay_sim/Cargo.toml","target":{"kind":["lib"],"crate_types":["lib"],"name":"gameplay_sim","src_path":"/Users/bradyjeong/Documents/Projects/Amp/gta4/gta_game/gameplay_sim/src/lib.rs","edition":"2021","doc":true,"doctest":true,"test":true},"message":{"rendered":"warning: missing documentation for a function\n   --> gameplay_sim/src/systems/world/layered_generation.rs:249:1\n    |\n249 | pub fn get_next_layer_to_generate(completed_layers: &HashSet<ContentLayer>) -> Option<ContentLayer> {\n    | ^^^^^^^^^^^^^^^^^^^^^^^^^^^^^^^^^^^^^^^^^^^^^^^^^^^^^^^^^^^^^^^^^^^^^^^^^^^^^^^^^^^^^^^^^^^^^^^^^^^\n\n","$message_type":"diagnostic","children":[],"code":{"code":"missing_docs","explanation":null},"level":"warning","message":"missing documentation for a function","spans":[{"byte_end":7732,"byte_start":7633,"column_end":100,"column_start":1,"expansion":null,"file_name":"gameplay_sim/src/systems/world/layered_generation.rs","is_primary":true,"label":null,"line_end":249,"line_start":249,"suggested_replacement":null,"suggestion_applicability":null,"text":[{"highlight_end":100,"highlight_start":1,"text":"pub fn get_next_layer_to_generate(completed_layers: &HashSet<ContentLayer>) -> Option<ContentLayer> {"}]}]}}
{"reason":"compiler-message","package_id":"path+file:///Users/bradyjeong/Documents/Projects/Amp/gta4/gta_game/gameplay_sim#0.1.0","manifest_path":"/Users/bradyjeong/Documents/Projects/Amp/gta4/gta_game/gameplay_sim/Cargo.toml","target":{"kind":["lib"],"crate_types":["lib"],"name":"gameplay_sim","src_path":"/Users/bradyjeong/Documents/Projects/Amp/gta4/gta_game/gameplay_sim/src/lib.rs","edition":"2021","doc":true,"doctest":true,"test":true},"message":{"rendered":"warning: missing documentation for a function\n   --> gameplay_sim/src/systems/world/layered_generation.rs:266:1\n    |\n266 | pub fn is_chunk_fully_generated(completed_layers: &HashSet<ContentLayer>) -> bool {\n    | ^^^^^^^^^^^^^^^^^^^^^^^^^^^^^^^^^^^^^^^^^^^^^^^^^^^^^^^^^^^^^^^^^^^^^^^^^^^^^^^^^\n\n","$message_type":"diagnostic","children":[],"code":{"code":"missing_docs","explanation":null},"level":"warning","message":"missing documentation for a function","spans":[{"byte_end":8124,"byte_start":8043,"column_end":82,"column_start":1,"expansion":null,"file_name":"gameplay_sim/src/systems/world/layered_generation.rs","is_primary":true,"label":null,"line_end":266,"line_start":266,"suggested_replacement":null,"suggestion_applicability":null,"text":[{"highlight_end":82,"highlight_start":1,"text":"pub fn is_chunk_fully_generated(completed_layers: &HashSet<ContentLayer>) -> bool {"}]}]}}
{"reason":"compiler-message","package_id":"path+file:///Users/bradyjeong/Documents/Projects/Amp/gta4/gta_game/gameplay_sim#0.1.0","manifest_path":"/Users/bradyjeong/Documents/Projects/Amp/gta4/gta_game/gameplay_sim/Cargo.toml","target":{"kind":["lib"],"crate_types":["lib"],"name":"gameplay_sim","src_path":"/Users/bradyjeong/Documents/Projects/Amp/gta4/gta_game/gameplay_sim/src/lib.rs","edition":"2021","doc":true,"doctest":true,"test":true},"message":{"rendered":"warning: missing documentation for a struct\n  --> gameplay_sim/src/systems/world/unified_lod.rs:17:1\n   |\n17 | pub struct LODCoordinator {\n   | ^^^^^^^^^^^^^^^^^^^^^^^^^\n\n","$message_type":"diagnostic","children":[],"code":{"code":"missing_docs","explanation":null},"level":"warning","message":"missing documentation for a struct","spans":[{"byte_end":699,"byte_start":674,"column_end":26,"column_start":1,"expansion":null,"file_name":"gameplay_sim/src/systems/world/unified_lod.rs","is_primary":true,"label":null,"line_end":17,"line_start":17,"suggested_replacement":null,"suggestion_applicability":null,"text":[{"highlight_end":26,"highlight_start":1,"text":"pub struct LODCoordinator {"}]}]}}
{"reason":"compiler-message","package_id":"path+file:///Users/bradyjeong/Documents/Projects/Amp/gta4/gta_game/gameplay_sim#0.1.0","manifest_path":"/Users/bradyjeong/Documents/Projects/Amp/gta4/gta_game/gameplay_sim/Cargo.toml","target":{"kind":["lib"],"crate_types":["lib"],"name":"gameplay_sim","src_path":"/Users/bradyjeong/Documents/Projects/Amp/gta4/gta_game/gameplay_sim/src/lib.rs","edition":"2021","doc":true,"doctest":true,"test":true},"message":{"rendered":"warning: missing documentation for a struct field\n  --> gameplay_sim/src/systems/world/unified_lod.rs:18:5\n   |\n18 |     pub stats: LODPerformanceStats,\n   |     ^^^^^^^^^^^^^^^^^^^^^^^^^^^^^^\n\n","$message_type":"diagnostic","children":[],"code":{"code":"missing_docs","explanation":null},"level":"warning","message":"missing documentation for a struct field","spans":[{"byte_end":736,"byte_start":706,"column_end":35,"column_start":5,"expansion":null,"file_name":"gameplay_sim/src/systems/world/unified_lod.rs","is_primary":true,"label":null,"line_end":18,"line_start":18,"suggested_replacement":null,"suggestion_applicability":null,"text":[{"highlight_end":35,"highlight_start":5,"text":"    pub stats: LODPerformanceStats,"}]}]}}
{"reason":"compiler-message","package_id":"path+file:///Users/bradyjeong/Documents/Projects/Amp/gta4/gta_game/gameplay_sim#0.1.0","manifest_path":"/Users/bradyjeong/Documents/Projects/Amp/gta4/gta_game/gameplay_sim/Cargo.toml","target":{"kind":["lib"],"crate_types":["lib"],"name":"gameplay_sim","src_path":"/Users/bradyjeong/Documents/Projects/Amp/gta4/gta_game/gameplay_sim/src/lib.rs","edition":"2021","doc":true,"doctest":true,"test":true},"message":{"rendered":"warning: missing documentation for a struct field\n  --> gameplay_sim/src/systems/world/unified_lod.rs:19:5\n   |\n19 |     pub config: LODPluginConfig,\n   |     ^^^^^^^^^^^^^^^^^^^^^^^^^^^\n\n","$message_type":"diagnostic","children":[],"code":{"code":"missing_docs","explanation":null},"level":"warning","message":"missing documentation for a struct field","spans":[{"byte_end":769,"byte_start":742,"column_end":32,"column_start":5,"expansion":null,"file_name":"gameplay_sim/src/systems/world/unified_lod.rs","is_primary":true,"label":null,"line_end":19,"line_start":19,"suggested_replacement":null,"suggestion_applicability":null,"text":[{"highlight_end":32,"highlight_start":5,"text":"    pub config: LODPluginConfig,"}]}]}}
{"reason":"compiler-message","package_id":"path+file:///Users/bradyjeong/Documents/Projects/Amp/gta4/gta_game/gameplay_sim#0.1.0","manifest_path":"/Users/bradyjeong/Documents/Projects/Amp/gta4/gta_game/gameplay_sim/Cargo.toml","target":{"kind":["lib"],"crate_types":["lib"],"name":"gameplay_sim","src_path":"/Users/bradyjeong/Documents/Projects/Amp/gta4/gta_game/gameplay_sim/src/lib.rs","edition":"2021","doc":true,"doctest":true,"test":true},"message":{"rendered":"warning: missing documentation for a struct field\n  --> gameplay_sim/src/systems/world/unified_lod.rs:20:5\n   |\n20 |     pub frame_counter: FrameCounter,\n   |     ^^^^^^^^^^^^^^^^^^^^^^^^^^^^^^^\n\n","$message_type":"diagnostic","children":[],"code":{"code":"missing_docs","explanation":null},"level":"warning","message":"missing documentation for a struct field","spans":[{"byte_end":806,"byte_start":775,"column_end":36,"column_start":5,"expansion":null,"file_name":"gameplay_sim/src/systems/world/unified_lod.rs","is_primary":true,"label":null,"line_end":20,"line_start":20,"suggested_replacement":null,"suggestion_applicability":null,"text":[{"highlight_end":36,"highlight_start":5,"text":"    pub frame_counter: FrameCounter,"}]}]}}
{"reason":"compiler-message","package_id":"path+file:///Users/bradyjeong/Documents/Projects/Amp/gta4/gta_game/gameplay_sim#0.1.0","manifest_path":"/Users/bradyjeong/Documents/Projects/Amp/gta4/gta_game/gameplay_sim/Cargo.toml","target":{"kind":["lib"],"crate_types":["lib"],"name":"gameplay_sim","src_path":"/Users/bradyjeong/Documents/Projects/Amp/gta4/gta_game/gameplay_sim/src/lib.rs","edition":"2021","doc":true,"doctest":true,"test":true},"message":{"rendered":"warning: missing documentation for a struct field\n  --> gameplay_sim/src/systems/world/unified_lod.rs:21:5\n   |\n21 |     pub distance_cache: DistanceCache,\n   |     ^^^^^^^^^^^^^^^^^^^^^^^^^^^^^^^^^\n\n","$message_type":"diagnostic","children":[],"code":{"code":"missing_docs","explanation":null},"level":"warning","message":"missing documentation for a struct field","spans":[{"byte_end":845,"byte_start":812,"column_end":38,"column_start":5,"expansion":null,"file_name":"gameplay_sim/src/systems/world/unified_lod.rs","is_primary":true,"label":null,"line_end":21,"line_start":21,"suggested_replacement":null,"suggestion_applicability":null,"text":[{"highlight_end":38,"highlight_start":5,"text":"    pub distance_cache: DistanceCache,"}]}]}}
{"reason":"compiler-message","package_id":"path+file:///Users/bradyjeong/Documents/Projects/Amp/gta4/gta_game/gameplay_sim#0.1.0","manifest_path":"/Users/bradyjeong/Documents/Projects/Amp/gta4/gta_game/gameplay_sim/Cargo.toml","target":{"kind":["lib"],"crate_types":["lib"],"name":"gameplay_sim","src_path":"/Users/bradyjeong/Documents/Projects/Amp/gta4/gta_game/gameplay_sim/src/lib.rs","edition":"2021","doc":true,"doctest":true,"test":true},"message":{"rendered":"warning: missing documentation for a struct\n  --> gameplay_sim/src/systems/world/unified_lod.rs:25:1\n   |\n25 | pub struct LODPerformanceStats {\n   | ^^^^^^^^^^^^^^^^^^^^^^^^^^^^^^\n\n","$message_type":"diagnostic","children":[],"code":{"code":"missing_docs","explanation":null},"level":"warning","message":"missing documentation for a struct","spans":[{"byte_end":899,"byte_start":869,"column_end":31,"column_start":1,"expansion":null,"file_name":"gameplay_sim/src/systems/world/unified_lod.rs","is_primary":true,"label":null,"line_end":25,"line_start":25,"suggested_replacement":null,"suggestion_applicability":null,"text":[{"highlight_end":31,"highlight_start":1,"text":"pub struct LODPerformanceStats {"}]}]}}
{"reason":"compiler-message","package_id":"path+file:///Users/bradyjeong/Documents/Projects/Amp/gta4/gta_game/gameplay_sim#0.1.0","manifest_path":"/Users/bradyjeong/Documents/Projects/Amp/gta4/gta_game/gameplay_sim/Cargo.toml","target":{"kind":["lib"],"crate_types":["lib"],"name":"gameplay_sim","src_path":"/Users/bradyjeong/Documents/Projects/Amp/gta4/gta_game/gameplay_sim/src/lib.rs","edition":"2021","doc":true,"doctest":true,"test":true},"message":{"rendered":"warning: missing documentation for a struct field\n  --> gameplay_sim/src/systems/world/unified_lod.rs:26:5\n   |\n26 |     pub entities_processed: usize,\n   |     ^^^^^^^^^^^^^^^^^^^^^^^^^^^^^\n\n","$message_type":"diagnostic","children":[],"code":{"code":"missing_docs","explanation":null},"level":"warning","message":"missing documentation for a struct field","spans":[{"byte_end":935,"byte_start":906,"column_end":34,"column_start":5,"expansion":null,"file_name":"gameplay_sim/src/systems/world/unified_lod.rs","is_primary":true,"label":null,"line_end":26,"line_start":26,"suggested_replacement":null,"suggestion_applicability":null,"text":[{"highlight_end":34,"highlight_start":5,"text":"    pub entities_processed: usize,"}]}]}}
{"reason":"compiler-message","package_id":"path+file:///Users/bradyjeong/Documents/Projects/Amp/gta4/gta_game/gameplay_sim#0.1.0","manifest_path":"/Users/bradyjeong/Documents/Projects/Amp/gta4/gta_game/gameplay_sim/Cargo.toml","target":{"kind":["lib"],"crate_types":["lib"],"name":"gameplay_sim","src_path":"/Users/bradyjeong/Documents/Projects/Amp/gta4/gta_game/gameplay_sim/src/lib.rs","edition":"2021","doc":true,"doctest":true,"test":true},"message":{"rendered":"warning: missing documentation for a struct field\n  --> gameplay_sim/src/systems/world/unified_lod.rs:27:5\n   |\n27 |     pub entities_culled: usize,\n   |     ^^^^^^^^^^^^^^^^^^^^^^^^^^\n\n","$message_type":"diagnostic","children":[],"code":{"code":"missing_docs","explanation":null},"level":"warning","message":"missing documentation for a struct field","spans":[{"byte_end":967,"byte_start":941,"column_end":31,"column_start":5,"expansion":null,"file_name":"gameplay_sim/src/systems/world/unified_lod.rs","is_primary":true,"label":null,"line_end":27,"line_start":27,"suggested_replacement":null,"suggestion_applicability":null,"text":[{"highlight_end":31,"highlight_start":5,"text":"    pub entities_culled: usize,"}]}]}}
{"reason":"compiler-message","package_id":"path+file:///Users/bradyjeong/Documents/Projects/Amp/gta4/gta_game/gameplay_sim#0.1.0","manifest_path":"/Users/bradyjeong/Documents/Projects/Amp/gta4/gta_game/gameplay_sim/Cargo.toml","target":{"kind":["lib"],"crate_types":["lib"],"name":"gameplay_sim","src_path":"/Users/bradyjeong/Documents/Projects/Amp/gta4/gta_game/gameplay_sim/src/lib.rs","edition":"2021","doc":true,"doctest":true,"test":true},"message":{"rendered":"warning: missing documentation for a struct field\n  --> gameplay_sim/src/systems/world/unified_lod.rs:28:5\n   |\n28 |     pub frame_time_ms: f32,\n   |     ^^^^^^^^^^^^^^^^^^^^^^\n\n","$message_type":"diagnostic","children":[],"code":{"code":"missing_docs","explanation":null},"level":"warning","message":"missing documentation for a struct field","spans":[{"byte_end":995,"byte_start":973,"column_end":27,"column_start":5,"expansion":null,"file_name":"gameplay_sim/src/systems/world/unified_lod.rs","is_primary":true,"label":null,"line_end":28,"line_start":28,"suggested_replacement":null,"suggestion_applicability":null,"text":[{"highlight_end":27,"highlight_start":5,"text":"    pub frame_time_ms: f32,"}]}]}}
{"reason":"compiler-message","package_id":"path+file:///Users/bradyjeong/Documents/Projects/Amp/gta4/gta_game/gameplay_sim#0.1.0","manifest_path":"/Users/bradyjeong/Documents/Projects/Amp/gta4/gta_game/gameplay_sim/Cargo.toml","target":{"kind":["lib"],"crate_types":["lib"],"name":"gameplay_sim","src_path":"/Users/bradyjeong/Documents/Projects/Amp/gta4/gta_game/gameplay_sim/src/lib.rs","edition":"2021","doc":true,"doctest":true,"test":true},"message":{"rendered":"warning: missing documentation for a struct\n  --> gameplay_sim/src/systems/world/unified_lod.rs:32:1\n   |\n32 | pub struct LODPluginConfig {\n   | ^^^^^^^^^^^^^^^^^^^^^^^^^^\n\n","$message_type":"diagnostic","children":[],"code":{"code":"missing_docs","explanation":null},"level":"warning","message":"missing documentation for a struct","spans":[{"byte_end":1045,"byte_start":1019,"column_end":27,"column_start":1,"expansion":null,"file_name":"gameplay_sim/src/systems/world/unified_lod.rs","is_primary":true,"label":null,"line_end":32,"line_start":32,"suggested_replacement":null,"suggestion_applicability":null,"text":[{"highlight_end":27,"highlight_start":1,"text":"pub struct LODPluginConfig {"}]}]}}
{"reason":"compiler-message","package_id":"path+file:///Users/bradyjeong/Documents/Projects/Amp/gta4/gta_game/gameplay_sim#0.1.0","manifest_path":"/Users/bradyjeong/Documents/Projects/Amp/gta4/gta_game/gameplay_sim/Cargo.toml","target":{"kind":["lib"],"crate_types":["lib"],"name":"gameplay_sim","src_path":"/Users/bradyjeong/Documents/Projects/Amp/gta4/gta_game/gameplay_sim/src/lib.rs","edition":"2021","doc":true,"doctest":true,"test":true},"message":{"rendered":"warning: missing documentation for a struct field\n  --> gameplay_sim/src/systems/world/unified_lod.rs:33:5\n   |\n33 |     pub building_distance: f32,\n   |     ^^^^^^^^^^^^^^^^^^^^^^^^^^\n\n","$message_type":"diagnostic","children":[],"code":{"code":"missing_docs","explanation":null},"level":"warning","message":"missing documentation for a struct field","spans":[{"byte_end":1078,"byte_start":1052,"column_end":31,"column_start":5,"expansion":null,"file_name":"gameplay_sim/src/systems/world/unified_lod.rs","is_primary":true,"label":null,"line_end":33,"line_start":33,"suggested_replacement":null,"suggestion_applicability":null,"text":[{"highlight_end":31,"highlight_start":5,"text":"    pub building_distance: f32,"}]}]}}
{"reason":"compiler-message","package_id":"path+file:///Users/bradyjeong/Documents/Projects/Amp/gta4/gta_game/gameplay_sim#0.1.0","manifest_path":"/Users/bradyjeong/Documents/Projects/Amp/gta4/gta_game/gameplay_sim/Cargo.toml","target":{"kind":["lib"],"crate_types":["lib"],"name":"gameplay_sim","src_path":"/Users/bradyjeong/Documents/Projects/Amp/gta4/gta_game/gameplay_sim/src/lib.rs","edition":"2021","doc":true,"doctest":true,"test":true},"message":{"rendered":"warning: missing documentation for a struct field\n  --> gameplay_sim/src/systems/world/unified_lod.rs:34:5\n   |\n34 |     pub vehicle_distance: f32,\n   |     ^^^^^^^^^^^^^^^^^^^^^^^^^\n\n","$message_type":"diagnostic","children":[],"code":{"code":"missing_docs","explanation":null},"level":"warning","message":"missing documentation for a struct field","spans":[{"byte_end":1109,"byte_start":1084,"column_end":30,"column_start":5,"expansion":null,"file_name":"gameplay_sim/src/systems/world/unified_lod.rs","is_primary":true,"label":null,"line_end":34,"line_start":34,"suggested_replacement":null,"suggestion_applicability":null,"text":[{"highlight_end":30,"highlight_start":5,"text":"    pub vehicle_distance: f32,"}]}]}}
{"reason":"compiler-message","package_id":"path+file:///Users/bradyjeong/Documents/Projects/Amp/gta4/gta_game/gameplay_sim#0.1.0","manifest_path":"/Users/bradyjeong/Documents/Projects/Amp/gta4/gta_game/gameplay_sim/Cargo.toml","target":{"kind":["lib"],"crate_types":["lib"],"name":"gameplay_sim","src_path":"/Users/bradyjeong/Documents/Projects/Amp/gta4/gta_game/gameplay_sim/src/lib.rs","edition":"2021","doc":true,"doctest":true,"test":true},"message":{"rendered":"warning: missing documentation for a struct field\n  --> gameplay_sim/src/systems/world/unified_lod.rs:35:5\n   |\n35 |     pub npc_distance: f32,\n   |     ^^^^^^^^^^^^^^^^^^^^^\n\n","$message_type":"diagnostic","children":[],"code":{"code":"missing_docs","explanation":null},"level":"warning","message":"missing documentation for a struct field","spans":[{"byte_end":1136,"byte_start":1115,"column_end":26,"column_start":5,"expansion":null,"file_name":"gameplay_sim/src/systems/world/unified_lod.rs","is_primary":true,"label":null,"line_end":35,"line_start":35,"suggested_replacement":null,"suggestion_applicability":null,"text":[{"highlight_end":26,"highlight_start":5,"text":"    pub npc_distance: f32,"}]}]}}
{"reason":"compiler-message","package_id":"path+file:///Users/bradyjeong/Documents/Projects/Amp/gta4/gta_game/gameplay_sim#0.1.0","manifest_path":"/Users/bradyjeong/Documents/Projects/Amp/gta4/gta_game/gameplay_sim/Cargo.toml","target":{"kind":["lib"],"crate_types":["lib"],"name":"gameplay_sim","src_path":"/Users/bradyjeong/Documents/Projects/Amp/gta4/gta_game/gameplay_sim/src/lib.rs","edition":"2021","doc":true,"doctest":true,"test":true},"message":{"rendered":"warning: missing documentation for a struct field\n  --> gameplay_sim/src/systems/world/unified_lod.rs:36:5\n   |\n36 |     pub vegetation_distance: f32,\n   |     ^^^^^^^^^^^^^^^^^^^^^^^^^^^^\n\n","$message_type":"diagnostic","children":[],"code":{"code":"missing_docs","explanation":null},"level":"warning","message":"missing documentation for a struct field","spans":[{"byte_end":1170,"byte_start":1142,"column_end":33,"column_start":5,"expansion":null,"file_name":"gameplay_sim/src/systems/world/unified_lod.rs","is_primary":true,"label":null,"line_end":36,"line_start":36,"suggested_replacement":null,"suggestion_applicability":null,"text":[{"highlight_end":33,"highlight_start":5,"text":"    pub vegetation_distance: f32,"}]}]}}
{"reason":"compiler-message","package_id":"path+file:///Users/bradyjeong/Documents/Projects/Amp/gta4/gta_game/gameplay_sim#0.1.0","manifest_path":"/Users/bradyjeong/Documents/Projects/Amp/gta4/gta_game/gameplay_sim/Cargo.toml","target":{"kind":["lib"],"crate_types":["lib"],"name":"gameplay_sim","src_path":"/Users/bradyjeong/Documents/Projects/Amp/gta4/gta_game/gameplay_sim/src/lib.rs","edition":"2021","doc":true,"doctest":true,"test":true},"message":{"rendered":"warning: missing documentation for an associated function\n  --> gameplay_sim/src/systems/world/unified_lod.rs:40:5\n   |\n40 |     pub fn new() -> Self {\n   |     ^^^^^^^^^^^^^^^^^^^^\n\n","$message_type":"diagnostic","children":[],"code":{"code":"missing_docs","explanation":null},"level":"warning","message":"missing documentation for an associated function","spans":[{"byte_end":1222,"byte_start":1202,"column_end":25,"column_start":5,"expansion":null,"file_name":"gameplay_sim/src/systems/world/unified_lod.rs","is_primary":true,"label":null,"line_end":40,"line_start":40,"suggested_replacement":null,"suggestion_applicability":null,"text":[{"highlight_end":25,"highlight_start":5,"text":"    pub fn new() -> Self {"}]}]}}
{"reason":"compiler-message","package_id":"path+file:///Users/bradyjeong/Documents/Projects/Amp/gta4/gta_game/gameplay_sim#0.1.0","manifest_path":"/Users/bradyjeong/Documents/Projects/Amp/gta4/gta_game/gameplay_sim/Cargo.toml","target":{"kind":["lib"],"crate_types":["lib"],"name":"gameplay_sim","src_path":"/Users/bradyjeong/Documents/Projects/Amp/gta4/gta_game/gameplay_sim/src/lib.rs","edition":"2021","doc":true,"doctest":true,"test":true},"message":{"rendered":"warning: missing documentation for a struct\n  --> gameplay_sim/src/systems/world/unified_lod.rs:51:1\n   |\n51 | pub struct FrameCounter {\n   | ^^^^^^^^^^^^^^^^^^^^^^^\n\n","$message_type":"diagnostic","children":[],"code":{"code":"missing_docs","explanation":null},"level":"warning","message":"missing documentation for a struct","spans":[{"byte_end":1449,"byte_start":1426,"column_end":24,"column_start":1,"expansion":null,"file_name":"gameplay_sim/src/systems/world/unified_lod.rs","is_primary":true,"label":null,"line_end":51,"line_start":51,"suggested_replacement":null,"suggestion_applicability":null,"text":[{"highlight_end":24,"highlight_start":1,"text":"pub struct FrameCounter {"}]}]}}
{"reason":"compiler-message","package_id":"path+file:///Users/bradyjeong/Documents/Projects/Amp/gta4/gta_game/gameplay_sim#0.1.0","manifest_path":"/Users/bradyjeong/Documents/Projects/Amp/gta4/gta_game/gameplay_sim/Cargo.toml","target":{"kind":["lib"],"crate_types":["lib"],"name":"gameplay_sim","src_path":"/Users/bradyjeong/Documents/Projects/Amp/gta4/gta_game/gameplay_sim/src/lib.rs","edition":"2021","doc":true,"doctest":true,"test":true},"message":{"rendered":"warning: missing documentation for a struct field\n  --> gameplay_sim/src/systems/world/unified_lod.rs:52:5\n   |\n52 |     pub frame: u64,\n   |     ^^^^^^^^^^^^^^\n\n","$message_type":"diagnostic","children":[],"code":{"code":"missing_docs","explanation":null},"level":"warning","message":"missing documentation for a struct field","spans":[{"byte_end":1470,"byte_start":1456,"column_end":19,"column_start":5,"expansion":null,"file_name":"gameplay_sim/src/systems/world/unified_lod.rs","is_primary":true,"label":null,"line_end":52,"line_start":52,"suggested_replacement":null,"suggestion_applicability":null,"text":[{"highlight_end":19,"highlight_start":5,"text":"    pub frame: u64,"}]}]}}
{"reason":"compiler-message","package_id":"path+file:///Users/bradyjeong/Documents/Projects/Amp/gta4/gta_game/gameplay_sim#0.1.0","manifest_path":"/Users/bradyjeong/Documents/Projects/Amp/gta4/gta_game/gameplay_sim/Cargo.toml","target":{"kind":["lib"],"crate_types":["lib"],"name":"gameplay_sim","src_path":"/Users/bradyjeong/Documents/Projects/Amp/gta4/gta_game/gameplay_sim/src/lib.rs","edition":"2021","doc":true,"doctest":true,"test":true},"message":{"rendered":"warning: missing documentation for a struct\n  --> gameplay_sim/src/systems/world/unified_lod.rs:56:1\n   |\n56 | pub struct DistanceCache {\n   | ^^^^^^^^^^^^^^^^^^^^^^^^\n\n","$message_type":"diagnostic","children":[],"code":{"code":"missing_docs","explanation":null},"level":"warning","message":"missing documentation for a struct","spans":[{"byte_end":1518,"byte_start":1494,"column_end":25,"column_start":1,"expansion":null,"file_name":"gameplay_sim/src/systems/world/unified_lod.rs","is_primary":true,"label":null,"line_end":56,"line_start":56,"suggested_replacement":null,"suggestion_applicability":null,"text":[{"highlight_end":25,"highlight_start":1,"text":"pub struct DistanceCache {"}]}]}}
{"reason":"compiler-message","package_id":"path+file:///Users/bradyjeong/Documents/Projects/Amp/gta4/gta_game/gameplay_sim#0.1.0","manifest_path":"/Users/bradyjeong/Documents/Projects/Amp/gta4/gta_game/gameplay_sim/Cargo.toml","target":{"kind":["lib"],"crate_types":["lib"],"name":"gameplay_sim","src_path":"/Users/bradyjeong/Documents/Projects/Amp/gta4/gta_game/gameplay_sim/src/lib.rs","edition":"2021","doc":true,"doctest":true,"test":true},"message":{"rendered":"warning: missing documentation for a struct field\n  --> gameplay_sim/src/systems/world/unified_lod.rs:57:5\n   |\n57 |     pub cache: HashMap<Entity, (f32, u64)>, // distance, frame_calculated\n   |     ^^^^^^^^^^^^^^^^^^^^^^^^^^^^^^^^^^^^^^\n\n","$message_type":"diagnostic","children":[],"code":{"code":"missing_docs","explanation":null},"level":"warning","message":"missing documentation for a struct field","spans":[{"byte_end":1563,"byte_start":1525,"column_end":43,"column_start":5,"expansion":null,"file_name":"gameplay_sim/src/systems/world/unified_lod.rs","is_primary":true,"label":null,"line_end":57,"line_start":57,"suggested_replacement":null,"suggestion_applicability":null,"text":[{"highlight_end":43,"highlight_start":5,"text":"    pub cache: HashMap<Entity, (f32, u64)>, // distance, frame_calculated"}]}]}}
{"reason":"compiler-message","package_id":"path+file:///Users/bradyjeong/Documents/Projects/Amp/gta4/gta_game/gameplay_sim#0.1.0","manifest_path":"/Users/bradyjeong/Documents/Projects/Amp/gta4/gta_game/gameplay_sim/Cargo.toml","target":{"kind":["lib"],"crate_types":["lib"],"name":"gameplay_sim","src_path":"/Users/bradyjeong/Documents/Projects/Amp/gta4/gta_game/gameplay_sim/src/lib.rs","edition":"2021","doc":true,"doctest":true,"test":true},"message":{"rendered":"warning: missing documentation for a struct field\n  --> gameplay_sim/src/systems/world/unified_lod.rs:58:5\n   |\n58 |     pub max_entries: usize,\n   |     ^^^^^^^^^^^^^^^^^^^^^^\n\n","$message_type":"diagnostic","children":[],"code":{"code":"missing_docs","explanation":null},"level":"warning","message":"missing documentation for a struct field","spans":[{"byte_end":1621,"byte_start":1599,"column_end":27,"column_start":5,"expansion":null,"file_name":"gameplay_sim/src/systems/world/unified_lod.rs","is_primary":true,"label":null,"line_end":58,"line_start":58,"suggested_replacement":null,"suggestion_applicability":null,"text":[{"highlight_end":27,"highlight_start":5,"text":"    pub max_entries: usize,"}]}]}}
{"reason":"compiler-message","package_id":"path+file:///Users/bradyjeong/Documents/Projects/Amp/gta4/gta_game/gameplay_sim#0.1.0","manifest_path":"/Users/bradyjeong/Documents/Projects/Amp/gta4/gta_game/gameplay_sim/Cargo.toml","target":{"kind":["lib"],"crate_types":["lib"],"name":"gameplay_sim","src_path":"/Users/bradyjeong/Documents/Projects/Amp/gta4/gta_game/gameplay_sim/src/lib.rs","edition":"2021","doc":true,"doctest":true,"test":true},"message":{"rendered":"warning: missing documentation for an associated function\n  --> gameplay_sim/src/systems/world/unified_lod.rs:62:5\n   |\n62 |     pub fn new() -> Self {\n   |     ^^^^^^^^^^^^^^^^^^^^\n\n","$message_type":"diagnostic","children":[],"code":{"code":"missing_docs","explanation":null},"level":"warning","message":"missing documentation for an associated function","spans":[{"byte_end":1671,"byte_start":1651,"column_end":25,"column_start":5,"expansion":null,"file_name":"gameplay_sim/src/systems/world/unified_lod.rs","is_primary":true,"label":null,"line_end":62,"line_start":62,"suggested_replacement":null,"suggestion_applicability":null,"text":[{"highlight_end":25,"highlight_start":5,"text":"    pub fn new() -> Self {"}]}]}}
{"reason":"compiler-message","package_id":"path+file:///Users/bradyjeong/Documents/Projects/Amp/gta4/gta_game/gameplay_sim#0.1.0","manifest_path":"/Users/bradyjeong/Documents/Projects/Amp/gta4/gta_game/gameplay_sim/Cargo.toml","target":{"kind":["lib"],"crate_types":["lib"],"name":"gameplay_sim","src_path":"/Users/bradyjeong/Documents/Projects/Amp/gta4/gta_game/gameplay_sim/src/lib.rs","edition":"2021","doc":true,"doctest":true,"test":true},"message":{"rendered":"warning: missing documentation for a method\n  --> gameplay_sim/src/systems/world/unified_lod.rs:69:5\n   |\n69 |     pub fn get_distance(&mut self, entity: Entity, current_frame: u64, entity_pos: Vec3, active_pos: Vec3) -> f32 {\n   |     ^^^^^^^^^^^^^^^^^^^^^^^^^^^^^^^^^^^^^^^^^^^^^^^^^^^^^^^^^^^^^^^^^^^^^^^^^^^^^^^^^^^^^^^^^^^^^^^^^^^^^^^^^^^^^\n\n","$message_type":"diagnostic","children":[],"code":{"code":"missing_docs","explanation":null},"level":"warning","message":"missing documentation for a method","spans":[{"byte_end":1889,"byte_start":1780,"column_end":114,"column_start":5,"expansion":null,"file_name":"gameplay_sim/src/systems/world/unified_lod.rs","is_primary":true,"label":null,"line_end":69,"line_start":69,"suggested_replacement":null,"suggestion_applicability":null,"text":[{"highlight_end":114,"highlight_start":5,"text":"    pub fn get_distance(&mut self, entity: Entity, current_frame: u64, entity_pos: Vec3, active_pos: Vec3) -> f32 {"}]}]}}
{"reason":"compiler-message","package_id":"path+file:///Users/bradyjeong/Documents/Projects/Amp/gta4/gta_game/gameplay_sim#0.1.0","manifest_path":"/Users/bradyjeong/Documents/Projects/Amp/gta4/gta_game/gameplay_sim/Cargo.toml","target":{"kind":["lib"],"crate_types":["lib"],"name":"gameplay_sim","src_path":"/Users/bradyjeong/Documents/Projects/Amp/gta4/gta_game/gameplay_sim/src/lib.rs","edition":"2021","doc":true,"doctest":true,"test":true},"message":{"rendered":"warning: missing documentation for a function\n  --> gameplay_sim/src/systems/world/unified_lod.rs:88:1\n   |\n88 | / pub fn unified_lod_system(\n89 | |     mut commands: Commands,\n90 | |     active_query: Query<(Entity, &Transform), With<ActiveEntity>>,\n91 | |     mut cullable_query: Query<(Entity, &Transform, &mut Cullable)>,\n92 | |     mut lod_coordinator: ResMut<LODCoordinator>,\n93 | |     time: Res<Time>,\n94 | | ) {\n   | |_^\n\n","$message_type":"diagnostic","children":[],"code":{"code":"missing_docs","explanation":null},"level":"warning","message":"missing documentation for a function","spans":[{"byte_end":2662,"byte_start":2401,"column_end":2,"column_start":1,"expansion":null,"file_name":"gameplay_sim/src/systems/world/unified_lod.rs","is_primary":true,"label":null,"line_end":94,"line_start":88,"suggested_replacement":null,"suggestion_applicability":null,"text":[{"highlight_end":27,"highlight_start":1,"text":"pub fn unified_lod_system("},{"highlight_end":28,"highlight_start":1,"text":"    mut commands: Commands,"},{"highlight_end":67,"highlight_start":1,"text":"    active_query: Query<(Entity, &Transform), With<ActiveEntity>>,"},{"highlight_end":68,"highlight_start":1,"text":"    mut cullable_query: Query<(Entity, &Transform, &mut Cullable)>,"},{"highlight_end":49,"highlight_start":1,"text":"    mut lod_coordinator: ResMut<LODCoordinator>,"},{"highlight_end":21,"highlight_start":1,"text":"    time: Res<Time>,"},{"highlight_end":2,"highlight_start":1,"text":") {"}]}]}}
{"reason":"compiler-message","package_id":"path+file:///Users/bradyjeong/Documents/Projects/Amp/gta4/gta_game/gameplay_sim#0.1.0","manifest_path":"/Users/bradyjeong/Documents/Projects/Amp/gta4/gta_game/gameplay_sim/Cargo.toml","target":{"kind":["lib"],"crate_types":["lib"],"name":"gameplay_sim","src_path":"/Users/bradyjeong/Documents/Projects/Amp/gta4/gta_game/gameplay_sim/src/lib.rs","edition":"2021","doc":true,"doctest":true,"test":true},"message":{"rendered":"warning: missing documentation for a function\n   --> gameplay_sim/src/systems/world/unified_lod.rs:139:1\n    |\n139 | / pub fn visibility_update_system(\n140 | |     mut visibility_query: Query<(&mut Visibility, &Cullable)>,\n141 | | ) {\n    | |_^\n\n","$message_type":"diagnostic","children":[],"code":{"code":"missing_docs","explanation":null},"level":"warning","message":"missing documentation for a function","spans":[{"byte_end":4306,"byte_start":4209,"column_end":2,"column_start":1,"expansion":null,"file_name":"gameplay_sim/src/systems/world/unified_lod.rs","is_primary":true,"label":null,"line_end":141,"line_start":139,"suggested_replacement":null,"suggestion_applicability":null,"text":[{"highlight_end":33,"highlight_start":1,"text":"pub fn visibility_update_system("},{"highlight_end":63,"highlight_start":1,"text":"    mut visibility_query: Query<(&mut Visibility, &Cullable)>,"},{"highlight_end":2,"highlight_start":1,"text":") {"}]}]}}
{"reason":"compiler-message","package_id":"path+file:///Users/bradyjeong/Documents/Projects/Amp/gta4/gta_game/gameplay_sim#0.1.0","manifest_path":"/Users/bradyjeong/Documents/Projects/Amp/gta4/gta_game/gameplay_sim/Cargo.toml","target":{"kind":["lib"],"crate_types":["lib"],"name":"gameplay_sim","src_path":"/Users/bradyjeong/Documents/Projects/Amp/gta4/gta_game/gameplay_sim/src/lib.rs","edition":"2021","doc":true,"doctest":true,"test":true},"message":{"rendered":"warning: missing documentation for a function\n   --> gameplay_sim/src/systems/world/unified_lod.rs:151:1\n    |\n151 | / pub fn lod_stats_system(\n152 | |     lod_coordinator: Res<LODCoordinator>,\n153 | |     time: Res<Time>,\n154 | | ) {\n    | |_^\n\n","$message_type":"diagnostic","children":[],"code":{"code":"missing_docs","explanation":null},"level":"warning","message":"missing documentation for a function","spans":[{"byte_end":4627,"byte_start":4538,"column_end":2,"column_start":1,"expansion":null,"file_name":"gameplay_sim/src/systems/world/unified_lod.rs","is_primary":true,"label":null,"line_end":154,"line_start":151,"suggested_replacement":null,"suggestion_applicability":null,"text":[{"highlight_end":25,"highlight_start":1,"text":"pub fn lod_stats_system("},{"highlight_end":42,"highlight_start":1,"text":"    lod_coordinator: Res<LODCoordinator>,"},{"highlight_end":21,"highlight_start":1,"text":"    time: Res<Time>,"},{"highlight_end":2,"highlight_start":1,"text":") {"}]}]}}
{"reason":"compiler-message","package_id":"path+file:///Users/bradyjeong/Documents/Projects/Amp/gta4/gta_game/gameplay_sim#0.1.0","manifest_path":"/Users/bradyjeong/Documents/Projects/Amp/gta4/gta_game/gameplay_sim/Cargo.toml","target":{"kind":["lib"],"crate_types":["lib"],"name":"gameplay_sim","src_path":"/Users/bradyjeong/Documents/Projects/Amp/gta4/gta_game/gameplay_sim/src/lib.rs","edition":"2021","doc":true,"doctest":true,"test":true},"message":{"rendered":"warning: missing documentation for a struct\n   --> gameplay_sim/src/systems/world/unified_lod.rs:168:1\n    |\n168 | pub struct LODEntity {\n    | ^^^^^^^^^^^^^^^^^^^^\n\n","$message_type":"diagnostic","children":[],"code":{"code":"missing_docs","explanation":null},"level":"warning","message":"missing documentation for a struct","spans":[{"byte_end":5057,"byte_start":5037,"column_end":21,"column_start":1,"expansion":null,"file_name":"gameplay_sim/src/systems/world/unified_lod.rs","is_primary":true,"label":null,"line_end":168,"line_start":168,"suggested_replacement":null,"suggestion_applicability":null,"text":[{"highlight_end":21,"highlight_start":1,"text":"pub struct LODEntity {"}]}]}}
{"reason":"compiler-message","package_id":"path+file:///Users/bradyjeong/Documents/Projects/Amp/gta4/gta_game/gameplay_sim#0.1.0","manifest_path":"/Users/bradyjeong/Documents/Projects/Amp/gta4/gta_game/gameplay_sim/Cargo.toml","target":{"kind":["lib"],"crate_types":["lib"],"name":"gameplay_sim","src_path":"/Users/bradyjeong/Documents/Projects/Amp/gta4/gta_game/gameplay_sim/src/lib.rs","edition":"2021","doc":true,"doctest":true,"test":true},"message":{"rendered":"warning: missing documentation for a struct field\n   --> gameplay_sim/src/systems/world/unified_lod.rs:169:5\n    |\n169 |     pub entity_type: EntityType,\n    |     ^^^^^^^^^^^^^^^^^^^^^^^^^^^\n\n","$message_type":"diagnostic","children":[],"code":{"code":"missing_docs","explanation":null},"level":"warning","message":"missing documentation for a struct field","spans":[{"byte_end":5091,"byte_start":5064,"column_end":32,"column_start":5,"expansion":null,"file_name":"gameplay_sim/src/systems/world/unified_lod.rs","is_primary":true,"label":null,"line_end":169,"line_start":169,"suggested_replacement":null,"suggestion_applicability":null,"text":[{"highlight_end":32,"highlight_start":5,"text":"    pub entity_type: EntityType,"}]}]}}
{"reason":"compiler-message","package_id":"path+file:///Users/bradyjeong/Documents/Projects/Amp/gta4/gta_game/gameplay_sim#0.1.0","manifest_path":"/Users/bradyjeong/Documents/Projects/Amp/gta4/gta_game/gameplay_sim/Cargo.toml","target":{"kind":["lib"],"crate_types":["lib"],"name":"gameplay_sim","src_path":"/Users/bradyjeong/Documents/Projects/Amp/gta4/gta_game/gameplay_sim/src/lib.rs","edition":"2021","doc":true,"doctest":true,"test":true},"message":{"rendered":"warning: missing documentation for a struct field\n   --> gameplay_sim/src/systems/world/unified_lod.rs:170:5\n    |\n170 |     pub base_distance: f32,\n    |     ^^^^^^^^^^^^^^^^^^^^^^\n\n","$message_type":"diagnostic","children":[],"code":{"code":"missing_docs","explanation":null},"level":"warning","message":"missing documentation for a struct field","spans":[{"byte_end":5119,"byte_start":5097,"column_end":27,"column_start":5,"expansion":null,"file_name":"gameplay_sim/src/systems/world/unified_lod.rs","is_primary":true,"label":null,"line_end":170,"line_start":170,"suggested_replacement":null,"suggestion_applicability":null,"text":[{"highlight_end":27,"highlight_start":5,"text":"    pub base_distance: f32,"}]}]}}
{"reason":"compiler-message","package_id":"path+file:///Users/bradyjeong/Documents/Projects/Amp/gta4/gta_game/gameplay_sim#0.1.0","manifest_path":"/Users/bradyjeong/Documents/Projects/Amp/gta4/gta_game/gameplay_sim/Cargo.toml","target":{"kind":["lib"],"crate_types":["lib"],"name":"gameplay_sim","src_path":"/Users/bradyjeong/Documents/Projects/Amp/gta4/gta_game/gameplay_sim/src/lib.rs","edition":"2021","doc":true,"doctest":true,"test":true},"message":{"rendered":"warning: missing documentation for a struct field\n   --> gameplay_sim/src/systems/world/unified_lod.rs:171:5\n    |\n171 |     pub current_lod: usize,\n    |     ^^^^^^^^^^^^^^^^^^^^^^\n\n","$message_type":"diagnostic","children":[],"code":{"code":"missing_docs","explanation":null},"level":"warning","message":"missing documentation for a struct field","spans":[{"byte_end":5147,"byte_start":5125,"column_end":27,"column_start":5,"expansion":null,"file_name":"gameplay_sim/src/systems/world/unified_lod.rs","is_primary":true,"label":null,"line_end":171,"line_start":171,"suggested_replacement":null,"suggestion_applicability":null,"text":[{"highlight_end":27,"highlight_start":5,"text":"    pub current_lod: usize,"}]}]}}
{"reason":"compiler-message","package_id":"path+file:///Users/bradyjeong/Documents/Projects/Amp/gta4/gta_game/gameplay_sim#0.1.0","manifest_path":"/Users/bradyjeong/Documents/Projects/Amp/gta4/gta_game/gameplay_sim/Cargo.toml","target":{"kind":["lib"],"crate_types":["lib"],"name":"gameplay_sim","src_path":"/Users/bradyjeong/Documents/Projects/Amp/gta4/gta_game/gameplay_sim/src/lib.rs","edition":"2021","doc":true,"doctest":true,"test":true},"message":{"rendered":"warning: missing documentation for an enum\n   --> gameplay_sim/src/systems/world/unified_lod.rs:175:1\n    |\n175 | pub enum EntityType {\n    | ^^^^^^^^^^^^^^^^^^^\n\n","$message_type":"diagnostic","children":[],"code":{"code":"missing_docs","explanation":null},"level":"warning","message":"missing documentation for an enum","spans":[{"byte_end":5209,"byte_start":5190,"column_end":20,"column_start":1,"expansion":null,"file_name":"gameplay_sim/src/systems/world/unified_lod.rs","is_primary":true,"label":null,"line_end":175,"line_start":175,"suggested_replacement":null,"suggestion_applicability":null,"text":[{"highlight_end":20,"highlight_start":1,"text":"pub enum EntityType {"}]}]}}
{"reason":"compiler-message","package_id":"path+file:///Users/bradyjeong/Documents/Projects/Amp/gta4/gta_game/gameplay_sim#0.1.0","manifest_path":"/Users/bradyjeong/Documents/Projects/Amp/gta4/gta_game/gameplay_sim/Cargo.toml","target":{"kind":["lib"],"crate_types":["lib"],"name":"gameplay_sim","src_path":"/Users/bradyjeong/Documents/Projects/Amp/gta4/gta_game/gameplay_sim/src/lib.rs","edition":"2021","doc":true,"doctest":true,"test":true},"message":{"rendered":"warning: missing documentation for a variant\n   --> gameplay_sim/src/systems/world/unified_lod.rs:176:5\n    |\n176 |     Building,\n    |     ^^^^^^^^\n\n","$message_type":"diagnostic","children":[],"code":{"code":"missing_docs","explanation":null},"level":"warning","message":"missing documentation for a variant","spans":[{"byte_end":5224,"byte_start":5216,"column_end":13,"column_start":5,"expansion":null,"file_name":"gameplay_sim/src/systems/world/unified_lod.rs","is_primary":true,"label":null,"line_end":176,"line_start":176,"suggested_replacement":null,"suggestion_applicability":null,"text":[{"highlight_end":13,"highlight_start":5,"text":"    Building,"}]}]}}
{"reason":"compiler-message","package_id":"path+file:///Users/bradyjeong/Documents/Projects/Amp/gta4/gta_game/gameplay_sim#0.1.0","manifest_path":"/Users/bradyjeong/Documents/Projects/Amp/gta4/gta_game/gameplay_sim/Cargo.toml","target":{"kind":["lib"],"crate_types":["lib"],"name":"gameplay_sim","src_path":"/Users/bradyjeong/Documents/Projects/Amp/gta4/gta_game/gameplay_sim/src/lib.rs","edition":"2021","doc":true,"doctest":true,"test":true},"message":{"rendered":"warning: missing documentation for a variant\n   --> gameplay_sim/src/systems/world/unified_lod.rs:177:5\n    |\n177 |     Vehicle,\n    |     ^^^^^^^\n\n","$message_type":"diagnostic","children":[],"code":{"code":"missing_docs","explanation":null},"level":"warning","message":"missing documentation for a variant","spans":[{"byte_end":5237,"byte_start":5230,"column_end":12,"column_start":5,"expansion":null,"file_name":"gameplay_sim/src/systems/world/unified_lod.rs","is_primary":true,"label":null,"line_end":177,"line_start":177,"suggested_replacement":null,"suggestion_applicability":null,"text":[{"highlight_end":12,"highlight_start":5,"text":"    Vehicle,"}]}]}}
{"reason":"compiler-message","package_id":"path+file:///Users/bradyjeong/Documents/Projects/Amp/gta4/gta_game/gameplay_sim#0.1.0","manifest_path":"/Users/bradyjeong/Documents/Projects/Amp/gta4/gta_game/gameplay_sim/Cargo.toml","target":{"kind":["lib"],"crate_types":["lib"],"name":"gameplay_sim","src_path":"/Users/bradyjeong/Documents/Projects/Amp/gta4/gta_game/gameplay_sim/src/lib.rs","edition":"2021","doc":true,"doctest":true,"test":true},"message":{"rendered":"warning: missing documentation for a variant\n   --> gameplay_sim/src/systems/world/unified_lod.rs:178:5\n    |\n178 |     NPC,\n    |     ^^^\n\n","$message_type":"diagnostic","children":[],"code":{"code":"missing_docs","explanation":null},"level":"warning","message":"missing documentation for a variant","spans":[{"byte_end":5246,"byte_start":5243,"column_end":8,"column_start":5,"expansion":null,"file_name":"gameplay_sim/src/systems/world/unified_lod.rs","is_primary":true,"label":null,"line_end":178,"line_start":178,"suggested_replacement":null,"suggestion_applicability":null,"text":[{"highlight_end":8,"highlight_start":5,"text":"    NPC,"}]}]}}
{"reason":"compiler-message","package_id":"path+file:///Users/bradyjeong/Documents/Projects/Amp/gta4/gta_game/gameplay_sim#0.1.0","manifest_path":"/Users/bradyjeong/Documents/Projects/Amp/gta4/gta_game/gameplay_sim/Cargo.toml","target":{"kind":["lib"],"crate_types":["lib"],"name":"gameplay_sim","src_path":"/Users/bradyjeong/Documents/Projects/Amp/gta4/gta_game/gameplay_sim/src/lib.rs","edition":"2021","doc":true,"doctest":true,"test":true},"message":{"rendered":"warning: missing documentation for a variant\n   --> gameplay_sim/src/systems/world/unified_lod.rs:179:5\n    |\n179 |     Vegetation,\n    |     ^^^^^^^^^^\n\n","$message_type":"diagnostic","children":[],"code":{"code":"missing_docs","explanation":null},"level":"warning","message":"missing documentation for a variant","spans":[{"byte_end":5262,"byte_start":5252,"column_end":15,"column_start":5,"expansion":null,"file_name":"gameplay_sim/src/systems/world/unified_lod.rs","is_primary":true,"label":null,"line_end":179,"line_start":179,"suggested_replacement":null,"suggestion_applicability":null,"text":[{"highlight_end":15,"highlight_start":5,"text":"    Vegetation,"}]}]}}
{"reason":"compiler-message","package_id":"path+file:///Users/bradyjeong/Documents/Projects/Amp/gta4/gta_game/gameplay_sim#0.1.0","manifest_path":"/Users/bradyjeong/Documents/Projects/Amp/gta4/gta_game/gameplay_sim/Cargo.toml","target":{"kind":["lib"],"crate_types":["lib"],"name":"gameplay_sim","src_path":"/Users/bradyjeong/Documents/Projects/Amp/gta4/gta_game/gameplay_sim/src/lib.rs","edition":"2021","doc":true,"doctest":true,"test":true},"message":{"rendered":"warning: missing documentation for an associated function\n   --> gameplay_sim/src/systems/world/unified_lod.rs:183:5\n    |\n183 |     pub fn new(entity_type: EntityType) -> Self {\n    |     ^^^^^^^^^^^^^^^^^^^^^^^^^^^^^^^^^^^^^^^^^^^\n\n","$message_type":"diagnostic","children":[],"code":{"code":"missing_docs","explanation":null},"level":"warning","message":"missing documentation for an associated function","spans":[{"byte_end":5331,"byte_start":5288,"column_end":48,"column_start":5,"expansion":null,"file_name":"gameplay_sim/src/systems/world/unified_lod.rs","is_primary":true,"label":null,"line_end":183,"line_start":183,"suggested_replacement":null,"suggestion_applicability":null,"text":[{"highlight_end":48,"highlight_start":5,"text":"    pub fn new(entity_type: EntityType) -> Self {"}]}]}}
{"reason":"compiler-message","package_id":"path+file:///Users/bradyjeong/Documents/Projects/Amp/gta4/gta_game/gameplay_sim#0.1.0","manifest_path":"/Users/bradyjeong/Documents/Projects/Amp/gta4/gta_game/gameplay_sim/Cargo.toml","target":{"kind":["lib"],"crate_types":["lib"],"name":"gameplay_sim","src_path":"/Users/bradyjeong/Documents/Projects/Amp/gta4/gta_game/gameplay_sim/src/lib.rs","edition":"2021","doc":true,"doctest":true,"test":true},"message":{"rendered":"warning: missing documentation for a function\n   --> gameplay_sim/src/systems/world/unified_lod.rs:199:1\n    |\n199 | / pub fn lod_level_system(\n200 | |     active_query: Query<&Transform, With<ActiveEntity>>,\n201 | |     mut lod_query: Query<(&Transform, &mut LODEntity)>,\n202 | | ) {\n    | |_^\n\n","$message_type":"diagnostic","children":[],"code":{"code":"missing_docs","explanation":null},"level":"warning","message":"missing documentation for a function","spans":[{"byte_end":5823,"byte_start":5684,"column_end":2,"column_start":1,"expansion":null,"file_name":"gameplay_sim/src/systems/world/unified_lod.rs","is_primary":true,"label":null,"line_end":202,"line_start":199,"suggested_replacement":null,"suggestion_applicability":null,"text":[{"highlight_end":25,"highlight_start":1,"text":"pub fn lod_level_system("},{"highlight_end":57,"highlight_start":1,"text":"    active_query: Query<&Transform, With<ActiveEntity>>,"},{"highlight_end":56,"highlight_start":1,"text":"    mut lod_query: Query<(&Transform, &mut LODEntity)>,"},{"highlight_end":2,"highlight_start":1,"text":") {"}]}]}}
{"reason":"compiler-message","package_id":"path+file:///Users/bradyjeong/Documents/Projects/Amp/gta4/gta_game/gameplay_sim#0.1.0","manifest_path":"/Users/bradyjeong/Documents/Projects/Amp/gta4/gta_game/gameplay_sim/Cargo.toml","target":{"kind":["lib"],"crate_types":["lib"],"name":"gameplay_sim","src_path":"/Users/bradyjeong/Documents/Projects/Amp/gta4/gta_game/gameplay_sim/src/lib.rs","edition":"2021","doc":true,"doctest":true,"test":true},"message":{"rendered":"warning: missing documentation for an enum\n  --> gameplay_sim/src/systems/world/npc_lod.rs:15:1\n   |\n15 | pub enum NPCLOD {\n   | ^^^^^^^^^^^^^^^\n\n","$message_type":"diagnostic","children":[],"code":{"code":"missing_docs","explanation":null},"level":"warning","message":"missing documentation for an enum","spans":[{"byte_end":669,"byte_start":654,"column_end":16,"column_start":1,"expansion":null,"file_name":"gameplay_sim/src/systems/world/npc_lod.rs","is_primary":true,"label":null,"line_end":15,"line_start":15,"suggested_replacement":null,"suggestion_applicability":null,"text":[{"highlight_end":16,"highlight_start":1,"text":"pub enum NPCLOD {"}]}]}}
{"reason":"compiler-message","package_id":"path+file:///Users/bradyjeong/Documents/Projects/Amp/gta4/gta_game/gameplay_sim#0.1.0","manifest_path":"/Users/bradyjeong/Documents/Projects/Amp/gta4/gta_game/gameplay_sim/Cargo.toml","target":{"kind":["lib"],"crate_types":["lib"],"name":"gameplay_sim","src_path":"/Users/bradyjeong/Documents/Projects/Amp/gta4/gta_game/gameplay_sim/src/lib.rs","edition":"2021","doc":true,"doctest":true,"test":true},"message":{"rendered":"warning: missing documentation for a variant\n  --> gameplay_sim/src/systems/world/npc_lod.rs:16:5\n   |\n16 |     High,   // Full model, animations\n   |     ^^^^\n\n","$message_type":"diagnostic","children":[],"code":{"code":"missing_docs","explanation":null},"level":"warning","message":"missing documentation for a variant","spans":[{"byte_end":680,"byte_start":676,"column_end":9,"column_start":5,"expansion":null,"file_name":"gameplay_sim/src/systems/world/npc_lod.rs","is_primary":true,"label":null,"line_end":16,"line_start":16,"suggested_replacement":null,"suggestion_applicability":null,"text":[{"highlight_end":9,"highlight_start":5,"text":"    High,   // Full model, animations"}]}]}}
{"reason":"compiler-message","package_id":"path+file:///Users/bradyjeong/Documents/Projects/Amp/gta4/gta_game/gameplay_sim#0.1.0","manifest_path":"/Users/bradyjeong/Documents/Projects/Amp/gta4/gta_game/gameplay_sim/Cargo.toml","target":{"kind":["lib"],"crate_types":["lib"],"name":"gameplay_sim","src_path":"/Users/bradyjeong/Documents/Projects/Amp/gta4/gta_game/gameplay_sim/src/lib.rs","edition":"2021","doc":true,"doctest":true,"test":true},"message":{"rendered":"warning: missing documentation for a variant\n  --> gameplay_sim/src/systems/world/npc_lod.rs:17:5\n   |\n17 |     Medium, // Simplified model\n   |     ^^^^^^\n\n","$message_type":"diagnostic","children":[],"code":{"code":"missing_docs","explanation":null},"level":"warning","message":"missing documentation for a variant","spans":[{"byte_end":720,"byte_start":714,"column_end":11,"column_start":5,"expansion":null,"file_name":"gameplay_sim/src/systems/world/npc_lod.rs","is_primary":true,"label":null,"line_end":17,"line_start":17,"suggested_replacement":null,"suggestion_applicability":null,"text":[{"highlight_end":11,"highlight_start":5,"text":"    Medium, // Simplified model"}]}]}}
{"reason":"compiler-message","package_id":"path+file:///Users/bradyjeong/Documents/Projects/Amp/gta4/gta_game/gameplay_sim#0.1.0","manifest_path":"/Users/bradyjeong/Documents/Projects/Amp/gta4/gta_game/gameplay_sim/Cargo.toml","target":{"kind":["lib"],"crate_types":["lib"],"name":"gameplay_sim","src_path":"/Users/bradyjeong/Documents/Projects/Amp/gta4/gta_game/gameplay_sim/src/lib.rs","edition":"2021","doc":true,"doctest":true,"test":true},"message":{"rendered":"warning: missing documentation for a variant\n  --> gameplay_sim/src/systems/world/npc_lod.rs:18:5\n   |\n18 |     Low,    // Billboard or very simple model\n   |     ^^^\n\n","$message_type":"diagnostic","children":[],"code":{"code":"missing_docs","explanation":null},"level":"warning","message":"missing documentation for a variant","spans":[{"byte_end":749,"byte_start":746,"column_end":8,"column_start":5,"expansion":null,"file_name":"gameplay_sim/src/systems/world/npc_lod.rs","is_primary":true,"label":null,"line_end":18,"line_start":18,"suggested_replacement":null,"suggestion_applicability":null,"text":[{"highlight_end":8,"highlight_start":5,"text":"    Low,    // Billboard or very simple model"}]}]}}
{"reason":"compiler-message","package_id":"path+file:///Users/bradyjeong/Documents/Projects/Amp/gta4/gta_game/gameplay_sim#0.1.0","manifest_path":"/Users/bradyjeong/Documents/Projects/Amp/gta4/gta_game/gameplay_sim/Cargo.toml","target":{"kind":["lib"],"crate_types":["lib"],"name":"gameplay_sim","src_path":"/Users/bradyjeong/Documents/Projects/Amp/gta4/gta_game/gameplay_sim/src/lib.rs","edition":"2021","doc":true,"doctest":true,"test":true},"message":{"rendered":"warning: missing documentation for a variant\n  --> gameplay_sim/src/systems/world/npc_lod.rs:19:5\n   |\n19 |     Hidden, // Not visible\n   |     ^^^^^^\n\n","$message_type":"diagnostic","children":[],"code":{"code":"missing_docs","explanation":null},"level":"warning","message":"missing documentation for a variant","spans":[{"byte_end":798,"byte_start":792,"column_end":11,"column_start":5,"expansion":null,"file_name":"gameplay_sim/src/systems/world/npc_lod.rs","is_primary":true,"label":null,"line_end":19,"line_start":19,"suggested_replacement":null,"suggestion_applicability":null,"text":[{"highlight_end":11,"highlight_start":5,"text":"    Hidden, // Not visible"}]}]}}
{"reason":"compiler-message","package_id":"path+file:///Users/bradyjeong/Documents/Projects/Amp/gta4/gta_game/gameplay_sim#0.1.0","manifest_path":"/Users/bradyjeong/Documents/Projects/Amp/gta4/gta_game/gameplay_sim/Cargo.toml","target":{"kind":["lib"],"crate_types":["lib"],"name":"gameplay_sim","src_path":"/Users/bradyjeong/Documents/Projects/Amp/gta4/gta_game/gameplay_sim/src/lib.rs","edition":"2021","doc":true,"doctest":true,"test":true},"message":{"rendered":"warning: missing documentation for a struct\n  --> gameplay_sim/src/systems/world/npc_lod.rs:23:1\n   |\n23 | pub struct NPCState {\n   | ^^^^^^^^^^^^^^^^^^^\n\n","$message_type":"diagnostic","children":[],"code":{"code":"missing_docs","explanation":null},"level":"warning","message":"missing documentation for a struct","spans":[{"byte_end":872,"byte_start":853,"column_end":20,"column_start":1,"expansion":null,"file_name":"gameplay_sim/src/systems/world/npc_lod.rs","is_primary":true,"label":null,"line_end":23,"line_start":23,"suggested_replacement":null,"suggestion_applicability":null,"text":[{"highlight_end":20,"highlight_start":1,"text":"pub struct NPCState {"}]}]}}
{"reason":"compiler-message","package_id":"path+file:///Users/bradyjeong/Documents/Projects/Amp/gta4/gta_game/gameplay_sim#0.1.0","manifest_path":"/Users/bradyjeong/Documents/Projects/Amp/gta4/gta_game/gameplay_sim/Cargo.toml","target":{"kind":["lib"],"crate_types":["lib"],"name":"gameplay_sim","src_path":"/Users/bradyjeong/Documents/Projects/Amp/gta4/gta_game/gameplay_sim/src/lib.rs","edition":"2021","doc":true,"doctest":true,"test":true},"message":{"rendered":"warning: missing documentation for a struct field\n  --> gameplay_sim/src/systems/world/npc_lod.rs:24:5\n   |\n24 |     pub current_lod: NPCLOD,\n   |     ^^^^^^^^^^^^^^^^^^^^^^^\n\n","$message_type":"diagnostic","children":[],"code":{"code":"missing_docs","explanation":null},"level":"warning","message":"missing documentation for a struct field","spans":[{"byte_end":902,"byte_start":879,"column_end":28,"column_start":5,"expansion":null,"file_name":"gameplay_sim/src/systems/world/npc_lod.rs","is_primary":true,"label":null,"line_end":24,"line_start":24,"suggested_replacement":null,"suggestion_applicability":null,"text":[{"highlight_end":28,"highlight_start":5,"text":"    pub current_lod: NPCLOD,"}]}]}}
{"reason":"compiler-message","package_id":"path+file:///Users/bradyjeong/Documents/Projects/Amp/gta4/gta_game/gameplay_sim#0.1.0","manifest_path":"/Users/bradyjeong/Documents/Projects/Amp/gta4/gta_game/gameplay_sim/Cargo.toml","target":{"kind":["lib"],"crate_types":["lib"],"name":"gameplay_sim","src_path":"/Users/bradyjeong/Documents/Projects/Amp/gta4/gta_game/gameplay_sim/src/lib.rs","edition":"2021","doc":true,"doctest":true,"test":true},"message":{"rendered":"warning: missing documentation for a struct field\n  --> gameplay_sim/src/systems/world/npc_lod.rs:25:5\n   |\n25 |     pub last_lod_update: f32,\n   |     ^^^^^^^^^^^^^^^^^^^^^^^^\n\n","$message_type":"diagnostic","children":[],"code":{"code":"missing_docs","explanation":null},"level":"warning","message":"missing documentation for a struct field","spans":[{"byte_end":932,"byte_start":908,"column_end":29,"column_start":5,"expansion":null,"file_name":"gameplay_sim/src/systems/world/npc_lod.rs","is_primary":true,"label":null,"line_end":25,"line_start":25,"suggested_replacement":null,"suggestion_applicability":null,"text":[{"highlight_end":29,"highlight_start":5,"text":"    pub last_lod_update: f32,"}]}]}}
{"reason":"compiler-message","package_id":"path+file:///Users/bradyjeong/Documents/Projects/Amp/gta4/gta_game/gameplay_sim#0.1.0","manifest_path":"/Users/bradyjeong/Documents/Projects/Amp/gta4/gta_game/gameplay_sim/Cargo.toml","target":{"kind":["lib"],"crate_types":["lib"],"name":"gameplay_sim","src_path":"/Users/bradyjeong/Documents/Projects/Amp/gta4/gta_game/gameplay_sim/src/lib.rs","edition":"2021","doc":true,"doctest":true,"test":true},"message":{"rendered":"warning: missing documentation for a function\n  --> gameplay_sim/src/systems/world/npc_lod.rs:37:1\n   |\n37 | / pub fn npc_lod_system(\n38 | |     active_query: Query<&Transform, With<ActiveEntity>>,\n39 | |     mut npc_query: Query<(Entity, &mut NPCState, &Transform, &mut Visibility), With<NPC>>,\n40 | |     time: Res<Time>,\n41 | | ) {\n   | |_^\n\n","$message_type":"diagnostic","children":[],"code":{"code":"missing_docs","explanation":null},"level":"warning","message":"missing documentation for a function","spans":[{"byte_end":1292,"byte_start":1099,"column_end":2,"column_start":1,"expansion":null,"file_name":"gameplay_sim/src/systems/world/npc_lod.rs","is_primary":true,"label":null,"line_end":41,"line_start":37,"suggested_replacement":null,"suggestion_applicability":null,"text":[{"highlight_end":23,"highlight_start":1,"text":"pub fn npc_lod_system("},{"highlight_end":57,"highlight_start":1,"text":"    active_query: Query<&Transform, With<ActiveEntity>>,"},{"highlight_end":91,"highlight_start":1,"text":"    mut npc_query: Query<(Entity, &mut NPCState, &Transform, &mut Visibility), With<NPC>>,"},{"highlight_end":21,"highlight_start":1,"text":"    time: Res<Time>,"},{"highlight_end":2,"highlight_start":1,"text":") {"}]}]}}
{"reason":"compiler-message","package_id":"path+file:///Users/bradyjeong/Documents/Projects/Amp/gta4/gta_game/gameplay_sim#0.1.0","manifest_path":"/Users/bradyjeong/Documents/Projects/Amp/gta4/gta_game/gameplay_sim/Cargo.toml","target":{"kind":["lib"],"crate_types":["lib"],"name":"gameplay_sim","src_path":"/Users/bradyjeong/Documents/Projects/Amp/gta4/gta_game/gameplay_sim/src/lib.rs","edition":"2021","doc":true,"doctest":true,"test":true},"message":{"rendered":"warning: missing documentation for a function\n   --> gameplay_sim/src/systems/world/npc_lod.rs:108:1\n    |\n108 | / pub fn npc_mesh_lod_system(\n109 | |     npc_query: Query<&NPCState, (With<NPC>, Changed<NPCState>)>,\n110 | |     // In a real implementation, you'd have access to mesh handles here\n111 | | ) {\n    | |_^\n\n","$message_type":"diagnostic","children":[],"code":{"code":"missing_docs","explanation":null},"level":"warning","message":"missing documentation for a function","spans":[{"byte_end":3691,"byte_start":3525,"column_end":2,"column_start":1,"expansion":null,"file_name":"gameplay_sim/src/systems/world/npc_lod.rs","is_primary":true,"label":null,"line_end":111,"line_start":108,"suggested_replacement":null,"suggestion_applicability":null,"text":[{"highlight_end":28,"highlight_start":1,"text":"pub fn npc_mesh_lod_system("},{"highlight_end":65,"highlight_start":1,"text":"    npc_query: Query<&NPCState, (With<NPC>, Changed<NPCState>)>,"},{"highlight_end":72,"highlight_start":1,"text":"    // In a real implementation, you'd have access to mesh handles here"},{"highlight_end":2,"highlight_start":1,"text":") {"}]}]}}
{"reason":"compiler-message","package_id":"path+file:///Users/bradyjeong/Documents/Projects/Amp/gta4/gta_game/gameplay_sim#0.1.0","manifest_path":"/Users/bradyjeong/Documents/Projects/Amp/gta4/gta_game/gameplay_sim/Cargo.toml","target":{"kind":["lib"],"crate_types":["lib"],"name":"gameplay_sim","src_path":"/Users/bradyjeong/Documents/Projects/Amp/gta4/gta_game/gameplay_sim/src/lib.rs","edition":"2021","doc":true,"doctest":true,"test":true},"message":{"rendered":"warning: missing documentation for a function\n   --> gameplay_sim/src/systems/world/npc_lod.rs:132:1\n    |\n132 | / pub fn spawn_npc_with_lod(\n133 | |     commands: &mut Commands,\n134 | |     position: Vec3,\n135 | |     meshes: &mut ResMut<Assets<Mesh>>,\n136 | |     materials: &mut ResMut<Assets<StandardMaterial>>,\n137 | | ) -> Entity {\n    | |___________^\n\n","$message_type":"diagnostic","children":[],"code":{"code":"missing_docs","explanation":null},"level":"warning","message":"missing documentation for a function","spans":[{"byte_end":4414,"byte_start":4234,"column_end":12,"column_start":1,"expansion":null,"file_name":"gameplay_sim/src/systems/world/npc_lod.rs","is_primary":true,"label":null,"line_end":137,"line_start":132,"suggested_replacement":null,"suggestion_applicability":null,"text":[{"highlight_end":27,"highlight_start":1,"text":"pub fn spawn_npc_with_lod("},{"highlight_end":29,"highlight_start":1,"text":"    commands: &mut Commands,"},{"highlight_end":20,"highlight_start":1,"text":"    position: Vec3,"},{"highlight_end":39,"highlight_start":1,"text":"    meshes: &mut ResMut<Assets<Mesh>>,"},{"highlight_end":54,"highlight_start":1,"text":"    materials: &mut ResMut<Assets<StandardMaterial>>,"},{"highlight_end":12,"highlight_start":1,"text":") -> Entity {"}]}]}}
{"reason":"compiler-message","package_id":"path+file:///Users/bradyjeong/Documents/Projects/Amp/gta4/gta_game/gameplay_sim#0.1.0","manifest_path":"/Users/bradyjeong/Documents/Projects/Amp/gta4/gta_game/gameplay_sim/Cargo.toml","target":{"kind":["lib"],"crate_types":["lib"],"name":"gameplay_sim","src_path":"/Users/bradyjeong/Documents/Projects/Amp/gta4/gta_game/gameplay_sim/src/lib.rs","edition":"2021","doc":true,"doctest":true,"test":true},"message":{"rendered":"warning: missing documentation for a function\n  --> gameplay_sim/src/systems/world/npc_spawn.rs:16:1\n   |\n16 | / pub fn npc_spawn_system(\n17 | |     mut commands: Commands,\n18 | |     active_query: Query<&Transform, With<ActiveEntity>>,\n19 | |     npc_query: Query<&Transform, With<NPC>>,\n...  |\n23 | |     game_config: Res<GameConfig>,\n24 | | ) {\n   | |_^\n\n","$message_type":"diagnostic","children":[],"code":{"code":"missing_docs","explanation":null},"level":"warning","message":"missing documentation for a function","spans":[{"byte_end":989,"byte_start":687,"column_end":2,"column_start":1,"expansion":null,"file_name":"gameplay_sim/src/systems/world/npc_spawn.rs","is_primary":true,"label":null,"line_end":24,"line_start":16,"suggested_replacement":null,"suggestion_applicability":null,"text":[{"highlight_end":25,"highlight_start":1,"text":"pub fn npc_spawn_system("},{"highlight_end":28,"highlight_start":1,"text":"    mut commands: Commands,"},{"highlight_end":57,"highlight_start":1,"text":"    active_query: Query<&Transform, With<ActiveEntity>>,"},{"highlight_end":45,"highlight_start":1,"text":"    npc_query: Query<&Transform, With<NPC>>,"},{"highlight_end":21,"highlight_start":1,"text":"    time: Res<Time>,"},{"highlight_end":38,"highlight_start":1,"text":"    mut meshes: ResMut<Assets<Mesh>>,"},{"highlight_end":53,"highlight_start":1,"text":"    mut materials: ResMut<Assets<StandardMaterial>>,"},{"highlight_end":34,"highlight_start":1,"text":"    game_config: Res<GameConfig>,"},{"highlight_end":2,"highlight_start":1,"text":") {"}]}]}}
{"reason":"compiler-message","package_id":"path+file:///Users/bradyjeong/Documents/Projects/Amp/gta4/gta_game/gameplay_sim#0.1.0","manifest_path":"/Users/bradyjeong/Documents/Projects/Amp/gta4/gta_game/gameplay_sim/Cargo.toml","target":{"kind":["lib"],"crate_types":["lib"],"name":"gameplay_sim","src_path":"/Users/bradyjeong/Documents/Projects/Amp/gta4/gta_game/gameplay_sim/src/lib.rs","edition":"2021","doc":true,"doctest":true,"test":true},"message":{"rendered":"warning: missing documentation for a function\n  --> gameplay_sim/src/systems/world/npc_spawn.rs:57:1\n   |\n57 | / pub fn spawn_npc_unified(\n58 | |     commands: &mut Commands,\n59 | |     position: Vec3,\n60 | |     meshes: &mut ResMut<Assets<Mesh>>,\n61 | |     materials: &mut ResMut<Assets<StandardMaterial>>,\n62 | | ) -> Entity {\n   | |___________^\n\n","$message_type":"diagnostic","children":[],"code":{"code":"missing_docs","explanation":null},"level":"warning","message":"missing documentation for a function","spans":[{"byte_end":2255,"byte_start":2076,"column_end":12,"column_start":1,"expansion":null,"file_name":"gameplay_sim/src/systems/world/npc_spawn.rs","is_primary":true,"label":null,"line_end":62,"line_start":57,"suggested_replacement":null,"suggestion_applicability":null,"text":[{"highlight_end":26,"highlight_start":1,"text":"pub fn spawn_npc_unified("},{"highlight_end":29,"highlight_start":1,"text":"    commands: &mut Commands,"},{"highlight_end":20,"highlight_start":1,"text":"    position: Vec3,"},{"highlight_end":39,"highlight_start":1,"text":"    meshes: &mut ResMut<Assets<Mesh>>,"},{"highlight_end":54,"highlight_start":1,"text":"    materials: &mut ResMut<Assets<StandardMaterial>>,"},{"highlight_end":12,"highlight_start":1,"text":") -> Entity {"}]}]}}
{"reason":"compiler-message","package_id":"path+file:///Users/bradyjeong/Documents/Projects/Amp/gta4/gta_game/gameplay_sim#0.1.0","manifest_path":"/Users/bradyjeong/Documents/Projects/Amp/gta4/gta_game/gameplay_sim/Cargo.toml","target":{"kind":["lib"],"crate_types":["lib"],"name":"gameplay_sim","src_path":"/Users/bradyjeong/Documents/Projects/Amp/gta4/gta_game/gameplay_sim/src/lib.rs","edition":"2021","doc":true,"doctest":true,"test":true},"message":{"rendered":"warning: missing documentation for a function\n  --> gameplay_sim/src/systems/world/npc_spawn.rs:66:1\n   |\n66 | / pub fn cleanup_distant_npcs_system(\n67 | |     mut commands: Commands,\n68 | |     active_query: Query<&Transform, With<ActiveEntity>>,\n69 | |     npc_query: Query<(Entity, &Transform), With<NPC>>,\n70 | | ) {\n   | |_^\n\n","$message_type":"diagnostic","children":[],"code":{"code":"missing_docs","explanation":null},"level":"warning","message":"missing documentation for a function","spans":[{"byte_end":2500,"byte_start":2323,"column_end":2,"column_start":1,"expansion":null,"file_name":"gameplay_sim/src/systems/world/npc_spawn.rs","is_primary":true,"label":null,"line_end":70,"line_start":66,"suggested_replacement":null,"suggestion_applicability":null,"text":[{"highlight_end":36,"highlight_start":1,"text":"pub fn cleanup_distant_npcs_system("},{"highlight_end":28,"highlight_start":1,"text":"    mut commands: Commands,"},{"highlight_end":57,"highlight_start":1,"text":"    active_query: Query<&Transform, With<ActiveEntity>>,"},{"highlight_end":55,"highlight_start":1,"text":"    npc_query: Query<(Entity, &Transform), With<NPC>>,"},{"highlight_end":2,"highlight_start":1,"text":") {"}]}]}}
{"reason":"compiler-message","package_id":"path+file:///Users/bradyjeong/Documents/Projects/Amp/gta4/gta_game/gameplay_sim#0.1.0","manifest_path":"/Users/bradyjeong/Documents/Projects/Amp/gta4/gta_game/gameplay_sim/Cargo.toml","target":{"kind":["lib"],"crate_types":["lib"],"name":"gameplay_sim","src_path":"/Users/bradyjeong/Documents/Projects/Amp/gta4/gta_game/gameplay_sim/src/lib.rs","edition":"2021","doc":true,"doctest":true,"test":true},"message":{"rendered":"warning: missing documentation for a function\n  --> gameplay_sim/src/systems/world/npc_spawn.rs:84:1\n   |\n84 | / pub fn spawn_simple_npc_with_ground_detection(\n85 | |     commands: &mut Commands,\n86 | |     position: Vec3,\n87 | |     meshes: &mut ResMut<Assets<Mesh>>,\n88 | |     materials: &mut ResMut<Assets<StandardMaterial>>,\n89 | | ) -> Entity {\n   | |___________^\n\n","$message_type":"diagnostic","children":[],"code":{"code":"missing_docs","explanation":null},"level":"warning","message":"missing documentation for a function","spans":[{"byte_end":3181,"byte_start":2981,"column_end":12,"column_start":1,"expansion":null,"file_name":"gameplay_sim/src/systems/world/npc_spawn.rs","is_primary":true,"label":null,"line_end":89,"line_start":84,"suggested_replacement":null,"suggestion_applicability":null,"text":[{"highlight_end":47,"highlight_start":1,"text":"pub fn spawn_simple_npc_with_ground_detection("},{"highlight_end":29,"highlight_start":1,"text":"    commands: &mut Commands,"},{"highlight_end":20,"highlight_start":1,"text":"    position: Vec3,"},{"highlight_end":39,"highlight_start":1,"text":"    meshes: &mut ResMut<Assets<Mesh>>,"},{"highlight_end":54,"highlight_start":1,"text":"    materials: &mut ResMut<Assets<StandardMaterial>>,"},{"highlight_end":12,"highlight_start":1,"text":") -> Entity {"}]}]}}
{"reason":"compiler-message","package_id":"path+file:///Users/bradyjeong/Documents/Projects/Amp/gta4/gta_game/gameplay_sim#0.1.0","manifest_path":"/Users/bradyjeong/Documents/Projects/Amp/gta4/gta_game/gameplay_sim/Cargo.toml","target":{"kind":["lib"],"crate_types":["lib"],"name":"gameplay_sim","src_path":"/Users/bradyjeong/Documents/Projects/Amp/gta4/gta_game/gameplay_sim/src/lib.rs","edition":"2021","doc":true,"doctest":true,"test":true},"message":{"rendered":"warning: missing documentation for a function\n  --> gameplay_sim/src/systems/world/npc_spawn.rs:93:1\n   |\n93 | / pub fn spawn_simple_npc(\n94 | |     commands: &mut Commands,\n95 | |     position: Vec3,\n96 | |     meshes: &mut ResMut<Assets<Mesh>>,\n97 | |     materials: &mut ResMut<Assets<StandardMaterial>>,\n98 | | ) -> Entity {\n   | |___________^\n\n","$message_type":"diagnostic","children":[],"code":{"code":"missing_docs","explanation":null},"level":"warning","message":"missing documentation for a function","spans":[{"byte_end":3426,"byte_start":3248,"column_end":12,"column_start":1,"expansion":null,"file_name":"gameplay_sim/src/systems/world/npc_spawn.rs","is_primary":true,"label":null,"line_end":98,"line_start":93,"suggested_replacement":null,"suggestion_applicability":null,"text":[{"highlight_end":25,"highlight_start":1,"text":"pub fn spawn_simple_npc("},{"highlight_end":29,"highlight_start":1,"text":"    commands: &mut Commands,"},{"highlight_end":20,"highlight_start":1,"text":"    position: Vec3,"},{"highlight_end":39,"highlight_start":1,"text":"    meshes: &mut ResMut<Assets<Mesh>>,"},{"highlight_end":54,"highlight_start":1,"text":"    materials: &mut ResMut<Assets<StandardMaterial>>,"},{"highlight_end":12,"highlight_start":1,"text":") -> Entity {"}]}]}}
{"reason":"compiler-message","package_id":"path+file:///Users/bradyjeong/Documents/Projects/Amp/gta4/gta_game/gameplay_sim#0.1.0","manifest_path":"/Users/bradyjeong/Documents/Projects/Amp/gta4/gta_game/gameplay_sim/Cargo.toml","target":{"kind":["lib"],"crate_types":["lib"],"name":"gameplay_sim","src_path":"/Users/bradyjeong/Documents/Projects/Amp/gta4/gta_game/gameplay_sim/src/lib.rs","edition":"2021","doc":true,"doctest":true,"test":true},"message":{"rendered":"warning: missing documentation for a function\n   --> gameplay_sim/src/systems/world/npc_spawn.rs:102:1\n    |\n102 | / pub fn spawn_npc_with_new_architecture(\n103 | |     commands: &mut Commands,\n104 | |     position: Vec3,\n105 | |     meshes: &mut ResMut<Assets<Mesh>>,\n106 | |     materials: &mut ResMut<Assets<StandardMaterial>>,\n107 | | ) -> Entity {\n    | |___________^\n\n","$message_type":"diagnostic","children":[],"code":{"code":"missing_docs","explanation":null},"level":"warning","message":"missing documentation for a function","spans":[{"byte_end":3686,"byte_start":3493,"column_end":12,"column_start":1,"expansion":null,"file_name":"gameplay_sim/src/systems/world/npc_spawn.rs","is_primary":true,"label":null,"line_end":107,"line_start":102,"suggested_replacement":null,"suggestion_applicability":null,"text":[{"highlight_end":40,"highlight_start":1,"text":"pub fn spawn_npc_with_new_architecture("},{"highlight_end":29,"highlight_start":1,"text":"    commands: &mut Commands,"},{"highlight_end":20,"highlight_start":1,"text":"    position: Vec3,"},{"highlight_end":39,"highlight_start":1,"text":"    meshes: &mut ResMut<Assets<Mesh>>,"},{"highlight_end":54,"highlight_start":1,"text":"    materials: &mut ResMut<Assets<StandardMaterial>>,"},{"highlight_end":12,"highlight_start":1,"text":") -> Entity {"}]}]}}
{"reason":"compiler-message","package_id":"path+file:///Users/bradyjeong/Documents/Projects/Amp/gta4/gta_game/gameplay_sim#0.1.0","manifest_path":"/Users/bradyjeong/Documents/Projects/Amp/gta4/gta_game/gameplay_sim/Cargo.toml","target":{"kind":["lib"],"crate_types":["lib"],"name":"gameplay_sim","src_path":"/Users/bradyjeong/Documents/Projects/Amp/gta4/gta_game/gameplay_sim/src/lib.rs","edition":"2021","doc":true,"doctest":true,"test":true},"message":{"rendered":"warning: missing documentation for a function\n   --> gameplay_sim/src/systems/world/npc_spawn.rs:111:1\n    |\n111 | / pub fn migrate_legacy_npcs(\n112 | |     mut commands: Commands,\n113 | |     legacy_npc_query: Query<Entity, (With<NPC>, Without<DynamicContent>)>,\n114 | | ) {\n    | |_^\n\n","$message_type":"diagnostic","children":[],"code":{"code":"missing_docs","explanation":null},"level":"warning","message":"missing documentation for a function","spans":[{"byte_end":3885,"byte_start":3753,"column_end":2,"column_start":1,"expansion":null,"file_name":"gameplay_sim/src/systems/world/npc_spawn.rs","is_primary":true,"label":null,"line_end":114,"line_start":111,"suggested_replacement":null,"suggestion_applicability":null,"text":[{"highlight_end":28,"highlight_start":1,"text":"pub fn migrate_legacy_npcs("},{"highlight_end":28,"highlight_start":1,"text":"    mut commands: Commands,"},{"highlight_end":75,"highlight_start":1,"text":"    legacy_npc_query: Query<Entity, (With<NPC>, Without<DynamicContent>)>,"},{"highlight_end":2,"highlight_start":1,"text":") {"}]}]}}
{"reason":"compiler-message","package_id":"path+file:///Users/bradyjeong/Documents/Projects/Amp/gta4/gta_game/gameplay_sim#0.1.0","manifest_path":"/Users/bradyjeong/Documents/Projects/Amp/gta4/gta_game/gameplay_sim/Cargo.toml","target":{"kind":["lib"],"crate_types":["lib"],"name":"gameplay_sim","src_path":"/Users/bradyjeong/Documents/Projects/Amp/gta4/gta_game/gameplay_sim/src/lib.rs","edition":"2021","doc":true,"doctest":true,"test":true},"message":{"rendered":"warning: missing documentation for an enum\n  --> gameplay_sim/src/systems/world/vegetation_lod.rs:16:1\n   |\n16 | pub enum VegetationDetailLevel {\n   | ^^^^^^^^^^^^^^^^^^^^^^^^^^^^^^\n\n","$message_type":"diagnostic","children":[],"code":{"code":"missing_docs","explanation":null},"level":"warning","message":"missing documentation for an enum","spans":[{"byte_end":731,"byte_start":701,"column_end":31,"column_start":1,"expansion":null,"file_name":"gameplay_sim/src/systems/world/vegetation_lod.rs","is_primary":true,"label":null,"line_end":16,"line_start":16,"suggested_replacement":null,"suggestion_applicability":null,"text":[{"highlight_end":31,"highlight_start":1,"text":"pub enum VegetationDetailLevel {"}]}]}}
{"reason":"compiler-message","package_id":"path+file:///Users/bradyjeong/Documents/Projects/Amp/gta4/gta_game/gameplay_sim#0.1.0","manifest_path":"/Users/bradyjeong/Documents/Projects/Amp/gta4/gta_game/gameplay_sim/Cargo.toml","target":{"kind":["lib"],"crate_types":["lib"],"name":"gameplay_sim","src_path":"/Users/bradyjeong/Documents/Projects/Amp/gta4/gta_game/gameplay_sim/src/lib.rs","edition":"2021","doc":true,"doctest":true,"test":true},"message":{"rendered":"warning: missing documentation for a variant\n  --> gameplay_sim/src/systems/world/vegetation_lod.rs:17:5\n   |\n17 |     High,       // Full 3D model\n   |     ^^^^\n\n","$message_type":"diagnostic","children":[],"code":{"code":"missing_docs","explanation":null},"level":"warning","message":"missing documentation for a variant","spans":[{"byte_end":742,"byte_start":738,"column_end":9,"column_start":5,"expansion":null,"file_name":"gameplay_sim/src/systems/world/vegetation_lod.rs","is_primary":true,"label":null,"line_end":17,"line_start":17,"suggested_replacement":null,"suggestion_applicability":null,"text":[{"highlight_end":9,"highlight_start":5,"text":"    High,       // Full 3D model"}]}]}}
{"reason":"compiler-message","package_id":"path+file:///Users/bradyjeong/Documents/Projects/Amp/gta4/gta_game/gameplay_sim#0.1.0","manifest_path":"/Users/bradyjeong/Documents/Projects/Amp/gta4/gta_game/gameplay_sim/Cargo.toml","target":{"kind":["lib"],"crate_types":["lib"],"name":"gameplay_sim","src_path":"/Users/bradyjeong/Documents/Projects/Amp/gta4/gta_game/gameplay_sim/src/lib.rs","edition":"2021","doc":true,"doctest":true,"test":true},"message":{"rendered":"warning: missing documentation for a variant\n  --> gameplay_sim/src/systems/world/vegetation_lod.rs:18:5\n   |\n18 |     Medium,     // Simplified 3D model\n   |     ^^^^^^\n\n","$message_type":"diagnostic","children":[],"code":{"code":"missing_docs","explanation":null},"level":"warning","message":"missing documentation for a variant","spans":[{"byte_end":777,"byte_start":771,"column_end":11,"column_start":5,"expansion":null,"file_name":"gameplay_sim/src/systems/world/vegetation_lod.rs","is_primary":true,"label":null,"line_end":18,"line_start":18,"suggested_replacement":null,"suggestion_applicability":null,"text":[{"highlight_end":11,"highlight_start":5,"text":"    Medium,     // Simplified 3D model"}]}]}}
{"reason":"compiler-message","package_id":"path+file:///Users/bradyjeong/Documents/Projects/Amp/gta4/gta_game/gameplay_sim#0.1.0","manifest_path":"/Users/bradyjeong/Documents/Projects/Amp/gta4/gta_game/gameplay_sim/Cargo.toml","target":{"kind":["lib"],"crate_types":["lib"],"name":"gameplay_sim","src_path":"/Users/bradyjeong/Documents/Projects/Amp/gta4/gta_game/gameplay_sim/src/lib.rs","edition":"2021","doc":true,"doctest":true,"test":true},"message":{"rendered":"warning: missing documentation for a variant\n  --> gameplay_sim/src/systems/world/vegetation_lod.rs:19:5\n   |\n19 |     Low,        // Very simple 3D model\n   |     ^^^\n\n","$message_type":"diagnostic","children":[],"code":{"code":"missing_docs","explanation":null},"level":"warning","message":"missing documentation for a variant","spans":[{"byte_end":813,"byte_start":810,"column_end":8,"column_start":5,"expansion":null,"file_name":"gameplay_sim/src/systems/world/vegetation_lod.rs","is_primary":true,"label":null,"line_end":19,"line_start":19,"suggested_replacement":null,"suggestion_applicability":null,"text":[{"highlight_end":8,"highlight_start":5,"text":"    Low,        // Very simple 3D model"}]}]}}
{"reason":"compiler-message","package_id":"path+file:///Users/bradyjeong/Documents/Projects/Amp/gta4/gta_game/gameplay_sim#0.1.0","manifest_path":"/Users/bradyjeong/Documents/Projects/Amp/gta4/gta_game/gameplay_sim/Cargo.toml","target":{"kind":["lib"],"crate_types":["lib"],"name":"gameplay_sim","src_path":"/Users/bradyjeong/Documents/Projects/Amp/gta4/gta_game/gameplay_sim/src/lib.rs","edition":"2021","doc":true,"doctest":true,"test":true},"message":{"rendered":"warning: missing documentation for a variant\n  --> gameplay_sim/src/systems/world/vegetation_lod.rs:20:5\n   |\n20 |     Billboard,  // 2D billboard sprite\n   |     ^^^^^^^^^\n\n","$message_type":"diagnostic","children":[],"code":{"code":"missing_docs","explanation":null},"level":"warning","message":"missing documentation for a variant","spans":[{"byte_end":859,"byte_start":850,"column_end":14,"column_start":5,"expansion":null,"file_name":"gameplay_sim/src/systems/world/vegetation_lod.rs","is_primary":true,"label":null,"line_end":20,"line_start":20,"suggested_replacement":null,"suggestion_applicability":null,"text":[{"highlight_end":14,"highlight_start":5,"text":"    Billboard,  // 2D billboard sprite"}]}]}}
{"reason":"compiler-message","package_id":"path+file:///Users/bradyjeong/Documents/Projects/Amp/gta4/gta_game/gameplay_sim#0.1.0","manifest_path":"/Users/bradyjeong/Documents/Projects/Amp/gta4/gta_game/gameplay_sim/Cargo.toml","target":{"kind":["lib"],"crate_types":["lib"],"name":"gameplay_sim","src_path":"/Users/bradyjeong/Documents/Projects/Amp/gta4/gta_game/gameplay_sim/src/lib.rs","edition":"2021","doc":true,"doctest":true,"test":true},"message":{"rendered":"warning: missing documentation for a variant\n  --> gameplay_sim/src/systems/world/vegetation_lod.rs:21:5\n   |\n21 |     Hidden,     // Not visible\n   |     ^^^^^^\n\n","$message_type":"diagnostic","children":[],"code":{"code":"missing_docs","explanation":null},"level":"warning","message":"missing documentation for a variant","spans":[{"byte_end":895,"byte_start":889,"column_end":11,"column_start":5,"expansion":null,"file_name":"gameplay_sim/src/systems/world/vegetation_lod.rs","is_primary":true,"label":null,"line_end":21,"line_start":21,"suggested_replacement":null,"suggestion_applicability":null,"text":[{"highlight_end":11,"highlight_start":5,"text":"    Hidden,     // Not visible"}]}]}}
{"reason":"compiler-message","package_id":"path+file:///Users/bradyjeong/Documents/Projects/Amp/gta4/gta_game/gameplay_sim#0.1.0","manifest_path":"/Users/bradyjeong/Documents/Projects/Amp/gta4/gta_game/gameplay_sim/Cargo.toml","target":{"kind":["lib"],"crate_types":["lib"],"name":"gameplay_sim","src_path":"/Users/bradyjeong/Documents/Projects/Amp/gta4/gta_game/gameplay_sim/src/lib.rs","edition":"2021","doc":true,"doctest":true,"test":true},"message":{"rendered":"warning: missing documentation for a struct\n  --> gameplay_sim/src/systems/world/vegetation_lod.rs:25:1\n   |\n25 | pub struct VegetationLOD {\n   | ^^^^^^^^^^^^^^^^^^^^^^^^\n\n","$message_type":"diagnostic","children":[],"code":{"code":"missing_docs","explanation":null},"level":"warning","message":"missing documentation for a struct","spans":[{"byte_end":978,"byte_start":954,"column_end":25,"column_start":1,"expansion":null,"file_name":"gameplay_sim/src/systems/world/vegetation_lod.rs","is_primary":true,"label":null,"line_end":25,"line_start":25,"suggested_replacement":null,"suggestion_applicability":null,"text":[{"highlight_end":25,"highlight_start":1,"text":"pub struct VegetationLOD {"}]}]}}
{"reason":"compiler-message","package_id":"path+file:///Users/bradyjeong/Documents/Projects/Amp/gta4/gta_game/gameplay_sim#0.1.0","manifest_path":"/Users/bradyjeong/Documents/Projects/Amp/gta4/gta_game/gameplay_sim/Cargo.toml","target":{"kind":["lib"],"crate_types":["lib"],"name":"gameplay_sim","src_path":"/Users/bradyjeong/Documents/Projects/Amp/gta4/gta_game/gameplay_sim/src/lib.rs","edition":"2021","doc":true,"doctest":true,"test":true},"message":{"rendered":"warning: missing documentation for a struct field\n  --> gameplay_sim/src/systems/world/vegetation_lod.rs:26:5\n   |\n26 |     pub detail_level: VegetationDetailLevel,\n   |     ^^^^^^^^^^^^^^^^^^^^^^^^^^^^^^^^^^^^^^^\n\n","$message_type":"diagnostic","children":[],"code":{"code":"missing_docs","explanation":null},"level":"warning","message":"missing documentation for a struct field","spans":[{"byte_end":1024,"byte_start":985,"column_end":44,"column_start":5,"expansion":null,"file_name":"gameplay_sim/src/systems/world/vegetation_lod.rs","is_primary":true,"label":null,"line_end":26,"line_start":26,"suggested_replacement":null,"suggestion_applicability":null,"text":[{"highlight_end":44,"highlight_start":5,"text":"    pub detail_level: VegetationDetailLevel,"}]}]}}
{"reason":"compiler-message","package_id":"path+file:///Users/bradyjeong/Documents/Projects/Amp/gta4/gta_game/gameplay_sim#0.1.0","manifest_path":"/Users/bradyjeong/Documents/Projects/Amp/gta4/gta_game/gameplay_sim/Cargo.toml","target":{"kind":["lib"],"crate_types":["lib"],"name":"gameplay_sim","src_path":"/Users/bradyjeong/Documents/Projects/Amp/gta4/gta_game/gameplay_sim/src/lib.rs","edition":"2021","doc":true,"doctest":true,"test":true},"message":{"rendered":"warning: missing documentation for a struct field\n  --> gameplay_sim/src/systems/world/vegetation_lod.rs:27:5\n   |\n27 |     pub last_update: f32,\n   |     ^^^^^^^^^^^^^^^^^^^^\n\n","$message_type":"diagnostic","children":[],"code":{"code":"missing_docs","explanation":null},"level":"warning","message":"missing documentation for a struct field","spans":[{"byte_end":1050,"byte_start":1030,"column_end":25,"column_start":5,"expansion":null,"file_name":"gameplay_sim/src/systems/world/vegetation_lod.rs","is_primary":true,"label":null,"line_end":27,"line_start":27,"suggested_replacement":null,"suggestion_applicability":null,"text":[{"highlight_end":25,"highlight_start":5,"text":"    pub last_update: f32,"}]}]}}
{"reason":"compiler-message","package_id":"path+file:///Users/bradyjeong/Documents/Projects/Amp/gta4/gta_game/gameplay_sim#0.1.0","manifest_path":"/Users/bradyjeong/Documents/Projects/Amp/gta4/gta_game/gameplay_sim/Cargo.toml","target":{"kind":["lib"],"crate_types":["lib"],"name":"gameplay_sim","src_path":"/Users/bradyjeong/Documents/Projects/Amp/gta4/gta_game/gameplay_sim/src/lib.rs","edition":"2021","doc":true,"doctest":true,"test":true},"message":{"rendered":"warning: missing documentation for a struct field\n  --> gameplay_sim/src/systems/world/vegetation_lod.rs:28:5\n   |\n28 |     pub base_distance: f32,\n   |     ^^^^^^^^^^^^^^^^^^^^^^\n\n","$message_type":"diagnostic","children":[],"code":{"code":"missing_docs","explanation":null},"level":"warning","message":"missing documentation for a struct field","spans":[{"byte_end":1078,"byte_start":1056,"column_end":27,"column_start":5,"expansion":null,"file_name":"gameplay_sim/src/systems/world/vegetation_lod.rs","is_primary":true,"label":null,"line_end":28,"line_start":28,"suggested_replacement":null,"suggestion_applicability":null,"text":[{"highlight_end":27,"highlight_start":5,"text":"    pub base_distance: f32,"}]}]}}
{"reason":"compiler-message","package_id":"path+file:///Users/bradyjeong/Documents/Projects/Amp/gta4/gta_game/gameplay_sim#0.1.0","manifest_path":"/Users/bradyjeong/Documents/Projects/Amp/gta4/gta_game/gameplay_sim/Cargo.toml","target":{"kind":["lib"],"crate_types":["lib"],"name":"gameplay_sim","src_path":"/Users/bradyjeong/Documents/Projects/Amp/gta4/gta_game/gameplay_sim/src/lib.rs","edition":"2021","doc":true,"doctest":true,"test":true},"message":{"rendered":"warning: missing documentation for a struct\n  --> gameplay_sim/src/systems/world/vegetation_lod.rs:42:1\n   |\n42 | pub struct VegetationBillboard {\n   | ^^^^^^^^^^^^^^^^^^^^^^^^^^^^^^\n\n","$message_type":"diagnostic","children":[],"code":{"code":"missing_docs","explanation":null},"level":"warning","message":"missing documentation for a struct","spans":[{"byte_end":1361,"byte_start":1331,"column_end":31,"column_start":1,"expansion":null,"file_name":"gameplay_sim/src/systems/world/vegetation_lod.rs","is_primary":true,"label":null,"line_end":42,"line_start":42,"suggested_replacement":null,"suggestion_applicability":null,"text":[{"highlight_end":31,"highlight_start":1,"text":"pub struct VegetationBillboard {"}]}]}}
{"reason":"compiler-message","package_id":"path+file:///Users/bradyjeong/Documents/Projects/Amp/gta4/gta_game/gameplay_sim#0.1.0","manifest_path":"/Users/bradyjeong/Documents/Projects/Amp/gta4/gta_game/gameplay_sim/Cargo.toml","target":{"kind":["lib"],"crate_types":["lib"],"name":"gameplay_sim","src_path":"/Users/bradyjeong/Documents/Projects/Amp/gta4/gta_game/gameplay_sim/src/lib.rs","edition":"2021","doc":true,"doctest":true,"test":true},"message":{"rendered":"warning: missing documentation for a struct field\n  --> gameplay_sim/src/systems/world/vegetation_lod.rs:43:5\n   |\n43 |     pub original_up: Vec3,\n   |     ^^^^^^^^^^^^^^^^^^^^^\n\n","$message_type":"diagnostic","children":[],"code":{"code":"missing_docs","explanation":null},"level":"warning","message":"missing documentation for a struct field","spans":[{"byte_end":1389,"byte_start":1368,"column_end":26,"column_start":5,"expansion":null,"file_name":"gameplay_sim/src/systems/world/vegetation_lod.rs","is_primary":true,"label":null,"line_end":43,"line_start":43,"suggested_replacement":null,"suggestion_applicability":null,"text":[{"highlight_end":26,"highlight_start":5,"text":"    pub original_up: Vec3,"}]}]}}
{"reason":"compiler-message","package_id":"path+file:///Users/bradyjeong/Documents/Projects/Amp/gta4/gta_game/gameplay_sim#0.1.0","manifest_path":"/Users/bradyjeong/Documents/Projects/Amp/gta4/gta_game/gameplay_sim/Cargo.toml","target":{"kind":["lib"],"crate_types":["lib"],"name":"gameplay_sim","src_path":"/Users/bradyjeong/Documents/Projects/Amp/gta4/gta_game/gameplay_sim/src/lib.rs","edition":"2021","doc":true,"doctest":true,"test":true},"message":{"rendered":"warning: missing documentation for a function\n  --> gameplay_sim/src/systems/world/vegetation_lod.rs:50:1\n   |\n50 | / pub fn vegetation_lod_system(\n51 | |     active_query: Query<&Transform, With<ActiveEntity>>,\n52 | |     mut vegetation_query: Query<(Entity, &mut VegetationLOD, &Transform, &mut Visibility)>,\n53 | |     time: Res<Time>,\n54 | | ) {\n   | |_^\n\n","$message_type":"diagnostic","children":[],"code":{"code":"missing_docs","explanation":null},"level":"warning","message":"missing documentation for a function","spans":[{"byte_end":1669,"byte_start":1468,"column_end":2,"column_start":1,"expansion":null,"file_name":"gameplay_sim/src/systems/world/vegetation_lod.rs","is_primary":true,"label":null,"line_end":54,"line_start":50,"suggested_replacement":null,"suggestion_applicability":null,"text":[{"highlight_end":30,"highlight_start":1,"text":"pub fn vegetation_lod_system("},{"highlight_end":57,"highlight_start":1,"text":"    active_query: Query<&Transform, With<ActiveEntity>>,"},{"highlight_end":92,"highlight_start":1,"text":"    mut vegetation_query: Query<(Entity, &mut VegetationLOD, &Transform, &mut Visibility)>,"},{"highlight_end":21,"highlight_start":1,"text":"    time: Res<Time>,"},{"highlight_end":2,"highlight_start":1,"text":") {"}]}]}}
{"reason":"compiler-message","package_id":"path+file:///Users/bradyjeong/Documents/Projects/Amp/gta4/gta_game/gameplay_sim#0.1.0","manifest_path":"/Users/bradyjeong/Documents/Projects/Amp/gta4/gta_game/gameplay_sim/Cargo.toml","target":{"kind":["lib"],"crate_types":["lib"],"name":"gameplay_sim","src_path":"/Users/bradyjeong/Documents/Projects/Amp/gta4/gta_game/gameplay_sim/src/lib.rs","edition":"2021","doc":true,"doctest":true,"test":true},"message":{"rendered":"warning: missing documentation for a function\n  --> gameplay_sim/src/systems/world/vegetation_lod.rs:95:1\n   |\n95 | / pub fn vegetation_billboard_system(\n96 | |     active_query: Query<&Transform, With<ActiveEntity>>,\n97 | |     mut billboard_query: Query<(&mut Transform, &VegetationLOD, &VegetationBillboard), (Without<ActiveEntity>, With<VegetationBillboard>)>,\n98 | | ) {\n   | |_^\n\n","$message_type":"diagnostic","children":[],"code":{"code":"missing_docs","explanation":null},"level":"warning","message":"missing documentation for a function","spans":[{"byte_end":3407,"byte_start":3173,"column_end":2,"column_start":1,"expansion":null,"file_name":"gameplay_sim/src/systems/world/vegetation_lod.rs","is_primary":true,"label":null,"line_end":98,"line_start":95,"suggested_replacement":null,"suggestion_applicability":null,"text":[{"highlight_end":36,"highlight_start":1,"text":"pub fn vegetation_billboard_system("},{"highlight_end":57,"highlight_start":1,"text":"    active_query: Query<&Transform, With<ActiveEntity>>,"},{"highlight_end":140,"highlight_start":1,"text":"    mut billboard_query: Query<(&mut Transform, &VegetationLOD, &VegetationBillboard), (Without<ActiveEntity>, With<VegetationBillboard>)>,"},{"highlight_end":2,"highlight_start":1,"text":") {"}]}]}}
{"reason":"compiler-message","package_id":"path+file:///Users/bradyjeong/Documents/Projects/Amp/gta4/gta_game/gameplay_sim#0.1.0","manifest_path":"/Users/bradyjeong/Documents/Projects/Amp/gta4/gta_game/gameplay_sim/Cargo.toml","target":{"kind":["lib"],"crate_types":["lib"],"name":"gameplay_sim","src_path":"/Users/bradyjeong/Documents/Projects/Amp/gta4/gta_game/gameplay_sim/src/lib.rs","edition":"2021","doc":true,"doctest":true,"test":true},"message":{"rendered":"warning: missing documentation for a function\n   --> gameplay_sim/src/systems/world/vegetation_lod.rs:111:1\n    |\n111 | / pub fn vegetation_billboard_mesh_generator(\n112 | |     mut commands: Commands,\n113 | |     vegetation_query: Query<(Entity, &VegetationLOD), (Changed<VegetationLOD>, With<VegetationLOD>)>,\n114 | |     mut meshes: ResMut<Assets<Mesh>>,\n115 | |     mut materials: ResMut<Assets<StandardMaterial>>,\n116 | | ) {\n    | |_^\n\n","$message_type":"diagnostic","children":[],"code":{"code":"missing_docs","explanation":null},"level":"warning","message":"missing documentation for a function","spans":[{"byte_end":4222,"byte_start":3956,"column_end":2,"column_start":1,"expansion":null,"file_name":"gameplay_sim/src/systems/world/vegetation_lod.rs","is_primary":true,"label":null,"line_end":116,"line_start":111,"suggested_replacement":null,"suggestion_applicability":null,"text":[{"highlight_end":44,"highlight_start":1,"text":"pub fn vegetation_billboard_mesh_generator("},{"highlight_end":28,"highlight_start":1,"text":"    mut commands: Commands,"},{"highlight_end":102,"highlight_start":1,"text":"    vegetation_query: Query<(Entity, &VegetationLOD), (Changed<VegetationLOD>, With<VegetationLOD>)>,"},{"highlight_end":38,"highlight_start":1,"text":"    mut meshes: ResMut<Assets<Mesh>>,"},{"highlight_end":53,"highlight_start":1,"text":"    mut materials: ResMut<Assets<StandardMaterial>>,"},{"highlight_end":2,"highlight_start":1,"text":") {"}]}]}}
{"reason":"compiler-message","package_id":"path+file:///Users/bradyjeong/Documents/Projects/Amp/gta4/gta_game/gameplay_sim#0.1.0","manifest_path":"/Users/bradyjeong/Documents/Projects/Amp/gta4/gta_game/gameplay_sim/Cargo.toml","target":{"kind":["lib"],"crate_types":["lib"],"name":"gameplay_sim","src_path":"/Users/bradyjeong/Documents/Projects/Amp/gta4/gta_game/gameplay_sim/src/lib.rs","edition":"2021","doc":true,"doctest":true,"test":true},"message":{"rendered":"warning: missing documentation for a struct\n   --> gameplay_sim/src/systems/world/vegetation_lod.rs:140:1\n    |\n140 | pub struct VegetationBillboardResources {\n    | ^^^^^^^^^^^^^^^^^^^^^^^^^^^^^^^^^^^^^^^\n\n","$message_type":"diagnostic","children":[],"code":{"code":"missing_docs","explanation":null},"level":"warning","message":"missing documentation for a struct","spans":[{"byte_end":5170,"byte_start":5131,"column_end":40,"column_start":1,"expansion":null,"file_name":"gameplay_sim/src/systems/world/vegetation_lod.rs","is_primary":true,"label":null,"line_end":140,"line_start":140,"suggested_replacement":null,"suggestion_applicability":null,"text":[{"highlight_end":40,"highlight_start":1,"text":"pub struct VegetationBillboardResources {"}]}]}}
{"reason":"compiler-message","package_id":"path+file:///Users/bradyjeong/Documents/Projects/Amp/gta4/gta_game/gameplay_sim#0.1.0","manifest_path":"/Users/bradyjeong/Documents/Projects/Amp/gta4/gta_game/gameplay_sim/Cargo.toml","target":{"kind":["lib"],"crate_types":["lib"],"name":"gameplay_sim","src_path":"/Users/bradyjeong/Documents/Projects/Amp/gta4/gta_game/gameplay_sim/src/lib.rs","edition":"2021","doc":true,"doctest":true,"test":true},"message":{"rendered":"warning: missing documentation for a struct field\n   --> gameplay_sim/src/systems/world/vegetation_lod.rs:141:5\n    |\n141 |     pub billboard_mesh: Option<Handle<Mesh>>,\n    |     ^^^^^^^^^^^^^^^^^^^^^^^^^^^^^^^^^^^^^^^^\n\n","$message_type":"diagnostic","children":[],"code":{"code":"missing_docs","explanation":null},"level":"warning","message":"missing documentation for a struct field","spans":[{"byte_end":5217,"byte_start":5177,"column_end":45,"column_start":5,"expansion":null,"file_name":"gameplay_sim/src/systems/world/vegetation_lod.rs","is_primary":true,"label":null,"line_end":141,"line_start":141,"suggested_replacement":null,"suggestion_applicability":null,"text":[{"highlight_end":45,"highlight_start":5,"text":"    pub billboard_mesh: Option<Handle<Mesh>>,"}]}]}}
{"reason":"compiler-message","package_id":"path+file:///Users/bradyjeong/Documents/Projects/Amp/gta4/gta_game/gameplay_sim#0.1.0","manifest_path":"/Users/bradyjeong/Documents/Projects/Amp/gta4/gta_game/gameplay_sim/Cargo.toml","target":{"kind":["lib"],"crate_types":["lib"],"name":"gameplay_sim","src_path":"/Users/bradyjeong/Documents/Projects/Amp/gta4/gta_game/gameplay_sim/src/lib.rs","edition":"2021","doc":true,"doctest":true,"test":true},"message":{"rendered":"warning: missing documentation for a struct field\n   --> gameplay_sim/src/systems/world/vegetation_lod.rs:142:5\n    |\n142 |     pub billboard_material: Option<Handle<StandardMaterial>>,\n    |     ^^^^^^^^^^^^^^^^^^^^^^^^^^^^^^^^^^^^^^^^^^^^^^^^^^^^^^^^\n\n","$message_type":"diagnostic","children":[],"code":{"code":"missing_docs","explanation":null},"level":"warning","message":"missing documentation for a struct field","spans":[{"byte_end":5279,"byte_start":5223,"column_end":61,"column_start":5,"expansion":null,"file_name":"gameplay_sim/src/systems/world/vegetation_lod.rs","is_primary":true,"label":null,"line_end":142,"line_start":142,"suggested_replacement":null,"suggestion_applicability":null,"text":[{"highlight_end":61,"highlight_start":5,"text":"    pub billboard_material: Option<Handle<StandardMaterial>>,"}]}]}}
{"reason":"compiler-message","package_id":"path+file:///Users/bradyjeong/Documents/Projects/Amp/gta4/gta_game/gameplay_sim#0.1.0","manifest_path":"/Users/bradyjeong/Documents/Projects/Amp/gta4/gta_game/gameplay_sim/Cargo.toml","target":{"kind":["lib"],"crate_types":["lib"],"name":"gameplay_sim","src_path":"/Users/bradyjeong/Documents/Projects/Amp/gta4/gta_game/gameplay_sim/src/lib.rs","edition":"2021","doc":true,"doctest":true,"test":true},"message":{"rendered":"warning: missing documentation for a function\n   --> gameplay_sim/src/systems/world/vegetation_lod.rs:162:1\n    |\n162 | / pub fn spawn_vegetation_with_lod(\n163 | |     commands: &mut Commands,\n164 | |     position: Vec3,\n165 | |     vegetation_type: ContentType,\n166 | |     meshes: &mut ResMut<Assets<Mesh>>,\n167 | |     materials: &mut ResMut<Assets<StandardMaterial>>,\n168 | | ) -> Entity {\n    | |___________^\n\n","$message_type":"diagnostic","children":[],"code":{"code":"missing_docs","explanation":null},"level":"warning","message":"missing documentation for a function","spans":[{"byte_end":6006,"byte_start":5785,"column_end":12,"column_start":1,"expansion":null,"file_name":"gameplay_sim/src/systems/world/vegetation_lod.rs","is_primary":true,"label":null,"line_end":168,"line_start":162,"suggested_replacement":null,"suggestion_applicability":null,"text":[{"highlight_end":34,"highlight_start":1,"text":"pub fn spawn_vegetation_with_lod("},{"highlight_end":29,"highlight_start":1,"text":"    commands: &mut Commands,"},{"highlight_end":20,"highlight_start":1,"text":"    position: Vec3,"},{"highlight_end":34,"highlight_start":1,"text":"    vegetation_type: ContentType,"},{"highlight_end":39,"highlight_start":1,"text":"    meshes: &mut ResMut<Assets<Mesh>>,"},{"highlight_end":54,"highlight_start":1,"text":"    materials: &mut ResMut<Assets<StandardMaterial>>,"},{"highlight_end":12,"highlight_start":1,"text":") -> Entity {"}]}]}}
{"reason":"compiler-message","package_id":"path+file:///Users/bradyjeong/Documents/Projects/Amp/gta4/gta_game/gameplay_sim#0.1.0","manifest_path":"/Users/bradyjeong/Documents/Projects/Amp/gta4/gta_game/gameplay_sim/Cargo.toml","target":{"kind":["lib"],"crate_types":["lib"],"name":"gameplay_sim","src_path":"/Users/bradyjeong/Documents/Projects/Amp/gta4/gta_game/gameplay_sim/src/lib.rs","edition":"2021","doc":true,"doctest":true,"test":true},"message":{"rendered":"warning: missing documentation for a function\n   --> gameplay_sim/src/systems/world/vegetation_lod.rs:191:1\n    |\n191 | / pub fn vegetation_instancing_system(\n192 | |     vegetation_query: Query<(&Transform, &VegetationLOD)>,\n193 | |     // In a real implementation, you'd have instancing resources here\n194 | | ) {\n    | |_^\n\n","$message_type":"diagnostic","children":[],"code":{"code":"missing_docs","explanation":null},"level":"warning","message":"missing documentation for a function","spans":[{"byte_end":6717,"byte_start":6550,"column_end":2,"column_start":1,"expansion":null,"file_name":"gameplay_sim/src/systems/world/vegetation_lod.rs","is_primary":true,"label":null,"line_end":194,"line_start":191,"suggested_replacement":null,"suggestion_applicability":null,"text":[{"highlight_end":37,"highlight_start":1,"text":"pub fn vegetation_instancing_system("},{"highlight_end":59,"highlight_start":1,"text":"    vegetation_query: Query<(&Transform, &VegetationLOD)>,"},{"highlight_end":70,"highlight_start":1,"text":"    // In a real implementation, you'd have instancing resources here"},{"highlight_end":2,"highlight_start":1,"text":") {"}]}]}}
{"reason":"compiler-message","package_id":"path+file:///Users/bradyjeong/Documents/Projects/Amp/gta4/gta_game/gameplay_sim#0.1.0","manifest_path":"/Users/bradyjeong/Documents/Projects/Amp/gta4/gta_game/gameplay_sim/Cargo.toml","target":{"kind":["lib"],"crate_types":["lib"],"name":"gameplay_sim","src_path":"/Users/bradyjeong/Documents/Projects/Amp/gta4/gta_game/gameplay_sim/src/lib.rs","edition":"2021","doc":true,"doctest":true,"test":true},"message":{"rendered":"warning: missing documentation for a function\n   --> gameplay_sim/src/systems/world/vegetation_lod.rs:216:1\n    |\n216 | pub fn adaptive_vegetation_lod_system() {\n    | ^^^^^^^^^^^^^^^^^^^^^^^^^^^^^^^^^^^^^^^\n\n","$message_type":"diagnostic","children":[],"code":{"code":"missing_docs","explanation":null},"level":"warning","message":"missing documentation for a function","spans":[{"byte_end":7687,"byte_start":7648,"column_end":40,"column_start":1,"expansion":null,"file_name":"gameplay_sim/src/systems/world/vegetation_lod.rs","is_primary":true,"label":null,"line_end":216,"line_start":216,"suggested_replacement":null,"suggestion_applicability":null,"text":[{"highlight_end":40,"highlight_start":1,"text":"pub fn adaptive_vegetation_lod_system() {"}]}]}}
{"reason":"compiler-message","package_id":"path+file:///Users/bradyjeong/Documents/Projects/Amp/gta4/gta_game/gameplay_sim#0.1.0","manifest_path":"/Users/bradyjeong/Documents/Projects/Amp/gta4/gta_game/gameplay_sim/Cargo.toml","target":{"kind":["lib"],"crate_types":["lib"],"name":"gameplay_sim","src_path":"/Users/bradyjeong/Documents/Projects/Amp/gta4/gta_game/gameplay_sim/src/lib.rs","edition":"2021","doc":true,"doctest":true,"test":true},"message":{"rendered":"warning: missing documentation for a function\n   --> gameplay_sim/src/systems/world/vegetation_lod.rs:220:1\n    |\n220 | pub fn vegetation_lod_performance_monitor() {\n    | ^^^^^^^^^^^^^^^^^^^^^^^^^^^^^^^^^^^^^^^^^^^\n\n","$message_type":"diagnostic","children":[],"code":{"code":"missing_docs","explanation":null},"level":"warning","message":"missing documentation for a function","spans":[{"byte_end":7796,"byte_start":7753,"column_end":44,"column_start":1,"expansion":null,"file_name":"gameplay_sim/src/systems/world/vegetation_lod.rs","is_primary":true,"label":null,"line_end":220,"line_start":220,"suggested_replacement":null,"suggestion_applicability":null,"text":[{"highlight_end":44,"highlight_start":1,"text":"pub fn vegetation_lod_performance_monitor() {"}]}]}}
{"reason":"compiler-message","package_id":"path+file:///Users/bradyjeong/Documents/Projects/Amp/gta4/gta_game/gameplay_sim#0.1.0","manifest_path":"/Users/bradyjeong/Documents/Projects/Amp/gta4/gta_game/gameplay_sim/Cargo.toml","target":{"kind":["lib"],"crate_types":["lib"],"name":"gameplay_sim","src_path":"/Users/bradyjeong/Documents/Projects/Amp/gta4/gta_game/gameplay_sim/src/lib.rs","edition":"2021","doc":true,"doctest":true,"test":true},"message":{"rendered":"warning: missing documentation for a function\n   --> gameplay_sim/src/systems/world/vegetation_lod.rs:224:1\n    |\n224 | pub fn vegetation_lod_batching_system() {\n    | ^^^^^^^^^^^^^^^^^^^^^^^^^^^^^^^^^^^^^^^\n\n","$message_type":"diagnostic","children":[],"code":{"code":"missing_docs","explanation":null},"level":"warning","message":"missing documentation for a function","spans":[{"byte_end":7912,"byte_start":7873,"column_end":40,"column_start":1,"expansion":null,"file_name":"gameplay_sim/src/systems/world/vegetation_lod.rs","is_primary":true,"label":null,"line_end":224,"line_start":224,"suggested_replacement":null,"suggestion_applicability":null,"text":[{"highlight_end":40,"highlight_start":1,"text":"pub fn vegetation_lod_batching_system() {"}]}]}}
{"reason":"compiler-message","package_id":"path+file:///Users/bradyjeong/Documents/Projects/Amp/gta4/gta_game/gameplay_sim#0.1.0","manifest_path":"/Users/bradyjeong/Documents/Projects/Amp/gta4/gta_game/gameplay_sim/Cargo.toml","target":{"kind":["lib"],"crate_types":["lib"],"name":"gameplay_sim","src_path":"/Users/bradyjeong/Documents/Projects/Amp/gta4/gta_game/gameplay_sim/src/lib.rs","edition":"2021","doc":true,"doctest":true,"test":true},"message":{"rendered":"warning: missing documentation for a struct\n   --> gameplay_sim/src/systems/world/vegetation_lod.rs:229:1\n    |\n229 | pub struct LODFrameCounter {\n    | ^^^^^^^^^^^^^^^^^^^^^^^^^^\n\n","$message_type":"diagnostic","children":[],"code":{"code":"missing_docs","explanation":null},"level":"warning","message":"missing documentation for a struct","spans":[{"byte_end":8033,"byte_start":8007,"column_end":27,"column_start":1,"expansion":null,"file_name":"gameplay_sim/src/systems/world/vegetation_lod.rs","is_primary":true,"label":null,"line_end":229,"line_start":229,"suggested_replacement":null,"suggestion_applicability":null,"text":[{"highlight_end":27,"highlight_start":1,"text":"pub struct LODFrameCounter {"}]}]}}
{"reason":"compiler-message","package_id":"path+file:///Users/bradyjeong/Documents/Projects/Amp/gta4/gta_game/gameplay_sim#0.1.0","manifest_path":"/Users/bradyjeong/Documents/Projects/Amp/gta4/gta_game/gameplay_sim/Cargo.toml","target":{"kind":["lib"],"crate_types":["lib"],"name":"gameplay_sim","src_path":"/Users/bradyjeong/Documents/Projects/Amp/gta4/gta_game/gameplay_sim/src/lib.rs","edition":"2021","doc":true,"doctest":true,"test":true},"message":{"rendered":"warning: missing documentation for a struct field\n   --> gameplay_sim/src/systems/world/vegetation_lod.rs:230:5\n    |\n230 |     pub frame: u64,\n    |     ^^^^^^^^^^^^^^\n\n","$message_type":"diagnostic","children":[],"code":{"code":"missing_docs","explanation":null},"level":"warning","message":"missing documentation for a struct field","spans":[{"byte_end":8054,"byte_start":8040,"column_end":19,"column_start":5,"expansion":null,"file_name":"gameplay_sim/src/systems/world/vegetation_lod.rs","is_primary":true,"label":null,"line_end":230,"line_start":230,"suggested_replacement":null,"suggestion_applicability":null,"text":[{"highlight_end":19,"highlight_start":5,"text":"    pub frame: u64,"}]}]}}
{"reason":"compiler-message","package_id":"path+file:///Users/bradyjeong/Documents/Projects/Amp/gta4/gta_game/gameplay_sim#0.1.0","manifest_path":"/Users/bradyjeong/Documents/Projects/Amp/gta4/gta_game/gameplay_sim/Cargo.toml","target":{"kind":["lib"],"crate_types":["lib"],"name":"gameplay_sim","src_path":"/Users/bradyjeong/Documents/Projects/Amp/gta4/gta_game/gameplay_sim/src/lib.rs","edition":"2021","doc":true,"doctest":true,"test":true},"message":{"rendered":"warning: missing documentation for a struct\n  --> gameplay_sim/src/systems/world/unified_distance_culling.rs:18:1\n   |\n18 | pub struct UnifiedCullable {\n   | ^^^^^^^^^^^^^^^^^^^^^^^^^^\n\n","$message_type":"diagnostic","children":[],"code":{"code":"missing_docs","explanation":null},"level":"warning","message":"missing documentation for a struct","spans":[{"byte_end":770,"byte_start":744,"column_end":27,"column_start":1,"expansion":null,"file_name":"gameplay_sim/src/systems/world/unified_distance_culling.rs","is_primary":true,"label":null,"line_end":18,"line_start":18,"suggested_replacement":null,"suggestion_applicability":null,"text":[{"highlight_end":27,"highlight_start":1,"text":"pub struct UnifiedCullable {"}]}]}}
{"reason":"compiler-message","package_id":"path+file:///Users/bradyjeong/Documents/Projects/Amp/gta4/gta_game/gameplay_sim#0.1.0","manifest_path":"/Users/bradyjeong/Documents/Projects/Amp/gta4/gta_game/gameplay_sim/Cargo.toml","target":{"kind":["lib"],"crate_types":["lib"],"name":"gameplay_sim","src_path":"/Users/bradyjeong/Documents/Projects/Amp/gta4/gta_game/gameplay_sim/src/lib.rs","edition":"2021","doc":true,"doctest":true,"test":true},"message":{"rendered":"warning: missing documentation for a struct field\n  --> gameplay_sim/src/systems/world/unified_distance_culling.rs:19:5\n   |\n19 |     pub max_distance: f32,\n   |     ^^^^^^^^^^^^^^^^^^^^^\n\n","$message_type":"diagnostic","children":[],"code":{"code":"missing_docs","explanation":null},"level":"warning","message":"missing documentation for a struct field","spans":[{"byte_end":798,"byte_start":777,"column_end":26,"column_start":5,"expansion":null,"file_name":"gameplay_sim/src/systems/world/unified_distance_culling.rs","is_primary":true,"label":null,"line_end":19,"line_start":19,"suggested_replacement":null,"suggestion_applicability":null,"text":[{"highlight_end":26,"highlight_start":5,"text":"    pub max_distance: f32,"}]}]}}
{"reason":"compiler-message","package_id":"path+file:///Users/bradyjeong/Documents/Projects/Amp/gta4/gta_game/gameplay_sim#0.1.0","manifest_path":"/Users/bradyjeong/Documents/Projects/Amp/gta4/gta_game/gameplay_sim/Cargo.toml","target":{"kind":["lib"],"crate_types":["lib"],"name":"gameplay_sim","src_path":"/Users/bradyjeong/Documents/Projects/Amp/gta4/gta_game/gameplay_sim/src/lib.rs","edition":"2021","doc":true,"doctest":true,"test":true},"message":{"rendered":"warning: missing documentation for a struct field\n  --> gameplay_sim/src/systems/world/unified_distance_culling.rs:20:5\n   |\n20 |     pub current_lod: usize,\n   |     ^^^^^^^^^^^^^^^^^^^^^^\n\n","$message_type":"diagnostic","children":[],"code":{"code":"missing_docs","explanation":null},"level":"warning","message":"missing documentation for a struct field","spans":[{"byte_end":826,"byte_start":804,"column_end":27,"column_start":5,"expansion":null,"file_name":"gameplay_sim/src/systems/world/unified_distance_culling.rs","is_primary":true,"label":null,"line_end":20,"line_start":20,"suggested_replacement":null,"suggestion_applicability":null,"text":[{"highlight_end":27,"highlight_start":5,"text":"    pub current_lod: usize,"}]}]}}
{"reason":"compiler-message","package_id":"path+file:///Users/bradyjeong/Documents/Projects/Amp/gta4/gta_game/gameplay_sim#0.1.0","manifest_path":"/Users/bradyjeong/Documents/Projects/Amp/gta4/gta_game/gameplay_sim/Cargo.toml","target":{"kind":["lib"],"crate_types":["lib"],"name":"gameplay_sim","src_path":"/Users/bradyjeong/Documents/Projects/Amp/gta4/gta_game/gameplay_sim/src/lib.rs","edition":"2021","doc":true,"doctest":true,"test":true},"message":{"rendered":"warning: missing documentation for a struct field\n  --> gameplay_sim/src/systems/world/unified_distance_culling.rs:21:5\n   |\n21 |     pub is_culled: bool,\n   |     ^^^^^^^^^^^^^^^^^^^\n\n","$message_type":"diagnostic","children":[],"code":{"code":"missing_docs","explanation":null},"level":"warning","message":"missing documentation for a struct field","spans":[{"byte_end":851,"byte_start":832,"column_end":24,"column_start":5,"expansion":null,"file_name":"gameplay_sim/src/systems/world/unified_distance_culling.rs","is_primary":true,"label":null,"line_end":21,"line_start":21,"suggested_replacement":null,"suggestion_applicability":null,"text":[{"highlight_end":24,"highlight_start":5,"text":"    pub is_culled: bool,"}]}]}}
{"reason":"compiler-message","package_id":"path+file:///Users/bradyjeong/Documents/Projects/Amp/gta4/gta_game/gameplay_sim#0.1.0","manifest_path":"/Users/bradyjeong/Documents/Projects/Amp/gta4/gta_game/gameplay_sim/Cargo.toml","target":{"kind":["lib"],"crate_types":["lib"],"name":"gameplay_sim","src_path":"/Users/bradyjeong/Documents/Projects/Amp/gta4/gta_game/gameplay_sim/src/lib.rs","edition":"2021","doc":true,"doctest":true,"test":true},"message":{"rendered":"warning: missing documentation for a struct field\n  --> gameplay_sim/src/systems/world/unified_distance_culling.rs:22:5\n   |\n22 |     pub last_distance: f32,\n   |     ^^^^^^^^^^^^^^^^^^^^^^\n\n","$message_type":"diagnostic","children":[],"code":{"code":"missing_docs","explanation":null},"level":"warning","message":"missing documentation for a struct field","spans":[{"byte_end":879,"byte_start":857,"column_end":27,"column_start":5,"expansion":null,"file_name":"gameplay_sim/src/systems/world/unified_distance_culling.rs","is_primary":true,"label":null,"line_end":22,"line_start":22,"suggested_replacement":null,"suggestion_applicability":null,"text":[{"highlight_end":27,"highlight_start":5,"text":"    pub last_distance: f32,"}]}]}}
{"reason":"compiler-message","package_id":"path+file:///Users/bradyjeong/Documents/Projects/Amp/gta4/gta_game/gameplay_sim#0.1.0","manifest_path":"/Users/bradyjeong/Documents/Projects/Amp/gta4/gta_game/gameplay_sim/Cargo.toml","target":{"kind":["lib"],"crate_types":["lib"],"name":"gameplay_sim","src_path":"/Users/bradyjeong/Documents/Projects/Amp/gta4/gta_game/gameplay_sim/src/lib.rs","edition":"2021","doc":true,"doctest":true,"test":true},"message":{"rendered":"warning: missing documentation for a struct field\n  --> gameplay_sim/src/systems/world/unified_distance_culling.rs:23:5\n   |\n23 |     pub dirty: bool,\n   |     ^^^^^^^^^^^^^^^\n\n","$message_type":"diagnostic","children":[],"code":{"code":"missing_docs","explanation":null},"level":"warning","message":"missing documentation for a struct field","spans":[{"byte_end":900,"byte_start":885,"column_end":20,"column_start":5,"expansion":null,"file_name":"gameplay_sim/src/systems/world/unified_distance_culling.rs","is_primary":true,"label":null,"line_end":23,"line_start":23,"suggested_replacement":null,"suggestion_applicability":null,"text":[{"highlight_end":20,"highlight_start":5,"text":"    pub dirty: bool,"}]}]}}
{"reason":"compiler-message","package_id":"path+file:///Users/bradyjeong/Documents/Projects/Amp/gta4/gta_game/gameplay_sim#0.1.0","manifest_path":"/Users/bradyjeong/Documents/Projects/Amp/gta4/gta_game/gameplay_sim/Cargo.toml","target":{"kind":["lib"],"crate_types":["lib"],"name":"gameplay_sim","src_path":"/Users/bradyjeong/Documents/Projects/Amp/gta4/gta_game/gameplay_sim/src/lib.rs","edition":"2021","doc":true,"doctest":true,"test":true},"message":{"rendered":"warning: missing documentation for an associated function\n  --> gameplay_sim/src/systems/world/unified_distance_culling.rs:39:5\n   |\n39 |     pub fn vehicle() -> Self {\n   |     ^^^^^^^^^^^^^^^^^^^^^^^^\n\n","$message_type":"diagnostic","children":[],"code":{"code":"missing_docs","explanation":null},"level":"warning","message":"missing documentation for an associated function","spans":[{"byte_end":1200,"byte_start":1176,"column_end":29,"column_start":5,"expansion":null,"file_name":"gameplay_sim/src/systems/world/unified_distance_culling.rs","is_primary":true,"label":null,"line_end":39,"line_start":39,"suggested_replacement":null,"suggestion_applicability":null,"text":[{"highlight_end":29,"highlight_start":5,"text":"    pub fn vehicle() -> Self {"}]}]}}
{"reason":"compiler-message","package_id":"path+file:///Users/bradyjeong/Documents/Projects/Amp/gta4/gta_game/gameplay_sim#0.1.0","manifest_path":"/Users/bradyjeong/Documents/Projects/Amp/gta4/gta_game/gameplay_sim/Cargo.toml","target":{"kind":["lib"],"crate_types":["lib"],"name":"gameplay_sim","src_path":"/Users/bradyjeong/Documents/Projects/Amp/gta4/gta_game/gameplay_sim/src/lib.rs","edition":"2021","doc":true,"doctest":true,"test":true},"message":{"rendered":"warning: missing documentation for an associated function\n  --> gameplay_sim/src/systems/world/unified_distance_culling.rs:49:5\n   |\n49 |     pub fn building() -> Self {\n   |     ^^^^^^^^^^^^^^^^^^^^^^^^^\n\n","$message_type":"diagnostic","children":[],"code":{"code":"missing_docs","explanation":null},"level":"warning","message":"missing documentation for an associated function","spans":[{"byte_end":1416,"byte_start":1391,"column_end":30,"column_start":5,"expansion":null,"file_name":"gameplay_sim/src/systems/world/unified_distance_culling.rs","is_primary":true,"label":null,"line_end":49,"line_start":49,"suggested_replacement":null,"suggestion_applicability":null,"text":[{"highlight_end":30,"highlight_start":5,"text":"    pub fn building() -> Self {"}]}]}}
{"reason":"compiler-message","package_id":"path+file:///Users/bradyjeong/Documents/Projects/Amp/gta4/gta_game/gameplay_sim#0.1.0","manifest_path":"/Users/bradyjeong/Documents/Projects/Amp/gta4/gta_game/gameplay_sim/Cargo.toml","target":{"kind":["lib"],"crate_types":["lib"],"name":"gameplay_sim","src_path":"/Users/bradyjeong/Documents/Projects/Amp/gta4/gta_game/gameplay_sim/src/lib.rs","edition":"2021","doc":true,"doctest":true,"test":true},"message":{"rendered":"warning: missing documentation for an associated function\n  --> gameplay_sim/src/systems/world/unified_distance_culling.rs:59:5\n   |\n59 |     pub fn npc() -> Self {\n   |     ^^^^^^^^^^^^^^^^^^^^\n\n","$message_type":"diagnostic","children":[],"code":{"code":"missing_docs","explanation":null},"level":"warning","message":"missing documentation for an associated function","spans":[{"byte_end":1627,"byte_start":1607,"column_end":25,"column_start":5,"expansion":null,"file_name":"gameplay_sim/src/systems/world/unified_distance_culling.rs","is_primary":true,"label":null,"line_end":59,"line_start":59,"suggested_replacement":null,"suggestion_applicability":null,"text":[{"highlight_end":25,"highlight_start":5,"text":"    pub fn npc() -> Self {"}]}]}}
{"reason":"compiler-message","package_id":"path+file:///Users/bradyjeong/Documents/Projects/Amp/gta4/gta_game/gameplay_sim#0.1.0","manifest_path":"/Users/bradyjeong/Documents/Projects/Amp/gta4/gta_game/gameplay_sim/Cargo.toml","target":{"kind":["lib"],"crate_types":["lib"],"name":"gameplay_sim","src_path":"/Users/bradyjeong/Documents/Projects/Amp/gta4/gta_game/gameplay_sim/src/lib.rs","edition":"2021","doc":true,"doctest":true,"test":true},"message":{"rendered":"warning: missing documentation for an associated function\n  --> gameplay_sim/src/systems/world/unified_distance_culling.rs:69:5\n   |\n69 |     pub fn tree() -> Self {\n   |     ^^^^^^^^^^^^^^^^^^^^^\n\n","$message_type":"diagnostic","children":[],"code":{"code":"missing_docs","explanation":null},"level":"warning","message":"missing documentation for an associated function","spans":[{"byte_end":1839,"byte_start":1818,"column_end":26,"column_start":5,"expansion":null,"file_name":"gameplay_sim/src/systems/world/unified_distance_culling.rs","is_primary":true,"label":null,"line_end":69,"line_start":69,"suggested_replacement":null,"suggestion_applicability":null,"text":[{"highlight_end":26,"highlight_start":5,"text":"    pub fn tree() -> Self {"}]}]}}
{"reason":"compiler-message","package_id":"path+file:///Users/bradyjeong/Documents/Projects/Amp/gta4/gta_game/gameplay_sim#0.1.0","manifest_path":"/Users/bradyjeong/Documents/Projects/Amp/gta4/gta_game/gameplay_sim/Cargo.toml","target":{"kind":["lib"],"crate_types":["lib"],"name":"gameplay_sim","src_path":"/Users/bradyjeong/Documents/Projects/Amp/gta4/gta_game/gameplay_sim/src/lib.rs","edition":"2021","doc":true,"doctest":true,"test":true},"message":{"rendered":"warning: missing documentation for a struct\n  --> gameplay_sim/src/systems/world/unified_distance_culling.rs:81:1\n   |\n81 | pub struct DirtyVisibility {\n   | ^^^^^^^^^^^^^^^^^^^^^^^^^^\n\n","$message_type":"diagnostic","children":[],"code":{"code":"missing_docs","explanation":null},"level":"warning","message":"missing documentation for a struct","spans":[{"byte_end":2085,"byte_start":2059,"column_end":27,"column_start":1,"expansion":null,"file_name":"gameplay_sim/src/systems/world/unified_distance_culling.rs","is_primary":true,"label":null,"line_end":81,"line_start":81,"suggested_replacement":null,"suggestion_applicability":null,"text":[{"highlight_end":27,"highlight_start":1,"text":"pub struct DirtyVisibility {"}]}]}}
{"reason":"compiler-message","package_id":"path+file:///Users/bradyjeong/Documents/Projects/Amp/gta4/gta_game/gameplay_sim#0.1.0","manifest_path":"/Users/bradyjeong/Documents/Projects/Amp/gta4/gta_game/gameplay_sim/Cargo.toml","target":{"kind":["lib"],"crate_types":["lib"],"name":"gameplay_sim","src_path":"/Users/bradyjeong/Documents/Projects/Amp/gta4/gta_game/gameplay_sim/src/lib.rs","edition":"2021","doc":true,"doctest":true,"test":true},"message":{"rendered":"warning: missing documentation for a struct field\n  --> gameplay_sim/src/systems/world/unified_distance_culling.rs:82:5\n   |\n82 |     pub priority: DirtyPriority,\n   |     ^^^^^^^^^^^^^^^^^^^^^^^^^^^\n\n","$message_type":"diagnostic","children":[],"code":{"code":"missing_docs","explanation":null},"level":"warning","message":"missing documentation for a struct field","spans":[{"byte_end":2119,"byte_start":2092,"column_end":32,"column_start":5,"expansion":null,"file_name":"gameplay_sim/src/systems/world/unified_distance_culling.rs","is_primary":true,"label":null,"line_end":82,"line_start":82,"suggested_replacement":null,"suggestion_applicability":null,"text":[{"highlight_end":32,"highlight_start":5,"text":"    pub priority: DirtyPriority,"}]}]}}
{"reason":"compiler-message","package_id":"path+file:///Users/bradyjeong/Documents/Projects/Amp/gta4/gta_game/gameplay_sim#0.1.0","manifest_path":"/Users/bradyjeong/Documents/Projects/Amp/gta4/gta_game/gameplay_sim/Cargo.toml","target":{"kind":["lib"],"crate_types":["lib"],"name":"gameplay_sim","src_path":"/Users/bradyjeong/Documents/Projects/Amp/gta4/gta_game/gameplay_sim/src/lib.rs","edition":"2021","doc":true,"doctest":true,"test":true},"message":{"rendered":"warning: missing documentation for an associated function\n  --> gameplay_sim/src/systems/world/unified_distance_culling.rs:86:5\n   |\n86 |     pub fn new(priority: DirtyPriority) -> Self {\n   |     ^^^^^^^^^^^^^^^^^^^^^^^^^^^^^^^^^^^^^^^^^^^\n\n","$message_type":"diagnostic","children":[],"code":{"code":"missing_docs","explanation":null},"level":"warning","message":"missing documentation for an associated function","spans":[{"byte_end":2194,"byte_start":2151,"column_end":48,"column_start":5,"expansion":null,"file_name":"gameplay_sim/src/systems/world/unified_distance_culling.rs","is_primary":true,"label":null,"line_end":86,"line_start":86,"suggested_replacement":null,"suggestion_applicability":null,"text":[{"highlight_end":48,"highlight_start":5,"text":"    pub fn new(priority: DirtyPriority) -> Self {"}]}]}}
{"reason":"compiler-message","package_id":"path+file:///Users/bradyjeong/Documents/Projects/Amp/gta4/gta_game/gameplay_sim#0.1.0","manifest_path":"/Users/bradyjeong/Documents/Projects/Amp/gta4/gta_game/gameplay_sim/Cargo.toml","target":{"kind":["lib"],"crate_types":["lib"],"name":"gameplay_sim","src_path":"/Users/bradyjeong/Documents/Projects/Amp/gta4/gta_game/gameplay_sim/src/lib.rs","edition":"2021","doc":true,"doctest":true,"test":true},"message":{"rendered":"warning: missing documentation for an enum\n  --> gameplay_sim/src/systems/world/unified_distance_culling.rs:92:1\n   |\n92 | pub enum DirtyPriority {\n   | ^^^^^^^^^^^^^^^^^^^^^^\n\n","$message_type":"diagnostic","children":[],"code":{"code":"missing_docs","explanation":null},"level":"warning","message":"missing documentation for an enum","spans":[{"byte_end":2299,"byte_start":2277,"column_end":23,"column_start":1,"expansion":null,"file_name":"gameplay_sim/src/systems/world/unified_distance_culling.rs","is_primary":true,"label":null,"line_end":92,"line_start":92,"suggested_replacement":null,"suggestion_applicability":null,"text":[{"highlight_end":23,"highlight_start":1,"text":"pub enum DirtyPriority {"}]}]}}
{"reason":"compiler-message","package_id":"path+file:///Users/bradyjeong/Documents/Projects/Amp/gta4/gta_game/gameplay_sim#0.1.0","manifest_path":"/Users/bradyjeong/Documents/Projects/Amp/gta4/gta_game/gameplay_sim/Cargo.toml","target":{"kind":["lib"],"crate_types":["lib"],"name":"gameplay_sim","src_path":"/Users/bradyjeong/Documents/Projects/Amp/gta4/gta_game/gameplay_sim/src/lib.rs","edition":"2021","doc":true,"doctest":true,"test":true},"message":{"rendered":"warning: missing documentation for a variant\n  --> gameplay_sim/src/systems/world/unified_distance_culling.rs:93:5\n   |\n93 |     High,\n   |     ^^^^\n\n","$message_type":"diagnostic","children":[],"code":{"code":"missing_docs","explanation":null},"level":"warning","message":"missing documentation for a variant","spans":[{"byte_end":2310,"byte_start":2306,"column_end":9,"column_start":5,"expansion":null,"file_name":"gameplay_sim/src/systems/world/unified_distance_culling.rs","is_primary":true,"label":null,"line_end":93,"line_start":93,"suggested_replacement":null,"suggestion_applicability":null,"text":[{"highlight_end":9,"highlight_start":5,"text":"    High,"}]}]}}
{"reason":"compiler-message","package_id":"path+file:///Users/bradyjeong/Documents/Projects/Amp/gta4/gta_game/gameplay_sim#0.1.0","manifest_path":"/Users/bradyjeong/Documents/Projects/Amp/gta4/gta_game/gameplay_sim/Cargo.toml","target":{"kind":["lib"],"crate_types":["lib"],"name":"gameplay_sim","src_path":"/Users/bradyjeong/Documents/Projects/Amp/gta4/gta_game/gameplay_sim/src/lib.rs","edition":"2021","doc":true,"doctest":true,"test":true},"message":{"rendered":"warning: missing documentation for a variant\n  --> gameplay_sim/src/systems/world/unified_distance_culling.rs:94:5\n   |\n94 |     Normal,\n   |     ^^^^^^\n\n","$message_type":"diagnostic","children":[],"code":{"code":"missing_docs","explanation":null},"level":"warning","message":"missing documentation for a variant","spans":[{"byte_end":2322,"byte_start":2316,"column_end":11,"column_start":5,"expansion":null,"file_name":"gameplay_sim/src/systems/world/unified_distance_culling.rs","is_primary":true,"label":null,"line_end":94,"line_start":94,"suggested_replacement":null,"suggestion_applicability":null,"text":[{"highlight_end":11,"highlight_start":5,"text":"    Normal,"}]}]}}
{"reason":"compiler-message","package_id":"path+file:///Users/bradyjeong/Documents/Projects/Amp/gta4/gta_game/gameplay_sim#0.1.0","manifest_path":"/Users/bradyjeong/Documents/Projects/Amp/gta4/gta_game/gameplay_sim/Cargo.toml","target":{"kind":["lib"],"crate_types":["lib"],"name":"gameplay_sim","src_path":"/Users/bradyjeong/Documents/Projects/Amp/gta4/gta_game/gameplay_sim/src/lib.rs","edition":"2021","doc":true,"doctest":true,"test":true},"message":{"rendered":"warning: missing documentation for a variant\n  --> gameplay_sim/src/systems/world/unified_distance_culling.rs:95:5\n   |\n95 |     Low,\n   |     ^^^\n\n","$message_type":"diagnostic","children":[],"code":{"code":"missing_docs","explanation":null},"level":"warning","message":"missing documentation for a variant","spans":[{"byte_end":2331,"byte_start":2328,"column_end":8,"column_start":5,"expansion":null,"file_name":"gameplay_sim/src/systems/world/unified_distance_culling.rs","is_primary":true,"label":null,"line_end":95,"line_start":95,"suggested_replacement":null,"suggestion_applicability":null,"text":[{"highlight_end":8,"highlight_start":5,"text":"    Low,"}]}]}}
{"reason":"compiler-message","package_id":"path+file:///Users/bradyjeong/Documents/Projects/Amp/gta4/gta_game/gameplay_sim#0.1.0","manifest_path":"/Users/bradyjeong/Documents/Projects/Amp/gta4/gta_game/gameplay_sim/Cargo.toml","target":{"kind":["lib"],"crate_types":["lib"],"name":"gameplay_sim","src_path":"/Users/bradyjeong/Documents/Projects/Amp/gta4/gta_game/gameplay_sim/src/lib.rs","edition":"2021","doc":true,"doctest":true,"test":true},"message":{"rendered":"warning: missing documentation for a struct\n  --> gameplay_sim/src/systems/world/unified_distance_culling.rs:99:1\n   |\n99 | pub struct DirtyLOD;\n   | ^^^^^^^^^^^^^^^^^^^\n\n","$message_type":"diagnostic","children":[],"code":{"code":"missing_docs","explanation":null},"level":"warning","message":"missing documentation for a struct","spans":[{"byte_end":2396,"byte_start":2377,"column_end":20,"column_start":1,"expansion":null,"file_name":"gameplay_sim/src/systems/world/unified_distance_culling.rs","is_primary":true,"label":null,"line_end":99,"line_start":99,"suggested_replacement":null,"suggestion_applicability":null,"text":[{"highlight_end":20,"highlight_start":1,"text":"pub struct DirtyLOD;"}]}]}}
{"reason":"compiler-message","package_id":"path+file:///Users/bradyjeong/Documents/Projects/Amp/gta4/gta_game/gameplay_sim#0.1.0","manifest_path":"/Users/bradyjeong/Documents/Projects/Amp/gta4/gta_game/gameplay_sim/Cargo.toml","target":{"kind":["lib"],"crate_types":["lib"],"name":"gameplay_sim","src_path":"/Users/bradyjeong/Documents/Projects/Amp/gta4/gta_game/gameplay_sim/src/lib.rs","edition":"2021","doc":true,"doctest":true,"test":true},"message":{"rendered":"warning: missing documentation for a struct\n   --> gameplay_sim/src/systems/world/unified_distance_culling.rs:102:1\n    |\n102 | pub struct DistanceCullingStats {\n    | ^^^^^^^^^^^^^^^^^^^^^^^^^^^^^^^\n\n","$message_type":"diagnostic","children":[],"code":{"code":"missing_docs","explanation":null},"level":"warning","message":"missing documentation for a struct","spans":[{"byte_end":2473,"byte_start":2442,"column_end":32,"column_start":1,"expansion":null,"file_name":"gameplay_sim/src/systems/world/unified_distance_culling.rs","is_primary":true,"label":null,"line_end":102,"line_start":102,"suggested_replacement":null,"suggestion_applicability":null,"text":[{"highlight_end":32,"highlight_start":1,"text":"pub struct DistanceCullingStats {"}]}]}}
{"reason":"compiler-message","package_id":"path+file:///Users/bradyjeong/Documents/Projects/Amp/gta4/gta_game/gameplay_sim#0.1.0","manifest_path":"/Users/bradyjeong/Documents/Projects/Amp/gta4/gta_game/gameplay_sim/Cargo.toml","target":{"kind":["lib"],"crate_types":["lib"],"name":"gameplay_sim","src_path":"/Users/bradyjeong/Documents/Projects/Amp/gta4/gta_game/gameplay_sim/src/lib.rs","edition":"2021","doc":true,"doctest":true,"test":true},"message":{"rendered":"warning: missing documentation for a struct field\n   --> gameplay_sim/src/systems/world/unified_distance_culling.rs:103:5\n    |\n103 |     pub entities_processed: usize,\n    |     ^^^^^^^^^^^^^^^^^^^^^^^^^^^^^\n\n","$message_type":"diagnostic","children":[],"code":{"code":"missing_docs","explanation":null},"level":"warning","message":"missing documentation for a struct field","spans":[{"byte_end":2509,"byte_start":2480,"column_end":34,"column_start":5,"expansion":null,"file_name":"gameplay_sim/src/systems/world/unified_distance_culling.rs","is_primary":true,"label":null,"line_end":103,"line_start":103,"suggested_replacement":null,"suggestion_applicability":null,"text":[{"highlight_end":34,"highlight_start":5,"text":"    pub entities_processed: usize,"}]}]}}
{"reason":"compiler-message","package_id":"path+file:///Users/bradyjeong/Documents/Projects/Amp/gta4/gta_game/gameplay_sim#0.1.0","manifest_path":"/Users/bradyjeong/Documents/Projects/Amp/gta4/gta_game/gameplay_sim/Cargo.toml","target":{"kind":["lib"],"crate_types":["lib"],"name":"gameplay_sim","src_path":"/Users/bradyjeong/Documents/Projects/Amp/gta4/gta_game/gameplay_sim/src/lib.rs","edition":"2021","doc":true,"doctest":true,"test":true},"message":{"rendered":"warning: missing documentation for a struct field\n   --> gameplay_sim/src/systems/world/unified_distance_culling.rs:104:5\n    |\n104 |     pub entities_culled: usize,\n    |     ^^^^^^^^^^^^^^^^^^^^^^^^^^\n\n","$message_type":"diagnostic","children":[],"code":{"code":"missing_docs","explanation":null},"level":"warning","message":"missing documentation for a struct field","spans":[{"byte_end":2541,"byte_start":2515,"column_end":31,"column_start":5,"expansion":null,"file_name":"gameplay_sim/src/systems/world/unified_distance_culling.rs","is_primary":true,"label":null,"line_end":104,"line_start":104,"suggested_replacement":null,"suggestion_applicability":null,"text":[{"highlight_end":31,"highlight_start":5,"text":"    pub entities_culled: usize,"}]}]}}
{"reason":"compiler-message","package_id":"path+file:///Users/bradyjeong/Documents/Projects/Amp/gta4/gta_game/gameplay_sim#0.1.0","manifest_path":"/Users/bradyjeong/Documents/Projects/Amp/gta4/gta_game/gameplay_sim/Cargo.toml","target":{"kind":["lib"],"crate_types":["lib"],"name":"gameplay_sim","src_path":"/Users/bradyjeong/Documents/Projects/Amp/gta4/gta_game/gameplay_sim/src/lib.rs","edition":"2021","doc":true,"doctest":true,"test":true},"message":{"rendered":"warning: missing documentation for a struct field\n   --> gameplay_sim/src/systems/world/unified_distance_culling.rs:105:5\n    |\n105 |     pub cache_hits: usize,\n    |     ^^^^^^^^^^^^^^^^^^^^^\n\n","$message_type":"diagnostic","children":[],"code":{"code":"missing_docs","explanation":null},"level":"warning","message":"missing documentation for a struct field","spans":[{"byte_end":2568,"byte_start":2547,"column_end":26,"column_start":5,"expansion":null,"file_name":"gameplay_sim/src/systems/world/unified_distance_culling.rs","is_primary":true,"label":null,"line_end":105,"line_start":105,"suggested_replacement":null,"suggestion_applicability":null,"text":[{"highlight_end":26,"highlight_start":5,"text":"    pub cache_hits: usize,"}]}]}}
{"reason":"compiler-message","package_id":"path+file:///Users/bradyjeong/Documents/Projects/Amp/gta4/gta_game/gameplay_sim#0.1.0","manifest_path":"/Users/bradyjeong/Documents/Projects/Amp/gta4/gta_game/gameplay_sim/Cargo.toml","target":{"kind":["lib"],"crate_types":["lib"],"name":"gameplay_sim","src_path":"/Users/bradyjeong/Documents/Projects/Amp/gta4/gta_game/gameplay_sim/src/lib.rs","edition":"2021","doc":true,"doctest":true,"test":true},"message":{"rendered":"warning: missing documentation for a struct field\n   --> gameplay_sim/src/systems/world/unified_distance_culling.rs:106:5\n    |\n106 |     pub cache_misses: usize,\n    |     ^^^^^^^^^^^^^^^^^^^^^^^\n\n","$message_type":"diagnostic","children":[],"code":{"code":"missing_docs","explanation":null},"level":"warning","message":"missing documentation for a struct field","spans":[{"byte_end":2597,"byte_start":2574,"column_end":28,"column_start":5,"expansion":null,"file_name":"gameplay_sim/src/systems/world/unified_distance_culling.rs","is_primary":true,"label":null,"line_end":106,"line_start":106,"suggested_replacement":null,"suggestion_applicability":null,"text":[{"highlight_end":28,"highlight_start":5,"text":"    pub cache_misses: usize,"}]}]}}
{"reason":"compiler-message","package_id":"path+file:///Users/bradyjeong/Documents/Projects/Amp/gta4/gta_game/gameplay_sim#0.1.0","manifest_path":"/Users/bradyjeong/Documents/Projects/Amp/gta4/gta_game/gameplay_sim/Cargo.toml","target":{"kind":["lib"],"crate_types":["lib"],"name":"gameplay_sim","src_path":"/Users/bradyjeong/Documents/Projects/Amp/gta4/gta_game/gameplay_sim/src/lib.rs","edition":"2021","doc":true,"doctest":true,"test":true},"message":{"rendered":"warning: missing documentation for a function\n   --> gameplay_sim/src/systems/world/unified_distance_culling.rs:109:1\n    |\n109 | / pub fn unified_distance_culling_system(\n110 | |     mut commands: Commands,\n111 | |     active_query: Query<&Transform, With<ActiveEntity>>,\n112 | |     mut cullable_query: Query<(Entity, &mut UnifiedCullable, &Transform, &mut Visibility)>,\n113 | |     mut stats: ResMut<DistanceCullingStats>,\n114 | |     time: Res<Time>,\n115 | | ) {\n    | |_^\n\n","$message_type":"diagnostic","children":[],"code":{"code":"missing_docs","explanation":null},"level":"warning","message":"missing documentation for a function","spans":[{"byte_end":2886,"byte_start":2602,"column_end":2,"column_start":1,"expansion":null,"file_name":"gameplay_sim/src/systems/world/unified_distance_culling.rs","is_primary":true,"label":null,"line_end":115,"line_start":109,"suggested_replacement":null,"suggestion_applicability":null,"text":[{"highlight_end":40,"highlight_start":1,"text":"pub fn unified_distance_culling_system("},{"highlight_end":28,"highlight_start":1,"text":"    mut commands: Commands,"},{"highlight_end":57,"highlight_start":1,"text":"    active_query: Query<&Transform, With<ActiveEntity>>,"},{"highlight_end":92,"highlight_start":1,"text":"    mut cullable_query: Query<(Entity, &mut UnifiedCullable, &Transform, &mut Visibility)>,"},{"highlight_end":45,"highlight_start":1,"text":"    mut stats: ResMut<DistanceCullingStats>,"},{"highlight_end":21,"highlight_start":1,"text":"    time: Res<Time>,"},{"highlight_end":2,"highlight_start":1,"text":") {"}]}]}}
{"reason":"compiler-message","package_id":"path+file:///Users/bradyjeong/Documents/Projects/Amp/gta4/gta_game/gameplay_sim#0.1.0","manifest_path":"/Users/bradyjeong/Documents/Projects/Amp/gta4/gta_game/gameplay_sim/Cargo.toml","target":{"kind":["lib"],"crate_types":["lib"],"name":"gameplay_sim","src_path":"/Users/bradyjeong/Documents/Projects/Amp/gta4/gta_game/gameplay_sim/src/lib.rs","edition":"2021","doc":true,"doctest":true,"test":true},"message":{"rendered":"warning: missing documentation for a function\n   --> gameplay_sim/src/systems/world/unified_distance_culling.rs:162:1\n    |\n162 | / pub fn unified_vehicle_lod_system(\n163 | |     vehicle_query: Query<(Entity, &UnifiedCullable, &VehicleState), (With<DirtyLOD>, Changed<UnifiedCullable>)>,\n164 | | ) {\n    | |_^\n\n","$message_type":"diagnostic","children":[],"code":{"code":"missing_docs","explanation":null},"level":"warning","message":"missing documentation for a function","spans":[{"byte_end":4615,"byte_start":4466,"column_end":2,"column_start":1,"expansion":null,"file_name":"gameplay_sim/src/systems/world/unified_distance_culling.rs","is_primary":true,"label":null,"line_end":164,"line_start":162,"suggested_replacement":null,"suggestion_applicability":null,"text":[{"highlight_end":35,"highlight_start":1,"text":"pub fn unified_vehicle_lod_system("},{"highlight_end":113,"highlight_start":1,"text":"    vehicle_query: Query<(Entity, &UnifiedCullable, &VehicleState), (With<DirtyLOD>, Changed<UnifiedCullable>)>,"},{"highlight_end":2,"highlight_start":1,"text":") {"}]}]}}
{"reason":"compiler-message","package_id":"path+file:///Users/bradyjeong/Documents/Projects/Amp/gta4/gta_game/gameplay_sim#0.1.0","manifest_path":"/Users/bradyjeong/Documents/Projects/Amp/gta4/gta_game/gameplay_sim/Cargo.toml","target":{"kind":["lib"],"crate_types":["lib"],"name":"gameplay_sim","src_path":"/Users/bradyjeong/Documents/Projects/Amp/gta4/gta_game/gameplay_sim/src/lib.rs","edition":"2021","doc":true,"doctest":true,"test":true},"message":{"rendered":"warning: missing documentation for a function\n   --> gameplay_sim/src/systems/world/unified_distance_culling.rs:180:1\n    |\n180 | / pub fn unified_building_lod_system(\n181 | |     building_query: Query<(Entity, &UnifiedCullable), (With<Building>, Changed<UnifiedCullable>)>,\n182 | | ) {\n    | |_^\n\n","$message_type":"diagnostic","children":[],"code":{"code":"missing_docs","explanation":null},"level":"warning","message":"missing documentation for a function","spans":[{"byte_end":5272,"byte_start":5136,"column_end":2,"column_start":1,"expansion":null,"file_name":"gameplay_sim/src/systems/world/unified_distance_culling.rs","is_primary":true,"label":null,"line_end":182,"line_start":180,"suggested_replacement":null,"suggestion_applicability":null,"text":[{"highlight_end":36,"highlight_start":1,"text":"pub fn unified_building_lod_system("},{"highlight_end":99,"highlight_start":1,"text":"    building_query: Query<(Entity, &UnifiedCullable), (With<Building>, Changed<UnifiedCullable>)>,"},{"highlight_end":2,"highlight_start":1,"text":") {"}]}]}}
{"reason":"compiler-message","package_id":"path+file:///Users/bradyjeong/Documents/Projects/Amp/gta4/gta_game/gameplay_sim#0.1.0","manifest_path":"/Users/bradyjeong/Documents/Projects/Amp/gta4/gta_game/gameplay_sim/Cargo.toml","target":{"kind":["lib"],"crate_types":["lib"],"name":"gameplay_sim","src_path":"/Users/bradyjeong/Documents/Projects/Amp/gta4/gta_game/gameplay_sim/src/lib.rs","edition":"2021","doc":true,"doctest":true,"test":true},"message":{"rendered":"warning: missing documentation for a function\n   --> gameplay_sim/src/systems/world/unified_distance_culling.rs:191:1\n    |\n191 | / pub fn unified_npc_lod_system(\n192 | |     npc_query: Query<(Entity, &UnifiedCullable), (With<NPC>, Changed<UnifiedCullable>)>,\n193 | | ) {\n    | |_^\n\n","$message_type":"diagnostic","children":[],"code":{"code":"missing_docs","explanation":null},"level":"warning","message":"missing documentation for a function","spans":[{"byte_end":5664,"byte_start":5543,"column_end":2,"column_start":1,"expansion":null,"file_name":"gameplay_sim/src/systems/world/unified_distance_culling.rs","is_primary":true,"label":null,"line_end":193,"line_start":191,"suggested_replacement":null,"suggestion_applicability":null,"text":[{"highlight_end":31,"highlight_start":1,"text":"pub fn unified_npc_lod_system("},{"highlight_end":89,"highlight_start":1,"text":"    npc_query: Query<(Entity, &UnifiedCullable), (With<NPC>, Changed<UnifiedCullable>)>,"},{"highlight_end":2,"highlight_start":1,"text":") {"}]}]}}
{"reason":"compiler-message","package_id":"path+file:///Users/bradyjeong/Documents/Projects/Amp/gta4/gta_game/gameplay_sim#0.1.0","manifest_path":"/Users/bradyjeong/Documents/Projects/Amp/gta4/gta_game/gameplay_sim/Cargo.toml","target":{"kind":["lib"],"crate_types":["lib"],"name":"gameplay_sim","src_path":"/Users/bradyjeong/Documents/Projects/Amp/gta4/gta_game/gameplay_sim/src/lib.rs","edition":"2021","doc":true,"doctest":true,"test":true},"message":{"rendered":"warning: missing documentation for a function\n   --> gameplay_sim/src/systems/world/unified_distance_culling.rs:208:1\n    |\n208 | / pub fn dirty_visibility_processor_system(\n209 | |     mut commands: Commands,\n210 | |     dirty_query: Query<(Entity, &DirtyVisibility)>,\n211 | | ) {\n    | |_^\n\n","$message_type":"diagnostic","children":[],"code":{"code":"missing_docs","explanation":null},"level":"warning","message":"missing documentation for a function","spans":[{"byte_end":6215,"byte_start":6092,"column_end":2,"column_start":1,"expansion":null,"file_name":"gameplay_sim/src/systems/world/unified_distance_culling.rs","is_primary":true,"label":null,"line_end":211,"line_start":208,"suggested_replacement":null,"suggestion_applicability":null,"text":[{"highlight_end":42,"highlight_start":1,"text":"pub fn dirty_visibility_processor_system("},{"highlight_end":28,"highlight_start":1,"text":"    mut commands: Commands,"},{"highlight_end":52,"highlight_start":1,"text":"    dirty_query: Query<(Entity, &DirtyVisibility)>,"},{"highlight_end":2,"highlight_start":1,"text":") {"}]}]}}
{"reason":"compiler-message","package_id":"path+file:///Users/bradyjeong/Documents/Projects/Amp/gta4/gta_game/gameplay_sim#0.1.0","manifest_path":"/Users/bradyjeong/Documents/Projects/Amp/gta4/gta_game/gameplay_sim/Cargo.toml","target":{"kind":["lib"],"crate_types":["lib"],"name":"gameplay_sim","src_path":"/Users/bradyjeong/Documents/Projects/Amp/gta4/gta_game/gameplay_sim/src/lib.rs","edition":"2021","doc":true,"doctest":true,"test":true},"message":{"rendered":"warning: missing documentation for a function\n   --> gameplay_sim/src/systems/world/unified_distance_culling.rs:232:1\n    |\n232 | / pub fn culling_stats_system(\n233 | |     stats: Res<DistanceCullingStats>,\n234 | |     time: Res<Time>,\n235 | | ) {\n    | |_^\n\n","$message_type":"diagnostic","children":[],"code":{"code":"missing_docs","explanation":null},"level":"warning","message":"missing documentation for a function","spans":[{"byte_end":6935,"byte_start":6846,"column_end":2,"column_start":1,"expansion":null,"file_name":"gameplay_sim/src/systems/world/unified_distance_culling.rs","is_primary":true,"label":null,"line_end":235,"line_start":232,"suggested_replacement":null,"suggestion_applicability":null,"text":[{"highlight_end":29,"highlight_start":1,"text":"pub fn culling_stats_system("},{"highlight_end":38,"highlight_start":1,"text":"    stats: Res<DistanceCullingStats>,"},{"highlight_end":21,"highlight_start":1,"text":"    time: Res<Time>,"},{"highlight_end":2,"highlight_start":1,"text":") {"}]}]}}
{"reason":"compiler-message","package_id":"path+file:///Users/bradyjeong/Documents/Projects/Amp/gta4/gta_game/gameplay_sim#0.1.0","manifest_path":"/Users/bradyjeong/Documents/Projects/Amp/gta4/gta_game/gameplay_sim/Cargo.toml","target":{"kind":["lib"],"crate_types":["lib"],"name":"gameplay_sim","src_path":"/Users/bradyjeong/Documents/Projects/Amp/gta4/gta_game/gameplay_sim/src/lib.rs","edition":"2021","doc":true,"doctest":true,"test":true},"message":{"rendered":"warning: missing documentation for a function\n   --> gameplay_sim/src/systems/world/unified_distance_culling.rs:260:1\n    |\n260 | pub fn mark_entity_for_lod_update(commands: &mut Commands, entity: Entity) {\n    | ^^^^^^^^^^^^^^^^^^^^^^^^^^^^^^^^^^^^^^^^^^^^^^^^^^^^^^^^^^^^^^^^^^^^^^^^^^\n\n","$message_type":"diagnostic","children":[],"code":{"code":"missing_docs","explanation":null},"level":"warning","message":"missing documentation for a function","spans":[{"byte_end":7580,"byte_start":7506,"column_end":75,"column_start":1,"expansion":null,"file_name":"gameplay_sim/src/systems/world/unified_distance_culling.rs","is_primary":true,"label":null,"line_end":260,"line_start":260,"suggested_replacement":null,"suggestion_applicability":null,"text":[{"highlight_end":75,"highlight_start":1,"text":"pub fn mark_entity_for_lod_update(commands: &mut Commands, entity: Entity) {"}]}]}}
{"reason":"compiler-message","package_id":"path+file:///Users/bradyjeong/Documents/Projects/Amp/gta4/gta_game/gameplay_sim#0.1.0","manifest_path":"/Users/bradyjeong/Documents/Projects/Amp/gta4/gta_game/gameplay_sim/Cargo.toml","target":{"kind":["lib"],"crate_types":["lib"],"name":"gameplay_sim","src_path":"/Users/bradyjeong/Documents/Projects/Amp/gta4/gta_game/gameplay_sim/src/lib.rs","edition":"2021","doc":true,"doctest":true,"test":true},"message":{"rendered":"warning: missing documentation for a function\n   --> gameplay_sim/src/systems/world/unified_distance_culling.rs:264:1\n    |\n264 | / pub fn cleanup_culled_entities_system(\n265 | |     mut commands: Commands,\n266 | |     cullable_query: Query<Entity, (With<UnifiedCullable>, With<DynamicContent>)>,\n267 | |     active_query: Query<&Transform, With<ActiveEntity>>,\n268 | | ) {\n    | |_^\n\n","$message_type":"diagnostic","children":[],"code":{"code":"missing_docs","explanation":null},"level":"warning","message":"missing documentation for a function","spans":[{"byte_end":7839,"byte_start":7632,"column_end":2,"column_start":1,"expansion":null,"file_name":"gameplay_sim/src/systems/world/unified_distance_culling.rs","is_primary":true,"label":null,"line_end":268,"line_start":264,"suggested_replacement":null,"suggestion_applicability":null,"text":[{"highlight_end":39,"highlight_start":1,"text":"pub fn cleanup_culled_entities_system("},{"highlight_end":28,"highlight_start":1,"text":"    mut commands: Commands,"},{"highlight_end":82,"highlight_start":1,"text":"    cullable_query: Query<Entity, (With<UnifiedCullable>, With<DynamicContent>)>,"},{"highlight_end":57,"highlight_start":1,"text":"    active_query: Query<&Transform, With<ActiveEntity>>,"},{"highlight_end":2,"highlight_start":1,"text":") {"}]}]}}
{"reason":"compiler-message","package_id":"path+file:///Users/bradyjeong/Documents/Projects/Amp/gta4/gta_game/gameplay_sim#0.1.0","manifest_path":"/Users/bradyjeong/Documents/Projects/Amp/gta4/gta_game/gameplay_sim/Cargo.toml","target":{"kind":["lib"],"crate_types":["lib"],"name":"gameplay_sim","src_path":"/Users/bradyjeong/Documents/Projects/Amp/gta4/gta_game/gameplay_sim/src/lib.rs","edition":"2021","doc":true,"doctest":true,"test":true},"message":{"rendered":"warning: missing documentation for a struct\n   --> gameplay_sim/src/systems/world/unified_distance_culling.rs:284:1\n    |\n284 | pub struct CullableEntityBundle {\n    | ^^^^^^^^^^^^^^^^^^^^^^^^^^^^^^^\n\n","$message_type":"diagnostic","children":[],"code":{"code":"missing_docs","explanation":null},"level":"warning","message":"missing documentation for a struct","spans":[{"byte_end":8381,"byte_start":8350,"column_end":32,"column_start":1,"expansion":null,"file_name":"gameplay_sim/src/systems/world/unified_distance_culling.rs","is_primary":true,"label":null,"line_end":284,"line_start":284,"suggested_replacement":null,"suggestion_applicability":null,"text":[{"highlight_end":32,"highlight_start":1,"text":"pub struct CullableEntityBundle {"}]}]}}
{"reason":"compiler-message","package_id":"path+file:///Users/bradyjeong/Documents/Projects/Amp/gta4/gta_game/gameplay_sim#0.1.0","manifest_path":"/Users/bradyjeong/Documents/Projects/Amp/gta4/gta_game/gameplay_sim/Cargo.toml","target":{"kind":["lib"],"crate_types":["lib"],"name":"gameplay_sim","src_path":"/Users/bradyjeong/Documents/Projects/Amp/gta4/gta_game/gameplay_sim/src/lib.rs","edition":"2021","doc":true,"doctest":true,"test":true},"message":{"rendered":"warning: missing documentation for a struct field\n   --> gameplay_sim/src/systems/world/unified_distance_culling.rs:285:5\n    |\n285 |     pub cullable: UnifiedCullable,\n    |     ^^^^^^^^^^^^^^^^^^^^^^^^^^^^^\n\n","$message_type":"diagnostic","children":[],"code":{"code":"missing_docs","explanation":null},"level":"warning","message":"missing documentation for a struct field","spans":[{"byte_end":8417,"byte_start":8388,"column_end":34,"column_start":5,"expansion":null,"file_name":"gameplay_sim/src/systems/world/unified_distance_culling.rs","is_primary":true,"label":null,"line_end":285,"line_start":285,"suggested_replacement":null,"suggestion_applicability":null,"text":[{"highlight_end":34,"highlight_start":5,"text":"    pub cullable: UnifiedCullable,"}]}]}}
{"reason":"compiler-message","package_id":"path+file:///Users/bradyjeong/Documents/Projects/Amp/gta4/gta_game/gameplay_sim#0.1.0","manifest_path":"/Users/bradyjeong/Documents/Projects/Amp/gta4/gta_game/gameplay_sim/Cargo.toml","target":{"kind":["lib"],"crate_types":["lib"],"name":"gameplay_sim","src_path":"/Users/bradyjeong/Documents/Projects/Amp/gta4/gta_game/gameplay_sim/src/lib.rs","edition":"2021","doc":true,"doctest":true,"test":true},"message":{"rendered":"warning: missing documentation for a struct field\n   --> gameplay_sim/src/systems/world/unified_distance_culling.rs:286:5\n    |\n286 |     pub transform: Transform,\n    |     ^^^^^^^^^^^^^^^^^^^^^^^^\n\n","$message_type":"diagnostic","children":[],"code":{"code":"missing_docs","explanation":null},"level":"warning","message":"missing documentation for a struct field","spans":[{"byte_end":8447,"byte_start":8423,"column_end":29,"column_start":5,"expansion":null,"file_name":"gameplay_sim/src/systems/world/unified_distance_culling.rs","is_primary":true,"label":null,"line_end":286,"line_start":286,"suggested_replacement":null,"suggestion_applicability":null,"text":[{"highlight_end":29,"highlight_start":5,"text":"    pub transform: Transform,"}]}]}}
{"reason":"compiler-message","package_id":"path+file:///Users/bradyjeong/Documents/Projects/Amp/gta4/gta_game/gameplay_sim#0.1.0","manifest_path":"/Users/bradyjeong/Documents/Projects/Amp/gta4/gta_game/gameplay_sim/Cargo.toml","target":{"kind":["lib"],"crate_types":["lib"],"name":"gameplay_sim","src_path":"/Users/bradyjeong/Documents/Projects/Amp/gta4/gta_game/gameplay_sim/src/lib.rs","edition":"2021","doc":true,"doctest":true,"test":true},"message":{"rendered":"warning: missing documentation for a struct field\n   --> gameplay_sim/src/systems/world/unified_distance_culling.rs:287:5\n    |\n287 |     pub visibility: Visibility,\n    |     ^^^^^^^^^^^^^^^^^^^^^^^^^^\n\n","$message_type":"diagnostic","children":[],"code":{"code":"missing_docs","explanation":null},"level":"warning","message":"missing documentation for a struct field","spans":[{"byte_end":8479,"byte_start":8453,"column_end":31,"column_start":5,"expansion":null,"file_name":"gameplay_sim/src/systems/world/unified_distance_culling.rs","is_primary":true,"label":null,"line_end":287,"line_start":287,"suggested_replacement":null,"suggestion_applicability":null,"text":[{"highlight_end":31,"highlight_start":5,"text":"    pub visibility: Visibility,"}]}]}}
{"reason":"compiler-message","package_id":"path+file:///Users/bradyjeong/Documents/Projects/Amp/gta4/gta_game/gameplay_sim#0.1.0","manifest_path":"/Users/bradyjeong/Documents/Projects/Amp/gta4/gta_game/gameplay_sim/Cargo.toml","target":{"kind":["lib"],"crate_types":["lib"],"name":"gameplay_sim","src_path":"/Users/bradyjeong/Documents/Projects/Amp/gta4/gta_game/gameplay_sim/src/lib.rs","edition":"2021","doc":true,"doctest":true,"test":true},"message":{"rendered":"warning: missing documentation for an associated function\n   --> gameplay_sim/src/systems/world/unified_distance_culling.rs:291:5\n    |\n291 |     pub fn new(position: Vec3, max_distance: f32) -> Self {\n    |     ^^^^^^^^^^^^^^^^^^^^^^^^^^^^^^^^^^^^^^^^^^^^^^^^^^^^^\n\n","$message_type":"diagnostic","children":[],"code":{"code":"missing_docs","explanation":null},"level":"warning","message":"missing documentation for an associated function","spans":[{"byte_end":8569,"byte_start":8516,"column_end":58,"column_start":5,"expansion":null,"file_name":"gameplay_sim/src/systems/world/unified_distance_culling.rs","is_primary":true,"label":null,"line_end":291,"line_start":291,"suggested_replacement":null,"suggestion_applicability":null,"text":[{"highlight_end":58,"highlight_start":5,"text":"    pub fn new(position: Vec3, max_distance: f32) -> Self {"}]}]}}
{"reason":"compiler-message","package_id":"path+file:///Users/bradyjeong/Documents/Projects/Amp/gta4/gta_game/gameplay_sim#0.1.0","manifest_path":"/Users/bradyjeong/Documents/Projects/Amp/gta4/gta_game/gameplay_sim/Cargo.toml","target":{"kind":["lib"],"crate_types":["lib"],"name":"gameplay_sim","src_path":"/Users/bradyjeong/Documents/Projects/Amp/gta4/gta_game/gameplay_sim/src/lib.rs","edition":"2021","doc":true,"doctest":true,"test":true},"message":{"rendered":"warning: missing documentation for a struct\n   --> gameplay_sim/src/systems/world/unified_distance_culling.rs:306:1\n    |\n306 | pub struct CullingConfig {\n    | ^^^^^^^^^^^^^^^^^^^^^^^^\n\n","$message_type":"diagnostic","children":[],"code":{"code":"missing_docs","explanation":null},"level":"warning","message":"missing documentation for a struct","spans":[{"byte_end":8918,"byte_start":8894,"column_end":25,"column_start":1,"expansion":null,"file_name":"gameplay_sim/src/systems/world/unified_distance_culling.rs","is_primary":true,"label":null,"line_end":306,"line_start":306,"suggested_replacement":null,"suggestion_applicability":null,"text":[{"highlight_end":25,"highlight_start":1,"text":"pub struct CullingConfig {"}]}]}}
{"reason":"compiler-message","package_id":"path+file:///Users/bradyjeong/Documents/Projects/Amp/gta4/gta_game/gameplay_sim#0.1.0","manifest_path":"/Users/bradyjeong/Documents/Projects/Amp/gta4/gta_game/gameplay_sim/Cargo.toml","target":{"kind":["lib"],"crate_types":["lib"],"name":"gameplay_sim","src_path":"/Users/bradyjeong/Documents/Projects/Amp/gta4/gta_game/gameplay_sim/src/lib.rs","edition":"2021","doc":true,"doctest":true,"test":true},"message":{"rendered":"warning: missing documentation for a struct field\n   --> gameplay_sim/src/systems/world/unified_distance_culling.rs:307:5\n    |\n307 |     pub max_entities_per_frame: usize,\n    |     ^^^^^^^^^^^^^^^^^^^^^^^^^^^^^^^^^\n\n","$message_type":"diagnostic","children":[],"code":{"code":"missing_docs","explanation":null},"level":"warning","message":"missing documentation for a struct field","spans":[{"byte_end":8958,"byte_start":8925,"column_end":38,"column_start":5,"expansion":null,"file_name":"gameplay_sim/src/systems/world/unified_distance_culling.rs","is_primary":true,"label":null,"line_end":307,"line_start":307,"suggested_replacement":null,"suggestion_applicability":null,"text":[{"highlight_end":38,"highlight_start":5,"text":"    pub max_entities_per_frame: usize,"}]}]}}
{"reason":"compiler-message","package_id":"path+file:///Users/bradyjeong/Documents/Projects/Amp/gta4/gta_game/gameplay_sim#0.1.0","manifest_path":"/Users/bradyjeong/Documents/Projects/Amp/gta4/gta_game/gameplay_sim/Cargo.toml","target":{"kind":["lib"],"crate_types":["lib"],"name":"gameplay_sim","src_path":"/Users/bradyjeong/Documents/Projects/Amp/gta4/gta_game/gameplay_sim/src/lib.rs","edition":"2021","doc":true,"doctest":true,"test":true},"message":{"rendered":"warning: missing documentation for a struct field\n   --> gameplay_sim/src/systems/world/unified_distance_culling.rs:308:5\n    |\n308 |     pub cache_size: usize,\n    |     ^^^^^^^^^^^^^^^^^^^^^\n\n","$message_type":"diagnostic","children":[],"code":{"code":"missing_docs","explanation":null},"level":"warning","message":"missing documentation for a struct field","spans":[{"byte_end":8985,"byte_start":8964,"column_end":26,"column_start":5,"expansion":null,"file_name":"gameplay_sim/src/systems/world/unified_distance_culling.rs","is_primary":true,"label":null,"line_end":308,"line_start":308,"suggested_replacement":null,"suggestion_applicability":null,"text":[{"highlight_end":26,"highlight_start":5,"text":"    pub cache_size: usize,"}]}]}}
{"reason":"compiler-message","package_id":"path+file:///Users/bradyjeong/Documents/Projects/Amp/gta4/gta_game/gameplay_sim#0.1.0","manifest_path":"/Users/bradyjeong/Documents/Projects/Amp/gta4/gta_game/gameplay_sim/Cargo.toml","target":{"kind":["lib"],"crate_types":["lib"],"name":"gameplay_sim","src_path":"/Users/bradyjeong/Documents/Projects/Amp/gta4/gta_game/gameplay_sim/src/lib.rs","edition":"2021","doc":true,"doctest":true,"test":true},"message":{"rendered":"warning: missing documentation for a struct field\n   --> gameplay_sim/src/systems/world/unified_distance_culling.rs:309:5\n    |\n309 |     pub update_frequency: f32,\n    |     ^^^^^^^^^^^^^^^^^^^^^^^^^\n\n","$message_type":"diagnostic","children":[],"code":{"code":"missing_docs","explanation":null},"level":"warning","message":"missing documentation for a struct field","spans":[{"byte_end":9016,"byte_start":8991,"column_end":30,"column_start":5,"expansion":null,"file_name":"gameplay_sim/src/systems/world/unified_distance_culling.rs","is_primary":true,"label":null,"line_end":309,"line_start":309,"suggested_replacement":null,"suggestion_applicability":null,"text":[{"highlight_end":30,"highlight_start":5,"text":"    pub update_frequency: f32,"}]}]}}
{"reason":"compiler-message","package_id":"path+file:///Users/bradyjeong/Documents/Projects/Amp/gta4/gta_game/gameplay_sim#0.1.0","manifest_path":"/Users/bradyjeong/Documents/Projects/Amp/gta4/gta_game/gameplay_sim/Cargo.toml","target":{"kind":["lib"],"crate_types":["lib"],"name":"gameplay_sim","src_path":"/Users/bradyjeong/Documents/Projects/Amp/gta4/gta_game/gameplay_sim/src/lib.rs","edition":"2021","doc":true,"doctest":true,"test":true},"message":{"rendered":"warning: missing documentation for a struct\n  --> gameplay_sim/src/systems/timing_service.rs:15:1\n   |\n15 | pub struct TimingService {\n   | ^^^^^^^^^^^^^^^^^^^^^^^^\n\n","$message_type":"diagnostic","children":[],"code":{"code":"missing_docs","explanation":null},"level":"warning","message":"missing documentation for a struct","spans":[{"byte_end":609,"byte_start":585,"column_end":25,"column_start":1,"expansion":null,"file_name":"gameplay_sim/src/systems/timing_service.rs","is_primary":true,"label":null,"line_end":15,"line_start":15,"suggested_replacement":null,"suggestion_applicability":null,"text":[{"highlight_end":25,"highlight_start":1,"text":"pub struct TimingService {"}]}]}}
{"reason":"compiler-message","package_id":"path+file:///Users/bradyjeong/Documents/Projects/Amp/gta4/gta_game/gameplay_sim#0.1.0","manifest_path":"/Users/bradyjeong/Documents/Projects/Amp/gta4/gta_game/gameplay_sim/Cargo.toml","target":{"kind":["lib"],"crate_types":["lib"],"name":"gameplay_sim","src_path":"/Users/bradyjeong/Documents/Projects/Amp/gta4/gta_game/gameplay_sim/src/lib.rs","edition":"2021","doc":true,"doctest":true,"test":true},"message":{"rendered":"warning: missing documentation for an enum\n  --> gameplay_sim/src/systems/timing_service.rs:24:1\n   |\n24 | pub enum SystemType {\n   | ^^^^^^^^^^^^^^^^^^^\n\n","$message_type":"diagnostic","children":[],"code":{"code":"missing_docs","explanation":null},"level":"warning","message":"missing documentation for an enum","spans":[{"byte_end":873,"byte_start":854,"column_end":20,"column_start":1,"expansion":null,"file_name":"gameplay_sim/src/systems/timing_service.rs","is_primary":true,"label":null,"line_end":24,"line_start":24,"suggested_replacement":null,"suggestion_applicability":null,"text":[{"highlight_end":20,"highlight_start":1,"text":"pub enum SystemType {"}]}]}}
{"reason":"compiler-message","package_id":"path+file:///Users/bradyjeong/Documents/Projects/Amp/gta4/gta_game/gameplay_sim#0.1.0","manifest_path":"/Users/bradyjeong/Documents/Projects/Amp/gta4/gta_game/gameplay_sim/Cargo.toml","target":{"kind":["lib"],"crate_types":["lib"],"name":"gameplay_sim","src_path":"/Users/bradyjeong/Documents/Projects/Amp/gta4/gta_game/gameplay_sim/src/lib.rs","edition":"2021","doc":true,"doctest":true,"test":true},"message":{"rendered":"warning: missing documentation for a variant\n  --> gameplay_sim/src/systems/timing_service.rs:25:5\n   |\n25 |     DynamicContent,\n   |     ^^^^^^^^^^^^^^\n\n","$message_type":"diagnostic","children":[],"code":{"code":"missing_docs","explanation":null},"level":"warning","message":"missing documentation for a variant","spans":[{"byte_end":894,"byte_start":880,"column_end":19,"column_start":5,"expansion":null,"file_name":"gameplay_sim/src/systems/timing_service.rs","is_primary":true,"label":null,"line_end":25,"line_start":25,"suggested_replacement":null,"suggestion_applicability":null,"text":[{"highlight_end":19,"highlight_start":5,"text":"    DynamicContent,"}]}]}}
{"reason":"compiler-message","package_id":"path+file:///Users/bradyjeong/Documents/Projects/Amp/gta4/gta_game/gameplay_sim#0.1.0","manifest_path":"/Users/bradyjeong/Documents/Projects/Amp/gta4/gta_game/gameplay_sim/Cargo.toml","target":{"kind":["lib"],"crate_types":["lib"],"name":"gameplay_sim","src_path":"/Users/bradyjeong/Documents/Projects/Amp/gta4/gta_game/gameplay_sim/src/lib.rs","edition":"2021","doc":true,"doctest":true,"test":true},"message":{"rendered":"warning: missing documentation for a variant\n  --> gameplay_sim/src/systems/timing_service.rs:26:5\n   |\n26 |     RoadGeneration,\n   |     ^^^^^^^^^^^^^^\n\n","$message_type":"diagnostic","children":[],"code":{"code":"missing_docs","explanation":null},"level":"warning","message":"missing documentation for a variant","spans":[{"byte_end":914,"byte_start":900,"column_end":19,"column_start":5,"expansion":null,"file_name":"gameplay_sim/src/systems/timing_service.rs","is_primary":true,"label":null,"line_end":26,"line_start":26,"suggested_replacement":null,"suggestion_applicability":null,"text":[{"highlight_end":19,"highlight_start":5,"text":"    RoadGeneration,"}]}]}}
{"reason":"compiler-message","package_id":"path+file:///Users/bradyjeong/Documents/Projects/Amp/gta4/gta_game/gameplay_sim#0.1.0","manifest_path":"/Users/bradyjeong/Documents/Projects/Amp/gta4/gta_game/gameplay_sim/Cargo.toml","target":{"kind":["lib"],"crate_types":["lib"],"name":"gameplay_sim","src_path":"/Users/bradyjeong/Documents/Projects/Amp/gta4/gta_game/gameplay_sim/src/lib.rs","edition":"2021","doc":true,"doctest":true,"test":true},"message":{"rendered":"warning: missing documentation for a variant\n  --> gameplay_sim/src/systems/timing_service.rs:27:5\n   |\n27 |     Performance,\n   |     ^^^^^^^^^^^\n\n","$message_type":"diagnostic","children":[],"code":{"code":"missing_docs","explanation":null},"level":"warning","message":"missing documentation for a variant","spans":[{"byte_end":931,"byte_start":920,"column_end":16,"column_start":5,"expansion":null,"file_name":"gameplay_sim/src/systems/timing_service.rs","is_primary":true,"label":null,"line_end":27,"line_start":27,"suggested_replacement":null,"suggestion_applicability":null,"text":[{"highlight_end":16,"highlight_start":5,"text":"    Performance,"}]}]}}
{"reason":"compiler-message","package_id":"path+file:///Users/bradyjeong/Documents/Projects/Amp/gta4/gta_game/gameplay_sim#0.1.0","manifest_path":"/Users/bradyjeong/Documents/Projects/Amp/gta4/gta_game/gameplay_sim/Cargo.toml","target":{"kind":["lib"],"crate_types":["lib"],"name":"gameplay_sim","src_path":"/Users/bradyjeong/Documents/Projects/Amp/gta4/gta_game/gameplay_sim/src/lib.rs","edition":"2021","doc":true,"doctest":true,"test":true},"message":{"rendered":"warning: missing documentation for a variant\n  --> gameplay_sim/src/systems/timing_service.rs:28:5\n   |\n28 |     Culling,\n   |     ^^^^^^^\n\n","$message_type":"diagnostic","children":[],"code":{"code":"missing_docs","explanation":null},"level":"warning","message":"missing documentation for a variant","spans":[{"byte_end":944,"byte_start":937,"column_end":12,"column_start":5,"expansion":null,"file_name":"gameplay_sim/src/systems/timing_service.rs","is_primary":true,"label":null,"line_end":28,"line_start":28,"suggested_replacement":null,"suggestion_applicability":null,"text":[{"highlight_end":12,"highlight_start":5,"text":"    Culling,"}]}]}}
{"reason":"compiler-message","package_id":"path+file:///Users/bradyjeong/Documents/Projects/Amp/gta4/gta_game/gameplay_sim#0.1.0","manifest_path":"/Users/bradyjeong/Documents/Projects/Amp/gta4/gta_game/gameplay_sim/Cargo.toml","target":{"kind":["lib"],"crate_types":["lib"],"name":"gameplay_sim","src_path":"/Users/bradyjeong/Documents/Projects/Amp/gta4/gta_game/gameplay_sim/src/lib.rs","edition":"2021","doc":true,"doctest":true,"test":true},"message":{"rendered":"warning: missing documentation for a variant\n  --> gameplay_sim/src/systems/timing_service.rs:29:5\n   |\n29 |     LOD,\n   |     ^^^\n\n","$message_type":"diagnostic","children":[],"code":{"code":"missing_docs","explanation":null},"level":"warning","message":"missing documentation for a variant","spans":[{"byte_end":953,"byte_start":950,"column_end":8,"column_start":5,"expansion":null,"file_name":"gameplay_sim/src/systems/timing_service.rs","is_primary":true,"label":null,"line_end":29,"line_start":29,"suggested_replacement":null,"suggestion_applicability":null,"text":[{"highlight_end":8,"highlight_start":5,"text":"    LOD,"}]}]}}
{"reason":"compiler-message","package_id":"path+file:///Users/bradyjeong/Documents/Projects/Amp/gta4/gta_game/gameplay_sim#0.1.0","manifest_path":"/Users/bradyjeong/Documents/Projects/Amp/gta4/gta_game/gameplay_sim/Cargo.toml","target":{"kind":["lib"],"crate_types":["lib"],"name":"gameplay_sim","src_path":"/Users/bradyjeong/Documents/Projects/Amp/gta4/gta_game/gameplay_sim/src/lib.rs","edition":"2021","doc":true,"doctest":true,"test":true},"message":{"rendered":"warning: missing documentation for a variant\n  --> gameplay_sim/src/systems/timing_service.rs:30:5\n   |\n30 |     NPCLOD,\n   |     ^^^^^^\n\n","$message_type":"diagnostic","children":[],"code":{"code":"missing_docs","explanation":null},"level":"warning","message":"missing documentation for a variant","spans":[{"byte_end":965,"byte_start":959,"column_end":11,"column_start":5,"expansion":null,"file_name":"gameplay_sim/src/systems/timing_service.rs","is_primary":true,"label":null,"line_end":30,"line_start":30,"suggested_replacement":null,"suggestion_applicability":null,"text":[{"highlight_end":11,"highlight_start":5,"text":"    NPCLOD,"}]}]}}
{"reason":"compiler-message","package_id":"path+file:///Users/bradyjeong/Documents/Projects/Amp/gta4/gta_game/gameplay_sim#0.1.0","manifest_path":"/Users/bradyjeong/Documents/Projects/Amp/gta4/gta_game/gameplay_sim/Cargo.toml","target":{"kind":["lib"],"crate_types":["lib"],"name":"gameplay_sim","src_path":"/Users/bradyjeong/Documents/Projects/Amp/gta4/gta_game/gameplay_sim/src/lib.rs","edition":"2021","doc":true,"doctest":true,"test":true},"message":{"rendered":"warning: missing documentation for a struct\n  --> gameplay_sim/src/systems/timing_service.rs:34:1\n   |\n34 | pub struct EntityTimer {\n   | ^^^^^^^^^^^^^^^^^^^^^^\n\n","$message_type":"diagnostic","children":[],"code":{"code":"missing_docs","explanation":null},"level":"warning","message":"missing documentation for a struct","spans":[{"byte_end":1009,"byte_start":987,"column_end":23,"column_start":1,"expansion":null,"file_name":"gameplay_sim/src/systems/timing_service.rs","is_primary":true,"label":null,"line_end":34,"line_start":34,"suggested_replacement":null,"suggestion_applicability":null,"text":[{"highlight_end":23,"highlight_start":1,"text":"pub struct EntityTimer {"}]}]}}
{"reason":"compiler-message","package_id":"path+file:///Users/bradyjeong/Documents/Projects/Amp/gta4/gta_game/gameplay_sim#0.1.0","manifest_path":"/Users/bradyjeong/Documents/Projects/Amp/gta4/gta_game/gameplay_sim/Cargo.toml","target":{"kind":["lib"],"crate_types":["lib"],"name":"gameplay_sim","src_path":"/Users/bradyjeong/Documents/Projects/Amp/gta4/gta_game/gameplay_sim/src/lib.rs","edition":"2021","doc":true,"doctest":true,"test":true},"message":{"rendered":"warning: missing documentation for a struct field\n  --> gameplay_sim/src/systems/timing_service.rs:35:5\n   |\n35 |     pub last_update: f32,\n   |     ^^^^^^^^^^^^^^^^^^^^\n\n","$message_type":"diagnostic","children":[],"code":{"code":"missing_docs","explanation":null},"level":"warning","message":"missing documentation for a struct field","spans":[{"byte_end":1036,"byte_start":1016,"column_end":25,"column_start":5,"expansion":null,"file_name":"gameplay_sim/src/systems/timing_service.rs","is_primary":true,"label":null,"line_end":35,"line_start":35,"suggested_replacement":null,"suggestion_applicability":null,"text":[{"highlight_end":25,"highlight_start":5,"text":"    pub last_update: f32,"}]}]}}
{"reason":"compiler-message","package_id":"path+file:///Users/bradyjeong/Documents/Projects/Amp/gta4/gta_game/gameplay_sim#0.1.0","manifest_path":"/Users/bradyjeong/Documents/Projects/Amp/gta4/gta_game/gameplay_sim/Cargo.toml","target":{"kind":["lib"],"crate_types":["lib"],"name":"gameplay_sim","src_path":"/Users/bradyjeong/Documents/Projects/Amp/gta4/gta_game/gameplay_sim/src/lib.rs","edition":"2021","doc":true,"doctest":true,"test":true},"message":{"rendered":"warning: missing documentation for a struct field\n  --> gameplay_sim/src/systems/timing_service.rs:36:5\n   |\n36 |     pub interval: f32,\n   |     ^^^^^^^^^^^^^^^^^\n\n","$message_type":"diagnostic","children":[],"code":{"code":"missing_docs","explanation":null},"level":"warning","message":"missing documentation for a struct field","spans":[{"byte_end":1059,"byte_start":1042,"column_end":22,"column_start":5,"expansion":null,"file_name":"gameplay_sim/src/systems/timing_service.rs","is_primary":true,"label":null,"line_end":36,"line_start":36,"suggested_replacement":null,"suggestion_applicability":null,"text":[{"highlight_end":22,"highlight_start":5,"text":"    pub interval: f32,"}]}]}}
{"reason":"compiler-message","package_id":"path+file:///Users/bradyjeong/Documents/Projects/Amp/gta4/gta_game/gameplay_sim#0.1.0","manifest_path":"/Users/bradyjeong/Documents/Projects/Amp/gta4/gta_game/gameplay_sim/Cargo.toml","target":{"kind":["lib"],"crate_types":["lib"],"name":"gameplay_sim","src_path":"/Users/bradyjeong/Documents/Projects/Amp/gta4/gta_game/gameplay_sim/src/lib.rs","edition":"2021","doc":true,"doctest":true,"test":true},"message":{"rendered":"warning: missing documentation for a struct field\n  --> gameplay_sim/src/systems/timing_service.rs:37:5\n   |\n37 |     pub timer_type: EntityTimerType,\n   |     ^^^^^^^^^^^^^^^^^^^^^^^^^^^^^^^\n\n","$message_type":"diagnostic","children":[],"code":{"code":"missing_docs","explanation":null},"level":"warning","message":"missing documentation for a struct field","spans":[{"byte_end":1096,"byte_start":1065,"column_end":36,"column_start":5,"expansion":null,"file_name":"gameplay_sim/src/systems/timing_service.rs","is_primary":true,"label":null,"line_end":37,"line_start":37,"suggested_replacement":null,"suggestion_applicability":null,"text":[{"highlight_end":36,"highlight_start":5,"text":"    pub timer_type: EntityTimerType,"}]}]}}
{"reason":"compiler-message","package_id":"path+file:///Users/bradyjeong/Documents/Projects/Amp/gta4/gta_game/gameplay_sim#0.1.0","manifest_path":"/Users/bradyjeong/Documents/Projects/Amp/gta4/gta_game/gameplay_sim/Cargo.toml","target":{"kind":["lib"],"crate_types":["lib"],"name":"gameplay_sim","src_path":"/Users/bradyjeong/Documents/Projects/Amp/gta4/gta_game/gameplay_sim/src/lib.rs","edition":"2021","doc":true,"doctest":true,"test":true},"message":{"rendered":"warning: missing documentation for an enum\n  --> gameplay_sim/src/systems/timing_service.rs:41:1\n   |\n41 | pub enum EntityTimerType {\n   | ^^^^^^^^^^^^^^^^^^^^^^^^\n\n","$message_type":"diagnostic","children":[],"code":{"code":"missing_docs","explanation":null},"level":"warning","message":"missing documentation for an enum","spans":[{"byte_end":1170,"byte_start":1146,"column_end":25,"column_start":1,"expansion":null,"file_name":"gameplay_sim/src/systems/timing_service.rs","is_primary":true,"label":null,"line_end":41,"line_start":41,"suggested_replacement":null,"suggestion_applicability":null,"text":[{"highlight_end":25,"highlight_start":1,"text":"pub enum EntityTimerType {"}]}]}}
{"reason":"compiler-message","package_id":"path+file:///Users/bradyjeong/Documents/Projects/Amp/gta4/gta_game/gameplay_sim#0.1.0","manifest_path":"/Users/bradyjeong/Documents/Projects/Amp/gta4/gta_game/gameplay_sim/Cargo.toml","target":{"kind":["lib"],"crate_types":["lib"],"name":"gameplay_sim","src_path":"/Users/bradyjeong/Documents/Projects/Amp/gta4/gta_game/gameplay_sim/src/lib.rs","edition":"2021","doc":true,"doctest":true,"test":true},"message":{"rendered":"warning: missing documentation for a variant\n  --> gameplay_sim/src/systems/timing_service.rs:42:5\n   |\n42 |     Movement,\n   |     ^^^^^^^^\n\n","$message_type":"diagnostic","children":[],"code":{"code":"missing_docs","explanation":null},"level":"warning","message":"missing documentation for a variant","spans":[{"byte_end":1185,"byte_start":1177,"column_end":13,"column_start":5,"expansion":null,"file_name":"gameplay_sim/src/systems/timing_service.rs","is_primary":true,"label":null,"line_end":42,"line_start":42,"suggested_replacement":null,"suggestion_applicability":null,"text":[{"highlight_end":13,"highlight_start":5,"text":"    Movement,"}]}]}}
{"reason":"compiler-message","package_id":"path+file:///Users/bradyjeong/Documents/Projects/Amp/gta4/gta_game/gameplay_sim#0.1.0","manifest_path":"/Users/bradyjeong/Documents/Projects/Amp/gta4/gta_game/gameplay_sim/Cargo.toml","target":{"kind":["lib"],"crate_types":["lib"],"name":"gameplay_sim","src_path":"/Users/bradyjeong/Documents/Projects/Amp/gta4/gta_game/gameplay_sim/src/lib.rs","edition":"2021","doc":true,"doctest":true,"test":true},"message":{"rendered":"warning: missing documentation for a variant\n  --> gameplay_sim/src/systems/timing_service.rs:43:5\n   |\n43 |     LOD,\n   |     ^^^\n\n","$message_type":"diagnostic","children":[],"code":{"code":"missing_docs","explanation":null},"level":"warning","message":"missing documentation for a variant","spans":[{"byte_end":1194,"byte_start":1191,"column_end":8,"column_start":5,"expansion":null,"file_name":"gameplay_sim/src/systems/timing_service.rs","is_primary":true,"label":null,"line_end":43,"line_start":43,"suggested_replacement":null,"suggestion_applicability":null,"text":[{"highlight_end":8,"highlight_start":5,"text":"    LOD,"}]}]}}
{"reason":"compiler-message","package_id":"path+file:///Users/bradyjeong/Documents/Projects/Amp/gta4/gta_game/gameplay_sim#0.1.0","manifest_path":"/Users/bradyjeong/Documents/Projects/Amp/gta4/gta_game/gameplay_sim/Cargo.toml","target":{"kind":["lib"],"crate_types":["lib"],"name":"gameplay_sim","src_path":"/Users/bradyjeong/Documents/Projects/Amp/gta4/gta_game/gameplay_sim/src/lib.rs","edition":"2021","doc":true,"doctest":true,"test":true},"message":{"rendered":"warning: missing documentation for a variant\n  --> gameplay_sim/src/systems/timing_service.rs:44:5\n   |\n44 |     Culling,\n   |     ^^^^^^^\n\n","$message_type":"diagnostic","children":[],"code":{"code":"missing_docs","explanation":null},"level":"warning","message":"missing documentation for a variant","spans":[{"byte_end":1207,"byte_start":1200,"column_end":12,"column_start":5,"expansion":null,"file_name":"gameplay_sim/src/systems/timing_service.rs","is_primary":true,"label":null,"line_end":44,"line_start":44,"suggested_replacement":null,"suggestion_applicability":null,"text":[{"highlight_end":12,"highlight_start":5,"text":"    Culling,"}]}]}}
{"reason":"compiler-message","package_id":"path+file:///Users/bradyjeong/Documents/Projects/Amp/gta4/gta_game/gameplay_sim#0.1.0","manifest_path":"/Users/bradyjeong/Documents/Projects/Amp/gta4/gta_game/gameplay_sim/Cargo.toml","target":{"kind":["lib"],"crate_types":["lib"],"name":"gameplay_sim","src_path":"/Users/bradyjeong/Documents/Projects/Amp/gta4/gta_game/gameplay_sim/src/lib.rs","edition":"2021","doc":true,"doctest":true,"test":true},"message":{"rendered":"warning: missing documentation for a variant\n  --> gameplay_sim/src/systems/timing_service.rs:45:5\n   |\n45 |     Animation,\n   |     ^^^^^^^^^\n\n","$message_type":"diagnostic","children":[],"code":{"code":"missing_docs","explanation":null},"level":"warning","message":"missing documentation for a variant","spans":[{"byte_end":1222,"byte_start":1213,"column_end":14,"column_start":5,"expansion":null,"file_name":"gameplay_sim/src/systems/timing_service.rs","is_primary":true,"label":null,"line_end":45,"line_start":45,"suggested_replacement":null,"suggestion_applicability":null,"text":[{"highlight_end":14,"highlight_start":5,"text":"    Animation,"}]}]}}
{"reason":"compiler-message","package_id":"path+file:///Users/bradyjeong/Documents/Projects/Amp/gta4/gta_game/gameplay_sim#0.1.0","manifest_path":"/Users/bradyjeong/Documents/Projects/Amp/gta4/gta_game/gameplay_sim/Cargo.toml","target":{"kind":["lib"],"crate_types":["lib"],"name":"gameplay_sim","src_path":"/Users/bradyjeong/Documents/Projects/Amp/gta4/gta_game/gameplay_sim/src/lib.rs","edition":"2021","doc":true,"doctest":true,"test":true},"message":{"rendered":"warning: missing documentation for a variant\n  --> gameplay_sim/src/systems/timing_service.rs:46:5\n   |\n46 |     NPCLOD,\n   |     ^^^^^^\n\n","$message_type":"diagnostic","children":[],"code":{"code":"missing_docs","explanation":null},"level":"warning","message":"missing documentation for a variant","spans":[{"byte_end":1234,"byte_start":1228,"column_end":11,"column_start":5,"expansion":null,"file_name":"gameplay_sim/src/systems/timing_service.rs","is_primary":true,"label":null,"line_end":46,"line_start":46,"suggested_replacement":null,"suggestion_applicability":null,"text":[{"highlight_end":11,"highlight_start":5,"text":"    NPCLOD,"}]}]}}
{"reason":"compiler-message","package_id":"path+file:///Users/bradyjeong/Documents/Projects/Amp/gta4/gta_game/gameplay_sim#0.1.0","manifest_path":"/Users/bradyjeong/Documents/Projects/Amp/gta4/gta_game/gameplay_sim/Cargo.toml","target":{"kind":["lib"],"crate_types":["lib"],"name":"gameplay_sim","src_path":"/Users/bradyjeong/Documents/Projects/Amp/gta4/gta_game/gameplay_sim/src/lib.rs","edition":"2021","doc":true,"doctest":true,"test":true},"message":{"rendered":"warning: missing documentation for a variant\n  --> gameplay_sim/src/systems/timing_service.rs:47:5\n   |\n47 |     VehicleLOD,\n   |     ^^^^^^^^^^\n\n","$message_type":"diagnostic","children":[],"code":{"code":"missing_docs","explanation":null},"level":"warning","message":"missing documentation for a variant","spans":[{"byte_end":1250,"byte_start":1240,"column_end":15,"column_start":5,"expansion":null,"file_name":"gameplay_sim/src/systems/timing_service.rs","is_primary":true,"label":null,"line_end":47,"line_start":47,"suggested_replacement":null,"suggestion_applicability":null,"text":[{"highlight_end":15,"highlight_start":5,"text":"    VehicleLOD,"}]}]}}
{"reason":"compiler-message","package_id":"path+file:///Users/bradyjeong/Documents/Projects/Amp/gta4/gta_game/gameplay_sim#0.1.0","manifest_path":"/Users/bradyjeong/Documents/Projects/Amp/gta4/gta_game/gameplay_sim/Cargo.toml","target":{"kind":["lib"],"crate_types":["lib"],"name":"gameplay_sim","src_path":"/Users/bradyjeong/Documents/Projects/Amp/gta4/gta_game/gameplay_sim/src/lib.rs","edition":"2021","doc":true,"doctest":true,"test":true},"message":{"rendered":"warning: missing documentation for a variant\n  --> gameplay_sim/src/systems/timing_service.rs:48:5\n   |\n48 |     VegetationLOD,\n   |     ^^^^^^^^^^^^^\n\n","$message_type":"diagnostic","children":[],"code":{"code":"missing_docs","explanation":null},"level":"warning","message":"missing documentation for a variant","spans":[{"byte_end":1269,"byte_start":1256,"column_end":18,"column_start":5,"expansion":null,"file_name":"gameplay_sim/src/systems/timing_service.rs","is_primary":true,"label":null,"line_end":48,"line_start":48,"suggested_replacement":null,"suggestion_applicability":null,"text":[{"highlight_end":18,"highlight_start":5,"text":"    VegetationLOD,"}]}]}}
{"reason":"compiler-message","package_id":"path+file:///Users/bradyjeong/Documents/Projects/Amp/gta4/gta_game/gameplay_sim#0.1.0","manifest_path":"/Users/bradyjeong/Documents/Projects/Amp/gta4/gta_game/gameplay_sim/Cargo.toml","target":{"kind":["lib"],"crate_types":["lib"],"name":"gameplay_sim","src_path":"/Users/bradyjeong/Documents/Projects/Amp/gta4/gta_game/gameplay_sim/src/lib.rs","edition":"2021","doc":true,"doctest":true,"test":true},"message":{"rendered":"warning: missing documentation for a method\n  --> gameplay_sim/src/systems/timing_service.rs:89:5\n   |\n89 |     pub fn should_run_system(&mut self, system_type: SystemType) -> bool {\n   |     ^^^^^^^^^^^^^^^^^^^^^^^^^^^^^^^^^^^^^^^^^^^^^^^^^^^^^^^^^^^^^^^^^^^^\n\n","$message_type":"diagnostic","children":[],"code":{"code":"missing_docs","explanation":null},"level":"warning","message":"missing documentation for a method","spans":[{"byte_end":2488,"byte_start":2420,"column_end":73,"column_start":5,"expansion":null,"file_name":"gameplay_sim/src/systems/timing_service.rs","is_primary":true,"label":null,"line_end":89,"line_start":89,"suggested_replacement":null,"suggestion_applicability":null,"text":[{"highlight_end":73,"highlight_start":5,"text":"    pub fn should_run_system(&mut self, system_type: SystemType) -> bool {"}]}]}}
{"reason":"compiler-message","package_id":"path+file:///Users/bradyjeong/Documents/Projects/Amp/gta4/gta_game/gameplay_sim#0.1.0","manifest_path":"/Users/bradyjeong/Documents/Projects/Amp/gta4/gta_game/gameplay_sim/Cargo.toml","target":{"kind":["lib"],"crate_types":["lib"],"name":"gameplay_sim","src_path":"/Users/bradyjeong/Documents/Projects/Amp/gta4/gta_game/gameplay_sim/src/lib.rs","edition":"2021","doc":true,"doctest":true,"test":true},"message":{"rendered":"warning: missing documentation for a method\n   --> gameplay_sim/src/systems/timing_service.rs:101:5\n    |\n101 |     pub fn register_entity(&mut self, entity: Entity, timer_type: EntityTimerType, interval: f32) {\n    |     ^^^^^^^^^^^^^^^^^^^^^^^^^^^^^^^^^^^^^^^^^^^^^^^^^^^^^^^^^^^^^^^^^^^^^^^^^^^^^^^^^^^^^^^^^^^^^\n\n","$message_type":"diagnostic","children":[],"code":{"code":"missing_docs","explanation":null},"level":"warning","message":"missing documentation for a method","spans":[{"byte_end":2972,"byte_start":2879,"column_end":98,"column_start":5,"expansion":null,"file_name":"gameplay_sim/src/systems/timing_service.rs","is_primary":true,"label":null,"line_end":101,"line_start":101,"suggested_replacement":null,"suggestion_applicability":null,"text":[{"highlight_end":98,"highlight_start":5,"text":"    pub fn register_entity(&mut self, entity: Entity, timer_type: EntityTimerType, interval: f32) {"}]}]}}
{"reason":"compiler-message","package_id":"path+file:///Users/bradyjeong/Documents/Projects/Amp/gta4/gta_game/gameplay_sim#0.1.0","manifest_path":"/Users/bradyjeong/Documents/Projects/Amp/gta4/gta_game/gameplay_sim/Cargo.toml","target":{"kind":["lib"],"crate_types":["lib"],"name":"gameplay_sim","src_path":"/Users/bradyjeong/Documents/Projects/Amp/gta4/gta_game/gameplay_sim/src/lib.rs","edition":"2021","doc":true,"doctest":true,"test":true},"message":{"rendered":"warning: missing documentation for a method\n   --> gameplay_sim/src/systems/timing_service.rs:110:5\n    |\n110 |     pub fn should_update_entity(&mut self, entity: Entity) -> bool {\n    |     ^^^^^^^^^^^^^^^^^^^^^^^^^^^^^^^^^^^^^^^^^^^^^^^^^^^^^^^^^^^^^^\n\n","$message_type":"diagnostic","children":[],"code":{"code":"missing_docs","explanation":null},"level":"warning","message":"missing documentation for a method","spans":[{"byte_end":3237,"byte_start":3175,"column_end":67,"column_start":5,"expansion":null,"file_name":"gameplay_sim/src/systems/timing_service.rs","is_primary":true,"label":null,"line_end":110,"line_start":110,"suggested_replacement":null,"suggestion_applicability":null,"text":[{"highlight_end":67,"highlight_start":5,"text":"    pub fn should_update_entity(&mut self, entity: Entity) -> bool {"}]}]}}
{"reason":"compiler-message","package_id":"path+file:///Users/bradyjeong/Documents/Projects/Amp/gta4/gta_game/gameplay_sim#0.1.0","manifest_path":"/Users/bradyjeong/Documents/Projects/Amp/gta4/gta_game/gameplay_sim/Cargo.toml","target":{"kind":["lib"],"crate_types":["lib"],"name":"gameplay_sim","src_path":"/Users/bradyjeong/Documents/Projects/Amp/gta4/gta_game/gameplay_sim/src/lib.rs","edition":"2021","doc":true,"doctest":true,"test":true},"message":{"rendered":"warning: missing documentation for a method\n   --> gameplay_sim/src/systems/timing_service.rs:123:5\n    |\n123 |     pub fn unregister_entity(&mut self, entity: Entity) {\n    |     ^^^^^^^^^^^^^^^^^^^^^^^^^^^^^^^^^^^^^^^^^^^^^^^^^^^\n\n","$message_type":"diagnostic","children":[],"code":{"code":"missing_docs","explanation":null},"level":"warning","message":"missing documentation for a method","spans":[{"byte_end":3656,"byte_start":3605,"column_end":56,"column_start":5,"expansion":null,"file_name":"gameplay_sim/src/systems/timing_service.rs","is_primary":true,"label":null,"line_end":123,"line_start":123,"suggested_replacement":null,"suggestion_applicability":null,"text":[{"highlight_end":56,"highlight_start":5,"text":"    pub fn unregister_entity(&mut self, entity: Entity) {"}]}]}}
{"reason":"compiler-message","package_id":"path+file:///Users/bradyjeong/Documents/Projects/Amp/gta4/gta_game/gameplay_sim#0.1.0","manifest_path":"/Users/bradyjeong/Documents/Projects/Amp/gta4/gta_game/gameplay_sim/Cargo.toml","target":{"kind":["lib"],"crate_types":["lib"],"name":"gameplay_sim","src_path":"/Users/bradyjeong/Documents/Projects/Amp/gta4/gta_game/gameplay_sim/src/lib.rs","edition":"2021","doc":true,"doctest":true,"test":true},"message":{"rendered":"warning: missing documentation for a method\n   --> gameplay_sim/src/systems/timing_service.rs:127:5\n    |\n127 |     pub fn set_system_interval(&mut self, system_type: SystemType, interval: f32) {\n    |     ^^^^^^^^^^^^^^^^^^^^^^^^^^^^^^^^^^^^^^^^^^^^^^^^^^^^^^^^^^^^^^^^^^^^^^^^^^^^^\n\n","$message_type":"diagnostic","children":[],"code":{"code":"missing_docs","explanation":null},"level":"warning","message":"missing documentation for a method","spans":[{"byte_end":3795,"byte_start":3718,"column_end":82,"column_start":5,"expansion":null,"file_name":"gameplay_sim/src/systems/timing_service.rs","is_primary":true,"label":null,"line_end":127,"line_start":127,"suggested_replacement":null,"suggestion_applicability":null,"text":[{"highlight_end":82,"highlight_start":5,"text":"    pub fn set_system_interval(&mut self, system_type: SystemType, interval: f32) {"}]}]}}
{"reason":"compiler-message","package_id":"path+file:///Users/bradyjeong/Documents/Projects/Amp/gta4/gta_game/gameplay_sim#0.1.0","manifest_path":"/Users/bradyjeong/Documents/Projects/Amp/gta4/gta_game/gameplay_sim/Cargo.toml","target":{"kind":["lib"],"crate_types":["lib"],"name":"gameplay_sim","src_path":"/Users/bradyjeong/Documents/Projects/Amp/gta4/gta_game/gameplay_sim/src/lib.rs","edition":"2021","doc":true,"doctest":true,"test":true},"message":{"rendered":"warning: missing documentation for a method\n   --> gameplay_sim/src/systems/timing_service.rs:131:5\n    |\n131 |     pub fn get_current_time(&self) -> f32 {\n    |     ^^^^^^^^^^^^^^^^^^^^^^^^^^^^^^^^^^^^^\n\n","$message_type":"diagnostic","children":[],"code":{"code":"missing_docs","explanation":null},"level":"warning","message":"missing documentation for a method","spans":[{"byte_end":3911,"byte_start":3874,"column_end":42,"column_start":5,"expansion":null,"file_name":"gameplay_sim/src/systems/timing_service.rs","is_primary":true,"label":null,"line_end":131,"line_start":131,"suggested_replacement":null,"suggestion_applicability":null,"text":[{"highlight_end":42,"highlight_start":5,"text":"    pub fn get_current_time(&self) -> f32 {"}]}]}}
{"reason":"compiler-message","package_id":"path+file:///Users/bradyjeong/Documents/Projects/Amp/gta4/gta_game/gameplay_sim#0.1.0","manifest_path":"/Users/bradyjeong/Documents/Projects/Amp/gta4/gta_game/gameplay_sim/Cargo.toml","target":{"kind":["lib"],"crate_types":["lib"],"name":"gameplay_sim","src_path":"/Users/bradyjeong/Documents/Projects/Amp/gta4/gta_game/gameplay_sim/src/lib.rs","edition":"2021","doc":true,"doctest":true,"test":true},"message":{"rendered":"warning: missing documentation for a method\n   --> gameplay_sim/src/systems/timing_service.rs:135:5\n    |\n135 |     pub fn get_delta_time(&self) -> f32 {\n    |     ^^^^^^^^^^^^^^^^^^^^^^^^^^^^^^^^^^^\n\n","$message_type":"diagnostic","children":[],"code":{"code":"missing_docs","explanation":null},"level":"warning","message":"missing documentation for a method","spans":[{"byte_end":3990,"byte_start":3955,"column_end":40,"column_start":5,"expansion":null,"file_name":"gameplay_sim/src/systems/timing_service.rs","is_primary":true,"label":null,"line_end":135,"line_start":135,"suggested_replacement":null,"suggestion_applicability":null,"text":[{"highlight_end":40,"highlight_start":5,"text":"    pub fn get_delta_time(&self) -> f32 {"}]}]}}
{"reason":"compiler-message","package_id":"path+file:///Users/bradyjeong/Documents/Projects/Amp/gta4/gta_game/gameplay_sim#0.1.0","manifest_path":"/Users/bradyjeong/Documents/Projects/Amp/gta4/gta_game/gameplay_sim/Cargo.toml","target":{"kind":["lib"],"crate_types":["lib"],"name":"gameplay_sim","src_path":"/Users/bradyjeong/Documents/Projects/Amp/gta4/gta_game/gameplay_sim/src/lib.rs","edition":"2021","doc":true,"doctest":true,"test":true},"message":{"rendered":"warning: missing documentation for a method\n   --> gameplay_sim/src/systems/timing_service.rs:139:5\n    |\n139 |     pub fn cleanup_old_timers(&mut self, max_age: f32) {\n    |     ^^^^^^^^^^^^^^^^^^^^^^^^^^^^^^^^^^^^^^^^^^^^^^^^^^\n\n","$message_type":"diagnostic","children":[],"code":{"code":"missing_docs","explanation":null},"level":"warning","message":"missing documentation for a method","spans":[{"byte_end":4082,"byte_start":4032,"column_end":55,"column_start":5,"expansion":null,"file_name":"gameplay_sim/src/systems/timing_service.rs","is_primary":true,"label":null,"line_end":139,"line_start":139,"suggested_replacement":null,"suggestion_applicability":null,"text":[{"highlight_end":55,"highlight_start":5,"text":"    pub fn cleanup_old_timers(&mut self, max_age: f32) {"}]}]}}
{"reason":"compiler-message","package_id":"path+file:///Users/bradyjeong/Documents/Projects/Amp/gta4/gta_game/gameplay_sim#0.1.0","manifest_path":"/Users/bradyjeong/Documents/Projects/Amp/gta4/gta_game/gameplay_sim/Cargo.toml","target":{"kind":["lib"],"crate_types":["lib"],"name":"gameplay_sim","src_path":"/Users/bradyjeong/Documents/Projects/Amp/gta4/gta_game/gameplay_sim/src/lib.rs","edition":"2021","doc":true,"doctest":true,"test":true},"message":{"rendered":"warning: missing documentation for an associated function\n   --> gameplay_sim/src/systems/timing_service.rs:148:5\n    |\n148 |     pub fn new(timer_type: EntityTimerType, interval: f32) -> Self {\n    |     ^^^^^^^^^^^^^^^^^^^^^^^^^^^^^^^^^^^^^^^^^^^^^^^^^^^^^^^^^^^^^^\n\n","$message_type":"diagnostic","children":[],"code":{"code":"missing_docs","explanation":null},"level":"warning","message":"missing documentation for an associated function","spans":[{"byte_end":4339,"byte_start":4277,"column_end":67,"column_start":5,"expansion":null,"file_name":"gameplay_sim/src/systems/timing_service.rs","is_primary":true,"label":null,"line_end":148,"line_start":148,"suggested_replacement":null,"suggestion_applicability":null,"text":[{"highlight_end":67,"highlight_start":5,"text":"    pub fn new(timer_type: EntityTimerType, interval: f32) -> Self {"}]}]}}
{"reason":"compiler-message","package_id":"path+file:///Users/bradyjeong/Documents/Projects/Amp/gta4/gta_game/gameplay_sim#0.1.0","manifest_path":"/Users/bradyjeong/Documents/Projects/Amp/gta4/gta_game/gameplay_sim/Cargo.toml","target":{"kind":["lib"],"crate_types":["lib"],"name":"gameplay_sim","src_path":"/Users/bradyjeong/Documents/Projects/Amp/gta4/gta_game/gameplay_sim/src/lib.rs","edition":"2021","doc":true,"doctest":true,"test":true},"message":{"rendered":"warning: missing documentation for a function\n   --> gameplay_sim/src/systems/timing_service.rs:157:1\n    |\n157 | / pub fn timing_service_update_system(\n158 | |     mut timing_service: ResMut<TimingService>,\n159 | |     time: Res<Time>,\n160 | | ) {\n    | |_^\n\n","$message_type":"diagnostic","children":[],"code":{"code":"missing_docs","explanation":null},"level":"warning","message":"missing documentation for a function","spans":[{"byte_end":4558,"byte_start":4452,"column_end":2,"column_start":1,"expansion":null,"file_name":"gameplay_sim/src/systems/timing_service.rs","is_primary":true,"label":null,"line_end":160,"line_start":157,"suggested_replacement":null,"suggestion_applicability":null,"text":[{"highlight_end":37,"highlight_start":1,"text":"pub fn timing_service_update_system("},{"highlight_end":47,"highlight_start":1,"text":"    mut timing_service: ResMut<TimingService>,"},{"highlight_end":21,"highlight_start":1,"text":"    time: Res<Time>,"},{"highlight_end":2,"highlight_start":1,"text":") {"}]}]}}
{"reason":"compiler-message","package_id":"path+file:///Users/bradyjeong/Documents/Projects/Amp/gta4/gta_game/gameplay_sim#0.1.0","manifest_path":"/Users/bradyjeong/Documents/Projects/Amp/gta4/gta_game/gameplay_sim/Cargo.toml","target":{"kind":["lib"],"crate_types":["lib"],"name":"gameplay_sim","src_path":"/Users/bradyjeong/Documents/Projects/Amp/gta4/gta_game/gameplay_sim/src/lib.rs","edition":"2021","doc":true,"doctest":true,"test":true},"message":{"rendered":"warning: missing documentation for a function\n   --> gameplay_sim/src/systems/timing_service.rs:164:1\n    |\n164 | / pub fn timing_service_cleanup_system(\n165 | |     mut timing_service: ResMut<TimingService>,\n166 | | ) {\n    | |_^\n\n","$message_type":"diagnostic","children":[],"code":{"code":"missing_docs","explanation":null},"level":"warning","message":"missing documentation for a function","spans":[{"byte_end":4684,"byte_start":4598,"column_end":2,"column_start":1,"expansion":null,"file_name":"gameplay_sim/src/systems/timing_service.rs","is_primary":true,"label":null,"line_end":166,"line_start":164,"suggested_replacement":null,"suggestion_applicability":null,"text":[{"highlight_end":38,"highlight_start":1,"text":"pub fn timing_service_cleanup_system("},{"highlight_end":47,"highlight_start":1,"text":"    mut timing_service: ResMut<TimingService>,"},{"highlight_end":2,"highlight_start":1,"text":") {"}]}]}}
{"reason":"compiler-message","package_id":"path+file:///Users/bradyjeong/Documents/Projects/Amp/gta4/gta_game/gameplay_sim#0.1.0","manifest_path":"/Users/bradyjeong/Documents/Projects/Amp/gta4/gta_game/gameplay_sim/Cargo.toml","target":{"kind":["lib"],"crate_types":["lib"],"name":"gameplay_sim","src_path":"/Users/bradyjeong/Documents/Projects/Amp/gta4/gta_game/gameplay_sim/src/lib.rs","edition":"2021","doc":true,"doctest":true,"test":true},"message":{"rendered":"warning: missing documentation for a function\n   --> gameplay_sim/src/systems/timing_service.rs:172:1\n    |\n172 | pub fn update_timing_service() {\n    | ^^^^^^^^^^^^^^^^^^^^^^^^^^^^^^\n\n","$message_type":"diagnostic","children":[],"code":{"code":"missing_docs","explanation":null},"level":"warning","message":"missing documentation for a function","spans":[{"byte_end":4850,"byte_start":4820,"column_end":31,"column_start":1,"expansion":null,"file_name":"gameplay_sim/src/systems/timing_service.rs","is_primary":true,"label":null,"line_end":172,"line_start":172,"suggested_replacement":null,"suggestion_applicability":null,"text":[{"highlight_end":31,"highlight_start":1,"text":"pub fn update_timing_service() {"}]}]}}
{"reason":"compiler-message","package_id":"path+file:///Users/bradyjeong/Documents/Projects/Amp/gta4/gta_game/gameplay_sim#0.1.0","manifest_path":"/Users/bradyjeong/Documents/Projects/Amp/gta4/gta_game/gameplay_sim/Cargo.toml","target":{"kind":["lib"],"crate_types":["lib"],"name":"gameplay_sim","src_path":"/Users/bradyjeong/Documents/Projects/Amp/gta4/gta_game/gameplay_sim/src/lib.rs","edition":"2021","doc":true,"doctest":true,"test":true},"message":{"rendered":"warning: missing documentation for a function\n   --> gameplay_sim/src/systems/timing_service.rs:176:1\n    |\n176 | pub fn cleanup_timing_service() {\n    | ^^^^^^^^^^^^^^^^^^^^^^^^^^^^^^^\n\n","$message_type":"diagnostic","children":[],"code":{"code":"missing_docs","explanation":null},"level":"warning","message":"missing documentation for a function","spans":[{"byte_end":4945,"byte_start":4914,"column_end":32,"column_start":1,"expansion":null,"file_name":"gameplay_sim/src/systems/timing_service.rs","is_primary":true,"label":null,"line_end":176,"line_start":176,"suggested_replacement":null,"suggestion_applicability":null,"text":[{"highlight_end":32,"highlight_start":1,"text":"pub fn cleanup_timing_service() {"}]}]}}
{"reason":"compiler-message","package_id":"path+file:///Users/bradyjeong/Documents/Projects/Amp/gta4/gta_game/gameplay_sim#0.1.0","manifest_path":"/Users/bradyjeong/Documents/Projects/Amp/gta4/gta_game/gameplay_sim/Cargo.toml","target":{"kind":["lib"],"crate_types":["lib"],"name":"gameplay_sim","src_path":"/Users/bradyjeong/Documents/Projects/Amp/gta4/gta_game/gameplay_sim/src/lib.rs","edition":"2021","doc":true,"doctest":true,"test":true},"message":{"rendered":"warning: missing documentation for a struct\n   --> gameplay_sim/src/systems/timing_service.rs:182:1\n    |\n182 | pub struct ManagedTiming {\n    | ^^^^^^^^^^^^^^^^^^^^^^^^\n\n","$message_type":"diagnostic","children":[],"code":{"code":"missing_docs","explanation":null},"level":"warning","message":"missing documentation for a struct","spans":[{"byte_end":5116,"byte_start":5092,"column_end":25,"column_start":1,"expansion":null,"file_name":"gameplay_sim/src/systems/timing_service.rs","is_primary":true,"label":null,"line_end":182,"line_start":182,"suggested_replacement":null,"suggestion_applicability":null,"text":[{"highlight_end":25,"highlight_start":1,"text":"pub struct ManagedTiming {"}]}]}}
{"reason":"compiler-message","package_id":"path+file:///Users/bradyjeong/Documents/Projects/Amp/gta4/gta_game/gameplay_sim#0.1.0","manifest_path":"/Users/bradyjeong/Documents/Projects/Amp/gta4/gta_game/gameplay_sim/Cargo.toml","target":{"kind":["lib"],"crate_types":["lib"],"name":"gameplay_sim","src_path":"/Users/bradyjeong/Documents/Projects/Amp/gta4/gta_game/gameplay_sim/src/lib.rs","edition":"2021","doc":true,"doctest":true,"test":true},"message":{"rendered":"warning: missing documentation for a struct field\n   --> gameplay_sim/src/systems/timing_service.rs:183:5\n    |\n183 |     pub last_update: f32,\n    |     ^^^^^^^^^^^^^^^^^^^^\n\n","$message_type":"diagnostic","children":[],"code":{"code":"missing_docs","explanation":null},"level":"warning","message":"missing documentation for a struct field","spans":[{"byte_end":5143,"byte_start":5123,"column_end":25,"column_start":5,"expansion":null,"file_name":"gameplay_sim/src/systems/timing_service.rs","is_primary":true,"label":null,"line_end":183,"line_start":183,"suggested_replacement":null,"suggestion_applicability":null,"text":[{"highlight_end":25,"highlight_start":5,"text":"    pub last_update: f32,"}]}]}}
{"reason":"compiler-message","package_id":"path+file:///Users/bradyjeong/Documents/Projects/Amp/gta4/gta_game/gameplay_sim#0.1.0","manifest_path":"/Users/bradyjeong/Documents/Projects/Amp/gta4/gta_game/gameplay_sim/Cargo.toml","target":{"kind":["lib"],"crate_types":["lib"],"name":"gameplay_sim","src_path":"/Users/bradyjeong/Documents/Projects/Amp/gta4/gta_game/gameplay_sim/src/lib.rs","edition":"2021","doc":true,"doctest":true,"test":true},"message":{"rendered":"warning: missing documentation for a struct field\n   --> gameplay_sim/src/systems/timing_service.rs:184:5\n    |\n184 |     pub update_interval: f32,\n    |     ^^^^^^^^^^^^^^^^^^^^^^^^\n\n","$message_type":"diagnostic","children":[],"code":{"code":"missing_docs","explanation":null},"level":"warning","message":"missing documentation for a struct field","spans":[{"byte_end":5173,"byte_start":5149,"column_end":29,"column_start":5,"expansion":null,"file_name":"gameplay_sim/src/systems/timing_service.rs","is_primary":true,"label":null,"line_end":184,"line_start":184,"suggested_replacement":null,"suggestion_applicability":null,"text":[{"highlight_end":29,"highlight_start":5,"text":"    pub update_interval: f32,"}]}]}}
{"reason":"compiler-message","package_id":"path+file:///Users/bradyjeong/Documents/Projects/Amp/gta4/gta_game/gameplay_sim#0.1.0","manifest_path":"/Users/bradyjeong/Documents/Projects/Amp/gta4/gta_game/gameplay_sim/Cargo.toml","target":{"kind":["lib"],"crate_types":["lib"],"name":"gameplay_sim","src_path":"/Users/bradyjeong/Documents/Projects/Amp/gta4/gta_game/gameplay_sim/src/lib.rs","edition":"2021","doc":true,"doctest":true,"test":true},"message":{"rendered":"warning: missing documentation for a struct field\n   --> gameplay_sim/src/systems/timing_service.rs:185:5\n    |\n185 |     pub timer_type: EntityTimerType,\n    |     ^^^^^^^^^^^^^^^^^^^^^^^^^^^^^^^\n\n","$message_type":"diagnostic","children":[],"code":{"code":"missing_docs","explanation":null},"level":"warning","message":"missing documentation for a struct field","spans":[{"byte_end":5210,"byte_start":5179,"column_end":36,"column_start":5,"expansion":null,"file_name":"gameplay_sim/src/systems/timing_service.rs","is_primary":true,"label":null,"line_end":185,"line_start":185,"suggested_replacement":null,"suggestion_applicability":null,"text":[{"highlight_end":36,"highlight_start":5,"text":"    pub timer_type: EntityTimerType,"}]}]}}
{"reason":"compiler-message","package_id":"path+file:///Users/bradyjeong/Documents/Projects/Amp/gta4/gta_game/gameplay_sim#0.1.0","manifest_path":"/Users/bradyjeong/Documents/Projects/Amp/gta4/gta_game/gameplay_sim/Cargo.toml","target":{"kind":["lib"],"crate_types":["lib"],"name":"gameplay_sim","src_path":"/Users/bradyjeong/Documents/Projects/Amp/gta4/gta_game/gameplay_sim/src/lib.rs","edition":"2021","doc":true,"doctest":true,"test":true},"message":{"rendered":"warning: missing documentation for an associated function\n   --> gameplay_sim/src/systems/timing_service.rs:199:5\n    |\n199 |     pub fn new(timer_type: EntityTimerType) -> Self {\n    |     ^^^^^^^^^^^^^^^^^^^^^^^^^^^^^^^^^^^^^^^^^^^^^^^\n\n","$message_type":"diagnostic","children":[],"code":{"code":"missing_docs","explanation":null},"level":"warning","message":"missing documentation for an associated function","spans":[{"byte_end":5496,"byte_start":5449,"column_end":52,"column_start":5,"expansion":null,"file_name":"gameplay_sim/src/systems/timing_service.rs","is_primary":true,"label":null,"line_end":199,"line_start":199,"suggested_replacement":null,"suggestion_applicability":null,"text":[{"highlight_end":52,"highlight_start":5,"text":"    pub fn new(timer_type: EntityTimerType) -> Self {"}]}]}}
{"reason":"compiler-message","package_id":"path+file:///Users/bradyjeong/Documents/Projects/Amp/gta4/gta_game/gameplay_sim#0.1.0","manifest_path":"/Users/bradyjeong/Documents/Projects/Amp/gta4/gta_game/gameplay_sim/Cargo.toml","target":{"kind":["lib"],"crate_types":["lib"],"name":"gameplay_sim","src_path":"/Users/bradyjeong/Documents/Projects/Amp/gta4/gta_game/gameplay_sim/src/lib.rs","edition":"2021","doc":true,"doctest":true,"test":true},"message":{"rendered":"warning: missing documentation for a function\n --> gameplay_sim/src/systems/performance_monitor.rs:6:1\n  |\n6 | pub fn setup_performance_monitor() {\n  | ^^^^^^^^^^^^^^^^^^^^^^^^^^^^^^^^^^\n\n","$message_type":"diagnostic","children":[],"code":{"code":"missing_docs","explanation":null},"level":"warning","message":"missing documentation for a function","spans":[{"byte_end":153,"byte_start":119,"column_end":35,"column_start":1,"expansion":null,"file_name":"gameplay_sim/src/systems/performance_monitor.rs","is_primary":true,"label":null,"line_end":6,"line_start":6,"suggested_replacement":null,"suggestion_applicability":null,"text":[{"highlight_end":35,"highlight_start":1,"text":"pub fn setup_performance_monitor() {"}]}]}}
{"reason":"compiler-message","package_id":"path+file:///Users/bradyjeong/Documents/Projects/Amp/gta4/gta_game/gameplay_sim#0.1.0","manifest_path":"/Users/bradyjeong/Documents/Projects/Amp/gta4/gta_game/gameplay_sim/Cargo.toml","target":{"kind":["lib"],"crate_types":["lib"],"name":"gameplay_sim","src_path":"/Users/bradyjeong/Documents/Projects/Amp/gta4/gta_game/gameplay_sim/src/lib.rs","edition":"2021","doc":true,"doctest":true,"test":true},"message":{"rendered":"warning: missing documentation for a struct\n  --> gameplay_sim/src/systems/performance_monitor.rs:10:1\n   |\n10 | pub struct PerformanceMonitor;\n   | ^^^^^^^^^^^^^^^^^^^^^^^^^^^^^\n\n","$message_type":"diagnostic","children":[],"code":{"code":"missing_docs","explanation":null},"level":"warning","message":"missing documentation for a struct","spans":[{"byte_end":246,"byte_start":217,"column_end":30,"column_start":1,"expansion":null,"file_name":"gameplay_sim/src/systems/performance_monitor.rs","is_primary":true,"label":null,"line_end":10,"line_start":10,"suggested_replacement":null,"suggestion_applicability":null,"text":[{"highlight_end":30,"highlight_start":1,"text":"pub struct PerformanceMonitor;"}]}]}}
{"reason":"compiler-message","package_id":"path+file:///Users/bradyjeong/Documents/Projects/Amp/gta4/gta_game/gameplay_sim#0.1.0","manifest_path":"/Users/bradyjeong/Documents/Projects/Amp/gta4/gta_game/gameplay_sim/Cargo.toml","target":{"kind":["lib"],"crate_types":["lib"],"name":"gameplay_sim","src_path":"/Users/bradyjeong/Documents/Projects/Amp/gta4/gta_game/gameplay_sim/src/lib.rs","edition":"2021","doc":true,"doctest":true,"test":true},"message":{"rendered":"warning: missing documentation for a struct\n --> gameplay_sim/src/systems/audio.rs:7:1\n  |\n7 | pub struct FootstepTimer {\n  | ^^^^^^^^^^^^^^^^^^^^^^^^\n\n","$message_type":"diagnostic","children":[],"code":{"code":"missing_docs","explanation":null},"level":"warning","message":"missing documentation for a struct","spans":[{"byte_end":139,"byte_start":115,"column_end":25,"column_start":1,"expansion":null,"file_name":"gameplay_sim/src/systems/audio.rs","is_primary":true,"label":null,"line_end":7,"line_start":7,"suggested_replacement":null,"suggestion_applicability":null,"text":[{"highlight_end":25,"highlight_start":1,"text":"pub struct FootstepTimer {"}]}]}}
{"reason":"compiler-message","package_id":"path+file:///Users/bradyjeong/Documents/Projects/Amp/gta4/gta_game/gameplay_sim#0.1.0","manifest_path":"/Users/bradyjeong/Documents/Projects/Amp/gta4/gta_game/gameplay_sim/Cargo.toml","target":{"kind":["lib"],"crate_types":["lib"],"name":"gameplay_sim","src_path":"/Users/bradyjeong/Documents/Projects/Amp/gta4/gta_game/gameplay_sim/src/lib.rs","edition":"2021","doc":true,"doctest":true,"test":true},"message":{"rendered":"warning: missing documentation for a struct field\n --> gameplay_sim/src/systems/audio.rs:8:5\n  |\n8 |     pub timer: f32,\n  |     ^^^^^^^^^^^^^^\n\n","$message_type":"diagnostic","children":[],"code":{"code":"missing_docs","explanation":null},"level":"warning","message":"missing documentation for a struct field","spans":[{"byte_end":160,"byte_start":146,"column_end":19,"column_start":5,"expansion":null,"file_name":"gameplay_sim/src/systems/audio.rs","is_primary":true,"label":null,"line_end":8,"line_start":8,"suggested_replacement":null,"suggestion_applicability":null,"text":[{"highlight_end":19,"highlight_start":5,"text":"    pub timer: f32,"}]}]}}
{"reason":"compiler-message","package_id":"path+file:///Users/bradyjeong/Documents/Projects/Amp/gta4/gta_game/gameplay_sim#0.1.0","manifest_path":"/Users/bradyjeong/Documents/Projects/Amp/gta4/gta_game/gameplay_sim/Cargo.toml","target":{"kind":["lib"],"crate_types":["lib"],"name":"gameplay_sim","src_path":"/Users/bradyjeong/Documents/Projects/Amp/gta4/gta_game/gameplay_sim/src/lib.rs","edition":"2021","doc":true,"doctest":true,"test":true},"message":{"rendered":"warning: missing documentation for a struct field\n --> gameplay_sim/src/systems/audio.rs:9:5\n  |\n9 |     pub interval: f32,\n  |     ^^^^^^^^^^^^^^^^^\n\n","$message_type":"diagnostic","children":[],"code":{"code":"missing_docs","explanation":null},"level":"warning","message":"missing documentation for a struct field","spans":[{"byte_end":183,"byte_start":166,"column_end":22,"column_start":5,"expansion":null,"file_name":"gameplay_sim/src/systems/audio.rs","is_primary":true,"label":null,"line_end":9,"line_start":9,"suggested_replacement":null,"suggestion_applicability":null,"text":[{"highlight_end":22,"highlight_start":5,"text":"    pub interval: f32,"}]}]}}
{"reason":"compiler-message","package_id":"path+file:///Users/bradyjeong/Documents/Projects/Amp/gta4/gta_game/gameplay_sim#0.1.0","manifest_path":"/Users/bradyjeong/Documents/Projects/Amp/gta4/gta_game/gameplay_sim/Cargo.toml","target":{"kind":["lib"],"crate_types":["lib"],"name":"gameplay_sim","src_path":"/Users/bradyjeong/Documents/Projects/Amp/gta4/gta_game/gameplay_sim/src/lib.rs","edition":"2021","doc":true,"doctest":true,"test":true},"message":{"rendered":"warning: missing documentation for a function\n  --> gameplay_sim/src/systems/audio.rs:12:1\n   |\n12 | pub fn setup_audio() {\n   | ^^^^^^^^^^^^^^^^^^^^\n\n","$message_type":"diagnostic","children":[],"code":{"code":"missing_docs","explanation":null},"level":"warning","message":"missing documentation for a function","spans":[{"byte_end":208,"byte_start":188,"column_end":21,"column_start":1,"expansion":null,"file_name":"gameplay_sim/src/systems/audio.rs","is_primary":true,"label":null,"line_end":12,"line_start":12,"suggested_replacement":null,"suggestion_applicability":null,"text":[{"highlight_end":21,"highlight_start":1,"text":"pub fn setup_audio() {"}]}]}}
{"reason":"compiler-message","package_id":"path+file:///Users/bradyjeong/Documents/Projects/Amp/gta4/gta_game/gameplay_sim#0.1.0","manifest_path":"/Users/bradyjeong/Documents/Projects/Amp/gta4/gta_game/gameplay_sim/Cargo.toml","target":{"kind":["lib"],"crate_types":["lib"],"name":"gameplay_sim","src_path":"/Users/bradyjeong/Documents/Projects/Amp/gta4/gta_game/gameplay_sim/src/lib.rs","edition":"2021","doc":true,"doctest":true,"test":true},"message":{"rendered":"warning: missing documentation for a struct\n  --> gameplay_sim/src/systems/audio.rs:16:1\n   |\n16 | pub struct AudioSystem;\n   | ^^^^^^^^^^^^^^^^^^^^^^\n\n","$message_type":"diagnostic","children":[],"code":{"code":"missing_docs","explanation":null},"level":"warning","message":"missing documentation for a struct","spans":[{"byte_end":280,"byte_start":258,"column_end":23,"column_start":1,"expansion":null,"file_name":"gameplay_sim/src/systems/audio.rs","is_primary":true,"label":null,"line_end":16,"line_start":16,"suggested_replacement":null,"suggestion_applicability":null,"text":[{"highlight_end":23,"highlight_start":1,"text":"pub struct AudioSystem;"}]}]}}
{"reason":"compiler-message","package_id":"path+file:///Users/bradyjeong/Documents/Projects/Amp/gta4/gta_game/gameplay_sim#0.1.0","manifest_path":"/Users/bradyjeong/Documents/Projects/Amp/gta4/gta_game/gameplay_sim/Cargo.toml","target":{"kind":["lib"],"crate_types":["lib"],"name":"gameplay_sim","src_path":"/Users/bradyjeong/Documents/Projects/Amp/gta4/gta_game/gameplay_sim/src/lib.rs","edition":"2021","doc":true,"doctest":true,"test":true},"message":{"rendered":"warning: missing documentation for a function\n  --> gameplay_sim/src/systems/audio.rs:24:1\n   |\n24 | pub fn footstep_system() {\n   | ^^^^^^^^^^^^^^^^^^^^^^^^\n\n","$message_type":"diagnostic","children":[],"code":{"code":"missing_docs","explanation":null},"level":"warning","message":"missing documentation for a function","spans":[{"byte_end":430,"byte_start":406,"column_end":25,"column_start":1,"expansion":null,"file_name":"gameplay_sim/src/systems/audio.rs","is_primary":true,"label":null,"line_end":24,"line_start":24,"suggested_replacement":null,"suggestion_applicability":null,"text":[{"highlight_end":25,"highlight_start":1,"text":"pub fn footstep_system() {"}]}]}}
{"reason":"compiler-message","package_id":"path+file:///Users/bradyjeong/Documents/Projects/Amp/gta4/gta_game/gameplay_sim#0.1.0","manifest_path":"/Users/bradyjeong/Documents/Projects/Amp/gta4/gta_game/gameplay_sim/Cargo.toml","target":{"kind":["lib"],"crate_types":["lib"],"name":"gameplay_sim","src_path":"/Users/bradyjeong/Documents/Projects/Amp/gta4/gta_game/gameplay_sim/src/lib.rs","edition":"2021","doc":true,"doctest":true,"test":true},"message":{"rendered":"warning: missing documentation for a function\n  --> gameplay_sim/src/systems/audio.rs:28:1\n   |\n28 | pub fn cleanup_footstep_sounds() {\n   | ^^^^^^^^^^^^^^^^^^^^^^^^^^^^^^^^\n\n","$message_type":"diagnostic","children":[],"code":{"code":"missing_docs","explanation":null},"level":"warning","message":"missing documentation for a function","spans":[{"byte_end":516,"byte_start":484,"column_end":33,"column_start":1,"expansion":null,"file_name":"gameplay_sim/src/systems/audio.rs","is_primary":true,"label":null,"line_end":28,"line_start":28,"suggested_replacement":null,"suggestion_applicability":null,"text":[{"highlight_end":33,"highlight_start":1,"text":"pub fn cleanup_footstep_sounds() {"}]}]}}
{"reason":"compiler-message","package_id":"path+file:///Users/bradyjeong/Documents/Projects/Amp/gta4/gta_game/gameplay_sim#0.1.0","manifest_path":"/Users/bradyjeong/Documents/Projects/Amp/gta4/gta_game/gameplay_sim/Cargo.toml","target":{"kind":["lib"],"crate_types":["lib"],"name":"gameplay_sim","src_path":"/Users/bradyjeong/Documents/Projects/Amp/gta4/gta_game/gameplay_sim/src/lib.rs","edition":"2021","doc":true,"doctest":true,"test":true},"message":{"rendered":"warning: missing documentation for a function\n --> gameplay_sim/src/systems/persistence.rs:7:1\n  |\n7 | pub fn setup_persistence() {\n  | ^^^^^^^^^^^^^^^^^^^^^^^^^^\n\n","$message_type":"diagnostic","children":[],"code":{"code":"missing_docs","explanation":null},"level":"warning","message":"missing documentation for a function","spans":[{"byte_end":150,"byte_start":124,"column_end":27,"column_start":1,"expansion":null,"file_name":"gameplay_sim/src/systems/persistence.rs","is_primary":true,"label":null,"line_end":7,"line_start":7,"suggested_replacement":null,"suggestion_applicability":null,"text":[{"highlight_end":27,"highlight_start":1,"text":"pub fn setup_persistence() {"}]}]}}
{"reason":"compiler-message","package_id":"path+file:///Users/bradyjeong/Documents/Projects/Amp/gta4/gta_game/gameplay_sim#0.1.0","manifest_path":"/Users/bradyjeong/Documents/Projects/Amp/gta4/gta_game/gameplay_sim/Cargo.toml","target":{"kind":["lib"],"crate_types":["lib"],"name":"gameplay_sim","src_path":"/Users/bradyjeong/Documents/Projects/Amp/gta4/gta_game/gameplay_sim/src/lib.rs","edition":"2021","doc":true,"doctest":true,"test":true},"message":{"rendered":"warning: missing documentation for a function\n  --> gameplay_sim/src/systems/persistence.rs:12:1\n   |\n12 | pub fn save_game_system() {\n   | ^^^^^^^^^^^^^^^^^^^^^^^^^\n\n","$message_type":"diagnostic","children":[],"code":{"code":"missing_docs","explanation":null},"level":"warning","message":"missing documentation for a function","spans":[{"byte_end":292,"byte_start":267,"column_end":26,"column_start":1,"expansion":null,"file_name":"gameplay_sim/src/systems/persistence.rs","is_primary":true,"label":null,"line_end":12,"line_start":12,"suggested_replacement":null,"suggestion_applicability":null,"text":[{"highlight_end":26,"highlight_start":1,"text":"pub fn save_game_system() {"}]}]}}
{"reason":"compiler-message","package_id":"path+file:///Users/bradyjeong/Documents/Projects/Amp/gta4/gta_game/gameplay_sim#0.1.0","manifest_path":"/Users/bradyjeong/Documents/Projects/Amp/gta4/gta_game/gameplay_sim/Cargo.toml","target":{"kind":["lib"],"crate_types":["lib"],"name":"gameplay_sim","src_path":"/Users/bradyjeong/Documents/Projects/Amp/gta4/gta_game/gameplay_sim/src/lib.rs","edition":"2021","doc":true,"doctest":true,"test":true},"message":{"rendered":"warning: missing documentation for a function\n  --> gameplay_sim/src/systems/persistence.rs:16:1\n   |\n16 | pub fn load_game_system() {\n   | ^^^^^^^^^^^^^^^^^^^^^^^^^\n\n","$message_type":"diagnostic","children":[],"code":{"code":"missing_docs","explanation":null},"level":"warning","message":"missing documentation for a function","spans":[{"byte_end":363,"byte_start":338,"column_end":26,"column_start":1,"expansion":null,"file_name":"gameplay_sim/src/systems/persistence.rs","is_primary":true,"label":null,"line_end":16,"line_start":16,"suggested_replacement":null,"suggestion_applicability":null,"text":[{"highlight_end":26,"highlight_start":1,"text":"pub fn load_game_system() {"}]}]}}
{"reason":"compiler-message","package_id":"path+file:///Users/bradyjeong/Documents/Projects/Amp/gta4/gta_game/gameplay_sim#0.1.0","manifest_path":"/Users/bradyjeong/Documents/Projects/Amp/gta4/gta_game/gameplay_sim/Cargo.toml","target":{"kind":["lib"],"crate_types":["lib"],"name":"gameplay_sim","src_path":"/Users/bradyjeong/Documents/Projects/Amp/gta4/gta_game/gameplay_sim/src/lib.rs","edition":"2021","doc":true,"doctest":true,"test":true},"message":{"rendered":"warning: missing documentation for a struct\n  --> gameplay_sim/src/systems/persistence.rs:22:1\n   |\n22 | pub struct LoadState {\n   | ^^^^^^^^^^^^^^^^^^^^\n\n","$message_type":"diagnostic","children":[],"code":{"code":"missing_docs","explanation":null},"level":"warning","message":"missing documentation for a struct","spans":[{"byte_end":511,"byte_start":491,"column_end":21,"column_start":1,"expansion":null,"file_name":"gameplay_sim/src/systems/persistence.rs","is_primary":true,"label":null,"line_end":22,"line_start":22,"suggested_replacement":null,"suggestion_applicability":null,"text":[{"highlight_end":21,"highlight_start":1,"text":"pub struct LoadState {"}]}]}}
{"reason":"compiler-message","package_id":"path+file:///Users/bradyjeong/Documents/Projects/Amp/gta4/gta_game/gameplay_sim#0.1.0","manifest_path":"/Users/bradyjeong/Documents/Projects/Amp/gta4/gta_game/gameplay_sim/Cargo.toml","target":{"kind":["lib"],"crate_types":["lib"],"name":"gameplay_sim","src_path":"/Users/bradyjeong/Documents/Projects/Amp/gta4/gta_game/gameplay_sim/src/lib.rs","edition":"2021","doc":true,"doctest":true,"test":true},"message":{"rendered":"warning: missing documentation for a struct field\n  --> gameplay_sim/src/systems/persistence.rs:23:5\n   |\n23 |     pub loading: bool,\n   |     ^^^^^^^^^^^^^^^^^\n\n","$message_type":"diagnostic","children":[],"code":{"code":"missing_docs","explanation":null},"level":"warning","message":"missing documentation for a struct field","spans":[{"byte_end":535,"byte_start":518,"column_end":22,"column_start":5,"expansion":null,"file_name":"gameplay_sim/src/systems/persistence.rs","is_primary":true,"label":null,"line_end":23,"line_start":23,"suggested_replacement":null,"suggestion_applicability":null,"text":[{"highlight_end":22,"highlight_start":5,"text":"    pub loading: bool,"}]}]}}
{"reason":"compiler-message","package_id":"path+file:///Users/bradyjeong/Documents/Projects/Amp/gta4/gta_game/gameplay_sim#0.1.0","manifest_path":"/Users/bradyjeong/Documents/Projects/Amp/gta4/gta_game/gameplay_sim/Cargo.toml","target":{"kind":["lib"],"crate_types":["lib"],"name":"gameplay_sim","src_path":"/Users/bradyjeong/Documents/Projects/Amp/gta4/gta_game/gameplay_sim/src/lib.rs","edition":"2021","doc":true,"doctest":true,"test":true},"message":{"rendered":"warning: missing documentation for a struct field\n  --> gameplay_sim/src/systems/persistence.rs:24:5\n   |\n24 |     pub progress: f32,\n   |     ^^^^^^^^^^^^^^^^^\n\n","$message_type":"diagnostic","children":[],"code":{"code":"missing_docs","explanation":null},"level":"warning","message":"missing documentation for a struct field","spans":[{"byte_end":558,"byte_start":541,"column_end":22,"column_start":5,"expansion":null,"file_name":"gameplay_sim/src/systems/persistence.rs","is_primary":true,"label":null,"line_end":24,"line_start":24,"suggested_replacement":null,"suggestion_applicability":null,"text":[{"highlight_end":22,"highlight_start":5,"text":"    pub progress: f32,"}]}]}}
{"reason":"compiler-message","package_id":"path+file:///Users/bradyjeong/Documents/Projects/Amp/gta4/gta_game/gameplay_sim#0.1.0","manifest_path":"/Users/bradyjeong/Documents/Projects/Amp/gta4/gta_game/gameplay_sim/Cargo.toml","target":{"kind":["lib"],"crate_types":["lib"],"name":"gameplay_sim","src_path":"/Users/bradyjeong/Documents/Projects/Amp/gta4/gta_game/gameplay_sim/src/lib.rs","edition":"2021","doc":true,"doctest":true,"test":true},"message":{"rendered":"warning: missing documentation for a struct\n  --> gameplay_sim/src/systems/persistence.rs:27:1\n   |\n27 | pub struct PersistenceSystem;\n   | ^^^^^^^^^^^^^^^^^^^^^^^^^^^^\n\n","$message_type":"diagnostic","children":[],"code":{"code":"missing_docs","explanation":null},"level":"warning","message":"missing documentation for a struct","spans":[{"byte_end":591,"byte_start":563,"column_end":29,"column_start":1,"expansion":null,"file_name":"gameplay_sim/src/systems/persistence.rs","is_primary":true,"label":null,"line_end":27,"line_start":27,"suggested_replacement":null,"suggestion_applicability":null,"text":[{"highlight_end":29,"highlight_start":1,"text":"pub struct PersistenceSystem;"}]}]}}
{"reason":"compiler-message","package_id":"path+file:///Users/bradyjeong/Documents/Projects/Amp/gta4/gta_game/gameplay_sim#0.1.0","manifest_path":"/Users/bradyjeong/Documents/Projects/Amp/gta4/gta_game/gameplay_sim/Cargo.toml","target":{"kind":["lib"],"crate_types":["lib"],"name":"gameplay_sim","src_path":"/Users/bradyjeong/Documents/Projects/Amp/gta4/gta_game/gameplay_sim/src/lib.rs","edition":"2021","doc":true,"doctest":true,"test":true},"message":{"rendered":"warning: missing documentation for a function\n --> gameplay_sim/src/systems/camera.rs:6:1\n  |\n6 | pub fn setup_camera() {\n  | ^^^^^^^^^^^^^^^^^^^^^\n\n","$message_type":"diagnostic","children":[],"code":{"code":"missing_docs","explanation":null},"level":"warning","message":"missing documentation for a function","spans":[{"byte_end":108,"byte_start":87,"column_end":22,"column_start":1,"expansion":null,"file_name":"gameplay_sim/src/systems/camera.rs","is_primary":true,"label":null,"line_end":6,"line_start":6,"suggested_replacement":null,"suggestion_applicability":null,"text":[{"highlight_end":22,"highlight_start":1,"text":"pub fn setup_camera() {"}]}]}}
{"reason":"compiler-message","package_id":"path+file:///Users/bradyjeong/Documents/Projects/Amp/gta4/gta_game/gameplay_sim#0.1.0","manifest_path":"/Users/bradyjeong/Documents/Projects/Amp/gta4/gta_game/gameplay_sim/Cargo.toml","target":{"kind":["lib"],"crate_types":["lib"],"name":"gameplay_sim","src_path":"/Users/bradyjeong/Documents/Projects/Amp/gta4/gta_game/gameplay_sim/src/lib.rs","edition":"2021","doc":true,"doctest":true,"test":true},"message":{"rendered":"warning: missing documentation for a struct\n  --> gameplay_sim/src/systems/camera.rs:10:1\n   |\n10 | pub struct CameraSystem;\n   | ^^^^^^^^^^^^^^^^^^^^^^^\n\n","$message_type":"diagnostic","children":[],"code":{"code":"missing_docs","explanation":null},"level":"warning","message":"missing documentation for a struct","spans":[{"byte_end":182,"byte_start":159,"column_end":24,"column_start":1,"expansion":null,"file_name":"gameplay_sim/src/systems/camera.rs","is_primary":true,"label":null,"line_end":10,"line_start":10,"suggested_replacement":null,"suggestion_applicability":null,"text":[{"highlight_end":24,"highlight_start":1,"text":"pub struct CameraSystem;"}]}]}}
{"reason":"compiler-message","package_id":"path+file:///Users/bradyjeong/Documents/Projects/Amp/gta4/gta_game/gameplay_sim#0.1.0","manifest_path":"/Users/bradyjeong/Documents/Projects/Amp/gta4/gta_game/gameplay_sim/Cargo.toml","target":{"kind":["lib"],"crate_types":["lib"],"name":"gameplay_sim","src_path":"/Users/bradyjeong/Documents/Projects/Amp/gta4/gta_game/gameplay_sim/src/lib.rs","edition":"2021","doc":true,"doctest":true,"test":true},"message":{"rendered":"warning: missing documentation for a function\n  --> gameplay_sim/src/systems/camera.rs:18:1\n   |\n18 | pub fn camera_follow_system() {\n   | ^^^^^^^^^^^^^^^^^^^^^^^^^^^^^\n\n","$message_type":"diagnostic","children":[],"code":{"code":"missing_docs","explanation":null},"level":"warning","message":"missing documentation for a function","spans":[{"byte_end":339,"byte_start":310,"column_end":30,"column_start":1,"expansion":null,"file_name":"gameplay_sim/src/systems/camera.rs","is_primary":true,"label":null,"line_end":18,"line_start":18,"suggested_replacement":null,"suggestion_applicability":null,"text":[{"highlight_end":30,"highlight_start":1,"text":"pub fn camera_follow_system() {"}]}]}}
{"reason":"compiler-message","package_id":"path+file:///Users/bradyjeong/Documents/Projects/Amp/gta4/gta_game/gameplay_sim#0.1.0","manifest_path":"/Users/bradyjeong/Documents/Projects/Amp/gta4/gta_game/gameplay_sim/Cargo.toml","target":{"kind":["lib"],"crate_types":["lib"],"name":"gameplay_sim","src_path":"/Users/bradyjeong/Documents/Projects/Amp/gta4/gta_game/gameplay_sim/src/lib.rs","edition":"2021","doc":true,"doctest":true,"test":true},"message":{"rendered":"warning: missing documentation for a function\n --> gameplay_sim/src/systems/water.rs:6:1\n  |\n6 | pub fn water_wave_system() {\n  | ^^^^^^^^^^^^^^^^^^^^^^^^^^\n\n","$message_type":"diagnostic","children":[],"code":{"code":"missing_docs","explanation":null},"level":"warning","message":"missing documentation for a function","spans":[{"byte_end":157,"byte_start":131,"column_end":27,"column_start":1,"expansion":null,"file_name":"gameplay_sim/src/systems/water.rs","is_primary":true,"label":null,"line_end":6,"line_start":6,"suggested_replacement":null,"suggestion_applicability":null,"text":[{"highlight_end":27,"highlight_start":1,"text":"pub fn water_wave_system() {"}]}]}}
{"reason":"compiler-message","package_id":"path+file:///Users/bradyjeong/Documents/Projects/Amp/gta4/gta_game/gameplay_sim#0.1.0","manifest_path":"/Users/bradyjeong/Documents/Projects/Amp/gta4/gta_game/gameplay_sim/Cargo.toml","target":{"kind":["lib"],"crate_types":["lib"],"name":"gameplay_sim","src_path":"/Users/bradyjeong/Documents/Projects/Amp/gta4/gta_game/gameplay_sim/src/lib.rs","edition":"2021","doc":true,"doctest":true,"test":true},"message":{"rendered":"warning: missing documentation for a function\n  --> gameplay_sim/src/systems/water.rs:10:1\n   |\n10 | pub fn yacht_buoyancy_system() {\n   | ^^^^^^^^^^^^^^^^^^^^^^^^^^^^^^\n\n","$message_type":"diagnostic","children":[],"code":{"code":"missing_docs","explanation":null},"level":"warning","message":"missing documentation for a function","spans":[{"byte_end":234,"byte_start":204,"column_end":31,"column_start":1,"expansion":null,"file_name":"gameplay_sim/src/systems/water.rs","is_primary":true,"label":null,"line_end":10,"line_start":10,"suggested_replacement":null,"suggestion_applicability":null,"text":[{"highlight_end":31,"highlight_start":1,"text":"pub fn yacht_buoyancy_system() {"}]}]}}
{"reason":"compiler-message","package_id":"path+file:///Users/bradyjeong/Documents/Projects/Amp/gta4/gta_game/gameplay_sim#0.1.0","manifest_path":"/Users/bradyjeong/Documents/Projects/Amp/gta4/gta_game/gameplay_sim/Cargo.toml","target":{"kind":["lib"],"crate_types":["lib"],"name":"gameplay_sim","src_path":"/Users/bradyjeong/Documents/Projects/Amp/gta4/gta_game/gameplay_sim/src/lib.rs","edition":"2021","doc":true,"doctest":true,"test":true},"message":{"rendered":"warning: missing documentation for a function\n  --> gameplay_sim/src/systems/water.rs:14:1\n   |\n14 | pub fn yacht_water_constraint_system() {\n   | ^^^^^^^^^^^^^^^^^^^^^^^^^^^^^^^^^^^^^^\n\n","$message_type":"diagnostic","children":[],"code":{"code":"missing_docs","explanation":null},"level":"warning","message":"missing documentation for a function","spans":[{"byte_end":323,"byte_start":285,"column_end":39,"column_start":1,"expansion":null,"file_name":"gameplay_sim/src/systems/water.rs","is_primary":true,"label":null,"line_end":14,"line_start":14,"suggested_replacement":null,"suggestion_applicability":null,"text":[{"highlight_end":39,"highlight_start":1,"text":"pub fn yacht_water_constraint_system() {"}]}]}}
{"reason":"compiler-message","package_id":"path+file:///Users/bradyjeong/Documents/Projects/Amp/gta4/gta_game/gameplay_sim#0.1.0","manifest_path":"/Users/bradyjeong/Documents/Projects/Amp/gta4/gta_game/gameplay_sim/Cargo.toml","target":{"kind":["lib"],"crate_types":["lib"],"name":"gameplay_sim","src_path":"/Users/bradyjeong/Documents/Projects/Amp/gta4/gta_game/gameplay_sim/src/lib.rs","edition":"2021","doc":true,"doctest":true,"test":true},"message":{"rendered":"warning: missing documentation for a struct\n  --> gameplay_sim/src/systems/water.rs:19:1\n   |\n19 | pub struct WaterBody {\n   | ^^^^^^^^^^^^^^^^^^^^\n\n","$message_type":"diagnostic","children":[],"code":{"code":"missing_docs","explanation":null},"level":"warning","message":"missing documentation for a struct","spans":[{"byte_end":423,"byte_start":403,"column_end":21,"column_start":1,"expansion":null,"file_name":"gameplay_sim/src/systems/water.rs","is_primary":true,"label":null,"line_end":19,"line_start":19,"suggested_replacement":null,"suggestion_applicability":null,"text":[{"highlight_end":21,"highlight_start":1,"text":"pub struct WaterBody {"}]}]}}
{"reason":"compiler-message","package_id":"path+file:///Users/bradyjeong/Documents/Projects/Amp/gta4/gta_game/gameplay_sim#0.1.0","manifest_path":"/Users/bradyjeong/Documents/Projects/Amp/gta4/gta_game/gameplay_sim/Cargo.toml","target":{"kind":["lib"],"crate_types":["lib"],"name":"gameplay_sim","src_path":"/Users/bradyjeong/Documents/Projects/Amp/gta4/gta_game/gameplay_sim/src/lib.rs","edition":"2021","doc":true,"doctest":true,"test":true},"message":{"rendered":"warning: missing documentation for a struct field\n  --> gameplay_sim/src/systems/water.rs:20:5\n   |\n20 |     pub size: f32,\n   |     ^^^^^^^^^^^^^\n\n","$message_type":"diagnostic","children":[],"code":{"code":"missing_docs","explanation":null},"level":"warning","message":"missing documentation for a struct field","spans":[{"byte_end":443,"byte_start":430,"column_end":18,"column_start":5,"expansion":null,"file_name":"gameplay_sim/src/systems/water.rs","is_primary":true,"label":null,"line_end":20,"line_start":20,"suggested_replacement":null,"suggestion_applicability":null,"text":[{"highlight_end":18,"highlight_start":5,"text":"    pub size: f32,"}]}]}}
{"reason":"compiler-message","package_id":"path+file:///Users/bradyjeong/Documents/Projects/Amp/gta4/gta_game/gameplay_sim#0.1.0","manifest_path":"/Users/bradyjeong/Documents/Projects/Amp/gta4/gta_game/gameplay_sim/Cargo.toml","target":{"kind":["lib"],"crate_types":["lib"],"name":"gameplay_sim","src_path":"/Users/bradyjeong/Documents/Projects/Amp/gta4/gta_game/gameplay_sim/src/lib.rs","edition":"2021","doc":true,"doctest":true,"test":true},"message":{"rendered":"warning: missing documentation for a struct field\n  --> gameplay_sim/src/systems/water.rs:21:5\n   |\n21 |     pub depth: f32,\n   |     ^^^^^^^^^^^^^^\n\n","$message_type":"diagnostic","children":[],"code":{"code":"missing_docs","explanation":null},"level":"warning","message":"missing documentation for a struct field","spans":[{"byte_end":463,"byte_start":449,"column_end":19,"column_start":5,"expansion":null,"file_name":"gameplay_sim/src/systems/water.rs","is_primary":true,"label":null,"line_end":21,"line_start":21,"suggested_replacement":null,"suggestion_applicability":null,"text":[{"highlight_end":19,"highlight_start":5,"text":"    pub depth: f32,"}]}]}}
{"reason":"compiler-message","package_id":"path+file:///Users/bradyjeong/Documents/Projects/Amp/gta4/gta_game/gameplay_sim#0.1.0","manifest_path":"/Users/bradyjeong/Documents/Projects/Amp/gta4/gta_game/gameplay_sim/Cargo.toml","target":{"kind":["lib"],"crate_types":["lib"],"name":"gameplay_sim","src_path":"/Users/bradyjeong/Documents/Projects/Amp/gta4/gta_game/gameplay_sim/src/lib.rs","edition":"2021","doc":true,"doctest":true,"test":true},"message":{"rendered":"warning: missing documentation for a struct field\n  --> gameplay_sim/src/systems/water.rs:22:5\n   |\n22 |     pub wave_height: f32,\n   |     ^^^^^^^^^^^^^^^^^^^^\n\n","$message_type":"diagnostic","children":[],"code":{"code":"missing_docs","explanation":null},"level":"warning","message":"missing documentation for a struct field","spans":[{"byte_end":489,"byte_start":469,"column_end":25,"column_start":5,"expansion":null,"file_name":"gameplay_sim/src/systems/water.rs","is_primary":true,"label":null,"line_end":22,"line_start":22,"suggested_replacement":null,"suggestion_applicability":null,"text":[{"highlight_end":25,"highlight_start":5,"text":"    pub wave_height: f32,"}]}]}}
{"reason":"compiler-message","package_id":"path+file:///Users/bradyjeong/Documents/Projects/Amp/gta4/gta_game/gameplay_sim#0.1.0","manifest_path":"/Users/bradyjeong/Documents/Projects/Amp/gta4/gta_game/gameplay_sim/Cargo.toml","target":{"kind":["lib"],"crate_types":["lib"],"name":"gameplay_sim","src_path":"/Users/bradyjeong/Documents/Projects/Amp/gta4/gta_game/gameplay_sim/src/lib.rs","edition":"2021","doc":true,"doctest":true,"test":true},"message":{"rendered":"warning: missing documentation for a struct field\n  --> gameplay_sim/src/systems/water.rs:23:5\n   |\n23 |     pub wave_speed: f32,\n   |     ^^^^^^^^^^^^^^^^^^^\n\n","$message_type":"diagnostic","children":[],"code":{"code":"missing_docs","explanation":null},"level":"warning","message":"missing documentation for a struct field","spans":[{"byte_end":514,"byte_start":495,"column_end":24,"column_start":5,"expansion":null,"file_name":"gameplay_sim/src/systems/water.rs","is_primary":true,"label":null,"line_end":23,"line_start":23,"suggested_replacement":null,"suggestion_applicability":null,"text":[{"highlight_end":24,"highlight_start":5,"text":"    pub wave_speed: f32,"}]}]}}
{"reason":"compiler-message","package_id":"path+file:///Users/bradyjeong/Documents/Projects/Amp/gta4/gta_game/gameplay_sim#0.1.0","manifest_path":"/Users/bradyjeong/Documents/Projects/Amp/gta4/gta_game/gameplay_sim/Cargo.toml","target":{"kind":["lib"],"crate_types":["lib"],"name":"gameplay_sim","src_path":"/Users/bradyjeong/Documents/Projects/Amp/gta4/gta_game/gameplay_sim/src/lib.rs","edition":"2021","doc":true,"doctest":true,"test":true},"message":{"rendered":"warning: missing documentation for a struct field\n  --> gameplay_sim/src/systems/water.rs:24:5\n   |\n24 |     pub position: Vec3,\n   |     ^^^^^^^^^^^^^^^^^^\n\n","$message_type":"diagnostic","children":[],"code":{"code":"missing_docs","explanation":null},"level":"warning","message":"missing documentation for a struct field","spans":[{"byte_end":538,"byte_start":520,"column_end":23,"column_start":5,"expansion":null,"file_name":"gameplay_sim/src/systems/water.rs","is_primary":true,"label":null,"line_end":24,"line_start":24,"suggested_replacement":null,"suggestion_applicability":null,"text":[{"highlight_end":23,"highlight_start":5,"text":"    pub position: Vec3,"}]}]}}
{"reason":"compiler-message","package_id":"path+file:///Users/bradyjeong/Documents/Projects/Amp/gta4/gta_game/gameplay_sim#0.1.0","manifest_path":"/Users/bradyjeong/Documents/Projects/Amp/gta4/gta_game/gameplay_sim/Cargo.toml","target":{"kind":["lib"],"crate_types":["lib"],"name":"gameplay_sim","src_path":"/Users/bradyjeong/Documents/Projects/Amp/gta4/gta_game/gameplay_sim/src/lib.rs","edition":"2021","doc":true,"doctest":true,"test":true},"message":{"rendered":"warning: missing documentation for a struct\n  --> gameplay_sim/src/systems/water.rs:28:1\n   |\n28 | pub struct Yacht {\n   | ^^^^^^^^^^^^^^^^\n\n","$message_type":"diagnostic","children":[],"code":{"code":"missing_docs","explanation":null},"level":"warning","message":"missing documentation for a struct","spans":[{"byte_end":580,"byte_start":564,"column_end":17,"column_start":1,"expansion":null,"file_name":"gameplay_sim/src/systems/water.rs","is_primary":true,"label":null,"line_end":28,"line_start":28,"suggested_replacement":null,"suggestion_applicability":null,"text":[{"highlight_end":17,"highlight_start":1,"text":"pub struct Yacht {"}]}]}}
{"reason":"compiler-message","package_id":"path+file:///Users/bradyjeong/Documents/Projects/Amp/gta4/gta_game/gameplay_sim#0.1.0","manifest_path":"/Users/bradyjeong/Documents/Projects/Amp/gta4/gta_game/gameplay_sim/Cargo.toml","target":{"kind":["lib"],"crate_types":["lib"],"name":"gameplay_sim","src_path":"/Users/bradyjeong/Documents/Projects/Amp/gta4/gta_game/gameplay_sim/src/lib.rs","edition":"2021","doc":true,"doctest":true,"test":true},"message":{"rendered":"warning: missing documentation for a struct field\n  --> gameplay_sim/src/systems/water.rs:29:5\n   |\n29 |     pub speed: f32,\n   |     ^^^^^^^^^^^^^^\n\n","$message_type":"diagnostic","children":[],"code":{"code":"missing_docs","explanation":null},"level":"warning","message":"missing documentation for a struct field","spans":[{"byte_end":601,"byte_start":587,"column_end":19,"column_start":5,"expansion":null,"file_name":"gameplay_sim/src/systems/water.rs","is_primary":true,"label":null,"line_end":29,"line_start":29,"suggested_replacement":null,"suggestion_applicability":null,"text":[{"highlight_end":19,"highlight_start":5,"text":"    pub speed: f32,"}]}]}}
{"reason":"compiler-message","package_id":"path+file:///Users/bradyjeong/Documents/Projects/Amp/gta4/gta_game/gameplay_sim#0.1.0","manifest_path":"/Users/bradyjeong/Documents/Projects/Amp/gta4/gta_game/gameplay_sim/Cargo.toml","target":{"kind":["lib"],"crate_types":["lib"],"name":"gameplay_sim","src_path":"/Users/bradyjeong/Documents/Projects/Amp/gta4/gta_game/gameplay_sim/src/lib.rs","edition":"2021","doc":true,"doctest":true,"test":true},"message":{"rendered":"warning: missing documentation for a struct field\n  --> gameplay_sim/src/systems/water.rs:30:5\n   |\n30 |     pub max_speed: f32,\n   |     ^^^^^^^^^^^^^^^^^^\n\n","$message_type":"diagnostic","children":[],"code":{"code":"missing_docs","explanation":null},"level":"warning","message":"missing documentation for a struct field","spans":[{"byte_end":625,"byte_start":607,"column_end":23,"column_start":5,"expansion":null,"file_name":"gameplay_sim/src/systems/water.rs","is_primary":true,"label":null,"line_end":30,"line_start":30,"suggested_replacement":null,"suggestion_applicability":null,"text":[{"highlight_end":23,"highlight_start":5,"text":"    pub max_speed: f32,"}]}]}}
{"reason":"compiler-message","package_id":"path+file:///Users/bradyjeong/Documents/Projects/Amp/gta4/gta_game/gameplay_sim#0.1.0","manifest_path":"/Users/bradyjeong/Documents/Projects/Amp/gta4/gta_game/gameplay_sim/Cargo.toml","target":{"kind":["lib"],"crate_types":["lib"],"name":"gameplay_sim","src_path":"/Users/bradyjeong/Documents/Projects/Amp/gta4/gta_game/gameplay_sim/src/lib.rs","edition":"2021","doc":true,"doctest":true,"test":true},"message":{"rendered":"warning: missing documentation for a struct field\n  --> gameplay_sim/src/systems/water.rs:31:5\n   |\n31 |     pub turn_speed: f32,\n   |     ^^^^^^^^^^^^^^^^^^^\n\n","$message_type":"diagnostic","children":[],"code":{"code":"missing_docs","explanation":null},"level":"warning","message":"missing documentation for a struct field","spans":[{"byte_end":650,"byte_start":631,"column_end":24,"column_start":5,"expansion":null,"file_name":"gameplay_sim/src/systems/water.rs","is_primary":true,"label":null,"line_end":31,"line_start":31,"suggested_replacement":null,"suggestion_applicability":null,"text":[{"highlight_end":24,"highlight_start":5,"text":"    pub turn_speed: f32,"}]}]}}
{"reason":"compiler-message","package_id":"path+file:///Users/bradyjeong/Documents/Projects/Amp/gta4/gta_game/gameplay_sim#0.1.0","manifest_path":"/Users/bradyjeong/Documents/Projects/Amp/gta4/gta_game/gameplay_sim/Cargo.toml","target":{"kind":["lib"],"crate_types":["lib"],"name":"gameplay_sim","src_path":"/Users/bradyjeong/Documents/Projects/Amp/gta4/gta_game/gameplay_sim/src/lib.rs","edition":"2021","doc":true,"doctest":true,"test":true},"message":{"rendered":"warning: missing documentation for a function\n  --> gameplay_sim/src/systems/water.rs:34:1\n   |\n34 | / pub fn setup_lake(\n35 | |     mut commands: Commands,\n36 | |     mut meshes: ResMut<Assets<Mesh>>,\n37 | |     mut materials: ResMut<Assets<StandardMaterial>>,\n38 | | ) {\n   | |_^\n\n","$message_type":"diagnostic","children":[],"code":{"code":"missing_docs","explanation":null},"level":"warning","message":"missing documentation for a function","spans":[{"byte_end":794,"byte_start":655,"column_end":2,"column_start":1,"expansion":null,"file_name":"gameplay_sim/src/systems/water.rs","is_primary":true,"label":null,"line_end":38,"line_start":34,"suggested_replacement":null,"suggestion_applicability":null,"text":[{"highlight_end":19,"highlight_start":1,"text":"pub fn setup_lake("},{"highlight_end":28,"highlight_start":1,"text":"    mut commands: Commands,"},{"highlight_end":38,"highlight_start":1,"text":"    mut meshes: ResMut<Assets<Mesh>>,"},{"highlight_end":53,"highlight_start":1,"text":"    mut materials: ResMut<Assets<StandardMaterial>>,"},{"highlight_end":2,"highlight_start":1,"text":") {"}]}]}}
{"reason":"compiler-message","package_id":"path+file:///Users/bradyjeong/Documents/Projects/Amp/gta4/gta_game/gameplay_sim#0.1.0","manifest_path":"/Users/bradyjeong/Documents/Projects/Amp/gta4/gta_game/gameplay_sim/Cargo.toml","target":{"kind":["lib"],"crate_types":["lib"],"name":"gameplay_sim","src_path":"/Users/bradyjeong/Documents/Projects/Amp/gta4/gta_game/gameplay_sim/src/lib.rs","edition":"2021","doc":true,"doctest":true,"test":true},"message":{"rendered":"warning: missing documentation for a function\n  --> gameplay_sim/src/systems/water.rs:78:1\n   |\n78 | / pub fn setup_yacht(\n79 | |     mut commands: Commands,\n80 | |     mut meshes: ResMut<Assets<Mesh>>,\n81 | |     mut materials: ResMut<Assets<StandardMaterial>>,\n82 | | ) {\n   | |_^\n\n","$message_type":"diagnostic","children":[],"code":{"code":"missing_docs","explanation":null},"level":"warning","message":"missing documentation for a function","spans":[{"byte_end":2272,"byte_start":2132,"column_end":2,"column_start":1,"expansion":null,"file_name":"gameplay_sim/src/systems/water.rs","is_primary":true,"label":null,"line_end":82,"line_start":78,"suggested_replacement":null,"suggestion_applicability":null,"text":[{"highlight_end":20,"highlight_start":1,"text":"pub fn setup_yacht("},{"highlight_end":28,"highlight_start":1,"text":"    mut commands: Commands,"},{"highlight_end":38,"highlight_start":1,"text":"    mut meshes: ResMut<Assets<Mesh>>,"},{"highlight_end":53,"highlight_start":1,"text":"    mut materials: ResMut<Assets<StandardMaterial>>,"},{"highlight_end":2,"highlight_start":1,"text":") {"}]}]}}
{"reason":"compiler-message","package_id":"path+file:///Users/bradyjeong/Documents/Projects/Amp/gta4/gta_game/gameplay_sim#0.1.0","manifest_path":"/Users/bradyjeong/Documents/Projects/Amp/gta4/gta_game/gameplay_sim/Cargo.toml","target":{"kind":["lib"],"crate_types":["lib"],"name":"gameplay_sim","src_path":"/Users/bradyjeong/Documents/Projects/Amp/gta4/gta_game/gameplay_sim/src/lib.rs","edition":"2021","doc":true,"doctest":true,"test":true},"message":{"rendered":"warning: missing documentation for a function\n   --> gameplay_sim/src/systems/water.rs:104:1\n    |\n104 | / pub fn yacht_movement_system(\n105 | |     input: Res<ButtonInput<KeyCode>>,\n106 | |     mut yacht_query: Query<(&mut Transform, &mut Velocity, &Yacht)>,\n107 | |     time: Res<Time>,\n108 | | ) {\n    | |_^\n\n","$message_type":"diagnostic","children":[],"code":{"code":"missing_docs","explanation":null},"level":"warning","message":"missing documentation for a function","spans":[{"byte_end":3037,"byte_start":2878,"column_end":2,"column_start":1,"expansion":null,"file_name":"gameplay_sim/src/systems/water.rs","is_primary":true,"label":null,"line_end":108,"line_start":104,"suggested_replacement":null,"suggestion_applicability":null,"text":[{"highlight_end":30,"highlight_start":1,"text":"pub fn yacht_movement_system("},{"highlight_end":38,"highlight_start":1,"text":"    input: Res<ButtonInput<KeyCode>>,"},{"highlight_end":69,"highlight_start":1,"text":"    mut yacht_query: Query<(&mut Transform, &mut Velocity, &Yacht)>,"},{"highlight_end":21,"highlight_start":1,"text":"    time: Res<Time>,"},{"highlight_end":2,"highlight_start":1,"text":") {"}]}]}}
{"reason":"compiler-message","package_id":"path+file:///Users/bradyjeong/Documents/Projects/Amp/gta4/gta_game/gameplay_sim#0.1.0","manifest_path":"/Users/bradyjeong/Documents/Projects/Amp/gta4/gta_game/gameplay_sim/Cargo.toml","target":{"kind":["lib"],"crate_types":["lib"],"name":"gameplay_sim","src_path":"/Users/bradyjeong/Documents/Projects/Amp/gta4/gta_game/gameplay_sim/src/lib.rs","edition":"2021","doc":true,"doctest":true,"test":true},"message":{"rendered":"warning: missing documentation for a function\n   --> gameplay_sim/src/systems/water.rs:141:1\n    |\n141 | / pub fn water_effects_system(\n142 | |     mut water_query: Query<&mut Transform, With<WaterBody>>,\n143 | |     time: Res<Time>,\n144 | | ) {\n    | |_^\n\n","$message_type":"diagnostic","children":[],"code":{"code":"missing_docs","explanation":null},"level":"warning","message":"missing documentation for a function","spans":[{"byte_end":4054,"byte_start":3942,"column_end":2,"column_start":1,"expansion":null,"file_name":"gameplay_sim/src/systems/water.rs","is_primary":true,"label":null,"line_end":144,"line_start":141,"suggested_replacement":null,"suggestion_applicability":null,"text":[{"highlight_end":29,"highlight_start":1,"text":"pub fn water_effects_system("},{"highlight_end":61,"highlight_start":1,"text":"    mut water_query: Query<&mut Transform, With<WaterBody>>,"},{"highlight_end":21,"highlight_start":1,"text":"    time: Res<Time>,"},{"highlight_end":2,"highlight_start":1,"text":") {"}]}]}}
{"reason":"compiler-message","package_id":"path+file:///Users/bradyjeong/Documents/Projects/Amp/gta4/gta_game/gameplay_sim#0.1.0","manifest_path":"/Users/bradyjeong/Documents/Projects/Amp/gta4/gta_game/gameplay_sim/Cargo.toml","target":{"kind":["lib"],"crate_types":["lib"],"name":"gameplay_sim","src_path":"/Users/bradyjeong/Documents/Projects/Amp/gta4/gta_game/gameplay_sim/src/lib.rs","edition":"2021","doc":true,"doctest":true,"test":true},"message":{"rendered":"warning: missing documentation for a struct field\n --> gameplay_sim/src/systems/batching.rs:6:5\n  |\n6 |     pub frame: u64,\n  |     ^^^^^^^^^^^^^^\n\n","$message_type":"diagnostic","children":[],"code":{"code":"missing_docs","explanation":null},"level":"warning","message":"missing documentation for a struct field","spans":[{"byte_end":143,"byte_start":129,"column_end":19,"column_start":5,"expansion":null,"file_name":"gameplay_sim/src/systems/batching.rs","is_primary":true,"label":null,"line_end":6,"line_start":6,"suggested_replacement":null,"suggestion_applicability":null,"text":[{"highlight_end":19,"highlight_start":5,"text":"    pub frame: u64,"}]}]}}
{"reason":"compiler-artifact","package_id":"path+file:///Users/bradyjeong/Documents/Projects/Amp/gta4/gta_game/gameplay_sim#0.1.0","manifest_path":"/Users/bradyjeong/Documents/Projects/Amp/gta4/gta_game/gameplay_sim/Cargo.toml","target":{"kind":["lib"],"crate_types":["lib"],"name":"gameplay_sim","src_path":"/Users/bradyjeong/Documents/Projects/Amp/gta4/gta_game/gameplay_sim/src/lib.rs","edition":"2021","doc":true,"doctest":true,"test":true},"profile":{"opt_level":"0","debuginfo":2,"debug_assertions":true,"overflow_checks":true,"test":true},"features":[],"filenames":["/Users/bradyjeong/Documents/Projects/Amp/gta4/gta_game/target/debug/deps/libgameplay_sim-dcb6835d3fb92b5b.rmeta"],"executable":null,"fresh":false}
{"reason":"compiler-artifact","package_id":"path+file:///Users/bradyjeong/Documents/Projects/Amp/gta4/gta_game/gameplay_sim#0.1.0","manifest_path":"/Users/bradyjeong/Documents/Projects/Amp/gta4/gta_game/gameplay_sim/Cargo.toml","target":{"kind":["lib"],"crate_types":["lib"],"name":"gameplay_sim","src_path":"/Users/bradyjeong/Documents/Projects/Amp/gta4/gta_game/gameplay_sim/src/lib.rs","edition":"2021","doc":true,"doctest":true,"test":true},"profile":{"opt_level":"0","debuginfo":2,"debug_assertions":true,"overflow_checks":true,"test":false},"features":[],"filenames":["/Users/bradyjeong/Documents/Projects/Amp/gta4/gta_game/target/debug/deps/libgameplay_sim-a2d763bc0b5fc99d.rmeta"],"executable":null,"fresh":false}
    Checking gameplay_render v0.1.0 (/Users/bradyjeong/Documents/Projects/Amp/gta4/gta_game/gameplay_render)
{"reason":"compiler-message","package_id":"path+file:///Users/bradyjeong/Documents/Projects/Amp/gta4/gta_game/gameplay_sim#0.1.0","manifest_path":"/Users/bradyjeong/Documents/Projects/Amp/gta4/gta_game/gameplay_sim/Cargo.toml","target":{"kind":["test"],"crate_types":["bin"],"name":"mod","src_path":"/Users/bradyjeong/Documents/Projects/Amp/gta4/gta_game/gameplay_sim/tests/mod.rs","edition":"2021","doc":false,"doctest":false,"test":true},"message":{"rendered":"warning: unexpected `cfg` condition value: `heavy_tests`\n --> gameplay_sim/tests/mod.rs:1:8\n  |\n1 | #![cfg(feature = \"heavy_tests\")]\n  |        ^^^^^^^^^^^^^^^^^^^^^^^ help: remove the condition\n  |\n  = note: no expected values for `feature`\n  = help: consider adding `heavy_tests` as a feature in `Cargo.toml`\n  = note: see <https://doc.rust-lang.org/nightly/rustc/check-cfg/cargo-specifics.html> for more information about checking conditional configuration\n  = note: `#[warn(unexpected_cfgs)]` on by default\n\n","$message_type":"diagnostic","children":[{"children":[],"code":null,"level":"note","message":"no expected values for `feature`","rendered":null,"spans":[]},{"children":[],"code":null,"level":"help","message":"consider adding `heavy_tests` as a feature in `Cargo.toml`","rendered":null,"spans":[]},{"children":[],"code":null,"level":"note","message":"see <https://doc.rust-lang.org/nightly/rustc/check-cfg/cargo-specifics.html> for more information about checking conditional configuration","rendered":null,"spans":[]},{"children":[],"code":null,"level":"note","message":"`#[warn(unexpected_cfgs)]` on by default","rendered":null,"spans":[]},{"children":[],"code":null,"level":"help","message":"remove the condition","rendered":null,"spans":[{"byte_end":30,"byte_start":7,"column_end":31,"column_start":8,"expansion":null,"file_name":"gameplay_sim/tests/mod.rs","is_primary":true,"label":null,"line_end":1,"line_start":1,"suggested_replacement":"","suggestion_applicability":"MaybeIncorrect","text":[{"highlight_end":31,"highlight_start":8,"text":"#![cfg(feature = \"heavy_tests\")]"}]}]}],"code":{"code":"unexpected_cfgs","explanation":null},"level":"warning","message":"unexpected `cfg` condition value: `heavy_tests`","spans":[{"byte_end":30,"byte_start":7,"column_end":31,"column_start":8,"expansion":null,"file_name":"gameplay_sim/tests/mod.rs","is_primary":true,"label":null,"line_end":1,"line_start":1,"suggested_replacement":null,"suggestion_applicability":null,"text":[{"highlight_end":31,"highlight_start":8,"text":"#![cfg(feature = \"heavy_tests\")]"}]}]}}
{"reason":"compiler-message","package_id":"path+file:///Users/bradyjeong/Documents/Projects/Amp/gta4/gta_game/gameplay_sim#0.1.0","manifest_path":"/Users/bradyjeong/Documents/Projects/Amp/gta4/gta_game/gameplay_sim/Cargo.toml","target":{"kind":["test"],"crate_types":["bin"],"name":"simple_test","src_path":"/Users/bradyjeong/Documents/Projects/Amp/gta4/gta_game/gameplay_sim/tests/simple_test.rs","edition":"2021","doc":false,"doctest":false,"test":true},"message":{"rendered":"warning: unexpected `cfg` condition value: `heavy_tests`\n --> gameplay_sim/tests/simple_test.rs:1:8\n  |\n1 | #![cfg(feature = \"heavy_tests\")]\n  |        ^^^^^^^^^^^^^^^^^^^^^^^ help: remove the condition\n  |\n  = note: no expected values for `feature`\n  = help: consider adding `heavy_tests` as a feature in `Cargo.toml`\n  = note: see <https://doc.rust-lang.org/nightly/rustc/check-cfg/cargo-specifics.html> for more information about checking conditional configuration\n  = note: `#[warn(unexpected_cfgs)]` on by default\n\n","$message_type":"diagnostic","children":[{"children":[],"code":null,"level":"note","message":"no expected values for `feature`","rendered":null,"spans":[]},{"children":[],"code":null,"level":"help","message":"consider adding `heavy_tests` as a feature in `Cargo.toml`","rendered":null,"spans":[]},{"children":[],"code":null,"level":"note","message":"see <https://doc.rust-lang.org/nightly/rustc/check-cfg/cargo-specifics.html> for more information about checking conditional configuration","rendered":null,"spans":[]},{"children":[],"code":null,"level":"note","message":"`#[warn(unexpected_cfgs)]` on by default","rendered":null,"spans":[]},{"children":[],"code":null,"level":"help","message":"remove the condition","rendered":null,"spans":[{"byte_end":30,"byte_start":7,"column_end":31,"column_start":8,"expansion":null,"file_name":"gameplay_sim/tests/simple_test.rs","is_primary":true,"label":null,"line_end":1,"line_start":1,"suggested_replacement":"","suggestion_applicability":"MaybeIncorrect","text":[{"highlight_end":31,"highlight_start":8,"text":"#![cfg(feature = \"heavy_tests\")]"}]}]}],"code":{"code":"unexpected_cfgs","explanation":null},"level":"warning","message":"unexpected `cfg` condition value: `heavy_tests`","spans":[{"byte_end":30,"byte_start":7,"column_end":31,"column_start":8,"expansion":null,"file_name":"gameplay_sim/tests/simple_test.rs","is_primary":true,"label":null,"line_end":1,"line_start":1,"suggested_replacement":null,"suggestion_applicability":null,"text":[{"highlight_end":31,"highlight_start":8,"text":"#![cfg(feature = \"heavy_tests\")]"}]}]}}
{"reason":"compiler-message","package_id":"path+file:///Users/bradyjeong/Documents/Projects/Amp/gta4/gta_game/gameplay_sim#0.1.0","manifest_path":"/Users/bradyjeong/Documents/Projects/Amp/gta4/gta_game/gameplay_sim/Cargo.toml","target":{"kind":["test"],"crate_types":["bin"],"name":"lib","src_path":"/Users/bradyjeong/Documents/Projects/Amp/gta4/gta_game/gameplay_sim/tests/lib.rs","edition":"2021","doc":false,"doctest":false,"test":true},"message":{"rendered":"warning: unexpected `cfg` condition value: `heavy_tests`\n --> gameplay_sim/tests/lib.rs:1:8\n  |\n1 | #![cfg(feature = \"heavy_tests\")]\n  |        ^^^^^^^^^^^^^^^^^^^^^^^ help: remove the condition\n  |\n  = note: no expected values for `feature`\n  = help: consider adding `heavy_tests` as a feature in `Cargo.toml`\n  = note: see <https://doc.rust-lang.org/nightly/rustc/check-cfg/cargo-specifics.html> for more information about checking conditional configuration\n  = note: `#[warn(unexpected_cfgs)]` on by default\n\n","$message_type":"diagnostic","children":[{"children":[],"code":null,"level":"note","message":"no expected values for `feature`","rendered":null,"spans":[]},{"children":[],"code":null,"level":"help","message":"consider adding `heavy_tests` as a feature in `Cargo.toml`","rendered":null,"spans":[]},{"children":[],"code":null,"level":"note","message":"see <https://doc.rust-lang.org/nightly/rustc/check-cfg/cargo-specifics.html> for more information about checking conditional configuration","rendered":null,"spans":[]},{"children":[],"code":null,"level":"note","message":"`#[warn(unexpected_cfgs)]` on by default","rendered":null,"spans":[]},{"children":[],"code":null,"level":"help","message":"remove the condition","rendered":null,"spans":[{"byte_end":30,"byte_start":7,"column_end":31,"column_start":8,"expansion":null,"file_name":"gameplay_sim/tests/lib.rs","is_primary":true,"label":null,"line_end":1,"line_start":1,"suggested_replacement":"","suggestion_applicability":"MaybeIncorrect","text":[{"highlight_end":31,"highlight_start":8,"text":"#![cfg(feature = \"heavy_tests\")]"}]}]}],"code":{"code":"unexpected_cfgs","explanation":null},"level":"warning","message":"unexpected `cfg` condition value: `heavy_tests`","spans":[{"byte_end":30,"byte_start":7,"column_end":31,"column_start":8,"expansion":null,"file_name":"gameplay_sim/tests/lib.rs","is_primary":true,"label":null,"line_end":1,"line_start":1,"suggested_replacement":null,"suggestion_applicability":null,"text":[{"highlight_end":31,"highlight_start":8,"text":"#![cfg(feature = \"heavy_tests\")]"}]}]}}
{"reason":"compiler-artifact","package_id":"path+file:///Users/bradyjeong/Documents/Projects/Amp/gta4/gta_game/gameplay_sim#0.1.0","manifest_path":"/Users/bradyjeong/Documents/Projects/Amp/gta4/gta_game/gameplay_sim/Cargo.toml","target":{"kind":["test"],"crate_types":["bin"],"name":"lib","src_path":"/Users/bradyjeong/Documents/Projects/Amp/gta4/gta_game/gameplay_sim/tests/lib.rs","edition":"2021","doc":false,"doctest":false,"test":true},"profile":{"opt_level":"0","debuginfo":2,"debug_assertions":true,"overflow_checks":true,"test":true},"features":[],"filenames":["/Users/bradyjeong/Documents/Projects/Amp/gta4/gta_game/target/debug/deps/liblib-a91a511ab183755b.rmeta"],"executable":null,"fresh":false}
{"reason":"compiler-artifact","package_id":"path+file:///Users/bradyjeong/Documents/Projects/Amp/gta4/gta_game/gameplay_sim#0.1.0","manifest_path":"/Users/bradyjeong/Documents/Projects/Amp/gta4/gta_game/gameplay_sim/Cargo.toml","target":{"kind":["test"],"crate_types":["bin"],"name":"simple_test","src_path":"/Users/bradyjeong/Documents/Projects/Amp/gta4/gta_game/gameplay_sim/tests/simple_test.rs","edition":"2021","doc":false,"doctest":false,"test":true},"profile":{"opt_level":"0","debuginfo":2,"debug_assertions":true,"overflow_checks":true,"test":true},"features":[],"filenames":["/Users/bradyjeong/Documents/Projects/Amp/gta4/gta_game/target/debug/deps/libsimple_test-8b532cf67c80a0f9.rmeta"],"executable":null,"fresh":false}
{"reason":"compiler-artifact","package_id":"path+file:///Users/bradyjeong/Documents/Projects/Amp/gta4/gta_game/gameplay_sim#0.1.0","manifest_path":"/Users/bradyjeong/Documents/Projects/Amp/gta4/gta_game/gameplay_sim/Cargo.toml","target":{"kind":["test"],"crate_types":["bin"],"name":"mod","src_path":"/Users/bradyjeong/Documents/Projects/Amp/gta4/gta_game/gameplay_sim/tests/mod.rs","edition":"2021","doc":false,"doctest":false,"test":true},"profile":{"opt_level":"0","debuginfo":2,"debug_assertions":true,"overflow_checks":true,"test":true},"features":[],"filenames":["/Users/bradyjeong/Documents/Projects/Amp/gta4/gta_game/target/debug/deps/libmod-fc5a64929d7a72c9.rmeta"],"executable":null,"fresh":false}
{"reason":"compiler-message","package_id":"path+file:///Users/bradyjeong/Documents/Projects/Amp/gta4/gta_game/gameplay_render#0.1.0","manifest_path":"/Users/bradyjeong/Documents/Projects/Amp/gta4/gta_game/gameplay_render/Cargo.toml","target":{"kind":["lib"],"crate_types":["lib"],"name":"gameplay_render","src_path":"/Users/bradyjeong/Documents/Projects/Amp/gta4/gta_game/gameplay_render/src/lib.rs","edition":"2021","doc":true,"doctest":true,"test":true},"message":{"rendered":"warning: ambiguous glob re-exports\n  --> gameplay_render/src/prelude.rs:6:9\n   |\n6  | pub use game_core::prelude::*;\n   |         ^^^^^^^^^^^^^^^^^^^^^ the name `BundleError` in the type namespace is first re-exported here\n...\n10 | pub use crate::factories::*;\n   |         ------------------- but the name `BundleError` in the type namespace is also re-exported here\n   |\n   = note: `#[warn(ambiguous_glob_reexports)]` on by default\n\n","$message_type":"diagnostic","children":[{"children":[],"code":null,"level":"note","message":"`#[warn(ambiguous_glob_reexports)]` on by default","rendered":null,"spans":[]}],"code":{"code":"ambiguous_glob_reexports","explanation":null},"level":"warning","message":"ambiguous glob re-exports","spans":[{"byte_end":164,"byte_start":143,"column_end":30,"column_start":9,"expansion":null,"file_name":"gameplay_render/src/prelude.rs","is_primary":true,"label":"the name `BundleError` in the type namespace is first re-exported here","line_end":6,"line_start":6,"suggested_replacement":null,"suggestion_applicability":null,"text":[{"highlight_end":30,"highlight_start":9,"text":"pub use game_core::prelude::*;"}]},{"byte_end":259,"byte_start":240,"column_end":28,"column_start":9,"expansion":null,"file_name":"gameplay_render/src/prelude.rs","is_primary":false,"label":"but the name `BundleError` in the type namespace is also re-exported here","line_end":10,"line_start":10,"suggested_replacement":null,"suggestion_applicability":null,"text":[{"highlight_end":28,"highlight_start":9,"text":"pub use crate::factories::*;"}]}]}}
{"reason":"compiler-message","package_id":"path+file:///Users/bradyjeong/Documents/Projects/Amp/gta4/gta_game/gameplay_render#0.1.0","manifest_path":"/Users/bradyjeong/Documents/Projects/Amp/gta4/gta_game/gameplay_render/Cargo.toml","target":{"kind":["lib"],"crate_types":["lib"],"name":"gameplay_render","src_path":"/Users/bradyjeong/Documents/Projects/Amp/gta4/gta_game/gameplay_render/src/lib.rs","edition":"2021","doc":true,"doctest":true,"test":true},"message":{"rendered":"warning: unused import: `bevy_rapier3d::prelude::*`\n --> gameplay_render/src/systems/effects/jet_flames.rs:2:5\n  |\n2 | use bevy_rapier3d::prelude::*;\n  |     ^^^^^^^^^^^^^^^^^^^^^^^^^\n  |\n  = note: `#[warn(unused_imports)]` on by default\n\n","$message_type":"diagnostic","children":[{"children":[],"code":null,"level":"note","message":"`#[warn(unused_imports)]` on by default","rendered":null,"spans":[]},{"children":[],"code":null,"level":"help","message":"remove the whole `use` item","rendered":null,"spans":[{"byte_end":53,"byte_start":22,"column_end":1,"column_start":1,"expansion":null,"file_name":"gameplay_render/src/systems/effects/jet_flames.rs","is_primary":true,"label":null,"line_end":3,"line_start":2,"suggested_replacement":"","suggestion_applicability":"MachineApplicable","text":[{"highlight_end":31,"highlight_start":1,"text":"use bevy_rapier3d::prelude::*;"},{"highlight_end":1,"highlight_start":1,"text":"use game_core::components::{ExhaustFlame, VehicleBeacon, F16};"}]}]}],"code":{"code":"unused_imports","explanation":null},"level":"warning","message":"unused import: `bevy_rapier3d::prelude::*`","spans":[{"byte_end":51,"byte_start":26,"column_end":30,"column_start":5,"expansion":null,"file_name":"gameplay_render/src/systems/effects/jet_flames.rs","is_primary":true,"label":null,"line_end":2,"line_start":2,"suggested_replacement":null,"suggestion_applicability":null,"text":[{"highlight_end":30,"highlight_start":5,"text":"use bevy_rapier3d::prelude::*;"}]}]}}
{"reason":"compiler-message","package_id":"path+file:///Users/bradyjeong/Documents/Projects/Amp/gta4/gta_game/gameplay_render#0.1.0","manifest_path":"/Users/bradyjeong/Documents/Projects/Amp/gta4/gta_game/gameplay_render/Cargo.toml","target":{"kind":["lib"],"crate_types":["lib"],"name":"gameplay_render","src_path":"/Users/bradyjeong/Documents/Projects/Amp/gta4/gta_game/gameplay_render/src/lib.rs","edition":"2021","doc":true,"doctest":true,"test":true},"message":{"rendered":"warning: unused import: `bevy::prelude::*`\n --> gameplay_render/src/systems/visibility_fix.rs:1:5\n  |\n1 | use bevy::prelude::*;\n  |     ^^^^^^^^^^^^^^^^\n\n","$message_type":"diagnostic","children":[{"children":[],"code":null,"level":"help","message":"remove the whole `use` item","rendered":null,"spans":[{"byte_end":22,"byte_start":0,"column_end":1,"column_start":1,"expansion":null,"file_name":"gameplay_render/src/systems/visibility_fix.rs","is_primary":true,"label":null,"line_end":2,"line_start":1,"suggested_replacement":"","suggestion_applicability":"MachineApplicable","text":[{"highlight_end":22,"highlight_start":1,"text":"use bevy::prelude::*;"},{"highlight_end":1,"highlight_start":1,"text":""}]}]}],"code":{"code":"unused_imports","explanation":null},"level":"warning","message":"unused import: `bevy::prelude::*`","spans":[{"byte_end":20,"byte_start":4,"column_end":21,"column_start":5,"expansion":null,"file_name":"gameplay_render/src/systems/visibility_fix.rs","is_primary":true,"label":null,"line_end":1,"line_start":1,"suggested_replacement":null,"suggestion_applicability":null,"text":[{"highlight_end":21,"highlight_start":5,"text":"use bevy::prelude::*;"}]}]}}
{"reason":"compiler-message","package_id":"path+file:///Users/bradyjeong/Documents/Projects/Amp/gta4/gta_game/gameplay_render#0.1.0","manifest_path":"/Users/bradyjeong/Documents/Projects/Amp/gta4/gta_game/gameplay_render/Cargo.toml","target":{"kind":["lib"],"crate_types":["lib"],"name":"gameplay_render","src_path":"/Users/bradyjeong/Documents/Projects/Amp/gta4/gta_game/gameplay_render/src/lib.rs","edition":"2021","doc":true,"doctest":true,"test":true},"message":{"rendered":"warning: unused import: `audio::*`\n  --> gameplay_render/src/systems/mod.rs:13:9\n   |\n13 | pub use audio::*;\n   |         ^^^^^^^^\n\n","$message_type":"diagnostic","children":[{"children":[],"code":null,"level":"help","message":"remove the whole `use` item","rendered":null,"spans":[{"byte_end":273,"byte_start":255,"column_end":1,"column_start":1,"expansion":null,"file_name":"gameplay_render/src/systems/mod.rs","is_primary":true,"label":null,"line_end":14,"line_start":13,"suggested_replacement":"","suggestion_applicability":"MachineApplicable","text":[{"highlight_end":18,"highlight_start":1,"text":"pub use audio::*;"},{"highlight_end":1,"highlight_start":1,"text":"pub use camera::*;"}]}]}],"code":{"code":"unused_imports","explanation":null},"level":"warning","message":"unused import: `audio::*`","spans":[{"byte_end":271,"byte_start":263,"column_end":17,"column_start":9,"expansion":null,"file_name":"gameplay_render/src/systems/mod.rs","is_primary":true,"label":null,"line_end":13,"line_start":13,"suggested_replacement":null,"suggestion_applicability":null,"text":[{"highlight_end":17,"highlight_start":9,"text":"pub use audio::*;"}]}]}}
{"reason":"compiler-message","package_id":"path+file:///Users/bradyjeong/Documents/Projects/Amp/gta4/gta_game/gameplay_render#0.1.0","manifest_path":"/Users/bradyjeong/Documents/Projects/Amp/gta4/gta_game/gameplay_render/Cargo.toml","target":{"kind":["lib"],"crate_types":["lib"],"name":"gameplay_render","src_path":"/Users/bradyjeong/Documents/Projects/Amp/gta4/gta_game/gameplay_render/src/lib.rs","edition":"2021","doc":true,"doctest":true,"test":true},"message":{"rendered":"warning: unused import: `camera::*`\n  --> gameplay_render/src/systems/mod.rs:14:9\n   |\n14 | pub use camera::*;\n   |         ^^^^^^^^^\n\n","$message_type":"diagnostic","children":[{"children":[],"code":null,"level":"help","message":"remove the whole `use` item","rendered":null,"spans":[{"byte_end":292,"byte_start":273,"column_end":1,"column_start":1,"expansion":null,"file_name":"gameplay_render/src/systems/mod.rs","is_primary":true,"label":null,"line_end":15,"line_start":14,"suggested_replacement":"","suggestion_applicability":"MachineApplicable","text":[{"highlight_end":19,"highlight_start":1,"text":"pub use camera::*;"},{"highlight_end":1,"highlight_start":1,"text":"pub use distance_cache_debug::*;"}]}]}],"code":{"code":"unused_imports","explanation":null},"level":"warning","message":"unused import: `camera::*`","spans":[{"byte_end":290,"byte_start":281,"column_end":18,"column_start":9,"expansion":null,"file_name":"gameplay_render/src/systems/mod.rs","is_primary":true,"label":null,"line_end":14,"line_start":14,"suggested_replacement":null,"suggestion_applicability":null,"text":[{"highlight_end":18,"highlight_start":9,"text":"pub use camera::*;"}]}]}}
{"reason":"compiler-message","package_id":"path+file:///Users/bradyjeong/Documents/Projects/Amp/gta4/gta_game/gameplay_render#0.1.0","manifest_path":"/Users/bradyjeong/Documents/Projects/Amp/gta4/gta_game/gameplay_render/Cargo.toml","target":{"kind":["lib"],"crate_types":["lib"],"name":"gameplay_render","src_path":"/Users/bradyjeong/Documents/Projects/Amp/gta4/gta_game/gameplay_render/src/lib.rs","edition":"2021","doc":true,"doctest":true,"test":true},"message":{"rendered":"warning: unused import: `distance_cache_debug::*`\n  --> gameplay_render/src/systems/mod.rs:15:9\n   |\n15 | pub use distance_cache_debug::*;\n   |         ^^^^^^^^^^^^^^^^^^^^^^^\n\n","$message_type":"diagnostic","children":[{"children":[],"code":null,"level":"help","message":"remove the whole `use` item","rendered":null,"spans":[{"byte_end":325,"byte_start":292,"column_end":1,"column_start":1,"expansion":null,"file_name":"gameplay_render/src/systems/mod.rs","is_primary":true,"label":null,"line_end":16,"line_start":15,"suggested_replacement":"","suggestion_applicability":"MachineApplicable","text":[{"highlight_end":33,"highlight_start":1,"text":"pub use distance_cache_debug::*;"},{"highlight_end":1,"highlight_start":1,"text":"pub use effects::*;"}]}]}],"code":{"code":"unused_imports","explanation":null},"level":"warning","message":"unused import: `distance_cache_debug::*`","spans":[{"byte_end":323,"byte_start":300,"column_end":32,"column_start":9,"expansion":null,"file_name":"gameplay_render/src/systems/mod.rs","is_primary":true,"label":null,"line_end":15,"line_start":15,"suggested_replacement":null,"suggestion_applicability":null,"text":[{"highlight_end":32,"highlight_start":9,"text":"pub use distance_cache_debug::*;"}]}]}}
{"reason":"compiler-message","package_id":"path+file:///Users/bradyjeong/Documents/Projects/Amp/gta4/gta_game/gameplay_render#0.1.0","manifest_path":"/Users/bradyjeong/Documents/Projects/Amp/gta4/gta_game/gameplay_render/Cargo.toml","target":{"kind":["lib"],"crate_types":["lib"],"name":"gameplay_render","src_path":"/Users/bradyjeong/Documents/Projects/Amp/gta4/gta_game/gameplay_render/src/lib.rs","edition":"2021","doc":true,"doctest":true,"test":true},"message":{"rendered":"warning: unused import: `effects::*`\n  --> gameplay_render/src/systems/mod.rs:16:9\n   |\n16 | pub use effects::*;\n   |         ^^^^^^^^^^\n\n","$message_type":"diagnostic","children":[{"children":[],"code":null,"level":"help","message":"remove the whole `use` item","rendered":null,"spans":[{"byte_end":345,"byte_start":325,"column_end":1,"column_start":1,"expansion":null,"file_name":"gameplay_render/src/systems/mod.rs","is_primary":true,"label":null,"line_end":17,"line_start":16,"suggested_replacement":"","suggestion_applicability":"MachineApplicable","text":[{"highlight_end":20,"highlight_start":1,"text":"pub use effects::*;"},{"highlight_end":1,"highlight_start":1,"text":"pub use lod::*;"}]}]}],"code":{"code":"unused_imports","explanation":null},"level":"warning","message":"unused import: `effects::*`","spans":[{"byte_end":343,"byte_start":333,"column_end":19,"column_start":9,"expansion":null,"file_name":"gameplay_render/src/systems/mod.rs","is_primary":true,"label":null,"line_end":16,"line_start":16,"suggested_replacement":null,"suggestion_applicability":null,"text":[{"highlight_end":19,"highlight_start":9,"text":"pub use effects::*;"}]}]}}
{"reason":"compiler-message","package_id":"path+file:///Users/bradyjeong/Documents/Projects/Amp/gta4/gta_game/gameplay_render#0.1.0","manifest_path":"/Users/bradyjeong/Documents/Projects/Amp/gta4/gta_game/gameplay_render/Cargo.toml","target":{"kind":["lib"],"crate_types":["lib"],"name":"gameplay_render","src_path":"/Users/bradyjeong/Documents/Projects/Amp/gta4/gta_game/gameplay_render/src/lib.rs","edition":"2021","doc":true,"doctest":true,"test":true},"message":{"rendered":"warning: unused import: `lod::*`\n  --> gameplay_render/src/systems/mod.rs:17:9\n   |\n17 | pub use lod::*;\n   |         ^^^^^^\n\n","$message_type":"diagnostic","children":[{"children":[],"code":null,"level":"help","message":"remove the whole `use` item","rendered":null,"spans":[{"byte_end":361,"byte_start":345,"column_end":1,"column_start":1,"expansion":null,"file_name":"gameplay_render/src/systems/mod.rs","is_primary":true,"label":null,"line_end":18,"line_start":17,"suggested_replacement":"","suggestion_applicability":"MachineApplicable","text":[{"highlight_end":16,"highlight_start":1,"text":"pub use lod::*;"},{"highlight_end":1,"highlight_start":1,"text":"pub use rendering::*;"}]}]}],"code":{"code":"unused_imports","explanation":null},"level":"warning","message":"unused import: `lod::*`","spans":[{"byte_end":359,"byte_start":353,"column_end":15,"column_start":9,"expansion":null,"file_name":"gameplay_render/src/systems/mod.rs","is_primary":true,"label":null,"line_end":17,"line_start":17,"suggested_replacement":null,"suggestion_applicability":null,"text":[{"highlight_end":15,"highlight_start":9,"text":"pub use lod::*;"}]}]}}
{"reason":"compiler-message","package_id":"path+file:///Users/bradyjeong/Documents/Projects/Amp/gta4/gta_game/gameplay_render#0.1.0","manifest_path":"/Users/bradyjeong/Documents/Projects/Amp/gta4/gta_game/gameplay_render/Cargo.toml","target":{"kind":["lib"],"crate_types":["lib"],"name":"gameplay_render","src_path":"/Users/bradyjeong/Documents/Projects/Amp/gta4/gta_game/gameplay_render/src/lib.rs","edition":"2021","doc":true,"doctest":true,"test":true},"message":{"rendered":"warning: unused import: `rendering::*`\n  --> gameplay_render/src/systems/mod.rs:18:9\n   |\n18 | pub use rendering::*;\n   |         ^^^^^^^^^^^^\n\n","$message_type":"diagnostic","children":[{"children":[],"code":null,"level":"help","message":"remove the whole `use` item","rendered":null,"spans":[{"byte_end":383,"byte_start":361,"column_end":1,"column_start":1,"expansion":null,"file_name":"gameplay_render/src/systems/mod.rs","is_primary":true,"label":null,"line_end":19,"line_start":18,"suggested_replacement":"","suggestion_applicability":"MachineApplicable","text":[{"highlight_end":22,"highlight_start":1,"text":"pub use rendering::*;"},{"highlight_end":1,"highlight_start":1,"text":"pub use transform_sync::*;"}]}]}],"code":{"code":"unused_imports","explanation":null},"level":"warning","message":"unused import: `rendering::*`","spans":[{"byte_end":381,"byte_start":369,"column_end":21,"column_start":9,"expansion":null,"file_name":"gameplay_render/src/systems/mod.rs","is_primary":true,"label":null,"line_end":18,"line_start":18,"suggested_replacement":null,"suggestion_applicability":null,"text":[{"highlight_end":21,"highlight_start":9,"text":"pub use rendering::*;"}]}]}}
{"reason":"compiler-message","package_id":"path+file:///Users/bradyjeong/Documents/Projects/Amp/gta4/gta_game/gameplay_render#0.1.0","manifest_path":"/Users/bradyjeong/Documents/Projects/Amp/gta4/gta_game/gameplay_render/Cargo.toml","target":{"kind":["lib"],"crate_types":["lib"],"name":"gameplay_render","src_path":"/Users/bradyjeong/Documents/Projects/Amp/gta4/gta_game/gameplay_render/src/lib.rs","edition":"2021","doc":true,"doctest":true,"test":true},"message":{"rendered":"warning: ambiguous glob re-exports\n  --> gameplay_render/src/prelude.rs:6:9\n   |\n6  | pub use game_core::prelude::*;\n   |         ^^^^^^^^^^^^^^^^^^^^^ the name `BundleError` in the type namespace is first re-exported here\n...\n10 | pub use crate::factories::*;\n   |         ------------------- but the name `BundleError` in the type namespace is also re-exported here\n   |\n   = note: `#[warn(ambiguous_glob_reexports)]` on by default\n\n","$message_type":"diagnostic","children":[{"children":[],"code":null,"level":"note","message":"`#[warn(ambiguous_glob_reexports)]` on by default","rendered":null,"spans":[]}],"code":{"code":"ambiguous_glob_reexports","explanation":null},"level":"warning","message":"ambiguous glob re-exports","spans":[{"byte_end":164,"byte_start":143,"column_end":30,"column_start":9,"expansion":null,"file_name":"gameplay_render/src/prelude.rs","is_primary":true,"label":"the name `BundleError` in the type namespace is first re-exported here","line_end":6,"line_start":6,"suggested_replacement":null,"suggestion_applicability":null,"text":[{"highlight_end":30,"highlight_start":9,"text":"pub use game_core::prelude::*;"}]},{"byte_end":259,"byte_start":240,"column_end":28,"column_start":9,"expansion":null,"file_name":"gameplay_render/src/prelude.rs","is_primary":false,"label":"but the name `BundleError` in the type namespace is also re-exported here","line_end":10,"line_start":10,"suggested_replacement":null,"suggestion_applicability":null,"text":[{"highlight_end":28,"highlight_start":9,"text":"pub use crate::factories::*;"}]}]}}
{"reason":"compiler-message","package_id":"path+file:///Users/bradyjeong/Documents/Projects/Amp/gta4/gta_game/gameplay_render#0.1.0","manifest_path":"/Users/bradyjeong/Documents/Projects/Amp/gta4/gta_game/gameplay_render/Cargo.toml","target":{"kind":["lib"],"crate_types":["lib"],"name":"gameplay_render","src_path":"/Users/bradyjeong/Documents/Projects/Amp/gta4/gta_game/gameplay_render/src/lib.rs","edition":"2021","doc":true,"doctest":true,"test":true},"message":{"rendered":"warning: unused import: `transform_sync::*`\n  --> gameplay_render/src/systems/mod.rs:19:9\n   |\n19 | pub use transform_sync::*;\n   |         ^^^^^^^^^^^^^^^^^\n\n","$message_type":"diagnostic","children":[{"children":[],"code":null,"level":"help","message":"remove the whole `use` item","rendered":null,"spans":[{"byte_end":410,"byte_start":383,"column_end":1,"column_start":1,"expansion":null,"file_name":"gameplay_render/src/systems/mod.rs","is_primary":true,"label":null,"line_end":20,"line_start":19,"suggested_replacement":"","suggestion_applicability":"MachineApplicable","text":[{"highlight_end":27,"highlight_start":1,"text":"pub use transform_sync::*;"},{"highlight_end":1,"highlight_start":1,"text":"pub use vegetation_instancing_integration::*;"}]}]}],"code":{"code":"unused_imports","explanation":null},"level":"warning","message":"unused import: `transform_sync::*`","spans":[{"byte_end":408,"byte_start":391,"column_end":26,"column_start":9,"expansion":null,"file_name":"gameplay_render/src/systems/mod.rs","is_primary":true,"label":null,"line_end":19,"line_start":19,"suggested_replacement":null,"suggestion_applicability":null,"text":[{"highlight_end":26,"highlight_start":9,"text":"pub use transform_sync::*;"}]}]}}
{"reason":"compiler-message","package_id":"path+file:///Users/bradyjeong/Documents/Projects/Amp/gta4/gta_game/gameplay_render#0.1.0","manifest_path":"/Users/bradyjeong/Documents/Projects/Amp/gta4/gta_game/gameplay_render/Cargo.toml","target":{"kind":["lib"],"crate_types":["lib"],"name":"gameplay_render","src_path":"/Users/bradyjeong/Documents/Projects/Amp/gta4/gta_game/gameplay_render/src/lib.rs","edition":"2021","doc":true,"doctest":true,"test":true},"message":{"rendered":"warning: unused import: `vegetation_instancing_integration::*`\n  --> gameplay_render/src/systems/mod.rs:20:9\n   |\n20 | pub use vegetation_instancing_integration::*;\n   |         ^^^^^^^^^^^^^^^^^^^^^^^^^^^^^^^^^^^^\n\n","$message_type":"diagnostic","children":[{"children":[],"code":null,"level":"help","message":"remove the whole `use` item","rendered":null,"spans":[{"byte_end":456,"byte_start":410,"column_end":1,"column_start":1,"expansion":null,"file_name":"gameplay_render/src/systems/mod.rs","is_primary":true,"label":null,"line_end":21,"line_start":20,"suggested_replacement":"","suggestion_applicability":"MachineApplicable","text":[{"highlight_end":46,"highlight_start":1,"text":"pub use vegetation_instancing_integration::*;"},{"highlight_end":1,"highlight_start":1,"text":"pub use visibility_fix::*;"}]}]}],"code":{"code":"unused_imports","explanation":null},"level":"warning","message":"unused import: `vegetation_instancing_integration::*`","spans":[{"byte_end":454,"byte_start":418,"column_end":45,"column_start":9,"expansion":null,"file_name":"gameplay_render/src/systems/mod.rs","is_primary":true,"label":null,"line_end":20,"line_start":20,"suggested_replacement":null,"suggestion_applicability":null,"text":[{"highlight_end":45,"highlight_start":9,"text":"pub use vegetation_instancing_integration::*;"}]}]}}
{"reason":"compiler-message","package_id":"path+file:///Users/bradyjeong/Documents/Projects/Amp/gta4/gta_game/gameplay_render#0.1.0","manifest_path":"/Users/bradyjeong/Documents/Projects/Amp/gta4/gta_game/gameplay_render/Cargo.toml","target":{"kind":["lib"],"crate_types":["lib"],"name":"gameplay_render","src_path":"/Users/bradyjeong/Documents/Projects/Amp/gta4/gta_game/gameplay_render/src/lib.rs","edition":"2021","doc":true,"doctest":true,"test":true},"message":{"rendered":"warning: unused import: `visibility_fix::*`\n  --> gameplay_render/src/systems/mod.rs:21:9\n   |\n21 | pub use visibility_fix::*;\n   |         ^^^^^^^^^^^^^^^^^\n\n","$message_type":"diagnostic","children":[{"children":[],"code":null,"level":"help","message":"remove the whole `use` item","rendered":null,"spans":[{"byte_end":483,"byte_start":456,"column_end":28,"column_start":1,"expansion":null,"file_name":"gameplay_render/src/systems/mod.rs","is_primary":true,"label":null,"line_end":21,"line_start":21,"suggested_replacement":"","suggestion_applicability":"MachineApplicable","text":[{"highlight_end":28,"highlight_start":1,"text":"pub use visibility_fix::*;"}]}]}],"code":{"code":"unused_imports","explanation":null},"level":"warning","message":"unused import: `visibility_fix::*`","spans":[{"byte_end":481,"byte_start":464,"column_end":26,"column_start":9,"expansion":null,"file_name":"gameplay_render/src/systems/mod.rs","is_primary":true,"label":null,"line_end":21,"line_start":21,"suggested_replacement":null,"suggestion_applicability":null,"text":[{"highlight_end":26,"highlight_start":9,"text":"pub use visibility_fix::*;"}]}]}}
{"reason":"compiler-message","package_id":"path+file:///Users/bradyjeong/Documents/Projects/Amp/gta4/gta_game/gameplay_render#0.1.0","manifest_path":"/Users/bradyjeong/Documents/Projects/Amp/gta4/gta_game/gameplay_render/Cargo.toml","target":{"kind":["lib"],"crate_types":["lib"],"name":"gameplay_render","src_path":"/Users/bradyjeong/Documents/Projects/Amp/gta4/gta_game/gameplay_render/src/lib.rs","edition":"2021","doc":true,"doctest":true,"test":true},"message":{"rendered":"warning: unused import: `bevy_rapier3d::prelude::*`\n --> gameplay_render/src/systems/effects/jet_flames.rs:2:5\n  |\n2 | use bevy_rapier3d::prelude::*;\n  |     ^^^^^^^^^^^^^^^^^^^^^^^^^\n  |\n  = note: `#[warn(unused_imports)]` on by default\n\n","$message_type":"diagnostic","children":[{"children":[],"code":null,"level":"note","message":"`#[warn(unused_imports)]` on by default","rendered":null,"spans":[]},{"children":[],"code":null,"level":"help","message":"remove the whole `use` item","rendered":null,"spans":[{"byte_end":53,"byte_start":22,"column_end":1,"column_start":1,"expansion":null,"file_name":"gameplay_render/src/systems/effects/jet_flames.rs","is_primary":true,"label":null,"line_end":3,"line_start":2,"suggested_replacement":"","suggestion_applicability":"MachineApplicable","text":[{"highlight_end":31,"highlight_start":1,"text":"use bevy_rapier3d::prelude::*;"},{"highlight_end":1,"highlight_start":1,"text":"use game_core::components::{ExhaustFlame, VehicleBeacon, F16};"}]}]}],"code":{"code":"unused_imports","explanation":null},"level":"warning","message":"unused import: `bevy_rapier3d::prelude::*`","spans":[{"byte_end":51,"byte_start":26,"column_end":30,"column_start":5,"expansion":null,"file_name":"gameplay_render/src/systems/effects/jet_flames.rs","is_primary":true,"label":null,"line_end":2,"line_start":2,"suggested_replacement":null,"suggestion_applicability":null,"text":[{"highlight_end":30,"highlight_start":5,"text":"use bevy_rapier3d::prelude::*;"}]}]}}
{"reason":"compiler-message","package_id":"path+file:///Users/bradyjeong/Documents/Projects/Amp/gta4/gta_game/gameplay_render#0.1.0","manifest_path":"/Users/bradyjeong/Documents/Projects/Amp/gta4/gta_game/gameplay_render/Cargo.toml","target":{"kind":["lib"],"crate_types":["lib"],"name":"gameplay_render","src_path":"/Users/bradyjeong/Documents/Projects/Amp/gta4/gta_game/gameplay_render/src/lib.rs","edition":"2021","doc":true,"doctest":true,"test":true},"message":{"rendered":"warning: unused import: `bevy::prelude::*`\n --> gameplay_render/src/systems/visibility_fix.rs:1:5\n  |\n1 | use bevy::prelude::*;\n  |     ^^^^^^^^^^^^^^^^\n\n","$message_type":"diagnostic","children":[{"children":[],"code":null,"level":"help","message":"remove the whole `use` item","rendered":null,"spans":[{"byte_end":22,"byte_start":0,"column_end":1,"column_start":1,"expansion":null,"file_name":"gameplay_render/src/systems/visibility_fix.rs","is_primary":true,"label":null,"line_end":2,"line_start":1,"suggested_replacement":"","suggestion_applicability":"MachineApplicable","text":[{"highlight_end":22,"highlight_start":1,"text":"use bevy::prelude::*;"},{"highlight_end":1,"highlight_start":1,"text":""}]}]}],"code":{"code":"unused_imports","explanation":null},"level":"warning","message":"unused import: `bevy::prelude::*`","spans":[{"byte_end":20,"byte_start":4,"column_end":21,"column_start":5,"expansion":null,"file_name":"gameplay_render/src/systems/visibility_fix.rs","is_primary":true,"label":null,"line_end":1,"line_start":1,"suggested_replacement":null,"suggestion_applicability":null,"text":[{"highlight_end":21,"highlight_start":5,"text":"use bevy::prelude::*;"}]}]}}
{"reason":"compiler-message","package_id":"path+file:///Users/bradyjeong/Documents/Projects/Amp/gta4/gta_game/gameplay_render#0.1.0","manifest_path":"/Users/bradyjeong/Documents/Projects/Amp/gta4/gta_game/gameplay_render/Cargo.toml","target":{"kind":["lib"],"crate_types":["lib"],"name":"gameplay_render","src_path":"/Users/bradyjeong/Documents/Projects/Amp/gta4/gta_game/gameplay_render/src/lib.rs","edition":"2021","doc":true,"doctest":true,"test":true},"message":{"rendered":"warning: unused import: `audio::*`\n  --> gameplay_render/src/systems/mod.rs:13:9\n   |\n13 | pub use audio::*;\n   |         ^^^^^^^^\n\n","$message_type":"diagnostic","children":[{"children":[],"code":null,"level":"help","message":"remove the whole `use` item","rendered":null,"spans":[{"byte_end":273,"byte_start":255,"column_end":1,"column_start":1,"expansion":null,"file_name":"gameplay_render/src/systems/mod.rs","is_primary":true,"label":null,"line_end":14,"line_start":13,"suggested_replacement":"","suggestion_applicability":"MachineApplicable","text":[{"highlight_end":18,"highlight_start":1,"text":"pub use audio::*;"},{"highlight_end":1,"highlight_start":1,"text":"pub use camera::*;"}]}]}],"code":{"code":"unused_imports","explanation":null},"level":"warning","message":"unused import: `audio::*`","spans":[{"byte_end":271,"byte_start":263,"column_end":17,"column_start":9,"expansion":null,"file_name":"gameplay_render/src/systems/mod.rs","is_primary":true,"label":null,"line_end":13,"line_start":13,"suggested_replacement":null,"suggestion_applicability":null,"text":[{"highlight_end":17,"highlight_start":9,"text":"pub use audio::*;"}]}]}}
{"reason":"compiler-message","package_id":"path+file:///Users/bradyjeong/Documents/Projects/Amp/gta4/gta_game/gameplay_render#0.1.0","manifest_path":"/Users/bradyjeong/Documents/Projects/Amp/gta4/gta_game/gameplay_render/Cargo.toml","target":{"kind":["lib"],"crate_types":["lib"],"name":"gameplay_render","src_path":"/Users/bradyjeong/Documents/Projects/Amp/gta4/gta_game/gameplay_render/src/lib.rs","edition":"2021","doc":true,"doctest":true,"test":true},"message":{"rendered":"warning: unused import: `camera::*`\n  --> gameplay_render/src/systems/mod.rs:14:9\n   |\n14 | pub use camera::*;\n   |         ^^^^^^^^^\n\n","$message_type":"diagnostic","children":[{"children":[],"code":null,"level":"help","message":"remove the whole `use` item","rendered":null,"spans":[{"byte_end":292,"byte_start":273,"column_end":1,"column_start":1,"expansion":null,"file_name":"gameplay_render/src/systems/mod.rs","is_primary":true,"label":null,"line_end":15,"line_start":14,"suggested_replacement":"","suggestion_applicability":"MachineApplicable","text":[{"highlight_end":19,"highlight_start":1,"text":"pub use camera::*;"},{"highlight_end":1,"highlight_start":1,"text":"pub use distance_cache_debug::*;"}]}]}],"code":{"code":"unused_imports","explanation":null},"level":"warning","message":"unused import: `camera::*`","spans":[{"byte_end":290,"byte_start":281,"column_end":18,"column_start":9,"expansion":null,"file_name":"gameplay_render/src/systems/mod.rs","is_primary":true,"label":null,"line_end":14,"line_start":14,"suggested_replacement":null,"suggestion_applicability":null,"text":[{"highlight_end":18,"highlight_start":9,"text":"pub use camera::*;"}]}]}}
{"reason":"compiler-message","package_id":"path+file:///Users/bradyjeong/Documents/Projects/Amp/gta4/gta_game/gameplay_render#0.1.0","manifest_path":"/Users/bradyjeong/Documents/Projects/Amp/gta4/gta_game/gameplay_render/Cargo.toml","target":{"kind":["lib"],"crate_types":["lib"],"name":"gameplay_render","src_path":"/Users/bradyjeong/Documents/Projects/Amp/gta4/gta_game/gameplay_render/src/lib.rs","edition":"2021","doc":true,"doctest":true,"test":true},"message":{"rendered":"warning: unused import: `distance_cache_debug::*`\n  --> gameplay_render/src/systems/mod.rs:15:9\n   |\n15 | pub use distance_cache_debug::*;\n   |         ^^^^^^^^^^^^^^^^^^^^^^^\n\n","$message_type":"diagnostic","children":[{"children":[],"code":null,"level":"help","message":"remove the whole `use` item","rendered":null,"spans":[{"byte_end":325,"byte_start":292,"column_end":1,"column_start":1,"expansion":null,"file_name":"gameplay_render/src/systems/mod.rs","is_primary":true,"label":null,"line_end":16,"line_start":15,"suggested_replacement":"","suggestion_applicability":"MachineApplicable","text":[{"highlight_end":33,"highlight_start":1,"text":"pub use distance_cache_debug::*;"},{"highlight_end":1,"highlight_start":1,"text":"pub use effects::*;"}]}]}],"code":{"code":"unused_imports","explanation":null},"level":"warning","message":"unused import: `distance_cache_debug::*`","spans":[{"byte_end":323,"byte_start":300,"column_end":32,"column_start":9,"expansion":null,"file_name":"gameplay_render/src/systems/mod.rs","is_primary":true,"label":null,"line_end":15,"line_start":15,"suggested_replacement":null,"suggestion_applicability":null,"text":[{"highlight_end":32,"highlight_start":9,"text":"pub use distance_cache_debug::*;"}]}]}}
{"reason":"compiler-message","package_id":"path+file:///Users/bradyjeong/Documents/Projects/Amp/gta4/gta_game/gameplay_render#0.1.0","manifest_path":"/Users/bradyjeong/Documents/Projects/Amp/gta4/gta_game/gameplay_render/Cargo.toml","target":{"kind":["lib"],"crate_types":["lib"],"name":"gameplay_render","src_path":"/Users/bradyjeong/Documents/Projects/Amp/gta4/gta_game/gameplay_render/src/lib.rs","edition":"2021","doc":true,"doctest":true,"test":true},"message":{"rendered":"warning: unused import: `effects::*`\n  --> gameplay_render/src/systems/mod.rs:16:9\n   |\n16 | pub use effects::*;\n   |         ^^^^^^^^^^\n\n","$message_type":"diagnostic","children":[{"children":[],"code":null,"level":"help","message":"remove the whole `use` item","rendered":null,"spans":[{"byte_end":345,"byte_start":325,"column_end":1,"column_start":1,"expansion":null,"file_name":"gameplay_render/src/systems/mod.rs","is_primary":true,"label":null,"line_end":17,"line_start":16,"suggested_replacement":"","suggestion_applicability":"MachineApplicable","text":[{"highlight_end":20,"highlight_start":1,"text":"pub use effects::*;"},{"highlight_end":1,"highlight_start":1,"text":"pub use lod::*;"}]}]}],"code":{"code":"unused_imports","explanation":null},"level":"warning","message":"unused import: `effects::*`","spans":[{"byte_end":343,"byte_start":333,"column_end":19,"column_start":9,"expansion":null,"file_name":"gameplay_render/src/systems/mod.rs","is_primary":true,"label":null,"line_end":16,"line_start":16,"suggested_replacement":null,"suggestion_applicability":null,"text":[{"highlight_end":19,"highlight_start":9,"text":"pub use effects::*;"}]}]}}
{"reason":"compiler-message","package_id":"path+file:///Users/bradyjeong/Documents/Projects/Amp/gta4/gta_game/gameplay_render#0.1.0","manifest_path":"/Users/bradyjeong/Documents/Projects/Amp/gta4/gta_game/gameplay_render/Cargo.toml","target":{"kind":["lib"],"crate_types":["lib"],"name":"gameplay_render","src_path":"/Users/bradyjeong/Documents/Projects/Amp/gta4/gta_game/gameplay_render/src/lib.rs","edition":"2021","doc":true,"doctest":true,"test":true},"message":{"rendered":"warning: unused import: `lod::*`\n  --> gameplay_render/src/systems/mod.rs:17:9\n   |\n17 | pub use lod::*;\n   |         ^^^^^^\n\n","$message_type":"diagnostic","children":[{"children":[],"code":null,"level":"help","message":"remove the whole `use` item","rendered":null,"spans":[{"byte_end":361,"byte_start":345,"column_end":1,"column_start":1,"expansion":null,"file_name":"gameplay_render/src/systems/mod.rs","is_primary":true,"label":null,"line_end":18,"line_start":17,"suggested_replacement":"","suggestion_applicability":"MachineApplicable","text":[{"highlight_end":16,"highlight_start":1,"text":"pub use lod::*;"},{"highlight_end":1,"highlight_start":1,"text":"pub use rendering::*;"}]}]}],"code":{"code":"unused_imports","explanation":null},"level":"warning","message":"unused import: `lod::*`","spans":[{"byte_end":359,"byte_start":353,"column_end":15,"column_start":9,"expansion":null,"file_name":"gameplay_render/src/systems/mod.rs","is_primary":true,"label":null,"line_end":17,"line_start":17,"suggested_replacement":null,"suggestion_applicability":null,"text":[{"highlight_end":15,"highlight_start":9,"text":"pub use lod::*;"}]}]}}
{"reason":"compiler-message","package_id":"path+file:///Users/bradyjeong/Documents/Projects/Amp/gta4/gta_game/gameplay_render#0.1.0","manifest_path":"/Users/bradyjeong/Documents/Projects/Amp/gta4/gta_game/gameplay_render/Cargo.toml","target":{"kind":["lib"],"crate_types":["lib"],"name":"gameplay_render","src_path":"/Users/bradyjeong/Documents/Projects/Amp/gta4/gta_game/gameplay_render/src/lib.rs","edition":"2021","doc":true,"doctest":true,"test":true},"message":{"rendered":"warning: unused import: `rendering::*`\n  --> gameplay_render/src/systems/mod.rs:18:9\n   |\n18 | pub use rendering::*;\n   |         ^^^^^^^^^^^^\n\n","$message_type":"diagnostic","children":[{"children":[],"code":null,"level":"help","message":"remove the whole `use` item","rendered":null,"spans":[{"byte_end":383,"byte_start":361,"column_end":1,"column_start":1,"expansion":null,"file_name":"gameplay_render/src/systems/mod.rs","is_primary":true,"label":null,"line_end":19,"line_start":18,"suggested_replacement":"","suggestion_applicability":"MachineApplicable","text":[{"highlight_end":22,"highlight_start":1,"text":"pub use rendering::*;"},{"highlight_end":1,"highlight_start":1,"text":"pub use transform_sync::*;"}]}]}],"code":{"code":"unused_imports","explanation":null},"level":"warning","message":"unused import: `rendering::*`","spans":[{"byte_end":381,"byte_start":369,"column_end":21,"column_start":9,"expansion":null,"file_name":"gameplay_render/src/systems/mod.rs","is_primary":true,"label":null,"line_end":18,"line_start":18,"suggested_replacement":null,"suggestion_applicability":null,"text":[{"highlight_end":21,"highlight_start":9,"text":"pub use rendering::*;"}]}]}}
{"reason":"compiler-message","package_id":"path+file:///Users/bradyjeong/Documents/Projects/Amp/gta4/gta_game/gameplay_render#0.1.0","manifest_path":"/Users/bradyjeong/Documents/Projects/Amp/gta4/gta_game/gameplay_render/Cargo.toml","target":{"kind":["lib"],"crate_types":["lib"],"name":"gameplay_render","src_path":"/Users/bradyjeong/Documents/Projects/Amp/gta4/gta_game/gameplay_render/src/lib.rs","edition":"2021","doc":true,"doctest":true,"test":true},"message":{"rendered":"warning: unused import: `transform_sync::*`\n  --> gameplay_render/src/systems/mod.rs:19:9\n   |\n19 | pub use transform_sync::*;\n   |         ^^^^^^^^^^^^^^^^^\n\n","$message_type":"diagnostic","children":[{"children":[],"code":null,"level":"help","message":"remove the whole `use` item","rendered":null,"spans":[{"byte_end":410,"byte_start":383,"column_end":1,"column_start":1,"expansion":null,"file_name":"gameplay_render/src/systems/mod.rs","is_primary":true,"label":null,"line_end":20,"line_start":19,"suggested_replacement":"","suggestion_applicability":"MachineApplicable","text":[{"highlight_end":27,"highlight_start":1,"text":"pub use transform_sync::*;"},{"highlight_end":1,"highlight_start":1,"text":"pub use vegetation_instancing_integration::*;"}]}]}],"code":{"code":"unused_imports","explanation":null},"level":"warning","message":"unused import: `transform_sync::*`","spans":[{"byte_end":408,"byte_start":391,"column_end":26,"column_start":9,"expansion":null,"file_name":"gameplay_render/src/systems/mod.rs","is_primary":true,"label":null,"line_end":19,"line_start":19,"suggested_replacement":null,"suggestion_applicability":null,"text":[{"highlight_end":26,"highlight_start":9,"text":"pub use transform_sync::*;"}]}]}}
{"reason":"compiler-message","package_id":"path+file:///Users/bradyjeong/Documents/Projects/Amp/gta4/gta_game/gameplay_render#0.1.0","manifest_path":"/Users/bradyjeong/Documents/Projects/Amp/gta4/gta_game/gameplay_render/Cargo.toml","target":{"kind":["lib"],"crate_types":["lib"],"name":"gameplay_render","src_path":"/Users/bradyjeong/Documents/Projects/Amp/gta4/gta_game/gameplay_render/src/lib.rs","edition":"2021","doc":true,"doctest":true,"test":true},"message":{"rendered":"warning: unused import: `vegetation_instancing_integration::*`\n  --> gameplay_render/src/systems/mod.rs:20:9\n   |\n20 | pub use vegetation_instancing_integration::*;\n   |         ^^^^^^^^^^^^^^^^^^^^^^^^^^^^^^^^^^^^\n\n","$message_type":"diagnostic","children":[{"children":[],"code":null,"level":"help","message":"remove the whole `use` item","rendered":null,"spans":[{"byte_end":456,"byte_start":410,"column_end":1,"column_start":1,"expansion":null,"file_name":"gameplay_render/src/systems/mod.rs","is_primary":true,"label":null,"line_end":21,"line_start":20,"suggested_replacement":"","suggestion_applicability":"MachineApplicable","text":[{"highlight_end":46,"highlight_start":1,"text":"pub use vegetation_instancing_integration::*;"},{"highlight_end":1,"highlight_start":1,"text":"pub use visibility_fix::*;"}]}]}],"code":{"code":"unused_imports","explanation":null},"level":"warning","message":"unused import: `vegetation_instancing_integration::*`","spans":[{"byte_end":454,"byte_start":418,"column_end":45,"column_start":9,"expansion":null,"file_name":"gameplay_render/src/systems/mod.rs","is_primary":true,"label":null,"line_end":20,"line_start":20,"suggested_replacement":null,"suggestion_applicability":null,"text":[{"highlight_end":45,"highlight_start":9,"text":"pub use vegetation_instancing_integration::*;"}]}]}}
{"reason":"compiler-message","package_id":"path+file:///Users/bradyjeong/Documents/Projects/Amp/gta4/gta_game/gameplay_render#0.1.0","manifest_path":"/Users/bradyjeong/Documents/Projects/Amp/gta4/gta_game/gameplay_render/Cargo.toml","target":{"kind":["lib"],"crate_types":["lib"],"name":"gameplay_render","src_path":"/Users/bradyjeong/Documents/Projects/Amp/gta4/gta_game/gameplay_render/src/lib.rs","edition":"2021","doc":true,"doctest":true,"test":true},"message":{"rendered":"warning: unused import: `visibility_fix::*`\n  --> gameplay_render/src/systems/mod.rs:21:9\n   |\n21 | pub use visibility_fix::*;\n   |         ^^^^^^^^^^^^^^^^^\n\n","$message_type":"diagnostic","children":[{"children":[],"code":null,"level":"help","message":"remove the whole `use` item","rendered":null,"spans":[{"byte_end":483,"byte_start":456,"column_end":28,"column_start":1,"expansion":null,"file_name":"gameplay_render/src/systems/mod.rs","is_primary":true,"label":null,"line_end":21,"line_start":21,"suggested_replacement":"","suggestion_applicability":"MachineApplicable","text":[{"highlight_end":28,"highlight_start":1,"text":"pub use visibility_fix::*;"}]}]}],"code":{"code":"unused_imports","explanation":null},"level":"warning","message":"unused import: `visibility_fix::*`","spans":[{"byte_end":481,"byte_start":464,"column_end":26,"column_start":9,"expansion":null,"file_name":"gameplay_render/src/systems/mod.rs","is_primary":true,"label":null,"line_end":21,"line_start":21,"suggested_replacement":null,"suggestion_applicability":null,"text":[{"highlight_end":26,"highlight_start":9,"text":"pub use visibility_fix::*;"}]}]}}
{"reason":"compiler-message","package_id":"path+file:///Users/bradyjeong/Documents/Projects/Amp/gta4/gta_game/gameplay_render#0.1.0","manifest_path":"/Users/bradyjeong/Documents/Projects/Amp/gta4/gta_game/gameplay_render/Cargo.toml","target":{"kind":["lib"],"crate_types":["lib"],"name":"gameplay_render","src_path":"/Users/bradyjeong/Documents/Projects/Amp/gta4/gta_game/gameplay_render/src/lib.rs","edition":"2021","doc":true,"doctest":true,"test":true},"message":{"rendered":"warning: unused import: `game_core::components::*`\n --> gameplay_render/src/world/unified_factory_setup.rs:2:5\n  |\n2 | use game_core::components::*;\n  |     ^^^^^^^^^^^^^^^^^^^^^^^^\n\n","$message_type":"diagnostic","children":[{"children":[],"code":null,"level":"help","message":"remove the whole `use` item","rendered":null,"spans":[{"byte_end":52,"byte_start":22,"column_end":1,"column_start":1,"expansion":null,"file_name":"gameplay_render/src/world/unified_factory_setup.rs","is_primary":true,"label":null,"line_end":3,"line_start":2,"suggested_replacement":"","suggestion_applicability":"MachineApplicable","text":[{"highlight_end":30,"highlight_start":1,"text":"use game_core::components::*;"},{"highlight_end":1,"highlight_start":1,"text":"use game_core::config::GameConfig;"}]}]}],"code":{"code":"unused_imports","explanation":null},"level":"warning","message":"unused import: `game_core::components::*`","spans":[{"byte_end":50,"byte_start":26,"column_end":29,"column_start":5,"expansion":null,"file_name":"gameplay_render/src/world/unified_factory_setup.rs","is_primary":true,"label":null,"line_end":2,"line_start":2,"suggested_replacement":null,"suggestion_applicability":null,"text":[{"highlight_end":29,"highlight_start":5,"text":"use game_core::components::*;"}]}]}}
{"reason":"compiler-message","package_id":"path+file:///Users/bradyjeong/Documents/Projects/Amp/gta4/gta_game/gameplay_render#0.1.0","manifest_path":"/Users/bradyjeong/Documents/Projects/Amp/gta4/gta_game/gameplay_render/Cargo.toml","target":{"kind":["lib"],"crate_types":["lib"],"name":"gameplay_render","src_path":"/Users/bradyjeong/Documents/Projects/Amp/gta4/gta_game/gameplay_render/src/lib.rs","edition":"2021","doc":true,"doctest":true,"test":true},"message":{"rendered":"warning: unused import: `crate::batching_test::*`\n  --> gameplay_render/src/plugins/batching_plugin.rs:61:5\n   |\n61 | use crate::batching_test::*;\n   |     ^^^^^^^^^^^^^^^^^^^^^^^\n\n","$message_type":"diagnostic","children":[{"children":[],"code":null,"level":"help","message":"remove the whole `use` item","rendered":null,"spans":[{"byte_end":2256,"byte_start":2227,"column_end":1,"column_start":1,"expansion":null,"file_name":"gameplay_render/src/plugins/batching_plugin.rs","is_primary":true,"label":null,"line_end":62,"line_start":61,"suggested_replacement":"","suggestion_applicability":"MachineApplicable","text":[{"highlight_end":29,"highlight_start":1,"text":"use crate::batching_test::*;"},{"highlight_end":1,"highlight_start":1,"text":"use crate::batch_processing::*;"}]}]}],"code":{"code":"unused_imports","explanation":null},"level":"warning","message":"unused import: `crate::batching_test::*`","spans":[{"byte_end":2254,"byte_start":2231,"column_end":28,"column_start":5,"expansion":null,"file_name":"gameplay_render/src/plugins/batching_plugin.rs","is_primary":true,"label":null,"line_end":61,"line_start":61,"suggested_replacement":null,"suggestion_applicability":null,"text":[{"highlight_end":28,"highlight_start":5,"text":"use crate::batching_test::*;"}]}]}}
{"reason":"compiler-message","package_id":"path+file:///Users/bradyjeong/Documents/Projects/Amp/gta4/gta_game/gameplay_render#0.1.0","manifest_path":"/Users/bradyjeong/Documents/Projects/Amp/gta4/gta_game/gameplay_render/Cargo.toml","target":{"kind":["lib"],"crate_types":["lib"],"name":"gameplay_render","src_path":"/Users/bradyjeong/Documents/Projects/Amp/gta4/gta_game/gameplay_render/src/lib.rs","edition":"2021","doc":true,"doctest":true,"test":true},"message":{"rendered":"warning: unused import: `crate::batch_processing::*`\n  --> gameplay_render/src/plugins/batching_plugin.rs:62:5\n   |\n62 | use crate::batch_processing::*;\n   |     ^^^^^^^^^^^^^^^^^^^^^^^^^^\n\n","$message_type":"diagnostic","children":[{"children":[],"code":null,"level":"help","message":"remove the whole `use` item","rendered":null,"spans":[{"byte_end":2288,"byte_start":2256,"column_end":1,"column_start":1,"expansion":null,"file_name":"gameplay_render/src/plugins/batching_plugin.rs","is_primary":true,"label":null,"line_end":63,"line_start":62,"suggested_replacement":"","suggestion_applicability":"MachineApplicable","text":[{"highlight_end":32,"highlight_start":1,"text":"use crate::batch_processing::*;"},{"highlight_end":1,"highlight_start":1,"text":"use game_core::config::GameConfig;"}]}]}],"code":{"code":"unused_imports","explanation":null},"level":"warning","message":"unused import: `crate::batch_processing::*`","spans":[{"byte_end":2286,"byte_start":2260,"column_end":31,"column_start":5,"expansion":null,"file_name":"gameplay_render/src/plugins/batching_plugin.rs","is_primary":true,"label":null,"line_end":62,"line_start":62,"suggested_replacement":null,"suggestion_applicability":null,"text":[{"highlight_end":31,"highlight_start":5,"text":"use crate::batch_processing::*;"}]}]}}
{"reason":"compiler-message","package_id":"path+file:///Users/bradyjeong/Documents/Projects/Amp/gta4/gta_game/gameplay_render#0.1.0","manifest_path":"/Users/bradyjeong/Documents/Projects/Amp/gta4/gta_game/gameplay_render/Cargo.toml","target":{"kind":["lib"],"crate_types":["lib"],"name":"gameplay_render","src_path":"/Users/bradyjeong/Documents/Projects/Amp/gta4/gta_game/gameplay_render/src/lib.rs","edition":"2021","doc":true,"doctest":true,"test":true},"message":{"rendered":"warning: unused import: `game_core::components::*`\n --> gameplay_render/src/world/unified_factory_setup.rs:2:5\n  |\n2 | use game_core::components::*;\n  |     ^^^^^^^^^^^^^^^^^^^^^^^^\n\n","$message_type":"diagnostic","children":[{"children":[],"code":null,"level":"help","message":"remove the whole `use` item","rendered":null,"spans":[{"byte_end":52,"byte_start":22,"column_end":1,"column_start":1,"expansion":null,"file_name":"gameplay_render/src/world/unified_factory_setup.rs","is_primary":true,"label":null,"line_end":3,"line_start":2,"suggested_replacement":"","suggestion_applicability":"MachineApplicable","text":[{"highlight_end":30,"highlight_start":1,"text":"use game_core::components::*;"},{"highlight_end":1,"highlight_start":1,"text":"use game_core::config::GameConfig;"}]}]}],"code":{"code":"unused_imports","explanation":null},"level":"warning","message":"unused import: `game_core::components::*`","spans":[{"byte_end":50,"byte_start":26,"column_end":29,"column_start":5,"expansion":null,"file_name":"gameplay_render/src/world/unified_factory_setup.rs","is_primary":true,"label":null,"line_end":2,"line_start":2,"suggested_replacement":null,"suggestion_applicability":null,"text":[{"highlight_end":29,"highlight_start":5,"text":"use game_core::components::*;"}]}]}}
{"reason":"compiler-message","package_id":"path+file:///Users/bradyjeong/Documents/Projects/Amp/gta4/gta_game/gameplay_render#0.1.0","manifest_path":"/Users/bradyjeong/Documents/Projects/Amp/gta4/gta_game/gameplay_render/Cargo.toml","target":{"kind":["lib"],"crate_types":["lib"],"name":"gameplay_render","src_path":"/Users/bradyjeong/Documents/Projects/Amp/gta4/gta_game/gameplay_render/src/lib.rs","edition":"2021","doc":true,"doctest":true,"test":true},"message":{"rendered":"warning: unused import: `crate::batching_test::*`\n  --> gameplay_render/src/plugins/batching_plugin.rs:61:5\n   |\n61 | use crate::batching_test::*;\n   |     ^^^^^^^^^^^^^^^^^^^^^^^\n\n","$message_type":"diagnostic","children":[{"children":[],"code":null,"level":"help","message":"remove the whole `use` item","rendered":null,"spans":[{"byte_end":2256,"byte_start":2227,"column_end":1,"column_start":1,"expansion":null,"file_name":"gameplay_render/src/plugins/batching_plugin.rs","is_primary":true,"label":null,"line_end":62,"line_start":61,"suggested_replacement":"","suggestion_applicability":"MachineApplicable","text":[{"highlight_end":29,"highlight_start":1,"text":"use crate::batching_test::*;"},{"highlight_end":1,"highlight_start":1,"text":"use crate::batch_processing::*;"}]}]}],"code":{"code":"unused_imports","explanation":null},"level":"warning","message":"unused import: `crate::batching_test::*`","spans":[{"byte_end":2254,"byte_start":2231,"column_end":28,"column_start":5,"expansion":null,"file_name":"gameplay_render/src/plugins/batching_plugin.rs","is_primary":true,"label":null,"line_end":61,"line_start":61,"suggested_replacement":null,"suggestion_applicability":null,"text":[{"highlight_end":28,"highlight_start":5,"text":"use crate::batching_test::*;"}]}]}}
{"reason":"compiler-message","package_id":"path+file:///Users/bradyjeong/Documents/Projects/Amp/gta4/gta_game/gameplay_render#0.1.0","manifest_path":"/Users/bradyjeong/Documents/Projects/Amp/gta4/gta_game/gameplay_render/Cargo.toml","target":{"kind":["lib"],"crate_types":["lib"],"name":"gameplay_render","src_path":"/Users/bradyjeong/Documents/Projects/Amp/gta4/gta_game/gameplay_render/src/lib.rs","edition":"2021","doc":true,"doctest":true,"test":true},"message":{"rendered":"warning: unused import: `crate::batch_processing::*`\n  --> gameplay_render/src/plugins/batching_plugin.rs:62:5\n   |\n62 | use crate::batch_processing::*;\n   |     ^^^^^^^^^^^^^^^^^^^^^^^^^^\n\n","$message_type":"diagnostic","children":[{"children":[],"code":null,"level":"help","message":"remove the whole `use` item","rendered":null,"spans":[{"byte_end":2288,"byte_start":2256,"column_end":1,"column_start":1,"expansion":null,"file_name":"gameplay_render/src/plugins/batching_plugin.rs","is_primary":true,"label":null,"line_end":63,"line_start":62,"suggested_replacement":"","suggestion_applicability":"MachineApplicable","text":[{"highlight_end":32,"highlight_start":1,"text":"use crate::batch_processing::*;"},{"highlight_end":1,"highlight_start":1,"text":"use game_core::config::GameConfig;"}]}]}],"code":{"code":"unused_imports","explanation":null},"level":"warning","message":"unused import: `crate::batch_processing::*`","spans":[{"byte_end":2286,"byte_start":2260,"column_end":31,"column_start":5,"expansion":null,"file_name":"gameplay_render/src/plugins/batching_plugin.rs","is_primary":true,"label":null,"line_end":62,"line_start":62,"suggested_replacement":null,"suggestion_applicability":null,"text":[{"highlight_end":31,"highlight_start":5,"text":"use crate::batch_processing::*;"}]}]}}
{"reason":"compiler-message","package_id":"path+file:///Users/bradyjeong/Documents/Projects/Amp/gta4/gta_game/gameplay_render#0.1.0","manifest_path":"/Users/bradyjeong/Documents/Projects/Amp/gta4/gta_game/gameplay_render/Cargo.toml","target":{"kind":["lib"],"crate_types":["lib"],"name":"gameplay_render","src_path":"/Users/bradyjeong/Documents/Projects/Amp/gta4/gta_game/gameplay_render/src/lib.rs","edition":"2021","doc":true,"doctest":true,"test":true},"message":{"rendered":"warning: use of deprecated method `bevy::prelude::Query::<'w, 's, D, F>::get_single`: Please use `single` instead\n   --> gameplay_render/src/systems/effects/jet_flames.rs:102:48\n    |\n102 |     if let Ok(player_transform) = player_query.get_single() {\n    |                                                ^^^^^^^^^^\n    |\n    = note: `#[warn(deprecated)]` on by default\n\n","$message_type":"diagnostic","children":[{"children":[],"code":null,"level":"note","message":"`#[warn(deprecated)]` on by default","rendered":null,"spans":[]}],"code":{"code":"deprecated","explanation":null},"level":"warning","message":"use of deprecated method `bevy::prelude::Query::<'w, 's, D, F>::get_single`: Please use `single` instead","spans":[{"byte_end":3530,"byte_start":3520,"column_end":58,"column_start":48,"expansion":null,"file_name":"gameplay_render/src/systems/effects/jet_flames.rs","is_primary":true,"label":null,"line_end":102,"line_start":102,"suggested_replacement":null,"suggestion_applicability":null,"text":[{"highlight_end":58,"highlight_start":48,"text":"    if let Ok(player_transform) = player_query.get_single() {"}]}]}}
{"reason":"compiler-message","package_id":"path+file:///Users/bradyjeong/Documents/Projects/Amp/gta4/gta_game/gameplay_render#0.1.0","manifest_path":"/Users/bradyjeong/Documents/Projects/Amp/gta4/gta_game/gameplay_render/Cargo.toml","target":{"kind":["lib"],"crate_types":["lib"],"name":"gameplay_render","src_path":"/Users/bradyjeong/Documents/Projects/Amp/gta4/gta_game/gameplay_render/src/lib.rs","edition":"2021","doc":true,"doctest":true,"test":true},"message":{"rendered":"warning: use of deprecated method `bevy::prelude::Query::<'w, 's, D, F>::get_single`: Please use `single` instead\n   --> gameplay_render/src/systems/effects/jet_flames.rs:102:48\n    |\n102 |     if let Ok(player_transform) = player_query.get_single() {\n    |                                                ^^^^^^^^^^\n    |\n    = note: `#[warn(deprecated)]` on by default\n\n","$message_type":"diagnostic","children":[{"children":[],"code":null,"level":"note","message":"`#[warn(deprecated)]` on by default","rendered":null,"spans":[]}],"code":{"code":"deprecated","explanation":null},"level":"warning","message":"use of deprecated method `bevy::prelude::Query::<'w, 's, D, F>::get_single`: Please use `single` instead","spans":[{"byte_end":3530,"byte_start":3520,"column_end":58,"column_start":48,"expansion":null,"file_name":"gameplay_render/src/systems/effects/jet_flames.rs","is_primary":true,"label":null,"line_end":102,"line_start":102,"suggested_replacement":null,"suggestion_applicability":null,"text":[{"highlight_end":58,"highlight_start":48,"text":"    if let Ok(player_transform) = player_query.get_single() {"}]}]}}
{"reason":"compiler-message","package_id":"path+file:///Users/bradyjeong/Documents/Projects/Amp/gta4/gta_game/gameplay_render#0.1.0","manifest_path":"/Users/bradyjeong/Documents/Projects/Amp/gta4/gta_game/gameplay_render/Cargo.toml","target":{"kind":["lib"],"crate_types":["lib"],"name":"gameplay_render","src_path":"/Users/bradyjeong/Documents/Projects/Amp/gta4/gta_game/gameplay_render/src/lib.rs","edition":"2021","doc":true,"doctest":true,"test":true},"message":{"rendered":"warning: unused variable: `audio_sources`\n  --> gameplay_render/src/systems/audio/realistic_vehicle_audio.rs:57:27\n   |\n57 |     for (mut audio_state, audio_sources, engine, tire_physics, dynamics, transform) in audio_query.iter_mut() {\n   |                           ^^^^^^^^^^^^^ help: if this is intentional, prefix it with an underscore: `_audio_sources`\n   |\n   = note: `#[warn(unused_variables)]` on by default\n\n","$message_type":"diagnostic","children":[{"children":[],"code":null,"level":"note","message":"`#[warn(unused_variables)]` on by default","rendered":null,"spans":[]},{"children":[],"code":null,"level":"help","message":"if this is intentional, prefix it with an underscore","rendered":null,"spans":[{"byte_end":2301,"byte_start":2288,"column_end":40,"column_start":27,"expansion":null,"file_name":"gameplay_render/src/systems/audio/realistic_vehicle_audio.rs","is_primary":true,"label":null,"line_end":57,"line_start":57,"suggested_replacement":"_audio_sources","suggestion_applicability":"MaybeIncorrect","text":[{"highlight_end":40,"highlight_start":27,"text":"    for (mut audio_state, audio_sources, engine, tire_physics, dynamics, transform) in audio_query.iter_mut() {"}]}]}],"code":{"code":"unused_variables","explanation":null},"level":"warning","message":"unused variable: `audio_sources`","spans":[{"byte_end":2301,"byte_start":2288,"column_end":40,"column_start":27,"expansion":null,"file_name":"gameplay_render/src/systems/audio/realistic_vehicle_audio.rs","is_primary":true,"label":null,"line_end":57,"line_start":57,"suggested_replacement":null,"suggestion_applicability":null,"text":[{"highlight_end":40,"highlight_start":27,"text":"    for (mut audio_state, audio_sources, engine, tire_physics, dynamics, transform) in audio_query.iter_mut() {"}]}]}}
{"reason":"compiler-message","package_id":"path+file:///Users/bradyjeong/Documents/Projects/Amp/gta4/gta_game/gameplay_render#0.1.0","manifest_path":"/Users/bradyjeong/Documents/Projects/Amp/gta4/gta_game/gameplay_render/Cargo.toml","target":{"kind":["lib"],"crate_types":["lib"],"name":"gameplay_render","src_path":"/Users/bradyjeong/Documents/Projects/Amp/gta4/gta_game/gameplay_render/src/lib.rs","edition":"2021","doc":true,"doctest":true,"test":true},"message":{"rendered":"warning: unused variable: `time`\n  --> gameplay_render/src/systems/audio/realistic_vehicle_audio.rs:41:5\n   |\n41 |     time: Res<Time>,\n   |     ^^^^ help: if this is intentional, prefix it with an underscore: `_time`\n\n","$message_type":"diagnostic","children":[{"children":[],"code":null,"level":"help","message":"if this is intentional, prefix it with an underscore","rendered":null,"spans":[{"byte_end":1832,"byte_start":1828,"column_end":9,"column_start":5,"expansion":null,"file_name":"gameplay_render/src/systems/audio/realistic_vehicle_audio.rs","is_primary":true,"label":null,"line_end":41,"line_start":41,"suggested_replacement":"_time","suggestion_applicability":"MaybeIncorrect","text":[{"highlight_end":9,"highlight_start":5,"text":"    time: Res<Time>,"}]}]}],"code":{"code":"unused_variables","explanation":null},"level":"warning","message":"unused variable: `time`","spans":[{"byte_end":1832,"byte_start":1828,"column_end":9,"column_start":5,"expansion":null,"file_name":"gameplay_render/src/systems/audio/realistic_vehicle_audio.rs","is_primary":true,"label":null,"line_end":41,"line_start":41,"suggested_replacement":null,"suggestion_applicability":null,"text":[{"highlight_end":9,"highlight_start":5,"text":"    time: Res<Time>,"}]}]}}
{"reason":"compiler-message","package_id":"path+file:///Users/bradyjeong/Documents/Projects/Amp/gta4/gta_game/gameplay_render#0.1.0","manifest_path":"/Users/bradyjeong/Documents/Projects/Amp/gta4/gta_game/gameplay_render/Cargo.toml","target":{"kind":["lib"],"crate_types":["lib"],"name":"gameplay_render","src_path":"/Users/bradyjeong/Documents/Projects/Amp/gta4/gta_game/gameplay_render/src/lib.rs","edition":"2021","doc":true,"doctest":true,"test":true},"message":{"rendered":"warning: unused variable: `audio_events`\n  --> gameplay_render/src/systems/audio/realistic_vehicle_audio.rs:51:9\n   |\n51 |     mut audio_events: EventWriter<AudioEvent>,\n   |         ^^^^^^^^^^^^ help: if this is intentional, prefix it with an underscore: `_audio_events`\n\n","$message_type":"diagnostic","children":[{"children":[],"code":null,"level":"help","message":"if this is intentional, prefix it with an underscore","rendered":null,"spans":[{"byte_end":2143,"byte_start":2131,"column_end":21,"column_start":9,"expansion":null,"file_name":"gameplay_render/src/systems/audio/realistic_vehicle_audio.rs","is_primary":true,"label":null,"line_end":51,"line_start":51,"suggested_replacement":"_audio_events","suggestion_applicability":"MaybeIncorrect","text":[{"highlight_end":21,"highlight_start":9,"text":"    mut audio_events: EventWriter<AudioEvent>,"}]}]}],"code":{"code":"unused_variables","explanation":null},"level":"warning","message":"unused variable: `audio_events`","spans":[{"byte_end":2143,"byte_start":2131,"column_end":21,"column_start":9,"expansion":null,"file_name":"gameplay_render/src/systems/audio/realistic_vehicle_audio.rs","is_primary":true,"label":null,"line_end":51,"line_start":51,"suggested_replacement":null,"suggestion_applicability":null,"text":[{"highlight_end":21,"highlight_start":9,"text":"    mut audio_events: EventWriter<AudioEvent>,"}]}]}}
{"reason":"compiler-message","package_id":"path+file:///Users/bradyjeong/Documents/Projects/Amp/gta4/gta_game/gameplay_render#0.1.0","manifest_path":"/Users/bradyjeong/Documents/Projects/Amp/gta4/gta_game/gameplay_render/Cargo.toml","target":{"kind":["lib"],"crate_types":["lib"],"name":"gameplay_render","src_path":"/Users/bradyjeong/Documents/Projects/Amp/gta4/gta_game/gameplay_render/src/lib.rs","edition":"2021","doc":true,"doctest":true,"test":true},"message":{"rendered":"warning: unused variable: `audio_sources`\n  --> gameplay_render/src/systems/audio/realistic_vehicle_audio.rs:57:27\n   |\n57 |     for (mut audio_state, audio_sources, engine, tire_physics, dynamics, transform) in audio_query.iter_mut() {\n   |                           ^^^^^^^^^^^^^ help: if this is intentional, prefix it with an underscore: `_audio_sources`\n   |\n   = note: `#[warn(unused_variables)]` on by default\n\n","$message_type":"diagnostic","children":[{"children":[],"code":null,"level":"note","message":"`#[warn(unused_variables)]` on by default","rendered":null,"spans":[]},{"children":[],"code":null,"level":"help","message":"if this is intentional, prefix it with an underscore","rendered":null,"spans":[{"byte_end":2301,"byte_start":2288,"column_end":40,"column_start":27,"expansion":null,"file_name":"gameplay_render/src/systems/audio/realistic_vehicle_audio.rs","is_primary":true,"label":null,"line_end":57,"line_start":57,"suggested_replacement":"_audio_sources","suggestion_applicability":"MaybeIncorrect","text":[{"highlight_end":40,"highlight_start":27,"text":"    for (mut audio_state, audio_sources, engine, tire_physics, dynamics, transform) in audio_query.iter_mut() {"}]}]}],"code":{"code":"unused_variables","explanation":null},"level":"warning","message":"unused variable: `audio_sources`","spans":[{"byte_end":2301,"byte_start":2288,"column_end":40,"column_start":27,"expansion":null,"file_name":"gameplay_render/src/systems/audio/realistic_vehicle_audio.rs","is_primary":true,"label":null,"line_end":57,"line_start":57,"suggested_replacement":null,"suggestion_applicability":null,"text":[{"highlight_end":40,"highlight_start":27,"text":"    for (mut audio_state, audio_sources, engine, tire_physics, dynamics, transform) in audio_query.iter_mut() {"}]}]}}
{"reason":"compiler-message","package_id":"path+file:///Users/bradyjeong/Documents/Projects/Amp/gta4/gta_game/gameplay_render#0.1.0","manifest_path":"/Users/bradyjeong/Documents/Projects/Amp/gta4/gta_game/gameplay_render/Cargo.toml","target":{"kind":["lib"],"crate_types":["lib"],"name":"gameplay_render","src_path":"/Users/bradyjeong/Documents/Projects/Amp/gta4/gta_game/gameplay_render/src/lib.rs","edition":"2021","doc":true,"doctest":true,"test":true},"message":{"rendered":"warning: unused variable: `time`\n  --> gameplay_render/src/systems/audio/realistic_vehicle_audio.rs:41:5\n   |\n41 |     time: Res<Time>,\n   |     ^^^^ help: if this is intentional, prefix it with an underscore: `_time`\n\n","$message_type":"diagnostic","children":[{"children":[],"code":null,"level":"help","message":"if this is intentional, prefix it with an underscore","rendered":null,"spans":[{"byte_end":1832,"byte_start":1828,"column_end":9,"column_start":5,"expansion":null,"file_name":"gameplay_render/src/systems/audio/realistic_vehicle_audio.rs","is_primary":true,"label":null,"line_end":41,"line_start":41,"suggested_replacement":"_time","suggestion_applicability":"MaybeIncorrect","text":[{"highlight_end":9,"highlight_start":5,"text":"    time: Res<Time>,"}]}]}],"code":{"code":"unused_variables","explanation":null},"level":"warning","message":"unused variable: `time`","spans":[{"byte_end":1832,"byte_start":1828,"column_end":9,"column_start":5,"expansion":null,"file_name":"gameplay_render/src/systems/audio/realistic_vehicle_audio.rs","is_primary":true,"label":null,"line_end":41,"line_start":41,"suggested_replacement":null,"suggestion_applicability":null,"text":[{"highlight_end":9,"highlight_start":5,"text":"    time: Res<Time>,"}]}]}}
{"reason":"compiler-message","package_id":"path+file:///Users/bradyjeong/Documents/Projects/Amp/gta4/gta_game/gameplay_render#0.1.0","manifest_path":"/Users/bradyjeong/Documents/Projects/Amp/gta4/gta_game/gameplay_render/Cargo.toml","target":{"kind":["lib"],"crate_types":["lib"],"name":"gameplay_render","src_path":"/Users/bradyjeong/Documents/Projects/Amp/gta4/gta_game/gameplay_render/src/lib.rs","edition":"2021","doc":true,"doctest":true,"test":true},"message":{"rendered":"warning: unused variable: `audio_events`\n  --> gameplay_render/src/systems/audio/realistic_vehicle_audio.rs:51:9\n   |\n51 |     mut audio_events: EventWriter<AudioEvent>,\n   |         ^^^^^^^^^^^^ help: if this is intentional, prefix it with an underscore: `_audio_events`\n\n","$message_type":"diagnostic","children":[{"children":[],"code":null,"level":"help","message":"if this is intentional, prefix it with an underscore","rendered":null,"spans":[{"byte_end":2143,"byte_start":2131,"column_end":21,"column_start":9,"expansion":null,"file_name":"gameplay_render/src/systems/audio/realistic_vehicle_audio.rs","is_primary":true,"label":null,"line_end":51,"line_start":51,"suggested_replacement":"_audio_events","suggestion_applicability":"MaybeIncorrect","text":[{"highlight_end":21,"highlight_start":9,"text":"    mut audio_events: EventWriter<AudioEvent>,"}]}]}],"code":{"code":"unused_variables","explanation":null},"level":"warning","message":"unused variable: `audio_events`","spans":[{"byte_end":2143,"byte_start":2131,"column_end":21,"column_start":9,"expansion":null,"file_name":"gameplay_render/src/systems/audio/realistic_vehicle_audio.rs","is_primary":true,"label":null,"line_end":51,"line_start":51,"suggested_replacement":null,"suggestion_applicability":null,"text":[{"highlight_end":21,"highlight_start":9,"text":"    mut audio_events: EventWriter<AudioEvent>,"}]}]}}
{"reason":"compiler-message","package_id":"path+file:///Users/bradyjeong/Documents/Projects/Amp/gta4/gta_game/gameplay_render#0.1.0","manifest_path":"/Users/bradyjeong/Documents/Projects/Amp/gta4/gta_game/gameplay_render/Cargo.toml","target":{"kind":["lib"],"crate_types":["lib"],"name":"gameplay_render","src_path":"/Users/bradyjeong/Documents/Projects/Amp/gta4/gta_game/gameplay_render/src/lib.rs","edition":"2021","doc":true,"doctest":true,"test":true},"message":{"rendered":"warning: variable does not need to be mutable\n  --> gameplay_render/src/systems/audio/realistic_vehicle_audio.rs:51:5\n   |\n51 |     mut audio_events: EventWriter<AudioEvent>,\n   |     ----^^^^^^^^^^^^\n   |     |\n   |     help: remove this `mut`\n   |\n   = note: `#[warn(unused_mut)]` on by default\n\n","$message_type":"diagnostic","children":[{"children":[],"code":null,"level":"note","message":"`#[warn(unused_mut)]` on by default","rendered":null,"spans":[]},{"children":[],"code":null,"level":"help","message":"remove this `mut`","rendered":null,"spans":[{"byte_end":2131,"byte_start":2127,"column_end":9,"column_start":5,"expansion":null,"file_name":"gameplay_render/src/systems/audio/realistic_vehicle_audio.rs","is_primary":true,"label":null,"line_end":51,"line_start":51,"suggested_replacement":"","suggestion_applicability":"MachineApplicable","text":[{"highlight_end":9,"highlight_start":5,"text":"    mut audio_events: EventWriter<AudioEvent>,"}]}]}],"code":{"code":"unused_mut","explanation":null},"level":"warning","message":"variable does not need to be mutable","spans":[{"byte_end":2143,"byte_start":2127,"column_end":21,"column_start":5,"expansion":null,"file_name":"gameplay_render/src/systems/audio/realistic_vehicle_audio.rs","is_primary":true,"label":null,"line_end":51,"line_start":51,"suggested_replacement":null,"suggestion_applicability":null,"text":[{"highlight_end":21,"highlight_start":5,"text":"    mut audio_events: EventWriter<AudioEvent>,"}]}]}}
{"reason":"compiler-message","package_id":"path+file:///Users/bradyjeong/Documents/Projects/Amp/gta4/gta_game/gameplay_render#0.1.0","manifest_path":"/Users/bradyjeong/Documents/Projects/Amp/gta4/gta_game/gameplay_render/Cargo.toml","target":{"kind":["lib"],"crate_types":["lib"],"name":"gameplay_render","src_path":"/Users/bradyjeong/Documents/Projects/Amp/gta4/gta_game/gameplay_render/src/lib.rs","edition":"2021","doc":true,"doctest":true,"test":true},"message":{"rendered":"warning: unused variable: `engine`\n  --> gameplay_render/src/systems/audio/realistic_vehicle_audio.rs:95:27\n   |\n95 | fn calculate_engine_audio(engine: &RealisticVehicle, dynamics: &VehicleDynamics) -> (f32, f32) {\n   |                           ^^^^^^ help: if this is intentional, prefix it with an underscore: `_engine`\n\n","$message_type":"diagnostic","children":[{"children":[],"code":null,"level":"help","message":"if this is intentional, prefix it with an underscore","rendered":null,"spans":[{"byte_end":3805,"byte_start":3799,"column_end":33,"column_start":27,"expansion":null,"file_name":"gameplay_render/src/systems/audio/realistic_vehicle_audio.rs","is_primary":true,"label":null,"line_end":95,"line_start":95,"suggested_replacement":"_engine","suggestion_applicability":"MaybeIncorrect","text":[{"highlight_end":33,"highlight_start":27,"text":"fn calculate_engine_audio(engine: &RealisticVehicle, dynamics: &VehicleDynamics) -> (f32, f32) {"}]}]}],"code":{"code":"unused_variables","explanation":null},"level":"warning","message":"unused variable: `engine`","spans":[{"byte_end":3805,"byte_start":3799,"column_end":33,"column_start":27,"expansion":null,"file_name":"gameplay_render/src/systems/audio/realistic_vehicle_audio.rs","is_primary":true,"label":null,"line_end":95,"line_start":95,"suggested_replacement":null,"suggestion_applicability":null,"text":[{"highlight_end":33,"highlight_start":27,"text":"fn calculate_engine_audio(engine: &RealisticVehicle, dynamics: &VehicleDynamics) -> (f32, f32) {"}]}]}}
{"reason":"compiler-message","package_id":"path+file:///Users/bradyjeong/Documents/Projects/Amp/gta4/gta_game/gameplay_render#0.1.0","manifest_path":"/Users/bradyjeong/Documents/Projects/Amp/gta4/gta_game/gameplay_render/Cargo.toml","target":{"kind":["lib"],"crate_types":["lib"],"name":"gameplay_render","src_path":"/Users/bradyjeong/Documents/Projects/Amp/gta4/gta_game/gameplay_render/src/lib.rs","edition":"2021","doc":true,"doctest":true,"test":true},"message":{"rendered":"warning: variable does not need to be mutable\n  --> gameplay_render/src/systems/audio/realistic_vehicle_audio.rs:51:5\n   |\n51 |     mut audio_events: EventWriter<AudioEvent>,\n   |     ----^^^^^^^^^^^^\n   |     |\n   |     help: remove this `mut`\n   |\n   = note: `#[warn(unused_mut)]` on by default\n\n","$message_type":"diagnostic","children":[{"children":[],"code":null,"level":"note","message":"`#[warn(unused_mut)]` on by default","rendered":null,"spans":[]},{"children":[],"code":null,"level":"help","message":"remove this `mut`","rendered":null,"spans":[{"byte_end":2131,"byte_start":2127,"column_end":9,"column_start":5,"expansion":null,"file_name":"gameplay_render/src/systems/audio/realistic_vehicle_audio.rs","is_primary":true,"label":null,"line_end":51,"line_start":51,"suggested_replacement":"","suggestion_applicability":"MachineApplicable","text":[{"highlight_end":9,"highlight_start":5,"text":"    mut audio_events: EventWriter<AudioEvent>,"}]}]}],"code":{"code":"unused_mut","explanation":null},"level":"warning","message":"variable does not need to be mutable","spans":[{"byte_end":2143,"byte_start":2127,"column_end":21,"column_start":5,"expansion":null,"file_name":"gameplay_render/src/systems/audio/realistic_vehicle_audio.rs","is_primary":true,"label":null,"line_end":51,"line_start":51,"suggested_replacement":null,"suggestion_applicability":null,"text":[{"highlight_end":21,"highlight_start":5,"text":"    mut audio_events: EventWriter<AudioEvent>,"}]}]}}
{"reason":"compiler-message","package_id":"path+file:///Users/bradyjeong/Documents/Projects/Amp/gta4/gta_game/gameplay_render#0.1.0","manifest_path":"/Users/bradyjeong/Documents/Projects/Amp/gta4/gta_game/gameplay_render/Cargo.toml","target":{"kind":["lib"],"crate_types":["lib"],"name":"gameplay_render","src_path":"/Users/bradyjeong/Documents/Projects/Amp/gta4/gta_game/gameplay_render/src/lib.rs","edition":"2021","doc":true,"doctest":true,"test":true},"message":{"rendered":"warning: unused variable: `engine`\n  --> gameplay_render/src/systems/audio/realistic_vehicle_audio.rs:95:27\n   |\n95 | fn calculate_engine_audio(engine: &RealisticVehicle, dynamics: &VehicleDynamics) -> (f32, f32) {\n   |                           ^^^^^^ help: if this is intentional, prefix it with an underscore: `_engine`\n\n","$message_type":"diagnostic","children":[{"children":[],"code":null,"level":"help","message":"if this is intentional, prefix it with an underscore","rendered":null,"spans":[{"byte_end":3805,"byte_start":3799,"column_end":33,"column_start":27,"expansion":null,"file_name":"gameplay_render/src/systems/audio/realistic_vehicle_audio.rs","is_primary":true,"label":null,"line_end":95,"line_start":95,"suggested_replacement":"_engine","suggestion_applicability":"MaybeIncorrect","text":[{"highlight_end":33,"highlight_start":27,"text":"fn calculate_engine_audio(engine: &RealisticVehicle, dynamics: &VehicleDynamics) -> (f32, f32) {"}]}]}],"code":{"code":"unused_variables","explanation":null},"level":"warning","message":"unused variable: `engine`","spans":[{"byte_end":3805,"byte_start":3799,"column_end":33,"column_start":27,"expansion":null,"file_name":"gameplay_render/src/systems/audio/realistic_vehicle_audio.rs","is_primary":true,"label":null,"line_end":95,"line_start":95,"suggested_replacement":null,"suggestion_applicability":null,"text":[{"highlight_end":33,"highlight_start":27,"text":"fn calculate_engine_audio(engine: &RealisticVehicle, dynamics: &VehicleDynamics) -> (f32, f32) {"}]}]}}
{"reason":"compiler-message","package_id":"path+file:///Users/bradyjeong/Documents/Projects/Amp/gta4/gta_game/gameplay_render#0.1.0","manifest_path":"/Users/bradyjeong/Documents/Projects/Amp/gta4/gta_game/gameplay_render/Cargo.toml","target":{"kind":["lib"],"crate_types":["lib"],"name":"gameplay_render","src_path":"/Users/bradyjeong/Documents/Projects/Amp/gta4/gta_game/gameplay_render/src/lib.rs","edition":"2021","doc":true,"doctest":true,"test":true},"message":{"rendered":"warning: unused variable: `entity`\n  --> gameplay_render/src/systems/effects/jet_flames.rs:54:10\n   |\n54 |     for (entity, flame_effect) in flame_query.iter() {\n   |          ^^^^^^ help: if this is intentional, prefix it with an underscore: `_entity`\n\n","$message_type":"diagnostic","children":[{"children":[],"code":null,"level":"help","message":"if this is intentional, prefix it with an underscore","rendered":null,"spans":[{"byte_end":1690,"byte_start":1684,"column_end":16,"column_start":10,"expansion":null,"file_name":"gameplay_render/src/systems/effects/jet_flames.rs","is_primary":true,"label":null,"line_end":54,"line_start":54,"suggested_replacement":"_entity","suggestion_applicability":"MaybeIncorrect","text":[{"highlight_end":16,"highlight_start":10,"text":"    for (entity, flame_effect) in flame_query.iter() {"}]}]}],"code":{"code":"unused_variables","explanation":null},"level":"warning","message":"unused variable: `entity`","spans":[{"byte_end":1690,"byte_start":1684,"column_end":16,"column_start":10,"expansion":null,"file_name":"gameplay_render/src/systems/effects/jet_flames.rs","is_primary":true,"label":null,"line_end":54,"line_start":54,"suggested_replacement":null,"suggestion_applicability":null,"text":[{"highlight_end":16,"highlight_start":10,"text":"    for (entity, flame_effect) in flame_query.iter() {"}]}]}}
{"reason":"compiler-message","package_id":"path+file:///Users/bradyjeong/Documents/Projects/Amp/gta4/gta_game/gameplay_render#0.1.0","manifest_path":"/Users/bradyjeong/Documents/Projects/Amp/gta4/gta_game/gameplay_render/Cargo.toml","target":{"kind":["lib"],"crate_types":["lib"],"name":"gameplay_render","src_path":"/Users/bradyjeong/Documents/Projects/Amp/gta4/gta_game/gameplay_render/src/lib.rs","edition":"2021","doc":true,"doctest":true,"test":true},"message":{"rendered":"warning: unused variable: `flame_color`\n  --> gameplay_render/src/systems/effects/jet_flames.rs:66:13\n   |\n66 |         let flame_color = Color::srgb(\n   |             ^^^^^^^^^^^ help: if this is intentional, prefix it with an underscore: `_flame_color`\n\n","$message_type":"diagnostic","children":[{"children":[],"code":null,"level":"help","message":"if this is intentional, prefix it with an underscore","rendered":null,"spans":[{"byte_end":2257,"byte_start":2246,"column_end":24,"column_start":13,"expansion":null,"file_name":"gameplay_render/src/systems/effects/jet_flames.rs","is_primary":true,"label":null,"line_end":66,"line_start":66,"suggested_replacement":"_flame_color","suggestion_applicability":"MaybeIncorrect","text":[{"highlight_end":24,"highlight_start":13,"text":"        let flame_color = Color::srgb("}]}]}],"code":{"code":"unused_variables","explanation":null},"level":"warning","message":"unused variable: `flame_color`","spans":[{"byte_end":2257,"byte_start":2246,"column_end":24,"column_start":13,"expansion":null,"file_name":"gameplay_render/src/systems/effects/jet_flames.rs","is_primary":true,"label":null,"line_end":66,"line_start":66,"suggested_replacement":null,"suggestion_applicability":null,"text":[{"highlight_end":24,"highlight_start":13,"text":"        let flame_color = Color::srgb("}]}]}}
{"reason":"compiler-message","package_id":"path+file:///Users/bradyjeong/Documents/Projects/Amp/gta4/gta_game/gameplay_render#0.1.0","manifest_path":"/Users/bradyjeong/Documents/Projects/Amp/gta4/gta_game/gameplay_render/Cargo.toml","target":{"kind":["lib"],"crate_types":["lib"],"name":"gameplay_render","src_path":"/Users/bradyjeong/Documents/Projects/Amp/gta4/gta_game/gameplay_render/src/lib.rs","edition":"2021","doc":true,"doctest":true,"test":true},"message":{"rendered":"warning: unused variable: `material_assets`\n  --> gameplay_render/src/systems/effects/jet_flames.rs:52:9\n   |\n52 |     mut material_assets: ResMut<Assets<StandardMaterial>>,\n   |         ^^^^^^^^^^^^^^^ help: if this is intentional, prefix it with an underscore: `_material_assets`\n\n","$message_type":"diagnostic","children":[{"children":[],"code":null,"level":"help","message":"if this is intentional, prefix it with an underscore","rendered":null,"spans":[{"byte_end":1635,"byte_start":1620,"column_end":24,"column_start":9,"expansion":null,"file_name":"gameplay_render/src/systems/effects/jet_flames.rs","is_primary":true,"label":null,"line_end":52,"line_start":52,"suggested_replacement":"_material_assets","suggestion_applicability":"MaybeIncorrect","text":[{"highlight_end":24,"highlight_start":9,"text":"    mut material_assets: ResMut<Assets<StandardMaterial>>,"}]}]}],"code":{"code":"unused_variables","explanation":null},"level":"warning","message":"unused variable: `material_assets`","spans":[{"byte_end":1635,"byte_start":1620,"column_end":24,"column_start":9,"expansion":null,"file_name":"gameplay_render/src/systems/effects/jet_flames.rs","is_primary":true,"label":null,"line_end":52,"line_start":52,"suggested_replacement":null,"suggestion_applicability":null,"text":[{"highlight_end":24,"highlight_start":9,"text":"    mut material_assets: ResMut<Assets<StandardMaterial>>,"}]}]}}
{"reason":"compiler-message","package_id":"path+file:///Users/bradyjeong/Documents/Projects/Amp/gta4/gta_game/gameplay_render#0.1.0","manifest_path":"/Users/bradyjeong/Documents/Projects/Amp/gta4/gta_game/gameplay_render/Cargo.toml","target":{"kind":["lib"],"crate_types":["lib"],"name":"gameplay_render","src_path":"/Users/bradyjeong/Documents/Projects/Amp/gta4/gta_game/gameplay_render/src/lib.rs","edition":"2021","doc":true,"doctest":true,"test":true},"message":{"rendered":"warning: unused variable: `entity`\n  --> gameplay_render/src/systems/effects/jet_flames.rs:54:10\n   |\n54 |     for (entity, flame_effect) in flame_query.iter() {\n   |          ^^^^^^ help: if this is intentional, prefix it with an underscore: `_entity`\n\n","$message_type":"diagnostic","children":[{"children":[],"code":null,"level":"help","message":"if this is intentional, prefix it with an underscore","rendered":null,"spans":[{"byte_end":1690,"byte_start":1684,"column_end":16,"column_start":10,"expansion":null,"file_name":"gameplay_render/src/systems/effects/jet_flames.rs","is_primary":true,"label":null,"line_end":54,"line_start":54,"suggested_replacement":"_entity","suggestion_applicability":"MaybeIncorrect","text":[{"highlight_end":16,"highlight_start":10,"text":"    for (entity, flame_effect) in flame_query.iter() {"}]}]}],"code":{"code":"unused_variables","explanation":null},"level":"warning","message":"unused variable: `entity`","spans":[{"byte_end":1690,"byte_start":1684,"column_end":16,"column_start":10,"expansion":null,"file_name":"gameplay_render/src/systems/effects/jet_flames.rs","is_primary":true,"label":null,"line_end":54,"line_start":54,"suggested_replacement":null,"suggestion_applicability":null,"text":[{"highlight_end":16,"highlight_start":10,"text":"    for (entity, flame_effect) in flame_query.iter() {"}]}]}}
{"reason":"compiler-message","package_id":"path+file:///Users/bradyjeong/Documents/Projects/Amp/gta4/gta_game/gameplay_render#0.1.0","manifest_path":"/Users/bradyjeong/Documents/Projects/Amp/gta4/gta_game/gameplay_render/Cargo.toml","target":{"kind":["lib"],"crate_types":["lib"],"name":"gameplay_render","src_path":"/Users/bradyjeong/Documents/Projects/Amp/gta4/gta_game/gameplay_render/src/lib.rs","edition":"2021","doc":true,"doctest":true,"test":true},"message":{"rendered":"warning: unused variable: `flame_color`\n  --> gameplay_render/src/systems/effects/jet_flames.rs:66:13\n   |\n66 |         let flame_color = Color::srgb(\n   |             ^^^^^^^^^^^ help: if this is intentional, prefix it with an underscore: `_flame_color`\n\n","$message_type":"diagnostic","children":[{"children":[],"code":null,"level":"help","message":"if this is intentional, prefix it with an underscore","rendered":null,"spans":[{"byte_end":2257,"byte_start":2246,"column_end":24,"column_start":13,"expansion":null,"file_name":"gameplay_render/src/systems/effects/jet_flames.rs","is_primary":true,"label":null,"line_end":66,"line_start":66,"suggested_replacement":"_flame_color","suggestion_applicability":"MaybeIncorrect","text":[{"highlight_end":24,"highlight_start":13,"text":"        let flame_color = Color::srgb("}]}]}],"code":{"code":"unused_variables","explanation":null},"level":"warning","message":"unused variable: `flame_color`","spans":[{"byte_end":2257,"byte_start":2246,"column_end":24,"column_start":13,"expansion":null,"file_name":"gameplay_render/src/systems/effects/jet_flames.rs","is_primary":true,"label":null,"line_end":66,"line_start":66,"suggested_replacement":null,"suggestion_applicability":null,"text":[{"highlight_end":24,"highlight_start":13,"text":"        let flame_color = Color::srgb("}]}]}}
{"reason":"compiler-message","package_id":"path+file:///Users/bradyjeong/Documents/Projects/Amp/gta4/gta_game/gameplay_render#0.1.0","manifest_path":"/Users/bradyjeong/Documents/Projects/Amp/gta4/gta_game/gameplay_render/Cargo.toml","target":{"kind":["lib"],"crate_types":["lib"],"name":"gameplay_render","src_path":"/Users/bradyjeong/Documents/Projects/Amp/gta4/gta_game/gameplay_render/src/lib.rs","edition":"2021","doc":true,"doctest":true,"test":true},"message":{"rendered":"warning: unused variable: `material_assets`\n  --> gameplay_render/src/systems/effects/jet_flames.rs:52:9\n   |\n52 |     mut material_assets: ResMut<Assets<StandardMaterial>>,\n   |         ^^^^^^^^^^^^^^^ help: if this is intentional, prefix it with an underscore: `_material_assets`\n\n","$message_type":"diagnostic","children":[{"children":[],"code":null,"level":"help","message":"if this is intentional, prefix it with an underscore","rendered":null,"spans":[{"byte_end":1635,"byte_start":1620,"column_end":24,"column_start":9,"expansion":null,"file_name":"gameplay_render/src/systems/effects/jet_flames.rs","is_primary":true,"label":null,"line_end":52,"line_start":52,"suggested_replacement":"_material_assets","suggestion_applicability":"MaybeIncorrect","text":[{"highlight_end":24,"highlight_start":9,"text":"    mut material_assets: ResMut<Assets<StandardMaterial>>,"}]}]}],"code":{"code":"unused_variables","explanation":null},"level":"warning","message":"unused variable: `material_assets`","spans":[{"byte_end":1635,"byte_start":1620,"column_end":24,"column_start":9,"expansion":null,"file_name":"gameplay_render/src/systems/effects/jet_flames.rs","is_primary":true,"label":null,"line_end":52,"line_start":52,"suggested_replacement":null,"suggestion_applicability":null,"text":[{"highlight_end":24,"highlight_start":9,"text":"    mut material_assets: ResMut<Assets<StandardMaterial>>,"}]}]}}
{"reason":"compiler-message","package_id":"path+file:///Users/bradyjeong/Documents/Projects/Amp/gta4/gta_game/gameplay_render#0.1.0","manifest_path":"/Users/bradyjeong/Documents/Projects/Amp/gta4/gta_game/gameplay_render/Cargo.toml","target":{"kind":["lib"],"crate_types":["lib"],"name":"gameplay_render","src_path":"/Users/bradyjeong/Documents/Projects/Amp/gta4/gta_game/gameplay_render/src/lib.rs","edition":"2021","doc":true,"doctest":true,"test":true},"message":{"rendered":"warning: variable does not need to be mutable\n  --> gameplay_render/src/systems/effects/jet_flames.rs:52:5\n   |\n52 |     mut material_assets: ResMut<Assets<StandardMaterial>>,\n   |     ----^^^^^^^^^^^^^^^\n   |     |\n   |     help: remove this `mut`\n\n","$message_type":"diagnostic","children":[{"children":[],"code":null,"level":"help","message":"remove this `mut`","rendered":null,"spans":[{"byte_end":1620,"byte_start":1616,"column_end":9,"column_start":5,"expansion":null,"file_name":"gameplay_render/src/systems/effects/jet_flames.rs","is_primary":true,"label":null,"line_end":52,"line_start":52,"suggested_replacement":"","suggestion_applicability":"MachineApplicable","text":[{"highlight_end":9,"highlight_start":5,"text":"    mut material_assets: ResMut<Assets<StandardMaterial>>,"}]}]}],"code":{"code":"unused_mut","explanation":null},"level":"warning","message":"variable does not need to be mutable","spans":[{"byte_end":1635,"byte_start":1616,"column_end":24,"column_start":5,"expansion":null,"file_name":"gameplay_render/src/systems/effects/jet_flames.rs","is_primary":true,"label":null,"line_end":52,"line_start":52,"suggested_replacement":null,"suggestion_applicability":null,"text":[{"highlight_end":24,"highlight_start":5,"text":"    mut material_assets: ResMut<Assets<StandardMaterial>>,"}]}]}}
{"reason":"compiler-message","package_id":"path+file:///Users/bradyjeong/Documents/Projects/Amp/gta4/gta_game/gameplay_render#0.1.0","manifest_path":"/Users/bradyjeong/Documents/Projects/Amp/gta4/gta_game/gameplay_render/Cargo.toml","target":{"kind":["lib"],"crate_types":["lib"],"name":"gameplay_render","src_path":"/Users/bradyjeong/Documents/Projects/Amp/gta4/gta_game/gameplay_render/src/lib.rs","edition":"2021","doc":true,"doctest":true,"test":true},"message":{"rendered":"warning: variable does not need to be mutable\n  --> gameplay_render/src/systems/effects/jet_flames.rs:52:5\n   |\n52 |     mut material_assets: ResMut<Assets<StandardMaterial>>,\n   |     ----^^^^^^^^^^^^^^^\n   |     |\n   |     help: remove this `mut`\n\n","$message_type":"diagnostic","children":[{"children":[],"code":null,"level":"help","message":"remove this `mut`","rendered":null,"spans":[{"byte_end":1620,"byte_start":1616,"column_end":9,"column_start":5,"expansion":null,"file_name":"gameplay_render/src/systems/effects/jet_flames.rs","is_primary":true,"label":null,"line_end":52,"line_start":52,"suggested_replacement":"","suggestion_applicability":"MachineApplicable","text":[{"highlight_end":9,"highlight_start":5,"text":"    mut material_assets: ResMut<Assets<StandardMaterial>>,"}]}]}],"code":{"code":"unused_mut","explanation":null},"level":"warning","message":"variable does not need to be mutable","spans":[{"byte_end":1635,"byte_start":1616,"column_end":24,"column_start":5,"expansion":null,"file_name":"gameplay_render/src/systems/effects/jet_flames.rs","is_primary":true,"label":null,"line_end":52,"line_start":52,"suggested_replacement":null,"suggestion_applicability":null,"text":[{"highlight_end":24,"highlight_start":5,"text":"    mut material_assets: ResMut<Assets<StandardMaterial>>,"}]}]}}
{"reason":"compiler-message","package_id":"path+file:///Users/bradyjeong/Documents/Projects/Amp/gta4/gta_game/gameplay_render#0.1.0","manifest_path":"/Users/bradyjeong/Documents/Projects/Amp/gta4/gta_game/gameplay_render/Cargo.toml","target":{"kind":["lib"],"crate_types":["lib"],"name":"gameplay_render","src_path":"/Users/bradyjeong/Documents/Projects/Amp/gta4/gta_game/gameplay_render/src/lib.rs","edition":"2021","doc":true,"doctest":true,"test":true},"message":{"rendered":"warning: unused variable: `vegetation`\n   --> gameplay_render/src/systems/lod/modern_lod_system.rs:152:5\n    |\n152 |     vegetation: Query<&VegetationLOD>,\n    |     ^^^^^^^^^^ help: if this is intentional, prefix it with an underscore: `_vegetation`\n\n","$message_type":"diagnostic","children":[{"children":[],"code":null,"level":"help","message":"if this is intentional, prefix it with an underscore","rendered":null,"spans":[{"byte_end":6155,"byte_start":6145,"column_end":15,"column_start":5,"expansion":null,"file_name":"gameplay_render/src/systems/lod/modern_lod_system.rs","is_primary":true,"label":null,"line_end":152,"line_start":152,"suggested_replacement":"_vegetation","suggestion_applicability":"MaybeIncorrect","text":[{"highlight_end":15,"highlight_start":5,"text":"    vegetation: Query<&VegetationLOD>,"}]}]}],"code":{"code":"unused_variables","explanation":null},"level":"warning","message":"unused variable: `vegetation`","spans":[{"byte_end":6155,"byte_start":6145,"column_end":15,"column_start":5,"expansion":null,"file_name":"gameplay_render/src/systems/lod/modern_lod_system.rs","is_primary":true,"label":null,"line_end":152,"line_start":152,"suggested_replacement":null,"suggestion_applicability":null,"text":[{"highlight_end":15,"highlight_start":5,"text":"    vegetation: Query<&VegetationLOD>,"}]}]}}
{"reason":"compiler-message","package_id":"path+file:///Users/bradyjeong/Documents/Projects/Amp/gta4/gta_game/gameplay_render#0.1.0","manifest_path":"/Users/bradyjeong/Documents/Projects/Amp/gta4/gta_game/gameplay_render/Cargo.toml","target":{"kind":["lib"],"crate_types":["lib"],"name":"gameplay_render","src_path":"/Users/bradyjeong/Documents/Projects/Amp/gta4/gta_game/gameplay_render/src/lib.rs","edition":"2021","doc":true,"doctest":true,"test":true},"message":{"rendered":"warning: unused variable: `vegetation`\n   --> gameplay_render/src/systems/lod/modern_lod_system.rs:152:5\n    |\n152 |     vegetation: Query<&VegetationLOD>,\n    |     ^^^^^^^^^^ help: if this is intentional, prefix it with an underscore: `_vegetation`\n\n","$message_type":"diagnostic","children":[{"children":[],"code":null,"level":"help","message":"if this is intentional, prefix it with an underscore","rendered":null,"spans":[{"byte_end":6155,"byte_start":6145,"column_end":15,"column_start":5,"expansion":null,"file_name":"gameplay_render/src/systems/lod/modern_lod_system.rs","is_primary":true,"label":null,"line_end":152,"line_start":152,"suggested_replacement":"_vegetation","suggestion_applicability":"MaybeIncorrect","text":[{"highlight_end":15,"highlight_start":5,"text":"    vegetation: Query<&VegetationLOD>,"}]}]}],"code":{"code":"unused_variables","explanation":null},"level":"warning","message":"unused variable: `vegetation`","spans":[{"byte_end":6155,"byte_start":6145,"column_end":15,"column_start":5,"expansion":null,"file_name":"gameplay_render/src/systems/lod/modern_lod_system.rs","is_primary":true,"label":null,"line_end":152,"line_start":152,"suggested_replacement":null,"suggestion_applicability":null,"text":[{"highlight_end":15,"highlight_start":5,"text":"    vegetation: Query<&VegetationLOD>,"}]}]}}
{"reason":"compiler-message","package_id":"path+file:///Users/bradyjeong/Documents/Projects/Amp/gta4/gta_game/gameplay_render#0.1.0","manifest_path":"/Users/bradyjeong/Documents/Projects/Amp/gta4/gta_game/gameplay_render/Cargo.toml","target":{"kind":["lib"],"crate_types":["lib"],"name":"gameplay_render","src_path":"/Users/bradyjeong/Documents/Projects/Amp/gta4/gta_game/gameplay_render/src/lib.rs","edition":"2021","doc":true,"doctest":true,"test":true},"message":{"rendered":"warning: unused variable: `performance_tracker`\n   --> gameplay_render/src/batch_processing.rs:743:9\n    |\n743 |     mut performance_tracker: ResMut<UnifiedPerformanceTracker>,\n    |         ^^^^^^^^^^^^^^^^^^^ help: if this is intentional, prefix it with an underscore: `_performance_tracker`\n\n","$message_type":"diagnostic","children":[{"children":[],"code":null,"level":"help","message":"if this is intentional, prefix it with an underscore","rendered":null,"spans":[{"byte_end":30002,"byte_start":29983,"column_end":28,"column_start":9,"expansion":null,"file_name":"gameplay_render/src/batch_processing.rs","is_primary":true,"label":null,"line_end":743,"line_start":743,"suggested_replacement":"_performance_tracker","suggestion_applicability":"MaybeIncorrect","text":[{"highlight_end":28,"highlight_start":9,"text":"    mut performance_tracker: ResMut<UnifiedPerformanceTracker>,"}]}]}],"code":{"code":"unused_variables","explanation":null},"level":"warning","message":"unused variable: `performance_tracker`","spans":[{"byte_end":30002,"byte_start":29983,"column_end":28,"column_start":9,"expansion":null,"file_name":"gameplay_render/src/batch_processing.rs","is_primary":true,"label":null,"line_end":743,"line_start":743,"suggested_replacement":null,"suggestion_applicability":null,"text":[{"highlight_end":28,"highlight_start":9,"text":"    mut performance_tracker: ResMut<UnifiedPerformanceTracker>,"}]}]}}
{"reason":"compiler-message","package_id":"path+file:///Users/bradyjeong/Documents/Projects/Amp/gta4/gta_game/gameplay_render#0.1.0","manifest_path":"/Users/bradyjeong/Documents/Projects/Amp/gta4/gta_game/gameplay_render/Cargo.toml","target":{"kind":["lib"],"crate_types":["lib"],"name":"gameplay_render","src_path":"/Users/bradyjeong/Documents/Projects/Amp/gta4/gta_game/gameplay_render/src/lib.rs","edition":"2021","doc":true,"doctest":true,"test":true},"message":{"rendered":"warning: unused variable: `performance_tracker`\n   --> gameplay_render/src/batch_processing.rs:743:9\n    |\n743 |     mut performance_tracker: ResMut<UnifiedPerformanceTracker>,\n    |         ^^^^^^^^^^^^^^^^^^^ help: if this is intentional, prefix it with an underscore: `_performance_tracker`\n\n","$message_type":"diagnostic","children":[{"children":[],"code":null,"level":"help","message":"if this is intentional, prefix it with an underscore","rendered":null,"spans":[{"byte_end":30002,"byte_start":29983,"column_end":28,"column_start":9,"expansion":null,"file_name":"gameplay_render/src/batch_processing.rs","is_primary":true,"label":null,"line_end":743,"line_start":743,"suggested_replacement":"_performance_tracker","suggestion_applicability":"MaybeIncorrect","text":[{"highlight_end":28,"highlight_start":9,"text":"    mut performance_tracker: ResMut<UnifiedPerformanceTracker>,"}]}]}],"code":{"code":"unused_variables","explanation":null},"level":"warning","message":"unused variable: `performance_tracker`","spans":[{"byte_end":30002,"byte_start":29983,"column_end":28,"column_start":9,"expansion":null,"file_name":"gameplay_render/src/batch_processing.rs","is_primary":true,"label":null,"line_end":743,"line_start":743,"suggested_replacement":null,"suggestion_applicability":null,"text":[{"highlight_end":28,"highlight_start":9,"text":"    mut performance_tracker: ResMut<UnifiedPerformanceTracker>,"}]}]}}
{"reason":"compiler-message","package_id":"path+file:///Users/bradyjeong/Documents/Projects/Amp/gta4/gta_game/gameplay_render#0.1.0","manifest_path":"/Users/bradyjeong/Documents/Projects/Amp/gta4/gta_game/gameplay_render/Cargo.toml","target":{"kind":["lib"],"crate_types":["lib"],"name":"gameplay_render","src_path":"/Users/bradyjeong/Documents/Projects/Amp/gta4/gta_game/gameplay_render/src/lib.rs","edition":"2021","doc":true,"doctest":true,"test":true},"message":{"rendered":"warning: variable does not need to be mutable\n   --> gameplay_render/src/batch_processing.rs:743:5\n    |\n743 |     mut performance_tracker: ResMut<UnifiedPerformanceTracker>,\n    |     ----^^^^^^^^^^^^^^^^^^^\n    |     |\n    |     help: remove this `mut`\n\n","$message_type":"diagnostic","children":[{"children":[],"code":null,"level":"help","message":"remove this `mut`","rendered":null,"spans":[{"byte_end":29983,"byte_start":29979,"column_end":9,"column_start":5,"expansion":null,"file_name":"gameplay_render/src/batch_processing.rs","is_primary":true,"label":null,"line_end":743,"line_start":743,"suggested_replacement":"","suggestion_applicability":"MachineApplicable","text":[{"highlight_end":9,"highlight_start":5,"text":"    mut performance_tracker: ResMut<UnifiedPerformanceTracker>,"}]}]}],"code":{"code":"unused_mut","explanation":null},"level":"warning","message":"variable does not need to be mutable","spans":[{"byte_end":30002,"byte_start":29979,"column_end":28,"column_start":5,"expansion":null,"file_name":"gameplay_render/src/batch_processing.rs","is_primary":true,"label":null,"line_end":743,"line_start":743,"suggested_replacement":null,"suggestion_applicability":null,"text":[{"highlight_end":28,"highlight_start":5,"text":"    mut performance_tracker: ResMut<UnifiedPerformanceTracker>,"}]}]}}
{"reason":"compiler-message","package_id":"path+file:///Users/bradyjeong/Documents/Projects/Amp/gta4/gta_game/gameplay_render#0.1.0","manifest_path":"/Users/bradyjeong/Documents/Projects/Amp/gta4/gta_game/gameplay_render/Cargo.toml","target":{"kind":["lib"],"crate_types":["lib"],"name":"gameplay_render","src_path":"/Users/bradyjeong/Documents/Projects/Amp/gta4/gta_game/gameplay_render/src/lib.rs","edition":"2021","doc":true,"doctest":true,"test":true},"message":{"rendered":"warning: variable does not need to be mutable\n   --> gameplay_render/src/batch_processing.rs:743:5\n    |\n743 |     mut performance_tracker: ResMut<UnifiedPerformanceTracker>,\n    |     ----^^^^^^^^^^^^^^^^^^^\n    |     |\n    |     help: remove this `mut`\n\n","$message_type":"diagnostic","children":[{"children":[],"code":null,"level":"help","message":"remove this `mut`","rendered":null,"spans":[{"byte_end":29983,"byte_start":29979,"column_end":9,"column_start":5,"expansion":null,"file_name":"gameplay_render/src/batch_processing.rs","is_primary":true,"label":null,"line_end":743,"line_start":743,"suggested_replacement":"","suggestion_applicability":"MachineApplicable","text":[{"highlight_end":9,"highlight_start":5,"text":"    mut performance_tracker: ResMut<UnifiedPerformanceTracker>,"}]}]}],"code":{"code":"unused_mut","explanation":null},"level":"warning","message":"variable does not need to be mutable","spans":[{"byte_end":30002,"byte_start":29979,"column_end":28,"column_start":5,"expansion":null,"file_name":"gameplay_render/src/batch_processing.rs","is_primary":true,"label":null,"line_end":743,"line_start":743,"suggested_replacement":null,"suggestion_applicability":null,"text":[{"highlight_end":28,"highlight_start":5,"text":"    mut performance_tracker: ResMut<UnifiedPerformanceTracker>,"}]}]}}
{"reason":"compiler-message","package_id":"path+file:///Users/bradyjeong/Documents/Projects/Amp/gta4/gta_game/gameplay_render#0.1.0","manifest_path":"/Users/bradyjeong/Documents/Projects/Amp/gta4/gta_game/gameplay_render/Cargo.toml","target":{"kind":["lib"],"crate_types":["lib"],"name":"gameplay_render","src_path":"/Users/bradyjeong/Documents/Projects/Amp/gta4/gta_game/gameplay_render/src/lib.rs","edition":"2021","doc":true,"doctest":true,"test":true},"message":{"rendered":"warning: unused variable: `commands`\n --> gameplay_render/src/world/unified_factory_setup.rs:8:9\n  |\n8 |     mut commands: Commands,\n  |         ^^^^^^^^ help: if this is intentional, prefix it with an underscore: `_commands`\n\n","$message_type":"diagnostic","children":[{"children":[],"code":null,"level":"help","message":"if this is intentional, prefix it with an underscore","rendered":null,"spans":[{"byte_end":263,"byte_start":255,"column_end":17,"column_start":9,"expansion":null,"file_name":"gameplay_render/src/world/unified_factory_setup.rs","is_primary":true,"label":null,"line_end":8,"line_start":8,"suggested_replacement":"_commands","suggestion_applicability":"MaybeIncorrect","text":[{"highlight_end":17,"highlight_start":9,"text":"    mut commands: Commands,"}]}]}],"code":{"code":"unused_variables","explanation":null},"level":"warning","message":"unused variable: `commands`","spans":[{"byte_end":263,"byte_start":255,"column_end":17,"column_start":9,"expansion":null,"file_name":"gameplay_render/src/world/unified_factory_setup.rs","is_primary":true,"label":null,"line_end":8,"line_start":8,"suggested_replacement":null,"suggestion_applicability":null,"text":[{"highlight_end":17,"highlight_start":9,"text":"    mut commands: Commands,"}]}]}}
{"reason":"compiler-message","package_id":"path+file:///Users/bradyjeong/Documents/Projects/Amp/gta4/gta_game/gameplay_render#0.1.0","manifest_path":"/Users/bradyjeong/Documents/Projects/Amp/gta4/gta_game/gameplay_render/Cargo.toml","target":{"kind":["lib"],"crate_types":["lib"],"name":"gameplay_render","src_path":"/Users/bradyjeong/Documents/Projects/Amp/gta4/gta_game/gameplay_render/src/lib.rs","edition":"2021","doc":true,"doctest":true,"test":true},"message":{"rendered":"warning: unused variable: `config`\n --> gameplay_render/src/world/unified_factory_setup.rs:9:5\n  |\n9 |     config: Res<GameConfig>,\n  |     ^^^^^^ help: if this is intentional, prefix it with an underscore: `_config`\n\n","$message_type":"diagnostic","children":[{"children":[],"code":null,"level":"help","message":"if this is intentional, prefix it with an underscore","rendered":null,"spans":[{"byte_end":285,"byte_start":279,"column_end":11,"column_start":5,"expansion":null,"file_name":"gameplay_render/src/world/unified_factory_setup.rs","is_primary":true,"label":null,"line_end":9,"line_start":9,"suggested_replacement":"_config","suggestion_applicability":"MaybeIncorrect","text":[{"highlight_end":11,"highlight_start":5,"text":"    config: Res<GameConfig>,"}]}]}],"code":{"code":"unused_variables","explanation":null},"level":"warning","message":"unused variable: `config`","spans":[{"byte_end":285,"byte_start":279,"column_end":11,"column_start":5,"expansion":null,"file_name":"gameplay_render/src/world/unified_factory_setup.rs","is_primary":true,"label":null,"line_end":9,"line_start":9,"suggested_replacement":null,"suggestion_applicability":null,"text":[{"highlight_end":11,"highlight_start":5,"text":"    config: Res<GameConfig>,"}]}]}}
{"reason":"compiler-message","package_id":"path+file:///Users/bradyjeong/Documents/Projects/Amp/gta4/gta_game/gameplay_render#0.1.0","manifest_path":"/Users/bradyjeong/Documents/Projects/Amp/gta4/gta_game/gameplay_render/Cargo.toml","target":{"kind":["lib"],"crate_types":["lib"],"name":"gameplay_render","src_path":"/Users/bradyjeong/Documents/Projects/Amp/gta4/gta_game/gameplay_render/src/lib.rs","edition":"2021","doc":true,"doctest":true,"test":true},"message":{"rendered":"warning: variable does not need to be mutable\n --> gameplay_render/src/world/unified_factory_setup.rs:8:5\n  |\n8 |     mut commands: Commands,\n  |     ----^^^^^^^^\n  |     |\n  |     help: remove this `mut`\n\n","$message_type":"diagnostic","children":[{"children":[],"code":null,"level":"help","message":"remove this `mut`","rendered":null,"spans":[{"byte_end":255,"byte_start":251,"column_end":9,"column_start":5,"expansion":null,"file_name":"gameplay_render/src/world/unified_factory_setup.rs","is_primary":true,"label":null,"line_end":8,"line_start":8,"suggested_replacement":"","suggestion_applicability":"MachineApplicable","text":[{"highlight_end":9,"highlight_start":5,"text":"    mut commands: Commands,"}]}]}],"code":{"code":"unused_mut","explanation":null},"level":"warning","message":"variable does not need to be mutable","spans":[{"byte_end":263,"byte_start":251,"column_end":17,"column_start":5,"expansion":null,"file_name":"gameplay_render/src/world/unified_factory_setup.rs","is_primary":true,"label":null,"line_end":8,"line_start":8,"suggested_replacement":null,"suggestion_applicability":null,"text":[{"highlight_end":17,"highlight_start":5,"text":"    mut commands: Commands,"}]}]}}
{"reason":"compiler-message","package_id":"path+file:///Users/bradyjeong/Documents/Projects/Amp/gta4/gta_game/gameplay_render#0.1.0","manifest_path":"/Users/bradyjeong/Documents/Projects/Amp/gta4/gta_game/gameplay_render/Cargo.toml","target":{"kind":["lib"],"crate_types":["lib"],"name":"gameplay_render","src_path":"/Users/bradyjeong/Documents/Projects/Amp/gta4/gta_game/gameplay_render/src/lib.rs","edition":"2021","doc":true,"doctest":true,"test":true},"message":{"rendered":"warning: unused variable: `commands`\n --> gameplay_render/src/world/unified_factory_setup.rs:8:9\n  |\n8 |     mut commands: Commands,\n  |         ^^^^^^^^ help: if this is intentional, prefix it with an underscore: `_commands`\n\n","$message_type":"diagnostic","children":[{"children":[],"code":null,"level":"help","message":"if this is intentional, prefix it with an underscore","rendered":null,"spans":[{"byte_end":263,"byte_start":255,"column_end":17,"column_start":9,"expansion":null,"file_name":"gameplay_render/src/world/unified_factory_setup.rs","is_primary":true,"label":null,"line_end":8,"line_start":8,"suggested_replacement":"_commands","suggestion_applicability":"MaybeIncorrect","text":[{"highlight_end":17,"highlight_start":9,"text":"    mut commands: Commands,"}]}]}],"code":{"code":"unused_variables","explanation":null},"level":"warning","message":"unused variable: `commands`","spans":[{"byte_end":263,"byte_start":255,"column_end":17,"column_start":9,"expansion":null,"file_name":"gameplay_render/src/world/unified_factory_setup.rs","is_primary":true,"label":null,"line_end":8,"line_start":8,"suggested_replacement":null,"suggestion_applicability":null,"text":[{"highlight_end":17,"highlight_start":9,"text":"    mut commands: Commands,"}]}]}}
{"reason":"compiler-message","package_id":"path+file:///Users/bradyjeong/Documents/Projects/Amp/gta4/gta_game/gameplay_render#0.1.0","manifest_path":"/Users/bradyjeong/Documents/Projects/Amp/gta4/gta_game/gameplay_render/Cargo.toml","target":{"kind":["lib"],"crate_types":["lib"],"name":"gameplay_render","src_path":"/Users/bradyjeong/Documents/Projects/Amp/gta4/gta_game/gameplay_render/src/lib.rs","edition":"2021","doc":true,"doctest":true,"test":true},"message":{"rendered":"warning: unused variable: `config`\n --> gameplay_render/src/world/unified_factory_setup.rs:9:5\n  |\n9 |     config: Res<GameConfig>,\n  |     ^^^^^^ help: if this is intentional, prefix it with an underscore: `_config`\n\n","$message_type":"diagnostic","children":[{"children":[],"code":null,"level":"help","message":"if this is intentional, prefix it with an underscore","rendered":null,"spans":[{"byte_end":285,"byte_start":279,"column_end":11,"column_start":5,"expansion":null,"file_name":"gameplay_render/src/world/unified_factory_setup.rs","is_primary":true,"label":null,"line_end":9,"line_start":9,"suggested_replacement":"_config","suggestion_applicability":"MaybeIncorrect","text":[{"highlight_end":11,"highlight_start":5,"text":"    config: Res<GameConfig>,"}]}]}],"code":{"code":"unused_variables","explanation":null},"level":"warning","message":"unused variable: `config`","spans":[{"byte_end":285,"byte_start":279,"column_end":11,"column_start":5,"expansion":null,"file_name":"gameplay_render/src/world/unified_factory_setup.rs","is_primary":true,"label":null,"line_end":9,"line_start":9,"suggested_replacement":null,"suggestion_applicability":null,"text":[{"highlight_end":11,"highlight_start":5,"text":"    config: Res<GameConfig>,"}]}]}}
{"reason":"compiler-message","package_id":"path+file:///Users/bradyjeong/Documents/Projects/Amp/gta4/gta_game/gameplay_render#0.1.0","manifest_path":"/Users/bradyjeong/Documents/Projects/Amp/gta4/gta_game/gameplay_render/Cargo.toml","target":{"kind":["lib"],"crate_types":["lib"],"name":"gameplay_render","src_path":"/Users/bradyjeong/Documents/Projects/Amp/gta4/gta_game/gameplay_render/src/lib.rs","edition":"2021","doc":true,"doctest":true,"test":true},"message":{"rendered":"warning: variable does not need to be mutable\n --> gameplay_render/src/world/unified_factory_setup.rs:8:5\n  |\n8 |     mut commands: Commands,\n  |     ----^^^^^^^^\n  |     |\n  |     help: remove this `mut`\n\n","$message_type":"diagnostic","children":[{"children":[],"code":null,"level":"help","message":"remove this `mut`","rendered":null,"spans":[{"byte_end":255,"byte_start":251,"column_end":9,"column_start":5,"expansion":null,"file_name":"gameplay_render/src/world/unified_factory_setup.rs","is_primary":true,"label":null,"line_end":8,"line_start":8,"suggested_replacement":"","suggestion_applicability":"MachineApplicable","text":[{"highlight_end":9,"highlight_start":5,"text":"    mut commands: Commands,"}]}]}],"code":{"code":"unused_mut","explanation":null},"level":"warning","message":"variable does not need to be mutable","spans":[{"byte_end":263,"byte_start":251,"column_end":17,"column_start":5,"expansion":null,"file_name":"gameplay_render/src/world/unified_factory_setup.rs","is_primary":true,"label":null,"line_end":8,"line_start":8,"suggested_replacement":null,"suggestion_applicability":null,"text":[{"highlight_end":17,"highlight_start":5,"text":"    mut commands: Commands,"}]}]}}
{"reason":"compiler-message","package_id":"path+file:///Users/bradyjeong/Documents/Projects/Amp/gta4/gta_game/gameplay_render#0.1.0","manifest_path":"/Users/bradyjeong/Documents/Projects/Amp/gta4/gta_game/gameplay_render/Cargo.toml","target":{"kind":["lib"],"crate_types":["lib"],"name":"gameplay_render","src_path":"/Users/bradyjeong/Documents/Projects/Amp/gta4/gta_game/gameplay_render/src/lib.rs","edition":"2021","doc":true,"doctest":true,"test":true},"message":{"rendered":"warning: fields `gear_shift_volume`, `turbo_whistle_volume`, and `last_gear` are never read\n  --> gameplay_render/src/systems/audio/realistic_vehicle_audio.rs:24:9\n   |\n18 | pub struct VehicleAudioState {\n   |            ----------------- fields in this struct\n...\n24 |     pub gear_shift_volume: f32,     // 0.0 to 1.0 triggered on gear shifts\n   |         ^^^^^^^^^^^^^^^^^\n25 |     pub turbo_whistle_volume: f32,  // 0.0 to 1.0 based on turbo pressure\n   |         ^^^^^^^^^^^^^^^^^^^^\n26 |     pub last_gear: i8,              // Track gear changes for audio triggers\n   |         ^^^^^^^^^\n   |\n   = note: `VehicleAudioState` has a derived impl for the trait `Debug`, but this is intentionally ignored during dead code analysis\n   = note: `#[warn(dead_code)]` on by default\n\n","$message_type":"diagnostic","children":[{"children":[],"code":null,"level":"note","message":"`VehicleAudioState` has a derived impl for the trait `Debug`, but this is intentionally ignored during dead code analysis","rendered":null,"spans":[]},{"children":[],"code":null,"level":"note","message":"`#[warn(dead_code)]` on by default","rendered":null,"spans":[]}],"code":{"code":"dead_code","explanation":null},"level":"warning","message":"fields `gear_shift_volume`, `turbo_whistle_volume`, and `last_gear` are never read","spans":[{"byte_end":819,"byte_start":802,"column_end":29,"column_start":12,"expansion":null,"file_name":"gameplay_render/src/systems/audio/realistic_vehicle_audio.rs","is_primary":false,"label":"fields in this struct","line_end":18,"line_start":18,"suggested_replacement":null,"suggestion_applicability":null,"text":[{"highlight_end":29,"highlight_start":12,"text":"pub struct VehicleAudioState {"}]},{"byte_end":1195,"byte_start":1178,"column_end":26,"column_start":9,"expansion":null,"file_name":"gameplay_render/src/systems/audio/realistic_vehicle_audio.rs","is_primary":true,"label":null,"line_end":24,"line_start":24,"suggested_replacement":null,"suggestion_applicability":null,"text":[{"highlight_end":26,"highlight_start":9,"text":"    pub gear_shift_volume: f32,     // 0.0 to 1.0 triggered on gear shifts"}]},{"byte_end":1273,"byte_start":1253,"column_end":29,"column_start":9,"expansion":null,"file_name":"gameplay_render/src/systems/audio/realistic_vehicle_audio.rs","is_primary":true,"label":null,"line_end":25,"line_start":25,"suggested_replacement":null,"suggestion_applicability":null,"text":[{"highlight_end":29,"highlight_start":9,"text":"    pub turbo_whistle_volume: f32,  // 0.0 to 1.0 based on turbo pressure"}]},{"byte_end":1336,"byte_start":1327,"column_end":18,"column_start":9,"expansion":null,"file_name":"gameplay_render/src/systems/audio/realistic_vehicle_audio.rs","is_primary":true,"label":null,"line_end":26,"line_start":26,"suggested_replacement":null,"suggestion_applicability":null,"text":[{"highlight_end":18,"highlight_start":9,"text":"    pub last_gear: i8,              // Track gear changes for audio triggers"}]}]}}
{"reason":"compiler-message","package_id":"path+file:///Users/bradyjeong/Documents/Projects/Amp/gta4/gta_game/gameplay_render#0.1.0","manifest_path":"/Users/bradyjeong/Documents/Projects/Amp/gta4/gta_game/gameplay_render/Cargo.toml","target":{"kind":["lib"],"crate_types":["lib"],"name":"gameplay_render","src_path":"/Users/bradyjeong/Documents/Projects/Amp/gta4/gta_game/gameplay_render/src/lib.rs","edition":"2021","doc":true,"doctest":true,"test":true},"message":{"rendered":"warning: fields `gear_shift_volume`, `turbo_whistle_volume`, and `last_gear` are never read\n  --> gameplay_render/src/systems/audio/realistic_vehicle_audio.rs:24:9\n   |\n18 | pub struct VehicleAudioState {\n   |            ----------------- fields in this struct\n...\n24 |     pub gear_shift_volume: f32,     // 0.0 to 1.0 triggered on gear shifts\n   |         ^^^^^^^^^^^^^^^^^\n25 |     pub turbo_whistle_volume: f32,  // 0.0 to 1.0 based on turbo pressure\n   |         ^^^^^^^^^^^^^^^^^^^^\n26 |     pub last_gear: i8,              // Track gear changes for audio triggers\n   |         ^^^^^^^^^\n   |\n   = note: `VehicleAudioState` has a derived impl for the trait `Debug`, but this is intentionally ignored during dead code analysis\n   = note: `#[warn(dead_code)]` on by default\n\n","$message_type":"diagnostic","children":[{"children":[],"code":null,"level":"note","message":"`VehicleAudioState` has a derived impl for the trait `Debug`, but this is intentionally ignored during dead code analysis","rendered":null,"spans":[]},{"children":[],"code":null,"level":"note","message":"`#[warn(dead_code)]` on by default","rendered":null,"spans":[]}],"code":{"code":"dead_code","explanation":null},"level":"warning","message":"fields `gear_shift_volume`, `turbo_whistle_volume`, and `last_gear` are never read","spans":[{"byte_end":819,"byte_start":802,"column_end":29,"column_start":12,"expansion":null,"file_name":"gameplay_render/src/systems/audio/realistic_vehicle_audio.rs","is_primary":false,"label":"fields in this struct","line_end":18,"line_start":18,"suggested_replacement":null,"suggestion_applicability":null,"text":[{"highlight_end":29,"highlight_start":12,"text":"pub struct VehicleAudioState {"}]},{"byte_end":1195,"byte_start":1178,"column_end":26,"column_start":9,"expansion":null,"file_name":"gameplay_render/src/systems/audio/realistic_vehicle_audio.rs","is_primary":true,"label":null,"line_end":24,"line_start":24,"suggested_replacement":null,"suggestion_applicability":null,"text":[{"highlight_end":26,"highlight_start":9,"text":"    pub gear_shift_volume: f32,     // 0.0 to 1.0 triggered on gear shifts"}]},{"byte_end":1273,"byte_start":1253,"column_end":29,"column_start":9,"expansion":null,"file_name":"gameplay_render/src/systems/audio/realistic_vehicle_audio.rs","is_primary":true,"label":null,"line_end":25,"line_start":25,"suggested_replacement":null,"suggestion_applicability":null,"text":[{"highlight_end":29,"highlight_start":9,"text":"    pub turbo_whistle_volume: f32,  // 0.0 to 1.0 based on turbo pressure"}]},{"byte_end":1336,"byte_start":1327,"column_end":18,"column_start":9,"expansion":null,"file_name":"gameplay_render/src/systems/audio/realistic_vehicle_audio.rs","is_primary":true,"label":null,"line_end":26,"line_start":26,"suggested_replacement":null,"suggestion_applicability":null,"text":[{"highlight_end":18,"highlight_start":9,"text":"    pub last_gear: i8,              // Track gear changes for audio triggers"}]}]}}
{"reason":"compiler-message","package_id":"path+file:///Users/bradyjeong/Documents/Projects/Amp/gta4/gta_game/gameplay_render#0.1.0","manifest_path":"/Users/bradyjeong/Documents/Projects/Amp/gta4/gta_game/gameplay_render/Cargo.toml","target":{"kind":["lib"],"crate_types":["lib"],"name":"gameplay_render","src_path":"/Users/bradyjeong/Documents/Projects/Amp/gta4/gta_game/gameplay_render/src/lib.rs","edition":"2021","doc":true,"doctest":true,"test":true},"message":{"rendered":"warning: fields `engine_source`, `tire_source`, `wind_source`, and `brake_source` are never read\n  --> gameplay_render/src/systems/audio/realistic_vehicle_audio.rs:33:9\n   |\n32 | pub struct VehicleAudioSources {\n   |            ------------------- fields in this struct\n33 |     pub engine_source: Entity,\n   |         ^^^^^^^^^^^^^\n34 |     pub tire_source: Entity,\n   |         ^^^^^^^^^^^\n35 |     pub wind_source: Entity,\n   |         ^^^^^^^^^^^\n36 |     pub brake_source: Entity,\n   |         ^^^^^^^^^^^^\n   |\n   = note: `VehicleAudioSources` has a derived impl for the trait `Debug`, but this is intentionally ignored during dead code analysis\n\n","$message_type":"diagnostic","children":[{"children":[],"code":null,"level":"note","message":"`VehicleAudioSources` has a derived impl for the trait `Debug`, but this is intentionally ignored during dead code analysis","rendered":null,"spans":[]}],"code":{"code":"dead_code","explanation":null},"level":"warning","message":"fields `engine_source`, `tire_source`, `wind_source`, and `brake_source` are never read","spans":[{"byte_end":1602,"byte_start":1583,"column_end":31,"column_start":12,"expansion":null,"file_name":"gameplay_render/src/systems/audio/realistic_vehicle_audio.rs","is_primary":false,"label":"fields in this struct","line_end":32,"line_start":32,"suggested_replacement":null,"suggestion_applicability":null,"text":[{"highlight_end":31,"highlight_start":12,"text":"pub struct VehicleAudioSources {"}]},{"byte_end":1626,"byte_start":1613,"column_end":22,"column_start":9,"expansion":null,"file_name":"gameplay_render/src/systems/audio/realistic_vehicle_audio.rs","is_primary":true,"label":null,"line_end":33,"line_start":33,"suggested_replacement":null,"suggestion_applicability":null,"text":[{"highlight_end":22,"highlight_start":9,"text":"    pub engine_source: Entity,"}]},{"byte_end":1655,"byte_start":1644,"column_end":20,"column_start":9,"expansion":null,"file_name":"gameplay_render/src/systems/audio/realistic_vehicle_audio.rs","is_primary":true,"label":null,"line_end":34,"line_start":34,"suggested_replacement":null,"suggestion_applicability":null,"text":[{"highlight_end":20,"highlight_start":9,"text":"    pub tire_source: Entity,"}]},{"byte_end":1684,"byte_start":1673,"column_end":20,"column_start":9,"expansion":null,"file_name":"gameplay_render/src/systems/audio/realistic_vehicle_audio.rs","is_primary":true,"label":null,"line_end":35,"line_start":35,"suggested_replacement":null,"suggestion_applicability":null,"text":[{"highlight_end":20,"highlight_start":9,"text":"    pub wind_source: Entity,"}]},{"byte_end":1714,"byte_start":1702,"column_end":21,"column_start":9,"expansion":null,"file_name":"gameplay_render/src/systems/audio/realistic_vehicle_audio.rs","is_primary":true,"label":null,"line_end":36,"line_start":36,"suggested_replacement":null,"suggestion_applicability":null,"text":[{"highlight_end":21,"highlight_start":9,"text":"    pub brake_source: Entity,"}]}]}}
{"reason":"compiler-message","package_id":"path+file:///Users/bradyjeong/Documents/Projects/Amp/gta4/gta_game/gameplay_render#0.1.0","manifest_path":"/Users/bradyjeong/Documents/Projects/Amp/gta4/gta_game/gameplay_render/Cargo.toml","target":{"kind":["lib"],"crate_types":["lib"],"name":"gameplay_render","src_path":"/Users/bradyjeong/Documents/Projects/Amp/gta4/gta_game/gameplay_render/src/lib.rs","edition":"2021","doc":true,"doctest":true,"test":true},"message":{"rendered":"warning: fields `engine_source`, `tire_source`, `wind_source`, and `brake_source` are never read\n  --> gameplay_render/src/systems/audio/realistic_vehicle_audio.rs:33:9\n   |\n32 | pub struct VehicleAudioSources {\n   |            ------------------- fields in this struct\n33 |     pub engine_source: Entity,\n   |         ^^^^^^^^^^^^^\n34 |     pub tire_source: Entity,\n   |         ^^^^^^^^^^^\n35 |     pub wind_source: Entity,\n   |         ^^^^^^^^^^^\n36 |     pub brake_source: Entity,\n   |         ^^^^^^^^^^^^\n   |\n   = note: `VehicleAudioSources` has a derived impl for the trait `Debug`, but this is intentionally ignored during dead code analysis\n\n","$message_type":"diagnostic","children":[{"children":[],"code":null,"level":"note","message":"`VehicleAudioSources` has a derived impl for the trait `Debug`, but this is intentionally ignored during dead code analysis","rendered":null,"spans":[]}],"code":{"code":"dead_code","explanation":null},"level":"warning","message":"fields `engine_source`, `tire_source`, `wind_source`, and `brake_source` are never read","spans":[{"byte_end":1602,"byte_start":1583,"column_end":31,"column_start":12,"expansion":null,"file_name":"gameplay_render/src/systems/audio/realistic_vehicle_audio.rs","is_primary":false,"label":"fields in this struct","line_end":32,"line_start":32,"suggested_replacement":null,"suggestion_applicability":null,"text":[{"highlight_end":31,"highlight_start":12,"text":"pub struct VehicleAudioSources {"}]},{"byte_end":1626,"byte_start":1613,"column_end":22,"column_start":9,"expansion":null,"file_name":"gameplay_render/src/systems/audio/realistic_vehicle_audio.rs","is_primary":true,"label":null,"line_end":33,"line_start":33,"suggested_replacement":null,"suggestion_applicability":null,"text":[{"highlight_end":22,"highlight_start":9,"text":"    pub engine_source: Entity,"}]},{"byte_end":1655,"byte_start":1644,"column_end":20,"column_start":9,"expansion":null,"file_name":"gameplay_render/src/systems/audio/realistic_vehicle_audio.rs","is_primary":true,"label":null,"line_end":34,"line_start":34,"suggested_replacement":null,"suggestion_applicability":null,"text":[{"highlight_end":20,"highlight_start":9,"text":"    pub tire_source: Entity,"}]},{"byte_end":1684,"byte_start":1673,"column_end":20,"column_start":9,"expansion":null,"file_name":"gameplay_render/src/systems/audio/realistic_vehicle_audio.rs","is_primary":true,"label":null,"line_end":35,"line_start":35,"suggested_replacement":null,"suggestion_applicability":null,"text":[{"highlight_end":20,"highlight_start":9,"text":"    pub wind_source: Entity,"}]},{"byte_end":1714,"byte_start":1702,"column_end":21,"column_start":9,"expansion":null,"file_name":"gameplay_render/src/systems/audio/realistic_vehicle_audio.rs","is_primary":true,"label":null,"line_end":36,"line_start":36,"suggested_replacement":null,"suggestion_applicability":null,"text":[{"highlight_end":21,"highlight_start":9,"text":"    pub brake_source: Entity,"}]}]}}
{"reason":"compiler-message","package_id":"path+file:///Users/bradyjeong/Documents/Projects/Amp/gta4/gta_game/gameplay_render#0.1.0","manifest_path":"/Users/bradyjeong/Documents/Projects/Amp/gta4/gta_game/gameplay_render/Cargo.toml","target":{"kind":["lib"],"crate_types":["lib"],"name":"gameplay_render","src_path":"/Users/bradyjeong/Documents/Projects/Amp/gta4/gta_game/gameplay_render/src/lib.rs","edition":"2021","doc":true,"doctest":true,"test":true},"message":{"rendered":"warning: fields `sound_type`, `volume`, `pitch`, and `position` are never read\n   --> gameplay_render/src/systems/audio/realistic_vehicle_audio.rs:149:9\n    |\n148 | pub struct AudioEvent {\n    |            ---------- fields in this struct\n149 |     pub sound_type: AudioType,\n    |         ^^^^^^^^^^\n150 |     pub volume: f32,\n    |         ^^^^^^\n151 |     pub pitch: f32,\n    |         ^^^^^\n152 |     pub position: Vec3,\n    |         ^^^^^^^^\n\n","$message_type":"diagnostic","children":[],"code":{"code":"dead_code","explanation":null},"level":"warning","message":"fields `sound_type`, `volume`, `pitch`, and `position` are never read","spans":[{"byte_end":5795,"byte_start":5785,"column_end":22,"column_start":12,"expansion":null,"file_name":"gameplay_render/src/systems/audio/realistic_vehicle_audio.rs","is_primary":false,"label":"fields in this struct","line_end":148,"line_start":148,"suggested_replacement":null,"suggestion_applicability":null,"text":[{"highlight_end":22,"highlight_start":12,"text":"pub struct AudioEvent {"}]},{"byte_end":5816,"byte_start":5806,"column_end":19,"column_start":9,"expansion":null,"file_name":"gameplay_render/src/systems/audio/realistic_vehicle_audio.rs","is_primary":true,"label":null,"line_end":149,"line_start":149,"suggested_replacement":null,"suggestion_applicability":null,"text":[{"highlight_end":19,"highlight_start":9,"text":"    pub sound_type: AudioType,"}]},{"byte_end":5843,"byte_start":5837,"column_end":15,"column_start":9,"expansion":null,"file_name":"gameplay_render/src/systems/audio/realistic_vehicle_audio.rs","is_primary":true,"label":null,"line_end":150,"line_start":150,"suggested_replacement":null,"suggestion_applicability":null,"text":[{"highlight_end":15,"highlight_start":9,"text":"    pub volume: f32,"}]},{"byte_end":5863,"byte_start":5858,"column_end":14,"column_start":9,"expansion":null,"file_name":"gameplay_render/src/systems/audio/realistic_vehicle_audio.rs","is_primary":true,"label":null,"line_end":151,"line_start":151,"suggested_replacement":null,"suggestion_applicability":null,"text":[{"highlight_end":14,"highlight_start":9,"text":"    pub pitch: f32,"}]},{"byte_end":5886,"byte_start":5878,"column_end":17,"column_start":9,"expansion":null,"file_name":"gameplay_render/src/systems/audio/realistic_vehicle_audio.rs","is_primary":true,"label":null,"line_end":152,"line_start":152,"suggested_replacement":null,"suggestion_applicability":null,"text":[{"highlight_end":17,"highlight_start":9,"text":"    pub position: Vec3,"}]}]}}
{"reason":"compiler-message","package_id":"path+file:///Users/bradyjeong/Documents/Projects/Amp/gta4/gta_game/gameplay_render#0.1.0","manifest_path":"/Users/bradyjeong/Documents/Projects/Amp/gta4/gta_game/gameplay_render/Cargo.toml","target":{"kind":["lib"],"crate_types":["lib"],"name":"gameplay_render","src_path":"/Users/bradyjeong/Documents/Projects/Amp/gta4/gta_game/gameplay_render/src/lib.rs","edition":"2021","doc":true,"doctest":true,"test":true},"message":{"rendered":"warning: fields `sound_type`, `volume`, `pitch`, and `position` are never read\n   --> gameplay_render/src/systems/audio/realistic_vehicle_audio.rs:149:9\n    |\n148 | pub struct AudioEvent {\n    |            ---------- fields in this struct\n149 |     pub sound_type: AudioType,\n    |         ^^^^^^^^^^\n150 |     pub volume: f32,\n    |         ^^^^^^\n151 |     pub pitch: f32,\n    |         ^^^^^\n152 |     pub position: Vec3,\n    |         ^^^^^^^^\n\n","$message_type":"diagnostic","children":[],"code":{"code":"dead_code","explanation":null},"level":"warning","message":"fields `sound_type`, `volume`, `pitch`, and `position` are never read","spans":[{"byte_end":5795,"byte_start":5785,"column_end":22,"column_start":12,"expansion":null,"file_name":"gameplay_render/src/systems/audio/realistic_vehicle_audio.rs","is_primary":false,"label":"fields in this struct","line_end":148,"line_start":148,"suggested_replacement":null,"suggestion_applicability":null,"text":[{"highlight_end":22,"highlight_start":12,"text":"pub struct AudioEvent {"}]},{"byte_end":5816,"byte_start":5806,"column_end":19,"column_start":9,"expansion":null,"file_name":"gameplay_render/src/systems/audio/realistic_vehicle_audio.rs","is_primary":true,"label":null,"line_end":149,"line_start":149,"suggested_replacement":null,"suggestion_applicability":null,"text":[{"highlight_end":19,"highlight_start":9,"text":"    pub sound_type: AudioType,"}]},{"byte_end":5843,"byte_start":5837,"column_end":15,"column_start":9,"expansion":null,"file_name":"gameplay_render/src/systems/audio/realistic_vehicle_audio.rs","is_primary":true,"label":null,"line_end":150,"line_start":150,"suggested_replacement":null,"suggestion_applicability":null,"text":[{"highlight_end":15,"highlight_start":9,"text":"    pub volume: f32,"}]},{"byte_end":5863,"byte_start":5858,"column_end":14,"column_start":9,"expansion":null,"file_name":"gameplay_render/src/systems/audio/realistic_vehicle_audio.rs","is_primary":true,"label":null,"line_end":151,"line_start":151,"suggested_replacement":null,"suggestion_applicability":null,"text":[{"highlight_end":14,"highlight_start":9,"text":"    pub pitch: f32,"}]},{"byte_end":5886,"byte_start":5878,"column_end":17,"column_start":9,"expansion":null,"file_name":"gameplay_render/src/systems/audio/realistic_vehicle_audio.rs","is_primary":true,"label":null,"line_end":152,"line_start":152,"suggested_replacement":null,"suggestion_applicability":null,"text":[{"highlight_end":17,"highlight_start":9,"text":"    pub position: Vec3,"}]}]}}
{"reason":"compiler-message","package_id":"path+file:///Users/bradyjeong/Documents/Projects/Amp/gta4/gta_game/gameplay_render#0.1.0","manifest_path":"/Users/bradyjeong/Documents/Projects/Amp/gta4/gta_game/gameplay_render/Cargo.toml","target":{"kind":["lib"],"crate_types":["lib"],"name":"gameplay_render","src_path":"/Users/bradyjeong/Documents/Projects/Amp/gta4/gta_game/gameplay_render/src/lib.rs","edition":"2021","doc":true,"doctest":true,"test":true},"message":{"rendered":"warning: variants `Engine`, `TireScreech`, `WindNoise`, and `BrakeNoise` are never constructed\n   --> gameplay_render/src/systems/audio/realistic_vehicle_audio.rs:157:5\n    |\n156 | pub enum AudioType {\n    |          --------- variants in this enum\n157 |     Engine,\n    |     ^^^^^^\n158 |     TireScreech,\n    |     ^^^^^^^^^^^\n159 |     WindNoise,\n    |     ^^^^^^^^^\n160 |     BrakeNoise,\n    |     ^^^^^^^^^^\n    |\n    = note: `AudioType` has a derived impl for the trait `Debug`, but this is intentionally ignored during dead code analysis\n\n","$message_type":"diagnostic","children":[{"children":[],"code":null,"level":"note","message":"`AudioType` has a derived impl for the trait `Debug`, but this is intentionally ignored during dead code analysis","rendered":null,"spans":[]}],"code":{"code":"dead_code","explanation":null},"level":"warning","message":"variants `Engine`, `TireScreech`, `WindNoise`, and `BrakeNoise` are never constructed","spans":[{"byte_end":5932,"byte_start":5923,"column_end":19,"column_start":10,"expansion":null,"file_name":"gameplay_render/src/systems/audio/realistic_vehicle_audio.rs","is_primary":false,"label":"variants in this enum","line_end":156,"line_start":156,"suggested_replacement":null,"suggestion_applicability":null,"text":[{"highlight_end":19,"highlight_start":10,"text":"pub enum AudioType {"}]},{"byte_end":5945,"byte_start":5939,"column_end":11,"column_start":5,"expansion":null,"file_name":"gameplay_render/src/systems/audio/realistic_vehicle_audio.rs","is_primary":true,"label":null,"line_end":157,"line_start":157,"suggested_replacement":null,"suggestion_applicability":null,"text":[{"highlight_end":11,"highlight_start":5,"text":"    Engine,"}]},{"byte_end":5962,"byte_start":5951,"column_end":16,"column_start":5,"expansion":null,"file_name":"gameplay_render/src/systems/audio/realistic_vehicle_audio.rs","is_primary":true,"label":null,"line_end":158,"line_start":158,"suggested_replacement":null,"suggestion_applicability":null,"text":[{"highlight_end":16,"highlight_start":5,"text":"    TireScreech,"}]},{"byte_end":5977,"byte_start":5968,"column_end":14,"column_start":5,"expansion":null,"file_name":"gameplay_render/src/systems/audio/realistic_vehicle_audio.rs","is_primary":true,"label":null,"line_end":159,"line_start":159,"suggested_replacement":null,"suggestion_applicability":null,"text":[{"highlight_end":14,"highlight_start":5,"text":"    WindNoise,"}]},{"byte_end":5993,"byte_start":5983,"column_end":15,"column_start":5,"expansion":null,"file_name":"gameplay_render/src/systems/audio/realistic_vehicle_audio.rs","is_primary":true,"label":null,"line_end":160,"line_start":160,"suggested_replacement":null,"suggestion_applicability":null,"text":[{"highlight_end":15,"highlight_start":5,"text":"    BrakeNoise,"}]}]}}
{"reason":"compiler-message","package_id":"path+file:///Users/bradyjeong/Documents/Projects/Amp/gta4/gta_game/gameplay_render#0.1.0","manifest_path":"/Users/bradyjeong/Documents/Projects/Amp/gta4/gta_game/gameplay_render/Cargo.toml","target":{"kind":["lib"],"crate_types":["lib"],"name":"gameplay_render","src_path":"/Users/bradyjeong/Documents/Projects/Amp/gta4/gta_game/gameplay_render/src/lib.rs","edition":"2021","doc":true,"doctest":true,"test":true},"message":{"rendered":"warning: function `batch_rendering_system` is never used\n   --> gameplay_render/src/systems/rendering/render_optimizer_simple.rs:131:8\n    |\n131 | pub fn batch_rendering_system(\n    |        ^^^^^^^^^^^^^^^^^^^^^^\n\n","$message_type":"diagnostic","children":[],"code":{"code":"dead_code","explanation":null},"level":"warning","message":"function `batch_rendering_system` is never used","spans":[{"byte_end":4662,"byte_start":4640,"column_end":30,"column_start":8,"expansion":null,"file_name":"gameplay_render/src/systems/rendering/render_optimizer_simple.rs","is_primary":true,"label":null,"line_end":131,"line_start":131,"suggested_replacement":null,"suggestion_applicability":null,"text":[{"highlight_end":30,"highlight_start":8,"text":"pub fn batch_rendering_system("}]}]}}
{"reason":"compiler-message","package_id":"path+file:///Users/bradyjeong/Documents/Projects/Amp/gta4/gta_game/gameplay_render#0.1.0","manifest_path":"/Users/bradyjeong/Documents/Projects/Amp/gta4/gta_game/gameplay_render/Cargo.toml","target":{"kind":["lib"],"crate_types":["lib"],"name":"gameplay_render","src_path":"/Users/bradyjeong/Documents/Projects/Amp/gta4/gta_game/gameplay_render/src/lib.rs","edition":"2021","doc":true,"doctest":true,"test":true},"message":{"rendered":"warning: function `render_queue_manager_system` is never used\n   --> gameplay_render/src/systems/rendering/render_optimizer_simple.rs:202:8\n    |\n202 | pub fn render_queue_manager_system(\n    |        ^^^^^^^^^^^^^^^^^^^^^^^^^^^\n\n","$message_type":"diagnostic","children":[],"code":{"code":"dead_code","explanation":null},"level":"warning","message":"function `render_queue_manager_system` is never used","spans":[{"byte_end":7145,"byte_start":7118,"column_end":35,"column_start":8,"expansion":null,"file_name":"gameplay_render/src/systems/rendering/render_optimizer_simple.rs","is_primary":true,"label":null,"line_end":202,"line_start":202,"suggested_replacement":null,"suggestion_applicability":null,"text":[{"highlight_end":35,"highlight_start":8,"text":"pub fn render_queue_manager_system("}]}]}}
{"reason":"compiler-message","package_id":"path+file:///Users/bradyjeong/Documents/Projects/Amp/gta4/gta_game/gameplay_render#0.1.0","manifest_path":"/Users/bradyjeong/Documents/Projects/Amp/gta4/gta_game/gameplay_render/Cargo.toml","target":{"kind":["lib"],"crate_types":["lib"],"name":"gameplay_render","src_path":"/Users/bradyjeong/Documents/Projects/Amp/gta4/gta_game/gameplay_render/src/lib.rs","edition":"2021","doc":true,"doctest":true,"test":true},"message":{"rendered":"warning: variants `Engine`, `TireScreech`, `WindNoise`, and `BrakeNoise` are never constructed\n   --> gameplay_render/src/systems/audio/realistic_vehicle_audio.rs:157:5\n    |\n156 | pub enum AudioType {\n    |          --------- variants in this enum\n157 |     Engine,\n    |     ^^^^^^\n158 |     TireScreech,\n    |     ^^^^^^^^^^^\n159 |     WindNoise,\n    |     ^^^^^^^^^\n160 |     BrakeNoise,\n    |     ^^^^^^^^^^\n    |\n    = note: `AudioType` has a derived impl for the trait `Debug`, but this is intentionally ignored during dead code analysis\n\n","$message_type":"diagnostic","children":[{"children":[],"code":null,"level":"note","message":"`AudioType` has a derived impl for the trait `Debug`, but this is intentionally ignored during dead code analysis","rendered":null,"spans":[]}],"code":{"code":"dead_code","explanation":null},"level":"warning","message":"variants `Engine`, `TireScreech`, `WindNoise`, and `BrakeNoise` are never constructed","spans":[{"byte_end":5932,"byte_start":5923,"column_end":19,"column_start":10,"expansion":null,"file_name":"gameplay_render/src/systems/audio/realistic_vehicle_audio.rs","is_primary":false,"label":"variants in this enum","line_end":156,"line_start":156,"suggested_replacement":null,"suggestion_applicability":null,"text":[{"highlight_end":19,"highlight_start":10,"text":"pub enum AudioType {"}]},{"byte_end":5945,"byte_start":5939,"column_end":11,"column_start":5,"expansion":null,"file_name":"gameplay_render/src/systems/audio/realistic_vehicle_audio.rs","is_primary":true,"label":null,"line_end":157,"line_start":157,"suggested_replacement":null,"suggestion_applicability":null,"text":[{"highlight_end":11,"highlight_start":5,"text":"    Engine,"}]},{"byte_end":5962,"byte_start":5951,"column_end":16,"column_start":5,"expansion":null,"file_name":"gameplay_render/src/systems/audio/realistic_vehicle_audio.rs","is_primary":true,"label":null,"line_end":158,"line_start":158,"suggested_replacement":null,"suggestion_applicability":null,"text":[{"highlight_end":16,"highlight_start":5,"text":"    TireScreech,"}]},{"byte_end":5977,"byte_start":5968,"column_end":14,"column_start":5,"expansion":null,"file_name":"gameplay_render/src/systems/audio/realistic_vehicle_audio.rs","is_primary":true,"label":null,"line_end":159,"line_start":159,"suggested_replacement":null,"suggestion_applicability":null,"text":[{"highlight_end":14,"highlight_start":5,"text":"    WindNoise,"}]},{"byte_end":5993,"byte_start":5983,"column_end":15,"column_start":5,"expansion":null,"file_name":"gameplay_render/src/systems/audio/realistic_vehicle_audio.rs","is_primary":true,"label":null,"line_end":160,"line_start":160,"suggested_replacement":null,"suggestion_applicability":null,"text":[{"highlight_end":15,"highlight_start":5,"text":"    BrakeNoise,"}]}]}}
{"reason":"compiler-message","package_id":"path+file:///Users/bradyjeong/Documents/Projects/Amp/gta4/gta_game/gameplay_render#0.1.0","manifest_path":"/Users/bradyjeong/Documents/Projects/Amp/gta4/gta_game/gameplay_render/Cargo.toml","target":{"kind":["lib"],"crate_types":["lib"],"name":"gameplay_render","src_path":"/Users/bradyjeong/Documents/Projects/Amp/gta4/gta_game/gameplay_render/src/lib.rs","edition":"2021","doc":true,"doctest":true,"test":true},"message":{"rendered":"warning: function `batch_rendering_system` is never used\n   --> gameplay_render/src/systems/rendering/render_optimizer_simple.rs:131:8\n    |\n131 | pub fn batch_rendering_system(\n    |        ^^^^^^^^^^^^^^^^^^^^^^\n\n","$message_type":"diagnostic","children":[],"code":{"code":"dead_code","explanation":null},"level":"warning","message":"function `batch_rendering_system` is never used","spans":[{"byte_end":4662,"byte_start":4640,"column_end":30,"column_start":8,"expansion":null,"file_name":"gameplay_render/src/systems/rendering/render_optimizer_simple.rs","is_primary":true,"label":null,"line_end":131,"line_start":131,"suggested_replacement":null,"suggestion_applicability":null,"text":[{"highlight_end":30,"highlight_start":8,"text":"pub fn batch_rendering_system("}]}]}}
{"reason":"compiler-message","package_id":"path+file:///Users/bradyjeong/Documents/Projects/Amp/gta4/gta_game/gameplay_render#0.1.0","manifest_path":"/Users/bradyjeong/Documents/Projects/Amp/gta4/gta_game/gameplay_render/Cargo.toml","target":{"kind":["lib"],"crate_types":["lib"],"name":"gameplay_render","src_path":"/Users/bradyjeong/Documents/Projects/Amp/gta4/gta_game/gameplay_render/src/lib.rs","edition":"2021","doc":true,"doctest":true,"test":true},"message":{"rendered":"warning: associated function `new` is never used\n  --> gameplay_render/src/systems/transform_sync.rs:12:12\n   |\n11 | impl TransformSync {\n   | ------------------ associated function in this implementation\n12 |     pub fn new(smoothing_speed: f32) -> Self {\n   |            ^^^\n\n","$message_type":"diagnostic","children":[],"code":{"code":"dead_code","explanation":null},"level":"warning","message":"associated function `new` is never used","spans":[{"byte_end":327,"byte_start":309,"column_end":19,"column_start":1,"expansion":null,"file_name":"gameplay_render/src/systems/transform_sync.rs","is_primary":false,"label":"associated function in this implementation","line_end":11,"line_start":11,"suggested_replacement":null,"suggestion_applicability":null,"text":[{"highlight_end":19,"highlight_start":1,"text":"impl TransformSync {"}]},{"byte_end":344,"byte_start":341,"column_end":15,"column_start":12,"expansion":null,"file_name":"gameplay_render/src/systems/transform_sync.rs","is_primary":true,"label":null,"line_end":12,"line_start":12,"suggested_replacement":null,"suggestion_applicability":null,"text":[{"highlight_end":15,"highlight_start":12,"text":"    pub fn new(smoothing_speed: f32) -> Self {"}]}]}}
{"reason":"compiler-message","package_id":"path+file:///Users/bradyjeong/Documents/Projects/Amp/gta4/gta_game/gameplay_render#0.1.0","manifest_path":"/Users/bradyjeong/Documents/Projects/Amp/gta4/gta_game/gameplay_render/Cargo.toml","target":{"kind":["lib"],"crate_types":["lib"],"name":"gameplay_render","src_path":"/Users/bradyjeong/Documents/Projects/Amp/gta4/gta_game/gameplay_render/src/lib.rs","edition":"2021","doc":true,"doctest":true,"test":true},"message":{"rendered":"warning: function `render_queue_manager_system` is never used\n   --> gameplay_render/src/systems/rendering/render_optimizer_simple.rs:202:8\n    |\n202 | pub fn render_queue_manager_system(\n    |        ^^^^^^^^^^^^^^^^^^^^^^^^^^^\n\n","$message_type":"diagnostic","children":[],"code":{"code":"dead_code","explanation":null},"level":"warning","message":"function `render_queue_manager_system` is never used","spans":[{"byte_end":7145,"byte_start":7118,"column_end":35,"column_start":8,"expansion":null,"file_name":"gameplay_render/src/systems/rendering/render_optimizer_simple.rs","is_primary":true,"label":null,"line_end":202,"line_start":202,"suggested_replacement":null,"suggestion_applicability":null,"text":[{"highlight_end":35,"highlight_start":8,"text":"pub fn render_queue_manager_system("}]}]}}
{"reason":"compiler-message","package_id":"path+file:///Users/bradyjeong/Documents/Projects/Amp/gta4/gta_game/gameplay_render#0.1.0","manifest_path":"/Users/bradyjeong/Documents/Projects/Amp/gta4/gta_game/gameplay_render/Cargo.toml","target":{"kind":["lib"],"crate_types":["lib"],"name":"gameplay_render","src_path":"/Users/bradyjeong/Documents/Projects/Amp/gta4/gta_game/gameplay_render/src/lib.rs","edition":"2021","doc":true,"doctest":true,"test":true},"message":{"rendered":"warning: function `demo_entity_marking` is never used\n   --> gameplay_render/src/batching_test.rs:253:8\n    |\n253 | pub fn demo_entity_marking(\n    |        ^^^^^^^^^^^^^^^^^^^\n\n","$message_type":"diagnostic","children":[],"code":{"code":"dead_code","explanation":null},"level":"warning","message":"function `demo_entity_marking` is never used","spans":[{"byte_end":8680,"byte_start":8661,"column_end":27,"column_start":8,"expansion":null,"file_name":"gameplay_render/src/batching_test.rs","is_primary":true,"label":null,"line_end":253,"line_start":253,"suggested_replacement":null,"suggestion_applicability":null,"text":[{"highlight_end":27,"highlight_start":8,"text":"pub fn demo_entity_marking("}]}]}}
{"reason":"compiler-message","package_id":"path+file:///Users/bradyjeong/Documents/Projects/Amp/gta4/gta_game/gameplay_render#0.1.0","manifest_path":"/Users/bradyjeong/Documents/Projects/Amp/gta4/gta_game/gameplay_render/Cargo.toml","target":{"kind":["lib"],"crate_types":["lib"],"name":"gameplay_render","src_path":"/Users/bradyjeong/Documents/Projects/Amp/gta4/gta_game/gameplay_render/src/lib.rs","edition":"2021","doc":true,"doctest":true,"test":true},"message":{"rendered":"warning: enum `DirtyMarkType` is never used\n   --> gameplay_render/src/batching_test.rs:297:10\n    |\n297 | pub enum DirtyMarkType {\n    |          ^^^^^^^^^^^^^\n    |\n    = note: `DirtyMarkType` has derived impls for the traits `Clone` and `Debug`, but these are intentionally ignored during dead code analysis\n\n","$message_type":"diagnostic","children":[{"children":[],"code":null,"level":"note","message":"`DirtyMarkType` has derived impls for the traits `Clone` and `Debug`, but these are intentionally ignored during dead code analysis","rendered":null,"spans":[]}],"code":{"code":"dead_code","explanation":null},"level":"warning","message":"enum `DirtyMarkType` is never used","spans":[{"byte_end":9996,"byte_start":9983,"column_end":23,"column_start":10,"expansion":null,"file_name":"gameplay_render/src/batching_test.rs","is_primary":true,"label":null,"line_end":297,"line_start":297,"suggested_replacement":null,"suggestion_applicability":null,"text":[{"highlight_end":23,"highlight_start":10,"text":"pub enum DirtyMarkType {"}]}]}}
{"reason":"compiler-message","package_id":"path+file:///Users/bradyjeong/Documents/Projects/Amp/gta4/gta_game/gameplay_render#0.1.0","manifest_path":"/Users/bradyjeong/Documents/Projects/Amp/gta4/gta_game/gameplay_render/Cargo.toml","target":{"kind":["lib"],"crate_types":["lib"],"name":"gameplay_render","src_path":"/Users/bradyjeong/Documents/Projects/Amp/gta4/gta_game/gameplay_render/src/lib.rs","edition":"2021","doc":true,"doctest":true,"test":true},"message":{"rendered":"warning: associated function `new` is never used\n  --> gameplay_render/src/systems/transform_sync.rs:12:12\n   |\n11 | impl TransformSync {\n   | ------------------ associated function in this implementation\n12 |     pub fn new(smoothing_speed: f32) -> Self {\n   |            ^^^\n\n","$message_type":"diagnostic","children":[],"code":{"code":"dead_code","explanation":null},"level":"warning","message":"associated function `new` is never used","spans":[{"byte_end":327,"byte_start":309,"column_end":19,"column_start":1,"expansion":null,"file_name":"gameplay_render/src/systems/transform_sync.rs","is_primary":false,"label":"associated function in this implementation","line_end":11,"line_start":11,"suggested_replacement":null,"suggestion_applicability":null,"text":[{"highlight_end":19,"highlight_start":1,"text":"impl TransformSync {"}]},{"byte_end":344,"byte_start":341,"column_end":15,"column_start":12,"expansion":null,"file_name":"gameplay_render/src/systems/transform_sync.rs","is_primary":true,"label":null,"line_end":12,"line_start":12,"suggested_replacement":null,"suggestion_applicability":null,"text":[{"highlight_end":15,"highlight_start":12,"text":"    pub fn new(smoothing_speed: f32) -> Self {"}]}]}}
{"reason":"compiler-message","package_id":"path+file:///Users/bradyjeong/Documents/Projects/Amp/gta4/gta_game/gameplay_render#0.1.0","manifest_path":"/Users/bradyjeong/Documents/Projects/Amp/gta4/gta_game/gameplay_render/Cargo.toml","target":{"kind":["lib"],"crate_types":["lib"],"name":"gameplay_render","src_path":"/Users/bradyjeong/Documents/Projects/Amp/gta4/gta_game/gameplay_render/src/lib.rs","edition":"2021","doc":true,"doctest":true,"test":true},"message":{"rendered":"warning: function `demo_entity_marking` is never used\n   --> gameplay_render/src/batching_test.rs:253:8\n    |\n253 | pub fn demo_entity_marking(\n    |        ^^^^^^^^^^^^^^^^^^^\n\n","$message_type":"diagnostic","children":[],"code":{"code":"dead_code","explanation":null},"level":"warning","message":"function `demo_entity_marking` is never used","spans":[{"byte_end":8680,"byte_start":8661,"column_end":27,"column_start":8,"expansion":null,"file_name":"gameplay_render/src/batching_test.rs","is_primary":true,"label":null,"line_end":253,"line_start":253,"suggested_replacement":null,"suggestion_applicability":null,"text":[{"highlight_end":27,"highlight_start":8,"text":"pub fn demo_entity_marking("}]}]}}
{"reason":"compiler-message","package_id":"path+file:///Users/bradyjeong/Documents/Projects/Amp/gta4/gta_game/gameplay_render#0.1.0","manifest_path":"/Users/bradyjeong/Documents/Projects/Amp/gta4/gta_game/gameplay_render/Cargo.toml","target":{"kind":["lib"],"crate_types":["lib"],"name":"gameplay_render","src_path":"/Users/bradyjeong/Documents/Projects/Amp/gta4/gta_game/gameplay_render/src/lib.rs","edition":"2021","doc":true,"doctest":true,"test":true},"message":{"rendered":"warning: enum `DirtyMarkType` is never used\n   --> gameplay_render/src/batching_test.rs:297:10\n    |\n297 | pub enum DirtyMarkType {\n    |          ^^^^^^^^^^^^^\n    |\n    = note: `DirtyMarkType` has derived impls for the traits `Clone` and `Debug`, but these are intentionally ignored during dead code analysis\n\n","$message_type":"diagnostic","children":[{"children":[],"code":null,"level":"note","message":"`DirtyMarkType` has derived impls for the traits `Clone` and `Debug`, but these are intentionally ignored during dead code analysis","rendered":null,"spans":[]}],"code":{"code":"dead_code","explanation":null},"level":"warning","message":"enum `DirtyMarkType` is never used","spans":[{"byte_end":9996,"byte_start":9983,"column_end":23,"column_start":10,"expansion":null,"file_name":"gameplay_render/src/batching_test.rs","is_primary":true,"label":null,"line_end":297,"line_start":297,"suggested_replacement":null,"suggestion_applicability":null,"text":[{"highlight_end":23,"highlight_start":10,"text":"pub enum DirtyMarkType {"}]}]}}
{"reason":"compiler-artifact","package_id":"path+file:///Users/bradyjeong/Documents/Projects/Amp/gta4/gta_game/gameplay_render#0.1.0","manifest_path":"/Users/bradyjeong/Documents/Projects/Amp/gta4/gta_game/gameplay_render/Cargo.toml","target":{"kind":["lib"],"crate_types":["lib"],"name":"gameplay_render","src_path":"/Users/bradyjeong/Documents/Projects/Amp/gta4/gta_game/gameplay_render/src/lib.rs","edition":"2021","doc":true,"doctest":true,"test":true},"profile":{"opt_level":"0","debuginfo":2,"debug_assertions":true,"overflow_checks":true,"test":true},"features":[],"filenames":["/Users/bradyjeong/Documents/Projects/Amp/gta4/gta_game/target/debug/deps/libgameplay_render-2a1b6d741d8aaf45.rmeta"],"executable":null,"fresh":false}
{"reason":"compiler-artifact","package_id":"path+file:///Users/bradyjeong/Documents/Projects/Amp/gta4/gta_game/gameplay_render#0.1.0","manifest_path":"/Users/bradyjeong/Documents/Projects/Amp/gta4/gta_game/gameplay_render/Cargo.toml","target":{"kind":["lib"],"crate_types":["lib"],"name":"gameplay_render","src_path":"/Users/bradyjeong/Documents/Projects/Amp/gta4/gta_game/gameplay_render/src/lib.rs","edition":"2021","doc":true,"doctest":true,"test":true},"profile":{"opt_level":"0","debuginfo":2,"debug_assertions":true,"overflow_checks":true,"test":false},"features":[],"filenames":["/Users/bradyjeong/Documents/Projects/Amp/gta4/gta_game/target/debug/deps/libgameplay_render-d188d7132bcbb016.rmeta"],"executable":null,"fresh":false}
    Checking gameplay_ui v0.1.0 (/Users/bradyjeong/Documents/Projects/Amp/gta4/gta_game/gameplay_ui)
{"reason":"compiler-message","package_id":"path+file:///Users/bradyjeong/Documents/Projects/Amp/gta4/gta_game/gameplay_render#0.1.0","manifest_path":"/Users/bradyjeong/Documents/Projects/Amp/gta4/gta_game/gameplay_render/Cargo.toml","target":{"kind":["test"],"crate_types":["bin"],"name":"simple_test","src_path":"/Users/bradyjeong/Documents/Projects/Amp/gta4/gta_game/gameplay_render/tests/simple_test.rs","edition":"2021","doc":false,"doctest":false,"test":true},"message":{"rendered":"error: this file contains an unclosed delimiter\n  --> gameplay_render/tests/simple_test.rs:45:34\n   |\n14 | fn test_basic_rendering_components() {\n   |                                      - unclosed delimiter\n...\n29 | fn test_distance_calculation() {\n   |                                - unclosed delimiter\n...\n35 | fn test_lod_level_enum() {\n   |                          - unclosed delimiter\n...\n42 | fn test_visibility_enum() {\n   |                           - unclosed delimiter\n...\n45 |     assert_ne!(visible, hidden);\n   |                                 ^\n\n","$message_type":"diagnostic","children":[],"code":null,"level":"error","message":"this file contains an unclosed delimiter","spans":[{"byte_end":416,"byte_start":415,"column_end":39,"column_start":38,"expansion":null,"file_name":"gameplay_render/tests/simple_test.rs","is_primary":false,"label":"unclosed delimiter","line_end":14,"line_start":14,"suggested_replacement":null,"suggestion_applicability":null,"text":[{"highlight_end":39,"highlight_start":38,"text":"fn test_basic_rendering_components() {"}]},{"byte_end":905,"byte_start":904,"column_end":33,"column_start":32,"expansion":null,"file_name":"gameplay_render/tests/simple_test.rs","is_primary":false,"label":"unclosed delimiter","line_end":29,"line_start":29,"suggested_replacement":null,"suggestion_applicability":null,"text":[{"highlight_end":33,"highlight_start":32,"text":"fn test_distance_calculation() {"}]},{"byte_end":1120,"byte_start":1119,"column_end":27,"column_start":26,"expansion":null,"file_name":"gameplay_render/tests/simple_test.rs","is_primary":false,"label":"unclosed delimiter","line_end":35,"line_start":35,"suggested_replacement":null,"suggestion_applicability":null,"text":[{"highlight_end":27,"highlight_start":26,"text":"fn test_lod_level_enum() {"}]},{"byte_end":1378,"byte_start":1377,"column_end":28,"column_start":27,"expansion":null,"file_name":"gameplay_render/tests/simple_test.rs","is_primary":false,"label":"unclosed delimiter","line_end":42,"line_start":42,"suggested_replacement":null,"suggestion_applicability":null,"text":[{"highlight_end":28,"highlight_start":27,"text":"fn test_visibility_enum() {"}]},{"byte_end":1488,"byte_start":1488,"column_end":34,"column_start":34,"expansion":null,"file_name":"gameplay_render/tests/simple_test.rs","is_primary":true,"label":null,"line_end":45,"line_start":45,"suggested_replacement":null,"suggestion_applicability":null,"text":[{"highlight_end":34,"highlight_start":34,"text":"    assert_ne!(visible, hidden);"}]}]}}
{"reason":"compiler-message","package_id":"path+file:///Users/bradyjeong/Documents/Projects/Amp/gta4/gta_game/gameplay_render#0.1.0","manifest_path":"/Users/bradyjeong/Documents/Projects/Amp/gta4/gta_game/gameplay_render/Cargo.toml","target":{"kind":["test"],"crate_types":["bin"],"name":"lib","src_path":"/Users/bradyjeong/Documents/Projects/Amp/gta4/gta_game/gameplay_render/tests/lib.rs","edition":"2021","doc":false,"doctest":false,"test":true},"message":{"rendered":"error: this file contains an unclosed delimiter\n  --> gameplay_render/tests/lib.rs:48:3\n   |\n18 | mod tests {\n   |           - unclosed delimiter\n...\n27 |     fn test_lod_distances_config() {\n   |                                    - unclosed delimiter\n...\n34 |     fn test_rendering_components() {\n   |                                    - this delimiter might not be properly closed...\n...\n48 | }\n   | -^\n   | |\n   | ...as it matches this but it has different indentation\n\n","$message_type":"diagnostic","children":[],"code":null,"level":"error","message":"this file contains an unclosed delimiter","spans":[{"byte_end":508,"byte_start":507,"column_end":12,"column_start":11,"expansion":null,"file_name":"gameplay_render/tests/lib.rs","is_primary":false,"label":"unclosed delimiter","line_end":18,"line_start":18,"suggested_replacement":null,"suggestion_applicability":null,"text":[{"highlight_end":12,"highlight_start":11,"text":"mod tests {"}]},{"byte_end":798,"byte_start":797,"column_end":37,"column_start":36,"expansion":null,"file_name":"gameplay_render/tests/lib.rs","is_primary":false,"label":"unclosed delimiter","line_end":27,"line_start":27,"suggested_replacement":null,"suggestion_applicability":null,"text":[{"highlight_end":37,"highlight_start":36,"text":"    fn test_lod_distances_config() {"}]},{"byte_end":1261,"byte_start":1261,"column_end":36,"column_start":36,"expansion":null,"file_name":"gameplay_render/tests/lib.rs","is_primary":false,"label":"this delimiter might not be properly closed...","line_end":34,"line_start":34,"suggested_replacement":null,"suggestion_applicability":null,"text":[{"highlight_end":36,"highlight_start":36,"text":"    fn test_rendering_components() {"}]},{"byte_end":1834,"byte_start":1834,"column_end":1,"column_start":1,"expansion":null,"file_name":"gameplay_render/tests/lib.rs","is_primary":false,"label":"...as it matches this but it has different indentation","line_end":48,"line_start":48,"suggested_replacement":null,"suggestion_applicability":null,"text":[{"highlight_end":1,"highlight_start":1,"text":"}"}]},{"byte_end":1836,"byte_start":1836,"column_end":3,"column_start":3,"expansion":null,"file_name":"gameplay_render/tests/lib.rs","is_primary":true,"label":null,"line_end":48,"line_start":48,"suggested_replacement":null,"suggestion_applicability":null,"text":[{"highlight_end":3,"highlight_start":3,"text":"}"}]}]}}
error: could not compile `gameplay_render` (test "lib") due to 1 previous error
warning: build failed, waiting for other jobs to finish...
error: could not compile `gameplay_render` (test "simple_test") due to 1 previous error
{"reason":"compiler-message","package_id":"path+file:///Users/bradyjeong/Documents/Projects/Amp/gta4/gta_game/gameplay_ui#0.1.0","manifest_path":"/Users/bradyjeong/Documents/Projects/Amp/gta4/gta_game/gameplay_ui/Cargo.toml","target":{"kind":["lib"],"crate_types":["lib"],"name":"gameplay_ui","src_path":"/Users/bradyjeong/Documents/Projects/Amp/gta4/gta_game/gameplay_ui/src/lib.rs","edition":"2021","doc":true,"doctest":true,"test":true},"message":{"rendered":"error[E0433]: failed to resolve: unresolved import\n --> gameplay_ui/src/debug/distance_cache_debug.rs:2:12\n  |\n2 | use crate::systems::distance_cache::DistanceCache;\n  |            ^^^^^^^\n  |            |\n  |            unresolved import\n  |            help: a similar path exists: `gameplay_sim::systems`\n\n","$message_type":"diagnostic","children":[{"children":[],"code":null,"level":"help","message":"a similar path exists","rendered":null,"spans":[{"byte_end":40,"byte_start":33,"column_end":19,"column_start":12,"expansion":null,"file_name":"gameplay_ui/src/debug/distance_cache_debug.rs","is_primary":true,"label":null,"line_end":2,"line_start":2,"suggested_replacement":"gameplay_sim::systems","suggestion_applicability":"MaybeIncorrect","text":[{"highlight_end":19,"highlight_start":12,"text":"use crate::systems::distance_cache::DistanceCache;"}]}]}],"code":{"code":"E0433","explanation":"An undeclared crate, module, or type was used.\n\nErroneous code example:\n\n```compile_fail,E0433\nlet map = HashMap::new();\n// error: failed to resolve: use of undeclared type `HashMap`\n```\n\nPlease verify you didn't misspell the type/module's name or that you didn't\nforget to import it:\n\n```\nuse std::collections::HashMap; // HashMap has been imported.\nlet map: HashMap<u32, u32> = HashMap::new(); // So it can be used!\n```\n\nIf you've expected to use a crate name:\n\n```compile_fail\nuse ferris_wheel::BigO;\n// error: failed to resolve: use of undeclared module or unlinked crate\n```\n\nMake sure the crate has been added as a dependency in `Cargo.toml`.\n\nTo use a module from your current crate, add the `crate::` prefix to the path.\n"},"level":"error","message":"failed to resolve: unresolved import","spans":[{"byte_end":40,"byte_start":33,"column_end":19,"column_start":12,"expansion":null,"file_name":"gameplay_ui/src/debug/distance_cache_debug.rs","is_primary":true,"label":"unresolved import","line_end":2,"line_start":2,"suggested_replacement":null,"suggestion_applicability":null,"text":[{"highlight_end":19,"highlight_start":12,"text":"use crate::systems::distance_cache::DistanceCache;"}]}]}}
{"reason":"compiler-message","package_id":"path+file:///Users/bradyjeong/Documents/Projects/Amp/gta4/gta_game/gameplay_ui#0.1.0","manifest_path":"/Users/bradyjeong/Documents/Projects/Amp/gta4/gta_game/gameplay_ui/Cargo.toml","target":{"kind":["lib"],"crate_types":["lib"],"name":"gameplay_ui","src_path":"/Users/bradyjeong/Documents/Projects/Amp/gta4/gta_game/gameplay_ui/src/lib.rs","edition":"2021","doc":true,"doctest":true,"test":true},"message":{"rendered":"error[E0433]: failed to resolve: unresolved import\n --> gameplay_ui/src/debug/distance_cache_debug.rs:2:12\n  |\n2 | use crate::systems::distance_cache::DistanceCache;\n  |            ^^^^^^^\n  |            |\n  |            unresolved import\n  |            help: a similar path exists: `gameplay_sim::systems`\n\n","$message_type":"diagnostic","children":[{"children":[],"code":null,"level":"help","message":"a similar path exists","rendered":null,"spans":[{"byte_end":40,"byte_start":33,"column_end":19,"column_start":12,"expansion":null,"file_name":"gameplay_ui/src/debug/distance_cache_debug.rs","is_primary":true,"label":null,"line_end":2,"line_start":2,"suggested_replacement":"gameplay_sim::systems","suggestion_applicability":"MaybeIncorrect","text":[{"highlight_end":19,"highlight_start":12,"text":"use crate::systems::distance_cache::DistanceCache;"}]}]}],"code":{"code":"E0433","explanation":"An undeclared crate, module, or type was used.\n\nErroneous code example:\n\n```compile_fail,E0433\nlet map = HashMap::new();\n// error: failed to resolve: use of undeclared type `HashMap`\n```\n\nPlease verify you didn't misspell the type/module's name or that you didn't\nforget to import it:\n\n```\nuse std::collections::HashMap; // HashMap has been imported.\nlet map: HashMap<u32, u32> = HashMap::new(); // So it can be used!\n```\n\nIf you've expected to use a crate name:\n\n```compile_fail\nuse ferris_wheel::BigO;\n// error: failed to resolve: use of undeclared module or unlinked crate\n```\n\nMake sure the crate has been added as a dependency in `Cargo.toml`.\n\nTo use a module from your current crate, add the `crate::` prefix to the path.\n"},"level":"error","message":"failed to resolve: unresolved import","spans":[{"byte_end":40,"byte_start":33,"column_end":19,"column_start":12,"expansion":null,"file_name":"gameplay_ui/src/debug/distance_cache_debug.rs","is_primary":true,"label":"unresolved import","line_end":2,"line_start":2,"suggested_replacement":null,"suggestion_applicability":null,"text":[{"highlight_end":19,"highlight_start":12,"text":"use crate::systems::distance_cache::DistanceCache;"}]}]}}
{"reason":"compiler-message","package_id":"path+file:///Users/bradyjeong/Documents/Projects/Amp/gta4/gta_game/gameplay_ui#0.1.0","manifest_path":"/Users/bradyjeong/Documents/Projects/Amp/gta4/gta_game/gameplay_ui/Cargo.toml","target":{"kind":["lib"],"crate_types":["lib"],"name":"gameplay_ui","src_path":"/Users/bradyjeong/Documents/Projects/Amp/gta4/gta_game/gameplay_ui/src/lib.rs","edition":"2021","doc":true,"doctest":true,"test":true},"message":{"rendered":"error[E0433]: failed to resolve: unresolved import\n  --> gameplay_ui/src/performance/dashboard.rs:67:12\n   |\n67 | use crate::systems::performance_monitor::{PerformanceAlert, AlertSeverity};\n   |            ^^^^^^^\n   |            |\n   |            unresolved import\n   |            help: a similar path exists: `gameplay_sim::systems`\n\n","$message_type":"diagnostic","children":[{"children":[],"code":null,"level":"help","message":"a similar path exists","rendered":null,"spans":[{"byte_end":1880,"byte_start":1873,"column_end":19,"column_start":12,"expansion":null,"file_name":"gameplay_ui/src/performance/dashboard.rs","is_primary":true,"label":null,"line_end":67,"line_start":67,"suggested_replacement":"gameplay_sim::systems","suggestion_applicability":"MaybeIncorrect","text":[{"highlight_end":19,"highlight_start":12,"text":"use crate::systems::performance_monitor::{PerformanceAlert, AlertSeverity};"}]}]}],"code":{"code":"E0433","explanation":"An undeclared crate, module, or type was used.\n\nErroneous code example:\n\n```compile_fail,E0433\nlet map = HashMap::new();\n// error: failed to resolve: use of undeclared type `HashMap`\n```\n\nPlease verify you didn't misspell the type/module's name or that you didn't\nforget to import it:\n\n```\nuse std::collections::HashMap; // HashMap has been imported.\nlet map: HashMap<u32, u32> = HashMap::new(); // So it can be used!\n```\n\nIf you've expected to use a crate name:\n\n```compile_fail\nuse ferris_wheel::BigO;\n// error: failed to resolve: use of undeclared module or unlinked crate\n```\n\nMake sure the crate has been added as a dependency in `Cargo.toml`.\n\nTo use a module from your current crate, add the `crate::` prefix to the path.\n"},"level":"error","message":"failed to resolve: unresolved import","spans":[{"byte_end":1880,"byte_start":1873,"column_end":19,"column_start":12,"expansion":null,"file_name":"gameplay_ui/src/performance/dashboard.rs","is_primary":true,"label":"unresolved import","line_end":67,"line_start":67,"suggested_replacement":null,"suggestion_applicability":null,"text":[{"highlight_end":19,"highlight_start":12,"text":"use crate::systems::performance_monitor::{PerformanceAlert, AlertSeverity};"}]}]}}
{"reason":"compiler-message","package_id":"path+file:///Users/bradyjeong/Documents/Projects/Amp/gta4/gta_game/gameplay_ui#0.1.0","manifest_path":"/Users/bradyjeong/Documents/Projects/Amp/gta4/gta_game/gameplay_ui/Cargo.toml","target":{"kind":["lib"],"crate_types":["lib"],"name":"gameplay_ui","src_path":"/Users/bradyjeong/Documents/Projects/Amp/gta4/gta_game/gameplay_ui/src/lib.rs","edition":"2021","doc":true,"doctest":true,"test":true},"message":{"rendered":"error[E0433]: failed to resolve: unresolved import\n  --> gameplay_ui/src/performance/dashboard.rs:67:12\n   |\n67 | use crate::systems::performance_monitor::{PerformanceAlert, AlertSeverity};\n   |            ^^^^^^^\n   |            |\n   |            unresolved import\n   |            help: a similar path exists: `gameplay_sim::systems`\n\n","$message_type":"diagnostic","children":[{"children":[],"code":null,"level":"help","message":"a similar path exists","rendered":null,"spans":[{"byte_end":1880,"byte_start":1873,"column_end":19,"column_start":12,"expansion":null,"file_name":"gameplay_ui/src/performance/dashboard.rs","is_primary":true,"label":null,"line_end":67,"line_start":67,"suggested_replacement":"gameplay_sim::systems","suggestion_applicability":"MaybeIncorrect","text":[{"highlight_end":19,"highlight_start":12,"text":"use crate::systems::performance_monitor::{PerformanceAlert, AlertSeverity};"}]}]}],"code":{"code":"E0433","explanation":"An undeclared crate, module, or type was used.\n\nErroneous code example:\n\n```compile_fail,E0433\nlet map = HashMap::new();\n// error: failed to resolve: use of undeclared type `HashMap`\n```\n\nPlease verify you didn't misspell the type/module's name or that you didn't\nforget to import it:\n\n```\nuse std::collections::HashMap; // HashMap has been imported.\nlet map: HashMap<u32, u32> = HashMap::new(); // So it can be used!\n```\n\nIf you've expected to use a crate name:\n\n```compile_fail\nuse ferris_wheel::BigO;\n// error: failed to resolve: use of undeclared module or unlinked crate\n```\n\nMake sure the crate has been added as a dependency in `Cargo.toml`.\n\nTo use a module from your current crate, add the `crate::` prefix to the path.\n"},"level":"error","message":"failed to resolve: unresolved import","spans":[{"byte_end":1880,"byte_start":1873,"column_end":19,"column_start":12,"expansion":null,"file_name":"gameplay_ui/src/performance/dashboard.rs","is_primary":true,"label":"unresolved import","line_end":67,"line_start":67,"suggested_replacement":null,"suggestion_applicability":null,"text":[{"highlight_end":19,"highlight_start":12,"text":"use crate::systems::performance_monitor::{PerformanceAlert, AlertSeverity};"}]}]}}
{"reason":"compiler-message","package_id":"path+file:///Users/bradyjeong/Documents/Projects/Amp/gta4/gta_game/gameplay_ui#0.1.0","manifest_path":"/Users/bradyjeong/Documents/Projects/Amp/gta4/gta_game/gameplay_ui/Cargo.toml","target":{"kind":["lib"],"crate_types":["lib"],"name":"gameplay_ui","src_path":"/Users/bradyjeong/Documents/Projects/Amp/gta4/gta_game/gameplay_ui/src/lib.rs","edition":"2021","doc":true,"doctest":true,"test":true},"message":{"rendered":"error[E0433]: failed to resolve: unresolved import\n --> gameplay_ui/src/performance/integration.rs:2:12\n  |\n2 | use crate::systems::performance_monitor::{UnifiedPerformanceTracker, PerformanceCategory};\n  |            ^^^^^^^\n  |            |\n  |            unresolved import\n  |            help: a similar path exists: `gameplay_sim::systems`\n\n","$message_type":"diagnostic","children":[{"children":[],"code":null,"level":"help","message":"a similar path exists","rendered":null,"spans":[{"byte_end":40,"byte_start":33,"column_end":19,"column_start":12,"expansion":null,"file_name":"gameplay_ui/src/performance/integration.rs","is_primary":true,"label":null,"line_end":2,"line_start":2,"suggested_replacement":"gameplay_sim::systems","suggestion_applicability":"MaybeIncorrect","text":[{"highlight_end":19,"highlight_start":12,"text":"use crate::systems::performance_monitor::{UnifiedPerformanceTracker, PerformanceCategory};"}]}]}],"code":{"code":"E0433","explanation":"An undeclared crate, module, or type was used.\n\nErroneous code example:\n\n```compile_fail,E0433\nlet map = HashMap::new();\n// error: failed to resolve: use of undeclared type `HashMap`\n```\n\nPlease verify you didn't misspell the type/module's name or that you didn't\nforget to import it:\n\n```\nuse std::collections::HashMap; // HashMap has been imported.\nlet map: HashMap<u32, u32> = HashMap::new(); // So it can be used!\n```\n\nIf you've expected to use a crate name:\n\n```compile_fail\nuse ferris_wheel::BigO;\n// error: failed to resolve: use of undeclared module or unlinked crate\n```\n\nMake sure the crate has been added as a dependency in `Cargo.toml`.\n\nTo use a module from your current crate, add the `crate::` prefix to the path.\n"},"level":"error","message":"failed to resolve: unresolved import","spans":[{"byte_end":40,"byte_start":33,"column_end":19,"column_start":12,"expansion":null,"file_name":"gameplay_ui/src/performance/integration.rs","is_primary":true,"label":"unresolved import","line_end":2,"line_start":2,"suggested_replacement":null,"suggestion_applicability":null,"text":[{"highlight_end":19,"highlight_start":12,"text":"use crate::systems::performance_monitor::{UnifiedPerformanceTracker, PerformanceCategory};"}]}]}}
{"reason":"compiler-message","package_id":"path+file:///Users/bradyjeong/Documents/Projects/Amp/gta4/gta_game/gameplay_ui#0.1.0","manifest_path":"/Users/bradyjeong/Documents/Projects/Amp/gta4/gta_game/gameplay_ui/Cargo.toml","target":{"kind":["lib"],"crate_types":["lib"],"name":"gameplay_ui","src_path":"/Users/bradyjeong/Documents/Projects/Amp/gta4/gta_game/gameplay_ui/src/lib.rs","edition":"2021","doc":true,"doctest":true,"test":true},"message":{"rendered":"error[E0433]: failed to resolve: unresolved import\n --> gameplay_ui/src/performance/integration.rs:2:12\n  |\n2 | use crate::systems::performance_monitor::{UnifiedPerformanceTracker, PerformanceCategory};\n  |            ^^^^^^^\n  |            |\n  |            unresolved import\n  |            help: a similar path exists: `gameplay_sim::systems`\n\n","$message_type":"diagnostic","children":[{"children":[],"code":null,"level":"help","message":"a similar path exists","rendered":null,"spans":[{"byte_end":40,"byte_start":33,"column_end":19,"column_start":12,"expansion":null,"file_name":"gameplay_ui/src/performance/integration.rs","is_primary":true,"label":null,"line_end":2,"line_start":2,"suggested_replacement":"gameplay_sim::systems","suggestion_applicability":"MaybeIncorrect","text":[{"highlight_end":19,"highlight_start":12,"text":"use crate::systems::performance_monitor::{UnifiedPerformanceTracker, PerformanceCategory};"}]}]}],"code":{"code":"E0433","explanation":"An undeclared crate, module, or type was used.\n\nErroneous code example:\n\n```compile_fail,E0433\nlet map = HashMap::new();\n// error: failed to resolve: use of undeclared type `HashMap`\n```\n\nPlease verify you didn't misspell the type/module's name or that you didn't\nforget to import it:\n\n```\nuse std::collections::HashMap; // HashMap has been imported.\nlet map: HashMap<u32, u32> = HashMap::new(); // So it can be used!\n```\n\nIf you've expected to use a crate name:\n\n```compile_fail\nuse ferris_wheel::BigO;\n// error: failed to resolve: use of undeclared module or unlinked crate\n```\n\nMake sure the crate has been added as a dependency in `Cargo.toml`.\n\nTo use a module from your current crate, add the `crate::` prefix to the path.\n"},"level":"error","message":"failed to resolve: unresolved import","spans":[{"byte_end":40,"byte_start":33,"column_end":19,"column_start":12,"expansion":null,"file_name":"gameplay_ui/src/performance/integration.rs","is_primary":true,"label":"unresolved import","line_end":2,"line_start":2,"suggested_replacement":null,"suggestion_applicability":null,"text":[{"highlight_end":19,"highlight_start":12,"text":"use crate::systems::performance_monitor::{UnifiedPerformanceTracker, PerformanceCategory};"}]}]}}
{"reason":"compiler-message","package_id":"path+file:///Users/bradyjeong/Documents/Projects/Amp/gta4/gta_game/gameplay_ui#0.1.0","manifest_path":"/Users/bradyjeong/Documents/Projects/Amp/gta4/gta_game/gameplay_ui/Cargo.toml","target":{"kind":["lib"],"crate_types":["lib"],"name":"gameplay_ui","src_path":"/Users/bradyjeong/Documents/Projects/Amp/gta4/gta_game/gameplay_ui/src/lib.rs","edition":"2021","doc":true,"doctest":true,"test":true},"message":{"rendered":"error[E0433]: failed to resolve: unresolved import\n --> gameplay_ui/src/performance/integration.rs:4:12\n  |\n4 | use crate::systems::input::ControlManager;\n  |            ^^^^^^^\n  |            |\n  |            unresolved import\n  |            help: a similar path exists: `gameplay_sim::systems`\n\n","$message_type":"diagnostic","children":[{"children":[],"code":null,"level":"help","message":"a similar path exists","rendered":null,"spans":[{"byte_end":193,"byte_start":186,"column_end":19,"column_start":12,"expansion":null,"file_name":"gameplay_ui/src/performance/integration.rs","is_primary":true,"label":null,"line_end":4,"line_start":4,"suggested_replacement":"gameplay_sim::systems","suggestion_applicability":"MaybeIncorrect","text":[{"highlight_end":19,"highlight_start":12,"text":"use crate::systems::input::ControlManager;"}]}]}],"code":{"code":"E0433","explanation":"An undeclared crate, module, or type was used.\n\nErroneous code example:\n\n```compile_fail,E0433\nlet map = HashMap::new();\n// error: failed to resolve: use of undeclared type `HashMap`\n```\n\nPlease verify you didn't misspell the type/module's name or that you didn't\nforget to import it:\n\n```\nuse std::collections::HashMap; // HashMap has been imported.\nlet map: HashMap<u32, u32> = HashMap::new(); // So it can be used!\n```\n\nIf you've expected to use a crate name:\n\n```compile_fail\nuse ferris_wheel::BigO;\n// error: failed to resolve: use of undeclared module or unlinked crate\n```\n\nMake sure the crate has been added as a dependency in `Cargo.toml`.\n\nTo use a module from your current crate, add the `crate::` prefix to the path.\n"},"level":"error","message":"failed to resolve: unresolved import","spans":[{"byte_end":193,"byte_start":186,"column_end":19,"column_start":12,"expansion":null,"file_name":"gameplay_ui/src/performance/integration.rs","is_primary":true,"label":"unresolved import","line_end":4,"line_start":4,"suggested_replacement":null,"suggestion_applicability":null,"text":[{"highlight_end":19,"highlight_start":12,"text":"use crate::systems::input::ControlManager;"}]}]}}
{"reason":"compiler-message","package_id":"path+file:///Users/bradyjeong/Documents/Projects/Amp/gta4/gta_game/gameplay_ui#0.1.0","manifest_path":"/Users/bradyjeong/Documents/Projects/Amp/gta4/gta_game/gameplay_ui/Cargo.toml","target":{"kind":["lib"],"crate_types":["lib"],"name":"gameplay_ui","src_path":"/Users/bradyjeong/Documents/Projects/Amp/gta4/gta_game/gameplay_ui/src/lib.rs","edition":"2021","doc":true,"doctest":true,"test":true},"message":{"rendered":"error[E0433]: failed to resolve: unresolved import\n --> gameplay_ui/src/performance/integration.rs:4:12\n  |\n4 | use crate::systems::input::ControlManager;\n  |            ^^^^^^^\n  |            |\n  |            unresolved import\n  |            help: a similar path exists: `gameplay_sim::systems`\n\n","$message_type":"diagnostic","children":[{"children":[],"code":null,"level":"help","message":"a similar path exists","rendered":null,"spans":[{"byte_end":193,"byte_start":186,"column_end":19,"column_start":12,"expansion":null,"file_name":"gameplay_ui/src/performance/integration.rs","is_primary":true,"label":null,"line_end":4,"line_start":4,"suggested_replacement":"gameplay_sim::systems","suggestion_applicability":"MaybeIncorrect","text":[{"highlight_end":19,"highlight_start":12,"text":"use crate::systems::input::ControlManager;"}]}]}],"code":{"code":"E0433","explanation":"An undeclared crate, module, or type was used.\n\nErroneous code example:\n\n```compile_fail,E0433\nlet map = HashMap::new();\n// error: failed to resolve: use of undeclared type `HashMap`\n```\n\nPlease verify you didn't misspell the type/module's name or that you didn't\nforget to import it:\n\n```\nuse std::collections::HashMap; // HashMap has been imported.\nlet map: HashMap<u32, u32> = HashMap::new(); // So it can be used!\n```\n\nIf you've expected to use a crate name:\n\n```compile_fail\nuse ferris_wheel::BigO;\n// error: failed to resolve: use of undeclared module or unlinked crate\n```\n\nMake sure the crate has been added as a dependency in `Cargo.toml`.\n\nTo use a module from your current crate, add the `crate::` prefix to the path.\n"},"level":"error","message":"failed to resolve: unresolved import","spans":[{"byte_end":193,"byte_start":186,"column_end":19,"column_start":12,"expansion":null,"file_name":"gameplay_ui/src/performance/integration.rs","is_primary":true,"label":"unresolved import","line_end":4,"line_start":4,"suggested_replacement":null,"suggestion_applicability":null,"text":[{"highlight_end":19,"highlight_start":12,"text":"use crate::systems::input::ControlManager;"}]}]}}
{"reason":"compiler-message","package_id":"path+file:///Users/bradyjeong/Documents/Projects/Amp/gta4/gta_game/gameplay_ui#0.1.0","manifest_path":"/Users/bradyjeong/Documents/Projects/Amp/gta4/gta_game/gameplay_ui/Cargo.toml","target":{"kind":["lib"],"crate_types":["lib"],"name":"gameplay_ui","src_path":"/Users/bradyjeong/Documents/Projects/Amp/gta4/gta_game/gameplay_ui/src/lib.rs","edition":"2021","doc":true,"doctest":true,"test":true},"message":{"rendered":"error[E0432]: unresolved import `crate::components`\n --> gameplay_ui/src/performance/integration.rs:3:12\n  |\n3 | use crate::components::{PerformanceStats, DirtyFlagsMetrics};\n  |            ^^^^^^^^^^\n  |            |\n  |            unresolved import\n  |            help: a similar path exists: `game_core::components`\n\n","$message_type":"diagnostic","children":[{"children":[],"code":null,"level":"help","message":"a similar path exists","rendered":null,"spans":[{"byte_end":134,"byte_start":124,"column_end":22,"column_start":12,"expansion":null,"file_name":"gameplay_ui/src/performance/integration.rs","is_primary":true,"label":null,"line_end":3,"line_start":3,"suggested_replacement":"game_core::components","suggestion_applicability":"MaybeIncorrect","text":[{"highlight_end":22,"highlight_start":12,"text":"use crate::components::{PerformanceStats, DirtyFlagsMetrics};"}]}]}],"code":{"code":"E0432","explanation":"An import was unresolved.\n\nErroneous code example:\n\n```compile_fail,E0432\nuse something::Foo; // error: unresolved import `something::Foo`.\n```\n\nIn Rust 2015, paths in `use` statements are relative to the crate root. To\nimport items relative to the current and parent modules, use the `self::` and\n`super::` prefixes, respectively.\n\nIn Rust 2018 or later, paths in `use` statements are relative to the current\nmodule unless they begin with the name of a crate or a literal `crate::`, in\nwhich case they start from the crate root. As in Rust 2015 code, the `self::`\nand `super::` prefixes refer to the current and parent modules respectively.\n\nAlso verify that you didn't misspell the import name and that the import exists\nin the module from where you tried to import it. Example:\n\n```\nuse self::something::Foo; // Ok.\n\nmod something {\n    pub struct Foo;\n}\n# fn main() {}\n```\n\nIf you tried to use a module from an external crate and are using Rust 2015,\nyou may have missed the `extern crate` declaration (which is usually placed in\nthe crate root):\n\n```edition2015\nextern crate core; // Required to use the `core` crate in Rust 2015.\n\nuse core::any;\n# fn main() {}\n```\n\nSince Rust 2018 the `extern crate` declaration is not required and\nyou can instead just `use` it:\n\n```edition2018\nuse core::any; // No extern crate required in Rust 2018.\n# fn main() {}\n```\n"},"level":"error","message":"unresolved import `crate::components`","spans":[{"byte_end":134,"byte_start":124,"column_end":22,"column_start":12,"expansion":null,"file_name":"gameplay_ui/src/performance/integration.rs","is_primary":true,"label":"unresolved import","line_end":3,"line_start":3,"suggested_replacement":null,"suggestion_applicability":null,"text":[{"highlight_end":22,"highlight_start":12,"text":"use crate::components::{PerformanceStats, DirtyFlagsMetrics};"}]}]}}
{"reason":"compiler-message","package_id":"path+file:///Users/bradyjeong/Documents/Projects/Amp/gta4/gta_game/gameplay_ui#0.1.0","manifest_path":"/Users/bradyjeong/Documents/Projects/Amp/gta4/gta_game/gameplay_ui/Cargo.toml","target":{"kind":["lib"],"crate_types":["lib"],"name":"gameplay_ui","src_path":"/Users/bradyjeong/Documents/Projects/Amp/gta4/gta_game/gameplay_ui/src/lib.rs","edition":"2021","doc":true,"doctest":true,"test":true},"message":{"rendered":"error[E0432]: unresolved import `crate::components`\n --> gameplay_ui/src/performance/integration.rs:3:12\n  |\n3 | use crate::components::{PerformanceStats, DirtyFlagsMetrics};\n  |            ^^^^^^^^^^\n  |            |\n  |            unresolved import\n  |            help: a similar path exists: `game_core::components`\n\n","$message_type":"diagnostic","children":[{"children":[],"code":null,"level":"help","message":"a similar path exists","rendered":null,"spans":[{"byte_end":134,"byte_start":124,"column_end":22,"column_start":12,"expansion":null,"file_name":"gameplay_ui/src/performance/integration.rs","is_primary":true,"label":null,"line_end":3,"line_start":3,"suggested_replacement":"game_core::components","suggestion_applicability":"MaybeIncorrect","text":[{"highlight_end":22,"highlight_start":12,"text":"use crate::components::{PerformanceStats, DirtyFlagsMetrics};"}]}]}],"code":{"code":"E0432","explanation":"An import was unresolved.\n\nErroneous code example:\n\n```compile_fail,E0432\nuse something::Foo; // error: unresolved import `something::Foo`.\n```\n\nIn Rust 2015, paths in `use` statements are relative to the crate root. To\nimport items relative to the current and parent modules, use the `self::` and\n`super::` prefixes, respectively.\n\nIn Rust 2018 or later, paths in `use` statements are relative to the current\nmodule unless they begin with the name of a crate or a literal `crate::`, in\nwhich case they start from the crate root. As in Rust 2015 code, the `self::`\nand `super::` prefixes refer to the current and parent modules respectively.\n\nAlso verify that you didn't misspell the import name and that the import exists\nin the module from where you tried to import it. Example:\n\n```\nuse self::something::Foo; // Ok.\n\nmod something {\n    pub struct Foo;\n}\n# fn main() {}\n```\n\nIf you tried to use a module from an external crate and are using Rust 2015,\nyou may have missed the `extern crate` declaration (which is usually placed in\nthe crate root):\n\n```edition2015\nextern crate core; // Required to use the `core` crate in Rust 2015.\n\nuse core::any;\n# fn main() {}\n```\n\nSince Rust 2018 the `extern crate` declaration is not required and\nyou can instead just `use` it:\n\n```edition2018\nuse core::any; // No extern crate required in Rust 2018.\n# fn main() {}\n```\n"},"level":"error","message":"unresolved import `crate::components`","spans":[{"byte_end":134,"byte_start":124,"column_end":22,"column_start":12,"expansion":null,"file_name":"gameplay_ui/src/performance/integration.rs","is_primary":true,"label":"unresolved import","line_end":3,"line_start":3,"suggested_replacement":null,"suggestion_applicability":null,"text":[{"highlight_end":22,"highlight_start":12,"text":"use crate::components::{PerformanceStats, DirtyFlagsMetrics};"}]}]}}
{"reason":"compiler-message","package_id":"path+file:///Users/bradyjeong/Documents/Projects/Amp/gta4/gta_game/gameplay_ui#0.1.0","manifest_path":"/Users/bradyjeong/Documents/Projects/Amp/gta4/gta_game/gameplay_ui/Cargo.toml","target":{"kind":["lib"],"crate_types":["lib"],"name":"gameplay_ui","src_path":"/Users/bradyjeong/Documents/Projects/Amp/gta4/gta_game/gameplay_ui/src/lib.rs","edition":"2021","doc":true,"doctest":true,"test":true},"message":{"rendered":"error[E0432]: unresolved import `crate::components`\n --> gameplay_ui/src/examples/control_manager_integration.rs:4:12\n  |\n4 | use crate::components::{Car, SuperCar, ActiveEntity};\n  |            ^^^^^^^^^^\n  |            |\n  |            unresolved import\n  |            help: a similar path exists: `game_core::components`\n\n","$message_type":"diagnostic","children":[{"children":[],"code":null,"level":"help","message":"a similar path exists","rendered":null,"spans":[{"byte_end":75,"byte_start":65,"column_end":22,"column_start":12,"expansion":null,"file_name":"gameplay_ui/src/examples/control_manager_integration.rs","is_primary":true,"label":null,"line_end":4,"line_start":4,"suggested_replacement":"game_core::components","suggestion_applicability":"MaybeIncorrect","text":[{"highlight_end":22,"highlight_start":12,"text":"use crate::components::{Car, SuperCar, ActiveEntity};"}]}]}],"code":{"code":"E0432","explanation":"An import was unresolved.\n\nErroneous code example:\n\n```compile_fail,E0432\nuse something::Foo; // error: unresolved import `something::Foo`.\n```\n\nIn Rust 2015, paths in `use` statements are relative to the crate root. To\nimport items relative to the current and parent modules, use the `self::` and\n`super::` prefixes, respectively.\n\nIn Rust 2018 or later, paths in `use` statements are relative to the current\nmodule unless they begin with the name of a crate or a literal `crate::`, in\nwhich case they start from the crate root. As in Rust 2015 code, the `self::`\nand `super::` prefixes refer to the current and parent modules respectively.\n\nAlso verify that you didn't misspell the import name and that the import exists\nin the module from where you tried to import it. Example:\n\n```\nuse self::something::Foo; // Ok.\n\nmod something {\n    pub struct Foo;\n}\n# fn main() {}\n```\n\nIf you tried to use a module from an external crate and are using Rust 2015,\nyou may have missed the `extern crate` declaration (which is usually placed in\nthe crate root):\n\n```edition2015\nextern crate core; // Required to use the `core` crate in Rust 2015.\n\nuse core::any;\n# fn main() {}\n```\n\nSince Rust 2018 the `extern crate` declaration is not required and\nyou can instead just `use` it:\n\n```edition2018\nuse core::any; // No extern crate required in Rust 2018.\n# fn main() {}\n```\n"},"level":"error","message":"unresolved import `crate::components`","spans":[{"byte_end":75,"byte_start":65,"column_end":22,"column_start":12,"expansion":null,"file_name":"gameplay_ui/src/examples/control_manager_integration.rs","is_primary":true,"label":"unresolved import","line_end":4,"line_start":4,"suggested_replacement":null,"suggestion_applicability":null,"text":[{"highlight_end":22,"highlight_start":12,"text":"use crate::components::{Car, SuperCar, ActiveEntity};"}]}]}}
{"reason":"compiler-message","package_id":"path+file:///Users/bradyjeong/Documents/Projects/Amp/gta4/gta_game/gameplay_ui#0.1.0","manifest_path":"/Users/bradyjeong/Documents/Projects/Amp/gta4/gta_game/gameplay_ui/Cargo.toml","target":{"kind":["lib"],"crate_types":["lib"],"name":"gameplay_ui","src_path":"/Users/bradyjeong/Documents/Projects/Amp/gta4/gta_game/gameplay_ui/src/lib.rs","edition":"2021","doc":true,"doctest":true,"test":true},"message":{"rendered":"error[E0432]: unresolved import `crate::components`\n --> gameplay_ui/src/examples/control_manager_integration.rs:4:12\n  |\n4 | use crate::components::{Car, SuperCar, ActiveEntity};\n  |            ^^^^^^^^^^\n  |            |\n  |            unresolved import\n  |            help: a similar path exists: `game_core::components`\n\n","$message_type":"diagnostic","children":[{"children":[],"code":null,"level":"help","message":"a similar path exists","rendered":null,"spans":[{"byte_end":75,"byte_start":65,"column_end":22,"column_start":12,"expansion":null,"file_name":"gameplay_ui/src/examples/control_manager_integration.rs","is_primary":true,"label":null,"line_end":4,"line_start":4,"suggested_replacement":"game_core::components","suggestion_applicability":"MaybeIncorrect","text":[{"highlight_end":22,"highlight_start":12,"text":"use crate::components::{Car, SuperCar, ActiveEntity};"}]}]}],"code":{"code":"E0432","explanation":"An import was unresolved.\n\nErroneous code example:\n\n```compile_fail,E0432\nuse something::Foo; // error: unresolved import `something::Foo`.\n```\n\nIn Rust 2015, paths in `use` statements are relative to the crate root. To\nimport items relative to the current and parent modules, use the `self::` and\n`super::` prefixes, respectively.\n\nIn Rust 2018 or later, paths in `use` statements are relative to the current\nmodule unless they begin with the name of a crate or a literal `crate::`, in\nwhich case they start from the crate root. As in Rust 2015 code, the `self::`\nand `super::` prefixes refer to the current and parent modules respectively.\n\nAlso verify that you didn't misspell the import name and that the import exists\nin the module from where you tried to import it. Example:\n\n```\nuse self::something::Foo; // Ok.\n\nmod something {\n    pub struct Foo;\n}\n# fn main() {}\n```\n\nIf you tried to use a module from an external crate and are using Rust 2015,\nyou may have missed the `extern crate` declaration (which is usually placed in\nthe crate root):\n\n```edition2015\nextern crate core; // Required to use the `core` crate in Rust 2015.\n\nuse core::any;\n# fn main() {}\n```\n\nSince Rust 2018 the `extern crate` declaration is not required and\nyou can instead just `use` it:\n\n```edition2018\nuse core::any; // No extern crate required in Rust 2018.\n# fn main() {}\n```\n"},"level":"error","message":"unresolved import `crate::components`","spans":[{"byte_end":75,"byte_start":65,"column_end":22,"column_start":12,"expansion":null,"file_name":"gameplay_ui/src/examples/control_manager_integration.rs","is_primary":true,"label":"unresolved import","line_end":4,"line_start":4,"suggested_replacement":null,"suggestion_applicability":null,"text":[{"highlight_end":22,"highlight_start":12,"text":"use crate::components::{Car, SuperCar, ActiveEntity};"}]}]}}
{"reason":"compiler-message","package_id":"path+file:///Users/bradyjeong/Documents/Projects/Amp/gta4/gta_game/gameplay_ui#0.1.0","manifest_path":"/Users/bradyjeong/Documents/Projects/Amp/gta4/gta_game/gameplay_ui/Cargo.toml","target":{"kind":["lib"],"crate_types":["lib"],"name":"gameplay_ui","src_path":"/Users/bradyjeong/Documents/Projects/Amp/gta4/gta_game/gameplay_ui/src/lib.rs","edition":"2021","doc":true,"doctest":true,"test":true},"message":{"rendered":"error[E0433]: failed to resolve: unresolved import\n --> gameplay_ui/src/examples/control_manager_integration.rs:6:12\n  |\n6 | use crate::systems::input::{\n  |            ^^^^^^^\n  |            |\n  |            unresolved import\n  |            help: a similar path exists: `gameplay_sim::systems`\n\n","$message_type":"diagnostic","children":[{"children":[],"code":null,"level":"help","message":"a similar path exists","rendered":null,"spans":[{"byte_end":160,"byte_start":153,"column_end":19,"column_start":12,"expansion":null,"file_name":"gameplay_ui/src/examples/control_manager_integration.rs","is_primary":true,"label":null,"line_end":6,"line_start":6,"suggested_replacement":"gameplay_sim::systems","suggestion_applicability":"MaybeIncorrect","text":[{"highlight_end":19,"highlight_start":12,"text":"use crate::systems::input::{"}]}]}],"code":{"code":"E0433","explanation":"An undeclared crate, module, or type was used.\n\nErroneous code example:\n\n```compile_fail,E0433\nlet map = HashMap::new();\n// error: failed to resolve: use of undeclared type `HashMap`\n```\n\nPlease verify you didn't misspell the type/module's name or that you didn't\nforget to import it:\n\n```\nuse std::collections::HashMap; // HashMap has been imported.\nlet map: HashMap<u32, u32> = HashMap::new(); // So it can be used!\n```\n\nIf you've expected to use a crate name:\n\n```compile_fail\nuse ferris_wheel::BigO;\n// error: failed to resolve: use of undeclared module or unlinked crate\n```\n\nMake sure the crate has been added as a dependency in `Cargo.toml`.\n\nTo use a module from your current crate, add the `crate::` prefix to the path.\n"},"level":"error","message":"failed to resolve: unresolved import","spans":[{"byte_end":160,"byte_start":153,"column_end":19,"column_start":12,"expansion":null,"file_name":"gameplay_ui/src/examples/control_manager_integration.rs","is_primary":true,"label":"unresolved import","line_end":6,"line_start":6,"suggested_replacement":null,"suggestion_applicability":null,"text":[{"highlight_end":19,"highlight_start":12,"text":"use crate::systems::input::{"}]}]}}
{"reason":"compiler-message","package_id":"path+file:///Users/bradyjeong/Documents/Projects/Amp/gta4/gta_game/gameplay_ui#0.1.0","manifest_path":"/Users/bradyjeong/Documents/Projects/Amp/gta4/gta_game/gameplay_ui/Cargo.toml","target":{"kind":["lib"],"crate_types":["lib"],"name":"gameplay_ui","src_path":"/Users/bradyjeong/Documents/Projects/Amp/gta4/gta_game/gameplay_ui/src/lib.rs","edition":"2021","doc":true,"doctest":true,"test":true},"message":{"rendered":"error[E0433]: failed to resolve: unresolved import\n --> gameplay_ui/src/examples/control_manager_integration.rs:6:12\n  |\n6 | use crate::systems::input::{\n  |            ^^^^^^^\n  |            |\n  |            unresolved import\n  |            help: a similar path exists: `gameplay_sim::systems`\n\n","$message_type":"diagnostic","children":[{"children":[],"code":null,"level":"help","message":"a similar path exists","rendered":null,"spans":[{"byte_end":160,"byte_start":153,"column_end":19,"column_start":12,"expansion":null,"file_name":"gameplay_ui/src/examples/control_manager_integration.rs","is_primary":true,"label":null,"line_end":6,"line_start":6,"suggested_replacement":"gameplay_sim::systems","suggestion_applicability":"MaybeIncorrect","text":[{"highlight_end":19,"highlight_start":12,"text":"use crate::systems::input::{"}]}]}],"code":{"code":"E0433","explanation":"An undeclared crate, module, or type was used.\n\nErroneous code example:\n\n```compile_fail,E0433\nlet map = HashMap::new();\n// error: failed to resolve: use of undeclared type `HashMap`\n```\n\nPlease verify you didn't misspell the type/module's name or that you didn't\nforget to import it:\n\n```\nuse std::collections::HashMap; // HashMap has been imported.\nlet map: HashMap<u32, u32> = HashMap::new(); // So it can be used!\n```\n\nIf you've expected to use a crate name:\n\n```compile_fail\nuse ferris_wheel::BigO;\n// error: failed to resolve: use of undeclared module or unlinked crate\n```\n\nMake sure the crate has been added as a dependency in `Cargo.toml`.\n\nTo use a module from your current crate, add the `crate::` prefix to the path.\n"},"level":"error","message":"failed to resolve: unresolved import","spans":[{"byte_end":160,"byte_start":153,"column_end":19,"column_start":12,"expansion":null,"file_name":"gameplay_ui/src/examples/control_manager_integration.rs","is_primary":true,"label":"unresolved import","line_end":6,"line_start":6,"suggested_replacement":null,"suggestion_applicability":null,"text":[{"highlight_end":19,"highlight_start":12,"text":"use crate::systems::input::{"}]}]}}
{"reason":"compiler-message","package_id":"path+file:///Users/bradyjeong/Documents/Projects/Amp/gta4/gta_game/gameplay_ui#0.1.0","manifest_path":"/Users/bradyjeong/Documents/Projects/Amp/gta4/gta_game/gameplay_ui/Cargo.toml","target":{"kind":["lib"],"crate_types":["lib"],"name":"gameplay_ui","src_path":"/Users/bradyjeong/Documents/Projects/Amp/gta4/gta_game/gameplay_ui/src/lib.rs","edition":"2021","doc":true,"doctest":true,"test":true},"message":{"rendered":"error[E0433]: failed to resolve: unresolved import\n   --> gameplay_ui/src/examples/control_manager_integration.rs:158:16\n    |\n158 |     use crate::systems::input::{vehicle_control_config::VehicleType, VehiclePhysicsConfig};\n    |                ^^^^^^^\n    |                |\n    |                unresolved import\n    |                help: a similar path exists: `gameplay_sim::systems`\n\n","$message_type":"diagnostic","children":[{"children":[],"code":null,"level":"help","message":"a similar path exists","rendered":null,"spans":[{"byte_end":6348,"byte_start":6341,"column_end":23,"column_start":16,"expansion":null,"file_name":"gameplay_ui/src/examples/control_manager_integration.rs","is_primary":true,"label":null,"line_end":158,"line_start":158,"suggested_replacement":"gameplay_sim::systems","suggestion_applicability":"MaybeIncorrect","text":[{"highlight_end":23,"highlight_start":16,"text":"    use crate::systems::input::{vehicle_control_config::VehicleType, VehiclePhysicsConfig};"}]}]}],"code":{"code":"E0433","explanation":"An undeclared crate, module, or type was used.\n\nErroneous code example:\n\n```compile_fail,E0433\nlet map = HashMap::new();\n// error: failed to resolve: use of undeclared type `HashMap`\n```\n\nPlease verify you didn't misspell the type/module's name or that you didn't\nforget to import it:\n\n```\nuse std::collections::HashMap; // HashMap has been imported.\nlet map: HashMap<u32, u32> = HashMap::new(); // So it can be used!\n```\n\nIf you've expected to use a crate name:\n\n```compile_fail\nuse ferris_wheel::BigO;\n// error: failed to resolve: use of undeclared module or unlinked crate\n```\n\nMake sure the crate has been added as a dependency in `Cargo.toml`.\n\nTo use a module from your current crate, add the `crate::` prefix to the path.\n"},"level":"error","message":"failed to resolve: unresolved import","spans":[{"byte_end":6348,"byte_start":6341,"column_end":23,"column_start":16,"expansion":null,"file_name":"gameplay_ui/src/examples/control_manager_integration.rs","is_primary":true,"label":"unresolved import","line_end":158,"line_start":158,"suggested_replacement":null,"suggestion_applicability":null,"text":[{"highlight_end":23,"highlight_start":16,"text":"    use crate::systems::input::{vehicle_control_config::VehicleType, VehiclePhysicsConfig};"}]}]}}
{"reason":"compiler-message","package_id":"path+file:///Users/bradyjeong/Documents/Projects/Amp/gta4/gta_game/gameplay_ui#0.1.0","manifest_path":"/Users/bradyjeong/Documents/Projects/Amp/gta4/gta_game/gameplay_ui/Cargo.toml","target":{"kind":["lib"],"crate_types":["lib"],"name":"gameplay_ui","src_path":"/Users/bradyjeong/Documents/Projects/Amp/gta4/gta_game/gameplay_ui/src/lib.rs","edition":"2021","doc":true,"doctest":true,"test":true},"message":{"rendered":"error[E0433]: failed to resolve: unresolved import\n   --> gameplay_ui/src/examples/control_manager_integration.rs:158:16\n    |\n158 |     use crate::systems::input::{vehicle_control_config::VehicleType, VehiclePhysicsConfig};\n    |                ^^^^^^^\n    |                |\n    |                unresolved import\n    |                help: a similar path exists: `gameplay_sim::systems`\n\n","$message_type":"diagnostic","children":[{"children":[],"code":null,"level":"help","message":"a similar path exists","rendered":null,"spans":[{"byte_end":6348,"byte_start":6341,"column_end":23,"column_start":16,"expansion":null,"file_name":"gameplay_ui/src/examples/control_manager_integration.rs","is_primary":true,"label":null,"line_end":158,"line_start":158,"suggested_replacement":"gameplay_sim::systems","suggestion_applicability":"MaybeIncorrect","text":[{"highlight_end":23,"highlight_start":16,"text":"    use crate::systems::input::{vehicle_control_config::VehicleType, VehiclePhysicsConfig};"}]}]}],"code":{"code":"E0433","explanation":"An undeclared crate, module, or type was used.\n\nErroneous code example:\n\n```compile_fail,E0433\nlet map = HashMap::new();\n// error: failed to resolve: use of undeclared type `HashMap`\n```\n\nPlease verify you didn't misspell the type/module's name or that you didn't\nforget to import it:\n\n```\nuse std::collections::HashMap; // HashMap has been imported.\nlet map: HashMap<u32, u32> = HashMap::new(); // So it can be used!\n```\n\nIf you've expected to use a crate name:\n\n```compile_fail\nuse ferris_wheel::BigO;\n// error: failed to resolve: use of undeclared module or unlinked crate\n```\n\nMake sure the crate has been added as a dependency in `Cargo.toml`.\n\nTo use a module from your current crate, add the `crate::` prefix to the path.\n"},"level":"error","message":"failed to resolve: unresolved import","spans":[{"byte_end":6348,"byte_start":6341,"column_end":23,"column_start":16,"expansion":null,"file_name":"gameplay_ui/src/examples/control_manager_integration.rs","is_primary":true,"label":"unresolved import","line_end":158,"line_start":158,"suggested_replacement":null,"suggestion_applicability":null,"text":[{"highlight_end":23,"highlight_start":16,"text":"    use crate::systems::input::{vehicle_control_config::VehicleType, VehiclePhysicsConfig};"}]}]}}
{"reason":"compiler-message","package_id":"path+file:///Users/bradyjeong/Documents/Projects/Amp/gta4/gta_game/gameplay_ui#0.1.0","manifest_path":"/Users/bradyjeong/Documents/Projects/Amp/gta4/gta_game/gameplay_ui/Cargo.toml","target":{"kind":["lib"],"crate_types":["lib"],"name":"gameplay_ui","src_path":"/Users/bradyjeong/Documents/Projects/Amp/gta4/gta_game/gameplay_ui/src/lib.rs","edition":"2021","doc":true,"doctest":true,"test":true},"message":{"rendered":"error[E0432]: unresolved import `crate::game_state`\n --> gameplay_ui/src/examples/control_manager_integration.rs:5:12\n  |\n5 | use crate::game_state::GameState;\n  |            ^^^^^^^^^^\n  |            |\n  |            unresolved import\n  |            help: a similar path exists: `game_core::game_state`\n\n","$message_type":"diagnostic","children":[{"children":[],"code":null,"level":"help","message":"a similar path exists","rendered":null,"spans":[{"byte_end":129,"byte_start":119,"column_end":22,"column_start":12,"expansion":null,"file_name":"gameplay_ui/src/examples/control_manager_integration.rs","is_primary":true,"label":null,"line_end":5,"line_start":5,"suggested_replacement":"game_core::game_state","suggestion_applicability":"MaybeIncorrect","text":[{"highlight_end":22,"highlight_start":12,"text":"use crate::game_state::GameState;"}]}]}],"code":{"code":"E0432","explanation":"An import was unresolved.\n\nErroneous code example:\n\n```compile_fail,E0432\nuse something::Foo; // error: unresolved import `something::Foo`.\n```\n\nIn Rust 2015, paths in `use` statements are relative to the crate root. To\nimport items relative to the current and parent modules, use the `self::` and\n`super::` prefixes, respectively.\n\nIn Rust 2018 or later, paths in `use` statements are relative to the current\nmodule unless they begin with the name of a crate or a literal `crate::`, in\nwhich case they start from the crate root. As in Rust 2015 code, the `self::`\nand `super::` prefixes refer to the current and parent modules respectively.\n\nAlso verify that you didn't misspell the import name and that the import exists\nin the module from where you tried to import it. Example:\n\n```\nuse self::something::Foo; // Ok.\n\nmod something {\n    pub struct Foo;\n}\n# fn main() {}\n```\n\nIf you tried to use a module from an external crate and are using Rust 2015,\nyou may have missed the `extern crate` declaration (which is usually placed in\nthe crate root):\n\n```edition2015\nextern crate core; // Required to use the `core` crate in Rust 2015.\n\nuse core::any;\n# fn main() {}\n```\n\nSince Rust 2018 the `extern crate` declaration is not required and\nyou can instead just `use` it:\n\n```edition2018\nuse core::any; // No extern crate required in Rust 2018.\n# fn main() {}\n```\n"},"level":"error","message":"unresolved import `crate::game_state`","spans":[{"byte_end":129,"byte_start":119,"column_end":22,"column_start":12,"expansion":null,"file_name":"gameplay_ui/src/examples/control_manager_integration.rs","is_primary":true,"label":"unresolved import","line_end":5,"line_start":5,"suggested_replacement":null,"suggestion_applicability":null,"text":[{"highlight_end":22,"highlight_start":12,"text":"use crate::game_state::GameState;"}]}]}}
{"reason":"compiler-message","package_id":"path+file:///Users/bradyjeong/Documents/Projects/Amp/gta4/gta_game/gameplay_ui#0.1.0","manifest_path":"/Users/bradyjeong/Documents/Projects/Amp/gta4/gta_game/gameplay_ui/Cargo.toml","target":{"kind":["lib"],"crate_types":["lib"],"name":"gameplay_ui","src_path":"/Users/bradyjeong/Documents/Projects/Amp/gta4/gta_game/gameplay_ui/src/lib.rs","edition":"2021","doc":true,"doctest":true,"test":true},"message":{"rendered":"error[E0433]: failed to resolve: unresolved import\n   --> gameplay_ui/src/examples/control_manager_integration.rs:204:16\n    |\n204 |     use crate::systems::input::{InputConfig, InputAction};\n    |                ^^^^^^^\n    |                |\n    |                unresolved import\n    |                help: a similar path exists: `gameplay_sim::systems`\n\n","$message_type":"diagnostic","children":[{"children":[],"code":null,"level":"help","message":"a similar path exists","rendered":null,"spans":[{"byte_end":8012,"byte_start":8005,"column_end":23,"column_start":16,"expansion":null,"file_name":"gameplay_ui/src/examples/control_manager_integration.rs","is_primary":true,"label":null,"line_end":204,"line_start":204,"suggested_replacement":"gameplay_sim::systems","suggestion_applicability":"MaybeIncorrect","text":[{"highlight_end":23,"highlight_start":16,"text":"    use crate::systems::input::{InputConfig, InputAction};"}]}]}],"code":{"code":"E0433","explanation":"An undeclared crate, module, or type was used.\n\nErroneous code example:\n\n```compile_fail,E0433\nlet map = HashMap::new();\n// error: failed to resolve: use of undeclared type `HashMap`\n```\n\nPlease verify you didn't misspell the type/module's name or that you didn't\nforget to import it:\n\n```\nuse std::collections::HashMap; // HashMap has been imported.\nlet map: HashMap<u32, u32> = HashMap::new(); // So it can be used!\n```\n\nIf you've expected to use a crate name:\n\n```compile_fail\nuse ferris_wheel::BigO;\n// error: failed to resolve: use of undeclared module or unlinked crate\n```\n\nMake sure the crate has been added as a dependency in `Cargo.toml`.\n\nTo use a module from your current crate, add the `crate::` prefix to the path.\n"},"level":"error","message":"failed to resolve: unresolved import","spans":[{"byte_end":8012,"byte_start":8005,"column_end":23,"column_start":16,"expansion":null,"file_name":"gameplay_ui/src/examples/control_manager_integration.rs","is_primary":true,"label":"unresolved import","line_end":204,"line_start":204,"suggested_replacement":null,"suggestion_applicability":null,"text":[{"highlight_end":23,"highlight_start":16,"text":"    use crate::systems::input::{InputConfig, InputAction};"}]}]}}
{"reason":"compiler-message","package_id":"path+file:///Users/bradyjeong/Documents/Projects/Amp/gta4/gta_game/gameplay_ui#0.1.0","manifest_path":"/Users/bradyjeong/Documents/Projects/Amp/gta4/gta_game/gameplay_ui/Cargo.toml","target":{"kind":["lib"],"crate_types":["lib"],"name":"gameplay_ui","src_path":"/Users/bradyjeong/Documents/Projects/Amp/gta4/gta_game/gameplay_ui/src/lib.rs","edition":"2021","doc":true,"doctest":true,"test":true},"message":{"rendered":"error[E0432]: unresolved import `crate::config`\n --> gameplay_ui/src/config_loader.rs:2:12\n  |\n2 | use crate::config::GameConfig;\n  |            ^^^^^^\n  |            |\n  |            unresolved import\n  |            help: a similar path exists: `game_core::config`\n\n","$message_type":"diagnostic","children":[{"children":[],"code":null,"level":"help","message":"a similar path exists","rendered":null,"spans":[{"byte_end":39,"byte_start":33,"column_end":18,"column_start":12,"expansion":null,"file_name":"gameplay_ui/src/config_loader.rs","is_primary":true,"label":null,"line_end":2,"line_start":2,"suggested_replacement":"game_core::config","suggestion_applicability":"MaybeIncorrect","text":[{"highlight_end":18,"highlight_start":12,"text":"use crate::config::GameConfig;"}]}]}],"code":{"code":"E0432","explanation":"An import was unresolved.\n\nErroneous code example:\n\n```compile_fail,E0432\nuse something::Foo; // error: unresolved import `something::Foo`.\n```\n\nIn Rust 2015, paths in `use` statements are relative to the crate root. To\nimport items relative to the current and parent modules, use the `self::` and\n`super::` prefixes, respectively.\n\nIn Rust 2018 or later, paths in `use` statements are relative to the current\nmodule unless they begin with the name of a crate or a literal `crate::`, in\nwhich case they start from the crate root. As in Rust 2015 code, the `self::`\nand `super::` prefixes refer to the current and parent modules respectively.\n\nAlso verify that you didn't misspell the import name and that the import exists\nin the module from where you tried to import it. Example:\n\n```\nuse self::something::Foo; // Ok.\n\nmod something {\n    pub struct Foo;\n}\n# fn main() {}\n```\n\nIf you tried to use a module from an external crate and are using Rust 2015,\nyou may have missed the `extern crate` declaration (which is usually placed in\nthe crate root):\n\n```edition2015\nextern crate core; // Required to use the `core` crate in Rust 2015.\n\nuse core::any;\n# fn main() {}\n```\n\nSince Rust 2018 the `extern crate` declaration is not required and\nyou can instead just `use` it:\n\n```edition2018\nuse core::any; // No extern crate required in Rust 2018.\n# fn main() {}\n```\n"},"level":"error","message":"unresolved import `crate::config`","spans":[{"byte_end":39,"byte_start":33,"column_end":18,"column_start":12,"expansion":null,"file_name":"gameplay_ui/src/config_loader.rs","is_primary":true,"label":"unresolved import","line_end":2,"line_start":2,"suggested_replacement":null,"suggestion_applicability":null,"text":[{"highlight_end":18,"highlight_start":12,"text":"use crate::config::GameConfig;"}]}]}}
{"reason":"compiler-message","package_id":"path+file:///Users/bradyjeong/Documents/Projects/Amp/gta4/gta_game/gameplay_ui#0.1.0","manifest_path":"/Users/bradyjeong/Documents/Projects/Amp/gta4/gta_game/gameplay_ui/Cargo.toml","target":{"kind":["lib"],"crate_types":["lib"],"name":"gameplay_ui","src_path":"/Users/bradyjeong/Documents/Projects/Amp/gta4/gta_game/gameplay_ui/src/lib.rs","edition":"2021","doc":true,"doctest":true,"test":true},"message":{"rendered":"error[E0433]: failed to resolve: unresolved import\n --> gameplay_ui/src/simple_service_example.rs:4:12\n  |\n4 | use crate::services::simple_services::{ConfigService, PhysicsService, EnhancedTimingService};\n  |            ^^^^^^^^\n  |            |\n  |            unresolved import\n  |            help: a similar path exists: `engine_bevy::services`\n\n","$message_type":"diagnostic","children":[{"children":[],"code":null,"level":"help","message":"a similar path exists","rendered":null,"spans":[{"byte_end":98,"byte_start":90,"column_end":20,"column_start":12,"expansion":null,"file_name":"gameplay_ui/src/simple_service_example.rs","is_primary":true,"label":null,"line_end":4,"line_start":4,"suggested_replacement":"engine_bevy::services","suggestion_applicability":"MaybeIncorrect","text":[{"highlight_end":20,"highlight_start":12,"text":"use crate::services::simple_services::{ConfigService, PhysicsService, EnhancedTimingService};"}]}]}],"code":{"code":"E0433","explanation":"An undeclared crate, module, or type was used.\n\nErroneous code example:\n\n```compile_fail,E0433\nlet map = HashMap::new();\n// error: failed to resolve: use of undeclared type `HashMap`\n```\n\nPlease verify you didn't misspell the type/module's name or that you didn't\nforget to import it:\n\n```\nuse std::collections::HashMap; // HashMap has been imported.\nlet map: HashMap<u32, u32> = HashMap::new(); // So it can be used!\n```\n\nIf you've expected to use a crate name:\n\n```compile_fail\nuse ferris_wheel::BigO;\n// error: failed to resolve: use of undeclared module or unlinked crate\n```\n\nMake sure the crate has been added as a dependency in `Cargo.toml`.\n\nTo use a module from your current crate, add the `crate::` prefix to the path.\n"},"level":"error","message":"failed to resolve: unresolved import","spans":[{"byte_end":98,"byte_start":90,"column_end":20,"column_start":12,"expansion":null,"file_name":"gameplay_ui/src/simple_service_example.rs","is_primary":true,"label":"unresolved import","line_end":4,"line_start":4,"suggested_replacement":null,"suggestion_applicability":null,"text":[{"highlight_end":20,"highlight_start":12,"text":"use crate::services::simple_services::{ConfigService, PhysicsService, EnhancedTimingService};"}]}]}}
{"reason":"compiler-message","package_id":"path+file:///Users/bradyjeong/Documents/Projects/Amp/gta4/gta_game/gameplay_ui#0.1.0","manifest_path":"/Users/bradyjeong/Documents/Projects/Amp/gta4/gta_game/gameplay_ui/Cargo.toml","target":{"kind":["lib"],"crate_types":["lib"],"name":"gameplay_ui","src_path":"/Users/bradyjeong/Documents/Projects/Amp/gta4/gta_game/gameplay_ui/src/lib.rs","edition":"2021","doc":true,"doctest":true,"test":true},"message":{"rendered":"error[E0432]: unresolved import `crate::game_state`\n --> gameplay_ui/src/examples/control_manager_integration.rs:5:12\n  |\n5 | use crate::game_state::GameState;\n  |            ^^^^^^^^^^\n  |            |\n  |            unresolved import\n  |            help: a similar path exists: `game_core::game_state`\n\n","$message_type":"diagnostic","children":[{"children":[],"code":null,"level":"help","message":"a similar path exists","rendered":null,"spans":[{"byte_end":129,"byte_start":119,"column_end":22,"column_start":12,"expansion":null,"file_name":"gameplay_ui/src/examples/control_manager_integration.rs","is_primary":true,"label":null,"line_end":5,"line_start":5,"suggested_replacement":"game_core::game_state","suggestion_applicability":"MaybeIncorrect","text":[{"highlight_end":22,"highlight_start":12,"text":"use crate::game_state::GameState;"}]}]}],"code":{"code":"E0432","explanation":"An import was unresolved.\n\nErroneous code example:\n\n```compile_fail,E0432\nuse something::Foo; // error: unresolved import `something::Foo`.\n```\n\nIn Rust 2015, paths in `use` statements are relative to the crate root. To\nimport items relative to the current and parent modules, use the `self::` and\n`super::` prefixes, respectively.\n\nIn Rust 2018 or later, paths in `use` statements are relative to the current\nmodule unless they begin with the name of a crate or a literal `crate::`, in\nwhich case they start from the crate root. As in Rust 2015 code, the `self::`\nand `super::` prefixes refer to the current and parent modules respectively.\n\nAlso verify that you didn't misspell the import name and that the import exists\nin the module from where you tried to import it. Example:\n\n```\nuse self::something::Foo; // Ok.\n\nmod something {\n    pub struct Foo;\n}\n# fn main() {}\n```\n\nIf you tried to use a module from an external crate and are using Rust 2015,\nyou may have missed the `extern crate` declaration (which is usually placed in\nthe crate root):\n\n```edition2015\nextern crate core; // Required to use the `core` crate in Rust 2015.\n\nuse core::any;\n# fn main() {}\n```\n\nSince Rust 2018 the `extern crate` declaration is not required and\nyou can instead just `use` it:\n\n```edition2018\nuse core::any; // No extern crate required in Rust 2018.\n# fn main() {}\n```\n"},"level":"error","message":"unresolved import `crate::game_state`","spans":[{"byte_end":129,"byte_start":119,"column_end":22,"column_start":12,"expansion":null,"file_name":"gameplay_ui/src/examples/control_manager_integration.rs","is_primary":true,"label":"unresolved import","line_end":5,"line_start":5,"suggested_replacement":null,"suggestion_applicability":null,"text":[{"highlight_end":22,"highlight_start":12,"text":"use crate::game_state::GameState;"}]}]}}
{"reason":"compiler-message","package_id":"path+file:///Users/bradyjeong/Documents/Projects/Amp/gta4/gta_game/gameplay_ui#0.1.0","manifest_path":"/Users/bradyjeong/Documents/Projects/Amp/gta4/gta_game/gameplay_ui/Cargo.toml","target":{"kind":["lib"],"crate_types":["lib"],"name":"gameplay_ui","src_path":"/Users/bradyjeong/Documents/Projects/Amp/gta4/gta_game/gameplay_ui/src/lib.rs","edition":"2021","doc":true,"doctest":true,"test":true},"message":{"rendered":"error[E0432]: unresolved import `crate::config`\n --> gameplay_ui/src/config_loader.rs:2:12\n  |\n2 | use crate::config::GameConfig;\n  |            ^^^^^^\n  |            |\n  |            unresolved import\n  |            help: a similar path exists: `game_core::config`\n\n","$message_type":"diagnostic","children":[{"children":[],"code":null,"level":"help","message":"a similar path exists","rendered":null,"spans":[{"byte_end":39,"byte_start":33,"column_end":18,"column_start":12,"expansion":null,"file_name":"gameplay_ui/src/config_loader.rs","is_primary":true,"label":null,"line_end":2,"line_start":2,"suggested_replacement":"game_core::config","suggestion_applicability":"MaybeIncorrect","text":[{"highlight_end":18,"highlight_start":12,"text":"use crate::config::GameConfig;"}]}]}],"code":{"code":"E0432","explanation":"An import was unresolved.\n\nErroneous code example:\n\n```compile_fail,E0432\nuse something::Foo; // error: unresolved import `something::Foo`.\n```\n\nIn Rust 2015, paths in `use` statements are relative to the crate root. To\nimport items relative to the current and parent modules, use the `self::` and\n`super::` prefixes, respectively.\n\nIn Rust 2018 or later, paths in `use` statements are relative to the current\nmodule unless they begin with the name of a crate or a literal `crate::`, in\nwhich case they start from the crate root. As in Rust 2015 code, the `self::`\nand `super::` prefixes refer to the current and parent modules respectively.\n\nAlso verify that you didn't misspell the import name and that the import exists\nin the module from where you tried to import it. Example:\n\n```\nuse self::something::Foo; // Ok.\n\nmod something {\n    pub struct Foo;\n}\n# fn main() {}\n```\n\nIf you tried to use a module from an external crate and are using Rust 2015,\nyou may have missed the `extern crate` declaration (which is usually placed in\nthe crate root):\n\n```edition2015\nextern crate core; // Required to use the `core` crate in Rust 2015.\n\nuse core::any;\n# fn main() {}\n```\n\nSince Rust 2018 the `extern crate` declaration is not required and\nyou can instead just `use` it:\n\n```edition2018\nuse core::any; // No extern crate required in Rust 2018.\n# fn main() {}\n```\n"},"level":"error","message":"unresolved import `crate::config`","spans":[{"byte_end":39,"byte_start":33,"column_end":18,"column_start":12,"expansion":null,"file_name":"gameplay_ui/src/config_loader.rs","is_primary":true,"label":"unresolved import","line_end":2,"line_start":2,"suggested_replacement":null,"suggestion_applicability":null,"text":[{"highlight_end":18,"highlight_start":12,"text":"use crate::config::GameConfig;"}]}]}}
{"reason":"compiler-message","package_id":"path+file:///Users/bradyjeong/Documents/Projects/Amp/gta4/gta_game/gameplay_ui#0.1.0","manifest_path":"/Users/bradyjeong/Documents/Projects/Amp/gta4/gta_game/gameplay_ui/Cargo.toml","target":{"kind":["lib"],"crate_types":["lib"],"name":"gameplay_ui","src_path":"/Users/bradyjeong/Documents/Projects/Amp/gta4/gta_game/gameplay_ui/src/lib.rs","edition":"2021","doc":true,"doctest":true,"test":true},"message":{"rendered":"error[E0432]: unresolved import `crate::components`\n --> gameplay_ui/src/simple_service_example.rs:3:12\n  |\n3 | use crate::components::*;\n  |            ^^^^^^^^^^\n  |            |\n  |            unresolved import\n  |            help: a similar path exists: `game_core::components`\n\n","$message_type":"diagnostic","children":[{"children":[],"code":null,"level":"help","message":"a similar path exists","rendered":null,"spans":[{"byte_end":74,"byte_start":64,"column_end":22,"column_start":12,"expansion":null,"file_name":"gameplay_ui/src/simple_service_example.rs","is_primary":true,"label":null,"line_end":3,"line_start":3,"suggested_replacement":"game_core::components","suggestion_applicability":"MaybeIncorrect","text":[{"highlight_end":22,"highlight_start":12,"text":"use crate::components::*;"}]}]}],"code":{"code":"E0432","explanation":"An import was unresolved.\n\nErroneous code example:\n\n```compile_fail,E0432\nuse something::Foo; // error: unresolved import `something::Foo`.\n```\n\nIn Rust 2015, paths in `use` statements are relative to the crate root. To\nimport items relative to the current and parent modules, use the `self::` and\n`super::` prefixes, respectively.\n\nIn Rust 2018 or later, paths in `use` statements are relative to the current\nmodule unless they begin with the name of a crate or a literal `crate::`, in\nwhich case they start from the crate root. As in Rust 2015 code, the `self::`\nand `super::` prefixes refer to the current and parent modules respectively.\n\nAlso verify that you didn't misspell the import name and that the import exists\nin the module from where you tried to import it. Example:\n\n```\nuse self::something::Foo; // Ok.\n\nmod something {\n    pub struct Foo;\n}\n# fn main() {}\n```\n\nIf you tried to use a module from an external crate and are using Rust 2015,\nyou may have missed the `extern crate` declaration (which is usually placed in\nthe crate root):\n\n```edition2015\nextern crate core; // Required to use the `core` crate in Rust 2015.\n\nuse core::any;\n# fn main() {}\n```\n\nSince Rust 2018 the `extern crate` declaration is not required and\nyou can instead just `use` it:\n\n```edition2018\nuse core::any; // No extern crate required in Rust 2018.\n# fn main() {}\n```\n"},"level":"error","message":"unresolved import `crate::components`","spans":[{"byte_end":74,"byte_start":64,"column_end":22,"column_start":12,"expansion":null,"file_name":"gameplay_ui/src/simple_service_example.rs","is_primary":true,"label":"unresolved import","line_end":3,"line_start":3,"suggested_replacement":null,"suggestion_applicability":null,"text":[{"highlight_end":22,"highlight_start":12,"text":"use crate::components::*;"}]}]}}
{"reason":"compiler-message","package_id":"path+file:///Users/bradyjeong/Documents/Projects/Amp/gta4/gta_game/gameplay_ui#0.1.0","manifest_path":"/Users/bradyjeong/Documents/Projects/Amp/gta4/gta_game/gameplay_ui/Cargo.toml","target":{"kind":["lib"],"crate_types":["lib"],"name":"gameplay_ui","src_path":"/Users/bradyjeong/Documents/Projects/Amp/gta4/gta_game/gameplay_ui/src/lib.rs","edition":"2021","doc":true,"doctest":true,"test":true},"message":{"rendered":"error[E0433]: failed to resolve: unresolved import\n --> gameplay_ui/src/simple_service_example.rs:4:12\n  |\n4 | use crate::services::simple_services::{ConfigService, PhysicsService, EnhancedTimingService};\n  |            ^^^^^^^^\n  |            |\n  |            unresolved import\n  |            help: a similar path exists: `engine_bevy::services`\n\n","$message_type":"diagnostic","children":[{"children":[],"code":null,"level":"help","message":"a similar path exists","rendered":null,"spans":[{"byte_end":98,"byte_start":90,"column_end":20,"column_start":12,"expansion":null,"file_name":"gameplay_ui/src/simple_service_example.rs","is_primary":true,"label":null,"line_end":4,"line_start":4,"suggested_replacement":"engine_bevy::services","suggestion_applicability":"MaybeIncorrect","text":[{"highlight_end":20,"highlight_start":12,"text":"use crate::services::simple_services::{ConfigService, PhysicsService, EnhancedTimingService};"}]}]}],"code":{"code":"E0433","explanation":"An undeclared crate, module, or type was used.\n\nErroneous code example:\n\n```compile_fail,E0433\nlet map = HashMap::new();\n// error: failed to resolve: use of undeclared type `HashMap`\n```\n\nPlease verify you didn't misspell the type/module's name or that you didn't\nforget to import it:\n\n```\nuse std::collections::HashMap; // HashMap has been imported.\nlet map: HashMap<u32, u32> = HashMap::new(); // So it can be used!\n```\n\nIf you've expected to use a crate name:\n\n```compile_fail\nuse ferris_wheel::BigO;\n// error: failed to resolve: use of undeclared module or unlinked crate\n```\n\nMake sure the crate has been added as a dependency in `Cargo.toml`.\n\nTo use a module from your current crate, add the `crate::` prefix to the path.\n"},"level":"error","message":"failed to resolve: unresolved import","spans":[{"byte_end":98,"byte_start":90,"column_end":20,"column_start":12,"expansion":null,"file_name":"gameplay_ui/src/simple_service_example.rs","is_primary":true,"label":"unresolved import","line_end":4,"line_start":4,"suggested_replacement":null,"suggestion_applicability":null,"text":[{"highlight_end":20,"highlight_start":12,"text":"use crate::services::simple_services::{ConfigService, PhysicsService, EnhancedTimingService};"}]}]}}
{"reason":"compiler-message","package_id":"path+file:///Users/bradyjeong/Documents/Projects/Amp/gta4/gta_game/gameplay_ui#0.1.0","manifest_path":"/Users/bradyjeong/Documents/Projects/Amp/gta4/gta_game/gameplay_ui/Cargo.toml","target":{"kind":["lib"],"crate_types":["lib"],"name":"gameplay_ui","src_path":"/Users/bradyjeong/Documents/Projects/Amp/gta4/gta_game/gameplay_ui/src/lib.rs","edition":"2021","doc":true,"doctest":true,"test":true},"message":{"rendered":"error: cannot find macro `info` in this scope\n  --> gameplay_ui/src/debug/debug.rs:18:9\n   |\n18 |         info!(\"=== DEBUG INFO ===\");\n   |         ^^^^\n   |\nhelp: consider importing one of these macros\n   |\n1  + use crate::prelude::info;\n   |\n1  + use gameplay_render::prelude::info;\n   |\n1  + use gameplay_sim::prelude::info;\n   |\n\n","$message_type":"diagnostic","children":[{"children":[],"code":null,"level":"help","message":"consider importing one of these macros","rendered":null,"spans":[{"byte_end":0,"byte_start":0,"column_end":1,"column_start":1,"expansion":null,"file_name":"gameplay_ui/src/debug/debug.rs","is_primary":true,"label":null,"line_end":1,"line_start":1,"suggested_replacement":"use crate::prelude::info;\n","suggestion_applicability":"MaybeIncorrect","text":[{"highlight_end":1,"highlight_start":1,"text":"use bevy::prelude::*;"}]},{"byte_end":0,"byte_start":0,"column_end":1,"column_start":1,"expansion":null,"file_name":"gameplay_ui/src/debug/debug.rs","is_primary":true,"label":null,"line_end":1,"line_start":1,"suggested_replacement":"use gameplay_render::prelude::info;\n","suggestion_applicability":"MaybeIncorrect","text":[{"highlight_end":1,"highlight_start":1,"text":"use bevy::prelude::*;"}]},{"byte_end":0,"byte_start":0,"column_end":1,"column_start":1,"expansion":null,"file_name":"gameplay_ui/src/debug/debug.rs","is_primary":true,"label":null,"line_end":1,"line_start":1,"suggested_replacement":"use gameplay_sim::prelude::info;\n","suggestion_applicability":"MaybeIncorrect","text":[{"highlight_end":1,"highlight_start":1,"text":"use bevy::prelude::*;"}]}]}],"code":null,"level":"error","message":"cannot find macro `info` in this scope","spans":[{"byte_end":735,"byte_start":731,"column_end":13,"column_start":9,"expansion":null,"file_name":"gameplay_ui/src/debug/debug.rs","is_primary":true,"label":null,"line_end":18,"line_start":18,"suggested_replacement":null,"suggestion_applicability":null,"text":[{"highlight_end":13,"highlight_start":9,"text":"        info!(\"=== DEBUG INFO ===\");"}]}]}}
{"reason":"compiler-message","package_id":"path+file:///Users/bradyjeong/Documents/Projects/Amp/gta4/gta_game/gameplay_ui#0.1.0","manifest_path":"/Users/bradyjeong/Documents/Projects/Amp/gta4/gta_game/gameplay_ui/Cargo.toml","target":{"kind":["lib"],"crate_types":["lib"],"name":"gameplay_ui","src_path":"/Users/bradyjeong/Documents/Projects/Amp/gta4/gta_game/gameplay_ui/src/lib.rs","edition":"2021","doc":true,"doctest":true,"test":true},"message":{"rendered":"error: cannot find macro `info` in this scope\n  --> gameplay_ui/src/debug/debug.rs:19:9\n   |\n19 |         info!(\"Current game state: {:?}\", **current_state);\n   |         ^^^^\n   |\nhelp: consider importing one of these macros\n   |\n1  + use crate::prelude::info;\n   |\n1  + use gameplay_render::prelude::info;\n   |\n1  + use gameplay_sim::prelude::info;\n   |\n\n","$message_type":"diagnostic","children":[{"children":[],"code":null,"level":"help","message":"consider importing one of these macros","rendered":null,"spans":[{"byte_end":0,"byte_start":0,"column_end":1,"column_start":1,"expansion":null,"file_name":"gameplay_ui/src/debug/debug.rs","is_primary":true,"label":null,"line_end":1,"line_start":1,"suggested_replacement":"use crate::prelude::info;\n","suggestion_applicability":"MaybeIncorrect","text":[{"highlight_end":1,"highlight_start":1,"text":"use bevy::prelude::*;"}]},{"byte_end":0,"byte_start":0,"column_end":1,"column_start":1,"expansion":null,"file_name":"gameplay_ui/src/debug/debug.rs","is_primary":true,"label":null,"line_end":1,"line_start":1,"suggested_replacement":"use gameplay_render::prelude::info;\n","suggestion_applicability":"MaybeIncorrect","text":[{"highlight_end":1,"highlight_start":1,"text":"use bevy::prelude::*;"}]},{"byte_end":0,"byte_start":0,"column_end":1,"column_start":1,"expansion":null,"file_name":"gameplay_ui/src/debug/debug.rs","is_primary":true,"label":null,"line_end":1,"line_start":1,"suggested_replacement":"use gameplay_sim::prelude::info;\n","suggestion_applicability":"MaybeIncorrect","text":[{"highlight_end":1,"highlight_start":1,"text":"use bevy::prelude::*;"}]}]}],"code":null,"level":"error","message":"cannot find macro `info` in this scope","spans":[{"byte_end":772,"byte_start":768,"column_end":13,"column_start":9,"expansion":null,"file_name":"gameplay_ui/src/debug/debug.rs","is_primary":true,"label":null,"line_end":19,"line_start":19,"suggested_replacement":null,"suggestion_applicability":null,"text":[{"highlight_end":13,"highlight_start":9,"text":"        info!(\"Current game state: {:?}\", **current_state);"}]}]}}
{"reason":"compiler-message","package_id":"path+file:///Users/bradyjeong/Documents/Projects/Amp/gta4/gta_game/gameplay_ui#0.1.0","manifest_path":"/Users/bradyjeong/Documents/Projects/Amp/gta4/gta_game/gameplay_ui/Cargo.toml","target":{"kind":["lib"],"crate_types":["lib"],"name":"gameplay_ui","src_path":"/Users/bradyjeong/Documents/Projects/Amp/gta4/gta_game/gameplay_ui/src/lib.rs","edition":"2021","doc":true,"doctest":true,"test":true},"message":{"rendered":"error[E0433]: failed to resolve: unresolved import\n   --> gameplay_ui/src/examples/control_manager_integration.rs:222:20\n    |\n222 |         use crate::systems::input::vehicle_control_config::VehicleType;\n    |                    ^^^^^^^\n    |                    |\n    |                    unresolved import\n    |                    help: a similar path exists: `gameplay_sim::systems`\n\n","$message_type":"diagnostic","children":[{"children":[],"code":null,"level":"help","message":"a similar path exists","rendered":null,"spans":[{"byte_end":8718,"byte_start":8711,"column_end":27,"column_start":20,"expansion":null,"file_name":"gameplay_ui/src/examples/control_manager_integration.rs","is_primary":true,"label":null,"line_end":222,"line_start":222,"suggested_replacement":"gameplay_sim::systems","suggestion_applicability":"MaybeIncorrect","text":[{"highlight_end":27,"highlight_start":20,"text":"        use crate::systems::input::vehicle_control_config::VehicleType;"}]}]}],"code":{"code":"E0433","explanation":"An undeclared crate, module, or type was used.\n\nErroneous code example:\n\n```compile_fail,E0433\nlet map = HashMap::new();\n// error: failed to resolve: use of undeclared type `HashMap`\n```\n\nPlease verify you didn't misspell the type/module's name or that you didn't\nforget to import it:\n\n```\nuse std::collections::HashMap; // HashMap has been imported.\nlet map: HashMap<u32, u32> = HashMap::new(); // So it can be used!\n```\n\nIf you've expected to use a crate name:\n\n```compile_fail\nuse ferris_wheel::BigO;\n// error: failed to resolve: use of undeclared module or unlinked crate\n```\n\nMake sure the crate has been added as a dependency in `Cargo.toml`.\n\nTo use a module from your current crate, add the `crate::` prefix to the path.\n"},"level":"error","message":"failed to resolve: unresolved import","spans":[{"byte_end":8718,"byte_start":8711,"column_end":27,"column_start":20,"expansion":null,"file_name":"gameplay_ui/src/examples/control_manager_integration.rs","is_primary":true,"label":"unresolved import","line_end":222,"line_start":222,"suggested_replacement":null,"suggestion_applicability":null,"text":[{"highlight_end":27,"highlight_start":20,"text":"        use crate::systems::input::vehicle_control_config::VehicleType;"}]}]}}
{"reason":"compiler-message","package_id":"path+file:///Users/bradyjeong/Documents/Projects/Amp/gta4/gta_game/gameplay_ui#0.1.0","manifest_path":"/Users/bradyjeong/Documents/Projects/Amp/gta4/gta_game/gameplay_ui/Cargo.toml","target":{"kind":["lib"],"crate_types":["lib"],"name":"gameplay_ui","src_path":"/Users/bradyjeong/Documents/Projects/Amp/gta4/gta_game/gameplay_ui/src/lib.rs","edition":"2021","doc":true,"doctest":true,"test":true},"message":{"rendered":"error[E0432]: unresolved import `crate::components`\n --> gameplay_ui/src/simple_service_example.rs:3:12\n  |\n3 | use crate::components::*;\n  |            ^^^^^^^^^^\n  |            |\n  |            unresolved import\n  |            help: a similar path exists: `game_core::components`\n\n","$message_type":"diagnostic","children":[{"children":[],"code":null,"level":"help","message":"a similar path exists","rendered":null,"spans":[{"byte_end":74,"byte_start":64,"column_end":22,"column_start":12,"expansion":null,"file_name":"gameplay_ui/src/simple_service_example.rs","is_primary":true,"label":null,"line_end":3,"line_start":3,"suggested_replacement":"game_core::components","suggestion_applicability":"MaybeIncorrect","text":[{"highlight_end":22,"highlight_start":12,"text":"use crate::components::*;"}]}]}],"code":{"code":"E0432","explanation":"An import was unresolved.\n\nErroneous code example:\n\n```compile_fail,E0432\nuse something::Foo; // error: unresolved import `something::Foo`.\n```\n\nIn Rust 2015, paths in `use` statements are relative to the crate root. To\nimport items relative to the current and parent modules, use the `self::` and\n`super::` prefixes, respectively.\n\nIn Rust 2018 or later, paths in `use` statements are relative to the current\nmodule unless they begin with the name of a crate or a literal `crate::`, in\nwhich case they start from the crate root. As in Rust 2015 code, the `self::`\nand `super::` prefixes refer to the current and parent modules respectively.\n\nAlso verify that you didn't misspell the import name and that the import exists\nin the module from where you tried to import it. Example:\n\n```\nuse self::something::Foo; // Ok.\n\nmod something {\n    pub struct Foo;\n}\n# fn main() {}\n```\n\nIf you tried to use a module from an external crate and are using Rust 2015,\nyou may have missed the `extern crate` declaration (which is usually placed in\nthe crate root):\n\n```edition2015\nextern crate core; // Required to use the `core` crate in Rust 2015.\n\nuse core::any;\n# fn main() {}\n```\n\nSince Rust 2018 the `extern crate` declaration is not required and\nyou can instead just `use` it:\n\n```edition2018\nuse core::any; // No extern crate required in Rust 2018.\n# fn main() {}\n```\n"},"level":"error","message":"unresolved import `crate::components`","spans":[{"byte_end":74,"byte_start":64,"column_end":22,"column_start":12,"expansion":null,"file_name":"gameplay_ui/src/simple_service_example.rs","is_primary":true,"label":"unresolved import","line_end":3,"line_start":3,"suggested_replacement":null,"suggestion_applicability":null,"text":[{"highlight_end":22,"highlight_start":12,"text":"use crate::components::*;"}]}]}}
{"reason":"compiler-message","package_id":"path+file:///Users/bradyjeong/Documents/Projects/Amp/gta4/gta_game/gameplay_ui#0.1.0","manifest_path":"/Users/bradyjeong/Documents/Projects/Amp/gta4/gta_game/gameplay_ui/Cargo.toml","target":{"kind":["lib"],"crate_types":["lib"],"name":"gameplay_ui","src_path":"/Users/bradyjeong/Documents/Projects/Amp/gta4/gta_game/gameplay_ui/src/lib.rs","edition":"2021","doc":true,"doctest":true,"test":true},"message":{"rendered":"error: cannot find macro `info` in this scope\n  --> gameplay_ui/src/debug/debug.rs:20:9\n   |\n20 |         info!(\"Players found: {}\", player_query.iter().count());\n   |         ^^^^\n   |\nhelp: consider importing one of these macros\n   |\n1  + use crate::prelude::info;\n   |\n1  + use gameplay_render::prelude::info;\n   |\n1  + use gameplay_sim::prelude::info;\n   |\n\n","$message_type":"diagnostic","children":[{"children":[],"code":null,"level":"help","message":"consider importing one of these macros","rendered":null,"spans":[{"byte_end":0,"byte_start":0,"column_end":1,"column_start":1,"expansion":null,"file_name":"gameplay_ui/src/debug/debug.rs","is_primary":true,"label":null,"line_end":1,"line_start":1,"suggested_replacement":"use crate::prelude::info;\n","suggestion_applicability":"MaybeIncorrect","text":[{"highlight_end":1,"highlight_start":1,"text":"use bevy::prelude::*;"}]},{"byte_end":0,"byte_start":0,"column_end":1,"column_start":1,"expansion":null,"file_name":"gameplay_ui/src/debug/debug.rs","is_primary":true,"label":null,"line_end":1,"line_start":1,"suggested_replacement":"use gameplay_render::prelude::info;\n","suggestion_applicability":"MaybeIncorrect","text":[{"highlight_end":1,"highlight_start":1,"text":"use bevy::prelude::*;"}]},{"byte_end":0,"byte_start":0,"column_end":1,"column_start":1,"expansion":null,"file_name":"gameplay_ui/src/debug/debug.rs","is_primary":true,"label":null,"line_end":1,"line_start":1,"suggested_replacement":"use gameplay_sim::prelude::info;\n","suggestion_applicability":"MaybeIncorrect","text":[{"highlight_end":1,"highlight_start":1,"text":"use bevy::prelude::*;"}]}]}],"code":null,"level":"error","message":"cannot find macro `info` in this scope","spans":[{"byte_end":832,"byte_start":828,"column_end":13,"column_start":9,"expansion":null,"file_name":"gameplay_ui/src/debug/debug.rs","is_primary":true,"label":null,"line_end":20,"line_start":20,"suggested_replacement":null,"suggestion_applicability":null,"text":[{"highlight_end":13,"highlight_start":9,"text":"        info!(\"Players found: {}\", player_query.iter().count());"}]}]}}
{"reason":"compiler-message","package_id":"path+file:///Users/bradyjeong/Documents/Projects/Amp/gta4/gta_game/gameplay_ui#0.1.0","manifest_path":"/Users/bradyjeong/Documents/Projects/Amp/gta4/gta_game/gameplay_ui/Cargo.toml","target":{"kind":["lib"],"crate_types":["lib"],"name":"gameplay_ui","src_path":"/Users/bradyjeong/Documents/Projects/Amp/gta4/gta_game/gameplay_ui/src/lib.rs","edition":"2021","doc":true,"doctest":true,"test":true},"message":{"rendered":"error: cannot find macro `info` in this scope\n  --> gameplay_ui/src/debug/debug.rs:21:9\n   |\n21 |         info!(\"Active players found: {}\", active_player_query.iter().count());\n   |         ^^^^\n   |\nhelp: consider importing one of these macros\n   |\n1  + use crate::prelude::info;\n   |\n1  + use gameplay_render::prelude::info;\n   |\n1  + use gameplay_sim::prelude::info;\n   |\n\n","$message_type":"diagnostic","children":[{"children":[],"code":null,"level":"help","message":"consider importing one of these macros","rendered":null,"spans":[{"byte_end":0,"byte_start":0,"column_end":1,"column_start":1,"expansion":null,"file_name":"gameplay_ui/src/debug/debug.rs","is_primary":true,"label":null,"line_end":1,"line_start":1,"suggested_replacement":"use crate::prelude::info;\n","suggestion_applicability":"MaybeIncorrect","text":[{"highlight_end":1,"highlight_start":1,"text":"use bevy::prelude::*;"}]},{"byte_end":0,"byte_start":0,"column_end":1,"column_start":1,"expansion":null,"file_name":"gameplay_ui/src/debug/debug.rs","is_primary":true,"label":null,"line_end":1,"line_start":1,"suggested_replacement":"use gameplay_render::prelude::info;\n","suggestion_applicability":"MaybeIncorrect","text":[{"highlight_end":1,"highlight_start":1,"text":"use bevy::prelude::*;"}]},{"byte_end":0,"byte_start":0,"column_end":1,"column_start":1,"expansion":null,"file_name":"gameplay_ui/src/debug/debug.rs","is_primary":true,"label":null,"line_end":1,"line_start":1,"suggested_replacement":"use gameplay_sim::prelude::info;\n","suggestion_applicability":"MaybeIncorrect","text":[{"highlight_end":1,"highlight_start":1,"text":"use bevy::prelude::*;"}]}]}],"code":null,"level":"error","message":"cannot find macro `info` in this scope","spans":[{"byte_end":897,"byte_start":893,"column_end":13,"column_start":9,"expansion":null,"file_name":"gameplay_ui/src/debug/debug.rs","is_primary":true,"label":null,"line_end":21,"line_start":21,"suggested_replacement":null,"suggestion_applicability":null,"text":[{"highlight_end":13,"highlight_start":9,"text":"        info!(\"Active players found: {}\", active_player_query.iter().count());"}]}]}}
{"reason":"compiler-message","package_id":"path+file:///Users/bradyjeong/Documents/Projects/Amp/gta4/gta_game/gameplay_ui#0.1.0","manifest_path":"/Users/bradyjeong/Documents/Projects/Amp/gta4/gta_game/gameplay_ui/Cargo.toml","target":{"kind":["lib"],"crate_types":["lib"],"name":"gameplay_ui","src_path":"/Users/bradyjeong/Documents/Projects/Amp/gta4/gta_game/gameplay_ui/src/lib.rs","edition":"2021","doc":true,"doctest":true,"test":true},"message":{"rendered":"error: cannot find macro `info` in this scope\n  --> gameplay_ui/src/debug/debug.rs:18:9\n   |\n18 |         info!(\"=== DEBUG INFO ===\");\n   |         ^^^^\n   |\nhelp: consider importing one of these macros\n   |\n1  + use crate::prelude::info;\n   |\n1  + use gameplay_render::prelude::info;\n   |\n1  + use gameplay_sim::prelude::info;\n   |\n\n","$message_type":"diagnostic","children":[{"children":[],"code":null,"level":"help","message":"consider importing one of these macros","rendered":null,"spans":[{"byte_end":0,"byte_start":0,"column_end":1,"column_start":1,"expansion":null,"file_name":"gameplay_ui/src/debug/debug.rs","is_primary":true,"label":null,"line_end":1,"line_start":1,"suggested_replacement":"use crate::prelude::info;\n","suggestion_applicability":"MaybeIncorrect","text":[{"highlight_end":1,"highlight_start":1,"text":"use bevy::prelude::*;"}]},{"byte_end":0,"byte_start":0,"column_end":1,"column_start":1,"expansion":null,"file_name":"gameplay_ui/src/debug/debug.rs","is_primary":true,"label":null,"line_end":1,"line_start":1,"suggested_replacement":"use gameplay_render::prelude::info;\n","suggestion_applicability":"MaybeIncorrect","text":[{"highlight_end":1,"highlight_start":1,"text":"use bevy::prelude::*;"}]},{"byte_end":0,"byte_start":0,"column_end":1,"column_start":1,"expansion":null,"file_name":"gameplay_ui/src/debug/debug.rs","is_primary":true,"label":null,"line_end":1,"line_start":1,"suggested_replacement":"use gameplay_sim::prelude::info;\n","suggestion_applicability":"MaybeIncorrect","text":[{"highlight_end":1,"highlight_start":1,"text":"use bevy::prelude::*;"}]}]}],"code":null,"level":"error","message":"cannot find macro `info` in this scope","spans":[{"byte_end":735,"byte_start":731,"column_end":13,"column_start":9,"expansion":null,"file_name":"gameplay_ui/src/debug/debug.rs","is_primary":true,"label":null,"line_end":18,"line_start":18,"suggested_replacement":null,"suggestion_applicability":null,"text":[{"highlight_end":13,"highlight_start":9,"text":"        info!(\"=== DEBUG INFO ===\");"}]}]}}
{"reason":"compiler-message","package_id":"path+file:///Users/bradyjeong/Documents/Projects/Amp/gta4/gta_game/gameplay_ui#0.1.0","manifest_path":"/Users/bradyjeong/Documents/Projects/Amp/gta4/gta_game/gameplay_ui/Cargo.toml","target":{"kind":["lib"],"crate_types":["lib"],"name":"gameplay_ui","src_path":"/Users/bradyjeong/Documents/Projects/Amp/gta4/gta_game/gameplay_ui/src/lib.rs","edition":"2021","doc":true,"doctest":true,"test":true},"message":{"rendered":"error: cannot find macro `info` in this scope\n  --> gameplay_ui/src/debug/debug.rs:22:9\n   |\n22 |         info!(\"Any active entities found: {}\", active_any_query.iter().count());\n   |         ^^^^\n   |\nhelp: consider importing one of these macros\n   |\n1  + use crate::prelude::info;\n   |\n1  + use gameplay_render::prelude::info;\n   |\n1  + use gameplay_sim::prelude::info;\n   |\n\n","$message_type":"diagnostic","children":[{"children":[],"code":null,"level":"help","message":"consider importing one of these macros","rendered":null,"spans":[{"byte_end":0,"byte_start":0,"column_end":1,"column_start":1,"expansion":null,"file_name":"gameplay_ui/src/debug/debug.rs","is_primary":true,"label":null,"line_end":1,"line_start":1,"suggested_replacement":"use crate::prelude::info;\n","suggestion_applicability":"MaybeIncorrect","text":[{"highlight_end":1,"highlight_start":1,"text":"use bevy::prelude::*;"}]},{"byte_end":0,"byte_start":0,"column_end":1,"column_start":1,"expansion":null,"file_name":"gameplay_ui/src/debug/debug.rs","is_primary":true,"label":null,"line_end":1,"line_start":1,"suggested_replacement":"use gameplay_render::prelude::info;\n","suggestion_applicability":"MaybeIncorrect","text":[{"highlight_end":1,"highlight_start":1,"text":"use bevy::prelude::*;"}]},{"byte_end":0,"byte_start":0,"column_end":1,"column_start":1,"expansion":null,"file_name":"gameplay_ui/src/debug/debug.rs","is_primary":true,"label":null,"line_end":1,"line_start":1,"suggested_replacement":"use gameplay_sim::prelude::info;\n","suggestion_applicability":"MaybeIncorrect","text":[{"highlight_end":1,"highlight_start":1,"text":"use bevy::prelude::*;"}]}]}],"code":null,"level":"error","message":"cannot find macro `info` in this scope","spans":[{"byte_end":976,"byte_start":972,"column_end":13,"column_start":9,"expansion":null,"file_name":"gameplay_ui/src/debug/debug.rs","is_primary":true,"label":null,"line_end":22,"line_start":22,"suggested_replacement":null,"suggestion_applicability":null,"text":[{"highlight_end":13,"highlight_start":9,"text":"        info!(\"Any active entities found: {}\", active_any_query.iter().count());"}]}]}}
{"reason":"compiler-message","package_id":"path+file:///Users/bradyjeong/Documents/Projects/Amp/gta4/gta_game/gameplay_ui#0.1.0","manifest_path":"/Users/bradyjeong/Documents/Projects/Amp/gta4/gta_game/gameplay_ui/Cargo.toml","target":{"kind":["lib"],"crate_types":["lib"],"name":"gameplay_ui","src_path":"/Users/bradyjeong/Documents/Projects/Amp/gta4/gta_game/gameplay_ui/src/lib.rs","edition":"2021","doc":true,"doctest":true,"test":true},"message":{"rendered":"error: cannot find macro `info` in this scope\n  --> gameplay_ui/src/debug/debug.rs:19:9\n   |\n19 |         info!(\"Current game state: {:?}\", **current_state);\n   |         ^^^^\n   |\nhelp: consider importing one of these macros\n   |\n1  + use crate::prelude::info;\n   |\n1  + use gameplay_render::prelude::info;\n   |\n1  + use gameplay_sim::prelude::info;\n   |\n\n","$message_type":"diagnostic","children":[{"children":[],"code":null,"level":"help","message":"consider importing one of these macros","rendered":null,"spans":[{"byte_end":0,"byte_start":0,"column_end":1,"column_start":1,"expansion":null,"file_name":"gameplay_ui/src/debug/debug.rs","is_primary":true,"label":null,"line_end":1,"line_start":1,"suggested_replacement":"use crate::prelude::info;\n","suggestion_applicability":"MaybeIncorrect","text":[{"highlight_end":1,"highlight_start":1,"text":"use bevy::prelude::*;"}]},{"byte_end":0,"byte_start":0,"column_end":1,"column_start":1,"expansion":null,"file_name":"gameplay_ui/src/debug/debug.rs","is_primary":true,"label":null,"line_end":1,"line_start":1,"suggested_replacement":"use gameplay_render::prelude::info;\n","suggestion_applicability":"MaybeIncorrect","text":[{"highlight_end":1,"highlight_start":1,"text":"use bevy::prelude::*;"}]},{"byte_end":0,"byte_start":0,"column_end":1,"column_start":1,"expansion":null,"file_name":"gameplay_ui/src/debug/debug.rs","is_primary":true,"label":null,"line_end":1,"line_start":1,"suggested_replacement":"use gameplay_sim::prelude::info;\n","suggestion_applicability":"MaybeIncorrect","text":[{"highlight_end":1,"highlight_start":1,"text":"use bevy::prelude::*;"}]}]}],"code":null,"level":"error","message":"cannot find macro `info` in this scope","spans":[{"byte_end":772,"byte_start":768,"column_end":13,"column_start":9,"expansion":null,"file_name":"gameplay_ui/src/debug/debug.rs","is_primary":true,"label":null,"line_end":19,"line_start":19,"suggested_replacement":null,"suggestion_applicability":null,"text":[{"highlight_end":13,"highlight_start":9,"text":"        info!(\"Current game state: {:?}\", **current_state);"}]}]}}
{"reason":"compiler-message","package_id":"path+file:///Users/bradyjeong/Documents/Projects/Amp/gta4/gta_game/gameplay_ui#0.1.0","manifest_path":"/Users/bradyjeong/Documents/Projects/Amp/gta4/gta_game/gameplay_ui/Cargo.toml","target":{"kind":["lib"],"crate_types":["lib"],"name":"gameplay_ui","src_path":"/Users/bradyjeong/Documents/Projects/Amp/gta4/gta_game/gameplay_ui/src/lib.rs","edition":"2021","doc":true,"doctest":true,"test":true},"message":{"rendered":"error: cannot find macro `info` in this scope\n  --> gameplay_ui/src/debug/debug.rs:23:9\n   |\n23 |         info!(\"Cameras found: {}\", camera_query.iter().count());\n   |         ^^^^\n   |\nhelp: consider importing one of these macros\n   |\n1  + use crate::prelude::info;\n   |\n1  + use gameplay_render::prelude::info;\n   |\n1  + use gameplay_sim::prelude::info;\n   |\n\n","$message_type":"diagnostic","children":[{"children":[],"code":null,"level":"help","message":"consider importing one of these macros","rendered":null,"spans":[{"byte_end":0,"byte_start":0,"column_end":1,"column_start":1,"expansion":null,"file_name":"gameplay_ui/src/debug/debug.rs","is_primary":true,"label":null,"line_end":1,"line_start":1,"suggested_replacement":"use crate::prelude::info;\n","suggestion_applicability":"MaybeIncorrect","text":[{"highlight_end":1,"highlight_start":1,"text":"use bevy::prelude::*;"}]},{"byte_end":0,"byte_start":0,"column_end":1,"column_start":1,"expansion":null,"file_name":"gameplay_ui/src/debug/debug.rs","is_primary":true,"label":null,"line_end":1,"line_start":1,"suggested_replacement":"use gameplay_render::prelude::info;\n","suggestion_applicability":"MaybeIncorrect","text":[{"highlight_end":1,"highlight_start":1,"text":"use bevy::prelude::*;"}]},{"byte_end":0,"byte_start":0,"column_end":1,"column_start":1,"expansion":null,"file_name":"gameplay_ui/src/debug/debug.rs","is_primary":true,"label":null,"line_end":1,"line_start":1,"suggested_replacement":"use gameplay_sim::prelude::info;\n","suggestion_applicability":"MaybeIncorrect","text":[{"highlight_end":1,"highlight_start":1,"text":"use bevy::prelude::*;"}]}]}],"code":null,"level":"error","message":"cannot find macro `info` in this scope","spans":[{"byte_end":1057,"byte_start":1053,"column_end":13,"column_start":9,"expansion":null,"file_name":"gameplay_ui/src/debug/debug.rs","is_primary":true,"label":null,"line_end":23,"line_start":23,"suggested_replacement":null,"suggestion_applicability":null,"text":[{"highlight_end":13,"highlight_start":9,"text":"        info!(\"Cameras found: {}\", camera_query.iter().count());"}]}]}}
{"reason":"compiler-message","package_id":"path+file:///Users/bradyjeong/Documents/Projects/Amp/gta4/gta_game/gameplay_ui#0.1.0","manifest_path":"/Users/bradyjeong/Documents/Projects/Amp/gta4/gta_game/gameplay_ui/Cargo.toml","target":{"kind":["lib"],"crate_types":["lib"],"name":"gameplay_ui","src_path":"/Users/bradyjeong/Documents/Projects/Amp/gta4/gta_game/gameplay_ui/src/lib.rs","edition":"2021","doc":true,"doctest":true,"test":true},"message":{"rendered":"error: cannot find macro `info` in this scope\n  --> gameplay_ui/src/debug/debug.rs:20:9\n   |\n20 |         info!(\"Players found: {}\", player_query.iter().count());\n   |         ^^^^\n   |\nhelp: consider importing one of these macros\n   |\n1  + use crate::prelude::info;\n   |\n1  + use gameplay_render::prelude::info;\n   |\n1  + use gameplay_sim::prelude::info;\n   |\n\n","$message_type":"diagnostic","children":[{"children":[],"code":null,"level":"help","message":"consider importing one of these macros","rendered":null,"spans":[{"byte_end":0,"byte_start":0,"column_end":1,"column_start":1,"expansion":null,"file_name":"gameplay_ui/src/debug/debug.rs","is_primary":true,"label":null,"line_end":1,"line_start":1,"suggested_replacement":"use crate::prelude::info;\n","suggestion_applicability":"MaybeIncorrect","text":[{"highlight_end":1,"highlight_start":1,"text":"use bevy::prelude::*;"}]},{"byte_end":0,"byte_start":0,"column_end":1,"column_start":1,"expansion":null,"file_name":"gameplay_ui/src/debug/debug.rs","is_primary":true,"label":null,"line_end":1,"line_start":1,"suggested_replacement":"use gameplay_render::prelude::info;\n","suggestion_applicability":"MaybeIncorrect","text":[{"highlight_end":1,"highlight_start":1,"text":"use bevy::prelude::*;"}]},{"byte_end":0,"byte_start":0,"column_end":1,"column_start":1,"expansion":null,"file_name":"gameplay_ui/src/debug/debug.rs","is_primary":true,"label":null,"line_end":1,"line_start":1,"suggested_replacement":"use gameplay_sim::prelude::info;\n","suggestion_applicability":"MaybeIncorrect","text":[{"highlight_end":1,"highlight_start":1,"text":"use bevy::prelude::*;"}]}]}],"code":null,"level":"error","message":"cannot find macro `info` in this scope","spans":[{"byte_end":832,"byte_start":828,"column_end":13,"column_start":9,"expansion":null,"file_name":"gameplay_ui/src/debug/debug.rs","is_primary":true,"label":null,"line_end":20,"line_start":20,"suggested_replacement":null,"suggestion_applicability":null,"text":[{"highlight_end":13,"highlight_start":9,"text":"        info!(\"Players found: {}\", player_query.iter().count());"}]}]}}
{"reason":"compiler-message","package_id":"path+file:///Users/bradyjeong/Documents/Projects/Amp/gta4/gta_game/gameplay_ui#0.1.0","manifest_path":"/Users/bradyjeong/Documents/Projects/Amp/gta4/gta_game/gameplay_ui/Cargo.toml","target":{"kind":["lib"],"crate_types":["lib"],"name":"gameplay_ui","src_path":"/Users/bradyjeong/Documents/Projects/Amp/gta4/gta_game/gameplay_ui/src/lib.rs","edition":"2021","doc":true,"doctest":true,"test":true},"message":{"rendered":"error: cannot find macro `info` in this scope\n  --> gameplay_ui/src/debug/debug.rs:27:9\n   |\n27 |         info!(\"Input system - Max processing time: {}μs, Frames: {}\", max_time_us, frame_count);\n   |         ^^^^\n   |\nhelp: consider importing one of these macros\n   |\n1  + use crate::prelude::info;\n   |\n1  + use gameplay_render::prelude::info;\n   |\n1  + use gameplay_sim::prelude::info;\n   |\n\n","$message_type":"diagnostic","children":[{"children":[],"code":null,"level":"help","message":"consider importing one of these macros","rendered":null,"spans":[{"byte_end":0,"byte_start":0,"column_end":1,"column_start":1,"expansion":null,"file_name":"gameplay_ui/src/debug/debug.rs","is_primary":true,"label":null,"line_end":1,"line_start":1,"suggested_replacement":"use crate::prelude::info;\n","suggestion_applicability":"MaybeIncorrect","text":[{"highlight_end":1,"highlight_start":1,"text":"use bevy::prelude::*;"}]},{"byte_end":0,"byte_start":0,"column_end":1,"column_start":1,"expansion":null,"file_name":"gameplay_ui/src/debug/debug.rs","is_primary":true,"label":null,"line_end":1,"line_start":1,"suggested_replacement":"use gameplay_render::prelude::info;\n","suggestion_applicability":"MaybeIncorrect","text":[{"highlight_end":1,"highlight_start":1,"text":"use bevy::prelude::*;"}]},{"byte_end":0,"byte_start":0,"column_end":1,"column_start":1,"expansion":null,"file_name":"gameplay_ui/src/debug/debug.rs","is_primary":true,"label":null,"line_end":1,"line_start":1,"suggested_replacement":"use gameplay_sim::prelude::info;\n","suggestion_applicability":"MaybeIncorrect","text":[{"highlight_end":1,"highlight_start":1,"text":"use bevy::prelude::*;"}]}]}],"code":null,"level":"error","message":"cannot find macro `info` in this scope","spans":[{"byte_end":1253,"byte_start":1249,"column_end":13,"column_start":9,"expansion":null,"file_name":"gameplay_ui/src/debug/debug.rs","is_primary":true,"label":null,"line_end":27,"line_start":27,"suggested_replacement":null,"suggestion_applicability":null,"text":[{"highlight_end":13,"highlight_start":9,"text":"        info!(\"Input system - Max processing time: {}μs, Frames: {}\", max_time_us, frame_count);"}]}]}}
{"reason":"compiler-message","package_id":"path+file:///Users/bradyjeong/Documents/Projects/Amp/gta4/gta_game/gameplay_ui#0.1.0","manifest_path":"/Users/bradyjeong/Documents/Projects/Amp/gta4/gta_game/gameplay_ui/Cargo.toml","target":{"kind":["lib"],"crate_types":["lib"],"name":"gameplay_ui","src_path":"/Users/bradyjeong/Documents/Projects/Amp/gta4/gta_game/gameplay_ui/src/lib.rs","edition":"2021","doc":true,"doctest":true,"test":true},"message":{"rendered":"error: cannot find macro `info` in this scope\n  --> gameplay_ui/src/debug/debug.rs:21:9\n   |\n21 |         info!(\"Active players found: {}\", active_player_query.iter().count());\n   |         ^^^^\n   |\nhelp: consider importing one of these macros\n   |\n1  + use crate::prelude::info;\n   |\n1  + use gameplay_render::prelude::info;\n   |\n1  + use gameplay_sim::prelude::info;\n   |\n\n","$message_type":"diagnostic","children":[{"children":[],"code":null,"level":"help","message":"consider importing one of these macros","rendered":null,"spans":[{"byte_end":0,"byte_start":0,"column_end":1,"column_start":1,"expansion":null,"file_name":"gameplay_ui/src/debug/debug.rs","is_primary":true,"label":null,"line_end":1,"line_start":1,"suggested_replacement":"use crate::prelude::info;\n","suggestion_applicability":"MaybeIncorrect","text":[{"highlight_end":1,"highlight_start":1,"text":"use bevy::prelude::*;"}]},{"byte_end":0,"byte_start":0,"column_end":1,"column_start":1,"expansion":null,"file_name":"gameplay_ui/src/debug/debug.rs","is_primary":true,"label":null,"line_end":1,"line_start":1,"suggested_replacement":"use gameplay_render::prelude::info;\n","suggestion_applicability":"MaybeIncorrect","text":[{"highlight_end":1,"highlight_start":1,"text":"use bevy::prelude::*;"}]},{"byte_end":0,"byte_start":0,"column_end":1,"column_start":1,"expansion":null,"file_name":"gameplay_ui/src/debug/debug.rs","is_primary":true,"label":null,"line_end":1,"line_start":1,"suggested_replacement":"use gameplay_sim::prelude::info;\n","suggestion_applicability":"MaybeIncorrect","text":[{"highlight_end":1,"highlight_start":1,"text":"use bevy::prelude::*;"}]}]}],"code":null,"level":"error","message":"cannot find macro `info` in this scope","spans":[{"byte_end":897,"byte_start":893,"column_end":13,"column_start":9,"expansion":null,"file_name":"gameplay_ui/src/debug/debug.rs","is_primary":true,"label":null,"line_end":21,"line_start":21,"suggested_replacement":null,"suggestion_applicability":null,"text":[{"highlight_end":13,"highlight_start":9,"text":"        info!(\"Active players found: {}\", active_player_query.iter().count());"}]}]}}
{"reason":"compiler-message","package_id":"path+file:///Users/bradyjeong/Documents/Projects/Amp/gta4/gta_game/gameplay_ui#0.1.0","manifest_path":"/Users/bradyjeong/Documents/Projects/Amp/gta4/gta_game/gameplay_ui/Cargo.toml","target":{"kind":["lib"],"crate_types":["lib"],"name":"gameplay_ui","src_path":"/Users/bradyjeong/Documents/Projects/Amp/gta4/gta_game/gameplay_ui/src/lib.rs","edition":"2021","doc":true,"doctest":true,"test":true},"message":{"rendered":"error: cannot find macro `info` in this scope\n  --> gameplay_ui/src/debug/debug.rs:28:9\n   |\n28 |         info!(\"Input fallback enabled: {}\", input_config.is_fallback_enabled());\n   |         ^^^^\n   |\nhelp: consider importing one of these macros\n   |\n1  + use crate::prelude::info;\n   |\n1  + use gameplay_render::prelude::info;\n   |\n1  + use gameplay_sim::prelude::info;\n   |\n\n","$message_type":"diagnostic","children":[{"children":[],"code":null,"level":"help","message":"consider importing one of these macros","rendered":null,"spans":[{"byte_end":0,"byte_start":0,"column_end":1,"column_start":1,"expansion":null,"file_name":"gameplay_ui/src/debug/debug.rs","is_primary":true,"label":null,"line_end":1,"line_start":1,"suggested_replacement":"use crate::prelude::info;\n","suggestion_applicability":"MaybeIncorrect","text":[{"highlight_end":1,"highlight_start":1,"text":"use bevy::prelude::*;"}]},{"byte_end":0,"byte_start":0,"column_end":1,"column_start":1,"expansion":null,"file_name":"gameplay_ui/src/debug/debug.rs","is_primary":true,"label":null,"line_end":1,"line_start":1,"suggested_replacement":"use gameplay_render::prelude::info;\n","suggestion_applicability":"MaybeIncorrect","text":[{"highlight_end":1,"highlight_start":1,"text":"use bevy::prelude::*;"}]},{"byte_end":0,"byte_start":0,"column_end":1,"column_start":1,"expansion":null,"file_name":"gameplay_ui/src/debug/debug.rs","is_primary":true,"label":null,"line_end":1,"line_start":1,"suggested_replacement":"use gameplay_sim::prelude::info;\n","suggestion_applicability":"MaybeIncorrect","text":[{"highlight_end":1,"highlight_start":1,"text":"use bevy::prelude::*;"}]}]}],"code":null,"level":"error","message":"cannot find macro `info` in this scope","spans":[{"byte_end":1351,"byte_start":1347,"column_end":13,"column_start":9,"expansion":null,"file_name":"gameplay_ui/src/debug/debug.rs","is_primary":true,"label":null,"line_end":28,"line_start":28,"suggested_replacement":null,"suggestion_applicability":null,"text":[{"highlight_end":13,"highlight_start":9,"text":"        info!(\"Input fallback enabled: {}\", input_config.is_fallback_enabled());"}]}]}}
{"reason":"compiler-message","package_id":"path+file:///Users/bradyjeong/Documents/Projects/Amp/gta4/gta_game/gameplay_ui#0.1.0","manifest_path":"/Users/bradyjeong/Documents/Projects/Amp/gta4/gta_game/gameplay_ui/Cargo.toml","target":{"kind":["lib"],"crate_types":["lib"],"name":"gameplay_ui","src_path":"/Users/bradyjeong/Documents/Projects/Amp/gta4/gta_game/gameplay_ui/src/lib.rs","edition":"2021","doc":true,"doctest":true,"test":true},"message":{"rendered":"error: cannot find macro `info` in this scope\n  --> gameplay_ui/src/debug/debug.rs:22:9\n   |\n22 |         info!(\"Any active entities found: {}\", active_any_query.iter().count());\n   |         ^^^^\n   |\nhelp: consider importing one of these macros\n   |\n1  + use crate::prelude::info;\n   |\n1  + use gameplay_render::prelude::info;\n   |\n1  + use gameplay_sim::prelude::info;\n   |\n\n","$message_type":"diagnostic","children":[{"children":[],"code":null,"level":"help","message":"consider importing one of these macros","rendered":null,"spans":[{"byte_end":0,"byte_start":0,"column_end":1,"column_start":1,"expansion":null,"file_name":"gameplay_ui/src/debug/debug.rs","is_primary":true,"label":null,"line_end":1,"line_start":1,"suggested_replacement":"use crate::prelude::info;\n","suggestion_applicability":"MaybeIncorrect","text":[{"highlight_end":1,"highlight_start":1,"text":"use bevy::prelude::*;"}]},{"byte_end":0,"byte_start":0,"column_end":1,"column_start":1,"expansion":null,"file_name":"gameplay_ui/src/debug/debug.rs","is_primary":true,"label":null,"line_end":1,"line_start":1,"suggested_replacement":"use gameplay_render::prelude::info;\n","suggestion_applicability":"MaybeIncorrect","text":[{"highlight_end":1,"highlight_start":1,"text":"use bevy::prelude::*;"}]},{"byte_end":0,"byte_start":0,"column_end":1,"column_start":1,"expansion":null,"file_name":"gameplay_ui/src/debug/debug.rs","is_primary":true,"label":null,"line_end":1,"line_start":1,"suggested_replacement":"use gameplay_sim::prelude::info;\n","suggestion_applicability":"MaybeIncorrect","text":[{"highlight_end":1,"highlight_start":1,"text":"use bevy::prelude::*;"}]}]}],"code":null,"level":"error","message":"cannot find macro `info` in this scope","spans":[{"byte_end":976,"byte_start":972,"column_end":13,"column_start":9,"expansion":null,"file_name":"gameplay_ui/src/debug/debug.rs","is_primary":true,"label":null,"line_end":22,"line_start":22,"suggested_replacement":null,"suggestion_applicability":null,"text":[{"highlight_end":13,"highlight_start":9,"text":"        info!(\"Any active entities found: {}\", active_any_query.iter().count());"}]}]}}
{"reason":"compiler-message","package_id":"path+file:///Users/bradyjeong/Documents/Projects/Amp/gta4/gta_game/gameplay_ui#0.1.0","manifest_path":"/Users/bradyjeong/Documents/Projects/Amp/gta4/gta_game/gameplay_ui/Cargo.toml","target":{"kind":["lib"],"crate_types":["lib"],"name":"gameplay_ui","src_path":"/Users/bradyjeong/Documents/Projects/Amp/gta4/gta_game/gameplay_ui/src/lib.rs","edition":"2021","doc":true,"doctest":true,"test":true},"message":{"rendered":"error: cannot find macro `info` in this scope\n  --> gameplay_ui/src/debug/debug.rs:32:13\n   |\n32 |             info!(\"Active entity: {:?}\", entity);\n   |             ^^^^\n   |\nhelp: consider importing one of these macros\n   |\n1  + use crate::prelude::info;\n   |\n1  + use gameplay_render::prelude::info;\n   |\n1  + use gameplay_sim::prelude::info;\n   |\n\n","$message_type":"diagnostic","children":[{"children":[],"code":null,"level":"help","message":"consider importing one of these macros","rendered":null,"spans":[{"byte_end":0,"byte_start":0,"column_end":1,"column_start":1,"expansion":null,"file_name":"gameplay_ui/src/debug/debug.rs","is_primary":true,"label":null,"line_end":1,"line_start":1,"suggested_replacement":"use crate::prelude::info;\n","suggestion_applicability":"MaybeIncorrect","text":[{"highlight_end":1,"highlight_start":1,"text":"use bevy::prelude::*;"}]},{"byte_end":0,"byte_start":0,"column_end":1,"column_start":1,"expansion":null,"file_name":"gameplay_ui/src/debug/debug.rs","is_primary":true,"label":null,"line_end":1,"line_start":1,"suggested_replacement":"use gameplay_render::prelude::info;\n","suggestion_applicability":"MaybeIncorrect","text":[{"highlight_end":1,"highlight_start":1,"text":"use bevy::prelude::*;"}]},{"byte_end":0,"byte_start":0,"column_end":1,"column_start":1,"expansion":null,"file_name":"gameplay_ui/src/debug/debug.rs","is_primary":true,"label":null,"line_end":1,"line_start":1,"suggested_replacement":"use gameplay_sim::prelude::info;\n","suggestion_applicability":"MaybeIncorrect","text":[{"highlight_end":1,"highlight_start":1,"text":"use bevy::prelude::*;"}]}]}],"code":null,"level":"error","message":"cannot find macro `info` in this scope","spans":[{"byte_end":1529,"byte_start":1525,"column_end":17,"column_start":13,"expansion":null,"file_name":"gameplay_ui/src/debug/debug.rs","is_primary":true,"label":null,"line_end":32,"line_start":32,"suggested_replacement":null,"suggestion_applicability":null,"text":[{"highlight_end":17,"highlight_start":13,"text":"            info!(\"Active entity: {:?}\", entity);"}]}]}}
{"reason":"compiler-message","package_id":"path+file:///Users/bradyjeong/Documents/Projects/Amp/gta4/gta_game/gameplay_ui#0.1.0","manifest_path":"/Users/bradyjeong/Documents/Projects/Amp/gta4/gta_game/gameplay_ui/Cargo.toml","target":{"kind":["lib"],"crate_types":["lib"],"name":"gameplay_ui","src_path":"/Users/bradyjeong/Documents/Projects/Amp/gta4/gta_game/gameplay_ui/src/lib.rs","edition":"2021","doc":true,"doctest":true,"test":true},"message":{"rendered":"error: cannot find macro `info` in this scope\n  --> gameplay_ui/src/debug/debug.rs:23:9\n   |\n23 |         info!(\"Cameras found: {}\", camera_query.iter().count());\n   |         ^^^^\n   |\nhelp: consider importing one of these macros\n   |\n1  + use crate::prelude::info;\n   |\n1  + use gameplay_render::prelude::info;\n   |\n1  + use gameplay_sim::prelude::info;\n   |\n\n","$message_type":"diagnostic","children":[{"children":[],"code":null,"level":"help","message":"consider importing one of these macros","rendered":null,"spans":[{"byte_end":0,"byte_start":0,"column_end":1,"column_start":1,"expansion":null,"file_name":"gameplay_ui/src/debug/debug.rs","is_primary":true,"label":null,"line_end":1,"line_start":1,"suggested_replacement":"use crate::prelude::info;\n","suggestion_applicability":"MaybeIncorrect","text":[{"highlight_end":1,"highlight_start":1,"text":"use bevy::prelude::*;"}]},{"byte_end":0,"byte_start":0,"column_end":1,"column_start":1,"expansion":null,"file_name":"gameplay_ui/src/debug/debug.rs","is_primary":true,"label":null,"line_end":1,"line_start":1,"suggested_replacement":"use gameplay_render::prelude::info;\n","suggestion_applicability":"MaybeIncorrect","text":[{"highlight_end":1,"highlight_start":1,"text":"use bevy::prelude::*;"}]},{"byte_end":0,"byte_start":0,"column_end":1,"column_start":1,"expansion":null,"file_name":"gameplay_ui/src/debug/debug.rs","is_primary":true,"label":null,"line_end":1,"line_start":1,"suggested_replacement":"use gameplay_sim::prelude::info;\n","suggestion_applicability":"MaybeIncorrect","text":[{"highlight_end":1,"highlight_start":1,"text":"use bevy::prelude::*;"}]}]}],"code":null,"level":"error","message":"cannot find macro `info` in this scope","spans":[{"byte_end":1057,"byte_start":1053,"column_end":13,"column_start":9,"expansion":null,"file_name":"gameplay_ui/src/debug/debug.rs","is_primary":true,"label":null,"line_end":23,"line_start":23,"suggested_replacement":null,"suggestion_applicability":null,"text":[{"highlight_end":13,"highlight_start":9,"text":"        info!(\"Cameras found: {}\", camera_query.iter().count());"}]}]}}
{"reason":"compiler-message","package_id":"path+file:///Users/bradyjeong/Documents/Projects/Amp/gta4/gta_game/gameplay_ui#0.1.0","manifest_path":"/Users/bradyjeong/Documents/Projects/Amp/gta4/gta_game/gameplay_ui/Cargo.toml","target":{"kind":["lib"],"crate_types":["lib"],"name":"gameplay_ui","src_path":"/Users/bradyjeong/Documents/Projects/Amp/gta4/gta_game/gameplay_ui/src/lib.rs","edition":"2021","doc":true,"doctest":true,"test":true},"message":{"rendered":"error: cannot find macro `info` in this scope\n  --> gameplay_ui/src/debug/debug.rs:38:13\n   |\n38 |             info!(\"Active input actions: {:?}\", active_actions);\n   |             ^^^^\n   |\nhelp: consider importing one of these macros\n   |\n1  + use crate::prelude::info;\n   |\n1  + use gameplay_render::prelude::info;\n   |\n1  + use gameplay_sim::prelude::info;\n   |\n\n","$message_type":"diagnostic","children":[{"children":[],"code":null,"level":"help","message":"consider importing one of these macros","rendered":null,"spans":[{"byte_end":0,"byte_start":0,"column_end":1,"column_start":1,"expansion":null,"file_name":"gameplay_ui/src/debug/debug.rs","is_primary":true,"label":null,"line_end":1,"line_start":1,"suggested_replacement":"use crate::prelude::info;\n","suggestion_applicability":"MaybeIncorrect","text":[{"highlight_end":1,"highlight_start":1,"text":"use bevy::prelude::*;"}]},{"byte_end":0,"byte_start":0,"column_end":1,"column_start":1,"expansion":null,"file_name":"gameplay_ui/src/debug/debug.rs","is_primary":true,"label":null,"line_end":1,"line_start":1,"suggested_replacement":"use gameplay_render::prelude::info;\n","suggestion_applicability":"MaybeIncorrect","text":[{"highlight_end":1,"highlight_start":1,"text":"use bevy::prelude::*;"}]},{"byte_end":0,"byte_start":0,"column_end":1,"column_start":1,"expansion":null,"file_name":"gameplay_ui/src/debug/debug.rs","is_primary":true,"label":null,"line_end":1,"line_start":1,"suggested_replacement":"use gameplay_sim::prelude::info;\n","suggestion_applicability":"MaybeIncorrect","text":[{"highlight_end":1,"highlight_start":1,"text":"use bevy::prelude::*;"}]}]}],"code":null,"level":"error","message":"cannot find macro `info` in this scope","spans":[{"byte_end":1740,"byte_start":1736,"column_end":17,"column_start":13,"expansion":null,"file_name":"gameplay_ui/src/debug/debug.rs","is_primary":true,"label":null,"line_end":38,"line_start":38,"suggested_replacement":null,"suggestion_applicability":null,"text":[{"highlight_end":17,"highlight_start":13,"text":"            info!(\"Active input actions: {:?}\", active_actions);"}]}]}}
{"reason":"compiler-message","package_id":"path+file:///Users/bradyjeong/Documents/Projects/Amp/gta4/gta_game/gameplay_ui#0.1.0","manifest_path":"/Users/bradyjeong/Documents/Projects/Amp/gta4/gta_game/gameplay_ui/Cargo.toml","target":{"kind":["lib"],"crate_types":["lib"],"name":"gameplay_ui","src_path":"/Users/bradyjeong/Documents/Projects/Amp/gta4/gta_game/gameplay_ui/src/lib.rs","edition":"2021","doc":true,"doctest":true,"test":true},"message":{"rendered":"error: cannot find macro `info` in this scope\n  --> gameplay_ui/src/debug/debug.rs:27:9\n   |\n27 |         info!(\"Input system - Max processing time: {}μs, Frames: {}\", max_time_us, frame_count);\n   |         ^^^^\n   |\nhelp: consider importing one of these macros\n   |\n1  + use crate::prelude::info;\n   |\n1  + use gameplay_render::prelude::info;\n   |\n1  + use gameplay_sim::prelude::info;\n   |\n\n","$message_type":"diagnostic","children":[{"children":[],"code":null,"level":"help","message":"consider importing one of these macros","rendered":null,"spans":[{"byte_end":0,"byte_start":0,"column_end":1,"column_start":1,"expansion":null,"file_name":"gameplay_ui/src/debug/debug.rs","is_primary":true,"label":null,"line_end":1,"line_start":1,"suggested_replacement":"use crate::prelude::info;\n","suggestion_applicability":"MaybeIncorrect","text":[{"highlight_end":1,"highlight_start":1,"text":"use bevy::prelude::*;"}]},{"byte_end":0,"byte_start":0,"column_end":1,"column_start":1,"expansion":null,"file_name":"gameplay_ui/src/debug/debug.rs","is_primary":true,"label":null,"line_end":1,"line_start":1,"suggested_replacement":"use gameplay_render::prelude::info;\n","suggestion_applicability":"MaybeIncorrect","text":[{"highlight_end":1,"highlight_start":1,"text":"use bevy::prelude::*;"}]},{"byte_end":0,"byte_start":0,"column_end":1,"column_start":1,"expansion":null,"file_name":"gameplay_ui/src/debug/debug.rs","is_primary":true,"label":null,"line_end":1,"line_start":1,"suggested_replacement":"use gameplay_sim::prelude::info;\n","suggestion_applicability":"MaybeIncorrect","text":[{"highlight_end":1,"highlight_start":1,"text":"use bevy::prelude::*;"}]}]}],"code":null,"level":"error","message":"cannot find macro `info` in this scope","spans":[{"byte_end":1253,"byte_start":1249,"column_end":13,"column_start":9,"expansion":null,"file_name":"gameplay_ui/src/debug/debug.rs","is_primary":true,"label":null,"line_end":27,"line_start":27,"suggested_replacement":null,"suggestion_applicability":null,"text":[{"highlight_end":13,"highlight_start":9,"text":"        info!(\"Input system - Max processing time: {}μs, Frames: {}\", max_time_us, frame_count);"}]}]}}
{"reason":"compiler-message","package_id":"path+file:///Users/bradyjeong/Documents/Projects/Amp/gta4/gta_game/gameplay_ui#0.1.0","manifest_path":"/Users/bradyjeong/Documents/Projects/Amp/gta4/gta_game/gameplay_ui/Cargo.toml","target":{"kind":["lib"],"crate_types":["lib"],"name":"gameplay_ui","src_path":"/Users/bradyjeong/Documents/Projects/Amp/gta4/gta_game/gameplay_ui/src/lib.rs","edition":"2021","doc":true,"doctest":true,"test":true},"message":{"rendered":"error: cannot find macro `info` in this scope\n  --> gameplay_ui/src/debug/debug.rs:45:13\n   |\n45 |             info!(\"Arrow key pressed: {:?}\", any_input);\n   |             ^^^^\n   |\nhelp: consider importing one of these macros\n   |\n1  + use crate::prelude::info;\n   |\n1  + use gameplay_render::prelude::info;\n   |\n1  + use gameplay_sim::prelude::info;\n   |\n\n","$message_type":"diagnostic","children":[{"children":[],"code":null,"level":"help","message":"consider importing one of these macros","rendered":null,"spans":[{"byte_end":0,"byte_start":0,"column_end":1,"column_start":1,"expansion":null,"file_name":"gameplay_ui/src/debug/debug.rs","is_primary":true,"label":null,"line_end":1,"line_start":1,"suggested_replacement":"use crate::prelude::info;\n","suggestion_applicability":"MaybeIncorrect","text":[{"highlight_end":1,"highlight_start":1,"text":"use bevy::prelude::*;"}]},{"byte_end":0,"byte_start":0,"column_end":1,"column_start":1,"expansion":null,"file_name":"gameplay_ui/src/debug/debug.rs","is_primary":true,"label":null,"line_end":1,"line_start":1,"suggested_replacement":"use gameplay_render::prelude::info;\n","suggestion_applicability":"MaybeIncorrect","text":[{"highlight_end":1,"highlight_start":1,"text":"use bevy::prelude::*;"}]},{"byte_end":0,"byte_start":0,"column_end":1,"column_start":1,"expansion":null,"file_name":"gameplay_ui/src/debug/debug.rs","is_primary":true,"label":null,"line_end":1,"line_start":1,"suggested_replacement":"use gameplay_sim::prelude::info;\n","suggestion_applicability":"MaybeIncorrect","text":[{"highlight_end":1,"highlight_start":1,"text":"use bevy::prelude::*;"}]}]}],"code":null,"level":"error","message":"cannot find macro `info` in this scope","spans":[{"byte_end":2014,"byte_start":2010,"column_end":17,"column_start":13,"expansion":null,"file_name":"gameplay_ui/src/debug/debug.rs","is_primary":true,"label":null,"line_end":45,"line_start":45,"suggested_replacement":null,"suggestion_applicability":null,"text":[{"highlight_end":17,"highlight_start":13,"text":"            info!(\"Arrow key pressed: {:?}\", any_input);"}]}]}}
{"reason":"compiler-message","package_id":"path+file:///Users/bradyjeong/Documents/Projects/Amp/gta4/gta_game/gameplay_ui#0.1.0","manifest_path":"/Users/bradyjeong/Documents/Projects/Amp/gta4/gta_game/gameplay_ui/Cargo.toml","target":{"kind":["lib"],"crate_types":["lib"],"name":"gameplay_ui","src_path":"/Users/bradyjeong/Documents/Projects/Amp/gta4/gta_game/gameplay_ui/src/lib.rs","edition":"2021","doc":true,"doctest":true,"test":true},"message":{"rendered":"error: cannot find macro `info` in this scope\n  --> gameplay_ui/src/debug/debug.rs:28:9\n   |\n28 |         info!(\"Input fallback enabled: {}\", input_config.is_fallback_enabled());\n   |         ^^^^\n   |\nhelp: consider importing one of these macros\n   |\n1  + use crate::prelude::info;\n   |\n1  + use gameplay_render::prelude::info;\n   |\n1  + use gameplay_sim::prelude::info;\n   |\n\n","$message_type":"diagnostic","children":[{"children":[],"code":null,"level":"help","message":"consider importing one of these macros","rendered":null,"spans":[{"byte_end":0,"byte_start":0,"column_end":1,"column_start":1,"expansion":null,"file_name":"gameplay_ui/src/debug/debug.rs","is_primary":true,"label":null,"line_end":1,"line_start":1,"suggested_replacement":"use crate::prelude::info;\n","suggestion_applicability":"MaybeIncorrect","text":[{"highlight_end":1,"highlight_start":1,"text":"use bevy::prelude::*;"}]},{"byte_end":0,"byte_start":0,"column_end":1,"column_start":1,"expansion":null,"file_name":"gameplay_ui/src/debug/debug.rs","is_primary":true,"label":null,"line_end":1,"line_start":1,"suggested_replacement":"use gameplay_render::prelude::info;\n","suggestion_applicability":"MaybeIncorrect","text":[{"highlight_end":1,"highlight_start":1,"text":"use bevy::prelude::*;"}]},{"byte_end":0,"byte_start":0,"column_end":1,"column_start":1,"expansion":null,"file_name":"gameplay_ui/src/debug/debug.rs","is_primary":true,"label":null,"line_end":1,"line_start":1,"suggested_replacement":"use gameplay_sim::prelude::info;\n","suggestion_applicability":"MaybeIncorrect","text":[{"highlight_end":1,"highlight_start":1,"text":"use bevy::prelude::*;"}]}]}],"code":null,"level":"error","message":"cannot find macro `info` in this scope","spans":[{"byte_end":1351,"byte_start":1347,"column_end":13,"column_start":9,"expansion":null,"file_name":"gameplay_ui/src/debug/debug.rs","is_primary":true,"label":null,"line_end":28,"line_start":28,"suggested_replacement":null,"suggestion_applicability":null,"text":[{"highlight_end":13,"highlight_start":9,"text":"        info!(\"Input fallback enabled: {}\", input_config.is_fallback_enabled());"}]}]}}
{"reason":"compiler-message","package_id":"path+file:///Users/bradyjeong/Documents/Projects/Amp/gta4/gta_game/gameplay_ui#0.1.0","manifest_path":"/Users/bradyjeong/Documents/Projects/Amp/gta4/gta_game/gameplay_ui/Cargo.toml","target":{"kind":["lib"],"crate_types":["lib"],"name":"gameplay_ui","src_path":"/Users/bradyjeong/Documents/Projects/Amp/gta4/gta_game/gameplay_ui/src/lib.rs","edition":"2021","doc":true,"doctest":true,"test":true},"message":{"rendered":"error: cannot find macro `info` in this scope\n  --> gameplay_ui/src/debug/debug.rs:51:9\n   |\n51 |         info!(\"=== EMERGENCY RESET ===\");\n   |         ^^^^\n   |\nhelp: consider importing one of these macros\n   |\n1  + use crate::prelude::info;\n   |\n1  + use gameplay_render::prelude::info;\n   |\n1  + use gameplay_sim::prelude::info;\n   |\n\n","$message_type":"diagnostic","children":[{"children":[],"code":null,"level":"help","message":"consider importing one of these macros","rendered":null,"spans":[{"byte_end":0,"byte_start":0,"column_end":1,"column_start":1,"expansion":null,"file_name":"gameplay_ui/src/debug/debug.rs","is_primary":true,"label":null,"line_end":1,"line_start":1,"suggested_replacement":"use crate::prelude::info;\n","suggestion_applicability":"MaybeIncorrect","text":[{"highlight_end":1,"highlight_start":1,"text":"use bevy::prelude::*;"}]},{"byte_end":0,"byte_start":0,"column_end":1,"column_start":1,"expansion":null,"file_name":"gameplay_ui/src/debug/debug.rs","is_primary":true,"label":null,"line_end":1,"line_start":1,"suggested_replacement":"use gameplay_render::prelude::info;\n","suggestion_applicability":"MaybeIncorrect","text":[{"highlight_end":1,"highlight_start":1,"text":"use bevy::prelude::*;"}]},{"byte_end":0,"byte_start":0,"column_end":1,"column_start":1,"expansion":null,"file_name":"gameplay_ui/src/debug/debug.rs","is_primary":true,"label":null,"line_end":1,"line_start":1,"suggested_replacement":"use gameplay_sim::prelude::info;\n","suggestion_applicability":"MaybeIncorrect","text":[{"highlight_end":1,"highlight_start":1,"text":"use bevy::prelude::*;"}]}]}],"code":null,"level":"error","message":"cannot find macro `info` in this scope","spans":[{"byte_end":2236,"byte_start":2232,"column_end":13,"column_start":9,"expansion":null,"file_name":"gameplay_ui/src/debug/debug.rs","is_primary":true,"label":null,"line_end":51,"line_start":51,"suggested_replacement":null,"suggestion_applicability":null,"text":[{"highlight_end":13,"highlight_start":9,"text":"        info!(\"=== EMERGENCY RESET ===\");"}]}]}}
{"reason":"compiler-message","package_id":"path+file:///Users/bradyjeong/Documents/Projects/Amp/gta4/gta_game/gameplay_ui#0.1.0","manifest_path":"/Users/bradyjeong/Documents/Projects/Amp/gta4/gta_game/gameplay_ui/Cargo.toml","target":{"kind":["lib"],"crate_types":["lib"],"name":"gameplay_ui","src_path":"/Users/bradyjeong/Documents/Projects/Amp/gta4/gta_game/gameplay_ui/src/lib.rs","edition":"2021","doc":true,"doctest":true,"test":true},"message":{"rendered":"error: cannot find macro `info` in this scope\n  --> gameplay_ui/src/debug/debug.rs:32:13\n   |\n32 |             info!(\"Active entity: {:?}\", entity);\n   |             ^^^^\n   |\nhelp: consider importing one of these macros\n   |\n1  + use crate::prelude::info;\n   |\n1  + use gameplay_render::prelude::info;\n   |\n1  + use gameplay_sim::prelude::info;\n   |\n\n","$message_type":"diagnostic","children":[{"children":[],"code":null,"level":"help","message":"consider importing one of these macros","rendered":null,"spans":[{"byte_end":0,"byte_start":0,"column_end":1,"column_start":1,"expansion":null,"file_name":"gameplay_ui/src/debug/debug.rs","is_primary":true,"label":null,"line_end":1,"line_start":1,"suggested_replacement":"use crate::prelude::info;\n","suggestion_applicability":"MaybeIncorrect","text":[{"highlight_end":1,"highlight_start":1,"text":"use bevy::prelude::*;"}]},{"byte_end":0,"byte_start":0,"column_end":1,"column_start":1,"expansion":null,"file_name":"gameplay_ui/src/debug/debug.rs","is_primary":true,"label":null,"line_end":1,"line_start":1,"suggested_replacement":"use gameplay_render::prelude::info;\n","suggestion_applicability":"MaybeIncorrect","text":[{"highlight_end":1,"highlight_start":1,"text":"use bevy::prelude::*;"}]},{"byte_end":0,"byte_start":0,"column_end":1,"column_start":1,"expansion":null,"file_name":"gameplay_ui/src/debug/debug.rs","is_primary":true,"label":null,"line_end":1,"line_start":1,"suggested_replacement":"use gameplay_sim::prelude::info;\n","suggestion_applicability":"MaybeIncorrect","text":[{"highlight_end":1,"highlight_start":1,"text":"use bevy::prelude::*;"}]}]}],"code":null,"level":"error","message":"cannot find macro `info` in this scope","spans":[{"byte_end":1529,"byte_start":1525,"column_end":17,"column_start":13,"expansion":null,"file_name":"gameplay_ui/src/debug/debug.rs","is_primary":true,"label":null,"line_end":32,"line_start":32,"suggested_replacement":null,"suggestion_applicability":null,"text":[{"highlight_end":17,"highlight_start":13,"text":"            info!(\"Active entity: {:?}\", entity);"}]}]}}
{"reason":"compiler-message","package_id":"path+file:///Users/bradyjeong/Documents/Projects/Amp/gta4/gta_game/gameplay_ui#0.1.0","manifest_path":"/Users/bradyjeong/Documents/Projects/Amp/gta4/gta_game/gameplay_ui/Cargo.toml","target":{"kind":["lib"],"crate_types":["lib"],"name":"gameplay_ui","src_path":"/Users/bradyjeong/Documents/Projects/Amp/gta4/gta_game/gameplay_ui/src/lib.rs","edition":"2021","doc":true,"doctest":true,"test":true},"message":{"rendered":"error: cannot find macro `info` in this scope\n  --> gameplay_ui/src/debug/debug.rs:60:13\n   |\n60 |             info!(\"Restored player ActiveEntity and set to Walking state\");\n   |             ^^^^\n   |\nhelp: consider importing one of these macros\n   |\n1  + use crate::prelude::info;\n   |\n1  + use gameplay_render::prelude::info;\n   |\n1  + use gameplay_sim::prelude::info;\n   |\n\n","$message_type":"diagnostic","children":[{"children":[],"code":null,"level":"help","message":"consider importing one of these macros","rendered":null,"spans":[{"byte_end":0,"byte_start":0,"column_end":1,"column_start":1,"expansion":null,"file_name":"gameplay_ui/src/debug/debug.rs","is_primary":true,"label":null,"line_end":1,"line_start":1,"suggested_replacement":"use crate::prelude::info;\n","suggestion_applicability":"MaybeIncorrect","text":[{"highlight_end":1,"highlight_start":1,"text":"use bevy::prelude::*;"}]},{"byte_end":0,"byte_start":0,"column_end":1,"column_start":1,"expansion":null,"file_name":"gameplay_ui/src/debug/debug.rs","is_primary":true,"label":null,"line_end":1,"line_start":1,"suggested_replacement":"use gameplay_render::prelude::info;\n","suggestion_applicability":"MaybeIncorrect","text":[{"highlight_end":1,"highlight_start":1,"text":"use bevy::prelude::*;"}]},{"byte_end":0,"byte_start":0,"column_end":1,"column_start":1,"expansion":null,"file_name":"gameplay_ui/src/debug/debug.rs","is_primary":true,"label":null,"line_end":1,"line_start":1,"suggested_replacement":"use gameplay_sim::prelude::info;\n","suggestion_applicability":"MaybeIncorrect","text":[{"highlight_end":1,"highlight_start":1,"text":"use bevy::prelude::*;"}]}]}],"code":null,"level":"error","message":"cannot find macro `info` in this scope","spans":[{"byte_end":2587,"byte_start":2583,"column_end":17,"column_start":13,"expansion":null,"file_name":"gameplay_ui/src/debug/debug.rs","is_primary":true,"label":null,"line_end":60,"line_start":60,"suggested_replacement":null,"suggestion_applicability":null,"text":[{"highlight_end":17,"highlight_start":13,"text":"            info!(\"Restored player ActiveEntity and set to Walking state\");"}]}]}}
{"reason":"compiler-message","package_id":"path+file:///Users/bradyjeong/Documents/Projects/Amp/gta4/gta_game/gameplay_ui#0.1.0","manifest_path":"/Users/bradyjeong/Documents/Projects/Amp/gta4/gta_game/gameplay_ui/Cargo.toml","target":{"kind":["lib"],"crate_types":["lib"],"name":"gameplay_ui","src_path":"/Users/bradyjeong/Documents/Projects/Amp/gta4/gta_game/gameplay_ui/src/lib.rs","edition":"2021","doc":true,"doctest":true,"test":true},"message":{"rendered":"error: cannot find macro `info` in this scope\n  --> gameplay_ui/src/debug/debug.rs:38:13\n   |\n38 |             info!(\"Active input actions: {:?}\", active_actions);\n   |             ^^^^\n   |\nhelp: consider importing one of these macros\n   |\n1  + use crate::prelude::info;\n   |\n1  + use gameplay_render::prelude::info;\n   |\n1  + use gameplay_sim::prelude::info;\n   |\n\n","$message_type":"diagnostic","children":[{"children":[],"code":null,"level":"help","message":"consider importing one of these macros","rendered":null,"spans":[{"byte_end":0,"byte_start":0,"column_end":1,"column_start":1,"expansion":null,"file_name":"gameplay_ui/src/debug/debug.rs","is_primary":true,"label":null,"line_end":1,"line_start":1,"suggested_replacement":"use crate::prelude::info;\n","suggestion_applicability":"MaybeIncorrect","text":[{"highlight_end":1,"highlight_start":1,"text":"use bevy::prelude::*;"}]},{"byte_end":0,"byte_start":0,"column_end":1,"column_start":1,"expansion":null,"file_name":"gameplay_ui/src/debug/debug.rs","is_primary":true,"label":null,"line_end":1,"line_start":1,"suggested_replacement":"use gameplay_render::prelude::info;\n","suggestion_applicability":"MaybeIncorrect","text":[{"highlight_end":1,"highlight_start":1,"text":"use bevy::prelude::*;"}]},{"byte_end":0,"byte_start":0,"column_end":1,"column_start":1,"expansion":null,"file_name":"gameplay_ui/src/debug/debug.rs","is_primary":true,"label":null,"line_end":1,"line_start":1,"suggested_replacement":"use gameplay_sim::prelude::info;\n","suggestion_applicability":"MaybeIncorrect","text":[{"highlight_end":1,"highlight_start":1,"text":"use bevy::prelude::*;"}]}]}],"code":null,"level":"error","message":"cannot find macro `info` in this scope","spans":[{"byte_end":1740,"byte_start":1736,"column_end":17,"column_start":13,"expansion":null,"file_name":"gameplay_ui/src/debug/debug.rs","is_primary":true,"label":null,"line_end":38,"line_start":38,"suggested_replacement":null,"suggestion_applicability":null,"text":[{"highlight_end":17,"highlight_start":13,"text":"            info!(\"Active input actions: {:?}\", active_actions);"}]}]}}
{"reason":"compiler-message","package_id":"path+file:///Users/bradyjeong/Documents/Projects/Amp/gta4/gta_game/gameplay_ui#0.1.0","manifest_path":"/Users/bradyjeong/Documents/Projects/Amp/gta4/gta_game/gameplay_ui/Cargo.toml","target":{"kind":["lib"],"crate_types":["lib"],"name":"gameplay_ui","src_path":"/Users/bradyjeong/Documents/Projects/Amp/gta4/gta_game/gameplay_ui/src/lib.rs","edition":"2021","doc":true,"doctest":true,"test":true},"message":{"rendered":"error: cannot find macro `warn` in this scope\n  --> gameplay_ui/src/debug/debug.rs:62:13\n   |\n62 |             warn!(\"No player entity found to fix!\");\n   |             ^^^^\n   |\n   = note: `warn` is in scope, but it is an attribute: `#[warn]`\nhelp: consider importing one of these macros\n   |\n1  + use crate::prelude::warn;\n   |\n1  + use gameplay_render::prelude::warn;\n   |\n1  + use gameplay_sim::prelude::warn;\n   |\n\n","$message_type":"diagnostic","children":[{"children":[],"code":null,"level":"note","message":"`warn` is in scope, but it is an attribute: `#[warn]`","rendered":null,"spans":[]},{"children":[],"code":null,"level":"help","message":"consider importing one of these macros","rendered":null,"spans":[{"byte_end":0,"byte_start":0,"column_end":1,"column_start":1,"expansion":null,"file_name":"gameplay_ui/src/debug/debug.rs","is_primary":true,"label":null,"line_end":1,"line_start":1,"suggested_replacement":"use crate::prelude::warn;\n","suggestion_applicability":"MaybeIncorrect","text":[{"highlight_end":1,"highlight_start":1,"text":"use bevy::prelude::*;"}]},{"byte_end":0,"byte_start":0,"column_end":1,"column_start":1,"expansion":null,"file_name":"gameplay_ui/src/debug/debug.rs","is_primary":true,"label":null,"line_end":1,"line_start":1,"suggested_replacement":"use gameplay_render::prelude::warn;\n","suggestion_applicability":"MaybeIncorrect","text":[{"highlight_end":1,"highlight_start":1,"text":"use bevy::prelude::*;"}]},{"byte_end":0,"byte_start":0,"column_end":1,"column_start":1,"expansion":null,"file_name":"gameplay_ui/src/debug/debug.rs","is_primary":true,"label":null,"line_end":1,"line_start":1,"suggested_replacement":"use gameplay_sim::prelude::warn;\n","suggestion_applicability":"MaybeIncorrect","text":[{"highlight_end":1,"highlight_start":1,"text":"use bevy::prelude::*;"}]}]}],"code":null,"level":"error","message":"cannot find macro `warn` in this scope","spans":[{"byte_end":2680,"byte_start":2676,"column_end":17,"column_start":13,"expansion":null,"file_name":"gameplay_ui/src/debug/debug.rs","is_primary":true,"label":null,"line_end":62,"line_start":62,"suggested_replacement":null,"suggestion_applicability":null,"text":[{"highlight_end":17,"highlight_start":13,"text":"            warn!(\"No player entity found to fix!\");"}]}]}}
{"reason":"compiler-message","package_id":"path+file:///Users/bradyjeong/Documents/Projects/Amp/gta4/gta_game/gameplay_ui#0.1.0","manifest_path":"/Users/bradyjeong/Documents/Projects/Amp/gta4/gta_game/gameplay_ui/Cargo.toml","target":{"kind":["lib"],"crate_types":["lib"],"name":"gameplay_ui","src_path":"/Users/bradyjeong/Documents/Projects/Amp/gta4/gta_game/gameplay_ui/src/lib.rs","edition":"2021","doc":true,"doctest":true,"test":true},"message":{"rendered":"error: cannot find macro `info` in this scope\n  --> gameplay_ui/src/debug/debug.rs:45:13\n   |\n45 |             info!(\"Arrow key pressed: {:?}\", any_input);\n   |             ^^^^\n   |\nhelp: consider importing one of these macros\n   |\n1  + use crate::prelude::info;\n   |\n1  + use gameplay_render::prelude::info;\n   |\n1  + use gameplay_sim::prelude::info;\n   |\n\n","$message_type":"diagnostic","children":[{"children":[],"code":null,"level":"help","message":"consider importing one of these macros","rendered":null,"spans":[{"byte_end":0,"byte_start":0,"column_end":1,"column_start":1,"expansion":null,"file_name":"gameplay_ui/src/debug/debug.rs","is_primary":true,"label":null,"line_end":1,"line_start":1,"suggested_replacement":"use crate::prelude::info;\n","suggestion_applicability":"MaybeIncorrect","text":[{"highlight_end":1,"highlight_start":1,"text":"use bevy::prelude::*;"}]},{"byte_end":0,"byte_start":0,"column_end":1,"column_start":1,"expansion":null,"file_name":"gameplay_ui/src/debug/debug.rs","is_primary":true,"label":null,"line_end":1,"line_start":1,"suggested_replacement":"use gameplay_render::prelude::info;\n","suggestion_applicability":"MaybeIncorrect","text":[{"highlight_end":1,"highlight_start":1,"text":"use bevy::prelude::*;"}]},{"byte_end":0,"byte_start":0,"column_end":1,"column_start":1,"expansion":null,"file_name":"gameplay_ui/src/debug/debug.rs","is_primary":true,"label":null,"line_end":1,"line_start":1,"suggested_replacement":"use gameplay_sim::prelude::info;\n","suggestion_applicability":"MaybeIncorrect","text":[{"highlight_end":1,"highlight_start":1,"text":"use bevy::prelude::*;"}]}]}],"code":null,"level":"error","message":"cannot find macro `info` in this scope","spans":[{"byte_end":2014,"byte_start":2010,"column_end":17,"column_start":13,"expansion":null,"file_name":"gameplay_ui/src/debug/debug.rs","is_primary":true,"label":null,"line_end":45,"line_start":45,"suggested_replacement":null,"suggestion_applicability":null,"text":[{"highlight_end":17,"highlight_start":13,"text":"            info!(\"Arrow key pressed: {:?}\", any_input);"}]}]}}
{"reason":"compiler-message","package_id":"path+file:///Users/bradyjeong/Documents/Projects/Amp/gta4/gta_game/gameplay_ui#0.1.0","manifest_path":"/Users/bradyjeong/Documents/Projects/Amp/gta4/gta_game/gameplay_ui/Cargo.toml","target":{"kind":["lib"],"crate_types":["lib"],"name":"gameplay_ui","src_path":"/Users/bradyjeong/Documents/Projects/Amp/gta4/gta_game/gameplay_ui/src/lib.rs","edition":"2021","doc":true,"doctest":true,"test":true},"message":{"rendered":"error: cannot find macro `info` in this scope\n  --> gameplay_ui/src/debug/debug.rs:70:9\n   |\n70 |         info!(\"Reset input system to defaults with fallback enabled\");\n   |         ^^^^\n   |\nhelp: consider importing one of these macros\n   |\n1  + use crate::prelude::info;\n   |\n1  + use gameplay_render::prelude::info;\n   |\n1  + use gameplay_sim::prelude::info;\n   |\n\n","$message_type":"diagnostic","children":[{"children":[],"code":null,"level":"help","message":"consider importing one of these macros","rendered":null,"spans":[{"byte_end":0,"byte_start":0,"column_end":1,"column_start":1,"expansion":null,"file_name":"gameplay_ui/src/debug/debug.rs","is_primary":true,"label":null,"line_end":1,"line_start":1,"suggested_replacement":"use crate::prelude::info;\n","suggestion_applicability":"MaybeIncorrect","text":[{"highlight_end":1,"highlight_start":1,"text":"use bevy::prelude::*;"}]},{"byte_end":0,"byte_start":0,"column_end":1,"column_start":1,"expansion":null,"file_name":"gameplay_ui/src/debug/debug.rs","is_primary":true,"label":null,"line_end":1,"line_start":1,"suggested_replacement":"use gameplay_render::prelude::info;\n","suggestion_applicability":"MaybeIncorrect","text":[{"highlight_end":1,"highlight_start":1,"text":"use bevy::prelude::*;"}]},{"byte_end":0,"byte_start":0,"column_end":1,"column_start":1,"expansion":null,"file_name":"gameplay_ui/src/debug/debug.rs","is_primary":true,"label":null,"line_end":1,"line_start":1,"suggested_replacement":"use gameplay_sim::prelude::info;\n","suggestion_applicability":"MaybeIncorrect","text":[{"highlight_end":1,"highlight_start":1,"text":"use bevy::prelude::*;"}]}]}],"code":null,"level":"error","message":"cannot find macro `info` in this scope","spans":[{"byte_end":2985,"byte_start":2981,"column_end":13,"column_start":9,"expansion":null,"file_name":"gameplay_ui/src/debug/debug.rs","is_primary":true,"label":null,"line_end":70,"line_start":70,"suggested_replacement":null,"suggestion_applicability":null,"text":[{"highlight_end":13,"highlight_start":9,"text":"        info!(\"Reset input system to defaults with fallback enabled\");"}]}]}}
{"reason":"compiler-message","package_id":"path+file:///Users/bradyjeong/Documents/Projects/Amp/gta4/gta_game/gameplay_ui#0.1.0","manifest_path":"/Users/bradyjeong/Documents/Projects/Amp/gta4/gta_game/gameplay_ui/Cargo.toml","target":{"kind":["lib"],"crate_types":["lib"],"name":"gameplay_ui","src_path":"/Users/bradyjeong/Documents/Projects/Amp/gta4/gta_game/gameplay_ui/src/lib.rs","edition":"2021","doc":true,"doctest":true,"test":true},"message":{"rendered":"error: cannot find macro `info` in this scope\n  --> gameplay_ui/src/debug/debug.rs:51:9\n   |\n51 |         info!(\"=== EMERGENCY RESET ===\");\n   |         ^^^^\n   |\nhelp: consider importing one of these macros\n   |\n1  + use crate::prelude::info;\n   |\n1  + use gameplay_render::prelude::info;\n   |\n1  + use gameplay_sim::prelude::info;\n   |\n\n","$message_type":"diagnostic","children":[{"children":[],"code":null,"level":"help","message":"consider importing one of these macros","rendered":null,"spans":[{"byte_end":0,"byte_start":0,"column_end":1,"column_start":1,"expansion":null,"file_name":"gameplay_ui/src/debug/debug.rs","is_primary":true,"label":null,"line_end":1,"line_start":1,"suggested_replacement":"use crate::prelude::info;\n","suggestion_applicability":"MaybeIncorrect","text":[{"highlight_end":1,"highlight_start":1,"text":"use bevy::prelude::*;"}]},{"byte_end":0,"byte_start":0,"column_end":1,"column_start":1,"expansion":null,"file_name":"gameplay_ui/src/debug/debug.rs","is_primary":true,"label":null,"line_end":1,"line_start":1,"suggested_replacement":"use gameplay_render::prelude::info;\n","suggestion_applicability":"MaybeIncorrect","text":[{"highlight_end":1,"highlight_start":1,"text":"use bevy::prelude::*;"}]},{"byte_end":0,"byte_start":0,"column_end":1,"column_start":1,"expansion":null,"file_name":"gameplay_ui/src/debug/debug.rs","is_primary":true,"label":null,"line_end":1,"line_start":1,"suggested_replacement":"use gameplay_sim::prelude::info;\n","suggestion_applicability":"MaybeIncorrect","text":[{"highlight_end":1,"highlight_start":1,"text":"use bevy::prelude::*;"}]}]}],"code":null,"level":"error","message":"cannot find macro `info` in this scope","spans":[{"byte_end":2236,"byte_start":2232,"column_end":13,"column_start":9,"expansion":null,"file_name":"gameplay_ui/src/debug/debug.rs","is_primary":true,"label":null,"line_end":51,"line_start":51,"suggested_replacement":null,"suggestion_applicability":null,"text":[{"highlight_end":13,"highlight_start":9,"text":"        info!(\"=== EMERGENCY RESET ===\");"}]}]}}
{"reason":"compiler-message","package_id":"path+file:///Users/bradyjeong/Documents/Projects/Amp/gta4/gta_game/gameplay_ui#0.1.0","manifest_path":"/Users/bradyjeong/Documents/Projects/Amp/gta4/gta_game/gameplay_ui/Cargo.toml","target":{"kind":["lib"],"crate_types":["lib"],"name":"gameplay_ui","src_path":"/Users/bradyjeong/Documents/Projects/Amp/gta4/gta_game/gameplay_ui/src/lib.rs","edition":"2021","doc":true,"doctest":true,"test":true},"message":{"rendered":"error: cannot find macro `info` in this scope\n  --> gameplay_ui/src/debug/distance_cache_debug.rs:25:13\n   |\n25 |             info!(\n   |             ^^^^\n   |\nhelp: consider importing one of these macros\n   |\n1  + use crate::prelude::info;\n   |\n1  + use gameplay_render::prelude::info;\n   |\n1  + use gameplay_sim::prelude::info;\n   |\n\n","$message_type":"diagnostic","children":[{"children":[],"code":null,"level":"help","message":"consider importing one of these macros","rendered":null,"spans":[{"byte_end":0,"byte_start":0,"column_end":1,"column_start":1,"expansion":null,"file_name":"gameplay_ui/src/debug/distance_cache_debug.rs","is_primary":true,"label":null,"line_end":1,"line_start":1,"suggested_replacement":"use crate::prelude::info;\n","suggestion_applicability":"MaybeIncorrect","text":[{"highlight_end":1,"highlight_start":1,"text":"use bevy::prelude::*;"}]},{"byte_end":0,"byte_start":0,"column_end":1,"column_start":1,"expansion":null,"file_name":"gameplay_ui/src/debug/distance_cache_debug.rs","is_primary":true,"label":null,"line_end":1,"line_start":1,"suggested_replacement":"use gameplay_render::prelude::info;\n","suggestion_applicability":"MaybeIncorrect","text":[{"highlight_end":1,"highlight_start":1,"text":"use bevy::prelude::*;"}]},{"byte_end":0,"byte_start":0,"column_end":1,"column_start":1,"expansion":null,"file_name":"gameplay_ui/src/debug/distance_cache_debug.rs","is_primary":true,"label":null,"line_end":1,"line_start":1,"suggested_replacement":"use gameplay_sim::prelude::info;\n","suggestion_applicability":"MaybeIncorrect","text":[{"highlight_end":1,"highlight_start":1,"text":"use bevy::prelude::*;"}]}]}],"code":null,"level":"error","message":"cannot find macro `info` in this scope","spans":[{"byte_end":765,"byte_start":761,"column_end":17,"column_start":13,"expansion":null,"file_name":"gameplay_ui/src/debug/distance_cache_debug.rs","is_primary":true,"label":null,"line_end":25,"line_start":25,"suggested_replacement":null,"suggestion_applicability":null,"text":[{"highlight_end":17,"highlight_start":13,"text":"            info!("}]}]}}
{"reason":"compiler-message","package_id":"path+file:///Users/bradyjeong/Documents/Projects/Amp/gta4/gta_game/gameplay_ui#0.1.0","manifest_path":"/Users/bradyjeong/Documents/Projects/Amp/gta4/gta_game/gameplay_ui/Cargo.toml","target":{"kind":["lib"],"crate_types":["lib"],"name":"gameplay_ui","src_path":"/Users/bradyjeong/Documents/Projects/Amp/gta4/gta_game/gameplay_ui/src/lib.rs","edition":"2021","doc":true,"doctest":true,"test":true},"message":{"rendered":"error: cannot find macro `info` in this scope\n  --> gameplay_ui/src/debug/debug.rs:60:13\n   |\n60 |             info!(\"Restored player ActiveEntity and set to Walking state\");\n   |             ^^^^\n   |\nhelp: consider importing one of these macros\n   |\n1  + use crate::prelude::info;\n   |\n1  + use gameplay_render::prelude::info;\n   |\n1  + use gameplay_sim::prelude::info;\n   |\n\n","$message_type":"diagnostic","children":[{"children":[],"code":null,"level":"help","message":"consider importing one of these macros","rendered":null,"spans":[{"byte_end":0,"byte_start":0,"column_end":1,"column_start":1,"expansion":null,"file_name":"gameplay_ui/src/debug/debug.rs","is_primary":true,"label":null,"line_end":1,"line_start":1,"suggested_replacement":"use crate::prelude::info;\n","suggestion_applicability":"MaybeIncorrect","text":[{"highlight_end":1,"highlight_start":1,"text":"use bevy::prelude::*;"}]},{"byte_end":0,"byte_start":0,"column_end":1,"column_start":1,"expansion":null,"file_name":"gameplay_ui/src/debug/debug.rs","is_primary":true,"label":null,"line_end":1,"line_start":1,"suggested_replacement":"use gameplay_render::prelude::info;\n","suggestion_applicability":"MaybeIncorrect","text":[{"highlight_end":1,"highlight_start":1,"text":"use bevy::prelude::*;"}]},{"byte_end":0,"byte_start":0,"column_end":1,"column_start":1,"expansion":null,"file_name":"gameplay_ui/src/debug/debug.rs","is_primary":true,"label":null,"line_end":1,"line_start":1,"suggested_replacement":"use gameplay_sim::prelude::info;\n","suggestion_applicability":"MaybeIncorrect","text":[{"highlight_end":1,"highlight_start":1,"text":"use bevy::prelude::*;"}]}]}],"code":null,"level":"error","message":"cannot find macro `info` in this scope","spans":[{"byte_end":2587,"byte_start":2583,"column_end":17,"column_start":13,"expansion":null,"file_name":"gameplay_ui/src/debug/debug.rs","is_primary":true,"label":null,"line_end":60,"line_start":60,"suggested_replacement":null,"suggestion_applicability":null,"text":[{"highlight_end":17,"highlight_start":13,"text":"            info!(\"Restored player ActiveEntity and set to Walking state\");"}]}]}}
{"reason":"compiler-message","package_id":"path+file:///Users/bradyjeong/Documents/Projects/Amp/gta4/gta_game/gameplay_ui#0.1.0","manifest_path":"/Users/bradyjeong/Documents/Projects/Amp/gta4/gta_game/gameplay_ui/Cargo.toml","target":{"kind":["lib"],"crate_types":["lib"],"name":"gameplay_ui","src_path":"/Users/bradyjeong/Documents/Projects/Amp/gta4/gta_game/gameplay_ui/src/lib.rs","edition":"2021","doc":true,"doctest":true,"test":true},"message":{"rendered":"error: cannot find macro `info` in this scope\n   --> gameplay_ui/src/examples/control_manager_integration.rs:177:5\n    |\n177 |     info!(\"SuperCar physics configuration updated for enhanced performance\");\n    |     ^^^^\n    |\nhelp: consider importing one of these macros\n    |\n1   + use crate::prelude::info;\n    |\n1   + use gameplay_render::prelude::info;\n    |\n1   + use gameplay_sim::prelude::info;\n    |\n\n","$message_type":"diagnostic","children":[{"children":[],"code":null,"level":"help","message":"consider importing one of these macros","rendered":null,"spans":[{"byte_end":0,"byte_start":0,"column_end":1,"column_start":1,"expansion":null,"file_name":"gameplay_ui/src/examples/control_manager_integration.rs","is_primary":true,"label":null,"line_end":1,"line_start":1,"suggested_replacement":"use crate::prelude::info;\n","suggestion_applicability":"MaybeIncorrect","text":[{"highlight_end":1,"highlight_start":1,"text":"use bevy::prelude::*;"}]},{"byte_end":0,"byte_start":0,"column_end":1,"column_start":1,"expansion":null,"file_name":"gameplay_ui/src/examples/control_manager_integration.rs","is_primary":true,"label":null,"line_end":1,"line_start":1,"suggested_replacement":"use gameplay_render::prelude::info;\n","suggestion_applicability":"MaybeIncorrect","text":[{"highlight_end":1,"highlight_start":1,"text":"use bevy::prelude::*;"}]},{"byte_end":0,"byte_start":0,"column_end":1,"column_start":1,"expansion":null,"file_name":"gameplay_ui/src/examples/control_manager_integration.rs","is_primary":true,"label":null,"line_end":1,"line_start":1,"suggested_replacement":"use gameplay_sim::prelude::info;\n","suggestion_applicability":"MaybeIncorrect","text":[{"highlight_end":1,"highlight_start":1,"text":"use bevy::prelude::*;"}]}]}],"code":null,"level":"error","message":"cannot find macro `info` in this scope","spans":[{"byte_end":7225,"byte_start":7221,"column_end":9,"column_start":5,"expansion":null,"file_name":"gameplay_ui/src/examples/control_manager_integration.rs","is_primary":true,"label":null,"line_end":177,"line_start":177,"suggested_replacement":null,"suggestion_applicability":null,"text":[{"highlight_end":9,"highlight_start":5,"text":"    info!(\"SuperCar physics configuration updated for enhanced performance\");"}]}]}}
{"reason":"compiler-message","package_id":"path+file:///Users/bradyjeong/Documents/Projects/Amp/gta4/gta_game/gameplay_ui#0.1.0","manifest_path":"/Users/bradyjeong/Documents/Projects/Amp/gta4/gta_game/gameplay_ui/Cargo.toml","target":{"kind":["lib"],"crate_types":["lib"],"name":"gameplay_ui","src_path":"/Users/bradyjeong/Documents/Projects/Amp/gta4/gta_game/gameplay_ui/src/lib.rs","edition":"2021","doc":true,"doctest":true,"test":true},"message":{"rendered":"error: cannot find macro `warn` in this scope\n  --> gameplay_ui/src/debug/debug.rs:62:13\n   |\n62 |             warn!(\"No player entity found to fix!\");\n   |             ^^^^\n   |\n   = note: `warn` is in scope, but it is an attribute: `#[warn]`\nhelp: consider importing one of these macros\n   |\n1  + use crate::prelude::warn;\n   |\n1  + use gameplay_render::prelude::warn;\n   |\n1  + use gameplay_sim::prelude::warn;\n   |\n\n","$message_type":"diagnostic","children":[{"children":[],"code":null,"level":"note","message":"`warn` is in scope, but it is an attribute: `#[warn]`","rendered":null,"spans":[]},{"children":[],"code":null,"level":"help","message":"consider importing one of these macros","rendered":null,"spans":[{"byte_end":0,"byte_start":0,"column_end":1,"column_start":1,"expansion":null,"file_name":"gameplay_ui/src/debug/debug.rs","is_primary":true,"label":null,"line_end":1,"line_start":1,"suggested_replacement":"use crate::prelude::warn;\n","suggestion_applicability":"MaybeIncorrect","text":[{"highlight_end":1,"highlight_start":1,"text":"use bevy::prelude::*;"}]},{"byte_end":0,"byte_start":0,"column_end":1,"column_start":1,"expansion":null,"file_name":"gameplay_ui/src/debug/debug.rs","is_primary":true,"label":null,"line_end":1,"line_start":1,"suggested_replacement":"use gameplay_render::prelude::warn;\n","suggestion_applicability":"MaybeIncorrect","text":[{"highlight_end":1,"highlight_start":1,"text":"use bevy::prelude::*;"}]},{"byte_end":0,"byte_start":0,"column_end":1,"column_start":1,"expansion":null,"file_name":"gameplay_ui/src/debug/debug.rs","is_primary":true,"label":null,"line_end":1,"line_start":1,"suggested_replacement":"use gameplay_sim::prelude::warn;\n","suggestion_applicability":"MaybeIncorrect","text":[{"highlight_end":1,"highlight_start":1,"text":"use bevy::prelude::*;"}]}]}],"code":null,"level":"error","message":"cannot find macro `warn` in this scope","spans":[{"byte_end":2680,"byte_start":2676,"column_end":17,"column_start":13,"expansion":null,"file_name":"gameplay_ui/src/debug/debug.rs","is_primary":true,"label":null,"line_end":62,"line_start":62,"suggested_replacement":null,"suggestion_applicability":null,"text":[{"highlight_end":17,"highlight_start":13,"text":"            warn!(\"No player entity found to fix!\");"}]}]}}
{"reason":"compiler-message","package_id":"path+file:///Users/bradyjeong/Documents/Projects/Amp/gta4/gta_game/gameplay_ui#0.1.0","manifest_path":"/Users/bradyjeong/Documents/Projects/Amp/gta4/gta_game/gameplay_ui/Cargo.toml","target":{"kind":["lib"],"crate_types":["lib"],"name":"gameplay_ui","src_path":"/Users/bradyjeong/Documents/Projects/Amp/gta4/gta_game/gameplay_ui/src/lib.rs","edition":"2021","doc":true,"doctest":true,"test":true},"message":{"rendered":"error: cannot find macro `warn` in this scope\n   --> gameplay_ui/src/examples/control_manager_integration.rs:185:9\n    |\n185 |         warn!(\"Control system performance: {}μs max update time\", max_time_us);\n    |         ^^^^\n    |\n    = note: `warn` is in scope, but it is an attribute: `#[warn]`\nhelp: consider importing one of these macros\n    |\n1   + use crate::prelude::warn;\n    |\n1   + use gameplay_render::prelude::warn;\n    |\n1   + use gameplay_sim::prelude::warn;\n    |\n\n","$message_type":"diagnostic","children":[{"children":[],"code":null,"level":"note","message":"`warn` is in scope, but it is an attribute: `#[warn]`","rendered":null,"spans":[]},{"children":[],"code":null,"level":"help","message":"consider importing one of these macros","rendered":null,"spans":[{"byte_end":0,"byte_start":0,"column_end":1,"column_start":1,"expansion":null,"file_name":"gameplay_ui/src/examples/control_manager_integration.rs","is_primary":true,"label":null,"line_end":1,"line_start":1,"suggested_replacement":"use crate::prelude::warn;\n","suggestion_applicability":"MaybeIncorrect","text":[{"highlight_end":1,"highlight_start":1,"text":"use bevy::prelude::*;"}]},{"byte_end":0,"byte_start":0,"column_end":1,"column_start":1,"expansion":null,"file_name":"gameplay_ui/src/examples/control_manager_integration.rs","is_primary":true,"label":null,"line_end":1,"line_start":1,"suggested_replacement":"use gameplay_render::prelude::warn;\n","suggestion_applicability":"MaybeIncorrect","text":[{"highlight_end":1,"highlight_start":1,"text":"use bevy::prelude::*;"}]},{"byte_end":0,"byte_start":0,"column_end":1,"column_start":1,"expansion":null,"file_name":"gameplay_ui/src/examples/control_manager_integration.rs","is_primary":true,"label":null,"line_end":1,"line_start":1,"suggested_replacement":"use gameplay_sim::prelude::warn;\n","suggestion_applicability":"MaybeIncorrect","text":[{"highlight_end":1,"highlight_start":1,"text":"use bevy::prelude::*;"}]}]}],"code":null,"level":"error","message":"cannot find macro `warn` in this scope","spans":[{"byte_end":7563,"byte_start":7559,"column_end":13,"column_start":9,"expansion":null,"file_name":"gameplay_ui/src/examples/control_manager_integration.rs","is_primary":true,"label":null,"line_end":185,"line_start":185,"suggested_replacement":null,"suggestion_applicability":null,"text":[{"highlight_end":13,"highlight_start":9,"text":"        warn!(\"Control system performance: {}μs max update time\", max_time_us);"}]}]}}
{"reason":"compiler-message","package_id":"path+file:///Users/bradyjeong/Documents/Projects/Amp/gta4/gta_game/gameplay_ui#0.1.0","manifest_path":"/Users/bradyjeong/Documents/Projects/Amp/gta4/gta_game/gameplay_ui/Cargo.toml","target":{"kind":["lib"],"crate_types":["lib"],"name":"gameplay_ui","src_path":"/Users/bradyjeong/Documents/Projects/Amp/gta4/gta_game/gameplay_ui/src/lib.rs","edition":"2021","doc":true,"doctest":true,"test":true},"message":{"rendered":"error: cannot find macro `info` in this scope\n  --> gameplay_ui/src/debug/debug.rs:70:9\n   |\n70 |         info!(\"Reset input system to defaults with fallback enabled\");\n   |         ^^^^\n   |\nhelp: consider importing one of these macros\n   |\n1  + use crate::prelude::info;\n   |\n1  + use gameplay_render::prelude::info;\n   |\n1  + use gameplay_sim::prelude::info;\n   |\n\n","$message_type":"diagnostic","children":[{"children":[],"code":null,"level":"help","message":"consider importing one of these macros","rendered":null,"spans":[{"byte_end":0,"byte_start":0,"column_end":1,"column_start":1,"expansion":null,"file_name":"gameplay_ui/src/debug/debug.rs","is_primary":true,"label":null,"line_end":1,"line_start":1,"suggested_replacement":"use crate::prelude::info;\n","suggestion_applicability":"MaybeIncorrect","text":[{"highlight_end":1,"highlight_start":1,"text":"use bevy::prelude::*;"}]},{"byte_end":0,"byte_start":0,"column_end":1,"column_start":1,"expansion":null,"file_name":"gameplay_ui/src/debug/debug.rs","is_primary":true,"label":null,"line_end":1,"line_start":1,"suggested_replacement":"use gameplay_render::prelude::info;\n","suggestion_applicability":"MaybeIncorrect","text":[{"highlight_end":1,"highlight_start":1,"text":"use bevy::prelude::*;"}]},{"byte_end":0,"byte_start":0,"column_end":1,"column_start":1,"expansion":null,"file_name":"gameplay_ui/src/debug/debug.rs","is_primary":true,"label":null,"line_end":1,"line_start":1,"suggested_replacement":"use gameplay_sim::prelude::info;\n","suggestion_applicability":"MaybeIncorrect","text":[{"highlight_end":1,"highlight_start":1,"text":"use bevy::prelude::*;"}]}]}],"code":null,"level":"error","message":"cannot find macro `info` in this scope","spans":[{"byte_end":2985,"byte_start":2981,"column_end":13,"column_start":9,"expansion":null,"file_name":"gameplay_ui/src/debug/debug.rs","is_primary":true,"label":null,"line_end":70,"line_start":70,"suggested_replacement":null,"suggestion_applicability":null,"text":[{"highlight_end":13,"highlight_start":9,"text":"        info!(\"Reset input system to defaults with fallback enabled\");"}]}]}}
{"reason":"compiler-message","package_id":"path+file:///Users/bradyjeong/Documents/Projects/Amp/gta4/gta_game/gameplay_ui#0.1.0","manifest_path":"/Users/bradyjeong/Documents/Projects/Amp/gta4/gta_game/gameplay_ui/Cargo.toml","target":{"kind":["lib"],"crate_types":["lib"],"name":"gameplay_ui","src_path":"/Users/bradyjeong/Documents/Projects/Amp/gta4/gta_game/gameplay_ui/src/lib.rs","edition":"2021","doc":true,"doctest":true,"test":true},"message":{"rendered":"error: cannot find macro `warn` in this scope\n   --> gameplay_ui/src/examples/control_manager_integration.rs:189:9\n    |\n189 |         warn!(\"Control validation failures: {}\", failures);\n    |         ^^^^\n    |\n    = note: `warn` is in scope, but it is an attribute: `#[warn]`\nhelp: consider importing one of these macros\n    |\n1   + use crate::prelude::warn;\n    |\n1   + use gameplay_render::prelude::warn;\n    |\n1   + use gameplay_sim::prelude::warn;\n    |\n\n","$message_type":"diagnostic","children":[{"children":[],"code":null,"level":"note","message":"`warn` is in scope, but it is an attribute: `#[warn]`","rendered":null,"spans":[]},{"children":[],"code":null,"level":"help","message":"consider importing one of these macros","rendered":null,"spans":[{"byte_end":0,"byte_start":0,"column_end":1,"column_start":1,"expansion":null,"file_name":"gameplay_ui/src/examples/control_manager_integration.rs","is_primary":true,"label":null,"line_end":1,"line_start":1,"suggested_replacement":"use crate::prelude::warn;\n","suggestion_applicability":"MaybeIncorrect","text":[{"highlight_end":1,"highlight_start":1,"text":"use bevy::prelude::*;"}]},{"byte_end":0,"byte_start":0,"column_end":1,"column_start":1,"expansion":null,"file_name":"gameplay_ui/src/examples/control_manager_integration.rs","is_primary":true,"label":null,"line_end":1,"line_start":1,"suggested_replacement":"use gameplay_render::prelude::warn;\n","suggestion_applicability":"MaybeIncorrect","text":[{"highlight_end":1,"highlight_start":1,"text":"use bevy::prelude::*;"}]},{"byte_end":0,"byte_start":0,"column_end":1,"column_start":1,"expansion":null,"file_name":"gameplay_ui/src/examples/control_manager_integration.rs","is_primary":true,"label":null,"line_end":1,"line_start":1,"suggested_replacement":"use gameplay_sim::prelude::warn;\n","suggestion_applicability":"MaybeIncorrect","text":[{"highlight_end":1,"highlight_start":1,"text":"use bevy::prelude::*;"}]}]}],"code":null,"level":"error","message":"cannot find macro `warn` in this scope","spans":[{"byte_end":7677,"byte_start":7673,"column_end":13,"column_start":9,"expansion":null,"file_name":"gameplay_ui/src/examples/control_manager_integration.rs","is_primary":true,"label":null,"line_end":189,"line_start":189,"suggested_replacement":null,"suggestion_applicability":null,"text":[{"highlight_end":13,"highlight_start":9,"text":"        warn!(\"Control validation failures: {}\", failures);"}]}]}}
{"reason":"compiler-message","package_id":"path+file:///Users/bradyjeong/Documents/Projects/Amp/gta4/gta_game/gameplay_ui#0.1.0","manifest_path":"/Users/bradyjeong/Documents/Projects/Amp/gta4/gta_game/gameplay_ui/Cargo.toml","target":{"kind":["lib"],"crate_types":["lib"],"name":"gameplay_ui","src_path":"/Users/bradyjeong/Documents/Projects/Amp/gta4/gta_game/gameplay_ui/src/lib.rs","edition":"2021","doc":true,"doctest":true,"test":true},"message":{"rendered":"error: cannot find macro `info` in this scope\n  --> gameplay_ui/src/debug/distance_cache_debug.rs:25:13\n   |\n25 |             info!(\n   |             ^^^^\n   |\nhelp: consider importing one of these macros\n   |\n1  + use crate::prelude::info;\n   |\n1  + use gameplay_render::prelude::info;\n   |\n1  + use gameplay_sim::prelude::info;\n   |\n\n","$message_type":"diagnostic","children":[{"children":[],"code":null,"level":"help","message":"consider importing one of these macros","rendered":null,"spans":[{"byte_end":0,"byte_start":0,"column_end":1,"column_start":1,"expansion":null,"file_name":"gameplay_ui/src/debug/distance_cache_debug.rs","is_primary":true,"label":null,"line_end":1,"line_start":1,"suggested_replacement":"use crate::prelude::info;\n","suggestion_applicability":"MaybeIncorrect","text":[{"highlight_end":1,"highlight_start":1,"text":"use bevy::prelude::*;"}]},{"byte_end":0,"byte_start":0,"column_end":1,"column_start":1,"expansion":null,"file_name":"gameplay_ui/src/debug/distance_cache_debug.rs","is_primary":true,"label":null,"line_end":1,"line_start":1,"suggested_replacement":"use gameplay_render::prelude::info;\n","suggestion_applicability":"MaybeIncorrect","text":[{"highlight_end":1,"highlight_start":1,"text":"use bevy::prelude::*;"}]},{"byte_end":0,"byte_start":0,"column_end":1,"column_start":1,"expansion":null,"file_name":"gameplay_ui/src/debug/distance_cache_debug.rs","is_primary":true,"label":null,"line_end":1,"line_start":1,"suggested_replacement":"use gameplay_sim::prelude::info;\n","suggestion_applicability":"MaybeIncorrect","text":[{"highlight_end":1,"highlight_start":1,"text":"use bevy::prelude::*;"}]}]}],"code":null,"level":"error","message":"cannot find macro `info` in this scope","spans":[{"byte_end":765,"byte_start":761,"column_end":17,"column_start":13,"expansion":null,"file_name":"gameplay_ui/src/debug/distance_cache_debug.rs","is_primary":true,"label":null,"line_end":25,"line_start":25,"suggested_replacement":null,"suggestion_applicability":null,"text":[{"highlight_end":17,"highlight_start":13,"text":"            info!("}]}]}}
{"reason":"compiler-message","package_id":"path+file:///Users/bradyjeong/Documents/Projects/Amp/gta4/gta_game/gameplay_ui#0.1.0","manifest_path":"/Users/bradyjeong/Documents/Projects/Amp/gta4/gta_game/gameplay_ui/Cargo.toml","target":{"kind":["lib"],"crate_types":["lib"],"name":"gameplay_ui","src_path":"/Users/bradyjeong/Documents/Projects/Amp/gta4/gta_game/gameplay_ui/src/lib.rs","edition":"2021","doc":true,"doctest":true,"test":true},"message":{"rendered":"error: cannot find macro `warn` in this scope\n   --> gameplay_ui/src/examples/control_manager_integration.rs:193:9\n    |\n193 |         warn!(\"Emergency brake system active!\");\n    |         ^^^^\n    |\n    = note: `warn` is in scope, but it is an attribute: `#[warn]`\nhelp: consider importing one of these macros\n    |\n1   + use crate::prelude::warn;\n    |\n1   + use gameplay_render::prelude::warn;\n    |\n1   + use gameplay_sim::prelude::warn;\n    |\n\n","$message_type":"diagnostic","children":[{"children":[],"code":null,"level":"note","message":"`warn` is in scope, but it is an attribute: `#[warn]`","rendered":null,"spans":[]},{"children":[],"code":null,"level":"help","message":"consider importing one of these macros","rendered":null,"spans":[{"byte_end":0,"byte_start":0,"column_end":1,"column_start":1,"expansion":null,"file_name":"gameplay_ui/src/examples/control_manager_integration.rs","is_primary":true,"label":null,"line_end":1,"line_start":1,"suggested_replacement":"use crate::prelude::warn;\n","suggestion_applicability":"MaybeIncorrect","text":[{"highlight_end":1,"highlight_start":1,"text":"use bevy::prelude::*;"}]},{"byte_end":0,"byte_start":0,"column_end":1,"column_start":1,"expansion":null,"file_name":"gameplay_ui/src/examples/control_manager_integration.rs","is_primary":true,"label":null,"line_end":1,"line_start":1,"suggested_replacement":"use gameplay_render::prelude::warn;\n","suggestion_applicability":"MaybeIncorrect","text":[{"highlight_end":1,"highlight_start":1,"text":"use bevy::prelude::*;"}]},{"byte_end":0,"byte_start":0,"column_end":1,"column_start":1,"expansion":null,"file_name":"gameplay_ui/src/examples/control_manager_integration.rs","is_primary":true,"label":null,"line_end":1,"line_start":1,"suggested_replacement":"use gameplay_sim::prelude::warn;\n","suggestion_applicability":"MaybeIncorrect","text":[{"highlight_end":1,"highlight_start":1,"text":"use bevy::prelude::*;"}]}]}],"code":null,"level":"error","message":"cannot find macro `warn` in this scope","spans":[{"byte_end":7795,"byte_start":7791,"column_end":13,"column_start":9,"expansion":null,"file_name":"gameplay_ui/src/examples/control_manager_integration.rs","is_primary":true,"label":null,"line_end":193,"line_start":193,"suggested_replacement":null,"suggestion_applicability":null,"text":[{"highlight_end":13,"highlight_start":9,"text":"        warn!(\"Emergency brake system active!\");"}]}]}}
{"reason":"compiler-message","package_id":"path+file:///Users/bradyjeong/Documents/Projects/Amp/gta4/gta_game/gameplay_ui#0.1.0","manifest_path":"/Users/bradyjeong/Documents/Projects/Amp/gta4/gta_game/gameplay_ui/Cargo.toml","target":{"kind":["lib"],"crate_types":["lib"],"name":"gameplay_ui","src_path":"/Users/bradyjeong/Documents/Projects/Amp/gta4/gta_game/gameplay_ui/src/lib.rs","edition":"2021","doc":true,"doctest":true,"test":true},"message":{"rendered":"error: cannot find macro `info` in this scope\n   --> gameplay_ui/src/examples/control_manager_integration.rs:177:5\n    |\n177 |     info!(\"SuperCar physics configuration updated for enhanced performance\");\n    |     ^^^^\n    |\nhelp: consider importing one of these macros\n    |\n1   + use crate::prelude::info;\n    |\n1   + use gameplay_render::prelude::info;\n    |\n1   + use gameplay_sim::prelude::info;\n    |\n\n","$message_type":"diagnostic","children":[{"children":[],"code":null,"level":"help","message":"consider importing one of these macros","rendered":null,"spans":[{"byte_end":0,"byte_start":0,"column_end":1,"column_start":1,"expansion":null,"file_name":"gameplay_ui/src/examples/control_manager_integration.rs","is_primary":true,"label":null,"line_end":1,"line_start":1,"suggested_replacement":"use crate::prelude::info;\n","suggestion_applicability":"MaybeIncorrect","text":[{"highlight_end":1,"highlight_start":1,"text":"use bevy::prelude::*;"}]},{"byte_end":0,"byte_start":0,"column_end":1,"column_start":1,"expansion":null,"file_name":"gameplay_ui/src/examples/control_manager_integration.rs","is_primary":true,"label":null,"line_end":1,"line_start":1,"suggested_replacement":"use gameplay_render::prelude::info;\n","suggestion_applicability":"MaybeIncorrect","text":[{"highlight_end":1,"highlight_start":1,"text":"use bevy::prelude::*;"}]},{"byte_end":0,"byte_start":0,"column_end":1,"column_start":1,"expansion":null,"file_name":"gameplay_ui/src/examples/control_manager_integration.rs","is_primary":true,"label":null,"line_end":1,"line_start":1,"suggested_replacement":"use gameplay_sim::prelude::info;\n","suggestion_applicability":"MaybeIncorrect","text":[{"highlight_end":1,"highlight_start":1,"text":"use bevy::prelude::*;"}]}]}],"code":null,"level":"error","message":"cannot find macro `info` in this scope","spans":[{"byte_end":7225,"byte_start":7221,"column_end":9,"column_start":5,"expansion":null,"file_name":"gameplay_ui/src/examples/control_manager_integration.rs","is_primary":true,"label":null,"line_end":177,"line_start":177,"suggested_replacement":null,"suggestion_applicability":null,"text":[{"highlight_end":9,"highlight_start":5,"text":"    info!(\"SuperCar physics configuration updated for enhanced performance\");"}]}]}}
{"reason":"compiler-message","package_id":"path+file:///Users/bradyjeong/Documents/Projects/Amp/gta4/gta_game/gameplay_ui#0.1.0","manifest_path":"/Users/bradyjeong/Documents/Projects/Amp/gta4/gta_game/gameplay_ui/Cargo.toml","target":{"kind":["lib"],"crate_types":["lib"],"name":"gameplay_ui","src_path":"/Users/bradyjeong/Documents/Projects/Amp/gta4/gta_game/gameplay_ui/src/lib.rs","edition":"2021","doc":true,"doctest":true,"test":true},"message":{"rendered":"error: cannot find macro `info` in this scope\n   --> gameplay_ui/src/examples/control_manager_integration.rs:197:9\n    |\n197 |         info!(\"Stability control intervening\");\n    |         ^^^^\n    |\nhelp: consider importing one of these macros\n    |\n1   + use crate::prelude::info;\n    |\n1   + use gameplay_render::prelude::info;\n    |\n1   + use gameplay_sim::prelude::info;\n    |\n\n","$message_type":"diagnostic","children":[{"children":[],"code":null,"level":"help","message":"consider importing one of these macros","rendered":null,"spans":[{"byte_end":0,"byte_start":0,"column_end":1,"column_start":1,"expansion":null,"file_name":"gameplay_ui/src/examples/control_manager_integration.rs","is_primary":true,"label":null,"line_end":1,"line_start":1,"suggested_replacement":"use crate::prelude::info;\n","suggestion_applicability":"MaybeIncorrect","text":[{"highlight_end":1,"highlight_start":1,"text":"use bevy::prelude::*;"}]},{"byte_end":0,"byte_start":0,"column_end":1,"column_start":1,"expansion":null,"file_name":"gameplay_ui/src/examples/control_manager_integration.rs","is_primary":true,"label":null,"line_end":1,"line_start":1,"suggested_replacement":"use gameplay_render::prelude::info;\n","suggestion_applicability":"MaybeIncorrect","text":[{"highlight_end":1,"highlight_start":1,"text":"use bevy::prelude::*;"}]},{"byte_end":0,"byte_start":0,"column_end":1,"column_start":1,"expansion":null,"file_name":"gameplay_ui/src/examples/control_manager_integration.rs","is_primary":true,"label":null,"line_end":1,"line_start":1,"suggested_replacement":"use gameplay_sim::prelude::info;\n","suggestion_applicability":"MaybeIncorrect","text":[{"highlight_end":1,"highlight_start":1,"text":"use bevy::prelude::*;"}]}]}],"code":null,"level":"error","message":"cannot find macro `info` in this scope","spans":[{"byte_end":7902,"byte_start":7898,"column_end":13,"column_start":9,"expansion":null,"file_name":"gameplay_ui/src/examples/control_manager_integration.rs","is_primary":true,"label":null,"line_end":197,"line_start":197,"suggested_replacement":null,"suggestion_applicability":null,"text":[{"highlight_end":13,"highlight_start":9,"text":"        info!(\"Stability control intervening\");"}]}]}}
{"reason":"compiler-message","package_id":"path+file:///Users/bradyjeong/Documents/Projects/Amp/gta4/gta_game/gameplay_ui#0.1.0","manifest_path":"/Users/bradyjeong/Documents/Projects/Amp/gta4/gta_game/gameplay_ui/Cargo.toml","target":{"kind":["lib"],"crate_types":["lib"],"name":"gameplay_ui","src_path":"/Users/bradyjeong/Documents/Projects/Amp/gta4/gta_game/gameplay_ui/src/lib.rs","edition":"2021","doc":true,"doctest":true,"test":true},"message":{"rendered":"error: cannot find macro `warn` in this scope\n   --> gameplay_ui/src/examples/control_manager_integration.rs:185:9\n    |\n185 |         warn!(\"Control system performance: {}μs max update time\", max_time_us);\n    |         ^^^^\n    |\n    = note: `warn` is in scope, but it is an attribute: `#[warn]`\nhelp: consider importing one of these macros\n    |\n1   + use crate::prelude::warn;\n    |\n1   + use gameplay_render::prelude::warn;\n    |\n1   + use gameplay_sim::prelude::warn;\n    |\n\n","$message_type":"diagnostic","children":[{"children":[],"code":null,"level":"note","message":"`warn` is in scope, but it is an attribute: `#[warn]`","rendered":null,"spans":[]},{"children":[],"code":null,"level":"help","message":"consider importing one of these macros","rendered":null,"spans":[{"byte_end":0,"byte_start":0,"column_end":1,"column_start":1,"expansion":null,"file_name":"gameplay_ui/src/examples/control_manager_integration.rs","is_primary":true,"label":null,"line_end":1,"line_start":1,"suggested_replacement":"use crate::prelude::warn;\n","suggestion_applicability":"MaybeIncorrect","text":[{"highlight_end":1,"highlight_start":1,"text":"use bevy::prelude::*;"}]},{"byte_end":0,"byte_start":0,"column_end":1,"column_start":1,"expansion":null,"file_name":"gameplay_ui/src/examples/control_manager_integration.rs","is_primary":true,"label":null,"line_end":1,"line_start":1,"suggested_replacement":"use gameplay_render::prelude::warn;\n","suggestion_applicability":"MaybeIncorrect","text":[{"highlight_end":1,"highlight_start":1,"text":"use bevy::prelude::*;"}]},{"byte_end":0,"byte_start":0,"column_end":1,"column_start":1,"expansion":null,"file_name":"gameplay_ui/src/examples/control_manager_integration.rs","is_primary":true,"label":null,"line_end":1,"line_start":1,"suggested_replacement":"use gameplay_sim::prelude::warn;\n","suggestion_applicability":"MaybeIncorrect","text":[{"highlight_end":1,"highlight_start":1,"text":"use bevy::prelude::*;"}]}]}],"code":null,"level":"error","message":"cannot find macro `warn` in this scope","spans":[{"byte_end":7563,"byte_start":7559,"column_end":13,"column_start":9,"expansion":null,"file_name":"gameplay_ui/src/examples/control_manager_integration.rs","is_primary":true,"label":null,"line_end":185,"line_start":185,"suggested_replacement":null,"suggestion_applicability":null,"text":[{"highlight_end":13,"highlight_start":9,"text":"        warn!(\"Control system performance: {}μs max update time\", max_time_us);"}]}]}}
{"reason":"compiler-message","package_id":"path+file:///Users/bradyjeong/Documents/Projects/Amp/gta4/gta_game/gameplay_ui#0.1.0","manifest_path":"/Users/bradyjeong/Documents/Projects/Amp/gta4/gta_game/gameplay_ui/Cargo.toml","target":{"kind":["lib"],"crate_types":["lib"],"name":"gameplay_ui","src_path":"/Users/bradyjeong/Documents/Projects/Amp/gta4/gta_game/gameplay_ui/src/lib.rs","edition":"2021","doc":true,"doctest":true,"test":true},"message":{"rendered":"error: cannot find macro `info` in this scope\n  --> gameplay_ui/src/config_loader.rs:22:13\n   |\n22 |             info!(\"Successfully loaded game configuration from {}\", config_path);\n   |             ^^^^\n   |\nhelp: consider importing one of these macros\n   |\n1  + use crate::prelude::info;\n   |\n1  + use gameplay_render::prelude::info;\n   |\n1  + use gameplay_sim::prelude::info;\n   |\n\n","$message_type":"diagnostic","children":[{"children":[],"code":null,"level":"help","message":"consider importing one of these macros","rendered":null,"spans":[{"byte_end":0,"byte_start":0,"column_end":1,"column_start":1,"expansion":null,"file_name":"gameplay_ui/src/config_loader.rs","is_primary":true,"label":null,"line_end":1,"line_start":1,"suggested_replacement":"use crate::prelude::info;\n","suggestion_applicability":"MaybeIncorrect","text":[{"highlight_end":1,"highlight_start":1,"text":"use bevy::prelude::*;"}]},{"byte_end":0,"byte_start":0,"column_end":1,"column_start":1,"expansion":null,"file_name":"gameplay_ui/src/config_loader.rs","is_primary":true,"label":null,"line_end":1,"line_start":1,"suggested_replacement":"use gameplay_render::prelude::info;\n","suggestion_applicability":"MaybeIncorrect","text":[{"highlight_end":1,"highlight_start":1,"text":"use bevy::prelude::*;"}]},{"byte_end":0,"byte_start":0,"column_end":1,"column_start":1,"expansion":null,"file_name":"gameplay_ui/src/config_loader.rs","is_primary":true,"label":null,"line_end":1,"line_start":1,"suggested_replacement":"use gameplay_sim::prelude::info;\n","suggestion_applicability":"MaybeIncorrect","text":[{"highlight_end":1,"highlight_start":1,"text":"use bevy::prelude::*;"}]}]}],"code":null,"level":"error","message":"cannot find macro `info` in this scope","spans":[{"byte_end":649,"byte_start":645,"column_end":17,"column_start":13,"expansion":null,"file_name":"gameplay_ui/src/config_loader.rs","is_primary":true,"label":null,"line_end":22,"line_start":22,"suggested_replacement":null,"suggestion_applicability":null,"text":[{"highlight_end":17,"highlight_start":13,"text":"            info!(\"Successfully loaded game configuration from {}\", config_path);"}]}]}}
{"reason":"compiler-message","package_id":"path+file:///Users/bradyjeong/Documents/Projects/Amp/gta4/gta_game/gameplay_ui#0.1.0","manifest_path":"/Users/bradyjeong/Documents/Projects/Amp/gta4/gta_game/gameplay_ui/Cargo.toml","target":{"kind":["lib"],"crate_types":["lib"],"name":"gameplay_ui","src_path":"/Users/bradyjeong/Documents/Projects/Amp/gta4/gta_game/gameplay_ui/src/lib.rs","edition":"2021","doc":true,"doctest":true,"test":true},"message":{"rendered":"error: cannot find macro `warn` in this scope\n  --> gameplay_ui/src/config_loader.rs:28:13\n   |\n28 |             warn!(\"Failed to load game config from {}: {}. Using defaults.\", config_path, e);\n   |             ^^^^\n   |\n   = note: `warn` is in scope, but it is an attribute: `#[warn]`\nhelp: consider importing one of these macros\n   |\n1  + use crate::prelude::warn;\n   |\n1  + use gameplay_render::prelude::warn;\n   |\n1  + use gameplay_sim::prelude::warn;\n   |\n\n","$message_type":"diagnostic","children":[{"children":[],"code":null,"level":"note","message":"`warn` is in scope, but it is an attribute: `#[warn]`","rendered":null,"spans":[]},{"children":[],"code":null,"level":"help","message":"consider importing one of these macros","rendered":null,"spans":[{"byte_end":0,"byte_start":0,"column_end":1,"column_start":1,"expansion":null,"file_name":"gameplay_ui/src/config_loader.rs","is_primary":true,"label":null,"line_end":1,"line_start":1,"suggested_replacement":"use crate::prelude::warn;\n","suggestion_applicability":"MaybeIncorrect","text":[{"highlight_end":1,"highlight_start":1,"text":"use bevy::prelude::*;"}]},{"byte_end":0,"byte_start":0,"column_end":1,"column_start":1,"expansion":null,"file_name":"gameplay_ui/src/config_loader.rs","is_primary":true,"label":null,"line_end":1,"line_start":1,"suggested_replacement":"use gameplay_render::prelude::warn;\n","suggestion_applicability":"MaybeIncorrect","text":[{"highlight_end":1,"highlight_start":1,"text":"use bevy::prelude::*;"}]},{"byte_end":0,"byte_start":0,"column_end":1,"column_start":1,"expansion":null,"file_name":"gameplay_ui/src/config_loader.rs","is_primary":true,"label":null,"line_end":1,"line_start":1,"suggested_replacement":"use gameplay_sim::prelude::warn;\n","suggestion_applicability":"MaybeIncorrect","text":[{"highlight_end":1,"highlight_start":1,"text":"use bevy::prelude::*;"}]}]}],"code":null,"level":"error","message":"cannot find macro `warn` in this scope","spans":[{"byte_end":872,"byte_start":868,"column_end":17,"column_start":13,"expansion":null,"file_name":"gameplay_ui/src/config_loader.rs","is_primary":true,"label":null,"line_end":28,"line_start":28,"suggested_replacement":null,"suggestion_applicability":null,"text":[{"highlight_end":17,"highlight_start":13,"text":"            warn!(\"Failed to load game config from {}: {}. Using defaults.\", config_path, e);"}]}]}}
{"reason":"compiler-message","package_id":"path+file:///Users/bradyjeong/Documents/Projects/Amp/gta4/gta_game/gameplay_ui#0.1.0","manifest_path":"/Users/bradyjeong/Documents/Projects/Amp/gta4/gta_game/gameplay_ui/Cargo.toml","target":{"kind":["lib"],"crate_types":["lib"],"name":"gameplay_ui","src_path":"/Users/bradyjeong/Documents/Projects/Amp/gta4/gta_game/gameplay_ui/src/lib.rs","edition":"2021","doc":true,"doctest":true,"test":true},"message":{"rendered":"error: cannot find macro `warn` in this scope\n   --> gameplay_ui/src/examples/control_manager_integration.rs:189:9\n    |\n189 |         warn!(\"Control validation failures: {}\", failures);\n    |         ^^^^\n    |\n    = note: `warn` is in scope, but it is an attribute: `#[warn]`\nhelp: consider importing one of these macros\n    |\n1   + use crate::prelude::warn;\n    |\n1   + use gameplay_render::prelude::warn;\n    |\n1   + use gameplay_sim::prelude::warn;\n    |\n\n","$message_type":"diagnostic","children":[{"children":[],"code":null,"level":"note","message":"`warn` is in scope, but it is an attribute: `#[warn]`","rendered":null,"spans":[]},{"children":[],"code":null,"level":"help","message":"consider importing one of these macros","rendered":null,"spans":[{"byte_end":0,"byte_start":0,"column_end":1,"column_start":1,"expansion":null,"file_name":"gameplay_ui/src/examples/control_manager_integration.rs","is_primary":true,"label":null,"line_end":1,"line_start":1,"suggested_replacement":"use crate::prelude::warn;\n","suggestion_applicability":"MaybeIncorrect","text":[{"highlight_end":1,"highlight_start":1,"text":"use bevy::prelude::*;"}]},{"byte_end":0,"byte_start":0,"column_end":1,"column_start":1,"expansion":null,"file_name":"gameplay_ui/src/examples/control_manager_integration.rs","is_primary":true,"label":null,"line_end":1,"line_start":1,"suggested_replacement":"use gameplay_render::prelude::warn;\n","suggestion_applicability":"MaybeIncorrect","text":[{"highlight_end":1,"highlight_start":1,"text":"use bevy::prelude::*;"}]},{"byte_end":0,"byte_start":0,"column_end":1,"column_start":1,"expansion":null,"file_name":"gameplay_ui/src/examples/control_manager_integration.rs","is_primary":true,"label":null,"line_end":1,"line_start":1,"suggested_replacement":"use gameplay_sim::prelude::warn;\n","suggestion_applicability":"MaybeIncorrect","text":[{"highlight_end":1,"highlight_start":1,"text":"use bevy::prelude::*;"}]}]}],"code":null,"level":"error","message":"cannot find macro `warn` in this scope","spans":[{"byte_end":7677,"byte_start":7673,"column_end":13,"column_start":9,"expansion":null,"file_name":"gameplay_ui/src/examples/control_manager_integration.rs","is_primary":true,"label":null,"line_end":189,"line_start":189,"suggested_replacement":null,"suggestion_applicability":null,"text":[{"highlight_end":13,"highlight_start":9,"text":"        warn!(\"Control validation failures: {}\", failures);"}]}]}}
{"reason":"compiler-message","package_id":"path+file:///Users/bradyjeong/Documents/Projects/Amp/gta4/gta_game/gameplay_ui#0.1.0","manifest_path":"/Users/bradyjeong/Documents/Projects/Amp/gta4/gta_game/gameplay_ui/Cargo.toml","target":{"kind":["lib"],"crate_types":["lib"],"name":"gameplay_ui","src_path":"/Users/bradyjeong/Documents/Projects/Amp/gta4/gta_game/gameplay_ui/src/lib.rs","edition":"2021","doc":true,"doctest":true,"test":true},"message":{"rendered":"error: cannot find macro `info` in this scope\n  --> gameplay_ui/src/config_loader.rs:51:17\n   |\n51 |                 info!(\"Hot-reloaded game configuration\");\n   |                 ^^^^\n   |\nhelp: consider importing one of these macros\n   |\n1  + use crate::prelude::info;\n   |\n1  + use gameplay_render::prelude::info;\n   |\n1  + use gameplay_sim::prelude::info;\n   |\n\n","$message_type":"diagnostic","children":[{"children":[],"code":null,"level":"help","message":"consider importing one of these macros","rendered":null,"spans":[{"byte_end":0,"byte_start":0,"column_end":1,"column_start":1,"expansion":null,"file_name":"gameplay_ui/src/config_loader.rs","is_primary":true,"label":null,"line_end":1,"line_start":1,"suggested_replacement":"use crate::prelude::info;\n","suggestion_applicability":"MaybeIncorrect","text":[{"highlight_end":1,"highlight_start":1,"text":"use bevy::prelude::*;"}]},{"byte_end":0,"byte_start":0,"column_end":1,"column_start":1,"expansion":null,"file_name":"gameplay_ui/src/config_loader.rs","is_primary":true,"label":null,"line_end":1,"line_start":1,"suggested_replacement":"use gameplay_render::prelude::info;\n","suggestion_applicability":"MaybeIncorrect","text":[{"highlight_end":1,"highlight_start":1,"text":"use bevy::prelude::*;"}]},{"byte_end":0,"byte_start":0,"column_end":1,"column_start":1,"expansion":null,"file_name":"gameplay_ui/src/config_loader.rs","is_primary":true,"label":null,"line_end":1,"line_start":1,"suggested_replacement":"use gameplay_sim::prelude::info;\n","suggestion_applicability":"MaybeIncorrect","text":[{"highlight_end":1,"highlight_start":1,"text":"use bevy::prelude::*;"}]}]}],"code":null,"level":"error","message":"cannot find macro `info` in this scope","spans":[{"byte_end":1641,"byte_start":1637,"column_end":21,"column_start":17,"expansion":null,"file_name":"gameplay_ui/src/config_loader.rs","is_primary":true,"label":null,"line_end":51,"line_start":51,"suggested_replacement":null,"suggestion_applicability":null,"text":[{"highlight_end":21,"highlight_start":17,"text":"                info!(\"Hot-reloaded game configuration\");"}]}]}}
{"reason":"compiler-message","package_id":"path+file:///Users/bradyjeong/Documents/Projects/Amp/gta4/gta_game/gameplay_ui#0.1.0","manifest_path":"/Users/bradyjeong/Documents/Projects/Amp/gta4/gta_game/gameplay_ui/Cargo.toml","target":{"kind":["lib"],"crate_types":["lib"],"name":"gameplay_ui","src_path":"/Users/bradyjeong/Documents/Projects/Amp/gta4/gta_game/gameplay_ui/src/lib.rs","edition":"2021","doc":true,"doctest":true,"test":true},"message":{"rendered":"error: cannot find macro `warn` in this scope\n   --> gameplay_ui/src/examples/control_manager_integration.rs:193:9\n    |\n193 |         warn!(\"Emergency brake system active!\");\n    |         ^^^^\n    |\n    = note: `warn` is in scope, but it is an attribute: `#[warn]`\nhelp: consider importing one of these macros\n    |\n1   + use crate::prelude::warn;\n    |\n1   + use gameplay_render::prelude::warn;\n    |\n1   + use gameplay_sim::prelude::warn;\n    |\n\n","$message_type":"diagnostic","children":[{"children":[],"code":null,"level":"note","message":"`warn` is in scope, but it is an attribute: `#[warn]`","rendered":null,"spans":[]},{"children":[],"code":null,"level":"help","message":"consider importing one of these macros","rendered":null,"spans":[{"byte_end":0,"byte_start":0,"column_end":1,"column_start":1,"expansion":null,"file_name":"gameplay_ui/src/examples/control_manager_integration.rs","is_primary":true,"label":null,"line_end":1,"line_start":1,"suggested_replacement":"use crate::prelude::warn;\n","suggestion_applicability":"MaybeIncorrect","text":[{"highlight_end":1,"highlight_start":1,"text":"use bevy::prelude::*;"}]},{"byte_end":0,"byte_start":0,"column_end":1,"column_start":1,"expansion":null,"file_name":"gameplay_ui/src/examples/control_manager_integration.rs","is_primary":true,"label":null,"line_end":1,"line_start":1,"suggested_replacement":"use gameplay_render::prelude::warn;\n","suggestion_applicability":"MaybeIncorrect","text":[{"highlight_end":1,"highlight_start":1,"text":"use bevy::prelude::*;"}]},{"byte_end":0,"byte_start":0,"column_end":1,"column_start":1,"expansion":null,"file_name":"gameplay_ui/src/examples/control_manager_integration.rs","is_primary":true,"label":null,"line_end":1,"line_start":1,"suggested_replacement":"use gameplay_sim::prelude::warn;\n","suggestion_applicability":"MaybeIncorrect","text":[{"highlight_end":1,"highlight_start":1,"text":"use bevy::prelude::*;"}]}]}],"code":null,"level":"error","message":"cannot find macro `warn` in this scope","spans":[{"byte_end":7795,"byte_start":7791,"column_end":13,"column_start":9,"expansion":null,"file_name":"gameplay_ui/src/examples/control_manager_integration.rs","is_primary":true,"label":null,"line_end":193,"line_start":193,"suggested_replacement":null,"suggestion_applicability":null,"text":[{"highlight_end":13,"highlight_start":9,"text":"        warn!(\"Emergency brake system active!\");"}]}]}}
{"reason":"compiler-message","package_id":"path+file:///Users/bradyjeong/Documents/Projects/Amp/gta4/gta_game/gameplay_ui#0.1.0","manifest_path":"/Users/bradyjeong/Documents/Projects/Amp/gta4/gta_game/gameplay_ui/Cargo.toml","target":{"kind":["lib"],"crate_types":["lib"],"name":"gameplay_ui","src_path":"/Users/bradyjeong/Documents/Projects/Amp/gta4/gta_game/gameplay_ui/src/lib.rs","edition":"2021","doc":true,"doctest":true,"test":true},"message":{"rendered":"error: cannot find macro `warn` in this scope\n  --> gameplay_ui/src/config_loader.rs:54:17\n   |\n54 |                 warn!(\"Failed to hot-reload config: {}\", e);\n   |                 ^^^^\n   |\n   = note: `warn` is in scope, but it is an attribute: `#[warn]`\nhelp: consider importing one of these macros\n   |\n1  + use crate::prelude::warn;\n   |\n1  + use gameplay_render::prelude::warn;\n   |\n1  + use gameplay_sim::prelude::warn;\n   |\n\n","$message_type":"diagnostic","children":[{"children":[],"code":null,"level":"note","message":"`warn` is in scope, but it is an attribute: `#[warn]`","rendered":null,"spans":[]},{"children":[],"code":null,"level":"help","message":"consider importing one of these macros","rendered":null,"spans":[{"byte_end":0,"byte_start":0,"column_end":1,"column_start":1,"expansion":null,"file_name":"gameplay_ui/src/config_loader.rs","is_primary":true,"label":null,"line_end":1,"line_start":1,"suggested_replacement":"use crate::prelude::warn;\n","suggestion_applicability":"MaybeIncorrect","text":[{"highlight_end":1,"highlight_start":1,"text":"use bevy::prelude::*;"}]},{"byte_end":0,"byte_start":0,"column_end":1,"column_start":1,"expansion":null,"file_name":"gameplay_ui/src/config_loader.rs","is_primary":true,"label":null,"line_end":1,"line_start":1,"suggested_replacement":"use gameplay_render::prelude::warn;\n","suggestion_applicability":"MaybeIncorrect","text":[{"highlight_end":1,"highlight_start":1,"text":"use bevy::prelude::*;"}]},{"byte_end":0,"byte_start":0,"column_end":1,"column_start":1,"expansion":null,"file_name":"gameplay_ui/src/config_loader.rs","is_primary":true,"label":null,"line_end":1,"line_start":1,"suggested_replacement":"use gameplay_sim::prelude::warn;\n","suggestion_applicability":"MaybeIncorrect","text":[{"highlight_end":1,"highlight_start":1,"text":"use bevy::prelude::*;"}]}]}],"code":null,"level":"error","message":"cannot find macro `warn` in this scope","spans":[{"byte_end":1737,"byte_start":1733,"column_end":21,"column_start":17,"expansion":null,"file_name":"gameplay_ui/src/config_loader.rs","is_primary":true,"label":null,"line_end":54,"line_start":54,"suggested_replacement":null,"suggestion_applicability":null,"text":[{"highlight_end":21,"highlight_start":17,"text":"                warn!(\"Failed to hot-reload config: {}\", e);"}]}]}}
{"reason":"compiler-message","package_id":"path+file:///Users/bradyjeong/Documents/Projects/Amp/gta4/gta_game/gameplay_ui#0.1.0","manifest_path":"/Users/bradyjeong/Documents/Projects/Amp/gta4/gta_game/gameplay_ui/Cargo.toml","target":{"kind":["lib"],"crate_types":["lib"],"name":"gameplay_ui","src_path":"/Users/bradyjeong/Documents/Projects/Amp/gta4/gta_game/gameplay_ui/src/lib.rs","edition":"2021","doc":true,"doctest":true,"test":true},"message":{"rendered":"error: cannot find macro `info` in this scope\n   --> gameplay_ui/src/examples/control_manager_integration.rs:197:9\n    |\n197 |         info!(\"Stability control intervening\");\n    |         ^^^^\n    |\nhelp: consider importing one of these macros\n    |\n1   + use crate::prelude::info;\n    |\n1   + use gameplay_render::prelude::info;\n    |\n1   + use gameplay_sim::prelude::info;\n    |\n\n","$message_type":"diagnostic","children":[{"children":[],"code":null,"level":"help","message":"consider importing one of these macros","rendered":null,"spans":[{"byte_end":0,"byte_start":0,"column_end":1,"column_start":1,"expansion":null,"file_name":"gameplay_ui/src/examples/control_manager_integration.rs","is_primary":true,"label":null,"line_end":1,"line_start":1,"suggested_replacement":"use crate::prelude::info;\n","suggestion_applicability":"MaybeIncorrect","text":[{"highlight_end":1,"highlight_start":1,"text":"use bevy::prelude::*;"}]},{"byte_end":0,"byte_start":0,"column_end":1,"column_start":1,"expansion":null,"file_name":"gameplay_ui/src/examples/control_manager_integration.rs","is_primary":true,"label":null,"line_end":1,"line_start":1,"suggested_replacement":"use gameplay_render::prelude::info;\n","suggestion_applicability":"MaybeIncorrect","text":[{"highlight_end":1,"highlight_start":1,"text":"use bevy::prelude::*;"}]},{"byte_end":0,"byte_start":0,"column_end":1,"column_start":1,"expansion":null,"file_name":"gameplay_ui/src/examples/control_manager_integration.rs","is_primary":true,"label":null,"line_end":1,"line_start":1,"suggested_replacement":"use gameplay_sim::prelude::info;\n","suggestion_applicability":"MaybeIncorrect","text":[{"highlight_end":1,"highlight_start":1,"text":"use bevy::prelude::*;"}]}]}],"code":null,"level":"error","message":"cannot find macro `info` in this scope","spans":[{"byte_end":7902,"byte_start":7898,"column_end":13,"column_start":9,"expansion":null,"file_name":"gameplay_ui/src/examples/control_manager_integration.rs","is_primary":true,"label":null,"line_end":197,"line_start":197,"suggested_replacement":null,"suggestion_applicability":null,"text":[{"highlight_end":13,"highlight_start":9,"text":"        info!(\"Stability control intervening\");"}]}]}}
{"reason":"compiler-message","package_id":"path+file:///Users/bradyjeong/Documents/Projects/Amp/gta4/gta_game/gameplay_ui#0.1.0","manifest_path":"/Users/bradyjeong/Documents/Projects/Amp/gta4/gta_game/gameplay_ui/Cargo.toml","target":{"kind":["lib"],"crate_types":["lib"],"name":"gameplay_ui","src_path":"/Users/bradyjeong/Documents/Projects/Amp/gta4/gta_game/gameplay_ui/src/lib.rs","edition":"2021","doc":true,"doctest":true,"test":true},"message":{"rendered":"error: cannot find macro `info` in this scope\n  --> gameplay_ui/src/simple_service_example.rs:69:5\n   |\n69 |     info!(\n   |     ^^^^\n   |\nhelp: consider importing one of these macros\n   |\n1  + use crate::prelude::info;\n   |\n1  + use gameplay_render::prelude::info;\n   |\n1  + use gameplay_sim::prelude::info;\n   |\n\n","$message_type":"diagnostic","children":[{"children":[],"code":null,"level":"help","message":"consider importing one of these macros","rendered":null,"spans":[{"byte_end":0,"byte_start":0,"column_end":1,"column_start":1,"expansion":null,"file_name":"gameplay_ui/src/simple_service_example.rs","is_primary":true,"label":null,"line_end":1,"line_start":1,"suggested_replacement":"use crate::prelude::info;\n","suggestion_applicability":"MaybeIncorrect","text":[{"highlight_end":1,"highlight_start":1,"text":"use bevy::prelude::*;"}]},{"byte_end":0,"byte_start":0,"column_end":1,"column_start":1,"expansion":null,"file_name":"gameplay_ui/src/simple_service_example.rs","is_primary":true,"label":null,"line_end":1,"line_start":1,"suggested_replacement":"use gameplay_render::prelude::info;\n","suggestion_applicability":"MaybeIncorrect","text":[{"highlight_end":1,"highlight_start":1,"text":"use bevy::prelude::*;"}]},{"byte_end":0,"byte_start":0,"column_end":1,"column_start":1,"expansion":null,"file_name":"gameplay_ui/src/simple_service_example.rs","is_primary":true,"label":null,"line_end":1,"line_start":1,"suggested_replacement":"use gameplay_sim::prelude::info;\n","suggestion_applicability":"MaybeIncorrect","text":[{"highlight_end":1,"highlight_start":1,"text":"use bevy::prelude::*;"}]}]}],"code":null,"level":"error","message":"cannot find macro `info` in this scope","spans":[{"byte_end":2533,"byte_start":2529,"column_end":9,"column_start":5,"expansion":null,"file_name":"gameplay_ui/src/simple_service_example.rs","is_primary":true,"label":null,"line_end":69,"line_start":69,"suggested_replacement":null,"suggestion_applicability":null,"text":[{"highlight_end":9,"highlight_start":5,"text":"    info!("}]}]}}
{"reason":"compiler-message","package_id":"path+file:///Users/bradyjeong/Documents/Projects/Amp/gta4/gta_game/gameplay_ui#0.1.0","manifest_path":"/Users/bradyjeong/Documents/Projects/Amp/gta4/gta_game/gameplay_ui/Cargo.toml","target":{"kind":["lib"],"crate_types":["lib"],"name":"gameplay_ui","src_path":"/Users/bradyjeong/Documents/Projects/Amp/gta4/gta_game/gameplay_ui/src/lib.rs","edition":"2021","doc":true,"doctest":true,"test":true},"message":{"rendered":"error: cannot find macro `info` in this scope\n  --> gameplay_ui/src/config_loader.rs:22:13\n   |\n22 |             info!(\"Successfully loaded game configuration from {}\", config_path);\n   |             ^^^^\n   |\nhelp: consider importing one of these macros\n   |\n1  + use crate::prelude::info;\n   |\n1  + use gameplay_render::prelude::info;\n   |\n1  + use gameplay_sim::prelude::info;\n   |\n\n","$message_type":"diagnostic","children":[{"children":[],"code":null,"level":"help","message":"consider importing one of these macros","rendered":null,"spans":[{"byte_end":0,"byte_start":0,"column_end":1,"column_start":1,"expansion":null,"file_name":"gameplay_ui/src/config_loader.rs","is_primary":true,"label":null,"line_end":1,"line_start":1,"suggested_replacement":"use crate::prelude::info;\n","suggestion_applicability":"MaybeIncorrect","text":[{"highlight_end":1,"highlight_start":1,"text":"use bevy::prelude::*;"}]},{"byte_end":0,"byte_start":0,"column_end":1,"column_start":1,"expansion":null,"file_name":"gameplay_ui/src/config_loader.rs","is_primary":true,"label":null,"line_end":1,"line_start":1,"suggested_replacement":"use gameplay_render::prelude::info;\n","suggestion_applicability":"MaybeIncorrect","text":[{"highlight_end":1,"highlight_start":1,"text":"use bevy::prelude::*;"}]},{"byte_end":0,"byte_start":0,"column_end":1,"column_start":1,"expansion":null,"file_name":"gameplay_ui/src/config_loader.rs","is_primary":true,"label":null,"line_end":1,"line_start":1,"suggested_replacement":"use gameplay_sim::prelude::info;\n","suggestion_applicability":"MaybeIncorrect","text":[{"highlight_end":1,"highlight_start":1,"text":"use bevy::prelude::*;"}]}]}],"code":null,"level":"error","message":"cannot find macro `info` in this scope","spans":[{"byte_end":649,"byte_start":645,"column_end":17,"column_start":13,"expansion":null,"file_name":"gameplay_ui/src/config_loader.rs","is_primary":true,"label":null,"line_end":22,"line_start":22,"suggested_replacement":null,"suggestion_applicability":null,"text":[{"highlight_end":17,"highlight_start":13,"text":"            info!(\"Successfully loaded game configuration from {}\", config_path);"}]}]}}
{"reason":"compiler-message","package_id":"path+file:///Users/bradyjeong/Documents/Projects/Amp/gta4/gta_game/gameplay_ui#0.1.0","manifest_path":"/Users/bradyjeong/Documents/Projects/Amp/gta4/gta_game/gameplay_ui/Cargo.toml","target":{"kind":["lib"],"crate_types":["lib"],"name":"gameplay_ui","src_path":"/Users/bradyjeong/Documents/Projects/Amp/gta4/gta_game/gameplay_ui/src/lib.rs","edition":"2021","doc":true,"doctest":true,"test":true},"message":{"rendered":"error: cannot find macro `info` in this scope\n  --> gameplay_ui/src/simple_service_example.rs:82:9\n   |\n82 |         info!(\"🔧 SERVICE EXAMPLE: Configuration validated and clamped\");\n   |         ^^^^\n   |\nhelp: consider importing one of these macros\n   |\n1  + use crate::prelude::info;\n   |\n1  + use gameplay_render::prelude::info;\n   |\n1  + use gameplay_sim::prelude::info;\n   |\n\n","$message_type":"diagnostic","children":[{"children":[],"code":null,"level":"help","message":"consider importing one of these macros","rendered":null,"spans":[{"byte_end":0,"byte_start":0,"column_end":1,"column_start":1,"expansion":null,"file_name":"gameplay_ui/src/simple_service_example.rs","is_primary":true,"label":null,"line_end":1,"line_start":1,"suggested_replacement":"use crate::prelude::info;\n","suggestion_applicability":"MaybeIncorrect","text":[{"highlight_end":1,"highlight_start":1,"text":"use bevy::prelude::*;"}]},{"byte_end":0,"byte_start":0,"column_end":1,"column_start":1,"expansion":null,"file_name":"gameplay_ui/src/simple_service_example.rs","is_primary":true,"label":null,"line_end":1,"line_start":1,"suggested_replacement":"use gameplay_render::prelude::info;\n","suggestion_applicability":"MaybeIncorrect","text":[{"highlight_end":1,"highlight_start":1,"text":"use bevy::prelude::*;"}]},{"byte_end":0,"byte_start":0,"column_end":1,"column_start":1,"expansion":null,"file_name":"gameplay_ui/src/simple_service_example.rs","is_primary":true,"label":null,"line_end":1,"line_start":1,"suggested_replacement":"use gameplay_sim::prelude::info;\n","suggestion_applicability":"MaybeIncorrect","text":[{"highlight_end":1,"highlight_start":1,"text":"use bevy::prelude::*;"}]}]}],"code":null,"level":"error","message":"cannot find macro `info` in this scope","spans":[{"byte_end":2997,"byte_start":2993,"column_end":13,"column_start":9,"expansion":null,"file_name":"gameplay_ui/src/simple_service_example.rs","is_primary":true,"label":null,"line_end":82,"line_start":82,"suggested_replacement":null,"suggestion_applicability":null,"text":[{"highlight_end":13,"highlight_start":9,"text":"        info!(\"🔧 SERVICE EXAMPLE: Configuration validated and clamped\");"}]}]}}
{"reason":"compiler-message","package_id":"path+file:///Users/bradyjeong/Documents/Projects/Amp/gta4/gta_game/gameplay_ui#0.1.0","manifest_path":"/Users/bradyjeong/Documents/Projects/Amp/gta4/gta_game/gameplay_ui/Cargo.toml","target":{"kind":["lib"],"crate_types":["lib"],"name":"gameplay_ui","src_path":"/Users/bradyjeong/Documents/Projects/Amp/gta4/gta_game/gameplay_ui/src/lib.rs","edition":"2021","doc":true,"doctest":true,"test":true},"message":{"rendered":"error: cannot find macro `warn` in this scope\n  --> gameplay_ui/src/config_loader.rs:28:13\n   |\n28 |             warn!(\"Failed to load game config from {}: {}. Using defaults.\", config_path, e);\n   |             ^^^^\n   |\n   = note: `warn` is in scope, but it is an attribute: `#[warn]`\nhelp: consider importing one of these macros\n   |\n1  + use crate::prelude::warn;\n   |\n1  + use gameplay_render::prelude::warn;\n   |\n1  + use gameplay_sim::prelude::warn;\n   |\n\n","$message_type":"diagnostic","children":[{"children":[],"code":null,"level":"note","message":"`warn` is in scope, but it is an attribute: `#[warn]`","rendered":null,"spans":[]},{"children":[],"code":null,"level":"help","message":"consider importing one of these macros","rendered":null,"spans":[{"byte_end":0,"byte_start":0,"column_end":1,"column_start":1,"expansion":null,"file_name":"gameplay_ui/src/config_loader.rs","is_primary":true,"label":null,"line_end":1,"line_start":1,"suggested_replacement":"use crate::prelude::warn;\n","suggestion_applicability":"MaybeIncorrect","text":[{"highlight_end":1,"highlight_start":1,"text":"use bevy::prelude::*;"}]},{"byte_end":0,"byte_start":0,"column_end":1,"column_start":1,"expansion":null,"file_name":"gameplay_ui/src/config_loader.rs","is_primary":true,"label":null,"line_end":1,"line_start":1,"suggested_replacement":"use gameplay_render::prelude::warn;\n","suggestion_applicability":"MaybeIncorrect","text":[{"highlight_end":1,"highlight_start":1,"text":"use bevy::prelude::*;"}]},{"byte_end":0,"byte_start":0,"column_end":1,"column_start":1,"expansion":null,"file_name":"gameplay_ui/src/config_loader.rs","is_primary":true,"label":null,"line_end":1,"line_start":1,"suggested_replacement":"use gameplay_sim::prelude::warn;\n","suggestion_applicability":"MaybeIncorrect","text":[{"highlight_end":1,"highlight_start":1,"text":"use bevy::prelude::*;"}]}]}],"code":null,"level":"error","message":"cannot find macro `warn` in this scope","spans":[{"byte_end":872,"byte_start":868,"column_end":17,"column_start":13,"expansion":null,"file_name":"gameplay_ui/src/config_loader.rs","is_primary":true,"label":null,"line_end":28,"line_start":28,"suggested_replacement":null,"suggestion_applicability":null,"text":[{"highlight_end":17,"highlight_start":13,"text":"            warn!(\"Failed to load game config from {}: {}. Using defaults.\", config_path, e);"}]}]}}
{"reason":"compiler-message","package_id":"path+file:///Users/bradyjeong/Documents/Projects/Amp/gta4/gta_game/gameplay_ui#0.1.0","manifest_path":"/Users/bradyjeong/Documents/Projects/Amp/gta4/gta_game/gameplay_ui/Cargo.toml","target":{"kind":["lib"],"crate_types":["lib"],"name":"gameplay_ui","src_path":"/Users/bradyjeong/Documents/Projects/Amp/gta4/gta_game/gameplay_ui/src/lib.rs","edition":"2021","doc":true,"doctest":true,"test":true},"message":{"rendered":"error: cannot find macro `info` in this scope\n  --> gameplay_ui/src/simple_service_example.rs:95:9\n   |\n95 |         info!(\n   |         ^^^^\n   |\nhelp: consider importing one of these macros\n   |\n1  + use crate::prelude::info;\n   |\n1  + use gameplay_render::prelude::info;\n   |\n1  + use gameplay_sim::prelude::info;\n   |\n\n","$message_type":"diagnostic","children":[{"children":[],"code":null,"level":"help","message":"consider importing one of these macros","rendered":null,"spans":[{"byte_end":0,"byte_start":0,"column_end":1,"column_start":1,"expansion":null,"file_name":"gameplay_ui/src/simple_service_example.rs","is_primary":true,"label":null,"line_end":1,"line_start":1,"suggested_replacement":"use crate::prelude::info;\n","suggestion_applicability":"MaybeIncorrect","text":[{"highlight_end":1,"highlight_start":1,"text":"use bevy::prelude::*;"}]},{"byte_end":0,"byte_start":0,"column_end":1,"column_start":1,"expansion":null,"file_name":"gameplay_ui/src/simple_service_example.rs","is_primary":true,"label":null,"line_end":1,"line_start":1,"suggested_replacement":"use gameplay_render::prelude::info;\n","suggestion_applicability":"MaybeIncorrect","text":[{"highlight_end":1,"highlight_start":1,"text":"use bevy::prelude::*;"}]},{"byte_end":0,"byte_start":0,"column_end":1,"column_start":1,"expansion":null,"file_name":"gameplay_ui/src/simple_service_example.rs","is_primary":true,"label":null,"line_end":1,"line_start":1,"suggested_replacement":"use gameplay_sim::prelude::info;\n","suggestion_applicability":"MaybeIncorrect","text":[{"highlight_end":1,"highlight_start":1,"text":"use bevy::prelude::*;"}]}]}],"code":null,"level":"error","message":"cannot find macro `info` in this scope","spans":[{"byte_end":3441,"byte_start":3437,"column_end":13,"column_start":9,"expansion":null,"file_name":"gameplay_ui/src/simple_service_example.rs","is_primary":true,"label":null,"line_end":95,"line_start":95,"suggested_replacement":null,"suggestion_applicability":null,"text":[{"highlight_end":13,"highlight_start":9,"text":"        info!("}]}]}}
{"reason":"compiler-message","package_id":"path+file:///Users/bradyjeong/Documents/Projects/Amp/gta4/gta_game/gameplay_ui#0.1.0","manifest_path":"/Users/bradyjeong/Documents/Projects/Amp/gta4/gta_game/gameplay_ui/Cargo.toml","target":{"kind":["lib"],"crate_types":["lib"],"name":"gameplay_ui","src_path":"/Users/bradyjeong/Documents/Projects/Amp/gta4/gta_game/gameplay_ui/src/lib.rs","edition":"2021","doc":true,"doctest":true,"test":true},"message":{"rendered":"error: cannot find macro `info` in this scope\n  --> gameplay_ui/src/config_loader.rs:51:17\n   |\n51 |                 info!(\"Hot-reloaded game configuration\");\n   |                 ^^^^\n   |\nhelp: consider importing one of these macros\n   |\n1  + use crate::prelude::info;\n   |\n1  + use gameplay_render::prelude::info;\n   |\n1  + use gameplay_sim::prelude::info;\n   |\n\n","$message_type":"diagnostic","children":[{"children":[],"code":null,"level":"help","message":"consider importing one of these macros","rendered":null,"spans":[{"byte_end":0,"byte_start":0,"column_end":1,"column_start":1,"expansion":null,"file_name":"gameplay_ui/src/config_loader.rs","is_primary":true,"label":null,"line_end":1,"line_start":1,"suggested_replacement":"use crate::prelude::info;\n","suggestion_applicability":"MaybeIncorrect","text":[{"highlight_end":1,"highlight_start":1,"text":"use bevy::prelude::*;"}]},{"byte_end":0,"byte_start":0,"column_end":1,"column_start":1,"expansion":null,"file_name":"gameplay_ui/src/config_loader.rs","is_primary":true,"label":null,"line_end":1,"line_start":1,"suggested_replacement":"use gameplay_render::prelude::info;\n","suggestion_applicability":"MaybeIncorrect","text":[{"highlight_end":1,"highlight_start":1,"text":"use bevy::prelude::*;"}]},{"byte_end":0,"byte_start":0,"column_end":1,"column_start":1,"expansion":null,"file_name":"gameplay_ui/src/config_loader.rs","is_primary":true,"label":null,"line_end":1,"line_start":1,"suggested_replacement":"use gameplay_sim::prelude::info;\n","suggestion_applicability":"MaybeIncorrect","text":[{"highlight_end":1,"highlight_start":1,"text":"use bevy::prelude::*;"}]}]}],"code":null,"level":"error","message":"cannot find macro `info` in this scope","spans":[{"byte_end":1641,"byte_start":1637,"column_end":21,"column_start":17,"expansion":null,"file_name":"gameplay_ui/src/config_loader.rs","is_primary":true,"label":null,"line_end":51,"line_start":51,"suggested_replacement":null,"suggestion_applicability":null,"text":[{"highlight_end":21,"highlight_start":17,"text":"                info!(\"Hot-reloaded game configuration\");"}]}]}}
{"reason":"compiler-message","package_id":"path+file:///Users/bradyjeong/Documents/Projects/Amp/gta4/gta_game/gameplay_ui#0.1.0","manifest_path":"/Users/bradyjeong/Documents/Projects/Amp/gta4/gta_game/gameplay_ui/Cargo.toml","target":{"kind":["lib"],"crate_types":["lib"],"name":"gameplay_ui","src_path":"/Users/bradyjeong/Documents/Projects/Amp/gta4/gta_game/gameplay_ui/src/lib.rs","edition":"2021","doc":true,"doctest":true,"test":true},"message":{"rendered":"error: cannot find macro `warn` in this scope\n  --> gameplay_ui/src/config_loader.rs:54:17\n   |\n54 |                 warn!(\"Failed to hot-reload config: {}\", e);\n   |                 ^^^^\n   |\n   = note: `warn` is in scope, but it is an attribute: `#[warn]`\nhelp: consider importing one of these macros\n   |\n1  + use crate::prelude::warn;\n   |\n1  + use gameplay_render::prelude::warn;\n   |\n1  + use gameplay_sim::prelude::warn;\n   |\n\n","$message_type":"diagnostic","children":[{"children":[],"code":null,"level":"note","message":"`warn` is in scope, but it is an attribute: `#[warn]`","rendered":null,"spans":[]},{"children":[],"code":null,"level":"help","message":"consider importing one of these macros","rendered":null,"spans":[{"byte_end":0,"byte_start":0,"column_end":1,"column_start":1,"expansion":null,"file_name":"gameplay_ui/src/config_loader.rs","is_primary":true,"label":null,"line_end":1,"line_start":1,"suggested_replacement":"use crate::prelude::warn;\n","suggestion_applicability":"MaybeIncorrect","text":[{"highlight_end":1,"highlight_start":1,"text":"use bevy::prelude::*;"}]},{"byte_end":0,"byte_start":0,"column_end":1,"column_start":1,"expansion":null,"file_name":"gameplay_ui/src/config_loader.rs","is_primary":true,"label":null,"line_end":1,"line_start":1,"suggested_replacement":"use gameplay_render::prelude::warn;\n","suggestion_applicability":"MaybeIncorrect","text":[{"highlight_end":1,"highlight_start":1,"text":"use bevy::prelude::*;"}]},{"byte_end":0,"byte_start":0,"column_end":1,"column_start":1,"expansion":null,"file_name":"gameplay_ui/src/config_loader.rs","is_primary":true,"label":null,"line_end":1,"line_start":1,"suggested_replacement":"use gameplay_sim::prelude::warn;\n","suggestion_applicability":"MaybeIncorrect","text":[{"highlight_end":1,"highlight_start":1,"text":"use bevy::prelude::*;"}]}]}],"code":null,"level":"error","message":"cannot find macro `warn` in this scope","spans":[{"byte_end":1737,"byte_start":1733,"column_end":21,"column_start":17,"expansion":null,"file_name":"gameplay_ui/src/config_loader.rs","is_primary":true,"label":null,"line_end":54,"line_start":54,"suggested_replacement":null,"suggestion_applicability":null,"text":[{"highlight_end":21,"highlight_start":17,"text":"                warn!(\"Failed to hot-reload config: {}\", e);"}]}]}}
{"reason":"compiler-message","package_id":"path+file:///Users/bradyjeong/Documents/Projects/Amp/gta4/gta_game/gameplay_ui#0.1.0","manifest_path":"/Users/bradyjeong/Documents/Projects/Amp/gta4/gta_game/gameplay_ui/Cargo.toml","target":{"kind":["lib"],"crate_types":["lib"],"name":"gameplay_ui","src_path":"/Users/bradyjeong/Documents/Projects/Amp/gta4/gta_game/gameplay_ui/src/lib.rs","edition":"2021","doc":true,"doctest":true,"test":true},"message":{"rendered":"error: cannot find macro `info` in this scope\n  --> gameplay_ui/src/simple_service_example.rs:69:5\n   |\n69 |     info!(\n   |     ^^^^\n   |\nhelp: consider importing one of these macros\n   |\n1  + use crate::prelude::info;\n   |\n1  + use gameplay_render::prelude::info;\n   |\n1  + use gameplay_sim::prelude::info;\n   |\n\n","$message_type":"diagnostic","children":[{"children":[],"code":null,"level":"help","message":"consider importing one of these macros","rendered":null,"spans":[{"byte_end":0,"byte_start":0,"column_end":1,"column_start":1,"expansion":null,"file_name":"gameplay_ui/src/simple_service_example.rs","is_primary":true,"label":null,"line_end":1,"line_start":1,"suggested_replacement":"use crate::prelude::info;\n","suggestion_applicability":"MaybeIncorrect","text":[{"highlight_end":1,"highlight_start":1,"text":"use bevy::prelude::*;"}]},{"byte_end":0,"byte_start":0,"column_end":1,"column_start":1,"expansion":null,"file_name":"gameplay_ui/src/simple_service_example.rs","is_primary":true,"label":null,"line_end":1,"line_start":1,"suggested_replacement":"use gameplay_render::prelude::info;\n","suggestion_applicability":"MaybeIncorrect","text":[{"highlight_end":1,"highlight_start":1,"text":"use bevy::prelude::*;"}]},{"byte_end":0,"byte_start":0,"column_end":1,"column_start":1,"expansion":null,"file_name":"gameplay_ui/src/simple_service_example.rs","is_primary":true,"label":null,"line_end":1,"line_start":1,"suggested_replacement":"use gameplay_sim::prelude::info;\n","suggestion_applicability":"MaybeIncorrect","text":[{"highlight_end":1,"highlight_start":1,"text":"use bevy::prelude::*;"}]}]}],"code":null,"level":"error","message":"cannot find macro `info` in this scope","spans":[{"byte_end":2533,"byte_start":2529,"column_end":9,"column_start":5,"expansion":null,"file_name":"gameplay_ui/src/simple_service_example.rs","is_primary":true,"label":null,"line_end":69,"line_start":69,"suggested_replacement":null,"suggestion_applicability":null,"text":[{"highlight_end":9,"highlight_start":5,"text":"    info!("}]}]}}
{"reason":"compiler-message","package_id":"path+file:///Users/bradyjeong/Documents/Projects/Amp/gta4/gta_game/gameplay_ui#0.1.0","manifest_path":"/Users/bradyjeong/Documents/Projects/Amp/gta4/gta_game/gameplay_ui/Cargo.toml","target":{"kind":["lib"],"crate_types":["lib"],"name":"gameplay_ui","src_path":"/Users/bradyjeong/Documents/Projects/Amp/gta4/gta_game/gameplay_ui/src/lib.rs","edition":"2021","doc":true,"doctest":true,"test":true},"message":{"rendered":"error: cannot find macro `info` in this scope\n  --> gameplay_ui/src/simple_service_example.rs:82:9\n   |\n82 |         info!(\"🔧 SERVICE EXAMPLE: Configuration validated and clamped\");\n   |         ^^^^\n   |\nhelp: consider importing one of these macros\n   |\n1  + use crate::prelude::info;\n   |\n1  + use gameplay_render::prelude::info;\n   |\n1  + use gameplay_sim::prelude::info;\n   |\n\n","$message_type":"diagnostic","children":[{"children":[],"code":null,"level":"help","message":"consider importing one of these macros","rendered":null,"spans":[{"byte_end":0,"byte_start":0,"column_end":1,"column_start":1,"expansion":null,"file_name":"gameplay_ui/src/simple_service_example.rs","is_primary":true,"label":null,"line_end":1,"line_start":1,"suggested_replacement":"use crate::prelude::info;\n","suggestion_applicability":"MaybeIncorrect","text":[{"highlight_end":1,"highlight_start":1,"text":"use bevy::prelude::*;"}]},{"byte_end":0,"byte_start":0,"column_end":1,"column_start":1,"expansion":null,"file_name":"gameplay_ui/src/simple_service_example.rs","is_primary":true,"label":null,"line_end":1,"line_start":1,"suggested_replacement":"use gameplay_render::prelude::info;\n","suggestion_applicability":"MaybeIncorrect","text":[{"highlight_end":1,"highlight_start":1,"text":"use bevy::prelude::*;"}]},{"byte_end":0,"byte_start":0,"column_end":1,"column_start":1,"expansion":null,"file_name":"gameplay_ui/src/simple_service_example.rs","is_primary":true,"label":null,"line_end":1,"line_start":1,"suggested_replacement":"use gameplay_sim::prelude::info;\n","suggestion_applicability":"MaybeIncorrect","text":[{"highlight_end":1,"highlight_start":1,"text":"use bevy::prelude::*;"}]}]}],"code":null,"level":"error","message":"cannot find macro `info` in this scope","spans":[{"byte_end":2997,"byte_start":2993,"column_end":13,"column_start":9,"expansion":null,"file_name":"gameplay_ui/src/simple_service_example.rs","is_primary":true,"label":null,"line_end":82,"line_start":82,"suggested_replacement":null,"suggestion_applicability":null,"text":[{"highlight_end":13,"highlight_start":9,"text":"        info!(\"🔧 SERVICE EXAMPLE: Configuration validated and clamped\");"}]}]}}
{"reason":"compiler-message","package_id":"path+file:///Users/bradyjeong/Documents/Projects/Amp/gta4/gta_game/gameplay_ui#0.1.0","manifest_path":"/Users/bradyjeong/Documents/Projects/Amp/gta4/gta_game/gameplay_ui/Cargo.toml","target":{"kind":["lib"],"crate_types":["lib"],"name":"gameplay_ui","src_path":"/Users/bradyjeong/Documents/Projects/Amp/gta4/gta_game/gameplay_ui/src/lib.rs","edition":"2021","doc":true,"doctest":true,"test":true},"message":{"rendered":"error: cannot find macro `info` in this scope\n  --> gameplay_ui/src/simple_service_example.rs:95:9\n   |\n95 |         info!(\n   |         ^^^^\n   |\nhelp: consider importing one of these macros\n   |\n1  + use crate::prelude::info;\n   |\n1  + use gameplay_render::prelude::info;\n   |\n1  + use gameplay_sim::prelude::info;\n   |\n\n","$message_type":"diagnostic","children":[{"children":[],"code":null,"level":"help","message":"consider importing one of these macros","rendered":null,"spans":[{"byte_end":0,"byte_start":0,"column_end":1,"column_start":1,"expansion":null,"file_name":"gameplay_ui/src/simple_service_example.rs","is_primary":true,"label":null,"line_end":1,"line_start":1,"suggested_replacement":"use crate::prelude::info;\n","suggestion_applicability":"MaybeIncorrect","text":[{"highlight_end":1,"highlight_start":1,"text":"use bevy::prelude::*;"}]},{"byte_end":0,"byte_start":0,"column_end":1,"column_start":1,"expansion":null,"file_name":"gameplay_ui/src/simple_service_example.rs","is_primary":true,"label":null,"line_end":1,"line_start":1,"suggested_replacement":"use gameplay_render::prelude::info;\n","suggestion_applicability":"MaybeIncorrect","text":[{"highlight_end":1,"highlight_start":1,"text":"use bevy::prelude::*;"}]},{"byte_end":0,"byte_start":0,"column_end":1,"column_start":1,"expansion":null,"file_name":"gameplay_ui/src/simple_service_example.rs","is_primary":true,"label":null,"line_end":1,"line_start":1,"suggested_replacement":"use gameplay_sim::prelude::info;\n","suggestion_applicability":"MaybeIncorrect","text":[{"highlight_end":1,"highlight_start":1,"text":"use bevy::prelude::*;"}]}]}],"code":null,"level":"error","message":"cannot find macro `info` in this scope","spans":[{"byte_end":3441,"byte_start":3437,"column_end":13,"column_start":9,"expansion":null,"file_name":"gameplay_ui/src/simple_service_example.rs","is_primary":true,"label":null,"line_end":95,"line_start":95,"suggested_replacement":null,"suggestion_applicability":null,"text":[{"highlight_end":13,"highlight_start":9,"text":"        info!("}]}]}}
{"reason":"compiler-message","package_id":"path+file:///Users/bradyjeong/Documents/Projects/Amp/gta4/gta_game/gameplay_ui#0.1.0","manifest_path":"/Users/bradyjeong/Documents/Projects/Amp/gta4/gta_game/gameplay_ui/Cargo.toml","target":{"kind":["lib"],"crate_types":["lib"],"name":"gameplay_ui","src_path":"/Users/bradyjeong/Documents/Projects/Amp/gta4/gta_game/gameplay_ui/src/lib.rs","edition":"2021","doc":true,"doctest":true,"test":true},"message":{"rendered":"error[E0603]: module `input` is private\n  --> gameplay_ui/src/ui/controls_ui.rs:14:19\n   |\n14 | use gameplay_sim::input::input_config::{InputConfig, InputAction};\n   |                   ^^^^^  ------------ module `input_config` is not publicly re-exported\n   |                   |\n   |                   private module\n   |\nnote: the module `input` is defined here\n  --> /Users/bradyjeong/Documents/Projects/Amp/gta4/gta_game/gameplay_sim/src/lib.rs:22:1\n   |\n22 | pub(crate) mod input;\n   | ^^^^^^^^^^^^^^^^^^^^\n\n","$message_type":"diagnostic","children":[{"children":[],"code":null,"level":"note","message":"the module `input` is defined here","rendered":null,"spans":[{"byte_end":566,"byte_start":546,"column_end":21,"column_start":1,"expansion":null,"file_name":"/Users/bradyjeong/Documents/Projects/Amp/gta4/gta_game/gameplay_sim/src/lib.rs","is_primary":true,"label":null,"line_end":22,"line_start":22,"suggested_replacement":null,"suggestion_applicability":null,"text":[{"highlight_end":21,"highlight_start":1,"text":"pub(crate) mod input;"}]}]}],"code":{"code":"E0603","explanation":"A private item was used outside its scope.\n\nErroneous code example:\n\n```compile_fail,E0603\nmod foo {\n    const PRIVATE: u32 = 0x_a_bad_1dea_u32; // This const is private, so we\n                                            // can't use it outside of the\n                                            // `foo` module.\n}\n\nprintln!(\"const value: {}\", foo::PRIVATE); // error: constant `PRIVATE`\n                                                  //        is private\n```\n\nIn order to fix this error, you need to make the item public by using the `pub`\nkeyword. Example:\n\n```\nmod foo {\n    pub const PRIVATE: u32 = 0x_a_bad_1dea_u32; // We set it public by using the\n                                                // `pub` keyword.\n}\n\nprintln!(\"const value: {}\", foo::PRIVATE); // ok!\n```\n"},"level":"error","message":"module `input` is private","spans":[{"byte_end":615,"byte_start":610,"column_end":24,"column_start":19,"expansion":null,"file_name":"gameplay_ui/src/ui/controls_ui.rs","is_primary":true,"label":"private module","line_end":14,"line_start":14,"suggested_replacement":null,"suggestion_applicability":null,"text":[{"highlight_end":24,"highlight_start":19,"text":"use gameplay_sim::input::input_config::{InputConfig, InputAction};"}]},{"byte_end":629,"byte_start":617,"column_end":38,"column_start":26,"expansion":null,"file_name":"gameplay_ui/src/ui/controls_ui.rs","is_primary":false,"label":"module `input_config` is not publicly re-exported","line_end":14,"line_start":14,"suggested_replacement":null,"suggestion_applicability":null,"text":[{"highlight_end":38,"highlight_start":26,"text":"use gameplay_sim::input::input_config::{InputConfig, InputAction};"}]}]}}
{"reason":"compiler-message","package_id":"path+file:///Users/bradyjeong/Documents/Projects/Amp/gta4/gta_game/gameplay_ui#0.1.0","manifest_path":"/Users/bradyjeong/Documents/Projects/Amp/gta4/gta_game/gameplay_ui/Cargo.toml","target":{"kind":["lib"],"crate_types":["lib"],"name":"gameplay_ui","src_path":"/Users/bradyjeong/Documents/Projects/Amp/gta4/gta_game/gameplay_ui/src/lib.rs","edition":"2021","doc":true,"doctest":true,"test":true},"message":{"rendered":"error[E0603]: module `input` is private\n  --> gameplay_ui/src/ui/controls_ui.rs:14:19\n   |\n14 | use gameplay_sim::input::input_config::{InputConfig, InputAction};\n   |                   ^^^^^ private module               ----------- enum `InputAction` is not publicly re-exported\n   |\nnote: the module `input` is defined here\n  --> /Users/bradyjeong/Documents/Projects/Amp/gta4/gta_game/gameplay_sim/src/lib.rs:22:1\n   |\n22 | pub(crate) mod input;\n   | ^^^^^^^^^^^^^^^^^^^^\n\n","$message_type":"diagnostic","children":[{"children":[],"code":null,"level":"note","message":"the module `input` is defined here","rendered":null,"spans":[{"byte_end":566,"byte_start":546,"column_end":21,"column_start":1,"expansion":null,"file_name":"/Users/bradyjeong/Documents/Projects/Amp/gta4/gta_game/gameplay_sim/src/lib.rs","is_primary":true,"label":null,"line_end":22,"line_start":22,"suggested_replacement":null,"suggestion_applicability":null,"text":[{"highlight_end":21,"highlight_start":1,"text":"pub(crate) mod input;"}]}]}],"code":{"code":"E0603","explanation":"A private item was used outside its scope.\n\nErroneous code example:\n\n```compile_fail,E0603\nmod foo {\n    const PRIVATE: u32 = 0x_a_bad_1dea_u32; // This const is private, so we\n                                            // can't use it outside of the\n                                            // `foo` module.\n}\n\nprintln!(\"const value: {}\", foo::PRIVATE); // error: constant `PRIVATE`\n                                                  //        is private\n```\n\nIn order to fix this error, you need to make the item public by using the `pub`\nkeyword. Example:\n\n```\nmod foo {\n    pub const PRIVATE: u32 = 0x_a_bad_1dea_u32; // We set it public by using the\n                                                // `pub` keyword.\n}\n\nprintln!(\"const value: {}\", foo::PRIVATE); // ok!\n```\n"},"level":"error","message":"module `input` is private","spans":[{"byte_end":615,"byte_start":610,"column_end":24,"column_start":19,"expansion":null,"file_name":"gameplay_ui/src/ui/controls_ui.rs","is_primary":true,"label":"private module","line_end":14,"line_start":14,"suggested_replacement":null,"suggestion_applicability":null,"text":[{"highlight_end":24,"highlight_start":19,"text":"use gameplay_sim::input::input_config::{InputConfig, InputAction};"}]},{"byte_end":656,"byte_start":645,"column_end":65,"column_start":54,"expansion":null,"file_name":"gameplay_ui/src/ui/controls_ui.rs","is_primary":false,"label":"enum `InputAction` is not publicly re-exported","line_end":14,"line_start":14,"suggested_replacement":null,"suggestion_applicability":null,"text":[{"highlight_end":65,"highlight_start":54,"text":"use gameplay_sim::input::input_config::{InputConfig, InputAction};"}]}]}}
{"reason":"compiler-message","package_id":"path+file:///Users/bradyjeong/Documents/Projects/Amp/gta4/gta_game/gameplay_ui#0.1.0","manifest_path":"/Users/bradyjeong/Documents/Projects/Amp/gta4/gta_game/gameplay_ui/Cargo.toml","target":{"kind":["lib"],"crate_types":["lib"],"name":"gameplay_ui","src_path":"/Users/bradyjeong/Documents/Projects/Amp/gta4/gta_game/gameplay_ui/src/lib.rs","edition":"2021","doc":true,"doctest":true,"test":true},"message":{"rendered":"error[E0603]: module `input` is private\n  --> gameplay_ui/src/debug/debug.rs:3:19\n   |\n3  | use gameplay_sim::input::{InputManager, InputConfig, InputAction};\n   |                   ^^^^^ private module\n   |\nnote: the module `input` is defined here\n  --> /Users/bradyjeong/Documents/Projects/Amp/gta4/gta_game/gameplay_sim/src/lib.rs:22:1\n   |\n22 | pub(crate) mod input;\n   | ^^^^^^^^^^^^^^^^^^^^\n\n","$message_type":"diagnostic","children":[{"children":[],"code":null,"level":"note","message":"the module `input` is defined here","rendered":null,"spans":[{"byte_end":566,"byte_start":546,"column_end":21,"column_start":1,"expansion":null,"file_name":"/Users/bradyjeong/Documents/Projects/Amp/gta4/gta_game/gameplay_sim/src/lib.rs","is_primary":true,"label":null,"line_end":22,"line_start":22,"suggested_replacement":null,"suggestion_applicability":null,"text":[{"highlight_end":21,"highlight_start":1,"text":"pub(crate) mod input;"}]}]}],"code":{"code":"E0603","explanation":"A private item was used outside its scope.\n\nErroneous code example:\n\n```compile_fail,E0603\nmod foo {\n    const PRIVATE: u32 = 0x_a_bad_1dea_u32; // This const is private, so we\n                                            // can't use it outside of the\n                                            // `foo` module.\n}\n\nprintln!(\"const value: {}\", foo::PRIVATE); // error: constant `PRIVATE`\n                                                  //        is private\n```\n\nIn order to fix this error, you need to make the item public by using the `pub`\nkeyword. Example:\n\n```\nmod foo {\n    pub const PRIVATE: u32 = 0x_a_bad_1dea_u32; // We set it public by using the\n                                                // `pub` keyword.\n}\n\nprintln!(\"const value: {}\", foo::PRIVATE); // ok!\n```\n"},"level":"error","message":"module `input` is private","spans":[{"byte_end":72,"byte_start":67,"column_end":24,"column_start":19,"expansion":null,"file_name":"gameplay_ui/src/debug/debug.rs","is_primary":true,"label":"private module","line_end":3,"line_start":3,"suggested_replacement":null,"suggestion_applicability":null,"text":[{"highlight_end":24,"highlight_start":19,"text":"use gameplay_sim::input::{InputManager, InputConfig, InputAction};"}]}]}}
{"reason":"compiler-message","package_id":"path+file:///Users/bradyjeong/Documents/Projects/Amp/gta4/gta_game/gameplay_ui#0.1.0","manifest_path":"/Users/bradyjeong/Documents/Projects/Amp/gta4/gta_game/gameplay_ui/Cargo.toml","target":{"kind":["lib"],"crate_types":["lib"],"name":"gameplay_ui","src_path":"/Users/bradyjeong/Documents/Projects/Amp/gta4/gta_game/gameplay_ui/src/lib.rs","edition":"2021","doc":true,"doctest":true,"test":true},"message":{"rendered":"error[E0603]: module `input` is private\n  --> gameplay_ui/src/debug/debug.rs:3:19\n   |\n3  | use gameplay_sim::input::{InputManager, InputConfig, InputAction};\n   |                   ^^^^^ private module               ----------- enum `InputAction` is not publicly re-exported\n   |\nnote: the module `input` is defined here\n  --> /Users/bradyjeong/Documents/Projects/Amp/gta4/gta_game/gameplay_sim/src/lib.rs:22:1\n   |\n22 | pub(crate) mod input;\n   | ^^^^^^^^^^^^^^^^^^^^\n\n","$message_type":"diagnostic","children":[{"children":[],"code":null,"level":"note","message":"the module `input` is defined here","rendered":null,"spans":[{"byte_end":566,"byte_start":546,"column_end":21,"column_start":1,"expansion":null,"file_name":"/Users/bradyjeong/Documents/Projects/Amp/gta4/gta_game/gameplay_sim/src/lib.rs","is_primary":true,"label":null,"line_end":22,"line_start":22,"suggested_replacement":null,"suggestion_applicability":null,"text":[{"highlight_end":21,"highlight_start":1,"text":"pub(crate) mod input;"}]}]}],"code":{"code":"E0603","explanation":"A private item was used outside its scope.\n\nErroneous code example:\n\n```compile_fail,E0603\nmod foo {\n    const PRIVATE: u32 = 0x_a_bad_1dea_u32; // This const is private, so we\n                                            // can't use it outside of the\n                                            // `foo` module.\n}\n\nprintln!(\"const value: {}\", foo::PRIVATE); // error: constant `PRIVATE`\n                                                  //        is private\n```\n\nIn order to fix this error, you need to make the item public by using the `pub`\nkeyword. Example:\n\n```\nmod foo {\n    pub const PRIVATE: u32 = 0x_a_bad_1dea_u32; // We set it public by using the\n                                                // `pub` keyword.\n}\n\nprintln!(\"const value: {}\", foo::PRIVATE); // ok!\n```\n"},"level":"error","message":"module `input` is private","spans":[{"byte_end":72,"byte_start":67,"column_end":24,"column_start":19,"expansion":null,"file_name":"gameplay_ui/src/debug/debug.rs","is_primary":true,"label":"private module","line_end":3,"line_start":3,"suggested_replacement":null,"suggestion_applicability":null,"text":[{"highlight_end":24,"highlight_start":19,"text":"use gameplay_sim::input::{InputManager, InputConfig, InputAction};"}]},{"byte_end":113,"byte_start":102,"column_end":65,"column_start":54,"expansion":null,"file_name":"gameplay_ui/src/debug/debug.rs","is_primary":false,"label":"enum `InputAction` is not publicly re-exported","line_end":3,"line_start":3,"suggested_replacement":null,"suggestion_applicability":null,"text":[{"highlight_end":65,"highlight_start":54,"text":"use gameplay_sim::input::{InputManager, InputConfig, InputAction};"}]}]}}
{"reason":"compiler-message","package_id":"path+file:///Users/bradyjeong/Documents/Projects/Amp/gta4/gta_game/gameplay_ui#0.1.0","manifest_path":"/Users/bradyjeong/Documents/Projects/Amp/gta4/gta_game/gameplay_ui/Cargo.toml","target":{"kind":["lib"],"crate_types":["lib"],"name":"gameplay_ui","src_path":"/Users/bradyjeong/Documents/Projects/Amp/gta4/gta_game/gameplay_ui/src/lib.rs","edition":"2021","doc":true,"doctest":true,"test":true},"message":{"rendered":"error[E0603]: module `input` is private\n  --> gameplay_ui/src/ui/controls_ui.rs:14:19\n   |\n14 | use gameplay_sim::input::input_config::{InputConfig, InputAction};\n   |                   ^^^^^  ------------ module `input_config` is not publicly re-exported\n   |                   |\n   |                   private module\n   |\nnote: the module `input` is defined here\n  --> /Users/bradyjeong/Documents/Projects/Amp/gta4/gta_game/gameplay_sim/src/lib.rs:22:1\n   |\n22 | pub(crate) mod input;\n   | ^^^^^^^^^^^^^^^^^^^^\n\n","$message_type":"diagnostic","children":[{"children":[],"code":null,"level":"note","message":"the module `input` is defined here","rendered":null,"spans":[{"byte_end":566,"byte_start":546,"column_end":21,"column_start":1,"expansion":null,"file_name":"/Users/bradyjeong/Documents/Projects/Amp/gta4/gta_game/gameplay_sim/src/lib.rs","is_primary":true,"label":null,"line_end":22,"line_start":22,"suggested_replacement":null,"suggestion_applicability":null,"text":[{"highlight_end":21,"highlight_start":1,"text":"pub(crate) mod input;"}]}]}],"code":{"code":"E0603","explanation":"A private item was used outside its scope.\n\nErroneous code example:\n\n```compile_fail,E0603\nmod foo {\n    const PRIVATE: u32 = 0x_a_bad_1dea_u32; // This const is private, so we\n                                            // can't use it outside of the\n                                            // `foo` module.\n}\n\nprintln!(\"const value: {}\", foo::PRIVATE); // error: constant `PRIVATE`\n                                                  //        is private\n```\n\nIn order to fix this error, you need to make the item public by using the `pub`\nkeyword. Example:\n\n```\nmod foo {\n    pub const PRIVATE: u32 = 0x_a_bad_1dea_u32; // We set it public by using the\n                                                // `pub` keyword.\n}\n\nprintln!(\"const value: {}\", foo::PRIVATE); // ok!\n```\n"},"level":"error","message":"module `input` is private","spans":[{"byte_end":615,"byte_start":610,"column_end":24,"column_start":19,"expansion":null,"file_name":"gameplay_ui/src/ui/controls_ui.rs","is_primary":true,"label":"private module","line_end":14,"line_start":14,"suggested_replacement":null,"suggestion_applicability":null,"text":[{"highlight_end":24,"highlight_start":19,"text":"use gameplay_sim::input::input_config::{InputConfig, InputAction};"}]},{"byte_end":629,"byte_start":617,"column_end":38,"column_start":26,"expansion":null,"file_name":"gameplay_ui/src/ui/controls_ui.rs","is_primary":false,"label":"module `input_config` is not publicly re-exported","line_end":14,"line_start":14,"suggested_replacement":null,"suggestion_applicability":null,"text":[{"highlight_end":38,"highlight_start":26,"text":"use gameplay_sim::input::input_config::{InputConfig, InputAction};"}]}]}}
{"reason":"compiler-message","package_id":"path+file:///Users/bradyjeong/Documents/Projects/Amp/gta4/gta_game/gameplay_ui#0.1.0","manifest_path":"/Users/bradyjeong/Documents/Projects/Amp/gta4/gta_game/gameplay_ui/Cargo.toml","target":{"kind":["lib"],"crate_types":["lib"],"name":"gameplay_ui","src_path":"/Users/bradyjeong/Documents/Projects/Amp/gta4/gta_game/gameplay_ui/src/lib.rs","edition":"2021","doc":true,"doctest":true,"test":true},"message":{"rendered":"warning: ambiguous glob re-exports\n  --> gameplay_ui/src/prelude.rs:4:9\n   |\n4  | pub use game_core::prelude::*;\n   |         ^^^^^^^^^^^^^^^^^^^^^ the name `TimingService` in the type namespace is first re-exported here\n...\n13 | pub use crate::timing_service::*;\n   |         ------------------------ but the name `TimingService` in the type namespace is also re-exported here\n   |\n   = note: `#[warn(ambiguous_glob_reexports)]` on by default\n\n","$message_type":"diagnostic","children":[{"children":[],"code":null,"level":"note","message":"`#[warn(ambiguous_glob_reexports)]` on by default","rendered":null,"spans":[]}],"code":{"code":"ambiguous_glob_reexports","explanation":null},"level":"warning","message":"ambiguous glob re-exports","spans":[{"byte_end":118,"byte_start":97,"column_end":30,"column_start":9,"expansion":null,"file_name":"gameplay_ui/src/prelude.rs","is_primary":true,"label":"the name `TimingService` in the type namespace is first re-exported here","line_end":4,"line_start":4,"suggested_replacement":null,"suggestion_applicability":null,"text":[{"highlight_end":30,"highlight_start":9,"text":"pub use game_core::prelude::*;"}]},{"byte_end":343,"byte_start":319,"column_end":33,"column_start":9,"expansion":null,"file_name":"gameplay_ui/src/prelude.rs","is_primary":false,"label":"but the name `TimingService` in the type namespace is also re-exported here","line_end":13,"line_start":13,"suggested_replacement":null,"suggestion_applicability":null,"text":[{"highlight_end":33,"highlight_start":9,"text":"pub use crate::timing_service::*;"}]}]}}
{"reason":"compiler-message","package_id":"path+file:///Users/bradyjeong/Documents/Projects/Amp/gta4/gta_game/gameplay_ui#0.1.0","manifest_path":"/Users/bradyjeong/Documents/Projects/Amp/gta4/gta_game/gameplay_ui/Cargo.toml","target":{"kind":["lib"],"crate_types":["lib"],"name":"gameplay_ui","src_path":"/Users/bradyjeong/Documents/Projects/Amp/gta4/gta_game/gameplay_ui/src/lib.rs","edition":"2021","doc":true,"doctest":true,"test":true},"message":{"rendered":"warning: ambiguous glob re-exports\n  --> gameplay_ui/src/prelude.rs:4:9\n   |\n4  | pub use game_core::prelude::*;\n   |         ^^^^^^^^^^^^^^^^^^^^^ the name `EntityTimer` in the type namespace is first re-exported here\n...\n13 | pub use crate::timing_service::*;\n   |         ------------------------ but the name `EntityTimer` in the type namespace is also re-exported here\n\n","$message_type":"diagnostic","children":[],"code":{"code":"ambiguous_glob_reexports","explanation":null},"level":"warning","message":"ambiguous glob re-exports","spans":[{"byte_end":118,"byte_start":97,"column_end":30,"column_start":9,"expansion":null,"file_name":"gameplay_ui/src/prelude.rs","is_primary":true,"label":"the name `EntityTimer` in the type namespace is first re-exported here","line_end":4,"line_start":4,"suggested_replacement":null,"suggestion_applicability":null,"text":[{"highlight_end":30,"highlight_start":9,"text":"pub use game_core::prelude::*;"}]},{"byte_end":343,"byte_start":319,"column_end":33,"column_start":9,"expansion":null,"file_name":"gameplay_ui/src/prelude.rs","is_primary":false,"label":"but the name `EntityTimer` in the type namespace is also re-exported here","line_end":13,"line_start":13,"suggested_replacement":null,"suggestion_applicability":null,"text":[{"highlight_end":33,"highlight_start":9,"text":"pub use crate::timing_service::*;"}]}]}}
{"reason":"compiler-message","package_id":"path+file:///Users/bradyjeong/Documents/Projects/Amp/gta4/gta_game/gameplay_ui#0.1.0","manifest_path":"/Users/bradyjeong/Documents/Projects/Amp/gta4/gta_game/gameplay_ui/Cargo.toml","target":{"kind":["lib"],"crate_types":["lib"],"name":"gameplay_ui","src_path":"/Users/bradyjeong/Documents/Projects/Amp/gta4/gta_game/gameplay_ui/src/lib.rs","edition":"2021","doc":true,"doctest":true,"test":true},"message":{"rendered":"warning: ambiguous glob re-exports\n  --> gameplay_ui/src/prelude.rs:4:9\n   |\n4  | pub use game_core::prelude::*;\n   |         ^^^^^^^^^^^^^^^^^^^^^ the name `EntityTimerType` in the type namespace is first re-exported here\n...\n13 | pub use crate::timing_service::*;\n   |         ------------------------ but the name `EntityTimerType` in the type namespace is also re-exported here\n\n","$message_type":"diagnostic","children":[],"code":{"code":"ambiguous_glob_reexports","explanation":null},"level":"warning","message":"ambiguous glob re-exports","spans":[{"byte_end":118,"byte_start":97,"column_end":30,"column_start":9,"expansion":null,"file_name":"gameplay_ui/src/prelude.rs","is_primary":true,"label":"the name `EntityTimerType` in the type namespace is first re-exported here","line_end":4,"line_start":4,"suggested_replacement":null,"suggestion_applicability":null,"text":[{"highlight_end":30,"highlight_start":9,"text":"pub use game_core::prelude::*;"}]},{"byte_end":343,"byte_start":319,"column_end":33,"column_start":9,"expansion":null,"file_name":"gameplay_ui/src/prelude.rs","is_primary":false,"label":"but the name `EntityTimerType` in the type namespace is also re-exported here","line_end":13,"line_start":13,"suggested_replacement":null,"suggestion_applicability":null,"text":[{"highlight_end":33,"highlight_start":9,"text":"pub use crate::timing_service::*;"}]}]}}
{"reason":"compiler-message","package_id":"path+file:///Users/bradyjeong/Documents/Projects/Amp/gta4/gta_game/gameplay_ui#0.1.0","manifest_path":"/Users/bradyjeong/Documents/Projects/Amp/gta4/gta_game/gameplay_ui/Cargo.toml","target":{"kind":["lib"],"crate_types":["lib"],"name":"gameplay_ui","src_path":"/Users/bradyjeong/Documents/Projects/Amp/gta4/gta_game/gameplay_ui/src/lib.rs","edition":"2021","doc":true,"doctest":true,"test":true},"message":{"rendered":"warning: ambiguous glob re-exports\n  --> gameplay_ui/src/prelude.rs:4:9\n   |\n4  | pub use game_core::prelude::*;\n   |         ^^^^^^^^^^^^^^^^^^^^^ the name `SystemType` in the type namespace is first re-exported here\n...\n13 | pub use crate::timing_service::*;\n   |         ------------------------ but the name `SystemType` in the type namespace is also re-exported here\n\n","$message_type":"diagnostic","children":[],"code":{"code":"ambiguous_glob_reexports","explanation":null},"level":"warning","message":"ambiguous glob re-exports","spans":[{"byte_end":118,"byte_start":97,"column_end":30,"column_start":9,"expansion":null,"file_name":"gameplay_ui/src/prelude.rs","is_primary":true,"label":"the name `SystemType` in the type namespace is first re-exported here","line_end":4,"line_start":4,"suggested_replacement":null,"suggestion_applicability":null,"text":[{"highlight_end":30,"highlight_start":9,"text":"pub use game_core::prelude::*;"}]},{"byte_end":343,"byte_start":319,"column_end":33,"column_start":9,"expansion":null,"file_name":"gameplay_ui/src/prelude.rs","is_primary":false,"label":"but the name `SystemType` in the type namespace is also re-exported here","line_end":13,"line_start":13,"suggested_replacement":null,"suggestion_applicability":null,"text":[{"highlight_end":33,"highlight_start":9,"text":"pub use crate::timing_service::*;"}]}]}}
{"reason":"compiler-message","package_id":"path+file:///Users/bradyjeong/Documents/Projects/Amp/gta4/gta_game/gameplay_ui#0.1.0","manifest_path":"/Users/bradyjeong/Documents/Projects/Amp/gta4/gta_game/gameplay_ui/Cargo.toml","target":{"kind":["lib"],"crate_types":["lib"],"name":"gameplay_ui","src_path":"/Users/bradyjeong/Documents/Projects/Amp/gta4/gta_game/gameplay_ui/src/lib.rs","edition":"2021","doc":true,"doctest":true,"test":true},"message":{"rendered":"warning: unexpected `cfg` condition value: `debug-timing`\n   --> gameplay_ui/src/timing_service.rs:170:17\n    |\n170 |         if cfg!(feature = \"debug-timing\") {\n    |                 ^^^^^^^^^^^^^^^^^^^^^^^^ help: remove the condition\n    |\n    = note: no expected values for `feature`\n    = help: consider adding `debug-timing` as a feature in `Cargo.toml`\n    = note: see <https://doc.rust-lang.org/nightly/rustc/check-cfg/cargo-specifics.html> for more information about checking conditional configuration\n    = note: `#[warn(unexpected_cfgs)]` on by default\n\n","$message_type":"diagnostic","children":[{"children":[],"code":null,"level":"note","message":"no expected values for `feature`","rendered":null,"spans":[]},{"children":[],"code":null,"level":"help","message":"consider adding `debug-timing` as a feature in `Cargo.toml`","rendered":null,"spans":[]},{"children":[],"code":null,"level":"note","message":"see <https://doc.rust-lang.org/nightly/rustc/check-cfg/cargo-specifics.html> for more information about checking conditional configuration","rendered":null,"spans":[]},{"children":[],"code":null,"level":"note","message":"`#[warn(unexpected_cfgs)]` on by default","rendered":null,"spans":[]},{"children":[],"code":null,"level":"help","message":"remove the condition","rendered":null,"spans":[{"byte_end":5531,"byte_start":5507,"column_end":41,"column_start":17,"expansion":null,"file_name":"gameplay_ui/src/timing_service.rs","is_primary":true,"label":null,"line_end":170,"line_start":170,"suggested_replacement":"","suggestion_applicability":"MaybeIncorrect","text":[{"highlight_end":41,"highlight_start":17,"text":"        if cfg!(feature = \"debug-timing\") {"}]}]}],"code":{"code":"unexpected_cfgs","explanation":null},"level":"warning","message":"unexpected `cfg` condition value: `debug-timing`","spans":[{"byte_end":5531,"byte_start":5507,"column_end":41,"column_start":17,"expansion":null,"file_name":"gameplay_ui/src/timing_service.rs","is_primary":true,"label":null,"line_end":170,"line_start":170,"suggested_replacement":null,"suggestion_applicability":null,"text":[{"highlight_end":41,"highlight_start":17,"text":"        if cfg!(feature = \"debug-timing\") {"}]}]}}
{"reason":"compiler-message","package_id":"path+file:///Users/bradyjeong/Documents/Projects/Amp/gta4/gta_game/gameplay_ui#0.1.0","manifest_path":"/Users/bradyjeong/Documents/Projects/Amp/gta4/gta_game/gameplay_ui/Cargo.toml","target":{"kind":["lib"],"crate_types":["lib"],"name":"gameplay_ui","src_path":"/Users/bradyjeong/Documents/Projects/Amp/gta4/gta_game/gameplay_ui/src/lib.rs","edition":"2021","doc":true,"doctest":true,"test":true},"message":{"rendered":"error[E0603]: module `input` is private\n  --> gameplay_ui/src/ui/controls_ui.rs:14:19\n   |\n14 | use gameplay_sim::input::input_config::{InputConfig, InputAction};\n   |                   ^^^^^ private module               ----------- enum `InputAction` is not publicly re-exported\n   |\nnote: the module `input` is defined here\n  --> /Users/bradyjeong/Documents/Projects/Amp/gta4/gta_game/gameplay_sim/src/lib.rs:22:1\n   |\n22 | pub(crate) mod input;\n   | ^^^^^^^^^^^^^^^^^^^^\n\n","$message_type":"diagnostic","children":[{"children":[],"code":null,"level":"note","message":"the module `input` is defined here","rendered":null,"spans":[{"byte_end":566,"byte_start":546,"column_end":21,"column_start":1,"expansion":null,"file_name":"/Users/bradyjeong/Documents/Projects/Amp/gta4/gta_game/gameplay_sim/src/lib.rs","is_primary":true,"label":null,"line_end":22,"line_start":22,"suggested_replacement":null,"suggestion_applicability":null,"text":[{"highlight_end":21,"highlight_start":1,"text":"pub(crate) mod input;"}]}]}],"code":{"code":"E0603","explanation":"A private item was used outside its scope.\n\nErroneous code example:\n\n```compile_fail,E0603\nmod foo {\n    const PRIVATE: u32 = 0x_a_bad_1dea_u32; // This const is private, so we\n                                            // can't use it outside of the\n                                            // `foo` module.\n}\n\nprintln!(\"const value: {}\", foo::PRIVATE); // error: constant `PRIVATE`\n                                                  //        is private\n```\n\nIn order to fix this error, you need to make the item public by using the `pub`\nkeyword. Example:\n\n```\nmod foo {\n    pub const PRIVATE: u32 = 0x_a_bad_1dea_u32; // We set it public by using the\n                                                // `pub` keyword.\n}\n\nprintln!(\"const value: {}\", foo::PRIVATE); // ok!\n```\n"},"level":"error","message":"module `input` is private","spans":[{"byte_end":615,"byte_start":610,"column_end":24,"column_start":19,"expansion":null,"file_name":"gameplay_ui/src/ui/controls_ui.rs","is_primary":true,"label":"private module","line_end":14,"line_start":14,"suggested_replacement":null,"suggestion_applicability":null,"text":[{"highlight_end":24,"highlight_start":19,"text":"use gameplay_sim::input::input_config::{InputConfig, InputAction};"}]},{"byte_end":656,"byte_start":645,"column_end":65,"column_start":54,"expansion":null,"file_name":"gameplay_ui/src/ui/controls_ui.rs","is_primary":false,"label":"enum `InputAction` is not publicly re-exported","line_end":14,"line_start":14,"suggested_replacement":null,"suggestion_applicability":null,"text":[{"highlight_end":65,"highlight_start":54,"text":"use gameplay_sim::input::input_config::{InputConfig, InputAction};"}]}]}}
{"reason":"compiler-message","package_id":"path+file:///Users/bradyjeong/Documents/Projects/Amp/gta4/gta_game/gameplay_ui#0.1.0","manifest_path":"/Users/bradyjeong/Documents/Projects/Amp/gta4/gta_game/gameplay_ui/Cargo.toml","target":{"kind":["lib"],"crate_types":["lib"],"name":"gameplay_ui","src_path":"/Users/bradyjeong/Documents/Projects/Amp/gta4/gta_game/gameplay_ui/src/lib.rs","edition":"2021","doc":true,"doctest":true,"test":true},"message":{"rendered":"error[E0603]: module `input` is private\n  --> gameplay_ui/src/debug/debug.rs:3:19\n   |\n3  | use gameplay_sim::input::{InputManager, InputConfig, InputAction};\n   |                   ^^^^^ private module\n   |\nnote: the module `input` is defined here\n  --> /Users/bradyjeong/Documents/Projects/Amp/gta4/gta_game/gameplay_sim/src/lib.rs:22:1\n   |\n22 | pub(crate) mod input;\n   | ^^^^^^^^^^^^^^^^^^^^\n\n","$message_type":"diagnostic","children":[{"children":[],"code":null,"level":"note","message":"the module `input` is defined here","rendered":null,"spans":[{"byte_end":566,"byte_start":546,"column_end":21,"column_start":1,"expansion":null,"file_name":"/Users/bradyjeong/Documents/Projects/Amp/gta4/gta_game/gameplay_sim/src/lib.rs","is_primary":true,"label":null,"line_end":22,"line_start":22,"suggested_replacement":null,"suggestion_applicability":null,"text":[{"highlight_end":21,"highlight_start":1,"text":"pub(crate) mod input;"}]}]}],"code":{"code":"E0603","explanation":"A private item was used outside its scope.\n\nErroneous code example:\n\n```compile_fail,E0603\nmod foo {\n    const PRIVATE: u32 = 0x_a_bad_1dea_u32; // This const is private, so we\n                                            // can't use it outside of the\n                                            // `foo` module.\n}\n\nprintln!(\"const value: {}\", foo::PRIVATE); // error: constant `PRIVATE`\n                                                  //        is private\n```\n\nIn order to fix this error, you need to make the item public by using the `pub`\nkeyword. Example:\n\n```\nmod foo {\n    pub const PRIVATE: u32 = 0x_a_bad_1dea_u32; // We set it public by using the\n                                                // `pub` keyword.\n}\n\nprintln!(\"const value: {}\", foo::PRIVATE); // ok!\n```\n"},"level":"error","message":"module `input` is private","spans":[{"byte_end":72,"byte_start":67,"column_end":24,"column_start":19,"expansion":null,"file_name":"gameplay_ui/src/debug/debug.rs","is_primary":true,"label":"private module","line_end":3,"line_start":3,"suggested_replacement":null,"suggestion_applicability":null,"text":[{"highlight_end":24,"highlight_start":19,"text":"use gameplay_sim::input::{InputManager, InputConfig, InputAction};"}]}]}}
{"reason":"compiler-message","package_id":"path+file:///Users/bradyjeong/Documents/Projects/Amp/gta4/gta_game/gameplay_ui#0.1.0","manifest_path":"/Users/bradyjeong/Documents/Projects/Amp/gta4/gta_game/gameplay_ui/Cargo.toml","target":{"kind":["lib"],"crate_types":["lib"],"name":"gameplay_ui","src_path":"/Users/bradyjeong/Documents/Projects/Amp/gta4/gta_game/gameplay_ui/src/lib.rs","edition":"2021","doc":true,"doctest":true,"test":true},"message":{"rendered":"error[E0603]: module `input` is private\n  --> gameplay_ui/src/debug/debug.rs:3:19\n   |\n3  | use gameplay_sim::input::{InputManager, InputConfig, InputAction};\n   |                   ^^^^^ private module               ----------- enum `InputAction` is not publicly re-exported\n   |\nnote: the module `input` is defined here\n  --> /Users/bradyjeong/Documents/Projects/Amp/gta4/gta_game/gameplay_sim/src/lib.rs:22:1\n   |\n22 | pub(crate) mod input;\n   | ^^^^^^^^^^^^^^^^^^^^\n\n","$message_type":"diagnostic","children":[{"children":[],"code":null,"level":"note","message":"the module `input` is defined here","rendered":null,"spans":[{"byte_end":566,"byte_start":546,"column_end":21,"column_start":1,"expansion":null,"file_name":"/Users/bradyjeong/Documents/Projects/Amp/gta4/gta_game/gameplay_sim/src/lib.rs","is_primary":true,"label":null,"line_end":22,"line_start":22,"suggested_replacement":null,"suggestion_applicability":null,"text":[{"highlight_end":21,"highlight_start":1,"text":"pub(crate) mod input;"}]}]}],"code":{"code":"E0603","explanation":"A private item was used outside its scope.\n\nErroneous code example:\n\n```compile_fail,E0603\nmod foo {\n    const PRIVATE: u32 = 0x_a_bad_1dea_u32; // This const is private, so we\n                                            // can't use it outside of the\n                                            // `foo` module.\n}\n\nprintln!(\"const value: {}\", foo::PRIVATE); // error: constant `PRIVATE`\n                                                  //        is private\n```\n\nIn order to fix this error, you need to make the item public by using the `pub`\nkeyword. Example:\n\n```\nmod foo {\n    pub const PRIVATE: u32 = 0x_a_bad_1dea_u32; // We set it public by using the\n                                                // `pub` keyword.\n}\n\nprintln!(\"const value: {}\", foo::PRIVATE); // ok!\n```\n"},"level":"error","message":"module `input` is private","spans":[{"byte_end":72,"byte_start":67,"column_end":24,"column_start":19,"expansion":null,"file_name":"gameplay_ui/src/debug/debug.rs","is_primary":true,"label":"private module","line_end":3,"line_start":3,"suggested_replacement":null,"suggestion_applicability":null,"text":[{"highlight_end":24,"highlight_start":19,"text":"use gameplay_sim::input::{InputManager, InputConfig, InputAction};"}]},{"byte_end":113,"byte_start":102,"column_end":65,"column_start":54,"expansion":null,"file_name":"gameplay_ui/src/debug/debug.rs","is_primary":false,"label":"enum `InputAction` is not publicly re-exported","line_end":3,"line_start":3,"suggested_replacement":null,"suggestion_applicability":null,"text":[{"highlight_end":65,"highlight_start":54,"text":"use gameplay_sim::input::{InputManager, InputConfig, InputAction};"}]}]}}
{"reason":"compiler-message","package_id":"path+file:///Users/bradyjeong/Documents/Projects/Amp/gta4/gta_game/gameplay_ui#0.1.0","manifest_path":"/Users/bradyjeong/Documents/Projects/Amp/gta4/gta_game/gameplay_ui/Cargo.toml","target":{"kind":["lib"],"crate_types":["lib"],"name":"gameplay_ui","src_path":"/Users/bradyjeong/Documents/Projects/Amp/gta4/gta_game/gameplay_ui/src/lib.rs","edition":"2021","doc":true,"doctest":true,"test":true},"message":{"rendered":"warning: ambiguous glob re-exports\n  --> gameplay_ui/src/prelude.rs:4:9\n   |\n4  | pub use game_core::prelude::*;\n   |         ^^^^^^^^^^^^^^^^^^^^^ the name `TimingService` in the type namespace is first re-exported here\n...\n13 | pub use crate::timing_service::*;\n   |         ------------------------ but the name `TimingService` in the type namespace is also re-exported here\n   |\n   = note: `#[warn(ambiguous_glob_reexports)]` on by default\n\n","$message_type":"diagnostic","children":[{"children":[],"code":null,"level":"note","message":"`#[warn(ambiguous_glob_reexports)]` on by default","rendered":null,"spans":[]}],"code":{"code":"ambiguous_glob_reexports","explanation":null},"level":"warning","message":"ambiguous glob re-exports","spans":[{"byte_end":118,"byte_start":97,"column_end":30,"column_start":9,"expansion":null,"file_name":"gameplay_ui/src/prelude.rs","is_primary":true,"label":"the name `TimingService` in the type namespace is first re-exported here","line_end":4,"line_start":4,"suggested_replacement":null,"suggestion_applicability":null,"text":[{"highlight_end":30,"highlight_start":9,"text":"pub use game_core::prelude::*;"}]},{"byte_end":343,"byte_start":319,"column_end":33,"column_start":9,"expansion":null,"file_name":"gameplay_ui/src/prelude.rs","is_primary":false,"label":"but the name `TimingService` in the type namespace is also re-exported here","line_end":13,"line_start":13,"suggested_replacement":null,"suggestion_applicability":null,"text":[{"highlight_end":33,"highlight_start":9,"text":"pub use crate::timing_service::*;"}]}]}}
{"reason":"compiler-message","package_id":"path+file:///Users/bradyjeong/Documents/Projects/Amp/gta4/gta_game/gameplay_ui#0.1.0","manifest_path":"/Users/bradyjeong/Documents/Projects/Amp/gta4/gta_game/gameplay_ui/Cargo.toml","target":{"kind":["lib"],"crate_types":["lib"],"name":"gameplay_ui","src_path":"/Users/bradyjeong/Documents/Projects/Amp/gta4/gta_game/gameplay_ui/src/lib.rs","edition":"2021","doc":true,"doctest":true,"test":true},"message":{"rendered":"warning: ambiguous glob re-exports\n  --> gameplay_ui/src/prelude.rs:4:9\n   |\n4  | pub use game_core::prelude::*;\n   |         ^^^^^^^^^^^^^^^^^^^^^ the name `EntityTimer` in the type namespace is first re-exported here\n...\n13 | pub use crate::timing_service::*;\n   |         ------------------------ but the name `EntityTimer` in the type namespace is also re-exported here\n\n","$message_type":"diagnostic","children":[],"code":{"code":"ambiguous_glob_reexports","explanation":null},"level":"warning","message":"ambiguous glob re-exports","spans":[{"byte_end":118,"byte_start":97,"column_end":30,"column_start":9,"expansion":null,"file_name":"gameplay_ui/src/prelude.rs","is_primary":true,"label":"the name `EntityTimer` in the type namespace is first re-exported here","line_end":4,"line_start":4,"suggested_replacement":null,"suggestion_applicability":null,"text":[{"highlight_end":30,"highlight_start":9,"text":"pub use game_core::prelude::*;"}]},{"byte_end":343,"byte_start":319,"column_end":33,"column_start":9,"expansion":null,"file_name":"gameplay_ui/src/prelude.rs","is_primary":false,"label":"but the name `EntityTimer` in the type namespace is also re-exported here","line_end":13,"line_start":13,"suggested_replacement":null,"suggestion_applicability":null,"text":[{"highlight_end":33,"highlight_start":9,"text":"pub use crate::timing_service::*;"}]}]}}
{"reason":"compiler-message","package_id":"path+file:///Users/bradyjeong/Documents/Projects/Amp/gta4/gta_game/gameplay_ui#0.1.0","manifest_path":"/Users/bradyjeong/Documents/Projects/Amp/gta4/gta_game/gameplay_ui/Cargo.toml","target":{"kind":["lib"],"crate_types":["lib"],"name":"gameplay_ui","src_path":"/Users/bradyjeong/Documents/Projects/Amp/gta4/gta_game/gameplay_ui/src/lib.rs","edition":"2021","doc":true,"doctest":true,"test":true},"message":{"rendered":"warning: ambiguous glob re-exports\n  --> gameplay_ui/src/prelude.rs:4:9\n   |\n4  | pub use game_core::prelude::*;\n   |         ^^^^^^^^^^^^^^^^^^^^^ the name `EntityTimerType` in the type namespace is first re-exported here\n...\n13 | pub use crate::timing_service::*;\n   |         ------------------------ but the name `EntityTimerType` in the type namespace is also re-exported here\n\n","$message_type":"diagnostic","children":[],"code":{"code":"ambiguous_glob_reexports","explanation":null},"level":"warning","message":"ambiguous glob re-exports","spans":[{"byte_end":118,"byte_start":97,"column_end":30,"column_start":9,"expansion":null,"file_name":"gameplay_ui/src/prelude.rs","is_primary":true,"label":"the name `EntityTimerType` in the type namespace is first re-exported here","line_end":4,"line_start":4,"suggested_replacement":null,"suggestion_applicability":null,"text":[{"highlight_end":30,"highlight_start":9,"text":"pub use game_core::prelude::*;"}]},{"byte_end":343,"byte_start":319,"column_end":33,"column_start":9,"expansion":null,"file_name":"gameplay_ui/src/prelude.rs","is_primary":false,"label":"but the name `EntityTimerType` in the type namespace is also re-exported here","line_end":13,"line_start":13,"suggested_replacement":null,"suggestion_applicability":null,"text":[{"highlight_end":33,"highlight_start":9,"text":"pub use crate::timing_service::*;"}]}]}}
{"reason":"compiler-message","package_id":"path+file:///Users/bradyjeong/Documents/Projects/Amp/gta4/gta_game/gameplay_ui#0.1.0","manifest_path":"/Users/bradyjeong/Documents/Projects/Amp/gta4/gta_game/gameplay_ui/Cargo.toml","target":{"kind":["lib"],"crate_types":["lib"],"name":"gameplay_ui","src_path":"/Users/bradyjeong/Documents/Projects/Amp/gta4/gta_game/gameplay_ui/src/lib.rs","edition":"2021","doc":true,"doctest":true,"test":true},"message":{"rendered":"warning: ambiguous glob re-exports\n  --> gameplay_ui/src/prelude.rs:4:9\n   |\n4  | pub use game_core::prelude::*;\n   |         ^^^^^^^^^^^^^^^^^^^^^ the name `SystemType` in the type namespace is first re-exported here\n...\n13 | pub use crate::timing_service::*;\n   |         ------------------------ but the name `SystemType` in the type namespace is also re-exported here\n\n","$message_type":"diagnostic","children":[],"code":{"code":"ambiguous_glob_reexports","explanation":null},"level":"warning","message":"ambiguous glob re-exports","spans":[{"byte_end":118,"byte_start":97,"column_end":30,"column_start":9,"expansion":null,"file_name":"gameplay_ui/src/prelude.rs","is_primary":true,"label":"the name `SystemType` in the type namespace is first re-exported here","line_end":4,"line_start":4,"suggested_replacement":null,"suggestion_applicability":null,"text":[{"highlight_end":30,"highlight_start":9,"text":"pub use game_core::prelude::*;"}]},{"byte_end":343,"byte_start":319,"column_end":33,"column_start":9,"expansion":null,"file_name":"gameplay_ui/src/prelude.rs","is_primary":false,"label":"but the name `SystemType` in the type namespace is also re-exported here","line_end":13,"line_start":13,"suggested_replacement":null,"suggestion_applicability":null,"text":[{"highlight_end":33,"highlight_start":9,"text":"pub use crate::timing_service::*;"}]}]}}
{"reason":"compiler-message","package_id":"path+file:///Users/bradyjeong/Documents/Projects/Amp/gta4/gta_game/gameplay_ui#0.1.0","manifest_path":"/Users/bradyjeong/Documents/Projects/Amp/gta4/gta_game/gameplay_ui/Cargo.toml","target":{"kind":["lib"],"crate_types":["lib"],"name":"gameplay_ui","src_path":"/Users/bradyjeong/Documents/Projects/Amp/gta4/gta_game/gameplay_ui/src/lib.rs","edition":"2021","doc":true,"doctest":true,"test":true},"message":{"rendered":"warning: unexpected `cfg` condition value: `debug-timing`\n   --> gameplay_ui/src/timing_service.rs:170:17\n    |\n170 |         if cfg!(feature = \"debug-timing\") {\n    |                 ^^^^^^^^^^^^^^^^^^^^^^^^ help: remove the condition\n    |\n    = note: no expected values for `feature`\n    = help: consider adding `debug-timing` as a feature in `Cargo.toml`\n    = note: see <https://doc.rust-lang.org/nightly/rustc/check-cfg/cargo-specifics.html> for more information about checking conditional configuration\n    = note: `#[warn(unexpected_cfgs)]` on by default\n\n","$message_type":"diagnostic","children":[{"children":[],"code":null,"level":"note","message":"no expected values for `feature`","rendered":null,"spans":[]},{"children":[],"code":null,"level":"help","message":"consider adding `debug-timing` as a feature in `Cargo.toml`","rendered":null,"spans":[]},{"children":[],"code":null,"level":"note","message":"see <https://doc.rust-lang.org/nightly/rustc/check-cfg/cargo-specifics.html> for more information about checking conditional configuration","rendered":null,"spans":[]},{"children":[],"code":null,"level":"note","message":"`#[warn(unexpected_cfgs)]` on by default","rendered":null,"spans":[]},{"children":[],"code":null,"level":"help","message":"remove the condition","rendered":null,"spans":[{"byte_end":5531,"byte_start":5507,"column_end":41,"column_start":17,"expansion":null,"file_name":"gameplay_ui/src/timing_service.rs","is_primary":true,"label":null,"line_end":170,"line_start":170,"suggested_replacement":"","suggestion_applicability":"MaybeIncorrect","text":[{"highlight_end":41,"highlight_start":17,"text":"        if cfg!(feature = \"debug-timing\") {"}]}]}],"code":{"code":"unexpected_cfgs","explanation":null},"level":"warning","message":"unexpected `cfg` condition value: `debug-timing`","spans":[{"byte_end":5531,"byte_start":5507,"column_end":41,"column_start":17,"expansion":null,"file_name":"gameplay_ui/src/timing_service.rs","is_primary":true,"label":null,"line_end":170,"line_start":170,"suggested_replacement":null,"suggestion_applicability":null,"text":[{"highlight_end":41,"highlight_start":17,"text":"        if cfg!(feature = \"debug-timing\") {"}]}]}}
{"reason":"compiler-message","package_id":"path+file:///Users/bradyjeong/Documents/Projects/Amp/gta4/gta_game/gameplay_ui#0.1.0","manifest_path":"/Users/bradyjeong/Documents/Projects/Amp/gta4/gta_game/gameplay_ui/Cargo.toml","target":{"kind":["lib"],"crate_types":["lib"],"name":"gameplay_ui","src_path":"/Users/bradyjeong/Documents/Projects/Amp/gta4/gta_game/gameplay_ui/src/lib.rs","edition":"2021","doc":true,"doctest":true,"test":true},"message":{"rendered":"Some errors have detailed explanations: E0432, E0433, E0603.\n","$message_type":"diagnostic","children":[],"code":null,"level":"failure-note","message":"Some errors have detailed explanations: E0432, E0433, E0603.","spans":[]}}
{"reason":"compiler-message","package_id":"path+file:///Users/bradyjeong/Documents/Projects/Amp/gta4/gta_game/gameplay_ui#0.1.0","manifest_path":"/Users/bradyjeong/Documents/Projects/Amp/gta4/gta_game/gameplay_ui/Cargo.toml","target":{"kind":["lib"],"crate_types":["lib"],"name":"gameplay_ui","src_path":"/Users/bradyjeong/Documents/Projects/Amp/gta4/gta_game/gameplay_ui/src/lib.rs","edition":"2021","doc":true,"doctest":true,"test":true},"message":{"rendered":"For more information about an error, try `rustc --explain E0432`.\n","$message_type":"diagnostic","children":[],"code":null,"level":"failure-note","message":"For more information about an error, try `rustc --explain E0432`.","spans":[]}}
error: could not compile `gameplay_ui` (lib) due to 44 previous errors; 5 warnings emitted
{"reason":"compiler-message","package_id":"path+file:///Users/bradyjeong/Documents/Projects/Amp/gta4/gta_game/gameplay_ui#0.1.0","manifest_path":"/Users/bradyjeong/Documents/Projects/Amp/gta4/gta_game/gameplay_ui/Cargo.toml","target":{"kind":["lib"],"crate_types":["lib"],"name":"gameplay_ui","src_path":"/Users/bradyjeong/Documents/Projects/Amp/gta4/gta_game/gameplay_ui/src/lib.rs","edition":"2021","doc":true,"doctest":true,"test":true},"message":{"rendered":"Some errors have detailed explanations: E0432, E0433, E0603.\n","$message_type":"diagnostic","children":[],"code":null,"level":"failure-note","message":"Some errors have detailed explanations: E0432, E0433, E0603.","spans":[]}}
{"reason":"compiler-message","package_id":"path+file:///Users/bradyjeong/Documents/Projects/Amp/gta4/gta_game/gameplay_ui#0.1.0","manifest_path":"/Users/bradyjeong/Documents/Projects/Amp/gta4/gta_game/gameplay_ui/Cargo.toml","target":{"kind":["lib"],"crate_types":["lib"],"name":"gameplay_ui","src_path":"/Users/bradyjeong/Documents/Projects/Amp/gta4/gta_game/gameplay_ui/src/lib.rs","edition":"2021","doc":true,"doctest":true,"test":true},"message":{"rendered":"For more information about an error, try `rustc --explain E0432`.\n","$message_type":"diagnostic","children":[],"code":null,"level":"failure-note","message":"For more information about an error, try `rustc --explain E0432`.","spans":[]}}
error: could not compile `gameplay_ui` (lib test) due to 46 previous errors; 5 warnings emitted
{"reason":"build-finished","success":false}
